Java HotSpot(TM) 64-Bit Server VM (25.251-b08) for windows-amd64 JRE (1.8.0_251-b08), built on Mar 12 2020 06:31:49 by "" with MS VC++ 10.0 (VS2010)
Memory: 4k page, physical 8267176k(2776180k free), swap 14034344k(5871216k free)
CommandLine flags: -XX:CMSInitiatingOccupancyFraction=50 -XX:CMSMaxAbortablePrecleanTime=6000 -XX:+CMSParallelRemarkEnabled -XX:+CMSScavengeBeforeRemark -XX:ConcGCThreads=4 -XX:GCLogFileSize=20971520 -XX:InitialHeapSize=536870912 -XX:MaxHeapSize=536870912 -XX:MaxTenuringThreshold=8 -XX:NewRatio=3 -XX:NumberOfGCLogFiles=9 -XX:OldPLABSize=16 -XX:-OmitStackTraceInFastThrow -XX:ParallelGCThreads=4 -XX:+ParallelRefProcEnabled -XX:PretenureSizeThreshold=67108864 -XX:+PrintGC -XX:+PrintGCApplicationStoppedTime -XX:+PrintGCDateStamps -XX:+PrintGCDetails -XX:+PrintGCTimeStamps -XX:+PrintHeapAtGC -XX:+PrintTenuringDistribution -XX:SurvivorRatio=4 -XX:TargetSurvivorRatio=90 -XX:ThreadStackSize=256 -XX:+UseCMSInitiatingOccupancyOnly -XX:+UseCompressedClassPointers -XX:+UseCompressedOops -XX:+UseConcMarkSweepGC -XX:+UseGCLogFileRotation -XX:-UseLargePagesIndividualAllocation -XX:+UseParNewGC 
2020-05-19T10:37:24.158+0000: 1.098: Total time for which application threads were stopped: 0.0035146 seconds, Stopping threads took: 0.0000209 seconds
2020-05-19T10:37:24.269+0000: 1.206: Total time for which application threads were stopped: 0.0003589 seconds, Stopping threads took: 0.0000183 seconds
2020-05-19T10:37:25.269+0000: 2.206: Total time for which application threads were stopped: 0.0000740 seconds, Stopping threads took: 0.0000207 seconds
2020-05-19T10:37:26.269+0000: 3.206: Total time for which application threads were stopped: 0.0000631 seconds, Stopping threads took: 0.0000240 seconds
2020-05-19T10:37:27.234+0000: 4.170: Total time for which application threads were stopped: 0.0000988 seconds, Stopping threads took: 0.0000269 seconds
2020-05-19T10:37:27.373+0000: 4.310: Total time for which application threads were stopped: 0.0001323 seconds, Stopping threads took: 0.0000188 seconds
2020-05-19T10:37:28.374+0000: 5.311: Total time for which application threads were stopped: 0.0001941 seconds, Stopping threads took: 0.0000786 seconds
2020-05-19T10:37:29.375+0000: 6.312: Total time for which application threads were stopped: 0.0000718 seconds, Stopping threads took: 0.0000233 seconds
2020-05-19T10:37:31.113+0000: 8.050: Total time for which application threads were stopped: 0.0001078 seconds, Stopping threads took: 0.0000164 seconds
2020-05-19T10:37:31.600+0000: 8.537: Total time for which application threads were stopped: 0.0001360 seconds, Stopping threads took: 0.0000226 seconds
2020-05-19T10:37:32.384+0000: 9.321: Total time for which application threads were stopped: 0.0002058 seconds, Stopping threads took: 0.0000236 seconds
2020-05-19T10:37:33.385+0000: 10.321: Total time for which application threads were stopped: 0.0002389 seconds, Stopping threads took: 0.0001664 seconds
2020-05-19T10:37:34.385+0000: 11.322: Total time for which application threads were stopped: 0.0001354 seconds, Stopping threads took: 0.0000300 seconds
2020-05-19T10:37:34.459+0000: 11.396: Total time for which application threads were stopped: 0.0000743 seconds, Stopping threads took: 0.0000212 seconds
2020-05-19T10:37:34.459+0000: 11.396: Total time for which application threads were stopped: 0.0000738 seconds, Stopping threads took: 0.0000262 seconds
2020-05-19T10:37:34.459+0000: 11.397: Total time for which application threads were stopped: 0.0000761 seconds, Stopping threads took: 0.0000191 seconds
2020-05-19T10:37:34.460+0000: 11.397: Total time for which application threads were stopped: 0.0000657 seconds, Stopping threads took: 0.0000156 seconds
2020-05-19T10:37:34.464+0000: 11.401: Total time for which application threads were stopped: 0.0001778 seconds, Stopping threads took: 0.0000213 seconds
2020-05-19T10:37:34.474+0000: 11.412: Total time for which application threads were stopped: 0.0002147 seconds, Stopping threads took: 0.0000225 seconds
2020-05-19T10:37:34.668+0000: 11.606: Total time for which application threads were stopped: 0.0003043 seconds, Stopping threads took: 0.0000295 seconds
2020-05-19T10:37:35.553+0000: 12.490: Total time for which application threads were stopped: 0.0002399 seconds, Stopping threads took: 0.0000223 seconds
{Heap before GC invocations=0 (full 0):
 par new generation   total 109248K, used 87424K [0x00000000e0000000, 0x00000000e8000000, 0x00000000e8000000)
  eden space 87424K, 100% used [0x00000000e0000000, 0x00000000e5560000, 0x00000000e5560000)
  from space 21824K,   0% used [0x00000000e5560000, 0x00000000e5560000, 0x00000000e6ab0000)
  to   space 21824K,   0% used [0x00000000e6ab0000, 0x00000000e6ab0000, 0x00000000e8000000)
 concurrent mark-sweep generation total 393216K, used 0K [0x00000000e8000000, 0x0000000100000000, 0x0000000100000000)
 Metaspace       used 17689K, capacity 18054K, committed 18176K, reserved 1064960K
  class space    used 2175K, capacity 2285K, committed 2304K, reserved 1048576K
2020-05-19T10:37:35.594+0000: 12.531: [GC (Allocation Failure) 2020-05-19T10:37:35.615+0000: 12.553: [ParNew
Desired survivor size 20112992 bytes, new threshold 8 (max 8)
- age   1:   12005256 bytes,   12005256 total
: 87424K->11835K(109248K), 0.0231430 secs] 87424K->11835K(502464K), 0.0449329 secs] [Times: user=0.05 sys=0.01, real=0.04 secs] 
Heap after GC invocations=1 (full 0):
 par new generation   total 109248K, used 11835K [0x00000000e0000000, 0x00000000e8000000, 0x00000000e8000000)
  eden space 87424K,   0% used [0x00000000e0000000, 0x00000000e0000000, 0x00000000e5560000)
  from space 21824K,  54% used [0x00000000e6ab0000, 0x00000000e763ec40, 0x00000000e8000000)
  to   space 21824K,   0% used [0x00000000e5560000, 0x00000000e5560000, 0x00000000e6ab0000)
 concurrent mark-sweep generation total 393216K, used 0K [0x00000000e8000000, 0x0000000100000000, 0x0000000100000000)
 Metaspace       used 17689K, capacity 18054K, committed 18176K, reserved 1064960K
  class space    used 2175K, capacity 2285K, committed 2304K, reserved 1048576K
}
2020-05-19T10:37:35.639+0000: 12.576: Total time for which application threads were stopped: 0.0452290 seconds, Stopping threads took: 0.0000831 seconds
2020-05-19T10:37:35.643+0000: 12.580: Total time for which application threads were stopped: 0.0001588 seconds, Stopping threads took: 0.0000686 seconds
2020-05-19T10:37:35.643+0000: 12.581: Total time for which application threads were stopped: 0.0001405 seconds, Stopping threads took: 0.0000616 seconds
2020-05-19T10:37:35.646+0000: 12.583: Total time for which application threads were stopped: 0.0001381 seconds, Stopping threads took: 0.0000615 seconds
2020-05-19T10:37:35.646+0000: 12.583: Total time for which application threads were stopped: 0.0001130 seconds, Stopping threads took: 0.0000326 seconds
2020-05-19T10:37:35.647+0000: 12.584: Total time for which application threads were stopped: 0.0009360 seconds, Stopping threads took: 0.0008206 seconds
2020-05-19T10:37:35.648+0000: 12.585: Total time for which application threads were stopped: 0.0002563 seconds, Stopping threads took: 0.0001685 seconds
2020-05-19T10:37:35.649+0000: 12.586: Total time for which application threads were stopped: 0.0002168 seconds, Stopping threads took: 0.0001307 seconds
2020-05-19T10:37:35.649+0000: 12.586: Total time for which application threads were stopped: 0.0000804 seconds, Stopping threads took: 0.0000138 seconds
2020-05-19T10:37:35.649+0000: 12.586: Total time for which application threads were stopped: 0.0000789 seconds, Stopping threads took: 0.0000122 seconds
2020-05-19T10:37:35.649+0000: 12.586: Total time for which application threads were stopped: 0.0001104 seconds, Stopping threads took: 0.0000357 seconds
2020-05-19T10:37:35.649+0000: 12.586: Total time for which application threads were stopped: 0.0000885 seconds, Stopping threads took: 0.0000157 seconds
2020-05-19T10:37:35.649+0000: 12.587: Total time for which application threads were stopped: 0.0000800 seconds, Stopping threads took: 0.0000130 seconds
2020-05-19T10:37:35.650+0000: 12.587: Total time for which application threads were stopped: 0.0000784 seconds, Stopping threads took: 0.0000139 seconds
2020-05-19T10:37:35.650+0000: 12.587: Total time for which application threads were stopped: 0.0000763 seconds, Stopping threads took: 0.0000125 seconds
2020-05-19T10:37:35.650+0000: 12.587: Total time for which application threads were stopped: 0.0001633 seconds, Stopping threads took: 0.0000605 seconds
2020-05-19T10:37:35.650+0000: 12.587: Total time for which application threads were stopped: 0.0001206 seconds, Stopping threads took: 0.0000341 seconds
2020-05-19T10:37:35.651+0000: 12.588: Total time for which application threads were stopped: 0.0001009 seconds, Stopping threads took: 0.0000126 seconds
2020-05-19T10:37:35.651+0000: 12.588: Total time for which application threads were stopped: 0.0000879 seconds, Stopping threads took: 0.0000132 seconds
2020-05-19T10:37:35.651+0000: 12.588: Total time for which application threads were stopped: 0.0000881 seconds, Stopping threads took: 0.0000128 seconds
2020-05-19T10:37:35.651+0000: 12.588: Total time for which application threads were stopped: 0.0000874 seconds, Stopping threads took: 0.0000127 seconds
2020-05-19T10:37:35.651+0000: 12.588: Total time for which application threads were stopped: 0.0000880 seconds, Stopping threads took: 0.0000126 seconds
2020-05-19T10:37:35.651+0000: 12.589: Total time for which application threads were stopped: 0.0002834 seconds, Stopping threads took: 0.0000255 seconds
2020-05-19T10:37:35.652+0000: 12.589: Total time for which application threads were stopped: 0.0000964 seconds, Stopping threads took: 0.0000145 seconds
2020-05-19T10:37:35.652+0000: 12.589: Total time for which application threads were stopped: 0.0000936 seconds, Stopping threads took: 0.0000128 seconds
2020-05-19T10:37:35.652+0000: 12.589: Total time for which application threads were stopped: 0.0001163 seconds, Stopping threads took: 0.0000354 seconds
2020-05-19T10:37:35.652+0000: 12.589: Total time for which application threads were stopped: 0.0001118 seconds, Stopping threads took: 0.0000355 seconds
2020-05-19T10:37:35.652+0000: 12.589: Total time for which application threads were stopped: 0.0001272 seconds, Stopping threads took: 0.0000159 seconds
2020-05-19T10:37:35.652+0000: 12.590: Total time for which application threads were stopped: 0.0001586 seconds, Stopping threads took: 0.0000127 seconds
2020-05-19T10:37:35.653+0000: 12.590: Total time for which application threads were stopped: 0.0000799 seconds, Stopping threads took: 0.0000128 seconds
2020-05-19T10:37:35.653+0000: 12.590: Total time for which application threads were stopped: 0.0000730 seconds, Stopping threads took: 0.0000126 seconds
2020-05-19T10:37:35.653+0000: 12.590: Total time for which application threads were stopped: 0.0000791 seconds, Stopping threads took: 0.0000118 seconds
2020-05-19T10:37:35.653+0000: 12.590: Total time for which application threads were stopped: 0.0001124 seconds, Stopping threads took: 0.0000326 seconds
2020-05-19T10:37:35.653+0000: 12.590: Total time for which application threads were stopped: 0.0000826 seconds, Stopping threads took: 0.0000174 seconds
2020-05-19T10:37:35.653+0000: 12.590: Total time for which application threads were stopped: 0.0000772 seconds, Stopping threads took: 0.0000130 seconds
2020-05-19T10:37:35.653+0000: 12.591: Total time for which application threads were stopped: 0.0000710 seconds, Stopping threads took: 0.0000134 seconds
2020-05-19T10:37:35.654+0000: 12.591: Total time for which application threads were stopped: 0.0001280 seconds, Stopping threads took: 0.0000556 seconds
2020-05-19T10:37:35.654+0000: 12.591: Total time for which application threads were stopped: 0.0001542 seconds, Stopping threads took: 0.0000123 seconds
2020-05-19T10:37:36.655+0000: 13.592: Total time for which application threads were stopped: 0.0000901 seconds, Stopping threads took: 0.0000228 seconds
2020-05-19T10:37:36.873+0000: 13.811: Total time for which application threads were stopped: 0.0001464 seconds, Stopping threads took: 0.0000420 seconds
2020-05-19T10:37:36.936+0000: 13.873: Total time for which application threads were stopped: 0.0000916 seconds, Stopping threads took: 0.0000285 seconds
2020-05-19T10:37:37.547+0000: 14.484: Total time for which application threads were stopped: 0.0002878 seconds, Stopping threads took: 0.0000265 seconds
2020-05-19T10:37:37.552+0000: 14.489: Total time for which application threads were stopped: 0.0002633 seconds, Stopping threads took: 0.0000219 seconds
2020-05-19T10:37:37.552+0000: 14.490: Total time for which application threads were stopped: 0.0002335 seconds, Stopping threads took: 0.0000174 seconds
2020-05-19T10:37:37.583+0000: 14.520: Total time for which application threads were stopped: 0.0007310 seconds, Stopping threads took: 0.0000621 seconds
2020-05-19T10:37:37.608+0000: 14.545: Total time for which application threads were stopped: 0.0001781 seconds, Stopping threads took: 0.0000561 seconds
2020-05-19T10:37:37.660+0000: 14.597: [GC (CMS Initial Mark) [1 CMS-initial-mark: 0K(393216K)] 75025K(502464K), 0.0118880 secs] [Times: user=0.06 sys=0.00, real=0.01 secs] 
2020-05-19T10:37:37.672+0000: 14.609: Total time for which application threads were stopped: 0.0120853 seconds, Stopping threads took: 0.0000407 seconds
2020-05-19T10:37:37.672+0000: 14.609: [CMS-concurrent-mark-start]
2020-05-19T10:37:37.672+0000: 14.609: [CMS-concurrent-mark: 0.000/0.000 secs] [Times: user=0.00 sys=0.00, real=0.00 secs] 
2020-05-19T10:37:37.672+0000: 14.609: [CMS-concurrent-preclean-start]
2020-05-19T10:37:37.673+0000: 14.610: [CMS-concurrent-preclean: 0.001/0.001 secs] [Times: user=0.00 sys=0.00, real=0.00 secs] 
2020-05-19T10:37:37.674+0000: 14.610: [CMS-concurrent-abortable-preclean-start]
2020-05-19T10:37:37.732+0000: 14.670: Total time for which application threads were stopped: 0.0000741 seconds, Stopping threads took: 0.0000181 seconds
2020-05-19T10:37:37.733+0000: 14.670: Total time for which application threads were stopped: 0.0000664 seconds, Stopping threads took: 0.0000109 seconds
2020-05-19T10:37:37.733+0000: 14.670: Total time for which application threads were stopped: 0.0000468 seconds, Stopping threads took: 0.0000093 seconds
2020-05-19T10:37:37.733+0000: 14.670: Total time for which application threads were stopped: 0.0000457 seconds, Stopping threads took: 0.0000093 seconds
2020-05-19T10:37:37.886+0000: 14.822: Total time for which application threads were stopped: 0.0000987 seconds, Stopping threads took: 0.0000271 seconds
2020-05-19T10:37:37.923+0000: 14.860: Total time for which application threads were stopped: 0.0000674 seconds, Stopping threads took: 0.0000186 seconds
2020-05-19T10:37:37.996+0000: 14.933: Total time for which application threads were stopped: 0.0001038 seconds, Stopping threads took: 0.0000281 seconds
{Heap before GC invocations=1 (full 1):
 par new generation   total 109248K, used 99259K [0x00000000e0000000, 0x00000000e8000000, 0x00000000e8000000)
  eden space 87424K, 100% used [0x00000000e0000000, 0x00000000e5560000, 0x00000000e5560000)
  from space 21824K,  54% used [0x00000000e6ab0000, 0x00000000e763ec40, 0x00000000e8000000)
  to   space 21824K,   0% used [0x00000000e5560000, 0x00000000e5560000, 0x00000000e6ab0000)
 concurrent mark-sweep generation total 393216K, used 0K [0x00000000e8000000, 0x0000000100000000, 0x0000000100000000)
 Metaspace       used 22515K, capacity 22956K, committed 23212K, reserved 1069056K
  class space    used 2802K, capacity 2940K, committed 2968K, reserved 1048576K
2020-05-19T10:37:38.071+0000: 15.008: [GC (Allocation Failure) 2020-05-19T10:37:38.071+0000: 15.008: [ParNew
Desired survivor size 20112992 bytes, new threshold 8 (max 8)
- age   1:    3873720 bytes,    3873720 total
- age   2:    5737968 bytes,    9611688 total
: 99259K->12405K(109248K), 0.0098867 secs] 99259K->12405K(502464K), 0.0099761 secs] [Times: user=0.00 sys=0.00, real=0.01 secs] 
Heap after GC invocations=2 (full 1):
 par new generation   total 109248K, used 12405K [0x00000000e0000000, 0x00000000e8000000, 0x00000000e8000000)
  eden space 87424K,   0% used [0x00000000e0000000, 0x00000000e0000000, 0x00000000e5560000)
  from space 21824K,  56% used [0x00000000e5560000, 0x00000000e617d498, 0x00000000e6ab0000)
  to   space 21824K,   0% used [0x00000000e6ab0000, 0x00000000e6ab0000, 0x00000000e8000000)
 concurrent mark-sweep generation total 393216K, used 0K [0x00000000e8000000, 0x0000000100000000, 0x0000000100000000)
 Metaspace       used 22515K, capacity 22956K, committed 23212K, reserved 1069056K
  class space    used 2802K, capacity 2940K, committed 2968K, reserved 1048576K
}
2020-05-19T10:37:38.081+0000: 15.018: Total time for which application threads were stopped: 0.0101997 seconds, Stopping threads took: 0.0000295 seconds
2020-05-19T10:37:38.082+0000: 15.018: Total time for which application threads were stopped: 0.0001351 seconds, Stopping threads took: 0.0000437 seconds
2020-05-19T10:37:38.082+0000: 15.019: Total time for which application threads were stopped: 0.0001117 seconds, Stopping threads took: 0.0000367 seconds
2020-05-19T10:37:38.082+0000: 15.019: Total time for which application threads were stopped: 0.0000935 seconds, Stopping threads took: 0.0000352 seconds
2020-05-19T10:37:38.083+0000: 15.019: Total time for which application threads were stopped: 0.0001496 seconds, Stopping threads took: 0.0001010 seconds
2020-05-19T10:37:38.083+0000: 15.019: Total time for which application threads were stopped: 0.0000572 seconds, Stopping threads took: 0.0000166 seconds
2020-05-19T10:37:38.083+0000: 15.020: Total time for which application threads were stopped: 0.0001203 seconds, Stopping threads took: 0.0000733 seconds
2020-05-19T10:37:38.083+0000: 15.020: Total time for which application threads were stopped: 0.0000547 seconds, Stopping threads took: 0.0000151 seconds
2020-05-19T10:37:38.083+0000: 15.020: Total time for which application threads were stopped: 0.0000771 seconds, Stopping threads took: 0.0000343 seconds
2020-05-19T10:37:38.083+0000: 15.020: Total time for which application threads were stopped: 0.0000542 seconds, Stopping threads took: 0.0000148 seconds
2020-05-19T10:37:38.084+0000: 15.020: Total time for which application threads were stopped: 0.0000784 seconds, Stopping threads took: 0.0000364 seconds
2020-05-19T10:37:38.084+0000: 15.020: Total time for which application threads were stopped: 0.0001115 seconds, Stopping threads took: 0.0000098 seconds
2020-05-19T10:37:38.084+0000: 15.020: Total time for which application threads were stopped: 0.0000866 seconds, Stopping threads took: 0.0000157 seconds
2020-05-19T10:37:38.084+0000: 15.021: Total time for which application threads were stopped: 0.0000592 seconds, Stopping threads took: 0.0000137 seconds
2020-05-19T10:37:38.084+0000: 15.021: Total time for which application threads were stopped: 0.0000566 seconds, Stopping threads took: 0.0000161 seconds
2020-05-19T10:37:38.084+0000: 15.021: Total time for which application threads were stopped: 0.0000568 seconds, Stopping threads took: 0.0000178 seconds
2020-05-19T10:37:38.084+0000: 15.021: Total time for which application threads were stopped: 0.0000506 seconds, Stopping threads took: 0.0000124 seconds
2020-05-19T10:37:38.084+0000: 15.021: Total time for which application threads were stopped: 0.0000568 seconds, Stopping threads took: 0.0000185 seconds
2020-05-19T10:37:38.085+0000: 15.021: Total time for which application threads were stopped: 0.0001364 seconds, Stopping threads took: 0.0000907 seconds
2020-05-19T10:37:38.085+0000: 15.021: Total time for which application threads were stopped: 0.0000564 seconds, Stopping threads took: 0.0000135 seconds
2020-05-19T10:37:38.085+0000: 15.021: Total time for which application threads were stopped: 0.0000510 seconds, Stopping threads took: 0.0000114 seconds
2020-05-19T10:37:38.085+0000: 15.022: Total time for which application threads were stopped: 0.0000800 seconds, Stopping threads took: 0.0000296 seconds
2020-05-19T10:37:38.085+0000: 15.022: Total time for which application threads were stopped: 0.0001227 seconds, Stopping threads took: 0.0000289 seconds
2020-05-19T10:37:38.088+0000: 15.025: Total time for which application threads were stopped: 0.0000688 seconds, Stopping threads took: 0.0000260 seconds
2020-05-19T10:37:38.128+0000: 15.065: Total time for which application threads were stopped: 0.0001116 seconds, Stopping threads took: 0.0000325 seconds
2020-05-19T10:37:38.131+0000: 15.068: Total time for which application threads were stopped: 0.0000961 seconds, Stopping threads took: 0.0000338 seconds
2020-05-19T10:37:38.141+0000: 15.078: Total time for which application threads were stopped: 0.0001154 seconds, Stopping threads took: 0.0000397 seconds
2020-05-19T10:37:38.249+0000: 15.186: Total time for which application threads were stopped: 0.0003026 seconds, Stopping threads took: 0.0000246 seconds
2020-05-19T10:37:38.252+0000: 15.189: Total time for which application threads were stopped: 0.0000733 seconds, Stopping threads took: 0.0000242 seconds
2020-05-19T10:37:38.332+0000: 15.269: Total time for which application threads were stopped: 0.0001107 seconds, Stopping threads took: 0.0000353 seconds
2020-05-19T10:37:38.418+0000: 15.355: Total time for which application threads were stopped: 0.0001060 seconds, Stopping threads took: 0.0000444 seconds
2020-05-19T10:37:38.479+0000: 15.415: Total time for which application threads were stopped: 0.0001333 seconds, Stopping threads took: 0.0000538 seconds
2020-05-19T10:37:38.479+0000: 15.416: Total time for which application threads were stopped: 0.0000730 seconds, Stopping threads took: 0.0000171 seconds
2020-05-19T10:37:38.479+0000: 15.416: Total time for which application threads were stopped: 0.0000834 seconds, Stopping threads took: 0.0000152 seconds
2020-05-19T10:37:38.479+0000: 15.416: Total time for which application threads were stopped: 0.0000707 seconds, Stopping threads took: 0.0000132 seconds
2020-05-19T10:37:38.479+0000: 15.416: Total time for which application threads were stopped: 0.0000783 seconds, Stopping threads took: 0.0000147 seconds
2020-05-19T10:37:38.479+0000: 15.416: Total time for which application threads were stopped: 0.0000673 seconds, Stopping threads took: 0.0000132 seconds
2020-05-19T10:37:38.479+0000: 15.416: Total time for which application threads were stopped: 0.0000733 seconds, Stopping threads took: 0.0000143 seconds
2020-05-19T10:37:38.480+0000: 15.416: Total time for which application threads were stopped: 0.0000686 seconds, Stopping threads took: 0.0000149 seconds
2020-05-19T10:37:38.480+0000: 15.416: Total time for which application threads were stopped: 0.0000754 seconds, Stopping threads took: 0.0000344 seconds
2020-05-19T10:37:38.480+0000: 15.417: Total time for which application threads were stopped: 0.0000821 seconds, Stopping threads took: 0.0000367 seconds
2020-05-19T10:37:38.480+0000: 15.417: Total time for which application threads were stopped: 0.0000549 seconds, Stopping threads took: 0.0000123 seconds
2020-05-19T10:37:38.480+0000: 15.417: Total time for which application threads were stopped: 0.0000536 seconds, Stopping threads took: 0.0000123 seconds
2020-05-19T10:37:38.480+0000: 15.417: Total time for which application threads were stopped: 0.0000529 seconds, Stopping threads took: 0.0000121 seconds
2020-05-19T10:37:38.480+0000: 15.417: Total time for which application threads were stopped: 0.0000528 seconds, Stopping threads took: 0.0000118 seconds
2020-05-19T10:37:38.480+0000: 15.417: Total time for which application threads were stopped: 0.0000545 seconds, Stopping threads took: 0.0000121 seconds
2020-05-19T10:37:38.480+0000: 15.417: Total time for which application threads were stopped: 0.0000562 seconds, Stopping threads took: 0.0000120 seconds
2020-05-19T10:37:38.480+0000: 15.417: Total time for which application threads were stopped: 0.0000532 seconds, Stopping threads took: 0.0000119 seconds
2020-05-19T10:37:38.481+0000: 15.417: Total time for which application threads were stopped: 0.0000796 seconds, Stopping threads took: 0.0000116 seconds
2020-05-19T10:37:38.481+0000: 15.418: Total time for which application threads were stopped: 0.0001431 seconds, Stopping threads took: 0.0000634 seconds
2020-05-19T10:37:38.481+0000: 15.418: Total time for which application threads were stopped: 0.0000723 seconds, Stopping threads took: 0.0000157 seconds
2020-05-19T10:37:38.481+0000: 15.418: Total time for which application threads were stopped: 0.0002127 seconds, Stopping threads took: 0.0000133 seconds
2020-05-19T10:37:38.482+0000: 15.419: Total time for which application threads were stopped: 0.0001114 seconds, Stopping threads took: 0.0000202 seconds
2020-05-19T10:37:38.482+0000: 15.419: Total time for which application threads were stopped: 0.0000711 seconds, Stopping threads took: 0.0000143 seconds
2020-05-19T10:37:38.482+0000: 15.419: Total time for which application threads were stopped: 0.0000574 seconds, Stopping threads took: 0.0000125 seconds
2020-05-19T10:37:38.482+0000: 15.419: Total time for which application threads were stopped: 0.0000559 seconds, Stopping threads took: 0.0000124 seconds
2020-05-19T10:37:38.482+0000: 15.419: Total time for which application threads were stopped: 0.0000562 seconds, Stopping threads took: 0.0000128 seconds
2020-05-19T10:37:38.482+0000: 15.419: Total time for which application threads were stopped: 0.0000529 seconds, Stopping threads took: 0.0000087 seconds
2020-05-19T10:37:38.483+0000: 15.419: Total time for which application threads were stopped: 0.0000573 seconds, Stopping threads took: 0.0000121 seconds
2020-05-19T10:37:38.483+0000: 15.419: Total time for which application threads were stopped: 0.0000682 seconds, Stopping threads took: 0.0000132 seconds
2020-05-19T10:37:38.483+0000: 15.420: Total time for which application threads were stopped: 0.0000631 seconds, Stopping threads took: 0.0000129 seconds
2020-05-19T10:37:38.484+0000: 15.420: Total time for which application threads were stopped: 0.0000747 seconds, Stopping threads took: 0.0000133 seconds
2020-05-19T10:37:38.484+0000: 15.421: Total time for which application threads were stopped: 0.0000611 seconds, Stopping threads took: 0.0000223 seconds
2020-05-19T10:37:38.485+0000: 15.421: Total time for which application threads were stopped: 0.0000569 seconds, Stopping threads took: 0.0000160 seconds
2020-05-19T10:37:38.485+0000: 15.421: Total time for which application threads were stopped: 0.0000507 seconds, Stopping threads took: 0.0000146 seconds
2020-05-19T10:37:38.485+0000: 15.421: Total time for which application threads were stopped: 0.0000606 seconds, Stopping threads took: 0.0000133 seconds
2020-05-19T10:37:38.485+0000: 15.422: Total time for which application threads were stopped: 0.0000606 seconds, Stopping threads took: 0.0000297 seconds
2020-05-19T10:37:38.485+0000: 15.422: Total time for which application threads were stopped: 0.0000551 seconds, Stopping threads took: 0.0000252 seconds
2020-05-19T10:37:38.485+0000: 15.422: Total time for which application threads were stopped: 0.0000602 seconds, Stopping threads took: 0.0000331 seconds
2020-05-19T10:37:38.485+0000: 15.422: Total time for which application threads were stopped: 0.0000965 seconds, Stopping threads took: 0.0000672 seconds
2020-05-19T10:37:38.485+0000: 15.422: Total time for which application threads were stopped: 0.0000626 seconds, Stopping threads took: 0.0000340 seconds
2020-05-19T10:37:38.485+0000: 15.422: Total time for which application threads were stopped: 0.0000635 seconds, Stopping threads took: 0.0000335 seconds
2020-05-19T10:37:38.485+0000: 15.422: Total time for which application threads were stopped: 0.0000743 seconds, Stopping threads took: 0.0000446 seconds
2020-05-19T10:37:38.485+0000: 15.422: Total time for which application threads were stopped: 0.0000627 seconds, Stopping threads took: 0.0000319 seconds
2020-05-19T10:37:38.486+0000: 15.422: Total time for which application threads were stopped: 0.0000539 seconds, Stopping threads took: 0.0000226 seconds
2020-05-19T10:37:38.486+0000: 15.423: Total time for which application threads were stopped: 0.0000542 seconds, Stopping threads took: 0.0000146 seconds
2020-05-19T10:37:38.486+0000: 15.423: Total time for which application threads were stopped: 0.0000472 seconds, Stopping threads took: 0.0000137 seconds
2020-05-19T10:37:38.486+0000: 15.423: Total time for which application threads were stopped: 0.0000400 seconds, Stopping threads took: 0.0000117 seconds
2020-05-19T10:37:38.486+0000: 15.423: Total time for which application threads were stopped: 0.0000373 seconds, Stopping threads took: 0.0000114 seconds
2020-05-19T10:37:38.486+0000: 15.423: Total time for which application threads were stopped: 0.0000368 seconds, Stopping threads took: 0.0000115 seconds
2020-05-19T10:37:38.486+0000: 15.423: Total time for which application threads were stopped: 0.0000359 seconds, Stopping threads took: 0.0000112 seconds
2020-05-19T10:37:38.486+0000: 15.423: Total time for which application threads were stopped: 0.0001510 seconds, Stopping threads took: 0.0000133 seconds
2020-05-19T10:37:38.492+0000: 15.428: Total time for which application threads were stopped: 0.0000877 seconds, Stopping threads took: 0.0000303 seconds
2020-05-19T10:37:38.506+0000: 15.442: Total time for which application threads were stopped: 0.0001070 seconds, Stopping threads took: 0.0000349 seconds
2020-05-19T10:37:38.537+0000: 15.474: Total time for which application threads were stopped: 0.0001331 seconds, Stopping threads took: 0.0000395 seconds
2020-05-19T10:37:38.551+0000: 15.488: Total time for which application threads were stopped: 0.0001438 seconds, Stopping threads took: 0.0000283 seconds
2020-05-19T10:37:38.887+0000: 15.825: Total time for which application threads were stopped: 0.0003584 seconds, Stopping threads took: 0.0000514 seconds
2020-05-19T10:37:38.896+0000: 15.833: Total time for which application threads were stopped: 0.0001080 seconds, Stopping threads took: 0.0000305 seconds
2020-05-19T10:37:38.942+0000: 15.879: Total time for which application threads were stopped: 0.0001510 seconds, Stopping threads took: 0.0000679 seconds
2020-05-19T10:37:39.166+0000: 16.103: Total time for which application threads were stopped: 0.0003497 seconds, Stopping threads took: 0.0000217 seconds
2020-05-19T10:37:39.558+0000: 16.494: Total time for which application threads were stopped: 0.0000685 seconds, Stopping threads took: 0.0000245 seconds
2020-05-19T10:37:39.581+0000: 16.519: Total time for which application threads were stopped: 0.0000689 seconds, Stopping threads took: 0.0000184 seconds
2020-05-19T10:37:39.584+0000: 16.522: Total time for which application threads were stopped: 0.0000565 seconds, Stopping threads took: 0.0000183 seconds
2020-05-19T10:37:39.599+0000: 16.536: Total time for which application threads were stopped: 0.0000830 seconds, Stopping threads took: 0.0000256 seconds
2020-05-19T10:37:39.624+0000: 16.561: Total time for which application threads were stopped: 0.0004418 seconds, Stopping threads took: 0.0003442 seconds
2020-05-19T10:37:39.629+0000: 16.566: Total time for which application threads were stopped: 0.0001179 seconds, Stopping threads took: 0.0000343 seconds
2020-05-19T10:37:39.656+0000: 16.593: Total time for which application threads were stopped: 0.0000918 seconds, Stopping threads took: 0.0000305 seconds
2020-05-19T10:37:39.716+0000: 16.652: Total time for which application threads were stopped: 0.0001187 seconds, Stopping threads took: 0.0000272 seconds
2020-05-19T10:37:39.750+0000: 16.688: Total time for which application threads were stopped: 0.0000826 seconds, Stopping threads took: 0.0000244 seconds
2020-05-19T10:37:39.750+0000: 16.688: [CMS-concurrent-abortable-preclean: 0.866/2.077 secs] [Times: user=2.59 sys=0.14, real=2.08 secs] 
2020-05-19T10:37:39.751+0000: 16.688: [GC (CMS Final Remark) [YG occupancy: 59046 K (109248 K)]{Heap before GC invocations=2 (full 1):
 par new generation   total 109248K, used 59046K [0x00000000e0000000, 0x00000000e8000000, 0x00000000e8000000)
  eden space 87424K,  53% used [0x00000000e0000000, 0x00000000e2d8c518, 0x00000000e5560000)
  from space 21824K,  56% used [0x00000000e5560000, 0x00000000e617d498, 0x00000000e6ab0000)
  to   space 21824K,   0% used [0x00000000e6ab0000, 0x00000000e6ab0000, 0x00000000e8000000)
 concurrent mark-sweep generation total 393216K, used 0K [0x00000000e8000000, 0x0000000100000000, 0x0000000100000000)
 Metaspace       used 26636K, capacity 27156K, committed 27528K, reserved 1073152K
  class space    used 3334K, capacity 3496K, committed 3500K, reserved 1048576K
2020-05-19T10:37:39.751+0000: 16.688: [GC (CMS Final Remark) 2020-05-19T10:37:39.751+0000: 16.688: [ParNew
Desired survivor size 20112992 bytes, new threshold 8 (max 8)
- age   1:    5285336 bytes,    5285336 total
- age   2:     728568 bytes,    6013904 total
- age   3:    5632352 bytes,   11646256 total
: 59046K->14889K(109248K), 0.0096337 secs] 59046K->14889K(502464K), 0.0097677 secs] [Times: user=0.06 sys=0.00, real=0.01 secs] 
Heap after GC invocations=3 (full 1):
 par new generation   total 109248K, used 14889K [0x00000000e0000000, 0x00000000e8000000, 0x00000000e8000000)
  eden space 87424K,   0% used [0x00000000e0000000, 0x00000000e0000000, 0x00000000e5560000)
  from space 21824K,  68% used [0x00000000e6ab0000, 0x00000000e793a610, 0x00000000e8000000)
  to   space 21824K,   0% used [0x00000000e5560000, 0x00000000e5560000, 0x00000000e6ab0000)
 concurrent mark-sweep generation total 393216K, used 0K [0x00000000e8000000, 0x0000000100000000, 0x0000000100000000)
 Metaspace       used 26636K, capacity 27156K, committed 27528K, reserved 1073152K
  class space    used 3334K, capacity 3496K, committed 3500K, reserved 1048576K
}
2020-05-19T10:37:39.761+0000: 16.698: [Rescan (parallel) , 0.0026101 secs]2020-05-19T10:37:39.763+0000: 16.701: [weak refs processing, 0.0006080 secs]2020-05-19T10:37:39.764+0000: 16.701: [class unloading, 0.0043848 secs]2020-05-19T10:37:39.768+0000: 16.706: [scrub symbol table, 0.0053200 secs]2020-05-19T10:37:39.774+0000: 16.711: [scrub string table, 0.0002894 secs][1 CMS-remark: 0K(393216K)] 14889K(502464K), 0.0240785 secs] [Times: user=0.08 sys=0.00, real=0.02 secs] 
2020-05-19T10:37:39.775+0000: 16.712: Total time for which application threads were stopped: 0.0242313 seconds, Stopping threads took: 0.0000528 seconds
2020-05-19T10:37:39.775+0000: 16.712: [CMS-concurrent-sweep-start]
2020-05-19T10:37:39.775+0000: 16.712: [CMS-concurrent-sweep: 0.000/0.000 secs] [Times: user=0.00 sys=0.00, real=0.00 secs] 
2020-05-19T10:37:39.775+0000: 16.712: [CMS-concurrent-reset-start]
2020-05-19T10:37:39.776+0000: 16.713: Total time for which application threads were stopped: 0.0001669 seconds, Stopping threads took: 0.0000635 seconds
2020-05-19T10:37:39.777+0000: 16.714: Total time for which application threads were stopped: 0.0001265 seconds, Stopping threads took: 0.0000323 seconds
2020-05-19T10:37:39.778+0000: 16.715: Total time for which application threads were stopped: 0.0000836 seconds, Stopping threads took: 0.0000219 seconds
2020-05-19T10:37:39.779+0000: 16.716: Total time for which application threads were stopped: 0.0001044 seconds, Stopping threads took: 0.0000179 seconds
2020-05-19T10:37:39.779+0000: 16.716: Total time for which application threads were stopped: 0.0001109 seconds, Stopping threads took: 0.0000234 seconds
2020-05-19T10:37:39.779+0000: 16.716: [CMS-concurrent-reset: 0.003/0.004 secs] [Times: user=0.00 sys=0.00, real=0.00 secs] 
2020-05-19T10:37:39.779+0000: 16.716: Total time for which application threads were stopped: 0.0000940 seconds, Stopping threads took: 0.0000167 seconds
2020-05-19T10:37:39.780+0000: 16.716: Total time for which application threads were stopped: 0.0000561 seconds, Stopping threads took: 0.0000113 seconds
2020-05-19T10:37:39.780+0000: 16.717: Total time for which application threads were stopped: 0.0000610 seconds, Stopping threads took: 0.0000140 seconds
2020-05-19T10:37:39.780+0000: 16.717: Total time for which application threads were stopped: 0.0000620 seconds, Stopping threads took: 0.0000139 seconds
2020-05-19T10:37:39.780+0000: 16.717: Total time for which application threads were stopped: 0.0001107 seconds, Stopping threads took: 0.0000099 seconds
2020-05-19T10:37:39.802+0000: 16.739: Total time for which application threads were stopped: 0.0001306 seconds, Stopping threads took: 0.0000250 seconds
2020-05-19T10:37:39.802+0000: 16.739: Total time for which application threads were stopped: 0.0000744 seconds, Stopping threads took: 0.0000177 seconds
2020-05-19T10:37:39.803+0000: 16.740: Total time for which application threads were stopped: 0.0008011 seconds, Stopping threads took: 0.0007261 seconds
2020-05-19T10:37:39.803+0000: 16.740: Total time for which application threads were stopped: 0.0001171 seconds, Stopping threads took: 0.0000763 seconds
2020-05-19T10:37:39.803+0000: 16.740: Total time for which application threads were stopped: 0.0000703 seconds, Stopping threads took: 0.0000112 seconds
2020-05-19T10:37:39.803+0000: 16.740: Total time for which application threads were stopped: 0.0000577 seconds, Stopping threads took: 0.0000168 seconds
2020-05-19T10:37:39.803+0000: 16.740: Total time for which application threads were stopped: 0.0000580 seconds, Stopping threads took: 0.0000104 seconds
2020-05-19T10:37:39.803+0000: 16.740: Total time for which application threads were stopped: 0.0000892 seconds, Stopping threads took: 0.0000472 seconds
2020-05-19T10:37:39.804+0000: 16.741: Total time for which application threads were stopped: 0.0000794 seconds, Stopping threads took: 0.0000176 seconds
2020-05-19T10:37:39.804+0000: 16.741: Total time for which application threads were stopped: 0.0000693 seconds, Stopping threads took: 0.0000169 seconds
2020-05-19T10:37:39.804+0000: 16.741: Total time for which application threads were stopped: 0.0000780 seconds, Stopping threads took: 0.0000262 seconds
2020-05-19T10:37:40.017+0000: 16.955: Total time for which application threads were stopped: 0.0003181 seconds, Stopping threads took: 0.0000383 seconds
2020-05-19T10:37:40.284+0000: 17.222: Total time for which application threads were stopped: 0.0001353 seconds, Stopping threads took: 0.0000465 seconds
2020-05-19T10:37:40.285+0000: 17.222: Total time for which application threads were stopped: 0.0000688 seconds, Stopping threads took: 0.0000197 seconds
2020-05-19T10:37:40.285+0000: 17.222: Total time for which application threads were stopped: 0.0000565 seconds, Stopping threads took: 0.0000139 seconds
2020-05-19T10:37:40.285+0000: 17.223: Total time for which application threads were stopped: 0.0001173 seconds, Stopping threads took: 0.0000700 seconds
2020-05-19T10:37:40.439+0000: 17.375: Total time for which application threads were stopped: 0.0004462 seconds, Stopping threads took: 0.0003423 seconds
2020-05-19T10:37:40.439+0000: 17.376: Total time for which application threads were stopped: 0.0001564 seconds, Stopping threads took: 0.0000710 seconds
2020-05-19T10:37:40.440+0000: 17.376: Total time for which application threads were stopped: 0.0001707 seconds, Stopping threads took: 0.0000332 seconds
2020-05-19T10:37:40.440+0000: 17.377: Total time for which application threads were stopped: 0.0001319 seconds, Stopping threads took: 0.0000424 seconds
2020-05-19T10:37:40.441+0000: 17.377: Total time for which application threads were stopped: 0.0001191 seconds, Stopping threads took: 0.0000234 seconds
2020-05-19T10:37:40.441+0000: 17.377: Total time for which application threads were stopped: 0.0001270 seconds, Stopping threads took: 0.0000330 seconds
2020-05-19T10:37:40.472+0000: 17.409: Total time for which application threads were stopped: 0.0001320 seconds, Stopping threads took: 0.0000336 seconds
2020-05-19T10:37:40.473+0000: 17.410: Total time for which application threads were stopped: 0.0005385 seconds, Stopping threads took: 0.0000427 seconds
2020-05-19T10:37:40.491+0000: 17.427: Total time for which application threads were stopped: 0.0176937 seconds, Stopping threads took: 0.0175207 seconds
2020-05-19T10:37:40.491+0000: 17.428: Total time for which application threads were stopped: 0.0002162 seconds, Stopping threads took: 0.0001625 seconds
2020-05-19T10:37:40.492+0000: 17.428: Total time for which application threads were stopped: 0.0001322 seconds, Stopping threads took: 0.0000407 seconds
2020-05-19T10:37:40.492+0000: 17.428: Total time for which application threads were stopped: 0.0000885 seconds, Stopping threads took: 0.0000172 seconds
2020-05-19T10:37:40.492+0000: 17.429: Total time for which application threads were stopped: 0.0000879 seconds, Stopping threads took: 0.0000321 seconds
2020-05-19T10:37:40.492+0000: 17.429: Total time for which application threads were stopped: 0.0000564 seconds, Stopping threads took: 0.0000200 seconds
2020-05-19T10:37:40.493+0000: 17.430: Total time for which application threads were stopped: 0.0001203 seconds, Stopping threads took: 0.0000395 seconds
2020-05-19T10:37:40.493+0000: 17.430: Total time for which application threads were stopped: 0.0000970 seconds, Stopping threads took: 0.0000450 seconds
2020-05-19T10:37:40.493+0000: 17.430: Total time for which application threads were stopped: 0.0000694 seconds, Stopping threads took: 0.0000415 seconds
2020-05-19T10:37:40.494+0000: 17.431: Total time for which application threads were stopped: 0.0001179 seconds, Stopping threads took: 0.0000485 seconds
2020-05-19T10:37:40.494+0000: 17.431: Total time for which application threads were stopped: 0.0000999 seconds, Stopping threads took: 0.0000460 seconds
2020-05-19T10:37:40.495+0000: 17.431: Total time for which application threads were stopped: 0.0001129 seconds, Stopping threads took: 0.0000370 seconds
2020-05-19T10:37:40.495+0000: 17.432: Total time for which application threads were stopped: 0.0000996 seconds, Stopping threads took: 0.0000337 seconds
2020-05-19T10:37:40.495+0000: 17.432: Total time for which application threads were stopped: 0.0001146 seconds, Stopping threads took: 0.0000422 seconds
2020-05-19T10:37:40.495+0000: 17.432: Total time for which application threads were stopped: 0.0001648 seconds, Stopping threads took: 0.0001217 seconds
2020-05-19T10:37:40.496+0000: 17.432: Total time for which application threads were stopped: 0.0000869 seconds, Stopping threads took: 0.0000323 seconds
2020-05-19T10:37:40.496+0000: 17.433: Total time for which application threads were stopped: 0.0000689 seconds, Stopping threads took: 0.0000149 seconds
2020-05-19T10:37:40.496+0000: 17.433: Total time for which application threads were stopped: 0.0000598 seconds, Stopping threads took: 0.0000130 seconds
2020-05-19T10:37:40.496+0000: 17.433: Total time for which application threads were stopped: 0.0000634 seconds, Stopping threads took: 0.0000131 seconds
2020-05-19T10:37:40.496+0000: 17.433: Total time for which application threads were stopped: 0.0000631 seconds, Stopping threads took: 0.0000140 seconds
2020-05-19T10:37:40.508+0000: 17.444: Total time for which application threads were stopped: 0.0001670 seconds, Stopping threads took: 0.0000811 seconds
2020-05-19T10:37:40.508+0000: 17.445: Total time for which application threads were stopped: 0.0001147 seconds, Stopping threads took: 0.0000561 seconds
2020-05-19T10:37:40.509+0000: 17.445: Total time for which application threads were stopped: 0.0001372 seconds, Stopping threads took: 0.0000293 seconds
2020-05-19T10:37:40.509+0000: 17.446: Total time for which application threads were stopped: 0.0001508 seconds, Stopping threads took: 0.0000662 seconds
2020-05-19T10:37:40.510+0000: 17.446: Total time for which application threads were stopped: 0.0005122 seconds, Stopping threads took: 0.0001351 seconds
2020-05-19T10:37:40.510+0000: 17.447: Total time for which application threads were stopped: 0.0001106 seconds, Stopping threads took: 0.0000363 seconds
2020-05-19T10:37:40.538+0000: 17.474: Total time for which application threads were stopped: 0.0001372 seconds, Stopping threads took: 0.0000381 seconds
2020-05-19T10:37:40.559+0000: 17.496: Total time for which application threads were stopped: 0.0002160 seconds, Stopping threads took: 0.0000424 seconds
2020-05-19T10:37:40.559+0000: 17.497: Total time for which application threads were stopped: 0.0001360 seconds, Stopping threads took: 0.0000426 seconds
2020-05-19T10:37:40.560+0000: 17.497: Total time for which application threads were stopped: 0.0001106 seconds, Stopping threads took: 0.0000297 seconds
2020-05-19T10:37:40.560+0000: 17.498: Total time for which application threads were stopped: 0.0001471 seconds, Stopping threads took: 0.0000455 seconds
2020-05-19T10:37:40.591+0000: 17.529: Total time for which application threads were stopped: 0.0006053 seconds, Stopping threads took: 0.0005179 seconds
2020-05-19T10:37:40.622+0000: 17.560: Total time for which application threads were stopped: 0.0001795 seconds, Stopping threads took: 0.0000446 seconds
2020-05-19T10:37:40.635+0000: 17.572: Total time for which application threads were stopped: 0.0001786 seconds, Stopping threads took: 0.0000846 seconds
2020-05-19T10:37:40.637+0000: 17.575: Total time for which application threads were stopped: 0.0001443 seconds, Stopping threads took: 0.0000532 seconds
2020-05-19T10:37:40.640+0000: 17.577: Total time for which application threads were stopped: 0.0002034 seconds, Stopping threads took: 0.0000600 seconds
2020-05-19T10:37:40.642+0000: 17.579: Total time for which application threads were stopped: 0.0007340 seconds, Stopping threads took: 0.0006388 seconds
2020-05-19T10:37:40.666+0000: 17.603: Total time for which application threads were stopped: 0.0001449 seconds, Stopping threads took: 0.0000366 seconds
2020-05-19T10:37:40.666+0000: 17.603: Total time for which application threads were stopped: 0.0001135 seconds, Stopping threads took: 0.0000368 seconds
2020-05-19T10:37:40.666+0000: 17.603: Total time for which application threads were stopped: 0.0000918 seconds, Stopping threads took: 0.0000197 seconds
2020-05-19T10:37:40.686+0000: 17.623: Total time for which application threads were stopped: 0.0006034 seconds, Stopping threads took: 0.0004553 seconds
2020-05-19T10:37:40.692+0000: 17.629: Total time for which application threads were stopped: 0.0001319 seconds, Stopping threads took: 0.0000335 seconds
2020-05-19T10:37:40.694+0000: 17.631: Total time for which application threads were stopped: 0.0001807 seconds, Stopping threads took: 0.0000640 seconds
2020-05-19T10:37:40.697+0000: 17.634: Total time for which application threads were stopped: 0.0001389 seconds, Stopping threads took: 0.0000421 seconds
2020-05-19T10:37:40.698+0000: 17.636: Total time for which application threads were stopped: 0.0001673 seconds, Stopping threads took: 0.0000600 seconds
2020-05-19T10:37:40.699+0000: 17.636: Total time for which application threads were stopped: 0.0001464 seconds, Stopping threads took: 0.0000558 seconds
2020-05-19T10:37:40.700+0000: 17.637: Total time for which application threads were stopped: 0.0001510 seconds, Stopping threads took: 0.0000303 seconds
2020-05-19T10:37:40.700+0000: 17.637: Total time for which application threads were stopped: 0.0000971 seconds, Stopping threads took: 0.0000311 seconds
2020-05-19T10:37:40.700+0000: 17.638: Total time for which application threads were stopped: 0.0000843 seconds, Stopping threads took: 0.0000286 seconds
2020-05-19T10:37:40.701+0000: 17.638: Total time for which application threads were stopped: 0.0001136 seconds, Stopping threads took: 0.0000339 seconds
2020-05-19T10:37:40.701+0000: 17.638: Total time for which application threads were stopped: 0.0001077 seconds, Stopping threads took: 0.0000265 seconds
2020-05-19T10:37:40.701+0000: 17.638: Total time for which application threads were stopped: 0.0000839 seconds, Stopping threads took: 0.0000290 seconds
2020-05-19T10:37:40.702+0000: 17.639: Total time for which application threads were stopped: 0.0001082 seconds, Stopping threads took: 0.0000319 seconds
2020-05-19T10:37:40.702+0000: 17.639: Total time for which application threads were stopped: 0.0001231 seconds, Stopping threads took: 0.0000258 seconds
2020-05-19T10:37:40.702+0000: 17.640: Total time for which application threads were stopped: 0.0001266 seconds, Stopping threads took: 0.0000415 seconds
2020-05-19T10:37:40.703+0000: 17.640: Total time for which application threads were stopped: 0.0001111 seconds, Stopping threads took: 0.0000437 seconds
2020-05-19T10:37:40.703+0000: 17.640: Total time for which application threads were stopped: 0.0001334 seconds, Stopping threads took: 0.0000345 seconds
2020-05-19T10:37:40.703+0000: 17.640: Total time for which application threads were stopped: 0.0001000 seconds, Stopping threads took: 0.0000300 seconds
2020-05-19T10:37:40.703+0000: 17.640: Total time for which application threads were stopped: 0.0001086 seconds, Stopping threads took: 0.0000219 seconds
2020-05-19T10:37:40.703+0000: 17.640: Total time for which application threads were stopped: 0.0001045 seconds, Stopping threads took: 0.0000272 seconds
2020-05-19T10:37:40.704+0000: 17.641: Total time for which application threads were stopped: 0.0000896 seconds, Stopping threads took: 0.0000187 seconds
2020-05-19T10:37:40.704+0000: 17.641: Total time for which application threads were stopped: 0.0000918 seconds, Stopping threads took: 0.0000178 seconds
2020-05-19T10:37:40.704+0000: 17.641: Total time for which application threads were stopped: 0.0000835 seconds, Stopping threads took: 0.0000158 seconds
2020-05-19T10:37:40.704+0000: 17.641: Total time for which application threads were stopped: 0.0000793 seconds, Stopping threads took: 0.0000161 seconds
2020-05-19T10:37:40.704+0000: 17.641: Total time for which application threads were stopped: 0.0001189 seconds, Stopping threads took: 0.0000298 seconds
2020-05-19T10:37:40.704+0000: 17.641: Total time for which application threads were stopped: 0.0000979 seconds, Stopping threads took: 0.0000268 seconds
2020-05-19T10:37:40.705+0000: 17.642: Total time for which application threads were stopped: 0.0001013 seconds, Stopping threads took: 0.0000317 seconds
2020-05-19T10:37:40.705+0000: 17.642: Total time for which application threads were stopped: 0.0001019 seconds, Stopping threads took: 0.0000188 seconds
2020-05-19T10:37:41.705+0000: 18.642: Total time for which application threads were stopped: 0.0001901 seconds, Stopping threads took: 0.0000544 seconds
2020-05-19T10:37:42.450+0000: 19.387: Total time for which application threads were stopped: 0.0001006 seconds, Stopping threads took: 0.0000262 seconds
2020-05-19T10:37:44.451+0000: 21.387: Total time for which application threads were stopped: 0.0000858 seconds, Stopping threads took: 0.0000251 seconds
2020-05-19T10:37:45.451+0000: 22.387: Total time for which application threads were stopped: 0.0000854 seconds, Stopping threads took: 0.0000251 seconds
2020-05-19T10:37:45.761+0000: 22.699: Total time for which application threads were stopped: 0.0001248 seconds, Stopping threads took: 0.0000222 seconds
2020-05-19T10:37:45.762+0000: 22.699: Total time for which application threads were stopped: 0.0000836 seconds, Stopping threads took: 0.0000142 seconds
2020-05-19T10:37:45.762+0000: 22.699: Total time for which application threads were stopped: 0.0000636 seconds, Stopping threads took: 0.0000116 seconds
2020-05-19T10:37:45.762+0000: 22.699: Total time for which application threads were stopped: 0.0000720 seconds, Stopping threads took: 0.0000107 seconds
2020-05-19T10:37:45.879+0000: 22.816: Total time for which application threads were stopped: 0.0000965 seconds, Stopping threads took: 0.0000224 seconds
2020-05-19T10:37:45.879+0000: 22.816: Total time for which application threads were stopped: 0.0000830 seconds, Stopping threads took: 0.0000194 seconds
2020-05-19T10:37:45.880+0000: 22.817: Total time for which application threads were stopped: 0.0001714 seconds, Stopping threads took: 0.0000821 seconds
2020-05-19T10:37:45.912+0000: 22.848: Total time for which application threads were stopped: 0.0314107 seconds, Stopping threads took: 0.0313057 seconds
2020-05-19T10:37:45.912+0000: 22.849: Total time for which application threads were stopped: 0.0001547 seconds, Stopping threads took: 0.0000689 seconds
2020-05-19T10:37:45.916+0000: 22.853: Total time for which application threads were stopped: 0.0003146 seconds, Stopping threads took: 0.0002472 seconds
2020-05-19T10:37:45.916+0000: 22.853: Total time for which application threads were stopped: 0.0001000 seconds, Stopping threads took: 0.0000378 seconds
2020-05-19T10:37:45.917+0000: 22.854: Total time for which application threads were stopped: 0.0004568 seconds, Stopping threads took: 0.0003631 seconds
2020-05-19T10:37:45.920+0000: 22.858: Total time for which application threads were stopped: 0.0001768 seconds, Stopping threads took: 0.0000514 seconds
2020-05-19T10:37:45.921+0000: 22.858: Total time for which application threads were stopped: 0.0001613 seconds, Stopping threads took: 0.0000742 seconds
2020-05-19T10:37:45.921+0000: 22.859: Total time for which application threads were stopped: 0.0001788 seconds, Stopping threads took: 0.0001063 seconds
2020-05-19T10:37:45.922+0000: 22.860: Total time for which application threads were stopped: 0.0001614 seconds, Stopping threads took: 0.0000584 seconds
2020-05-19T10:37:45.924+0000: 22.861: Total time for which application threads were stopped: 0.0001465 seconds, Stopping threads took: 0.0000607 seconds
2020-05-19T10:37:45.942+0000: 22.880: Total time for which application threads were stopped: 0.0001655 seconds, Stopping threads took: 0.0000498 seconds
2020-05-19T10:37:45.959+0000: 22.897: Total time for which application threads were stopped: 0.0001244 seconds, Stopping threads took: 0.0000514 seconds
2020-05-19T10:37:45.959+0000: 22.897: Total time for which application threads were stopped: 0.0000881 seconds, Stopping threads took: 0.0000439 seconds
2020-05-19T10:37:46.033+0000: 22.970: Total time for which application threads were stopped: 0.0002140 seconds, Stopping threads took: 0.0001310 seconds
2020-05-19T10:37:46.034+0000: 22.971: Total time for which application threads were stopped: 0.0001168 seconds, Stopping threads took: 0.0000357 seconds
2020-05-19T10:37:46.075+0000: 23.012: Total time for which application threads were stopped: 0.0004072 seconds, Stopping threads took: 0.0000479 seconds
2020-05-19T10:37:46.090+0000: 23.027: Total time for which application threads were stopped: 0.0000968 seconds, Stopping threads took: 0.0000268 seconds
2020-05-19T10:37:46.104+0000: 23.041: Total time for which application threads were stopped: 0.0007083 seconds, Stopping threads took: 0.0005871 seconds
2020-05-19T10:37:46.104+0000: 23.041: Total time for which application threads were stopped: 0.0001474 seconds, Stopping threads took: 0.0000716 seconds
2020-05-19T10:37:46.117+0000: 23.055: Total time for which application threads were stopped: 0.0005460 seconds, Stopping threads took: 0.0004393 seconds
2020-05-19T10:37:46.120+0000: 23.057: Total time for which application threads were stopped: 0.0001516 seconds, Stopping threads took: 0.0000563 seconds
2020-05-19T10:37:46.125+0000: 23.062: Total time for which application threads were stopped: 0.0001261 seconds, Stopping threads took: 0.0000476 seconds
2020-05-19T10:37:46.132+0000: 23.069: Total time for which application threads were stopped: 0.0001159 seconds, Stopping threads took: 0.0000461 seconds
2020-05-19T10:37:46.132+0000: 23.069: Total time for which application threads were stopped: 0.0000862 seconds, Stopping threads took: 0.0000300 seconds
2020-05-19T10:37:46.140+0000: 23.077: Total time for which application threads were stopped: 0.0002023 seconds, Stopping threads took: 0.0001236 seconds
2020-05-19T10:37:46.168+0000: 23.105: Total time for which application threads were stopped: 0.0001392 seconds, Stopping threads took: 0.0000500 seconds
2020-05-19T10:37:46.168+0000: 23.105: Total time for which application threads were stopped: 0.0003200 seconds, Stopping threads took: 0.0000407 seconds
2020-05-19T10:37:46.170+0000: 23.107: Total time for which application threads were stopped: 0.0005373 seconds, Stopping threads took: 0.0001100 seconds
2020-05-19T10:37:46.208+0000: 23.145: Total time for which application threads were stopped: 0.0001353 seconds, Stopping threads took: 0.0000500 seconds
2020-05-19T10:37:46.209+0000: 23.146: Total time for which application threads were stopped: 0.0002169 seconds, Stopping threads took: 0.0000486 seconds
2020-05-19T10:37:46.209+0000: 23.146: Total time for which application threads were stopped: 0.0000834 seconds, Stopping threads took: 0.0000429 seconds
2020-05-19T10:37:46.211+0000: 23.149: Total time for which application threads were stopped: 0.0001918 seconds, Stopping threads took: 0.0001117 seconds
2020-05-19T10:37:46.212+0000: 23.149: Total time for which application threads were stopped: 0.0001203 seconds, Stopping threads took: 0.0000361 seconds
2020-05-19T10:37:46.212+0000: 23.149: Total time for which application threads were stopped: 0.0002291 seconds, Stopping threads took: 0.0000480 seconds
{Heap before GC invocations=3 (full 1):
 par new generation   total 109248K, used 102313K [0x00000000e0000000, 0x00000000e8000000, 0x00000000e8000000)
  eden space 87424K, 100% used [0x00000000e0000000, 0x00000000e5560000, 0x00000000e5560000)
  from space 21824K,  68% used [0x00000000e6ab0000, 0x00000000e793a610, 0x00000000e8000000)
  to   space 21824K,   0% used [0x00000000e5560000, 0x00000000e5560000, 0x00000000e6ab0000)
 concurrent mark-sweep generation total 393216K, used 0K [0x00000000e8000000, 0x0000000100000000, 0x0000000100000000)
 Metaspace       used 30039K, capacity 30848K, committed 31112K, reserved 1077248K
  class space    used 3757K, capacity 3978K, committed 4012K, reserved 1048576K
2020-05-19T10:37:46.221+0000: 23.158: [GC (Allocation Failure) 2020-05-19T10:37:46.221+0000: 23.158: [ParNew
Desired survivor size 20112992 bytes, new threshold 8 (max 8)
- age   1:    6345936 bytes,    6345936 total
- age   2:    3013632 bytes,    9359568 total
- age   3:     684256 bytes,   10043824 total
- age   4:    5521640 bytes,   15565464 total
: 102313K->19114K(109248K), 0.0127788 secs] 102313K->19114K(502464K), 0.0128911 secs] [Times: user=0.06 sys=0.00, real=0.01 secs] 
Heap after GC invocations=4 (full 1):
 par new generation   total 109248K, used 19114K [0x00000000e0000000, 0x00000000e8000000, 0x00000000e8000000)
  eden space 87424K,   0% used [0x00000000e0000000, 0x00000000e0000000, 0x00000000e5560000)
  from space 21824K,  87% used [0x00000000e5560000, 0x00000000e680abb0, 0x00000000e6ab0000)
  to   space 21824K,   0% used [0x00000000e6ab0000, 0x00000000e6ab0000, 0x00000000e8000000)
 concurrent mark-sweep generation total 393216K, used 0K [0x00000000e8000000, 0x0000000100000000, 0x0000000100000000)
 Metaspace       used 30039K, capacity 30848K, committed 31112K, reserved 1077248K
  class space    used 3757K, capacity 3978K, committed 4012K, reserved 1048576K
}
2020-05-19T10:37:46.234+0000: 23.171: Total time for which application threads were stopped: 0.0132071 seconds, Stopping threads took: 0.0000488 seconds
2020-05-19T10:37:46.236+0000: 23.173: Total time for which application threads were stopped: 0.0003967 seconds, Stopping threads took: 0.0000619 seconds
2020-05-19T10:37:46.251+0000: 23.188: Total time for which application threads were stopped: 0.0001613 seconds, Stopping threads took: 0.0000663 seconds
2020-05-19T10:37:46.407+0000: 23.344: Total time for which application threads were stopped: 0.0001836 seconds, Stopping threads took: 0.0001153 seconds
2020-05-19T10:37:46.445+0000: 23.382: Total time for which application threads were stopped: 0.0001287 seconds, Stopping threads took: 0.0000374 seconds
2020-05-19T10:37:46.445+0000: 23.382: Total time for which application threads were stopped: 0.0001197 seconds, Stopping threads took: 0.0000575 seconds
2020-05-19T10:37:46.446+0000: 23.384: Total time for which application threads were stopped: 0.0002379 seconds, Stopping threads took: 0.0001202 seconds
2020-05-19T10:37:46.447+0000: 23.384: Total time for which application threads were stopped: 0.0001110 seconds, Stopping threads took: 0.0000343 seconds
2020-05-19T10:37:46.448+0000: 23.385: Total time for which application threads were stopped: 0.0004199 seconds, Stopping threads took: 0.0000533 seconds
2020-05-19T10:37:46.538+0000: 23.475: Total time for which application threads were stopped: 0.0005732 seconds, Stopping threads took: 0.0000474 seconds
2020-05-19T10:37:46.619+0000: 23.556: Total time for which application threads were stopped: 0.0001065 seconds, Stopping threads took: 0.0000274 seconds
2020-05-19T10:37:46.668+0000: 23.605: Total time for which application threads were stopped: 0.0004158 seconds, Stopping threads took: 0.0001424 seconds
2020-05-19T10:37:46.668+0000: 23.605: Total time for which application threads were stopped: 0.0000890 seconds, Stopping threads took: 0.0000442 seconds
2020-05-19T10:37:46.685+0000: 23.622: Total time for which application threads were stopped: 0.0000866 seconds, Stopping threads took: 0.0000256 seconds
2020-05-19T10:37:46.685+0000: 23.622: Total time for which application threads were stopped: 0.0000882 seconds, Stopping threads took: 0.0000166 seconds
2020-05-19T10:37:46.687+0000: 23.624: Total time for which application threads were stopped: 0.0000869 seconds, Stopping threads took: 0.0000411 seconds
2020-05-19T10:37:46.687+0000: 23.624: Total time for which application threads were stopped: 0.0001147 seconds, Stopping threads took: 0.0000420 seconds
2020-05-19T10:37:46.687+0000: 23.624: Total time for which application threads were stopped: 0.0000853 seconds, Stopping threads took: 0.0000435 seconds
2020-05-19T10:37:46.687+0000: 23.624: Total time for which application threads were stopped: 0.0000659 seconds, Stopping threads took: 0.0000196 seconds
2020-05-19T10:37:46.687+0000: 23.624: Total time for which application threads were stopped: 0.0000856 seconds, Stopping threads took: 0.0000391 seconds
2020-05-19T10:37:46.688+0000: 23.624: Total time for which application threads were stopped: 0.0000994 seconds, Stopping threads took: 0.0000425 seconds
2020-05-19T10:37:46.689+0000: 23.625: Total time for which application threads were stopped: 0.0001411 seconds, Stopping threads took: 0.0000847 seconds
2020-05-19T10:37:46.689+0000: 23.626: Total time for which application threads were stopped: 0.0002031 seconds, Stopping threads took: 0.0001231 seconds
2020-05-19T10:37:46.689+0000: 23.626: Total time for which application threads were stopped: 0.0000880 seconds, Stopping threads took: 0.0000406 seconds
2020-05-19T10:37:46.689+0000: 23.626: Total time for which application threads were stopped: 0.0000912 seconds, Stopping threads took: 0.0000425 seconds
2020-05-19T10:37:46.689+0000: 23.626: Total time for which application threads were stopped: 0.0000537 seconds, Stopping threads took: 0.0000203 seconds
2020-05-19T10:37:46.689+0000: 23.626: Total time for which application threads were stopped: 0.0000539 seconds, Stopping threads took: 0.0000179 seconds
2020-05-19T10:37:46.690+0000: 23.626: Total time for which application threads were stopped: 0.0001038 seconds, Stopping threads took: 0.0000555 seconds
2020-05-19T10:37:46.690+0000: 23.627: Total time for which application threads were stopped: 0.0000688 seconds, Stopping threads took: 0.0000342 seconds
2020-05-19T10:37:46.773+0000: 23.710: Total time for which application threads were stopped: 0.0044715 seconds, Stopping threads took: 0.0043024 seconds
2020-05-19T10:37:46.793+0000: 23.730: Total time for which application threads were stopped: 0.0001592 seconds, Stopping threads took: 0.0000547 seconds
2020-05-19T10:37:46.831+0000: 23.769: Total time for which application threads were stopped: 0.0001438 seconds, Stopping threads took: 0.0000510 seconds
2020-05-19T10:37:46.881+0000: 23.819: Total time for which application threads were stopped: 0.0001852 seconds, Stopping threads took: 0.0000628 seconds
2020-05-19T10:37:47.067+0000: 24.005: Total time for which application threads were stopped: 0.0003170 seconds, Stopping threads took: 0.0000452 seconds
2020-05-19T10:37:47.087+0000: 24.024: Total time for which application threads were stopped: 0.0001395 seconds, Stopping threads took: 0.0000368 seconds
{Heap before GC invocations=4 (full 1):
 par new generation   total 109248K, used 106538K [0x00000000e0000000, 0x00000000e8000000, 0x00000000e8000000)
  eden space 87424K, 100% used [0x00000000e0000000, 0x00000000e5560000, 0x00000000e5560000)
  from space 21824K,  87% used [0x00000000e5560000, 0x00000000e680abb0, 0x00000000e6ab0000)
  to   space 21824K,   0% used [0x00000000e6ab0000, 0x00000000e6ab0000, 0x00000000e8000000)
 concurrent mark-sweep generation total 393216K, used 0K [0x00000000e8000000, 0x0000000100000000, 0x0000000100000000)
 Metaspace       used 31839K, capacity 32640K, committed 32904K, reserved 1077248K
  class space    used 3993K, capacity 4260K, committed 4268K, reserved 1048576K
2020-05-19T10:37:47.103+0000: 24.040: [GC (Allocation Failure) 2020-05-19T10:37:47.103+0000: 24.040: [ParNew
Desired survivor size 20112992 bytes, new threshold 8 (max 8)
- age   1:    3188384 bytes,    3188384 total
- age   2:    3270344 bytes,    6458728 total
- age   3:    2982736 bytes,    9441464 total
- age   4:     674352 bytes,   10115816 total
- age   5:    5507720 bytes,   15623536 total
: 106538K->21824K(109248K), 0.0127988 secs] 106538K->21824K(502464K), 0.0129075 secs] [Times: user=0.00 sys=0.00, real=0.01 secs] 
Heap after GC invocations=5 (full 1):
 par new generation   total 109248K, used 21824K [0x00000000e0000000, 0x00000000e8000000, 0x00000000e8000000)
  eden space 87424K,   0% used [0x00000000e0000000, 0x00000000e0000000, 0x00000000e5560000)
  from space 21824K, 100% used [0x00000000e6ab0000, 0x00000000e8000000, 0x00000000e8000000)
  to   space 21824K,   0% used [0x00000000e5560000, 0x00000000e5560000, 0x00000000e6ab0000)
 concurrent mark-sweep generation total 393216K, used 0K [0x00000000e8000000, 0x0000000100000000, 0x0000000100000000)
 Metaspace       used 31839K, capacity 32640K, committed 32904K, reserved 1077248K
  class space    used 3993K, capacity 4260K, committed 4268K, reserved 1048576K
}
2020-05-19T10:37:47.116+0000: 24.053: Total time for which application threads were stopped: 0.0131727 seconds, Stopping threads took: 0.0000362 seconds
2020-05-19T10:37:47.152+0000: 24.089: Total time for which application threads were stopped: 0.0005335 seconds, Stopping threads took: 0.0004428 seconds
2020-05-19T10:37:47.154+0000: 24.091: Total time for which application threads were stopped: 0.0001814 seconds, Stopping threads took: 0.0000738 seconds
2020-05-19T10:37:47.219+0000: 24.156: Total time for which application threads were stopped: 0.0002159 seconds, Stopping threads took: 0.0000701 seconds
2020-05-19T10:37:47.220+0000: 24.157: Total time for which application threads were stopped: 0.0003072 seconds, Stopping threads took: 0.0000700 seconds
2020-05-19T10:37:47.220+0000: 24.157: Total time for which application threads were stopped: 0.0002571 seconds, Stopping threads took: 0.0000688 seconds
2020-05-19T10:37:47.223+0000: 24.160: Total time for which application threads were stopped: 0.0003323 seconds, Stopping threads took: 0.0001244 seconds
2020-05-19T10:37:47.224+0000: 24.161: Total time for which application threads were stopped: 0.0005720 seconds, Stopping threads took: 0.0003436 seconds
2020-05-19T10:37:47.225+0000: 24.162: Total time for which application threads were stopped: 0.0001386 seconds, Stopping threads took: 0.0000435 seconds
2020-05-19T10:37:47.225+0000: 24.162: Total time for which application threads were stopped: 0.0001098 seconds, Stopping threads took: 0.0000357 seconds
2020-05-19T10:37:47.272+0000: 24.208: Total time for which application threads were stopped: 0.0001204 seconds, Stopping threads took: 0.0000403 seconds
2020-05-19T10:37:47.272+0000: 24.208: Total time for which application threads were stopped: 0.0000631 seconds, Stopping threads took: 0.0000199 seconds
2020-05-19T10:37:47.272+0000: 24.209: Total time for which application threads were stopped: 0.0000646 seconds, Stopping threads took: 0.0000231 seconds
2020-05-19T10:37:47.272+0000: 24.209: Total time for which application threads were stopped: 0.0000589 seconds, Stopping threads took: 0.0000179 seconds
2020-05-19T10:37:47.273+0000: 24.209: Total time for which application threads were stopped: 0.0002583 seconds, Stopping threads took: 0.0002031 seconds
2020-05-19T10:37:47.273+0000: 24.209: Total time for which application threads were stopped: 0.0000639 seconds, Stopping threads took: 0.0000203 seconds
2020-05-19T10:37:47.273+0000: 24.210: Total time for which application threads were stopped: 0.0001573 seconds, Stopping threads took: 0.0001059 seconds
2020-05-19T10:37:47.273+0000: 24.210: Total time for which application threads were stopped: 0.0000703 seconds, Stopping threads took: 0.0000197 seconds
2020-05-19T10:37:47.274+0000: 24.210: Total time for which application threads were stopped: 0.0001335 seconds, Stopping threads took: 0.0000454 seconds
2020-05-19T10:37:47.280+0000: 24.217: Total time for which application threads were stopped: 0.0001540 seconds, Stopping threads took: 0.0000295 seconds
2020-05-19T10:37:47.311+0000: 24.247: Total time for which application threads were stopped: 0.0001362 seconds, Stopping threads took: 0.0000390 seconds
2020-05-19T10:37:47.325+0000: 24.262: Total time for which application threads were stopped: 0.0001382 seconds, Stopping threads took: 0.0000363 seconds
2020-05-19T10:37:47.349+0000: 24.287: Total time for which application threads were stopped: 0.0001829 seconds, Stopping threads took: 0.0000324 seconds
2020-05-19T10:37:47.349+0000: 24.287: Total time for which application threads were stopped: 0.0000884 seconds, Stopping threads took: 0.0000211 seconds
2020-05-19T10:37:47.350+0000: 24.287: Total time for which application threads were stopped: 0.0000775 seconds, Stopping threads took: 0.0000187 seconds
2020-05-19T10:37:47.404+0000: 24.340: Total time for which application threads were stopped: 0.0001566 seconds, Stopping threads took: 0.0000262 seconds
2020-05-19T10:37:47.496+0000: 24.432: Total time for which application threads were stopped: 0.0001781 seconds, Stopping threads took: 0.0000518 seconds
{Heap before GC invocations=5 (full 1):
 par new generation   total 109248K, used 109248K [0x00000000e0000000, 0x00000000e8000000, 0x00000000e8000000)
  eden space 87424K, 100% used [0x00000000e0000000, 0x00000000e5560000, 0x00000000e5560000)
  from space 21824K, 100% used [0x00000000e6ab0000, 0x00000000e8000000, 0x00000000e8000000)
  to   space 21824K,   0% used [0x00000000e5560000, 0x00000000e5560000, 0x00000000e6ab0000)
 concurrent mark-sweep generation total 393216K, used 0K [0x00000000e8000000, 0x0000000100000000, 0x0000000100000000)
 Metaspace       used 32494K, capacity 33292K, committed 33544K, reserved 1079296K
  class space    used 4087K, capacity 4326K, committed 4396K, reserved 1048576K
2020-05-19T10:37:47.541+0000: 24.477: [GC (Allocation Failure) 2020-05-19T10:37:47.541+0000: 24.477: [ParNew
Desired survivor size 20112992 bytes, new threshold 8 (max 8)
- age   1:    1264712 bytes,    1264712 total
- age   2:    1996640 bytes,    3261352 total
- age   3:    3252416 bytes,    6513768 total
- age   4:    2981744 bytes,    9495512 total
- age   5:     672008 bytes,   10167520 total
- age   6:    5506192 bytes,   15673712 total
: 109248K->18162K(109248K), 0.0134848 secs] 109248K->18162K(502464K), 0.0135767 secs] [Times: user=0.00 sys=0.00, real=0.01 secs] 
Heap after GC invocations=6 (full 1):
 par new generation   total 109248K, used 18162K [0x00000000e0000000, 0x00000000e8000000, 0x00000000e8000000)
  eden space 87424K,   0% used [0x00000000e0000000, 0x00000000e0000000, 0x00000000e5560000)
  from space 21824K,  83% used [0x00000000e5560000, 0x00000000e671c8d0, 0x00000000e6ab0000)
  to   space 21824K,   0% used [0x00000000e6ab0000, 0x00000000e6ab0000, 0x00000000e8000000)
 concurrent mark-sweep generation total 393216K, used 0K [0x00000000e8000000, 0x0000000100000000, 0x0000000100000000)
 Metaspace       used 32494K, capacity 33292K, committed 33544K, reserved 1079296K
  class space    used 4087K, capacity 4326K, committed 4396K, reserved 1048576K
}
2020-05-19T10:37:47.554+0000: 24.491: Total time for which application threads were stopped: 0.0138484 seconds, Stopping threads took: 0.0000367 seconds
{Heap before GC invocations=6 (full 1):
 par new generation   total 109248K, used 105586K [0x00000000e0000000, 0x00000000e8000000, 0x00000000e8000000)
  eden space 87424K, 100% used [0x00000000e0000000, 0x00000000e5560000, 0x00000000e5560000)
  from space 21824K,  83% used [0x00000000e5560000, 0x00000000e671c8d0, 0x00000000e6ab0000)
  to   space 21824K,   0% used [0x00000000e6ab0000, 0x00000000e6ab0000, 0x00000000e8000000)
 concurrent mark-sweep generation total 393216K, used 0K [0x00000000e8000000, 0x0000000100000000, 0x0000000100000000)
 Metaspace       used 32683K, capacity 33488K, committed 33800K, reserved 1079296K
  class space    used 4110K, capacity 4364K, committed 4396K, reserved 1048576K
2020-05-19T10:37:47.704+0000: 24.642: [GC (Allocation Failure) 2020-05-19T10:37:47.704+0000: 24.642: [ParNew
Desired survivor size 20112992 bytes, new threshold 8 (max 8)
- age   1:     625224 bytes,     625224 total
- age   2:     298224 bytes,     923448 total
- age   3:    1995936 bytes,    2919384 total
- age   4:    3252288 bytes,    6171672 total
- age   5:    2981680 bytes,    9153352 total
- age   6:     671432 bytes,    9824784 total
- age   7:    5505944 bytes,   15330728 total
: 105586K->21824K(109248K), 0.0126477 secs] 105586K->21824K(502464K), 0.0127443 secs] [Times: user=0.06 sys=0.00, real=0.01 secs] 
Heap after GC invocations=7 (full 1):
 par new generation   total 109248K, used 21824K [0x00000000e0000000, 0x00000000e8000000, 0x00000000e8000000)
  eden space 87424K,   0% used [0x00000000e0000000, 0x00000000e0000000, 0x00000000e5560000)
  from space 21824K, 100% used [0x00000000e6ab0000, 0x00000000e8000000, 0x00000000e8000000)
  to   space 21824K,   0% used [0x00000000e5560000, 0x00000000e5560000, 0x00000000e6ab0000)
 concurrent mark-sweep generation total 393216K, used 0K [0x00000000e8000000, 0x0000000100000000, 0x0000000100000000)
 Metaspace       used 32683K, capacity 33488K, committed 33800K, reserved 1079296K
  class space    used 4110K, capacity 4364K, committed 4396K, reserved 1048576K
}
2020-05-19T10:37:47.717+0000: 24.654: Total time for which application threads were stopped: 0.0130571 seconds, Stopping threads took: 0.0000646 seconds
2020-05-19T10:37:47.781+0000: 24.719: Total time for which application threads were stopped: 0.0001282 seconds, Stopping threads took: 0.0000372 seconds
2020-05-19T10:37:47.883+0000: 24.820: Total time for which application threads were stopped: 0.0001580 seconds, Stopping threads took: 0.0000425 seconds
2020-05-19T10:37:47.915+0000: 24.852: Total time for which application threads were stopped: 0.0001660 seconds, Stopping threads took: 0.0000345 seconds
{Heap before GC invocations=7 (full 1):
 par new generation   total 109248K, used 109248K [0x00000000e0000000, 0x00000000e8000000, 0x00000000e8000000)
  eden space 87424K, 100% used [0x00000000e0000000, 0x00000000e5560000, 0x00000000e5560000)
  from space 21824K, 100% used [0x00000000e6ab0000, 0x00000000e8000000, 0x00000000e8000000)
  to   space 21824K,   0% used [0x00000000e5560000, 0x00000000e5560000, 0x00000000e6ab0000)
 concurrent mark-sweep generation total 393216K, used 0K [0x00000000e8000000, 0x0000000100000000, 0x0000000100000000)
 Metaspace       used 32910K, capacity 33724K, committed 33928K, reserved 1079296K
  class space    used 4140K, capacity 4400K, committed 4524K, reserved 1048576K
2020-05-19T10:37:47.950+0000: 24.887: [GC (Allocation Failure) 2020-05-19T10:37:47.950+0000: 24.887: [ParNew
Desired survivor size 20112992 bytes, new threshold 8 (max 8)
- age   1:     625032 bytes,     625032 total
- age   2:     148968 bytes,     774000 total
- age   3:     296144 bytes,    1070144 total
- age   4:    1995400 bytes,    3065544 total
- age   5:    3251464 bytes,    6317008 total
- age   6:    2981472 bytes,    9298480 total
- age   7:     670872 bytes,    9969352 total
- age   8:    5508208 bytes,   15477560 total
: 109248K->17956K(109248K), 0.0143453 secs] 109248K->17956K(502464K), 0.0144329 secs] [Times: user=0.06 sys=0.00, real=0.01 secs] 
Heap after GC invocations=8 (full 1):
 par new generation   total 109248K, used 17956K [0x00000000e0000000, 0x00000000e8000000, 0x00000000e8000000)
  eden space 87424K,   0% used [0x00000000e0000000, 0x00000000e0000000, 0x00000000e5560000)
  from space 21824K,  82% used [0x00000000e5560000, 0x00000000e66e9180, 0x00000000e6ab0000)
  to   space 21824K,   0% used [0x00000000e6ab0000, 0x00000000e6ab0000, 0x00000000e8000000)
 concurrent mark-sweep generation total 393216K, used 0K [0x00000000e8000000, 0x0000000100000000, 0x0000000100000000)
 Metaspace       used 32910K, capacity 33724K, committed 33928K, reserved 1079296K
  class space    used 4140K, capacity 4400K, committed 4524K, reserved 1048576K
}
2020-05-19T10:37:47.965+0000: 24.901: Total time for which application threads were stopped: 0.0148678 seconds, Stopping threads took: 0.0001965 seconds
2020-05-19T10:37:48.110+0000: 25.048: Total time for which application threads were stopped: 0.0007372 seconds, Stopping threads took: 0.0000909 seconds
2020-05-19T10:37:48.111+0000: 25.048: Total time for which application threads were stopped: 0.0003302 seconds, Stopping threads took: 0.0000722 seconds
2020-05-19T10:37:48.114+0000: 25.051: Total time for which application threads were stopped: 0.0003547 seconds, Stopping threads took: 0.0000594 seconds
2020-05-19T10:37:48.212+0000: 25.149: Total time for which application threads were stopped: 0.0001129 seconds, Stopping threads took: 0.0000291 seconds
2020-05-19T10:37:48.531+0000: 25.468: Total time for which application threads were stopped: 0.0001668 seconds, Stopping threads took: 0.0000406 seconds
2020-05-19T10:37:48.533+0000: 25.470: Total time for which application threads were stopped: 0.0002076 seconds, Stopping threads took: 0.0000671 seconds
2020-05-19T10:37:48.639+0000: 25.576: Total time for which application threads were stopped: 0.0004875 seconds, Stopping threads took: 0.0003223 seconds
2020-05-19T10:37:48.646+0000: 25.583: Total time for which application threads were stopped: 0.0001588 seconds, Stopping threads took: 0.0000634 seconds
{Heap before GC invocations=8 (full 1):
 par new generation   total 109248K, used 105380K [0x00000000e0000000, 0x00000000e8000000, 0x00000000e8000000)
  eden space 87424K, 100% used [0x00000000e0000000, 0x00000000e5560000, 0x00000000e5560000)
  from space 21824K,  82% used [0x00000000e5560000, 0x00000000e66e9180, 0x00000000e6ab0000)
  to   space 21824K,   0% used [0x00000000e6ab0000, 0x00000000e6ab0000, 0x00000000e8000000)
 concurrent mark-sweep generation total 393216K, used 0K [0x00000000e8000000, 0x0000000100000000, 0x0000000100000000)
 Metaspace       used 33989K, capacity 34826K, committed 35080K, reserved 1079296K
  class space    used 4276K, capacity 4531K, committed 4652K, reserved 1048576K
2020-05-19T10:37:48.678+0000: 25.615: [GC (Allocation Failure) 2020-05-19T10:37:48.678+0000: 25.615: [ParNew
Desired survivor size 20112992 bytes, new threshold 8 (max 8)
- age   1:    2339648 bytes,    2339648 total
- age   2:     135208 bytes,    2474856 total
- age   3:     148048 bytes,    2622904 total
- age   4:     287880 bytes,    2910784 total
- age   5:    1994112 bytes,    4904896 total
- age   6:    3047184 bytes,    7952080 total
- age   7:    2980880 bytes,   10932960 total
- age   8:     669688 bytes,   11602648 total
: 105380K->16973K(109248K), 0.0438062 secs] 105380K->22929K(502464K), 0.0439016 secs] [Times: user=0.17 sys=0.02, real=0.04 secs] 
Heap after GC invocations=9 (full 1):
 par new generation   total 109248K, used 16973K [0x00000000e0000000, 0x00000000e8000000, 0x00000000e8000000)
  eden space 87424K,   0% used [0x00000000e0000000, 0x00000000e0000000, 0x00000000e5560000)
  from space 21824K,  77% used [0x00000000e6ab0000, 0x00000000e7b43520, 0x00000000e8000000)
  to   space 21824K,   0% used [0x00000000e5560000, 0x00000000e5560000, 0x00000000e6ab0000)
 concurrent mark-sweep generation total 393216K, used 5955K [0x00000000e8000000, 0x0000000100000000, 0x0000000100000000)
 Metaspace       used 33989K, capacity 34826K, committed 35080K, reserved 1079296K
  class space    used 4276K, capacity 4531K, committed 4652K, reserved 1048576K
}
2020-05-19T10:37:48.722+0000: 25.659: Total time for which application threads were stopped: 0.0441773 seconds, Stopping threads took: 0.0000425 seconds
2020-05-19T10:37:48.774+0000: 25.711: Total time for which application threads were stopped: 0.0005229 seconds, Stopping threads took: 0.0000418 seconds
{Heap before GC invocations=9 (full 1):
 par new generation   total 109248K, used 104382K [0x00000000e0000000, 0x00000000e8000000, 0x00000000e8000000)
  eden space 87424K,  99% used [0x00000000e0000000, 0x00000000e555c6d0, 0x00000000e5560000)
  from space 21824K,  77% used [0x00000000e6ab0000, 0x00000000e7b43520, 0x00000000e8000000)
  to   space 21824K,   0% used [0x00000000e5560000, 0x00000000e5560000, 0x00000000e6ab0000)
 concurrent mark-sweep generation total 393216K, used 5955K [0x00000000e8000000, 0x0000000100000000, 0x0000000100000000)
 Metaspace       used 34101K, capacity 34966K, committed 35336K, reserved 1079296K
  class space    used 4282K, capacity 4533K, committed 4652K, reserved 1048576K
2020-05-19T10:37:48.808+0000: 25.745: [GC (Allocation Failure) 2020-05-19T10:37:48.808+0000: 25.745: [ParNew
Desired survivor size 20112992 bytes, new threshold 8 (max 8)
- age   1:     556808 bytes,     556808 total
- age   2:    1323232 bytes,    1880040 total
- age   3:     135208 bytes,    2015248 total
- age   4:     147840 bytes,    2163088 total
- age   5:     287880 bytes,    2450968 total
- age   6:    1994112 bytes,    4445080 total
- age   7:    3047152 bytes,    7492232 total
- age   8:    2980880 bytes,   10473112 total
: 104382K->13376K(109248K), 0.0229575 secs] 110338K->20000K(502464K), 0.0230660 secs] [Times: user=0.02 sys=0.00, real=0.02 secs] 
Heap after GC invocations=10 (full 1):
 par new generation   total 109248K, used 13376K [0x00000000e0000000, 0x00000000e8000000, 0x00000000e8000000)
  eden space 87424K,   0% used [0x00000000e0000000, 0x00000000e0000000, 0x00000000e5560000)
  from space 21824K,  61% used [0x00000000e5560000, 0x00000000e62701d0, 0x00000000e6ab0000)
  to   space 21824K,   0% used [0x00000000e6ab0000, 0x00000000e6ab0000, 0x00000000e8000000)
 concurrent mark-sweep generation total 393216K, used 6623K [0x00000000e8000000, 0x0000000100000000, 0x0000000100000000)
 Metaspace       used 34101K, capacity 34966K, committed 35336K, reserved 1079296K
  class space    used 4282K, capacity 4533K, committed 4652K, reserved 1048576K
}
2020-05-19T10:37:48.832+0000: 25.768: Total time for which application threads were stopped: 0.0233223 seconds, Stopping threads took: 0.0000352 seconds
2020-05-19T10:37:48.977+0000: 25.915: Total time for which application threads were stopped: 0.0001289 seconds, Stopping threads took: 0.0000503 seconds
2020-05-19T10:37:49.942+0000: 26.880: Total time for which application threads were stopped: 0.0001615 seconds, Stopping threads took: 0.0000322 seconds
2020-05-19T10:37:50.004+0000: 26.942: Total time for which application threads were stopped: 0.0001185 seconds, Stopping threads took: 0.0000537 seconds
2020-05-19T10:37:50.004+0000: 26.942: Total time for which application threads were stopped: 0.0001022 seconds, Stopping threads took: 0.0000499 seconds
2020-05-19T10:37:50.005+0000: 26.942: Total time for which application threads were stopped: 0.0000753 seconds, Stopping threads took: 0.0000406 seconds
2020-05-19T10:37:50.010+0000: 26.947: Total time for which application threads were stopped: 0.0001025 seconds, Stopping threads took: 0.0000347 seconds
2020-05-19T10:37:50.010+0000: 26.947: Total time for which application threads were stopped: 0.0000754 seconds, Stopping threads took: 0.0000252 seconds
2020-05-19T10:37:50.024+0000: 26.962: Total time for which application threads were stopped: 0.0004457 seconds, Stopping threads took: 0.0000297 seconds
2020-05-19T10:37:50.078+0000: 27.015: Total time for which application threads were stopped: 0.0001653 seconds, Stopping threads took: 0.0000937 seconds
2020-05-19T10:37:50.089+0000: 27.027: Total time for which application threads were stopped: 0.0001169 seconds, Stopping threads took: 0.0000468 seconds
2020-05-19T10:37:50.090+0000: 27.027: Total time for which application threads were stopped: 0.0001545 seconds, Stopping threads took: 0.0000556 seconds
2020-05-19T10:37:50.092+0000: 27.029: Total time for which application threads were stopped: 0.0002619 seconds, Stopping threads took: 0.0001718 seconds
2020-05-19T10:37:50.092+0000: 27.030: Total time for which application threads were stopped: 0.0001851 seconds, Stopping threads took: 0.0001148 seconds
{Heap before GC invocations=10 (full 1):
 par new generation   total 109248K, used 100800K [0x00000000e0000000, 0x00000000e8000000, 0x00000000e8000000)
  eden space 87424K, 100% used [0x00000000e0000000, 0x00000000e5560000, 0x00000000e5560000)
  from space 21824K,  61% used [0x00000000e5560000, 0x00000000e62701d0, 0x00000000e6ab0000)
  to   space 21824K,   0% used [0x00000000e6ab0000, 0x00000000e6ab0000, 0x00000000e8000000)
 concurrent mark-sweep generation total 393216K, used 6623K [0x00000000e8000000, 0x0000000100000000, 0x0000000100000000)
 Metaspace       used 35189K, capacity 36246K, committed 36488K, reserved 1081344K
  class space    used 4394K, capacity 4679K, committed 4780K, reserved 1048576K
2020-05-19T10:37:50.093+0000: 27.030: [GC (Allocation Failure) 2020-05-19T10:37:50.093+0000: 27.030: [ParNew
Desired survivor size 20112992 bytes, new threshold 8 (max 8)
- age   1:    2537376 bytes,    2537376 total
- age   2:     162112 bytes,    2699488 total
- age   3:     426208 bytes,    3125696 total
- age   4:     135208 bytes,    3260904 total
- age   5:     147840 bytes,    3408744 total
- age   6:     287864 bytes,    3696608 total
- age   7:     778360 bytes,    4474968 total
- age   8:    3045688 bytes,    7520656 total
: 100800K->10055K(109248K), 0.0130569 secs] 107424K->19651K(502464K), 0.0131338 secs] [Times: user=0.06 sys=0.00, real=0.01 secs] 
Heap after GC invocations=11 (full 1):
 par new generation   total 109248K, used 10055K [0x00000000e0000000, 0x00000000e8000000, 0x00000000e8000000)
  eden space 87424K,   0% used [0x00000000e0000000, 0x00000000e0000000, 0x00000000e5560000)
  from space 21824K,  46% used [0x00000000e6ab0000, 0x00000000e7481ff8, 0x00000000e8000000)
  to   space 21824K,   0% used [0x00000000e5560000, 0x00000000e5560000, 0x00000000e6ab0000)
 concurrent mark-sweep generation total 393216K, used 9595K [0x00000000e8000000, 0x0000000100000000, 0x0000000100000000)
 Metaspace       used 35189K, capacity 36246K, committed 36488K, reserved 1081344K
  class space    used 4394K, capacity 4679K, committed 4780K, reserved 1048576K
}
2020-05-19T10:37:50.106+0000: 27.043: Total time for which application threads were stopped: 0.0134267 seconds, Stopping threads took: 0.0001300 seconds
2020-05-19T10:37:50.109+0000: 27.046: Total time for which application threads were stopped: 0.0002908 seconds, Stopping threads took: 0.0000402 seconds
2020-05-19T10:37:50.116+0000: 27.053: Total time for which application threads were stopped: 0.0001565 seconds, Stopping threads took: 0.0000362 seconds
2020-05-19T10:37:50.234+0000: 27.171: Total time for which application threads were stopped: 0.0000818 seconds, Stopping threads took: 0.0000279 seconds
2020-05-19T10:37:50.274+0000: 27.211: Total time for which application threads were stopped: 0.0001581 seconds, Stopping threads took: 0.0000330 seconds
2020-05-19T10:37:50.337+0000: 27.275: Total time for which application threads were stopped: 0.0003022 seconds, Stopping threads took: 0.0002137 seconds
2020-05-19T10:37:50.476+0000: 27.413: Total time for which application threads were stopped: 0.0003449 seconds, Stopping threads took: 0.0000559 seconds
2020-05-19T10:37:50.493+0000: 27.430: Total time for which application threads were stopped: 0.0001217 seconds, Stopping threads took: 0.0000569 seconds
2020-05-19T10:37:50.494+0000: 27.431: Total time for which application threads were stopped: 0.0001897 seconds, Stopping threads took: 0.0001230 seconds
{Heap before GC invocations=11 (full 1):
 par new generation   total 109248K, used 97479K [0x00000000e0000000, 0x00000000e8000000, 0x00000000e8000000)
  eden space 87424K, 100% used [0x00000000e0000000, 0x00000000e5560000, 0x00000000e5560000)
  from space 21824K,  46% used [0x00000000e6ab0000, 0x00000000e7481ff8, 0x00000000e8000000)
  to   space 21824K,   0% used [0x00000000e5560000, 0x00000000e5560000, 0x00000000e6ab0000)
 concurrent mark-sweep generation total 393216K, used 9595K [0x00000000e8000000, 0x0000000100000000, 0x0000000100000000)
 Metaspace       used 36717K, capacity 37768K, committed 38024K, reserved 1083392K
  class space    used 4626K, capacity 4912K, committed 5036K, reserved 1048576K
2020-05-19T10:37:50.515+0000: 27.452: [GC (Allocation Failure) 2020-05-19T10:37:50.515+0000: 27.452: [ParNew
Desired survivor size 20112992 bytes, new threshold 8 (max 8)
- age   1:    2504344 bytes,    2504344 total
- age   2:    1953152 bytes,    4457496 total
- age   3:     162080 bytes,    4619576 total
- age   4:     425144 bytes,    5044720 total
- age   5:     135208 bytes,    5179928 total
- age   6:     147840 bytes,    5327768 total
- age   7:     281944 bytes,    5609712 total
- age   8:     775336 bytes,    6385048 total
: 97479K->8381K(109248K), 0.0116901 secs] 107075K->20970K(502464K), 0.0118405 secs] [Times: user=0.06 sys=0.00, real=0.01 secs] 
Heap after GC invocations=12 (full 1):
 par new generation   total 109248K, used 8381K [0x00000000e0000000, 0x00000000e8000000, 0x00000000e8000000)
  eden space 87424K,   0% used [0x00000000e0000000, 0x00000000e0000000, 0x00000000e5560000)
  from space 21824K,  38% used [0x00000000e5560000, 0x00000000e5d8f5c0, 0x00000000e6ab0000)
  to   space 21824K,   0% used [0x00000000e6ab0000, 0x00000000e6ab0000, 0x00000000e8000000)
 concurrent mark-sweep generation total 393216K, used 12589K [0x00000000e8000000, 0x0000000100000000, 0x0000000100000000)
 Metaspace       used 36717K, capacity 37768K, committed 38024K, reserved 1083392K
  class space    used 4626K, capacity 4912K, committed 5036K, reserved 1048576K
}
2020-05-19T10:37:50.527+0000: 27.464: Total time for which application threads were stopped: 0.0122736 seconds, Stopping threads took: 0.0001416 seconds
2020-05-19T10:37:50.613+0000: 27.549: Total time for which application threads were stopped: 0.0001311 seconds, Stopping threads took: 0.0000355 seconds
2020-05-19T10:37:50.613+0000: 27.550: Total time for which application threads were stopped: 0.0001265 seconds, Stopping threads took: 0.0000470 seconds
2020-05-19T10:37:50.703+0000: 27.641: Total time for which application threads were stopped: 0.0001214 seconds, Stopping threads took: 0.0000410 seconds
2020-05-19T10:37:50.704+0000: 27.642: Total time for which application threads were stopped: 0.0001555 seconds, Stopping threads took: 0.0000467 seconds
2020-05-19T10:37:50.728+0000: 27.666: Total time for which application threads were stopped: 0.0001825 seconds, Stopping threads took: 0.0000364 seconds
2020-05-19T10:37:50.875+0000: 27.812: Total time for which application threads were stopped: 0.0002855 seconds, Stopping threads took: 0.0000436 seconds
{Heap before GC invocations=12 (full 1):
 par new generation   total 109248K, used 95805K [0x00000000e0000000, 0x00000000e8000000, 0x00000000e8000000)
  eden space 87424K, 100% used [0x00000000e0000000, 0x00000000e5560000, 0x00000000e5560000)
  from space 21824K,  38% used [0x00000000e5560000, 0x00000000e5d8f5c0, 0x00000000e6ab0000)
  to   space 21824K,   0% used [0x00000000e6ab0000, 0x00000000e6ab0000, 0x00000000e8000000)
 concurrent mark-sweep generation total 393216K, used 12589K [0x00000000e8000000, 0x0000000100000000, 0x0000000100000000)
 Metaspace       used 37245K, capacity 38312K, committed 38536K, reserved 1083392K
  class space    used 4672K, capacity 4966K, committed 5036K, reserved 1048576K
2020-05-19T10:37:50.926+0000: 27.862: [GC (Allocation Failure) 2020-05-19T10:37:50.926+0000: 27.862: [ParNew
Desired survivor size 20112992 bytes, new threshold 8 (max 8)
- age   1:    3983288 bytes,    3983288 total
- age   2:     978392 bytes,    4961680 total
- age   3:    1949784 bytes,    6911464 total
- age   4:     162016 bytes,    7073480 total
- age   5:     422928 bytes,    7496408 total
- age   6:     134696 bytes,    7631104 total
- age   7:     146672 bytes,    7777776 total
- age   8:     280440 bytes,    8058216 total
: 95805K->9311K(109248K), 0.0102330 secs] 108394K->22663K(502464K), 0.0103334 secs] [Times: user=0.06 sys=0.00, real=0.01 secs] 
Heap after GC invocations=13 (full 1):
 par new generation   total 109248K, used 9311K [0x00000000e0000000, 0x00000000e8000000, 0x00000000e8000000)
  eden space 87424K,   0% used [0x00000000e0000000, 0x00000000e0000000, 0x00000000e5560000)
  from space 21824K,  42% used [0x00000000e6ab0000, 0x00000000e73c7da8, 0x00000000e8000000)
  to   space 21824K,   0% used [0x00000000e5560000, 0x00000000e5560000, 0x00000000e6ab0000)
 concurrent mark-sweep generation total 393216K, used 13352K [0x00000000e8000000, 0x0000000100000000, 0x0000000100000000)
 Metaspace       used 37245K, capacity 38312K, committed 38536K, reserved 1083392K
  class space    used 4672K, capacity 4966K, committed 5036K, reserved 1048576K
}
2020-05-19T10:37:50.936+0000: 27.873: Total time for which application threads were stopped: 0.0106053 seconds, Stopping threads took: 0.0000466 seconds
2020-05-19T10:37:51.230+0000: 28.167: Total time for which application threads were stopped: 0.0001895 seconds, Stopping threads took: 0.0000391 seconds
2020-05-19T10:37:51.254+0000: 28.191: Total time for which application threads were stopped: 0.0002158 seconds, Stopping threads took: 0.0001251 seconds
2020-05-19T10:37:51.262+0000: 28.199: Total time for which application threads were stopped: 0.0001458 seconds, Stopping threads took: 0.0000354 seconds
2020-05-19T10:37:51.278+0000: 28.215: Total time for which application threads were stopped: 0.0001477 seconds, Stopping threads took: 0.0000453 seconds
2020-05-19T10:37:51.405+0000: 28.341: Total time for which application threads were stopped: 0.0004795 seconds, Stopping threads took: 0.0000317 seconds
{Heap before GC invocations=13 (full 1):
 par new generation   total 109248K, used 96735K [0x00000000e0000000, 0x00000000e8000000, 0x00000000e8000000)
  eden space 87424K, 100% used [0x00000000e0000000, 0x00000000e5560000, 0x00000000e5560000)
  from space 21824K,  42% used [0x00000000e6ab0000, 0x00000000e73c7da8, 0x00000000e8000000)
  to   space 21824K,   0% used [0x00000000e5560000, 0x00000000e5560000, 0x00000000e6ab0000)
 concurrent mark-sweep generation total 393216K, used 13352K [0x00000000e8000000, 0x0000000100000000, 0x0000000100000000)
 Metaspace       used 39278K, capacity 40520K, committed 40584K, reserved 1085440K
  class space    used 4980K, capacity 5282K, committed 5292K, reserved 1048576K
2020-05-19T10:37:51.560+0000: 28.498: [GC (Allocation Failure) 2020-05-19T10:37:51.560+0000: 28.498: [ParNew
Desired survivor size 20112992 bytes, new threshold 8 (max 8)
- age   1:   11088952 bytes,   11088952 total
- age   2:    2899008 bytes,   13987960 total
- age   3:     966976 bytes,   14954936 total
- age   4:    1948048 bytes,   16902984 total
- age   5:     162088 bytes,   17065072 total
- age   6:     422704 bytes,   17487776 total
- age   7:     134568 bytes,   17622344 total
- age   8:     146608 bytes,   17768952 total
: 96735K->20245K(109248K), 0.0167400 secs] 110087K->33878K(502464K), 0.0168211 secs] [Times: user=0.06 sys=0.00, real=0.02 secs] 
Heap after GC invocations=14 (full 1):
 par new generation   total 109248K, used 20245K [0x00000000e0000000, 0x00000000e8000000, 0x00000000e8000000)
  eden space 87424K,   0% used [0x00000000e0000000, 0x00000000e0000000, 0x00000000e5560000)
  from space 21824K,  92% used [0x00000000e5560000, 0x00000000e6925600, 0x00000000e6ab0000)
  to   space 21824K,   0% used [0x00000000e6ab0000, 0x00000000e6ab0000, 0x00000000e8000000)
 concurrent mark-sweep generation total 393216K, used 13632K [0x00000000e8000000, 0x0000000100000000, 0x0000000100000000)
 Metaspace       used 39278K, capacity 40520K, committed 40584K, reserved 1085440K
  class space    used 4980K, capacity 5282K, committed 5292K, reserved 1048576K
}
2020-05-19T10:37:51.577+0000: 28.514: Total time for which application threads were stopped: 0.0170868 seconds, Stopping threads took: 0.0000275 seconds
2020-05-19T10:37:51.597+0000: 28.534: Total time for which application threads were stopped: 0.0011844 seconds, Stopping threads took: 0.0000688 seconds
2020-05-19T10:37:51.742+0000: 28.678: Total time for which application threads were stopped: 0.0001637 seconds, Stopping threads took: 0.0000401 seconds
2020-05-19T10:37:51.757+0000: 28.694: Total time for which application threads were stopped: 0.0053438 seconds, Stopping threads took: 0.0052098 seconds
2020-05-19T10:37:51.790+0000: 28.726: Total time for which application threads were stopped: 0.0006005 seconds, Stopping threads took: 0.0000358 seconds
2020-05-19T10:37:51.988+0000: 28.924: Total time for which application threads were stopped: 0.0007398 seconds, Stopping threads took: 0.0000560 seconds
2020-05-19T10:37:52.210+0000: 29.147: Total time for which application threads were stopped: 0.0004691 seconds, Stopping threads took: 0.0000229 seconds
2020-05-19T10:37:52.215+0000: 29.152: Total time for which application threads were stopped: 0.0001224 seconds, Stopping threads took: 0.0000280 seconds
2020-05-19T10:37:52.234+0000: 29.171: Total time for which application threads were stopped: 0.0001384 seconds, Stopping threads took: 0.0000377 seconds
2020-05-19T10:37:52.378+0000: 29.315: Total time for which application threads were stopped: 0.0001220 seconds, Stopping threads took: 0.0000283 seconds
2020-05-19T10:37:52.378+0000: 29.316: Total time for which application threads were stopped: 0.0000813 seconds, Stopping threads took: 0.0000180 seconds
2020-05-19T10:37:52.460+0000: 29.396: Total time for which application threads were stopped: 0.0002318 seconds, Stopping threads took: 0.0000632 seconds
2020-05-19T10:37:52.461+0000: 29.397: Total time for which application threads were stopped: 0.0001195 seconds, Stopping threads took: 0.0000489 seconds
2020-05-19T10:37:52.461+0000: 29.398: Total time for which application threads were stopped: 0.0001270 seconds, Stopping threads took: 0.0000506 seconds
2020-05-19T10:37:52.462+0000: 29.399: Total time for which application threads were stopped: 0.0001502 seconds, Stopping threads took: 0.0000501 seconds
2020-05-19T10:37:52.462+0000: 29.399: Total time for which application threads were stopped: 0.0001137 seconds, Stopping threads took: 0.0000363 seconds
2020-05-19T10:37:52.491+0000: 29.427: Total time for which application threads were stopped: 0.0001188 seconds, Stopping threads took: 0.0000502 seconds
{Heap before GC invocations=14 (full 1):
 par new generation   total 109248K, used 107669K [0x00000000e0000000, 0x00000000e8000000, 0x00000000e8000000)
  eden space 87424K, 100% used [0x00000000e0000000, 0x00000000e5560000, 0x00000000e5560000)
  from space 21824K,  92% used [0x00000000e5560000, 0x00000000e6925600, 0x00000000e6ab0000)
  to   space 21824K,   0% used [0x00000000e6ab0000, 0x00000000e6ab0000, 0x00000000e8000000)
 concurrent mark-sweep generation total 393216K, used 13632K [0x00000000e8000000, 0x0000000100000000, 0x0000000100000000)
 Metaspace       used 40964K, capacity 42362K, committed 42504K, reserved 1085440K
  class space    used 5204K, capacity 5565K, committed 5676K, reserved 1048576K
2020-05-19T10:37:52.626+0000: 29.562: [GC (Allocation Failure) 2020-05-19T10:37:52.626+0000: 29.562: [ParNew
Desired survivor size 20112992 bytes, new threshold 5 (max 8)
- age   1:   13763632 bytes,   13763632 total
- age   2:    3627936 bytes,   17391568 total
- age   3:    1527928 bytes,   18919496 total
- age   4:     805480 bytes,   19724976 total
- age   5:    1918584 bytes,   21643560 total
- age   6:     161968 bytes,   21805528 total
- age   7:     409024 bytes,   22214552 total
- age   8:     133072 bytes,   22347624 total
: 107669K->21824K(109248K), 0.0497614 secs] 121302K->48118K(502464K), 0.0498327 secs] [Times: user=0.17 sys=0.02, real=0.05 secs] 
Heap after GC invocations=15 (full 1):
 par new generation   total 109248K, used 21824K [0x00000000e0000000, 0x00000000e8000000, 0x00000000e8000000)
  eden space 87424K,   0% used [0x00000000e0000000, 0x00000000e0000000, 0x00000000e5560000)
  from space 21824K, 100% used [0x00000000e6ab0000, 0x00000000e8000000, 0x00000000e8000000)
  to   space 21824K,   0% used [0x00000000e5560000, 0x00000000e5560000, 0x00000000e6ab0000)
 concurrent mark-sweep generation total 393216K, used 26294K [0x00000000e8000000, 0x0000000100000000, 0x0000000100000000)
 Metaspace       used 40964K, capacity 42362K, committed 42504K, reserved 1085440K
  class space    used 5204K, capacity 5565K, committed 5676K, reserved 1048576K
}
2020-05-19T10:37:52.675+0000: 29.612: Total time for which application threads were stopped: 0.0500960 seconds, Stopping threads took: 0.0000636 seconds
2020-05-19T10:37:52.676+0000: 29.613: Total time for which application threads were stopped: 0.0001772 seconds, Stopping threads took: 0.0000645 seconds
2020-05-19T10:37:52.676+0000: 29.613: Total time for which application threads were stopped: 0.0000655 seconds, Stopping threads took: 0.0000212 seconds
2020-05-19T10:37:52.721+0000: 29.657: Total time for which application threads were stopped: 0.0003640 seconds, Stopping threads took: 0.0000705 seconds
2020-05-19T10:37:52.730+0000: 29.667: Total time for which application threads were stopped: 0.0001587 seconds, Stopping threads took: 0.0000498 seconds
2020-05-19T10:37:52.938+0000: 29.875: Total time for which application threads were stopped: 0.0001202 seconds, Stopping threads took: 0.0000267 seconds
2020-05-19T10:37:52.938+0000: 29.875: Total time for which application threads were stopped: 0.0000840 seconds, Stopping threads took: 0.0000381 seconds
2020-05-19T10:38:20.333+0000: 57.269: Total time for which application threads were stopped: 0.0001256 seconds, Stopping threads took: 0.0000469 seconds
2020-05-19T10:38:20.333+0000: 57.270: Total time for which application threads were stopped: 0.0001212 seconds, Stopping threads took: 0.0000687 seconds
2020-05-19T10:38:20.333+0000: 57.270: Total time for which application threads were stopped: 0.0001077 seconds, Stopping threads took: 0.0000707 seconds
2020-05-19T10:38:20.333+0000: 57.270: Total time for which application threads were stopped: 0.0001068 seconds, Stopping threads took: 0.0000744 seconds
2020-05-19T10:38:20.333+0000: 57.270: Total time for which application threads were stopped: 0.0000558 seconds, Stopping threads took: 0.0000280 seconds
2020-05-19T10:38:20.482+0000: 57.418: Total time for which application threads were stopped: 0.0000658 seconds, Stopping threads took: 0.0000198 seconds
2020-05-19T10:38:20.497+0000: 57.434: Total time for which application threads were stopped: 0.0000946 seconds, Stopping threads took: 0.0000241 seconds
2020-05-19T10:38:20.498+0000: 57.434: Total time for which application threads were stopped: 0.0000712 seconds, Stopping threads took: 0.0000226 seconds
2020-05-19T10:38:22.286+0000: 59.223: Total time for which application threads were stopped: 0.0001435 seconds, Stopping threads took: 0.0000576 seconds
2020-05-19T10:38:22.287+0000: 59.224: Total time for which application threads were stopped: 0.0001503 seconds, Stopping threads took: 0.0000564 seconds
2020-05-19T10:38:22.287+0000: 59.224: Total time for which application threads were stopped: 0.0001135 seconds, Stopping threads took: 0.0000463 seconds
2020-05-19T10:38:22.287+0000: 59.224: Total time for which application threads were stopped: 0.0001659 seconds, Stopping threads took: 0.0000964 seconds
2020-05-19T10:38:22.346+0000: 59.282: Total time for which application threads were stopped: 0.0001379 seconds, Stopping threads took: 0.0000345 seconds
2020-05-19T10:38:22.346+0000: 59.283: Total time for which application threads were stopped: 0.0000790 seconds, Stopping threads took: 0.0000236 seconds
2020-05-19T10:38:22.346+0000: 59.283: Total time for which application threads were stopped: 0.0000867 seconds, Stopping threads took: 0.0000208 seconds
2020-05-19T10:38:22.346+0000: 59.283: Total time for which application threads were stopped: 0.0001438 seconds, Stopping threads took: 0.0000497 seconds
2020-05-19T10:38:22.346+0000: 59.283: Total time for which application threads were stopped: 0.0000915 seconds, Stopping threads took: 0.0000373 seconds
2020-05-19T10:38:22.348+0000: 59.285: Total time for which application threads were stopped: 0.0002131 seconds, Stopping threads took: 0.0000648 seconds
2020-05-19T10:38:22.348+0000: 59.285: Total time for which application threads were stopped: 0.0002748 seconds, Stopping threads took: 0.0000640 seconds
2020-05-19T10:38:40.144+0000: 77.081: Total time for which application threads were stopped: 0.0004580 seconds, Stopping threads took: 0.0000277 seconds
2020-05-19T10:38:40.180+0000: 77.116: Total time for which application threads were stopped: 0.0001320 seconds, Stopping threads took: 0.0000541 seconds
2020-05-19T10:38:40.196+0000: 77.133: Total time for which application threads were stopped: 0.0000734 seconds, Stopping threads took: 0.0000230 seconds
2020-05-19T10:38:40.244+0000: 77.181: Total time for which application threads were stopped: 0.0004810 seconds, Stopping threads took: 0.0000376 seconds
2020-05-19T10:38:40.255+0000: 77.192: Total time for which application threads were stopped: 0.0000698 seconds, Stopping threads took: 0.0000201 seconds
2020-05-19T10:38:40.259+0000: 77.196: Total time for which application threads were stopped: 0.0002500 seconds, Stopping threads took: 0.0000329 seconds
2020-05-19T10:38:40.261+0000: 77.198: Total time for which application threads were stopped: 0.0001566 seconds, Stopping threads took: 0.0001026 seconds
2020-05-19T10:38:40.263+0000: 77.200: Total time for which application threads were stopped: 0.0000856 seconds, Stopping threads took: 0.0000311 seconds
2020-05-19T10:38:41.263+0000: 78.200: Total time for which application threads were stopped: 0.0001088 seconds, Stopping threads took: 0.0000368 seconds
2020-05-19T10:38:44.804+0000: 81.742: Total time for which application threads were stopped: 0.0001614 seconds, Stopping threads took: 0.0000676 seconds
2020-05-19T10:38:44.804+0000: 81.742: Total time for which application threads were stopped: 0.0002758 seconds, Stopping threads took: 0.0002024 seconds
2020-05-19T10:38:44.805+0000: 81.742: Total time for which application threads were stopped: 0.0000953 seconds, Stopping threads took: 0.0000322 seconds
2020-05-19T10:38:44.805+0000: 81.742: Total time for which application threads were stopped: 0.0000863 seconds, Stopping threads took: 0.0000195 seconds
2020-05-19T10:38:44.805+0000: 81.742: Total time for which application threads were stopped: 0.0001934 seconds, Stopping threads took: 0.0001194 seconds
2020-05-19T10:38:44.805+0000: 81.743: Total time for which application threads were stopped: 0.0000849 seconds, Stopping threads took: 0.0000182 seconds
2020-05-19T10:38:44.805+0000: 81.743: Total time for which application threads were stopped: 0.0000619 seconds, Stopping threads took: 0.0000178 seconds
2020-05-19T10:38:44.815+0000: 81.752: Total time for which application threads were stopped: 0.0003895 seconds, Stopping threads took: 0.0002756 seconds
2020-05-19T10:38:44.815+0000: 81.752: Total time for which application threads were stopped: 0.0001069 seconds, Stopping threads took: 0.0000260 seconds
2020-05-19T10:38:44.815+0000: 81.753: Total time for which application threads were stopped: 0.0001281 seconds, Stopping threads took: 0.0000448 seconds
2020-05-19T10:38:44.819+0000: 81.756: Total time for which application threads were stopped: 0.0001060 seconds, Stopping threads took: 0.0000333 seconds
2020-05-19T10:38:44.819+0000: 81.756: Total time for which application threads were stopped: 0.0001034 seconds, Stopping threads took: 0.0000252 seconds
2020-05-19T10:38:44.819+0000: 81.756: Total time for which application threads were stopped: 0.0000705 seconds, Stopping threads took: 0.0000246 seconds
2020-05-19T10:38:44.819+0000: 81.757: Total time for which application threads were stopped: 0.0000559 seconds, Stopping threads took: 0.0000194 seconds
2020-05-19T10:38:44.822+0000: 81.759: Total time for which application threads were stopped: 0.0001171 seconds, Stopping threads took: 0.0000374 seconds
2020-05-19T10:38:44.822+0000: 81.760: Total time for which application threads were stopped: 0.0001081 seconds, Stopping threads took: 0.0000239 seconds
2020-05-19T10:38:44.822+0000: 81.760: Total time for which application threads were stopped: 0.0000657 seconds, Stopping threads took: 0.0000199 seconds
2020-05-19T10:38:44.825+0000: 81.762: Total time for which application threads were stopped: 0.0001265 seconds, Stopping threads took: 0.0000402 seconds
2020-05-19T10:38:44.825+0000: 81.762: Total time for which application threads were stopped: 0.0001006 seconds, Stopping threads took: 0.0000379 seconds
2020-05-19T10:38:44.825+0000: 81.763: Total time for which application threads were stopped: 0.0001141 seconds, Stopping threads took: 0.0000282 seconds
2020-05-19T10:38:45.826+0000: 82.763: Total time for which application threads were stopped: 0.0001204 seconds, Stopping threads took: 0.0000337 seconds
2020-05-19T10:39:29.850+0000: 126.787: Total time for which application threads were stopped: 0.0001943 seconds, Stopping threads took: 0.0000509 seconds
2020-05-19T10:39:33.647+0000: 130.584: Total time for which application threads were stopped: 0.0001306 seconds, Stopping threads took: 0.0000422 seconds
2020-05-19T10:39:33.648+0000: 130.585: Total time for which application threads were stopped: 0.0000772 seconds, Stopping threads took: 0.0000272 seconds
2020-05-19T10:39:33.649+0000: 130.586: Total time for which application threads were stopped: 0.0000649 seconds, Stopping threads took: 0.0000199 seconds
2020-05-19T10:39:33.652+0000: 130.588: Total time for which application threads were stopped: 0.0001022 seconds, Stopping threads took: 0.0000331 seconds
2020-05-19T10:39:33.666+0000: 130.603: Total time for which application threads were stopped: 0.0000725 seconds, Stopping threads took: 0.0000254 seconds
2020-05-19T10:39:33.666+0000: 130.603: Total time for which application threads were stopped: 0.0000551 seconds, Stopping threads took: 0.0000157 seconds
2020-05-19T10:39:33.666+0000: 130.603: Total time for which application threads were stopped: 0.0000496 seconds, Stopping threads took: 0.0000116 seconds
2020-05-19T10:39:33.666+0000: 130.603: Total time for which application threads were stopped: 0.0000453 seconds, Stopping threads took: 0.0000141 seconds
2020-05-19T10:39:33.667+0000: 130.603: Total time for which application threads were stopped: 0.0000430 seconds, Stopping threads took: 0.0000127 seconds
2020-05-19T10:39:33.667+0000: 130.603: Total time for which application threads were stopped: 0.0000360 seconds, Stopping threads took: 0.0000086 seconds
2020-05-19T10:39:33.667+0000: 130.604: Total time for which application threads were stopped: 0.0000325 seconds, Stopping threads took: 0.0000098 seconds
2020-05-19T10:39:33.667+0000: 130.604: Total time for which application threads were stopped: 0.0000323 seconds, Stopping threads took: 0.0000101 seconds
2020-05-19T10:39:33.667+0000: 130.604: Total time for which application threads were stopped: 0.0000340 seconds, Stopping threads took: 0.0000081 seconds
2020-05-19T10:39:33.667+0000: 130.604: Total time for which application threads were stopped: 0.0000374 seconds, Stopping threads took: 0.0000119 seconds
2020-05-19T10:39:33.667+0000: 130.604: Total time for which application threads were stopped: 0.0000327 seconds, Stopping threads took: 0.0000102 seconds
2020-05-19T10:39:33.667+0000: 130.604: Total time for which application threads were stopped: 0.0000298 seconds, Stopping threads took: 0.0000077 seconds
2020-05-19T10:39:33.668+0000: 130.604: Total time for which application threads were stopped: 0.0000337 seconds, Stopping threads took: 0.0000092 seconds
2020-05-19T10:39:33.668+0000: 130.604: Total time for which application threads were stopped: 0.0000323 seconds, Stopping threads took: 0.0000100 seconds
2020-05-19T10:39:33.668+0000: 130.605: Total time for which application threads were stopped: 0.0000313 seconds, Stopping threads took: 0.0000080 seconds
2020-05-19T10:39:33.668+0000: 130.605: Total time for which application threads were stopped: 0.0000366 seconds, Stopping threads took: 0.0000140 seconds
2020-05-19T10:39:33.668+0000: 130.605: Total time for which application threads were stopped: 0.0000321 seconds, Stopping threads took: 0.0000101 seconds
2020-05-19T10:39:33.668+0000: 130.605: Total time for which application threads were stopped: 0.0000311 seconds, Stopping threads took: 0.0000079 seconds
2020-05-19T10:39:33.669+0000: 130.605: Total time for which application threads were stopped: 0.0000327 seconds, Stopping threads took: 0.0000101 seconds
2020-05-19T10:39:33.669+0000: 130.605: Total time for which application threads were stopped: 0.0000321 seconds, Stopping threads took: 0.0000100 seconds
2020-05-19T10:39:33.669+0000: 130.605: Total time for which application threads were stopped: 0.0000311 seconds, Stopping threads took: 0.0000079 seconds
2020-05-19T10:39:33.669+0000: 130.605: Total time for which application threads were stopped: 0.0000325 seconds, Stopping threads took: 0.0000100 seconds
2020-05-19T10:39:33.669+0000: 130.606: Total time for which application threads were stopped: 0.0000320 seconds, Stopping threads took: 0.0000100 seconds
2020-05-19T10:39:33.669+0000: 130.606: Total time for which application threads were stopped: 0.0000295 seconds, Stopping threads took: 0.0000075 seconds
2020-05-19T10:39:33.669+0000: 130.606: Total time for which application threads were stopped: 0.0000305 seconds, Stopping threads took: 0.0000094 seconds
2020-05-19T10:39:33.669+0000: 130.606: Total time for which application threads were stopped: 0.0000299 seconds, Stopping threads took: 0.0000093 seconds
2020-05-19T10:39:33.669+0000: 130.606: Total time for which application threads were stopped: 0.0000289 seconds, Stopping threads took: 0.0000073 seconds
2020-05-19T10:39:33.670+0000: 130.606: Total time for which application threads were stopped: 0.0000430 seconds, Stopping threads took: 0.0000089 seconds
2020-05-19T10:39:33.670+0000: 130.606: Total time for which application threads were stopped: 0.0000293 seconds, Stopping threads took: 0.0000090 seconds
2020-05-19T10:39:33.670+0000: 130.606: Total time for which application threads were stopped: 0.0000288 seconds, Stopping threads took: 0.0000075 seconds
2020-05-19T10:39:33.670+0000: 130.607: Total time for which application threads were stopped: 0.0001102 seconds, Stopping threads took: 0.0000095 seconds
2020-05-19T10:39:33.670+0000: 130.607: Total time for which application threads were stopped: 0.0001521 seconds, Stopping threads took: 0.0000191 seconds
2020-05-19T10:39:33.671+0000: 130.608: Total time for which application threads were stopped: 0.0003914 seconds, Stopping threads took: 0.0001646 seconds
2020-05-19T10:39:33.672+0000: 130.609: Total time for which application threads were stopped: 0.0002357 seconds, Stopping threads took: 0.0000505 seconds
2020-05-19T10:39:33.672+0000: 130.609: Total time for which application threads were stopped: 0.0000834 seconds, Stopping threads took: 0.0000200 seconds
2020-05-19T10:39:33.673+0000: 130.609: Total time for which application threads were stopped: 0.0000655 seconds, Stopping threads took: 0.0000175 seconds
2020-05-19T10:39:33.676+0000: 130.612: Total time for which application threads were stopped: 0.0001344 seconds, Stopping threads took: 0.0000815 seconds
2020-05-19T10:39:33.676+0000: 130.613: Total time for which application threads were stopped: 0.0001162 seconds, Stopping threads took: 0.0000807 seconds
2020-05-19T10:39:33.701+0000: 130.637: Total time for which application threads were stopped: 0.0001290 seconds, Stopping threads took: 0.0000494 seconds
2020-05-19T10:39:33.702+0000: 130.638: Total time for which application threads were stopped: 0.0000874 seconds, Stopping threads took: 0.0000257 seconds
2020-05-19T10:39:33.702+0000: 130.638: Total time for which application threads were stopped: 0.0000684 seconds, Stopping threads took: 0.0000176 seconds
2020-05-19T10:39:33.702+0000: 130.638: Total time for which application threads were stopped: 0.0000956 seconds, Stopping threads took: 0.0000148 seconds
2020-05-19T10:39:33.702+0000: 130.639: Total time for which application threads were stopped: 0.0000513 seconds, Stopping threads took: 0.0000151 seconds
2020-05-19T10:39:33.702+0000: 130.639: Total time for which application threads were stopped: 0.0000493 seconds, Stopping threads took: 0.0000132 seconds
2020-05-19T10:39:33.703+0000: 130.639: Total time for which application threads were stopped: 0.0000382 seconds, Stopping threads took: 0.0000122 seconds
2020-05-19T10:39:33.703+0000: 130.639: Total time for which application threads were stopped: 0.0000445 seconds, Stopping threads took: 0.0000130 seconds
2020-05-19T10:39:33.703+0000: 130.639: Total time for which application threads were stopped: 0.0000471 seconds, Stopping threads took: 0.0000134 seconds
2020-05-19T10:39:33.707+0000: 130.644: Total time for which application threads were stopped: 0.0002760 seconds, Stopping threads took: 0.0001345 seconds
2020-05-19T10:39:34.707+0000: 131.644: Total time for which application threads were stopped: 0.0001003 seconds, Stopping threads took: 0.0000239 seconds
2020-05-19T10:39:36.707+0000: 133.644: Total time for which application threads were stopped: 0.0003892 seconds, Stopping threads took: 0.0001046 seconds
2020-05-19T10:39:39.156+0000: 136.093: Total time for which application threads were stopped: 0.0001416 seconds, Stopping threads took: 0.0000484 seconds
2020-05-19T10:39:39.158+0000: 136.095: Total time for which application threads were stopped: 0.0001183 seconds, Stopping threads took: 0.0000368 seconds
2020-05-19T10:39:39.159+0000: 136.096: Total time for which application threads were stopped: 0.0002317 seconds, Stopping threads took: 0.0001702 seconds
2020-05-19T10:39:39.167+0000: 136.104: Total time for which application threads were stopped: 0.0000960 seconds, Stopping threads took: 0.0000362 seconds
2020-05-19T10:39:39.167+0000: 136.105: Total time for which application threads were stopped: 0.0001363 seconds, Stopping threads took: 0.0001010 seconds
2020-05-19T10:39:39.167+0000: 136.105: Total time for which application threads were stopped: 0.0000395 seconds, Stopping threads took: 0.0000141 seconds
2020-05-19T10:39:39.167+0000: 136.105: Total time for which application threads were stopped: 0.0000476 seconds, Stopping threads took: 0.0000101 seconds
2020-05-19T10:39:39.168+0000: 136.105: Total time for which application threads were stopped: 0.0000992 seconds, Stopping threads took: 0.0000170 seconds
2020-05-19T10:39:39.168+0000: 136.105: Total time for which application threads were stopped: 0.0000740 seconds, Stopping threads took: 0.0000303 seconds
2020-05-19T10:39:39.168+0000: 136.105: Total time for which application threads were stopped: 0.0000577 seconds, Stopping threads took: 0.0000172 seconds
2020-05-19T10:39:39.168+0000: 136.106: Total time for which application threads were stopped: 0.0000610 seconds, Stopping threads took: 0.0000241 seconds
2020-05-19T10:39:39.168+0000: 136.106: Total time for which application threads were stopped: 0.0001556 seconds, Stopping threads took: 0.0000897 seconds
2020-05-19T10:39:39.168+0000: 136.106: Total time for which application threads were stopped: 0.0000788 seconds, Stopping threads took: 0.0000314 seconds
2020-05-19T10:39:39.169+0000: 136.107: Total time for which application threads were stopped: 0.0003263 seconds, Stopping threads took: 0.0001221 seconds
2020-05-19T10:39:39.169+0000: 136.107: Total time for which application threads were stopped: 0.0000929 seconds, Stopping threads took: 0.0000520 seconds
2020-05-19T10:39:39.170+0000: 136.107: Total time for which application threads were stopped: 0.0000666 seconds, Stopping threads took: 0.0000277 seconds
2020-05-19T10:39:39.171+0000: 136.108: Total time for which application threads were stopped: 0.0000882 seconds, Stopping threads took: 0.0000324 seconds
2020-05-19T10:39:39.171+0000: 136.109: Total time for which application threads were stopped: 0.0000905 seconds, Stopping threads took: 0.0000338 seconds
2020-05-19T10:39:39.172+0000: 136.110: Total time for which application threads were stopped: 0.0000804 seconds, Stopping threads took: 0.0000285 seconds
2020-05-19T10:39:39.172+0000: 136.110: Total time for which application threads were stopped: 0.0000544 seconds, Stopping threads took: 0.0000162 seconds
2020-05-19T10:39:39.173+0000: 136.110: Total time for which application threads were stopped: 0.0000934 seconds, Stopping threads took: 0.0000280 seconds
2020-05-19T10:39:39.173+0000: 136.110: Total time for which application threads were stopped: 0.0000619 seconds, Stopping threads took: 0.0000340 seconds
2020-05-19T10:39:39.173+0000: 136.110: Total time for which application threads were stopped: 0.0000758 seconds, Stopping threads took: 0.0000326 seconds
2020-05-19T10:39:39.175+0000: 136.112: Total time for which application threads were stopped: 0.0000772 seconds, Stopping threads took: 0.0000238 seconds
2020-05-19T10:39:39.175+0000: 136.113: Total time for which application threads were stopped: 0.0000882 seconds, Stopping threads took: 0.0000203 seconds
2020-05-19T10:39:40.176+0000: 137.113: Total time for which application threads were stopped: 0.0001516 seconds, Stopping threads took: 0.0000398 seconds
2020-05-19T10:39:41.177+0000: 138.114: Total time for which application threads were stopped: 0.0002982 seconds, Stopping threads took: 0.0001008 seconds
2020-05-19T10:39:43.856+0000: 140.793: Total time for which application threads were stopped: 0.0001278 seconds, Stopping threads took: 0.0000524 seconds
2020-05-19T10:39:43.856+0000: 140.793: Total time for which application threads were stopped: 0.0000937 seconds, Stopping threads took: 0.0000300 seconds
2020-05-19T10:39:43.856+0000: 140.793: Total time for which application threads were stopped: 0.0000619 seconds, Stopping threads took: 0.0000237 seconds
2020-05-19T10:39:43.856+0000: 140.793: Total time for which application threads were stopped: 0.0000746 seconds, Stopping threads took: 0.0000358 seconds
2020-05-19T10:39:43.856+0000: 140.793: Total time for which application threads were stopped: 0.0000716 seconds, Stopping threads took: 0.0000358 seconds
2020-05-19T10:39:43.856+0000: 140.793: Total time for which application threads were stopped: 0.0000496 seconds, Stopping threads took: 0.0000197 seconds
2020-05-19T10:39:43.858+0000: 140.795: Total time for which application threads were stopped: 0.0001092 seconds, Stopping threads took: 0.0000362 seconds
2020-05-19T10:39:43.858+0000: 140.795: Total time for which application threads were stopped: 0.0000677 seconds, Stopping threads took: 0.0000202 seconds
2020-05-19T10:39:43.861+0000: 140.798: Total time for which application threads were stopped: 0.0001450 seconds, Stopping threads took: 0.0000681 seconds
2020-05-19T10:39:43.862+0000: 140.799: Total time for which application threads were stopped: 0.0000990 seconds, Stopping threads took: 0.0000413 seconds
2020-05-19T10:39:43.862+0000: 140.799: Total time for which application threads were stopped: 0.0000665 seconds, Stopping threads took: 0.0000159 seconds
2020-05-19T10:39:43.862+0000: 140.799: Total time for which application threads were stopped: 0.0000531 seconds, Stopping threads took: 0.0000185 seconds
2020-05-19T10:39:43.862+0000: 140.799: Total time for which application threads were stopped: 0.0000454 seconds, Stopping threads took: 0.0000136 seconds
2020-05-19T10:39:43.865+0000: 140.802: Total time for which application threads were stopped: 0.0001123 seconds, Stopping threads took: 0.0000407 seconds
2020-05-19T10:39:44.865+0000: 141.802: Total time for which application threads were stopped: 0.0003777 seconds, Stopping threads took: 0.0000846 seconds
2020-05-19T10:39:47.867+0000: 144.804: Total time for which application threads were stopped: 0.0001574 seconds, Stopping threads took: 0.0000428 seconds
2020-05-19T10:40:07.677+0000: 164.614: Total time for which application threads were stopped: 0.0000968 seconds, Stopping threads took: 0.0000300 seconds
2020-05-19T10:40:07.681+0000: 164.618: Total time for which application threads were stopped: 0.0001526 seconds, Stopping threads took: 0.0001028 seconds
2020-05-19T10:40:07.681+0000: 164.618: Total time for which application threads were stopped: 0.0000446 seconds, Stopping threads took: 0.0000165 seconds
2020-05-19T10:40:07.689+0000: 164.626: Total time for which application threads were stopped: 0.0007074 seconds, Stopping threads took: 0.0000195 seconds
2020-05-19T10:40:07.693+0000: 164.631: Total time for which application threads were stopped: 0.0000678 seconds, Stopping threads took: 0.0000209 seconds
2020-05-19T10:40:08.693+0000: 165.630: Total time for which application threads were stopped: 0.0001466 seconds, Stopping threads took: 0.0000402 seconds
2020-05-19T10:40:40.710+0000: 197.646: Total time for which application threads were stopped: 0.0001206 seconds, Stopping threads took: 0.0000383 seconds
2020-05-19T10:41:40.736+0000: 257.673: Total time for which application threads were stopped: 0.0002454 seconds, Stopping threads took: 0.0000746 seconds
2020-05-19T10:42:40.760+0000: 317.696: Total time for which application threads were stopped: 0.0000800 seconds, Stopping threads took: 0.0000285 seconds
2020-05-19T10:43:00.769+0000: 337.706: Total time for which application threads were stopped: 0.0001190 seconds, Stopping threads took: 0.0000436 seconds
2020-05-19T10:43:40.788+0000: 377.725: Total time for which application threads were stopped: 0.0000960 seconds, Stopping threads took: 0.0000275 seconds
2020-05-19T10:44:40.815+0000: 437.752: Total time for which application threads were stopped: 0.0001224 seconds, Stopping threads took: 0.0000381 seconds
2020-05-19T10:44:45.816+0000: 442.753: Total time for which application threads were stopped: 0.0003449 seconds, Stopping threads took: 0.0000700 seconds
2020-05-19T10:44:53.546+0000: 450.484: Total time for which application threads were stopped: 0.0000902 seconds, Stopping threads took: 0.0000251 seconds
2020-05-19T10:44:53.547+0000: 450.484: Total time for which application threads were stopped: 0.0000586 seconds, Stopping threads took: 0.0000146 seconds
2020-05-19T10:44:53.547+0000: 450.484: Total time for which application threads were stopped: 0.0000442 seconds, Stopping threads took: 0.0000120 seconds
2020-05-19T10:44:53.547+0000: 450.484: Total time for which application threads were stopped: 0.0000400 seconds, Stopping threads took: 0.0000090 seconds
2020-05-19T10:44:53.547+0000: 450.484: Total time for which application threads were stopped: 0.0000471 seconds, Stopping threads took: 0.0000120 seconds
2020-05-19T10:44:53.735+0000: 450.672: Total time for which application threads were stopped: 0.0001570 seconds, Stopping threads took: 0.0000383 seconds
2020-05-19T10:44:53.786+0000: 450.723: Total time for which application threads were stopped: 0.0001081 seconds, Stopping threads took: 0.0000305 seconds
2020-05-19T10:44:53.858+0000: 450.795: Total time for which application threads were stopped: 0.0006716 seconds, Stopping threads took: 0.0000280 seconds
2020-05-19T10:44:53.939+0000: 450.876: Total time for which application threads were stopped: 0.0000679 seconds, Stopping threads took: 0.0000194 seconds
2020-05-19T10:44:53.940+0000: 450.877: Total time for which application threads were stopped: 0.0000504 seconds, Stopping threads took: 0.0000156 seconds
2020-05-19T10:44:53.942+0000: 450.878: Total time for which application threads were stopped: 0.0000591 seconds, Stopping threads took: 0.0000189 seconds
2020-05-19T10:44:53.942+0000: 450.879: Total time for which application threads were stopped: 0.0000410 seconds, Stopping threads took: 0.0000117 seconds
2020-05-19T10:44:53.942+0000: 450.879: Total time for which application threads were stopped: 0.0000283 seconds, Stopping threads took: 0.0000089 seconds
2020-05-19T10:44:53.944+0000: 450.881: Total time for which application threads were stopped: 0.0000553 seconds, Stopping threads took: 0.0000180 seconds
2020-05-19T10:44:53.944+0000: 450.881: Total time for which application threads were stopped: 0.0000338 seconds, Stopping threads took: 0.0000094 seconds
2020-05-19T10:44:53.948+0000: 450.884: Total time for which application threads were stopped: 0.0000531 seconds, Stopping threads took: 0.0000158 seconds
2020-05-19T10:44:53.951+0000: 450.887: Total time for which application threads were stopped: 0.0000683 seconds, Stopping threads took: 0.0000190 seconds
{Heap before GC invocations=15 (full 1):
 par new generation   total 109248K, used 109248K [0x00000000e0000000, 0x00000000e8000000, 0x00000000e8000000)
  eden space 87424K, 100% used [0x00000000e0000000, 0x00000000e5560000, 0x00000000e5560000)
  from space 21824K, 100% used [0x00000000e6ab0000, 0x00000000e8000000, 0x00000000e8000000)
  to   space 21824K,   0% used [0x00000000e5560000, 0x00000000e5560000, 0x00000000e6ab0000)
 concurrent mark-sweep generation total 393216K, used 26294K [0x00000000e8000000, 0x0000000100000000, 0x0000000100000000)
 Metaspace       used 43920K, capacity 45618K, committed 45880K, reserved 1089536K
  class space    used 5550K, capacity 5954K, committed 5980K, reserved 1048576K
2020-05-19T10:44:54.475+0000: 451.412: [GC (Allocation Failure) 2020-05-19T10:44:54.475+0000: 451.412: [ParNew
Desired survivor size 20112992 bytes, new threshold 4 (max 8)
- age   1:    3485312 bytes,    3485312 total
- age   2:   12905648 bytes,   16390960 total
- age   3:    3455240 bytes,   19846200 total
- age   4:    1361328 bytes,   21207528 total
- age   5:     804280 bytes,   22011808 total
: 109248K->21824K(109248K), 0.0259221 secs] 135542K->51529K(502464K), 0.0259969 secs] [Times: user=0.11 sys=0.02, real=0.03 secs] 
Heap after GC invocations=16 (full 1):
 par new generation   total 109248K, used 21824K [0x00000000e0000000, 0x00000000e8000000, 0x00000000e8000000)
  eden space 87424K,   0% used [0x00000000e0000000, 0x00000000e0000000, 0x00000000e5560000)
  from space 21824K, 100% used [0x00000000e5560000, 0x00000000e6ab0000, 0x00000000e6ab0000)
  to   space 21824K,   0% used [0x00000000e6ab0000, 0x00000000e6ab0000, 0x00000000e8000000)
 concurrent mark-sweep generation total 393216K, used 29705K [0x00000000e8000000, 0x0000000100000000, 0x0000000100000000)
 Metaspace       used 43920K, capacity 45618K, committed 45880K, reserved 1089536K
  class space    used 5550K, capacity 5954K, committed 5980K, reserved 1048576K
}
2020-05-19T10:44:54.501+0000: 451.438: Total time for which application threads were stopped: 0.0262423 seconds, Stopping threads took: 0.0000779 seconds
2020-05-19T10:44:54.501+0000: 451.438: Total time for which application threads were stopped: 0.0001430 seconds, Stopping threads took: 0.0000755 seconds
2020-05-19T10:44:54.502+0000: 451.439: Total time for which application threads were stopped: 0.0001555 seconds, Stopping threads took: 0.0001058 seconds
2020-05-19T10:44:54.502+0000: 451.439: Total time for which application threads were stopped: 0.0001895 seconds, Stopping threads took: 0.0001249 seconds
2020-05-19T10:44:54.507+0000: 451.444: Total time for which application threads were stopped: 0.0005840 seconds, Stopping threads took: 0.0000628 seconds
2020-05-19T10:44:54.560+0000: 451.497: Total time for which application threads were stopped: 0.0001500 seconds, Stopping threads took: 0.0000662 seconds
2020-05-19T10:44:54.644+0000: 451.581: Total time for which application threads were stopped: 0.0001648 seconds, Stopping threads took: 0.0000570 seconds
2020-05-19T10:44:54.672+0000: 451.610: Total time for which application threads were stopped: 0.0001337 seconds, Stopping threads took: 0.0000540 seconds
2020-05-19T10:44:54.695+0000: 451.632: Total time for which application threads were stopped: 0.0001194 seconds, Stopping threads took: 0.0000444 seconds
2020-05-19T10:44:54.712+0000: 451.650: Total time for which application threads were stopped: 0.0005249 seconds, Stopping threads took: 0.0000575 seconds
2020-05-19T10:44:54.730+0000: 451.667: Total time for which application threads were stopped: 0.0001101 seconds, Stopping threads took: 0.0000476 seconds
2020-05-19T10:44:54.837+0000: 451.774: Total time for which application threads were stopped: 0.0001210 seconds, Stopping threads took: 0.0000399 seconds
2020-05-19T10:44:54.858+0000: 451.795: Total time for which application threads were stopped: 0.0004894 seconds, Stopping threads took: 0.0000459 seconds
2020-05-19T10:44:54.883+0000: 451.820: Total time for which application threads were stopped: 0.0001554 seconds, Stopping threads took: 0.0000862 seconds
2020-05-19T10:44:55.014+0000: 451.952: Total time for which application threads were stopped: 0.0001648 seconds, Stopping threads took: 0.0000789 seconds
2020-05-19T10:44:55.032+0000: 451.969: Total time for which application threads were stopped: 0.0005734 seconds, Stopping threads took: 0.0000912 seconds
2020-05-19T10:44:55.296+0000: 452.233: Total time for which application threads were stopped: 0.0001299 seconds, Stopping threads took: 0.0000464 seconds
2020-05-19T10:44:55.423+0000: 452.360: Total time for which application threads were stopped: 0.0001634 seconds, Stopping threads took: 0.0000558 seconds
2020-05-19T10:44:55.423+0000: 452.361: Total time for which application threads were stopped: 0.0000792 seconds, Stopping threads took: 0.0000350 seconds
2020-05-19T10:44:55.423+0000: 452.361: Total time for which application threads were stopped: 0.0000759 seconds, Stopping threads took: 0.0000368 seconds
2020-05-19T10:44:55.707+0000: 452.643: Total time for which application threads were stopped: 0.0001136 seconds, Stopping threads took: 0.0000469 seconds
2020-05-19T10:44:55.810+0000: 452.747: Total time for which application threads were stopped: 0.0004927 seconds, Stopping threads took: 0.0000441 seconds
2020-05-19T10:44:55.819+0000: 452.756: Total time for which application threads were stopped: 0.0001248 seconds, Stopping threads took: 0.0000623 seconds
2020-05-19T10:44:55.857+0000: 452.794: Total time for which application threads were stopped: 0.0001390 seconds, Stopping threads took: 0.0000776 seconds
2020-05-19T10:44:56.058+0000: 452.994: Total time for which application threads were stopped: 0.0001283 seconds, Stopping threads took: 0.0000529 seconds
2020-05-19T10:44:56.098+0000: 453.034: Total time for which application threads were stopped: 0.0001278 seconds, Stopping threads took: 0.0000596 seconds
2020-05-19T10:44:56.098+0000: 453.035: Total time for which application threads were stopped: 0.0000881 seconds, Stopping threads took: 0.0000336 seconds
{Heap before GC invocations=16 (full 1):
 par new generation   total 109248K, used 109248K [0x00000000e0000000, 0x00000000e8000000, 0x00000000e8000000)
  eden space 87424K, 100% used [0x00000000e0000000, 0x00000000e5560000, 0x00000000e5560000)
  from space 21824K, 100% used [0x00000000e5560000, 0x00000000e6ab0000, 0x00000000e6ab0000)
  to   space 21824K,   0% used [0x00000000e6ab0000, 0x00000000e6ab0000, 0x00000000e8000000)
 concurrent mark-sweep generation total 393216K, used 29705K [0x00000000e8000000, 0x0000000100000000, 0x0000000100000000)
 Metaspace       used 48313K, capacity 50062K, committed 50196K, reserved 1093632K
  class space    used 6043K, capacity 6424K, committed 6464K, reserved 1048576K
2020-05-19T10:44:56.242+0000: 453.179: [GC (Allocation Failure) 2020-05-19T10:44:56.242+0000: 453.179: [ParNew
Desired survivor size 20112992 bytes, new threshold 4 (max 8)
- age   1:    5489848 bytes,    5489848 total
- age   2:    2073384 bytes,    7563232 total
- age   3:   11352480 bytes,   18915712 total
- age   4:    3431960 bytes,   22347672 total
: 109248K->21824K(109248K), 0.0329442 secs] 138953K->58313K(502464K), 0.0330111 secs] [Times: user=0.06 sys=0.02, real=0.03 secs] 
Heap after GC invocations=17 (full 1):
 par new generation   total 109248K, used 21824K [0x00000000e0000000, 0x00000000e8000000, 0x00000000e8000000)
  eden space 87424K,   0% used [0x00000000e0000000, 0x00000000e0000000, 0x00000000e5560000)
  from space 21824K, 100% used [0x00000000e6ab0000, 0x00000000e8000000, 0x00000000e8000000)
  to   space 21824K,   0% used [0x00000000e5560000, 0x00000000e5560000, 0x00000000e6ab0000)
 concurrent mark-sweep generation total 393216K, used 36489K [0x00000000e8000000, 0x0000000100000000, 0x0000000100000000)
 Metaspace       used 48313K, capacity 50062K, committed 50196K, reserved 1093632K
  class space    used 6043K, capacity 6424K, committed 6464K, reserved 1048576K
}
2020-05-19T10:44:56.275+0000: 453.212: Total time for which application threads were stopped: 0.0332528 seconds, Stopping threads took: 0.0000765 seconds
2020-05-19T10:44:56.275+0000: 453.212: [GC (CMS Initial Mark) [1 CMS-initial-mark: 36489K(393216K)] 59125K(502464K), 0.0063906 secs] [Times: user=0.00 sys=0.00, real=0.01 secs] 
2020-05-19T10:44:56.282+0000: 453.219: Total time for which application threads were stopped: 0.0065722 seconds, Stopping threads took: 0.0000770 seconds
2020-05-19T10:44:56.282+0000: 453.219: [CMS-concurrent-mark-start]
2020-05-19T10:44:56.297+0000: 453.234: Total time for which application threads were stopped: 0.0001296 seconds, Stopping threads took: 0.0000640 seconds
2020-05-19T10:44:56.347+0000: 453.284: [CMS-concurrent-mark: 0.064/0.065 secs] [Times: user=0.17 sys=0.00, real=0.06 secs] 
2020-05-19T10:44:56.347+0000: 453.284: [CMS-concurrent-preclean-start]
2020-05-19T10:44:56.349+0000: 453.286: [CMS-concurrent-preclean: 0.002/0.002 secs] [Times: user=0.00 sys=0.00, real=0.00 secs] 
2020-05-19T10:44:56.349+0000: 453.286: [GC (CMS Final Remark) [YG occupancy: 23448 K (109248 K)]{Heap before GC invocations=17 (full 2):
 par new generation   total 109248K, used 23448K [0x00000000e0000000, 0x00000000e8000000, 0x00000000e8000000)
  eden space 87424K,   1% used [0x00000000e0000000, 0x00000000e0196078, 0x00000000e5560000)
  from space 21824K, 100% used [0x00000000e6ab0000, 0x00000000e8000000, 0x00000000e8000000)
  to   space 21824K,   0% used [0x00000000e5560000, 0x00000000e5560000, 0x00000000e6ab0000)
 concurrent mark-sweep generation total 393216K, used 36489K [0x00000000e8000000, 0x0000000100000000, 0x0000000100000000)
 Metaspace       used 48322K, capacity 50126K, committed 50452K, reserved 1093632K
  class space    used 6044K, capacity 6424K, committed 6464K, reserved 1048576K
2020-05-19T10:44:56.349+0000: 453.286: [GC (CMS Final Remark) 2020-05-19T10:44:56.349+0000: 453.286: [ParNew
Desired survivor size 20112992 bytes, new threshold 8 (max 8)
- age   1:      10752 bytes,      10752 total
- age   2:    5395224 bytes,    5405976 total
- age   3:    1979272 bytes,    7385248 total
- age   4:   10645792 bytes,   18031040 total
: 23448K->21824K(109248K), 0.0287596 secs] 59937K->62891K(502464K), 0.0288207 secs] [Times: user=0.08 sys=0.00, real=0.03 secs] 
Heap after GC invocations=18 (full 2):
 par new generation   total 109248K, used 21824K [0x00000000e0000000, 0x00000000e8000000, 0x00000000e8000000)
  eden space 87424K,   0% used [0x00000000e0000000, 0x00000000e0000000, 0x00000000e5560000)
  from space 21824K, 100% used [0x00000000e5560000, 0x00000000e6ab0000, 0x00000000e6ab0000)
  to   space 21824K,   0% used [0x00000000e6ab0000, 0x00000000e6ab0000, 0x00000000e8000000)
 concurrent mark-sweep generation total 393216K, used 41067K [0x00000000e8000000, 0x0000000100000000, 0x0000000100000000)
 Metaspace       used 48322K, capacity 50126K, committed 50452K, reserved 1093632K
  class space    used 6044K, capacity 6424K, committed 6464K, reserved 1048576K
}
2020-05-19T10:44:56.378+0000: 453.315: [Rescan (parallel) , 0.0094066 secs]2020-05-19T10:44:56.387+0000: 453.324: [weak refs processing, 0.0005530 secs]2020-05-19T10:44:56.388+0000: 453.325: [class unloading, 0.0106633 secs]2020-05-19T10:44:56.399+0000: 453.335: [scrub symbol table, 0.0125812 secs]2020-05-19T10:44:56.411+0000: 453.348: [scrub string table, 0.0010542 secs][1 CMS-remark: 41067K(393216K)] 62891K(502464K), 0.0644648 secs] [Times: user=0.16 sys=0.00, real=0.07 secs] 
2020-05-19T10:44:56.414+0000: 453.350: Total time for which application threads were stopped: 0.0646457 seconds, Stopping threads took: 0.0000592 seconds
2020-05-19T10:44:56.414+0000: 453.350: [CMS-concurrent-sweep-start]
2020-05-19T10:44:56.430+0000: 453.366: [CMS-concurrent-sweep: 0.016/0.016 secs] [Times: user=0.08 sys=0.00, real=0.02 secs] 
2020-05-19T10:44:56.430+0000: 453.366: [CMS-concurrent-reset-start]
2020-05-19T10:44:56.430+0000: 453.367: [CMS-concurrent-reset: 0.001/0.001 secs] [Times: user=0.00 sys=0.00, real=0.00 secs] 
2020-05-19T10:44:56.460+0000: 453.397: Total time for which application threads were stopped: 0.0001412 seconds, Stopping threads took: 0.0000483 seconds
2020-05-19T10:44:56.465+0000: 453.401: Total time for which application threads were stopped: 0.0005314 seconds, Stopping threads took: 0.0000418 seconds
2020-05-19T10:44:56.481+0000: 453.418: Total time for which application threads were stopped: 0.0006347 seconds, Stopping threads took: 0.0000623 seconds
2020-05-19T10:44:56.482+0000: 453.419: Total time for which application threads were stopped: 0.0005524 seconds, Stopping threads took: 0.0000417 seconds
2020-05-19T10:44:57.259+0000: 454.197: Total time for which application threads were stopped: 0.0002573 seconds, Stopping threads took: 0.0000629 seconds
{Heap before GC invocations=18 (full 2):
 par new generation   total 109248K, used 109248K [0x00000000e0000000, 0x00000000e8000000, 0x00000000e8000000)
  eden space 87424K, 100% used [0x00000000e0000000, 0x00000000e5560000, 0x00000000e5560000)
  from space 21824K, 100% used [0x00000000e5560000, 0x00000000e6ab0000, 0x00000000e6ab0000)
  to   space 21824K,   0% used [0x00000000e6ab0000, 0x00000000e6ab0000, 0x00000000e8000000)
 concurrent mark-sweep generation total 393216K, used 38856K [0x00000000e8000000, 0x0000000100000000, 0x0000000100000000)
 Metaspace       used 51470K, capacity 53186K, committed 53652K, reserved 1095680K
  class space    used 6359K, capacity 6756K, committed 6848K, reserved 1048576K
2020-05-19T10:44:58.093+0000: 455.030: [GC (Allocation Failure) 2020-05-19T10:44:58.093+0000: 455.030: [ParNew
Desired survivor size 20112992 bytes, new threshold 5 (max 8)
- age   1:    9659888 bytes,    9659888 total
- age   2:      10408 bytes,    9670296 total
- age   3:    5388072 bytes,   15058368 total
- age   4:    1311192 bytes,   16369560 total
- age   5:    5963704 bytes,   22333264 total
: 109248K->21824K(109248K), 0.0305926 secs] 148104K->68852K(502464K), 0.0306582 secs] [Times: user=0.13 sys=0.00, real=0.03 secs] 
Heap after GC invocations=19 (full 2):
 par new generation   total 109248K, used 21824K [0x00000000e0000000, 0x00000000e8000000, 0x00000000e8000000)
  eden space 87424K,   0% used [0x00000000e0000000, 0x00000000e0000000, 0x00000000e5560000)
  from space 21824K, 100% used [0x00000000e6ab0000, 0x00000000e8000000, 0x00000000e8000000)
  to   space 21824K,   0% used [0x00000000e5560000, 0x00000000e5560000, 0x00000000e6ab0000)
 concurrent mark-sweep generation total 393216K, used 47028K [0x00000000e8000000, 0x0000000100000000, 0x0000000100000000)
 Metaspace       used 51470K, capacity 53186K, committed 53652K, reserved 1095680K
  class space    used 6359K, capacity 6756K, committed 6848K, reserved 1048576K
}
2020-05-19T10:44:58.124+0000: 455.061: Total time for which application threads were stopped: 0.0309320 seconds, Stopping threads took: 0.0000541 seconds
2020-05-19T10:44:58.124+0000: 455.061: Total time for which application threads were stopped: 0.0001379 seconds, Stopping threads took: 0.0000740 seconds
2020-05-19T10:44:58.125+0000: 455.062: Total time for which application threads were stopped: 0.0001135 seconds, Stopping threads took: 0.0000505 seconds
2020-05-19T10:44:58.125+0000: 455.062: Total time for which application threads were stopped: 0.0002225 seconds, Stopping threads took: 0.0000956 seconds
2020-05-19T10:44:58.125+0000: 455.062: Total time for which application threads were stopped: 0.0000860 seconds, Stopping threads took: 0.0000424 seconds
2020-05-19T10:44:58.643+0000: 455.580: Total time for which application threads were stopped: 0.0002138 seconds, Stopping threads took: 0.0000757 seconds
2020-05-19T10:44:58.644+0000: 455.582: Total time for which application threads were stopped: 0.0000808 seconds, Stopping threads took: 0.0000360 seconds
2020-05-19T10:44:58.722+0000: 455.659: Total time for which application threads were stopped: 0.0001344 seconds, Stopping threads took: 0.0000550 seconds
{Heap before GC invocations=19 (full 2):
 par new generation   total 109248K, used 109248K [0x00000000e0000000, 0x00000000e8000000, 0x00000000e8000000)
  eden space 87424K, 100% used [0x00000000e0000000, 0x00000000e5560000, 0x00000000e5560000)
  from space 21824K, 100% used [0x00000000e6ab0000, 0x00000000e8000000, 0x00000000e8000000)
  to   space 21824K,   0% used [0x00000000e5560000, 0x00000000e5560000, 0x00000000e6ab0000)
 concurrent mark-sweep generation total 393216K, used 47028K [0x00000000e8000000, 0x0000000100000000, 0x0000000100000000)
 Metaspace       used 52447K, capacity 54100K, committed 54420K, reserved 1097728K
  class space    used 6447K, capacity 6823K, committed 6848K, reserved 1048576K
2020-05-19T10:44:58.965+0000: 455.902: [GC (Allocation Failure) 2020-05-19T10:44:58.966+0000: 455.902: [ParNew
Desired survivor size 20112992 bytes, new threshold 8 (max 8)
- age   1:    6535264 bytes,    6535264 total
- age   2:    7032920 bytes,   13568184 total
- age   3:       9352 bytes,   13577536 total
- age   4:    5187872 bytes,   18765408 total
- age   5:    1222976 bytes,   19988384 total
: 109248K->21824K(109248K), 0.0359255 secs] 156276K->82068K(502464K), 0.0360829 secs] [Times: user=0.13 sys=0.00, real=0.04 secs] 
Heap after GC invocations=20 (full 2):
 par new generation   total 109248K, used 21824K [0x00000000e0000000, 0x00000000e8000000, 0x00000000e8000000)
  eden space 87424K,   0% used [0x00000000e0000000, 0x00000000e0000000, 0x00000000e5560000)
  from space 21824K, 100% used [0x00000000e5560000, 0x00000000e6ab0000, 0x00000000e6ab0000)
  to   space 21824K,   0% used [0x00000000e6ab0000, 0x00000000e6ab0000, 0x00000000e8000000)
 concurrent mark-sweep generation total 393216K, used 60244K [0x00000000e8000000, 0x0000000100000000, 0x0000000100000000)
 Metaspace       used 52447K, capacity 54100K, committed 54420K, reserved 1097728K
  class space    used 6447K, capacity 6823K, committed 6848K, reserved 1048576K
}
2020-05-19T10:44:59.002+0000: 455.938: Total time for which application threads were stopped: 0.0364320 seconds, Stopping threads took: 0.0000581 seconds
2020-05-19T10:44:59.002+0000: 455.939: Total time for which application threads were stopped: 0.0003493 seconds, Stopping threads took: 0.0002598 seconds
2020-05-19T10:44:59.109+0000: 456.047: Total time for which application threads were stopped: 0.0006899 seconds, Stopping threads took: 0.0000584 seconds
2020-05-19T10:44:59.988+0000: 456.925: Total time for which application threads were stopped: 0.0001292 seconds, Stopping threads took: 0.0000507 seconds
2020-05-19T10:44:59.988+0000: 456.925: Total time for which application threads were stopped: 0.0000609 seconds, Stopping threads took: 0.0000254 seconds
2020-05-19T10:44:59.990+0000: 456.927: Total time for which application threads were stopped: 0.0000963 seconds, Stopping threads took: 0.0000450 seconds
2020-05-19T10:45:00.160+0000: 457.096: Total time for which application threads were stopped: 0.0001596 seconds, Stopping threads took: 0.0000817 seconds
2020-05-19T10:45:00.160+0000: 457.097: Total time for which application threads were stopped: 0.0000799 seconds, Stopping threads took: 0.0000364 seconds
2020-05-19T10:45:00.161+0000: 457.098: Total time for which application threads were stopped: 0.0001508 seconds, Stopping threads took: 0.0000696 seconds
2020-05-19T10:45:00.166+0000: 457.102: Total time for which application threads were stopped: 0.0001437 seconds, Stopping threads took: 0.0000575 seconds
2020-05-19T10:45:00.166+0000: 457.103: Total time for which application threads were stopped: 0.0002435 seconds, Stopping threads took: 0.0001885 seconds
2020-05-19T10:45:00.166+0000: 457.103: Total time for which application threads were stopped: 0.0000577 seconds, Stopping threads took: 0.0000201 seconds
2020-05-19T10:45:00.166+0000: 457.103: Total time for which application threads were stopped: 0.0002295 seconds, Stopping threads took: 0.0000453 seconds
2020-05-19T10:45:01.166+0000: 458.103: Total time for which application threads were stopped: 0.0001086 seconds, Stopping threads took: 0.0000471 seconds
2020-05-19T10:45:09.054+0000: 465.990: Total time for which application threads were stopped: 0.0001124 seconds, Stopping threads took: 0.0000369 seconds
2020-05-19T10:45:41.071+0000: 498.008: Total time for which application threads were stopped: 0.0001018 seconds, Stopping threads took: 0.0000312 seconds
2020-05-19T10:46:35.097+0000: 552.034: Total time for which application threads were stopped: 0.0001155 seconds, Stopping threads took: 0.0000336 seconds
2020-05-19T10:46:41.100+0000: 558.037: Total time for which application threads were stopped: 0.0002433 seconds, Stopping threads took: 0.0000715 seconds
2020-05-19T10:47:41.128+0000: 618.065: Total time for which application threads were stopped: 0.0002022 seconds, Stopping threads took: 0.0000593 seconds
2020-05-19T10:48:30.153+0000: 667.090: Total time for which application threads were stopped: 0.0004495 seconds, Stopping threads took: 0.0000989 seconds
2020-05-19T10:50:41.214+0000: 798.151: Total time for which application threads were stopped: 0.0001131 seconds, Stopping threads took: 0.0000336 seconds
2020-05-19T10:54:41.327+0000: 1038.264: Total time for which application threads were stopped: 0.0001331 seconds, Stopping threads took: 0.0000369 seconds
2020-05-19T10:55:29.349+0000: 1086.286: Total time for which application threads were stopped: 0.0002595 seconds, Stopping threads took: 0.0000701 seconds
2020-05-19T10:59:13.478+0000: 1310.415: Total time for which application threads were stopped: 0.0008603 seconds, Stopping threads took: 0.0006921 seconds
2020-05-19T10:59:13.490+0000: 1310.427: Total time for which application threads were stopped: 0.0001773 seconds, Stopping threads took: 0.0000698 seconds
2020-05-19T10:59:13.511+0000: 1310.448: Total time for which application threads were stopped: 0.0001146 seconds, Stopping threads took: 0.0000347 seconds
2020-05-19T10:59:13.515+0000: 1310.452: Total time for which application threads were stopped: 0.0001118 seconds, Stopping threads took: 0.0000433 seconds
2020-05-19T10:59:13.516+0000: 1310.453: Total time for which application threads were stopped: 0.0001136 seconds, Stopping threads took: 0.0000426 seconds
2020-05-19T10:59:13.517+0000: 1310.454: Total time for which application threads were stopped: 0.0000996 seconds, Stopping threads took: 0.0000368 seconds
2020-05-19T10:59:13.571+0000: 1310.508: Total time for which application threads were stopped: 0.0001225 seconds, Stopping threads took: 0.0000468 seconds
2020-05-19T10:59:13.573+0000: 1310.509: Total time for which application threads were stopped: 0.0001217 seconds, Stopping threads took: 0.0000465 seconds
2020-05-19T10:59:13.619+0000: 1310.556: Total time for which application threads were stopped: 0.0001257 seconds, Stopping threads took: 0.0000548 seconds
2020-05-19T10:59:13.619+0000: 1310.557: Total time for which application threads were stopped: 0.0001010 seconds, Stopping threads took: 0.0000432 seconds
2020-05-19T10:59:13.621+0000: 1310.558: Total time for which application threads were stopped: 0.0001067 seconds, Stopping threads took: 0.0000546 seconds
2020-05-19T10:59:13.621+0000: 1310.559: Total time for which application threads were stopped: 0.0000990 seconds, Stopping threads took: 0.0000525 seconds
2020-05-19T10:59:13.624+0000: 1310.561: Total time for which application threads were stopped: 0.0001377 seconds, Stopping threads took: 0.0000556 seconds
2020-05-19T10:59:13.629+0000: 1310.567: Total time for which application threads were stopped: 0.0005215 seconds, Stopping threads took: 0.0004259 seconds
2020-05-19T10:59:13.632+0000: 1310.570: Total time for which application threads were stopped: 0.0001015 seconds, Stopping threads took: 0.0000445 seconds
2020-05-19T10:59:13.672+0000: 1310.609: Total time for which application threads were stopped: 0.0001792 seconds, Stopping threads took: 0.0000569 seconds
2020-05-19T10:59:13.672+0000: 1310.610: Total time for which application threads were stopped: 0.0001429 seconds, Stopping threads took: 0.0000549 seconds
2020-05-19T10:59:13.672+0000: 1310.610: Total time for which application threads were stopped: 0.0001098 seconds, Stopping threads took: 0.0000384 seconds
2020-05-19T10:59:13.673+0000: 1310.610: Total time for which application threads were stopped: 0.0001331 seconds, Stopping threads took: 0.0000698 seconds
2020-05-19T10:59:13.673+0000: 1310.610: Total time for which application threads were stopped: 0.0001076 seconds, Stopping threads took: 0.0000533 seconds
2020-05-19T10:59:13.673+0000: 1310.610: Total time for which application threads were stopped: 0.0000928 seconds, Stopping threads took: 0.0000338 seconds
2020-05-19T10:59:13.673+0000: 1310.611: Total time for which application threads were stopped: 0.0001003 seconds, Stopping threads took: 0.0000528 seconds
2020-05-19T10:59:13.673+0000: 1310.611: Total time for which application threads were stopped: 0.0001131 seconds, Stopping threads took: 0.0000697 seconds
2020-05-19T10:59:13.674+0000: 1310.611: Total time for which application threads were stopped: 0.0001099 seconds, Stopping threads took: 0.0000683 seconds
2020-05-19T10:59:13.674+0000: 1310.611: Total time for which application threads were stopped: 0.0000776 seconds, Stopping threads took: 0.0000376 seconds
2020-05-19T10:59:13.674+0000: 1310.611: Total time for which application threads were stopped: 0.0000990 seconds, Stopping threads took: 0.0000376 seconds
2020-05-19T10:59:13.674+0000: 1310.612: Total time for which application threads were stopped: 0.0000670 seconds, Stopping threads took: 0.0000160 seconds
2020-05-19T10:59:13.674+0000: 1310.612: Total time for which application threads were stopped: 0.0000722 seconds, Stopping threads took: 0.0000161 seconds
2020-05-19T10:59:13.675+0000: 1310.612: Total time for which application threads were stopped: 0.0000919 seconds, Stopping threads took: 0.0000141 seconds
2020-05-19T10:59:13.675+0000: 1310.612: Total time for which application threads were stopped: 0.0000563 seconds, Stopping threads took: 0.0000136 seconds
2020-05-19T10:59:13.675+0000: 1310.612: Total time for which application threads were stopped: 0.0000530 seconds, Stopping threads took: 0.0000123 seconds
2020-05-19T10:59:13.675+0000: 1310.612: Total time for which application threads were stopped: 0.0000702 seconds, Stopping threads took: 0.0000160 seconds
2020-05-19T10:59:13.675+0000: 1310.612: Total time for which application threads were stopped: 0.0000569 seconds, Stopping threads took: 0.0000135 seconds
2020-05-19T10:59:13.675+0000: 1310.613: Total time for which application threads were stopped: 0.0003188 seconds, Stopping threads took: 0.0002682 seconds
2020-05-19T10:59:13.675+0000: 1310.613: Total time for which application threads were stopped: 0.0000698 seconds, Stopping threads took: 0.0000205 seconds
2020-05-19T10:59:13.676+0000: 1310.613: Total time for which application threads were stopped: 0.0002673 seconds, Stopping threads took: 0.0000508 seconds
2020-05-19T10:59:13.720+0000: 1310.658: Total time for which application threads were stopped: 0.0009001 seconds, Stopping threads took: 0.0007866 seconds
2020-05-19T10:59:13.734+0000: 1310.671: Total time for which application threads were stopped: 0.0003619 seconds, Stopping threads took: 0.0002638 seconds
2020-05-19T10:59:13.736+0000: 1310.673: Total time for which application threads were stopped: 0.0001318 seconds, Stopping threads took: 0.0000538 seconds
2020-05-19T10:59:13.808+0000: 1310.745: Total time for which application threads were stopped: 0.0003869 seconds, Stopping threads took: 0.0002679 seconds
2020-05-19T10:59:13.860+0000: 1310.797: Total time for which application threads were stopped: 0.0002404 seconds, Stopping threads took: 0.0001512 seconds
2020-05-19T10:59:13.861+0000: 1310.798: Total time for which application threads were stopped: 0.0002547 seconds, Stopping threads took: 0.0001611 seconds
{Heap before GC invocations=20 (full 2):
 par new generation   total 109248K, used 109248K [0x00000000e0000000, 0x00000000e8000000, 0x00000000e8000000)
  eden space 87424K, 100% used [0x00000000e0000000, 0x00000000e5560000, 0x00000000e5560000)
  from space 21824K, 100% used [0x00000000e5560000, 0x00000000e6ab0000, 0x00000000e6ab0000)
  to   space 21824K,   0% used [0x00000000e6ab0000, 0x00000000e6ab0000, 0x00000000e8000000)
 concurrent mark-sweep generation total 393216K, used 60244K [0x00000000e8000000, 0x0000000100000000, 0x0000000100000000)
 Metaspace       used 53003K, capacity 54726K, committed 55060K, reserved 1097728K
  class space    used 6500K, capacity 6900K, committed 6976K, reserved 1048576K
2020-05-19T10:59:13.978+0000: 1310.915: [GC (Allocation Failure) 2020-05-19T10:59:13.979+0000: 1310.915: [ParNew
Desired survivor size 20112992 bytes, new threshold 5 (max 8)
- age   1:    3774152 bytes,    3774152 total
- age   2:    5028896 bytes,    8803048 total
- age   3:    6997696 bytes,   15800744 total
- age   4:       9312 bytes,   15810056 total
- age   5:    4929208 bytes,   20739264 total
- age   6:    1205048 bytes,   21944312 total
: 109248K->21824K(109248K), 0.0207127 secs] 169492K->86851K(502464K), 0.0209537 secs] [Times: user=0.05 sys=0.02, real=0.02 secs] 
Heap after GC invocations=21 (full 2):
 par new generation   total 109248K, used 21824K [0x00000000e0000000, 0x00000000e8000000, 0x00000000e8000000)
  eden space 87424K,   0% used [0x00000000e0000000, 0x00000000e0000000, 0x00000000e5560000)
  from space 21824K, 100% used [0x00000000e6ab0000, 0x00000000e8000000, 0x00000000e8000000)
  to   space 21824K,   0% used [0x00000000e5560000, 0x00000000e5560000, 0x00000000e6ab0000)
 concurrent mark-sweep generation total 393216K, used 65027K [0x00000000e8000000, 0x0000000100000000, 0x0000000100000000)
 Metaspace       used 53003K, capacity 54726K, committed 55060K, reserved 1097728K
  class space    used 6500K, capacity 6900K, committed 6976K, reserved 1048576K
}
2020-05-19T10:59:13.998+0000: 1310.936: Total time for which application threads were stopped: 0.0217720 seconds, Stopping threads took: 0.0005733 seconds
2020-05-19T10:59:14.008+0000: 1310.946: Total time for which application threads were stopped: 0.0001838 seconds, Stopping threads took: 0.0000743 seconds
2020-05-19T10:59:14.008+0000: 1310.946: Total time for which application threads were stopped: 0.0001501 seconds, Stopping threads took: 0.0000534 seconds
2020-05-19T10:59:14.124+0000: 1311.061: Total time for which application threads were stopped: 0.0001805 seconds, Stopping threads took: 0.0000617 seconds
2020-05-19T10:59:14.314+0000: 1311.250: Total time for which application threads were stopped: 0.0004354 seconds, Stopping threads took: 0.0003506 seconds
2020-05-19T10:59:15.120+0000: 1312.058: Total time for which application threads were stopped: 0.0001529 seconds, Stopping threads took: 0.0000737 seconds
2020-05-19T10:59:15.121+0000: 1312.058: Total time for which application threads were stopped: 0.0001623 seconds, Stopping threads took: 0.0000557 seconds
2020-05-19T10:59:15.123+0000: 1312.060: Total time for which application threads were stopped: 0.0001484 seconds, Stopping threads took: 0.0000628 seconds
2020-05-19T10:59:15.123+0000: 1312.060: Total time for which application threads were stopped: 0.0001073 seconds, Stopping threads took: 0.0000481 seconds
2020-05-19T10:59:16.124+0000: 1313.061: Total time for which application threads were stopped: 0.0002134 seconds, Stopping threads took: 0.0001239 seconds
2020-05-19T10:59:28.528+0000: 1325.464: Total time for which application threads were stopped: 0.0000723 seconds, Stopping threads took: 0.0000220 seconds
2020-05-19T10:59:38.344+0000: 1335.280: Total time for which application threads were stopped: 0.0004218 seconds, Stopping threads took: 0.0000695 seconds
2020-05-19T10:59:38.347+0000: 1335.284: Total time for which application threads were stopped: 0.0002981 seconds, Stopping threads took: 0.0002304 seconds
2020-05-19T10:59:38.350+0000: 1335.287: Total time for which application threads were stopped: 0.0001800 seconds, Stopping threads took: 0.0000923 seconds
2020-05-19T10:59:38.367+0000: 1335.303: Total time for which application threads were stopped: 0.0001032 seconds, Stopping threads took: 0.0000322 seconds
2020-05-19T10:59:38.368+0000: 1335.305: Total time for which application threads were stopped: 0.0001361 seconds, Stopping threads took: 0.0000523 seconds
{Heap before GC invocations=21 (full 2):
 par new generation   total 109248K, used 109248K [0x00000000e0000000, 0x00000000e8000000, 0x00000000e8000000)
  eden space 87424K, 100% used [0x00000000e0000000, 0x00000000e5560000, 0x00000000e5560000)
  from space 21824K, 100% used [0x00000000e6ab0000, 0x00000000e8000000, 0x00000000e8000000)
  to   space 21824K,   0% used [0x00000000e5560000, 0x00000000e5560000, 0x00000000e6ab0000)
 concurrent mark-sweep generation total 393216K, used 65027K [0x00000000e8000000, 0x0000000100000000, 0x0000000100000000)
 Metaspace       used 53076K, capacity 54790K, committed 55060K, reserved 1097728K
  class space    used 6500K, capacity 6900K, committed 6976K, reserved 1048576K
2020-05-19T10:59:38.435+0000: 1335.373: [GC (Allocation Failure) 2020-05-19T10:59:38.435+0000: 1335.373: [ParNew
Desired survivor size 20112992 bytes, new threshold 8 (max 8)
- age   1:    3583472 bytes,    3583472 total
- age   2:    2080976 bytes,    5664448 total
- age   3:    4748960 bytes,   10413408 total
- age   4:    6990136 bytes,   17403544 total
- age   5:       9232 bytes,   17412776 total
: 109248K->21824K(109248K), 0.0231143 secs] 174275K->92930K(502464K), 0.0233030 secs] [Times: user=0.06 sys=0.00, real=0.02 secs] 
Heap after GC invocations=22 (full 2):
 par new generation   total 109248K, used 21824K [0x00000000e0000000, 0x00000000e8000000, 0x00000000e8000000)
  eden space 87424K,   0% used [0x00000000e0000000, 0x00000000e0000000, 0x00000000e5560000)
  from space 21824K, 100% used [0x00000000e5560000, 0x00000000e6ab0000, 0x00000000e6ab0000)
  to   space 21824K,   0% used [0x00000000e6ab0000, 0x00000000e6ab0000, 0x00000000e8000000)
 concurrent mark-sweep generation total 393216K, used 71106K [0x00000000e8000000, 0x0000000100000000, 0x0000000100000000)
 Metaspace       used 53076K, capacity 54790K, committed 55060K, reserved 1097728K
  class space    used 6500K, capacity 6900K, committed 6976K, reserved 1048576K
}
2020-05-19T10:59:38.459+0000: 1335.396: Total time for which application threads were stopped: 0.0241481 seconds, Stopping threads took: 0.0000980 seconds
2020-05-19T10:59:38.459+0000: 1335.396: Total time for which application threads were stopped: 0.0001361 seconds, Stopping threads took: 0.0000684 seconds
2020-05-19T10:59:38.464+0000: 1335.402: Total time for which application threads were stopped: 0.0001460 seconds, Stopping threads took: 0.0000740 seconds
2020-05-19T10:59:38.465+0000: 1335.402: Total time for which application threads were stopped: 0.0001098 seconds, Stopping threads took: 0.0000541 seconds
2020-05-19T10:59:38.465+0000: 1335.402: Total time for which application threads were stopped: 0.0000851 seconds, Stopping threads took: 0.0000423 seconds
2020-05-19T10:59:38.465+0000: 1335.402: Total time for which application threads were stopped: 0.0000667 seconds, Stopping threads took: 0.0000359 seconds
2020-05-19T10:59:38.465+0000: 1335.402: Total time for which application threads were stopped: 0.0000840 seconds, Stopping threads took: 0.0000527 seconds
2020-05-19T10:59:38.465+0000: 1335.402: Total time for which application threads were stopped: 0.0000922 seconds, Stopping threads took: 0.0000502 seconds
2020-05-19T10:59:38.465+0000: 1335.402: Total time for which application threads were stopped: 0.0000617 seconds, Stopping threads took: 0.0000205 seconds
2020-05-19T10:59:38.465+0000: 1335.403: Total time for which application threads were stopped: 0.0000578 seconds, Stopping threads took: 0.0000208 seconds
2020-05-19T10:59:38.465+0000: 1335.403: Total time for which application threads were stopped: 0.0000680 seconds, Stopping threads took: 0.0000323 seconds
2020-05-19T10:59:38.465+0000: 1335.403: Total time for which application threads were stopped: 0.0000775 seconds, Stopping threads took: 0.0000484 seconds
2020-05-19T10:59:38.466+0000: 1335.403: Total time for which application threads were stopped: 0.0000837 seconds, Stopping threads took: 0.0000399 seconds
2020-05-19T10:59:38.466+0000: 1335.403: Total time for which application threads were stopped: 0.0000834 seconds, Stopping threads took: 0.0000508 seconds
2020-05-19T10:59:38.466+0000: 1335.403: Total time for which application threads were stopped: 0.0000876 seconds, Stopping threads took: 0.0000488 seconds
2020-05-19T10:59:38.466+0000: 1335.403: Total time for which application threads were stopped: 0.0000516 seconds, Stopping threads took: 0.0000158 seconds
2020-05-19T10:59:38.466+0000: 1335.403: Total time for which application threads were stopped: 0.0000498 seconds, Stopping threads took: 0.0000141 seconds
2020-05-19T10:59:38.466+0000: 1335.403: Total time for which application threads were stopped: 0.0000516 seconds, Stopping threads took: 0.0000163 seconds
2020-05-19T10:59:38.466+0000: 1335.404: Total time for which application threads were stopped: 0.0000525 seconds, Stopping threads took: 0.0000168 seconds
2020-05-19T10:59:38.466+0000: 1335.404: Total time for which application threads were stopped: 0.0000629 seconds, Stopping threads took: 0.0000154 seconds
2020-05-19T10:59:38.466+0000: 1335.404: Total time for which application threads were stopped: 0.0000498 seconds, Stopping threads took: 0.0000144 seconds
2020-05-19T10:59:38.467+0000: 1335.404: Total time for which application threads were stopped: 0.0001924 seconds, Stopping threads took: 0.0000460 seconds
2020-05-19T10:59:38.665+0000: 1335.602: Total time for which application threads were stopped: 0.0003293 seconds, Stopping threads took: 0.0002192 seconds
2020-05-19T10:59:38.665+0000: 1335.602: Total time for which application threads were stopped: 0.0001148 seconds, Stopping threads took: 0.0000575 seconds
{Heap before GC invocations=22 (full 2):
 par new generation   total 109248K, used 109248K [0x00000000e0000000, 0x00000000e8000000, 0x00000000e8000000)
  eden space 87424K, 100% used [0x00000000e0000000, 0x00000000e5560000, 0x00000000e5560000)
  from space 21824K, 100% used [0x00000000e5560000, 0x00000000e6ab0000, 0x00000000e6ab0000)
  to   space 21824K,   0% used [0x00000000e6ab0000, 0x00000000e6ab0000, 0x00000000e8000000)
 concurrent mark-sweep generation total 393216K, used 71106K [0x00000000e8000000, 0x0000000100000000, 0x0000000100000000)
 Metaspace       used 53135K, capacity 54854K, committed 55060K, reserved 1097728K
  class space    used 6501K, capacity 6900K, committed 6976K, reserved 1048576K
2020-05-19T10:59:38.884+0000: 1335.822: [GC (Allocation Failure) 2020-05-19T10:59:38.884+0000: 1335.822: [ParNew
Desired survivor size 20112992 bytes, new threshold 5 (max 8)
- age   1:    8759360 bytes,    8759360 total
- age   2:     932832 bytes,    9692192 total
- age   3:     912248 bytes,   10604440 total
- age   4:    4748920 bytes,   15353360 total
- age   5:    6955616 bytes,   22308976 total
- age   6:       9232 bytes,   22318208 total
: 109248K->21824K(109248K), 0.0175859 secs] 180354K->94884K(502464K), 0.0176826 secs] [Times: user=0.05 sys=0.00, real=0.02 secs] 
Heap after GC invocations=23 (full 2):
 par new generation   total 109248K, used 21824K [0x00000000e0000000, 0x00000000e8000000, 0x00000000e8000000)
  eden space 87424K,   0% used [0x00000000e0000000, 0x00000000e0000000, 0x00000000e5560000)
  from space 21824K, 100% used [0x00000000e6ab0000, 0x00000000e8000000, 0x00000000e8000000)
  to   space 21824K,   0% used [0x00000000e5560000, 0x00000000e5560000, 0x00000000e6ab0000)
 concurrent mark-sweep generation total 393216K, used 73060K [0x00000000e8000000, 0x0000000100000000, 0x0000000100000000)
 Metaspace       used 53135K, capacity 54854K, committed 55060K, reserved 1097728K
  class space    used 6501K, capacity 6900K, committed 6976K, reserved 1048576K
}
2020-05-19T10:59:38.902+0000: 1335.839: Total time for which application threads were stopped: 0.0181665 seconds, Stopping threads took: 0.0002491 seconds
2020-05-19T10:59:38.910+0000: 1335.847: Total time for which application threads were stopped: 0.0003567 seconds, Stopping threads took: 0.0002308 seconds
2020-05-19T10:59:38.916+0000: 1335.853: Total time for which application threads were stopped: 0.0002254 seconds, Stopping threads took: 0.0000872 seconds
2020-05-19T10:59:39.916+0000: 1336.853: Total time for which application threads were stopped: 0.0001298 seconds, Stopping threads took: 0.0000554 seconds
2020-05-19T10:59:40.179+0000: 1337.116: Total time for which application threads were stopped: 0.0001703 seconds, Stopping threads took: 0.0000567 seconds
2020-05-19T10:59:40.180+0000: 1337.116: Total time for which application threads were stopped: 0.0001404 seconds, Stopping threads took: 0.0000587 seconds
2020-05-19T10:59:40.183+0000: 1337.120: Total time for which application threads were stopped: 0.0000984 seconds, Stopping threads took: 0.0000469 seconds
2020-05-19T10:59:40.183+0000: 1337.120: Total time for which application threads were stopped: 0.0000971 seconds, Stopping threads took: 0.0000420 seconds
2020-05-19T10:59:40.183+0000: 1337.120: Total time for which application threads were stopped: 0.0000715 seconds, Stopping threads took: 0.0000390 seconds
2020-05-19T10:59:40.184+0000: 1337.120: Total time for which application threads were stopped: 0.0000643 seconds, Stopping threads took: 0.0000341 seconds
2020-05-19T10:59:41.184+0000: 1338.121: Total time for which application threads were stopped: 0.0001217 seconds, Stopping threads took: 0.0000505 seconds
2020-05-19T10:59:51.778+0000: 1348.715: Total time for which application threads were stopped: 0.0010183 seconds, Stopping threads took: 0.0009192 seconds
2020-05-19T10:59:52.468+0000: 1349.405: Total time for which application threads were stopped: 0.0001869 seconds, Stopping threads took: 0.0000704 seconds
2020-05-19T10:59:52.470+0000: 1349.408: Total time for which application threads were stopped: 0.0003570 seconds, Stopping threads took: 0.0002677 seconds
2020-05-19T10:59:52.484+0000: 1349.421: Total time for which application threads were stopped: 0.0002006 seconds, Stopping threads took: 0.0000699 seconds
{Heap before GC invocations=23 (full 2):
 par new generation   total 109248K, used 109248K [0x00000000e0000000, 0x00000000e8000000, 0x00000000e8000000)
  eden space 87424K, 100% used [0x00000000e0000000, 0x00000000e5560000, 0x00000000e5560000)
  from space 21824K, 100% used [0x00000000e6ab0000, 0x00000000e8000000, 0x00000000e8000000)
  to   space 21824K,   0% used [0x00000000e5560000, 0x00000000e5560000, 0x00000000e6ab0000)
 concurrent mark-sweep generation total 393216K, used 73060K [0x00000000e8000000, 0x0000000100000000, 0x0000000100000000)
 Metaspace       used 53412K, capacity 55108K, committed 55316K, reserved 1097728K
  class space    used 6521K, capacity 6937K, committed 6976K, reserved 1048576K
2020-05-19T10:59:52.512+0000: 1349.449: [GC (Allocation Failure) 2020-05-19T10:59:52.512+0000: 1349.449: [ParNew
Desired survivor size 20112992 bytes, new threshold 8 (max 8)
- age   1:    5650824 bytes,    5650824 total
- age   2:    4602552 bytes,   10253376 total
- age   3:     829192 bytes,   11082568 total
- age   4:     909600 bytes,   11992168 total
- age   5:    4748920 bytes,   16741088 total
: 109248K->21824K(109248K), 0.0207698 secs] 182308K->102980K(502464K), 0.0208388 secs] [Times: user=0.06 sys=0.00, real=0.02 secs] 
Heap after GC invocations=24 (full 2):
 par new generation   total 109248K, used 21824K [0x00000000e0000000, 0x00000000e8000000, 0x00000000e8000000)
  eden space 87424K,   0% used [0x00000000e0000000, 0x00000000e0000000, 0x00000000e5560000)
  from space 21824K, 100% used [0x00000000e5560000, 0x00000000e6ab0000, 0x00000000e6ab0000)
  to   space 21824K,   0% used [0x00000000e6ab0000, 0x00000000e6ab0000, 0x00000000e8000000)
 concurrent mark-sweep generation total 393216K, used 81156K [0x00000000e8000000, 0x0000000100000000, 0x0000000100000000)
 Metaspace       used 53412K, capacity 55108K, committed 55316K, reserved 1097728K
  class space    used 6521K, capacity 6937K, committed 6976K, reserved 1048576K
}
2020-05-19T10:59:52.533+0000: 1349.470: Total time for which application threads were stopped: 0.0210761 seconds, Stopping threads took: 0.0000495 seconds
2020-05-19T10:59:52.533+0000: 1349.470: Total time for which application threads were stopped: 0.0001194 seconds, Stopping threads took: 0.0000666 seconds
2020-05-19T10:59:52.533+0000: 1349.470: Total time for which application threads were stopped: 0.0001330 seconds, Stopping threads took: 0.0000977 seconds
2020-05-19T10:59:52.533+0000: 1349.470: Total time for which application threads were stopped: 0.0000865 seconds, Stopping threads took: 0.0000490 seconds
2020-05-19T10:59:52.630+0000: 1349.567: Total time for which application threads were stopped: 0.0126696 seconds, Stopping threads took: 0.0125500 seconds
{Heap before GC invocations=24 (full 2):
 par new generation   total 109248K, used 109248K [0x00000000e0000000, 0x00000000e8000000, 0x00000000e8000000)
  eden space 87424K, 100% used [0x00000000e0000000, 0x00000000e5560000, 0x00000000e5560000)
  from space 21824K, 100% used [0x00000000e5560000, 0x00000000e6ab0000, 0x00000000e6ab0000)
  to   space 21824K,   0% used [0x00000000e6ab0000, 0x00000000e6ab0000, 0x00000000e8000000)
 concurrent mark-sweep generation total 393216K, used 81156K [0x00000000e8000000, 0x0000000100000000, 0x0000000100000000)
 Metaspace       used 53471K, capacity 55172K, committed 55316K, reserved 1097728K
  class space    used 6521K, capacity 6937K, committed 6976K, reserved 1048576K
2020-05-19T10:59:52.784+0000: 1349.721: [GC (Allocation Failure) 2020-05-19T10:59:52.784+0000: 1349.721: [ParNew
Desired survivor size 20112992 bytes, new threshold 8 (max 8)
- age   1:    5769752 bytes,    5769752 total
- age   2:    2836592 bytes,    8606344 total
- age   3:    4497208 bytes,   13103552 total
- age   4:     759592 bytes,   13863144 total
- age   5:     909096 bytes,   14772240 total
- age   6:    4748920 bytes,   19521160 total
: 109248K->21824K(109248K), 0.0107738 secs] 190404K->102980K(502464K), 0.0108749 secs] [Times: user=0.06 sys=0.00, real=0.01 secs] 
Heap after GC invocations=25 (full 2):
 par new generation   total 109248K, used 21824K [0x00000000e0000000, 0x00000000e8000000, 0x00000000e8000000)
  eden space 87424K,   0% used [0x00000000e0000000, 0x00000000e0000000, 0x00000000e5560000)
  from space 21824K, 100% used [0x00000000e6ab0000, 0x00000000e8000000, 0x00000000e8000000)
  to   space 21824K,   0% used [0x00000000e5560000, 0x00000000e5560000, 0x00000000e6ab0000)
 concurrent mark-sweep generation total 393216K, used 81156K [0x00000000e8000000, 0x0000000100000000, 0x0000000100000000)
 Metaspace       used 53471K, capacity 55172K, committed 55316K, reserved 1097728K
  class space    used 6521K, capacity 6937K, committed 6976K, reserved 1048576K
}
2020-05-19T10:59:52.795+0000: 1349.732: Total time for which application threads were stopped: 0.0111806 seconds, Stopping threads took: 0.0000651 seconds
2020-05-19T10:59:52.796+0000: 1349.733: Total time for which application threads were stopped: 0.0001728 seconds, Stopping threads took: 0.0000750 seconds
2020-05-19T10:59:52.807+0000: 1349.744: Total time for which application threads were stopped: 0.0006507 seconds, Stopping threads took: 0.0005503 seconds
2020-05-19T10:59:52.808+0000: 1349.744: Total time for which application threads were stopped: 0.0001486 seconds, Stopping threads took: 0.0000743 seconds
2020-05-19T10:59:53.816+0000: 1350.753: Total time for which application threads were stopped: 0.0001590 seconds, Stopping threads took: 0.0000498 seconds
2020-05-19T10:59:54.194+0000: 1351.130: Total time for which application threads were stopped: 0.0001457 seconds, Stopping threads took: 0.0000775 seconds
2020-05-19T10:59:54.194+0000: 1351.130: Total time for which application threads were stopped: 0.0000766 seconds, Stopping threads took: 0.0000356 seconds
2020-05-19T10:59:54.194+0000: 1351.131: Total time for which application threads were stopped: 0.0000648 seconds, Stopping threads took: 0.0000342 seconds
2020-05-19T10:59:54.194+0000: 1351.131: Total time for which application threads were stopped: 0.0000590 seconds, Stopping threads took: 0.0000312 seconds
2020-05-19T10:59:54.197+0000: 1351.134: Total time for which application threads were stopped: 0.0002666 seconds, Stopping threads took: 0.0000599 seconds
2020-05-19T10:59:54.198+0000: 1351.134: Total time for which application threads were stopped: 0.0001357 seconds, Stopping threads took: 0.0000528 seconds
2020-05-19T10:59:55.198+0000: 1352.135: Total time for which application threads were stopped: 0.0001333 seconds, Stopping threads took: 0.0000686 seconds
2020-05-19T10:59:59.238+0000: 1356.175: Total time for which application threads were stopped: 0.0003125 seconds, Stopping threads took: 0.0002320 seconds
2020-05-19T10:59:59.253+0000: 1356.190: Total time for which application threads were stopped: 0.0007530 seconds, Stopping threads took: 0.0006145 seconds
2020-05-19T10:59:59.456+0000: 1356.392: Total time for which application threads were stopped: 0.0001648 seconds, Stopping threads took: 0.0000522 seconds
2020-05-19T10:59:59.457+0000: 1356.393: Total time for which application threads were stopped: 0.0000941 seconds, Stopping threads took: 0.0000325 seconds
2020-05-19T10:59:59.533+0000: 1356.471: Total time for which application threads were stopped: 0.0001793 seconds, Stopping threads took: 0.0000906 seconds
{Heap before GC invocations=25 (full 2):
 par new generation   total 109248K, used 109248K [0x00000000e0000000, 0x00000000e8000000, 0x00000000e8000000)
  eden space 87424K, 100% used [0x00000000e0000000, 0x00000000e5560000, 0x00000000e5560000)
  from space 21824K, 100% used [0x00000000e6ab0000, 0x00000000e8000000, 0x00000000e8000000)
  to   space 21824K,   0% used [0x00000000e5560000, 0x00000000e5560000, 0x00000000e6ab0000)
 concurrent mark-sweep generation total 393216K, used 81156K [0x00000000e8000000, 0x0000000100000000, 0x0000000100000000)
 Metaspace       used 53671K, capacity 55428K, committed 55572K, reserved 1097728K
  class space    used 6534K, capacity 6937K, committed 6976K, reserved 1048576K
2020-05-19T10:59:59.575+0000: 1356.512: [GC (Allocation Failure) 2020-05-19T10:59:59.575+0000: 1356.512: [ParNew
Desired survivor size 20112992 bytes, new threshold 8 (max 8)
- age   1:    6922840 bytes,    6922840 total
- age   2:     824680 bytes,    7747520 total
- age   3:    1234608 bytes,    8982128 total
- age   4:    4496904 bytes,   13479032 total
- age   5:     716552 bytes,   14195584 total
- age   6:     909096 bytes,   15104680 total
- age   7:    4748960 bytes,   19853640 total
: 109248K->21824K(109248K), 0.0117327 secs] 190404K->103531K(502464K), 0.0118837 secs] [Times: user=0.06 sys=0.00, real=0.01 secs] 
Heap after GC invocations=26 (full 2):
 par new generation   total 109248K, used 21824K [0x00000000e0000000, 0x00000000e8000000, 0x00000000e8000000)
  eden space 87424K,   0% used [0x00000000e0000000, 0x00000000e0000000, 0x00000000e5560000)
  from space 21824K, 100% used [0x00000000e5560000, 0x00000000e6ab0000, 0x00000000e6ab0000)
  to   space 21824K,   0% used [0x00000000e6ab0000, 0x00000000e6ab0000, 0x00000000e8000000)
 concurrent mark-sweep generation total 393216K, used 81707K [0x00000000e8000000, 0x0000000100000000, 0x0000000100000000)
 Metaspace       used 53671K, capacity 55428K, committed 55572K, reserved 1097728K
  class space    used 6534K, capacity 6937K, committed 6976K, reserved 1048576K
}
2020-05-19T10:59:59.587+0000: 1356.524: Total time for which application threads were stopped: 0.0126498 seconds, Stopping threads took: 0.0004871 seconds
2020-05-19T10:59:59.588+0000: 1356.525: Total time for which application threads were stopped: 0.0002327 seconds, Stopping threads took: 0.0001472 seconds
2020-05-19T10:59:59.588+0000: 1356.526: Total time for which application threads were stopped: 0.0001732 seconds, Stopping threads took: 0.0000631 seconds
2020-05-19T10:59:59.589+0000: 1356.526: Total time for which application threads were stopped: 0.0001141 seconds, Stopping threads took: 0.0000580 seconds
2020-05-19T10:59:59.657+0000: 1356.594: Total time for which application threads were stopped: 0.0001808 seconds, Stopping threads took: 0.0000617 seconds
{Heap before GC invocations=26 (full 2):
 par new generation   total 109248K, used 109248K [0x00000000e0000000, 0x00000000e8000000, 0x00000000e8000000)
  eden space 87424K, 100% used [0x00000000e0000000, 0x00000000e5560000, 0x00000000e5560000)
  from space 21824K, 100% used [0x00000000e5560000, 0x00000000e6ab0000, 0x00000000e6ab0000)
  to   space 21824K,   0% used [0x00000000e6ab0000, 0x00000000e6ab0000, 0x00000000e8000000)
 concurrent mark-sweep generation total 393216K, used 81707K [0x00000000e8000000, 0x0000000100000000, 0x0000000100000000)
 Metaspace       used 53717K, capacity 55428K, committed 55572K, reserved 1097728K
  class space    used 6534K, capacity 6937K, committed 6976K, reserved 1048576K
2020-05-19T10:59:59.905+0000: 1356.842: [GC (Allocation Failure) 2020-05-19T10:59:59.905+0000: 1356.842: [ParNew
Desired survivor size 20112992 bytes, new threshold 8 (max 8)
- age   1:    4355432 bytes,    4355432 total
- age   2:    5130392 bytes,    9485824 total
- age   3:     822504 bytes,   10308328 total
- age   4:    1229688 bytes,   11538016 total
- age   5:    4495312 bytes,   16033328 total
- age   6:     714112 bytes,   16747440 total
- age   7:     901560 bytes,   17649000 total
- age   8:    6921600 bytes,   24570600 total
: 109248K->21824K(109248K), 0.0157105 secs] 190955K->106833K(502464K), 0.0158187 secs] [Times: user=0.06 sys=0.00, real=0.02 secs] 
Heap after GC invocations=27 (full 2):
 par new generation   total 109248K, used 21824K [0x00000000e0000000, 0x00000000e8000000, 0x00000000e8000000)
  eden space 87424K,   0% used [0x00000000e0000000, 0x00000000e0000000, 0x00000000e5560000)
  from space 21824K, 100% used [0x00000000e6ab0000, 0x00000000e8000000, 0x00000000e8000000)
  to   space 21824K,   0% used [0x00000000e5560000, 0x00000000e5560000, 0x00000000e6ab0000)
 concurrent mark-sweep generation total 393216K, used 85009K [0x00000000e8000000, 0x0000000100000000, 0x0000000100000000)
 Metaspace       used 53717K, capacity 55428K, committed 55572K, reserved 1097728K
  class space    used 6534K, capacity 6937K, committed 6976K, reserved 1048576K
}
2020-05-19T10:59:59.921+0000: 1356.858: Total time for which application threads were stopped: 0.0161354 seconds, Stopping threads took: 0.0000648 seconds
2020-05-19T10:59:59.921+0000: 1356.859: Total time for which application threads were stopped: 0.0001641 seconds, Stopping threads took: 0.0000552 seconds
2020-05-19T10:59:59.922+0000: 1356.859: Total time for which application threads were stopped: 0.0001414 seconds, Stopping threads took: 0.0000372 seconds
2020-05-19T11:00:00.916+0000: 1357.853: Total time for which application threads were stopped: 0.0001665 seconds, Stopping threads took: 0.0000653 seconds
2020-05-19T11:00:00.918+0000: 1357.854: Total time for which application threads were stopped: 0.0001196 seconds, Stopping threads took: 0.0000463 seconds
2020-05-19T11:00:00.918+0000: 1357.855: Total time for which application threads were stopped: 0.0004624 seconds, Stopping threads took: 0.0003936 seconds
2020-05-19T11:00:00.919+0000: 1357.856: Total time for which application threads were stopped: 0.0001331 seconds, Stopping threads took: 0.0000833 seconds
2020-05-19T11:00:00.919+0000: 1357.856: Total time for which application threads were stopped: 0.0000798 seconds, Stopping threads took: 0.0000464 seconds
2020-05-19T11:00:07.923+0000: 1364.859: Total time for which application threads were stopped: 0.0001162 seconds, Stopping threads took: 0.0000518 seconds
2020-05-19T11:00:08.347+0000: 1365.284: Total time for which application threads were stopped: 0.0001942 seconds, Stopping threads took: 0.0001262 seconds
2020-05-19T11:00:08.353+0000: 1365.290: Total time for which application threads were stopped: 0.0001708 seconds, Stopping threads took: 0.0000664 seconds
2020-05-19T11:00:08.354+0000: 1365.291: Total time for which application threads were stopped: 0.0001347 seconds, Stopping threads took: 0.0000675 seconds
2020-05-19T11:00:08.369+0000: 1365.306: Total time for which application threads were stopped: 0.0001629 seconds, Stopping threads took: 0.0000827 seconds
2020-05-19T11:00:08.370+0000: 1365.307: Total time for which application threads were stopped: 0.0001446 seconds, Stopping threads took: 0.0000882 seconds
{Heap before GC invocations=27 (full 2):
 par new generation   total 109248K, used 109083K [0x00000000e0000000, 0x00000000e8000000, 0x00000000e8000000)
  eden space 87424K,  99% used [0x00000000e0000000, 0x00000000e5536e80, 0x00000000e5560000)
  from space 21824K, 100% used [0x00000000e6ab0000, 0x00000000e8000000, 0x00000000e8000000)
  to   space 21824K,   0% used [0x00000000e5560000, 0x00000000e5560000, 0x00000000e6ab0000)
 concurrent mark-sweep generation total 393216K, used 85009K [0x00000000e8000000, 0x0000000100000000, 0x0000000100000000)
 Metaspace       used 53776K, capacity 55564K, committed 55828K, reserved 1097728K
  class space    used 6535K, capacity 6939K, committed 6976K, reserved 1048576K
2020-05-19T11:00:08.427+0000: 1365.364: [GC (Allocation Failure) 2020-05-19T11:00:08.427+0000: 1365.364: [ParNew
Desired survivor size 20112992 bytes, new threshold 6 (max 8)
- age   1:    6142584 bytes,    6142584 total
- age   2:    2968640 bytes,    9111224 total
- age   3:    4974520 bytes,   14085744 total
- age   4:     822200 bytes,   14907944 total
- age   5:    1229264 bytes,   16137208 total
- age   6:    4495312 bytes,   20632520 total
- age   7:     763072 bytes,   21395592 total
- age   8:     901240 bytes,   22296832 total
: 109083K->21824K(109248K), 0.0187248 secs] 194092K->114526K(502464K), 0.0188380 secs] [Times: user=0.11 sys=0.00, real=0.02 secs] 
Heap after GC invocations=28 (full 2):
 par new generation   total 109248K, used 21824K [0x00000000e0000000, 0x00000000e8000000, 0x00000000e8000000)
  eden space 87424K,   0% used [0x00000000e0000000, 0x00000000e0000000, 0x00000000e5560000)
  from space 21824K, 100% used [0x00000000e5560000, 0x00000000e6ab0000, 0x00000000e6ab0000)
  to   space 21824K,   0% used [0x00000000e6ab0000, 0x00000000e6ab0000, 0x00000000e8000000)
 concurrent mark-sweep generation total 393216K, used 92702K [0x00000000e8000000, 0x0000000100000000, 0x0000000100000000)
 Metaspace       used 53776K, capacity 55564K, committed 55828K, reserved 1097728K
  class space    used 6535K, capacity 6939K, committed 6976K, reserved 1048576K
}
2020-05-19T11:00:08.446+0000: 1365.383: Total time for which application threads were stopped: 0.0191533 seconds, Stopping threads took: 0.0000738 seconds
2020-05-19T11:00:08.446+0000: 1365.384: Total time for which application threads were stopped: 0.0001774 seconds, Stopping threads took: 0.0000834 seconds
2020-05-19T11:00:08.447+0000: 1365.384: Total time for which application threads were stopped: 0.0001626 seconds, Stopping threads took: 0.0000732 seconds
2020-05-19T11:00:08.477+0000: 1365.414: Total time for which application threads were stopped: 0.0001552 seconds, Stopping threads took: 0.0000589 seconds
{Heap before GC invocations=28 (full 2):
 par new generation   total 109248K, used 109248K [0x00000000e0000000, 0x00000000e8000000, 0x00000000e8000000)
  eden space 87424K, 100% used [0x00000000e0000000, 0x00000000e5560000, 0x00000000e5560000)
  from space 21824K, 100% used [0x00000000e5560000, 0x00000000e6ab0000, 0x00000000e6ab0000)
  to   space 21824K,   0% used [0x00000000e6ab0000, 0x00000000e6ab0000, 0x00000000e8000000)
 concurrent mark-sweep generation total 393216K, used 92702K [0x00000000e8000000, 0x0000000100000000, 0x0000000100000000)
 Metaspace       used 53782K, capacity 55564K, committed 55828K, reserved 1097728K
  class space    used 6535K, capacity 6939K, committed 6976K, reserved 1048576K
2020-05-19T11:00:08.600+0000: 1365.538: [GC (Allocation Failure) 2020-05-19T11:00:08.600+0000: 1365.538: [ParNew
Desired survivor size 20112992 bytes, new threshold 8 (max 8)
- age   1:    7512120 bytes,    7512120 total
- age   2:    2687312 bytes,   10199432 total
- age   3:    2968144 bytes,   13167576 total
- age   4:    4891040 bytes,   18058616 total
- age   5:     822200 bytes,   18880816 total
- age   6:    1228824 bytes,   20109640 total
: 109248K->21824K(109248K), 0.0186101 secs] 201950K->122932K(502464K), 0.0187186 secs] [Times: user=0.09 sys=0.00, real=0.02 secs] 
Heap after GC invocations=29 (full 2):
 par new generation   total 109248K, used 21824K [0x00000000e0000000, 0x00000000e8000000, 0x00000000e8000000)
  eden space 87424K,   0% used [0x00000000e0000000, 0x00000000e0000000, 0x00000000e5560000)
  from space 21824K, 100% used [0x00000000e6ab0000, 0x00000000e8000000, 0x00000000e8000000)
  to   space 21824K,   0% used [0x00000000e5560000, 0x00000000e5560000, 0x00000000e6ab0000)
 concurrent mark-sweep generation total 393216K, used 101108K [0x00000000e8000000, 0x0000000100000000, 0x0000000100000000)
 Metaspace       used 53782K, capacity 55564K, committed 55828K, reserved 1097728K
  class space    used 6535K, capacity 6939K, committed 6976K, reserved 1048576K
}
2020-05-19T11:00:08.619+0000: 1365.557: Total time for which application threads were stopped: 0.0190256 seconds, Stopping threads took: 0.0000661 seconds
2020-05-19T11:00:08.620+0000: 1365.557: Total time for which application threads were stopped: 0.0001694 seconds, Stopping threads took: 0.0000717 seconds
2020-05-19T11:00:08.620+0000: 1365.557: Total time for which application threads were stopped: 0.0001975 seconds, Stopping threads took: 0.0000361 seconds
2020-05-19T11:00:08.621+0000: 1365.558: Total time for which application threads were stopped: 0.0001226 seconds, Stopping threads took: 0.0000412 seconds
2020-05-19T11:00:08.621+0000: 1365.558: Total time for which application threads were stopped: 0.0000981 seconds, Stopping threads took: 0.0000370 seconds
2020-05-19T11:00:08.658+0000: 1365.595: Total time for which application threads were stopped: 0.0010138 seconds, Stopping threads took: 0.0008860 seconds
2020-05-19T11:00:09.659+0000: 1366.595: Total time for which application threads were stopped: 0.0001093 seconds, Stopping threads took: 0.0000463 seconds
2020-05-19T11:00:10.135+0000: 1367.072: Total time for which application threads were stopped: 0.0001791 seconds, Stopping threads took: 0.0000837 seconds
2020-05-19T11:00:10.140+0000: 1367.077: Total time for which application threads were stopped: 0.0001242 seconds, Stopping threads took: 0.0000510 seconds
2020-05-19T11:00:10.140+0000: 1367.077: Total time for which application threads were stopped: 0.0000974 seconds, Stopping threads took: 0.0000415 seconds
2020-05-19T11:00:10.140+0000: 1367.077: Total time for which application threads were stopped: 0.0000809 seconds, Stopping threads took: 0.0000390 seconds
2020-05-19T11:00:10.140+0000: 1367.077: Total time for which application threads were stopped: 0.0000790 seconds, Stopping threads took: 0.0000378 seconds
2020-05-19T11:00:11.140+0000: 1368.077: Total time for which application threads were stopped: 0.0001119 seconds, Stopping threads took: 0.0000476 seconds
2020-05-19T11:00:23.371+0000: 1380.308: Total time for which application threads were stopped: 0.0000887 seconds, Stopping threads took: 0.0000260 seconds
2020-05-19T11:00:41.379+0000: 1398.316: Total time for which application threads were stopped: 0.0001381 seconds, Stopping threads took: 0.0000351 seconds
2020-05-19T11:01:41.406+0000: 1458.343: Total time for which application threads were stopped: 0.0003478 seconds, Stopping threads took: 0.0000950 seconds
2020-05-19T11:03:14.450+0000: 1551.387: Total time for which application threads were stopped: 0.0002591 seconds, Stopping threads took: 0.0000731 seconds
2020-05-19T11:07:41.570+0000: 1818.507: Total time for which application threads were stopped: 0.0001747 seconds, Stopping threads took: 0.0000453 seconds
2020-05-19T11:09:41.620+0000: 1938.556: Total time for which application threads were stopped: 0.0001263 seconds, Stopping threads took: 0.0000336 seconds
2020-05-19T11:15:48.574+0000: 2305.511: Total time for which application threads were stopped: 0.0002867 seconds, Stopping threads took: 0.0002042 seconds
2020-05-19T11:15:48.577+0000: 2305.514: Total time for which application threads were stopped: 0.0001312 seconds, Stopping threads took: 0.0000607 seconds
2020-05-19T11:15:48.590+0000: 2305.527: Total time for which application threads were stopped: 0.0000751 seconds, Stopping threads took: 0.0000232 seconds
2020-05-19T11:15:48.593+0000: 2305.530: Total time for which application threads were stopped: 0.0001270 seconds, Stopping threads took: 0.0000450 seconds
{Heap before GC invocations=29 (full 2):
 par new generation   total 109248K, used 109248K [0x00000000e0000000, 0x00000000e8000000, 0x00000000e8000000)
  eden space 87424K, 100% used [0x00000000e0000000, 0x00000000e5560000, 0x00000000e5560000)
  from space 21824K, 100% used [0x00000000e6ab0000, 0x00000000e8000000, 0x00000000e8000000)
  to   space 21824K,   0% used [0x00000000e5560000, 0x00000000e5560000, 0x00000000e6ab0000)
 concurrent mark-sweep generation total 393216K, used 101108K [0x00000000e8000000, 0x0000000100000000, 0x0000000100000000)
 Metaspace       used 53855K, capacity 55632K, committed 55828K, reserved 1097728K
  class space    used 6535K, capacity 6939K, committed 6976K, reserved 1048576K
2020-05-19T11:15:48.701+0000: 2305.638: [GC (Allocation Failure) 2020-05-19T11:15:48.701+0000: 2305.638: [ParNew
Desired survivor size 20112992 bytes, new threshold 6 (max 8)
- age   1:    3339688 bytes,    3339688 total
- age   2:    5790640 bytes,    9130328 total
- age   3:    2515016 bytes,   11645344 total
- age   4:    2967568 bytes,   14612912 total
- age   5:    4890024 bytes,   19502936 total
- age   6:     821736 bytes,   20324672 total
- age   7:    1225032 bytes,   21549704 total
: 109248K->21824K(109248K), 0.0161704 secs] 210356K->128804K(502464K), 0.0162889 secs] [Times: user=0.06 sys=0.00, real=0.02 secs] 
Heap after GC invocations=30 (full 2):
 par new generation   total 109248K, used 21824K [0x00000000e0000000, 0x00000000e8000000, 0x00000000e8000000)
  eden space 87424K,   0% used [0x00000000e0000000, 0x00000000e0000000, 0x00000000e5560000)
  from space 21824K, 100% used [0x00000000e5560000, 0x00000000e6ab0000, 0x00000000e6ab0000)
  to   space 21824K,   0% used [0x00000000e6ab0000, 0x00000000e6ab0000, 0x00000000e8000000)
 concurrent mark-sweep generation total 393216K, used 106980K [0x00000000e8000000, 0x0000000100000000, 0x0000000100000000)
 Metaspace       used 53855K, capacity 55632K, committed 55828K, reserved 1097728K
  class space    used 6535K, capacity 6939K, committed 6976K, reserved 1048576K
}
2020-05-19T11:15:48.718+0000: 2305.654: Total time for which application threads were stopped: 0.0166417 seconds, Stopping threads took: 0.0000702 seconds
2020-05-19T11:15:48.718+0000: 2305.655: Total time for which application threads were stopped: 0.0002103 seconds, Stopping threads took: 0.0001189 seconds
2020-05-19T11:15:48.719+0000: 2305.656: Total time for which application threads were stopped: 0.0007134 seconds, Stopping threads took: 0.0002188 seconds
2020-05-19T11:15:48.745+0000: 2305.682: Total time for which application threads were stopped: 0.0001748 seconds, Stopping threads took: 0.0000628 seconds
{Heap before GC invocations=30 (full 2):
 par new generation   total 109248K, used 109248K [0x00000000e0000000, 0x00000000e8000000, 0x00000000e8000000)
  eden space 87424K, 100% used [0x00000000e0000000, 0x00000000e5560000, 0x00000000e5560000)
  from space 21824K, 100% used [0x00000000e5560000, 0x00000000e6ab0000, 0x00000000e6ab0000)
  to   space 21824K,   0% used [0x00000000e6ab0000, 0x00000000e6ab0000, 0x00000000e8000000)
 concurrent mark-sweep generation total 393216K, used 106980K [0x00000000e8000000, 0x0000000100000000, 0x0000000100000000)
 Metaspace       used 53866K, capacity 55632K, committed 55828K, reserved 1097728K
  class space    used 6535K, capacity 6939K, committed 6976K, reserved 1048576K
2020-05-19T11:15:48.908+0000: 2305.845: [GC (Allocation Failure) 2020-05-19T11:15:48.908+0000: 2305.845: [ParNew
Desired survivor size 20112992 bytes, new threshold 6 (max 8)
- age   1:    4924112 bytes,    4924112 total
- age   2:    2560240 bytes,    7484352 total
- age   3:    4633504 bytes,   12117856 total
- age   4:    2389280 bytes,   14507136 total
- age   5:    2967568 bytes,   17474704 total
- age   6:    4865256 bytes,   22339960 total
: 109248K->21824K(109248K), 0.0201759 secs] 216228K->137605K(502464K), 0.0202570 secs] [Times: user=0.06 sys=0.00, real=0.02 secs] 
Heap after GC invocations=31 (full 2):
 par new generation   total 109248K, used 21824K [0x00000000e0000000, 0x00000000e8000000, 0x00000000e8000000)
  eden space 87424K,   0% used [0x00000000e0000000, 0x00000000e0000000, 0x00000000e5560000)
  from space 21824K, 100% used [0x00000000e6ab0000, 0x00000000e8000000, 0x00000000e8000000)
  to   space 21824K,   0% used [0x00000000e5560000, 0x00000000e5560000, 0x00000000e6ab0000)
 concurrent mark-sweep generation total 393216K, used 115781K [0x00000000e8000000, 0x0000000100000000, 0x0000000100000000)
 Metaspace       used 53866K, capacity 55632K, committed 55828K, reserved 1097728K
  class space    used 6535K, capacity 6939K, committed 6976K, reserved 1048576K
}
2020-05-19T11:15:48.929+0000: 2305.866: Total time for which application threads were stopped: 0.0206158 seconds, Stopping threads took: 0.0000957 seconds
2020-05-19T11:15:48.929+0000: 2305.866: Total time for which application threads were stopped: 0.0002178 seconds, Stopping threads took: 0.0000872 seconds
2020-05-19T11:15:48.929+0000: 2305.866: Total time for which application threads were stopped: 0.0001820 seconds, Stopping threads took: 0.0000772 seconds
2020-05-19T11:15:48.930+0000: 2305.867: Total time for which application threads were stopped: 0.0001125 seconds, Stopping threads took: 0.0000469 seconds
2020-05-19T11:15:48.930+0000: 2305.867: Total time for which application threads were stopped: 0.0000930 seconds, Stopping threads took: 0.0000456 seconds
{Heap before GC invocations=31 (full 2):
 par new generation   total 109248K, used 109248K [0x00000000e0000000, 0x00000000e8000000, 0x00000000e8000000)
  eden space 87424K, 100% used [0x00000000e0000000, 0x00000000e5560000, 0x00000000e5560000)
  from space 21824K, 100% used [0x00000000e6ab0000, 0x00000000e8000000, 0x00000000e8000000)
  to   space 21824K,   0% used [0x00000000e5560000, 0x00000000e5560000, 0x00000000e6ab0000)
 concurrent mark-sweep generation total 393216K, used 115781K [0x00000000e8000000, 0x0000000100000000, 0x0000000100000000)
 Metaspace       used 53880K, capacity 55632K, committed 55828K, reserved 1097728K
  class space    used 6535K, capacity 6939K, committed 6976K, reserved 1048576K
2020-05-19T11:15:49.117+0000: 2306.053: [GC (Allocation Failure) 2020-05-19T11:15:49.117+0000: 2306.054: [ParNew
Desired survivor size 20112992 bytes, new threshold 6 (max 8)
- age   1:    5676680 bytes,    5676680 total
- age   2:    2111256 bytes,    7787936 total
- age   3:    2560280 bytes,   10348216 total
- age   4:    4633504 bytes,   14981720 total
- age   5:    2389136 bytes,   17370856 total
- age   6:    2967568 bytes,   20338424 total
: 109248K->21824K(109248K), 0.0210786 secs] 225029K->148582K(502464K), 0.0211860 secs] [Times: user=0.13 sys=0.00, real=0.02 secs] 
Heap after GC invocations=32 (full 2):
 par new generation   total 109248K, used 21824K [0x00000000e0000000, 0x00000000e8000000, 0x00000000e8000000)
  eden space 87424K,   0% used [0x00000000e0000000, 0x00000000e0000000, 0x00000000e5560000)
  from space 21824K, 100% used [0x00000000e5560000, 0x00000000e6ab0000, 0x00000000e6ab0000)
  to   space 21824K,   0% used [0x00000000e6ab0000, 0x00000000e6ab0000, 0x00000000e8000000)
 concurrent mark-sweep generation total 393216K, used 126758K [0x00000000e8000000, 0x0000000100000000, 0x0000000100000000)
 Metaspace       used 53880K, capacity 55632K, committed 55828K, reserved 1097728K
  class space    used 6535K, capacity 6939K, committed 6976K, reserved 1048576K
}
2020-05-19T11:15:49.137+0000: 2306.075: Total time for which application threads were stopped: 0.0215200 seconds, Stopping threads took: 0.0000581 seconds
2020-05-19T11:15:49.138+0000: 2306.075: Total time for which application threads were stopped: 0.0002713 seconds, Stopping threads took: 0.0001493 seconds
2020-05-19T11:15:49.138+0000: 2306.075: Total time for which application threads were stopped: 0.0001283 seconds, Stopping threads took: 0.0000449 seconds
2020-05-19T11:15:50.125+0000: 2307.062: Total time for which application threads were stopped: 0.0003231 seconds, Stopping threads took: 0.0000653 seconds
2020-05-19T11:15:50.127+0000: 2307.064: Total time for which application threads were stopped: 0.0001446 seconds, Stopping threads took: 0.0000581 seconds
2020-05-19T11:15:50.127+0000: 2307.064: Total time for which application threads were stopped: 0.0001029 seconds, Stopping threads took: 0.0000440 seconds
2020-05-19T11:15:50.127+0000: 2307.065: Total time for which application threads were stopped: 0.0004148 seconds, Stopping threads took: 0.0001221 seconds
2020-05-19T11:15:51.128+0000: 2308.064: Total time for which application threads were stopped: 0.0000992 seconds, Stopping threads took: 0.0000405 seconds
2020-05-19T11:15:54.357+0000: 2311.294: Total time for which application threads were stopped: 0.0002563 seconds, Stopping threads took: 0.0001949 seconds
2020-05-19T11:15:54.361+0000: 2311.298: Total time for which application threads were stopped: 0.0001685 seconds, Stopping threads took: 0.0000760 seconds
2020-05-19T11:15:54.362+0000: 2311.299: Total time for which application threads were stopped: 0.0001752 seconds, Stopping threads took: 0.0001056 seconds
2020-05-19T11:15:54.370+0000: 2311.307: Total time for which application threads were stopped: 0.0001540 seconds, Stopping threads took: 0.0000728 seconds
{Heap before GC invocations=32 (full 2):
 par new generation   total 109248K, used 109248K [0x00000000e0000000, 0x00000000e8000000, 0x00000000e8000000)
  eden space 87424K, 100% used [0x00000000e0000000, 0x00000000e5560000, 0x00000000e5560000)
  from space 21824K, 100% used [0x00000000e5560000, 0x00000000e6ab0000, 0x00000000e6ab0000)
  to   space 21824K,   0% used [0x00000000e6ab0000, 0x00000000e6ab0000, 0x00000000e8000000)
 concurrent mark-sweep generation total 393216K, used 126758K [0x00000000e8000000, 0x0000000100000000, 0x0000000100000000)
 Metaspace       used 53964K, capacity 55702K, committed 56084K, reserved 1097728K
  class space    used 6536K, capacity 6940K, committed 6976K, reserved 1048576K
2020-05-19T11:15:54.480+0000: 2311.417: [GC (Allocation Failure) 2020-05-19T11:15:54.480+0000: 2311.417: [ParNew
Desired survivor size 20112992 bytes, new threshold 6 (max 8)
- age   1:    7269136 bytes,    7269136 total
- age   2:    3334808 bytes,   10603944 total
- age   3:    1743488 bytes,   12347432 total
- age   4:    2414984 bytes,   14762416 total
- age   5:    4633200 bytes,   19395616 total
- age   6:    2388952 bytes,   21784568 total
: 109248K->21824K(109248K), 0.0158590 secs] 236006K->154355K(502464K), 0.0160259 secs] [Times: user=0.02 sys=0.00, real=0.02 secs] 
Heap after GC invocations=33 (full 2):
 par new generation   total 109248K, used 21824K [0x00000000e0000000, 0x00000000e8000000, 0x00000000e8000000)
  eden space 87424K,   0% used [0x00000000e0000000, 0x00000000e0000000, 0x00000000e5560000)
  from space 21824K, 100% used [0x00000000e6ab0000, 0x00000000e8000000, 0x00000000e8000000)
  to   space 21824K,   0% used [0x00000000e5560000, 0x00000000e5560000, 0x00000000e6ab0000)
 concurrent mark-sweep generation total 393216K, used 132531K [0x00000000e8000000, 0x0000000100000000, 0x0000000100000000)
 Metaspace       used 53964K, capacity 55702K, committed 56084K, reserved 1097728K
  class space    used 6536K, capacity 6940K, committed 6976K, reserved 1048576K
}
2020-05-19T11:15:54.496+0000: 2311.433: Total time for which application threads were stopped: 0.0163206 seconds, Stopping threads took: 0.0000541 seconds
2020-05-19T11:15:54.496+0000: 2311.433: Total time for which application threads were stopped: 0.0001500 seconds, Stopping threads took: 0.0000752 seconds
2020-05-19T11:15:54.496+0000: 2311.433: Total time for which application threads were stopped: 0.0001426 seconds, Stopping threads took: 0.0000487 seconds
2020-05-19T11:15:54.507+0000: 2311.444: Total time for which application threads were stopped: 0.0001851 seconds, Stopping threads took: 0.0000703 seconds
{Heap before GC invocations=33 (full 2):
 par new generation   total 109248K, used 109248K [0x00000000e0000000, 0x00000000e8000000, 0x00000000e8000000)
  eden space 87424K, 100% used [0x00000000e0000000, 0x00000000e5560000, 0x00000000e5560000)
  from space 21824K, 100% used [0x00000000e6ab0000, 0x00000000e8000000, 0x00000000e8000000)
  to   space 21824K,   0% used [0x00000000e5560000, 0x00000000e5560000, 0x00000000e6ab0000)
 concurrent mark-sweep generation total 393216K, used 132531K [0x00000000e8000000, 0x0000000100000000, 0x0000000100000000)
 Metaspace       used 53995K, capacity 55702K, committed 56084K, reserved 1097728K
  class space    used 6536K, capacity 6940K, committed 6976K, reserved 1048576K
2020-05-19T11:15:54.656+0000: 2311.592: [GC (Allocation Failure) 2020-05-19T11:15:54.656+0000: 2311.592: [ParNew
Desired survivor size 20112992 bytes, new threshold 8 (max 8)
- age   1:    4244000 bytes,    4244000 total
- age   2:    3360960 bytes,    7604960 total
- age   3:    3329984 bytes,   10934944 total
- age   4:    1741440 bytes,   12676384 total
- age   5:    2414760 bytes,   15091144 total
- age   6:    4633200 bytes,   19724344 total
: 109248K->21824K(109248K), 0.0176125 secs] 241779K->162092K(502464K), 0.0177284 secs] [Times: user=0.06 sys=0.00, real=0.02 secs] 
Heap after GC invocations=34 (full 2):
 par new generation   total 109248K, used 21824K [0x00000000e0000000, 0x00000000e8000000, 0x00000000e8000000)
  eden space 87424K,   0% used [0x00000000e0000000, 0x00000000e0000000, 0x00000000e5560000)
  from space 21824K, 100% used [0x00000000e5560000, 0x00000000e6ab0000, 0x00000000e6ab0000)
  to   space 21824K,   0% used [0x00000000e6ab0000, 0x00000000e6ab0000, 0x00000000e8000000)
 concurrent mark-sweep generation total 393216K, used 140268K [0x00000000e8000000, 0x0000000100000000, 0x0000000100000000)
 Metaspace       used 53995K, capacity 55702K, committed 56084K, reserved 1097728K
  class space    used 6536K, capacity 6940K, committed 6976K, reserved 1048576K
}
2020-05-19T11:15:54.674+0000: 2311.610: Total time for which application threads were stopped: 0.0180072 seconds, Stopping threads took: 0.0000557 seconds
2020-05-19T11:15:54.674+0000: 2311.610: Total time for which application threads were stopped: 0.0001404 seconds, Stopping threads took: 0.0000698 seconds
2020-05-19T11:15:54.674+0000: 2311.611: Total time for which application threads were stopped: 0.0001161 seconds, Stopping threads took: 0.0000459 seconds
{Heap before GC invocations=34 (full 2):
 par new generation   total 109248K, used 109248K [0x00000000e0000000, 0x00000000e8000000, 0x00000000e8000000)
  eden space 87424K, 100% used [0x00000000e0000000, 0x00000000e5560000, 0x00000000e5560000)
  from space 21824K, 100% used [0x00000000e5560000, 0x00000000e6ab0000, 0x00000000e6ab0000)
  to   space 21824K,   0% used [0x00000000e6ab0000, 0x00000000e6ab0000, 0x00000000e8000000)
 concurrent mark-sweep generation total 393216K, used 140268K [0x00000000e8000000, 0x0000000100000000, 0x0000000100000000)
 Metaspace       used 54008K, capacity 55702K, committed 56084K, reserved 1097728K
  class space    used 6536K, capacity 6940K, committed 6976K, reserved 1048576K
2020-05-19T11:15:54.840+0000: 2311.777: [GC (Allocation Failure) 2020-05-19T11:15:54.840+0000: 2311.777: [ParNew
Desired survivor size 20112992 bytes, new threshold 7 (max 8)
- age   1:    4885032 bytes,    4885032 total
- age   2:    2325688 bytes,    7210720 total
- age   3:    3342296 bytes,   10553016 total
- age   4:    3329712 bytes,   13882728 total
- age   5:    1555192 bytes,   15437920 total
- age   6:    2268800 bytes,   17706720 total
- age   7:    4633104 bytes,   22339824 total
: 109248K->21824K(109248K), 0.0184427 secs] 249516K->169531K(502464K), 0.0185243 secs] [Times: user=0.03 sys=0.00, real=0.02 secs] 
Heap after GC invocations=35 (full 2):
 par new generation   total 109248K, used 21824K [0x00000000e0000000, 0x00000000e8000000, 0x00000000e8000000)
  eden space 87424K,   0% used [0x00000000e0000000, 0x00000000e0000000, 0x00000000e5560000)
  from space 21824K, 100% used [0x00000000e6ab0000, 0x00000000e8000000, 0x00000000e8000000)
  to   space 21824K,   0% used [0x00000000e5560000, 0x00000000e5560000, 0x00000000e6ab0000)
 concurrent mark-sweep generation total 393216K, used 147707K [0x00000000e8000000, 0x0000000100000000, 0x0000000100000000)
 Metaspace       used 54008K, capacity 55702K, committed 56084K, reserved 1097728K
  class space    used 6536K, capacity 6940K, committed 6976K, reserved 1048576K
}
2020-05-19T11:15:54.859+0000: 2311.796: Total time for which application threads were stopped: 0.0187958 seconds, Stopping threads took: 0.0000784 seconds
2020-05-19T11:15:54.859+0000: 2311.796: Total time for which application threads were stopped: 0.0001480 seconds, Stopping threads took: 0.0000750 seconds
2020-05-19T11:15:54.860+0000: 2311.796: Total time for which application threads were stopped: 0.0001045 seconds, Stopping threads took: 0.0000404 seconds
2020-05-19T11:15:55.860+0000: 2312.797: Total time for which application threads were stopped: 0.0004432 seconds, Stopping threads took: 0.0003364 seconds
2020-05-19T11:15:55.881+0000: 2312.818: Total time for which application threads were stopped: 0.0001633 seconds, Stopping threads took: 0.0001060 seconds
2020-05-19T11:15:55.883+0000: 2312.821: Total time for which application threads were stopped: 0.0002061 seconds, Stopping threads took: 0.0000595 seconds
2020-05-19T11:15:55.886+0000: 2312.823: Total time for which application threads were stopped: 0.0001623 seconds, Stopping threads took: 0.0000823 seconds
2020-05-19T11:15:56.887+0000: 2313.823: Total time for which application threads were stopped: 0.0003289 seconds, Stopping threads took: 0.0002307 seconds
2020-05-19T11:16:09.377+0000: 2326.314: Total time for which application threads were stopped: 0.0000887 seconds, Stopping threads took: 0.0000245 seconds
2020-05-19T11:16:33.551+0000: 2350.488: Total time for which application threads were stopped: 0.0003845 seconds, Stopping threads took: 0.0003004 seconds
2020-05-19T11:16:33.556+0000: 2350.493: Total time for which application threads were stopped: 0.0001700 seconds, Stopping threads took: 0.0000526 seconds
2020-05-19T11:16:33.558+0000: 2350.495: Total time for which application threads were stopped: 0.0008341 seconds, Stopping threads took: 0.0000460 seconds
2020-05-19T11:16:33.578+0000: 2350.515: Total time for which application threads were stopped: 0.0001032 seconds, Stopping threads took: 0.0000334 seconds
2020-05-19T11:16:33.583+0000: 2350.520: Total time for which application threads were stopped: 0.0003241 seconds, Stopping threads took: 0.0002496 seconds
2020-05-19T11:16:33.749+0000: 2350.686: Total time for which application threads were stopped: 0.0001748 seconds, Stopping threads took: 0.0000599 seconds
{Heap before GC invocations=35 (full 2):
 par new generation   total 109248K, used 109208K [0x00000000e0000000, 0x00000000e8000000, 0x00000000e8000000)
  eden space 87424K,  99% used [0x00000000e0000000, 0x00000000e55561c0, 0x00000000e5560000)
  from space 21824K, 100% used [0x00000000e6ab0000, 0x00000000e8000000, 0x00000000e8000000)
  to   space 21824K,   0% used [0x00000000e5560000, 0x00000000e5560000, 0x00000000e6ab0000)
 concurrent mark-sweep generation total 393216K, used 147707K [0x00000000e8000000, 0x0000000100000000, 0x0000000100000000)
 Metaspace       used 54045K, capacity 55830K, committed 56084K, reserved 1097728K
  class space    used 6536K, capacity 6940K, committed 6976K, reserved 1048576K
2020-05-19T11:16:33.752+0000: 2350.689: [GC (Allocation Failure) 2020-05-19T11:16:33.752+0000: 2350.689: [ParNew
Desired survivor size 20112992 bytes, new threshold 8 (max 8)
- age   1:    4533400 bytes,    4533400 total
- age   2:    3372040 bytes,    7905440 total
- age   3:    1833560 bytes,    9739000 total
- age   4:    2918488 bytes,   12657488 total
- age   5:    3326936 bytes,   15984424 total
- age   6:    1298592 bytes,   17283016 total
- age   7:    2232880 bytes,   19515896 total
: 109208K->21824K(109248K), 0.0199299 secs] 256916K->177378K(502464K), 0.0200321 secs] [Times: user=0.05 sys=0.00, real=0.02 secs] 
Heap after GC invocations=36 (full 2):
 par new generation   total 109248K, used 21824K [0x00000000e0000000, 0x00000000e8000000, 0x00000000e8000000)
  eden space 87424K,   0% used [0x00000000e0000000, 0x00000000e0000000, 0x00000000e5560000)
  from space 21824K, 100% used [0x00000000e5560000, 0x00000000e6ab0000, 0x00000000e6ab0000)
  to   space 21824K,   0% used [0x00000000e6ab0000, 0x00000000e6ab0000, 0x00000000e8000000)
 concurrent mark-sweep generation total 393216K, used 155554K [0x00000000e8000000, 0x0000000100000000, 0x0000000100000000)
 Metaspace       used 54045K, capacity 55830K, committed 56084K, reserved 1097728K
  class space    used 6536K, capacity 6940K, committed 6976K, reserved 1048576K
}
2020-05-19T11:16:33.772+0000: 2350.709: Total time for which application threads were stopped: 0.0203531 seconds, Stopping threads took: 0.0000665 seconds
2020-05-19T11:16:33.772+0000: 2350.709: Total time for which application threads were stopped: 0.0001607 seconds, Stopping threads took: 0.0000686 seconds
2020-05-19T11:16:33.773+0000: 2350.709: Total time for which application threads were stopped: 0.0001356 seconds, Stopping threads took: 0.0000499 seconds
{Heap before GC invocations=36 (full 2):
 par new generation   total 109248K, used 109248K [0x00000000e0000000, 0x00000000e8000000, 0x00000000e8000000)
  eden space 87424K, 100% used [0x00000000e0000000, 0x00000000e5560000, 0x00000000e5560000)
  from space 21824K, 100% used [0x00000000e5560000, 0x00000000e6ab0000, 0x00000000e6ab0000)
  to   space 21824K,   0% used [0x00000000e6ab0000, 0x00000000e6ab0000, 0x00000000e8000000)
 concurrent mark-sweep generation total 393216K, used 155554K [0x00000000e8000000, 0x0000000100000000, 0x0000000100000000)
 Metaspace       used 54059K, capacity 55830K, committed 56084K, reserved 1097728K
  class space    used 6536K, capacity 6940K, committed 6976K, reserved 1048576K
2020-05-19T11:16:33.953+0000: 2350.889: [GC (Allocation Failure) 2020-05-19T11:16:33.953+0000: 2350.890: [ParNew
Desired survivor size 20112992 bytes, new threshold 8 (max 8)
- age   1:    4572104 bytes,    4572104 total
- age   2:    1461528 bytes,    6033632 total
- age   3:    3371904 bytes,    9405536 total
- age   4:    1833184 bytes,   11238720 total
- age   5:    2914264 bytes,   14152984 total
- age   6:    3326976 bytes,   17479960 total
- age   7:    1298592 bytes,   18778552 total
- age   8:    2298392 bytes,   21076944 total
: 109248K->21824K(109248K), 0.0149016 secs] 264802K->179063K(502464K), 0.0149954 secs] [Times: user=0.06 sys=0.00, real=0.01 secs] 
Heap after GC invocations=37 (full 2):
 par new generation   total 109248K, used 21824K [0x00000000e0000000, 0x00000000e8000000, 0x00000000e8000000)
  eden space 87424K,   0% used [0x00000000e0000000, 0x00000000e0000000, 0x00000000e5560000)
  from space 21824K, 100% used [0x00000000e6ab0000, 0x00000000e8000000, 0x00000000e8000000)
  to   space 21824K,   0% used [0x00000000e5560000, 0x00000000e5560000, 0x00000000e6ab0000)
 concurrent mark-sweep generation total 393216K, used 157239K [0x00000000e8000000, 0x0000000100000000, 0x0000000100000000)
 Metaspace       used 54059K, capacity 55830K, committed 56084K, reserved 1097728K
  class space    used 6536K, capacity 6940K, committed 6976K, reserved 1048576K
}
2020-05-19T11:16:33.968+0000: 2350.905: Total time for which application threads were stopped: 0.0153228 seconds, Stopping threads took: 0.0000657 seconds
2020-05-19T11:16:33.968+0000: 2350.905: Total time for which application threads were stopped: 0.0001747 seconds, Stopping threads took: 0.0000690 seconds
2020-05-19T11:16:34.039+0000: 2350.975: Total time for which application threads were stopped: 0.0704650 seconds, Stopping threads took: 0.0703590 seconds
{Heap before GC invocations=37 (full 2):
 par new generation   total 109248K, used 109248K [0x00000000e0000000, 0x00000000e8000000, 0x00000000e8000000)
  eden space 87424K, 100% used [0x00000000e0000000, 0x00000000e5560000, 0x00000000e5560000)
  from space 21824K, 100% used [0x00000000e6ab0000, 0x00000000e8000000, 0x00000000e8000000)
  to   space 21824K,   0% used [0x00000000e5560000, 0x00000000e5560000, 0x00000000e6ab0000)
 concurrent mark-sweep generation total 393216K, used 157239K [0x00000000e8000000, 0x0000000100000000, 0x0000000100000000)
 Metaspace       used 54080K, capacity 55834K, committed 56084K, reserved 1097728K
  class space    used 6536K, capacity 6940K, committed 6976K, reserved 1048576K
2020-05-19T11:16:34.229+0000: 2351.166: [GC (Allocation Failure) 2020-05-19T11:16:34.229+0000: 2351.166: [ParNew
Desired survivor size 20112992 bytes, new threshold 7 (max 8)
- age   1:    6520880 bytes,    6520880 total
- age   2:    1661488 bytes,    8182368 total
- age   3:    1461248 bytes,    9643616 total
- age   4:    3371864 bytes,   13015480 total
- age   5:    1833184 bytes,   14848664 total
- age   6:    2848712 bytes,   17697376 total
- age   7:    3326936 bytes,   21024312 total
- age   8:    1298592 bytes,   22322904 total
: 109248K->21824K(109248K), 0.0202356 secs] 266487K->186578K(502464K), 0.0203161 secs] [Times: user=0.05 sys=0.00, real=0.02 secs] 
Heap after GC invocations=38 (full 2):
 par new generation   total 109248K, used 21824K [0x00000000e0000000, 0x00000000e8000000, 0x00000000e8000000)
  eden space 87424K,   0% used [0x00000000e0000000, 0x00000000e0000000, 0x00000000e5560000)
  from space 21824K, 100% used [0x00000000e5560000, 0x00000000e6ab0000, 0x00000000e6ab0000)
  to   space 21824K,   0% used [0x00000000e6ab0000, 0x00000000e6ab0000, 0x00000000e8000000)
 concurrent mark-sweep generation total 393216K, used 164754K [0x00000000e8000000, 0x0000000100000000, 0x0000000100000000)
 Metaspace       used 54080K, capacity 55834K, committed 56084K, reserved 1097728K
  class space    used 6536K, capacity 6940K, committed 6976K, reserved 1048576K
}
2020-05-19T11:16:34.249+0000: 2351.187: Total time for which application threads were stopped: 0.0206465 seconds, Stopping threads took: 0.0001162 seconds
2020-05-19T11:16:34.250+0000: 2351.187: Total time for which application threads were stopped: 0.0001448 seconds, Stopping threads took: 0.0000600 seconds
2020-05-19T11:16:34.250+0000: 2351.187: Total time for which application threads were stopped: 0.0001101 seconds, Stopping threads took: 0.0000444 seconds
2020-05-19T11:16:34.886+0000: 2351.823: Total time for which application threads were stopped: 0.0001436 seconds, Stopping threads took: 0.0000585 seconds
2020-05-19T11:16:34.887+0000: 2351.824: Total time for which application threads were stopped: 0.0002273 seconds, Stopping threads took: 0.0001634 seconds
2020-05-19T11:16:34.889+0000: 2351.825: Total time for which application threads were stopped: 0.0001154 seconds, Stopping threads took: 0.0000409 seconds
2020-05-19T11:16:34.889+0000: 2351.826: Total time for which application threads were stopped: 0.0000871 seconds, Stopping threads took: 0.0000350 seconds
2020-05-19T11:16:34.889+0000: 2351.826: Total time for which application threads were stopped: 0.0000874 seconds, Stopping threads took: 0.0000396 seconds
2020-05-19T11:16:34.889+0000: 2351.826: Total time for which application threads were stopped: 0.0000842 seconds, Stopping threads took: 0.0000382 seconds
2020-05-19T11:16:48.585+0000: 2365.522: Total time for which application threads were stopped: 0.0001677 seconds, Stopping threads took: 0.0001046 seconds
2020-05-19T11:17:30.612+0000: 2407.549: Total time for which application threads were stopped: 0.0002018 seconds, Stopping threads took: 0.0001305 seconds
2020-05-19T11:17:30.627+0000: 2407.564: Total time for which application threads were stopped: 0.0001118 seconds, Stopping threads took: 0.0000336 seconds
2020-05-19T11:17:30.629+0000: 2407.566: Total time for which application threads were stopped: 0.0000867 seconds, Stopping threads took: 0.0000245 seconds
2020-05-19T11:17:30.769+0000: 2407.705: Total time for which application threads were stopped: 0.0001807 seconds, Stopping threads took: 0.0000742 seconds
{Heap before GC invocations=38 (full 2):
 par new generation   total 109248K, used 109248K [0x00000000e0000000, 0x00000000e8000000, 0x00000000e8000000)
  eden space 87424K, 100% used [0x00000000e0000000, 0x00000000e5560000, 0x00000000e5560000)
  from space 21824K, 100% used [0x00000000e5560000, 0x00000000e6ab0000, 0x00000000e6ab0000)
  to   space 21824K,   0% used [0x00000000e6ab0000, 0x00000000e6ab0000, 0x00000000e8000000)
 concurrent mark-sweep generation total 393216K, used 164754K [0x00000000e8000000, 0x0000000100000000, 0x0000000100000000)
 Metaspace       used 54117K, capacity 55838K, committed 56084K, reserved 1097728K
  class space    used 6538K, capacity 6942K, committed 6976K, reserved 1048576K
2020-05-19T11:17:30.782+0000: 2407.719: [GC (Allocation Failure) 2020-05-19T11:17:30.783+0000: 2407.719: [ParNew
Desired survivor size 20112992 bytes, new threshold 7 (max 8)
- age   1:    6303768 bytes,    6303768 total
- age   2:    4162952 bytes,   10466720 total
- age   3:    1471832 bytes,   11938552 total
- age   4:     979280 bytes,   12917832 total
- age   5:    3371864 bytes,   16289696 total
- age   6:    1830896 bytes,   18120592 total
- age   7:    2848616 bytes,   20969208 total
: 109248K->21824K(109248K), 0.0209953 secs] 274002K->193996K(502464K), 0.0211687 secs] [Times: user=0.05 sys=0.02, real=0.02 secs] 
Heap after GC invocations=39 (full 2):
 par new generation   total 109248K, used 21824K [0x00000000e0000000, 0x00000000e8000000, 0x00000000e8000000)
  eden space 87424K,   0% used [0x00000000e0000000, 0x00000000e0000000, 0x00000000e5560000)
  from space 21824K, 100% used [0x00000000e6ab0000, 0x00000000e8000000, 0x00000000e8000000)
  to   space 21824K,   0% used [0x00000000e5560000, 0x00000000e5560000, 0x00000000e6ab0000)
 concurrent mark-sweep generation total 393216K, used 172172K [0x00000000e8000000, 0x0000000100000000, 0x0000000100000000)
 Metaspace       used 54117K, capacity 55838K, committed 56084K, reserved 1097728K
  class space    used 6538K, capacity 6942K, committed 6976K, reserved 1048576K
}
2020-05-19T11:17:30.803+0000: 2407.740: Total time for which application threads were stopped: 0.0218503 seconds, Stopping threads took: 0.0004610 seconds
2020-05-19T11:17:30.803+0000: 2407.740: Total time for which application threads were stopped: 0.0001692 seconds, Stopping threads took: 0.0000689 seconds
2020-05-19T11:17:30.803+0000: 2407.741: Total time for which application threads were stopped: 0.0002992 seconds, Stopping threads took: 0.0000808 seconds
2020-05-19T11:17:30.804+0000: 2407.741: Total time for which application threads were stopped: 0.0001339 seconds, Stopping threads took: 0.0000475 seconds
{Heap before GC invocations=39 (full 2):
 par new generation   total 109248K, used 109248K [0x00000000e0000000, 0x00000000e8000000, 0x00000000e8000000)
  eden space 87424K, 100% used [0x00000000e0000000, 0x00000000e5560000, 0x00000000e5560000)
  from space 21824K, 100% used [0x00000000e6ab0000, 0x00000000e8000000, 0x00000000e8000000)
  to   space 21824K,   0% used [0x00000000e5560000, 0x00000000e5560000, 0x00000000e6ab0000)
 concurrent mark-sweep generation total 393216K, used 172172K [0x00000000e8000000, 0x0000000100000000, 0x0000000100000000)
 Metaspace       used 54120K, capacity 55838K, committed 56084K, reserved 1097728K
  class space    used 6538K, capacity 6942K, committed 6976K, reserved 1048576K
2020-05-19T11:17:31.072+0000: 2408.009: [GC (Allocation Failure) 2020-05-19T11:17:31.072+0000: 2408.009: [ParNew
Desired survivor size 20112992 bytes, new threshold 6 (max 8)
- age   1:    5698312 bytes,    5698312 total
- age   2:    4612208 bytes,   10310520 total
- age   3:    4158080 bytes,   14468600 total
- age   4:    1471656 bytes,   15940256 total
- age   5:     896680 bytes,   16836936 total
- age   6:    3371864 bytes,   20208800 total
- age   7:    1830896 bytes,   22039696 total
: 109248K->21824K(109248K), 0.0161121 secs] 281420K->198323K(502464K), 0.0161814 secs] [Times: user=0.06 sys=0.00, real=0.02 secs] 
Heap after GC invocations=40 (full 2):
 par new generation   total 109248K, used 21824K [0x00000000e0000000, 0x00000000e8000000, 0x00000000e8000000)
  eden space 87424K,   0% used [0x00000000e0000000, 0x00000000e0000000, 0x00000000e5560000)
  from space 21824K, 100% used [0x00000000e5560000, 0x00000000e6ab0000, 0x00000000e6ab0000)
  to   space 21824K,   0% used [0x00000000e6ab0000, 0x00000000e6ab0000, 0x00000000e8000000)
 concurrent mark-sweep generation total 393216K, used 176499K [0x00000000e8000000, 0x0000000100000000, 0x0000000100000000)
 Metaspace       used 54120K, capacity 55838K, committed 56084K, reserved 1097728K
  class space    used 6538K, capacity 6942K, committed 6976K, reserved 1048576K
}
2020-05-19T11:17:31.088+0000: 2408.025: Total time for which application threads were stopped: 0.0164119 seconds, Stopping threads took: 0.0000654 seconds
2020-05-19T11:17:31.089+0000: 2408.025: Total time for which application threads were stopped: 0.0001809 seconds, Stopping threads took: 0.0000865 seconds
2020-05-19T11:17:31.089+0000: 2408.026: Total time for which application threads were stopped: 0.0001470 seconds, Stopping threads took: 0.0000539 seconds
2020-05-19T11:17:31.089+0000: 2408.026: Total time for which application threads were stopped: 0.0000962 seconds, Stopping threads took: 0.0000459 seconds
{Heap before GC invocations=40 (full 2):
 par new generation   total 109248K, used 109248K [0x00000000e0000000, 0x00000000e8000000, 0x00000000e8000000)
  eden space 87424K, 100% used [0x00000000e0000000, 0x00000000e5560000, 0x00000000e5560000)
  from space 21824K, 100% used [0x00000000e5560000, 0x00000000e6ab0000, 0x00000000e6ab0000)
  to   space 21824K,   0% used [0x00000000e6ab0000, 0x00000000e6ab0000, 0x00000000e8000000)
 concurrent mark-sweep generation total 393216K, used 176499K [0x00000000e8000000, 0x0000000100000000, 0x0000000100000000)
 Metaspace       used 54131K, capacity 55838K, committed 56084K, reserved 1097728K
  class space    used 6538K, capacity 6942K, committed 6976K, reserved 1048576K
2020-05-19T11:17:31.270+0000: 2408.207: [GC (Allocation Failure) 2020-05-19T11:17:31.270+0000: 2408.207: [ParNew
Desired survivor size 20112992 bytes, new threshold 5 (max 8)
- age   1:    6767496 bytes,    6767496 total
- age   2:    4277000 bytes,   11044496 total
- age   3:    4537944 bytes,   15582440 total
- age   4:    4157560 bytes,   19740000 total
- age   5:    1469928 bytes,   21209928 total
- age   6:     822024 bytes,   22031952 total
: 109248K->21824K(109248K), 0.0189793 secs] 285747K->204318K(502464K), 0.0190942 secs] [Times: user=0.06 sys=0.02, real=0.02 secs] 
Heap after GC invocations=41 (full 2):
 par new generation   total 109248K, used 21824K [0x00000000e0000000, 0x00000000e8000000, 0x00000000e8000000)
  eden space 87424K,   0% used [0x00000000e0000000, 0x00000000e0000000, 0x00000000e5560000)
  from space 21824K, 100% used [0x00000000e6ab0000, 0x00000000e8000000, 0x00000000e8000000)
  to   space 21824K,   0% used [0x00000000e5560000, 0x00000000e5560000, 0x00000000e6ab0000)
 concurrent mark-sweep generation total 393216K, used 182494K [0x00000000e8000000, 0x0000000100000000, 0x0000000100000000)
 Metaspace       used 54131K, capacity 55838K, committed 56084K, reserved 1097728K
  class space    used 6538K, capacity 6942K, committed 6976K, reserved 1048576K
}
2020-05-19T11:17:31.289+0000: 2408.226: Total time for which application threads were stopped: 0.0194426 seconds, Stopping threads took: 0.0000702 seconds
2020-05-19T11:17:31.289+0000: 2408.226: Total time for which application threads were stopped: 0.0001847 seconds, Stopping threads took: 0.0000635 seconds
2020-05-19T11:17:31.290+0000: 2408.227: Total time for which application threads were stopped: 0.0001630 seconds, Stopping threads took: 0.0000445 seconds
2020-05-19T11:17:32.079+0000: 2409.015: Total time for which application threads were stopped: 0.0001526 seconds, Stopping threads took: 0.0000734 seconds
2020-05-19T11:17:32.080+0000: 2409.017: Total time for which application threads were stopped: 0.0001045 seconds, Stopping threads took: 0.0000517 seconds
2020-05-19T11:17:32.081+0000: 2409.017: Total time for which application threads were stopped: 0.0000821 seconds, Stopping threads took: 0.0000413 seconds
2020-05-19T11:17:32.081+0000: 2409.017: Total time for which application threads were stopped: 0.0000408 seconds, Stopping threads took: 0.0000138 seconds
2020-05-19T11:17:32.081+0000: 2409.017: Total time for which application threads were stopped: 0.0000396 seconds, Stopping threads took: 0.0000135 seconds
2020-05-19T11:17:33.081+0000: 2410.018: Total time for which application threads were stopped: 0.0001101 seconds, Stopping threads took: 0.0000481 seconds
2020-05-19T11:17:40.087+0000: 2417.023: Total time for which application threads were stopped: 0.0001419 seconds, Stopping threads took: 0.0000528 seconds
2020-05-19T11:17:41.062+0000: 2417.998: Total time for which application threads were stopped: 0.0010975 seconds, Stopping threads took: 0.0009639 seconds
2020-05-19T11:17:41.062+0000: 2417.999: Total time for which application threads were stopped: 0.0001602 seconds, Stopping threads took: 0.0000634 seconds
2020-05-19T11:17:41.062+0000: 2417.999: Total time for which application threads were stopped: 0.0001158 seconds, Stopping threads took: 0.0000422 seconds
2020-05-19T11:17:41.062+0000: 2417.999: Total time for which application threads were stopped: 0.0001099 seconds, Stopping threads took: 0.0000452 seconds
2020-05-19T11:17:41.063+0000: 2417.999: Total time for which application threads were stopped: 0.0001458 seconds, Stopping threads took: 0.0000767 seconds
2020-05-19T11:17:41.064+0000: 2418.001: Total time for which application threads were stopped: 0.0002139 seconds, Stopping threads took: 0.0000581 seconds
2020-05-19T11:17:41.065+0000: 2418.002: Total time for which application threads were stopped: 0.0004267 seconds, Stopping threads took: 0.0001464 seconds
2020-05-19T11:17:41.066+0000: 2418.003: Total time for which application threads were stopped: 0.0002775 seconds, Stopping threads took: 0.0001395 seconds
2020-05-19T11:17:41.066+0000: 2418.003: Total time for which application threads were stopped: 0.0001423 seconds, Stopping threads took: 0.0000564 seconds
2020-05-19T11:17:41.067+0000: 2418.003: Total time for which application threads were stopped: 0.0000953 seconds, Stopping threads took: 0.0000319 seconds
2020-05-19T11:17:41.067+0000: 2418.004: Total time for which application threads were stopped: 0.0001643 seconds, Stopping threads took: 0.0000573 seconds
2020-05-19T11:17:41.067+0000: 2418.004: Total time for which application threads were stopped: 0.0000919 seconds, Stopping threads took: 0.0000332 seconds
2020-05-19T11:17:41.067+0000: 2418.004: Total time for which application threads were stopped: 0.0001124 seconds, Stopping threads took: 0.0000503 seconds
2020-05-19T11:17:42.068+0000: 2419.005: Total time for which application threads were stopped: 0.0001078 seconds, Stopping threads took: 0.0000514 seconds
2020-05-19T11:17:44.192+0000: 2421.130: Total time for which application threads were stopped: 0.0006026 seconds, Stopping threads took: 0.0005057 seconds
2020-05-19T11:17:45.192+0000: 2422.129: Total time for which application threads were stopped: 0.0001115 seconds, Stopping threads took: 0.0000460 seconds
2020-05-19T11:17:45.630+0000: 2422.567: Total time for which application threads were stopped: 0.0001691 seconds, Stopping threads took: 0.0000220 seconds
2020-05-19T11:17:47.631+0000: 2424.568: Total time for which application threads were stopped: 0.0002301 seconds, Stopping threads took: 0.0000654 seconds
2020-05-19T11:17:50.700+0000: 2427.637: Total time for which application threads were stopped: 0.0001236 seconds, Stopping threads took: 0.0000300 seconds
2020-05-19T11:17:50.701+0000: 2427.638: Total time for which application threads were stopped: 0.0001369 seconds, Stopping threads took: 0.0000309 seconds
2020-05-19T11:18:41.722+0000: 2478.658: Total time for which application threads were stopped: 0.0001005 seconds, Stopping threads took: 0.0000244 seconds
2020-05-19T11:19:04.733+0000: 2501.670: Total time for which application threads were stopped: 0.0003737 seconds, Stopping threads took: 0.0001075 seconds
2020-05-19T11:19:22.739+0000: 2519.676: Total time for which application threads were stopped: 0.0001128 seconds, Stopping threads took: 0.0000385 seconds
2020-05-19T11:20:41.779+0000: 2598.716: Total time for which application threads were stopped: 0.0002281 seconds, Stopping threads took: 0.0000655 seconds
2020-05-19T11:24:56.222+0000: 2853.159: Total time for which application threads were stopped: 0.0004020 seconds, Stopping threads took: 0.0002862 seconds
2020-05-19T11:24:56.541+0000: 2853.478: Total time for which application threads were stopped: 0.0001423 seconds, Stopping threads took: 0.0000589 seconds
{Heap before GC invocations=41 (full 2):
 par new generation   total 109248K, used 109248K [0x00000000e0000000, 0x00000000e8000000, 0x00000000e8000000)
  eden space 87424K, 100% used [0x00000000e0000000, 0x00000000e5560000, 0x00000000e5560000)
  from space 21824K, 100% used [0x00000000e6ab0000, 0x00000000e8000000, 0x00000000e8000000)
  to   space 21824K,   0% used [0x00000000e5560000, 0x00000000e5560000, 0x00000000e6ab0000)
 concurrent mark-sweep generation total 393216K, used 182494K [0x00000000e8000000, 0x0000000100000000, 0x0000000100000000)
 Metaspace       used 54333K, capacity 55974K, committed 56340K, reserved 1099776K
  class space    used 6551K, capacity 6944K, committed 6976K, reserved 1048576K
2020-05-19T11:24:56.551+0000: 2853.488: [GC (Allocation Failure) 2020-05-19T11:24:56.551+0000: 2853.488: [ParNew
Desired survivor size 20112992 bytes, new threshold 5 (max 8)
- age   1:    4802320 bytes,    4802320 total
- age   2:    5114968 bytes,    9917288 total
- age   3:    4113288 bytes,   14030576 total
- age   4:    4126208 bytes,   18156784 total
- age   5:    4157560 bytes,   22314344 total
: 109248K->21824K(109248K), 0.0166920 secs] 291742K->209265K(502464K), 0.0167650 secs] [Times: user=0.06 sys=0.00, real=0.02 secs] 
Heap after GC invocations=42 (full 2):
 par new generation   total 109248K, used 21824K [0x00000000e0000000, 0x00000000e8000000, 0x00000000e8000000)
  eden space 87424K,   0% used [0x00000000e0000000, 0x00000000e0000000, 0x00000000e5560000)
  from space 21824K, 100% used [0x00000000e5560000, 0x00000000e6ab0000, 0x00000000e6ab0000)
  to   space 21824K,   0% used [0x00000000e6ab0000, 0x00000000e6ab0000, 0x00000000e8000000)
 concurrent mark-sweep generation total 393216K, used 187441K [0x00000000e8000000, 0x0000000100000000, 0x0000000100000000)
 Metaspace       used 54333K, capacity 55974K, committed 56340K, reserved 1099776K
  class space    used 6551K, capacity 6944K, committed 6976K, reserved 1048576K
}
2020-05-19T11:24:56.568+0000: 2853.505: Total time for which application threads were stopped: 0.0170123 seconds, Stopping threads took: 0.0000545 seconds
2020-05-19T11:24:56.568+0000: 2853.505: Total time for which application threads were stopped: 0.0001614 seconds, Stopping threads took: 0.0000640 seconds
2020-05-19T11:24:56.568+0000: 2853.505: Total time for which application threads were stopped: 0.0001375 seconds, Stopping threads took: 0.0000604 seconds
{Heap before GC invocations=42 (full 2):
 par new generation   total 109248K, used 109248K [0x00000000e0000000, 0x00000000e8000000, 0x00000000e8000000)
  eden space 87424K, 100% used [0x00000000e0000000, 0x00000000e5560000, 0x00000000e5560000)
  from space 21824K, 100% used [0x00000000e5560000, 0x00000000e6ab0000, 0x00000000e6ab0000)
  to   space 21824K,   0% used [0x00000000e6ab0000, 0x00000000e6ab0000, 0x00000000e8000000)
 concurrent mark-sweep generation total 393216K, used 187441K [0x00000000e8000000, 0x0000000100000000, 0x0000000100000000)
 Metaspace       used 54344K, capacity 55974K, committed 56340K, reserved 1099776K
  class space    used 6551K, capacity 6944K, committed 6976K, reserved 1048576K
2020-05-19T11:24:56.690+0000: 2853.626: [GC (Allocation Failure) 2020-05-19T11:24:56.690+0000: 2853.626: [ParNew
Desired survivor size 20112992 bytes, new threshold 8 (max 8)
- age   1:    3473608 bytes,    3473608 total
- age   2:    2596696 bytes,    6070304 total
- age   3:    5031624 bytes,   11101928 total
- age   4:    4113288 bytes,   15215216 total
- age   5:    4100680 bytes,   19315896 total
: 109248K->21824K(109248K), 0.0180514 secs] 296689K->217498K(502464K), 0.0181451 secs] [Times: user=0.03 sys=0.00, real=0.02 secs] 
Heap after GC invocations=43 (full 2):
 par new generation   total 109248K, used 21824K [0x00000000e0000000, 0x00000000e8000000, 0x00000000e8000000)
  eden space 87424K,   0% used [0x00000000e0000000, 0x00000000e0000000, 0x00000000e5560000)
  from space 21824K, 100% used [0x00000000e6ab0000, 0x00000000e8000000, 0x00000000e8000000)
  to   space 21824K,   0% used [0x00000000e5560000, 0x00000000e5560000, 0x00000000e6ab0000)
 concurrent mark-sweep generation total 393216K, used 195674K [0x00000000e8000000, 0x0000000100000000, 0x0000000100000000)
 Metaspace       used 54344K, capacity 55974K, committed 56340K, reserved 1099776K
  class space    used 6551K, capacity 6944K, committed 6976K, reserved 1048576K
}
2020-05-19T11:24:56.707+0000: 2853.645: Total time for which application threads were stopped: 0.0184610 seconds, Stopping threads took: 0.0000711 seconds
2020-05-19T11:24:56.707+0000: 2853.645: Total time for which application threads were stopped: 0.0001277 seconds, Stopping threads took: 0.0000569 seconds
2020-05-19T11:24:56.707+0000: 2853.645: Total time for which application threads were stopped: 0.0000565 seconds, Stopping threads took: 0.0000126 seconds
{Heap before GC invocations=43 (full 2):
 par new generation   total 109248K, used 109248K [0x00000000e0000000, 0x00000000e8000000, 0x00000000e8000000)
  eden space 87424K, 100% used [0x00000000e0000000, 0x00000000e5560000, 0x00000000e5560000)
  from space 21824K, 100% used [0x00000000e6ab0000, 0x00000000e8000000, 0x00000000e8000000)
  to   space 21824K,   0% used [0x00000000e5560000, 0x00000000e5560000, 0x00000000e6ab0000)
 concurrent mark-sweep generation total 393216K, used 195674K [0x00000000e8000000, 0x0000000100000000, 0x0000000100000000)
 Metaspace       used 54344K, capacity 55974K, committed 56340K, reserved 1099776K
  class space    used 6551K, capacity 6944K, committed 6976K, reserved 1048576K
2020-05-19T11:24:56.839+0000: 2853.776: [GC (Allocation Failure) 2020-05-19T11:24:56.839+0000: 2853.776: [ParNew
Desired survivor size 20112992 bytes, new threshold 6 (max 8)
- age   1:    5596176 bytes,    5596176 total
- age   2:     903336 bytes,    6499512 total
- age   3:    2596440 bytes,    9095952 total
- age   4:    5031624 bytes,   14127576 total
- age   5:    4113288 bytes,   18240864 total
- age   6:    4100680 bytes,   22341544 total
: 109248K->21824K(109248K), 0.0165761 secs] 304922K->221261K(502464K), 0.0166740 secs] [Times: user=0.02 sys=0.03, real=0.02 secs] 
Heap after GC invocations=44 (full 2):
 par new generation   total 109248K, used 21824K [0x00000000e0000000, 0x00000000e8000000, 0x00000000e8000000)
  eden space 87424K,   0% used [0x00000000e0000000, 0x00000000e0000000, 0x00000000e5560000)
  from space 21824K, 100% used [0x00000000e5560000, 0x00000000e6ab0000, 0x00000000e6ab0000)
  to   space 21824K,   0% used [0x00000000e6ab0000, 0x00000000e6ab0000, 0x00000000e8000000)
 concurrent mark-sweep generation total 393216K, used 199437K [0x00000000e8000000, 0x0000000100000000, 0x0000000100000000)
 Metaspace       used 54344K, capacity 55974K, committed 56340K, reserved 1099776K
  class space    used 6551K, capacity 6944K, committed 6976K, reserved 1048576K
}
2020-05-19T11:24:56.856+0000: 2853.793: Total time for which application threads were stopped: 0.0169880 seconds, Stopping threads took: 0.0000859 seconds
2020-05-19T11:24:56.856+0000: 2853.793: [GC (CMS Initial Mark) [1 CMS-initial-mark: 199437K(393216K)] 221261K(502464K), 0.0040798 secs] [Times: user=0.00 sys=0.00, real=0.00 secs] 
2020-05-19T11:24:56.860+0000: 2853.797: Total time for which application threads were stopped: 0.0042577 seconds, Stopping threads took: 0.0000621 seconds
2020-05-19T11:24:56.860+0000: 2853.797: [CMS-concurrent-mark-start]
2020-05-19T11:24:56.896+0000: 2853.833: Total time for which application threads were stopped: 0.0043012 seconds, Stopping threads took: 0.0040891 seconds
2020-05-19T11:24:56.897+0000: 2853.834: Total time for which application threads were stopped: 0.0001553 seconds, Stopping threads took: 0.0000341 seconds
2020-05-19T11:24:56.899+0000: 2853.836: [CMS-concurrent-mark: 0.033/0.038 secs] [Times: user=0.16 sys=0.00, real=0.04 secs] 
2020-05-19T11:24:56.899+0000: 2853.836: [CMS-concurrent-preclean-start]
2020-05-19T11:24:56.900+0000: 2853.837: [CMS-concurrent-preclean: 0.002/0.002 secs] [Times: user=0.00 sys=0.00, real=0.00 secs] 
2020-05-19T11:24:56.900+0000: 2853.837: [CMS-concurrent-abortable-preclean-start]
2020-05-19T11:24:56.987+0000: 2853.923: Total time for which application threads were stopped: 0.0001955 seconds, Stopping threads took: 0.0000804 seconds
2020-05-19T11:24:57.012+0000: 2853.949: Total time for which application threads were stopped: 0.0010303 seconds, Stopping threads took: 0.0009268 seconds
2020-05-19T11:25:02.838+0000: 2859.774: Total time for which application threads were stopped: 0.0002033 seconds, Stopping threads took: 0.0001498 seconds
2020-05-19T11:25:02.887+0000: 2859.823: Total time for which application threads were stopped: 0.0027089 seconds, Stopping threads took: 0.0026021 seconds
2020-05-19T11:25:02.931+0000: 2859.867: Total time for which application threads were stopped: 0.0001208 seconds, Stopping threads took: 0.0000500 seconds
 CMS: abort preclean due to time 2020-05-19T11:25:02.991+0000: 2859.929: [CMS-concurrent-abortable-preclean: 1.971/6.091 secs] [Times: user=8.34 sys=0.03, real=6.09 secs] 
2020-05-19T11:25:02.992+0000: 2859.929: [GC (CMS Final Remark) [YG occupancy: 50790 K (109248 K)]{Heap before GC invocations=44 (full 3):
 par new generation   total 109248K, used 50790K [0x00000000e0000000, 0x00000000e8000000, 0x00000000e8000000)
  eden space 87424K,  33% used [0x00000000e0000000, 0x00000000e1c49a90, 0x00000000e5560000)
  from space 21824K, 100% used [0x00000000e5560000, 0x00000000e6ab0000, 0x00000000e6ab0000)
  to   space 21824K,   0% used [0x00000000e6ab0000, 0x00000000e6ab0000, 0x00000000e8000000)
 concurrent mark-sweep generation total 393216K, used 199437K [0x00000000e8000000, 0x0000000100000000, 0x0000000100000000)
 Metaspace       used 54362K, capacity 56044K, committed 56340K, reserved 1099776K
  class space    used 6552K, capacity 6945K, committed 6976K, reserved 1048576K
2020-05-19T11:25:02.992+0000: 2859.929: [GC (CMS Final Remark) 2020-05-19T11:25:02.992+0000: 2859.929: [ParNew
Desired survivor size 20112992 bytes, new threshold 8 (max 8)
- age   1:     666992 bytes,     666992 total
- age   2:    3174360 bytes,    3841352 total
- age   3:     760488 bytes,    4601840 total
- age   4:    2337760 bytes,    6939600 total
- age   5:    5031624 bytes,   11971224 total
- age   6:    4113288 bytes,   16084512 total
: 50790K->21824K(109248K), 0.0144043 secs] 250227K->226134K(502464K), 0.0144847 secs] [Times: user=0.00 sys=0.00, real=0.01 secs] 
Heap after GC invocations=45 (full 3):
 par new generation   total 109248K, used 21824K [0x00000000e0000000, 0x00000000e8000000, 0x00000000e8000000)
  eden space 87424K,   0% used [0x00000000e0000000, 0x00000000e0000000, 0x00000000e5560000)
  from space 21824K, 100% used [0x00000000e6ab0000, 0x00000000e8000000, 0x00000000e8000000)
  to   space 21824K,   0% used [0x00000000e5560000, 0x00000000e5560000, 0x00000000e6ab0000)
 concurrent mark-sweep generation total 393216K, used 204310K [0x00000000e8000000, 0x0000000100000000, 0x0000000100000000)
 Metaspace       used 54362K, capacity 56044K, committed 56340K, reserved 1099776K
  class space    used 6552K, capacity 6945K, committed 6976K, reserved 1048576K
}
2020-05-19T11:25:03.006+0000: 2859.944: [Rescan (parallel) , 0.0060225 secs]2020-05-19T11:25:03.012+0000: 2859.950: [weak refs processing, 0.0295891 secs]2020-05-19T11:25:03.042+0000: 2859.979: [class unloading, 0.0230708 secs]2020-05-19T11:25:03.065+0000: 2860.003: [scrub symbol table, 0.0156304 secs]2020-05-19T11:25:03.081+0000: 2860.018: [scrub string table, 0.0009397 secs][1 CMS-remark: 204310K(393216K)] 226134K(502464K), 0.0906617 secs] [Times: user=0.16 sys=0.03, real=0.09 secs] 
2020-05-19T11:25:03.083+0000: 2860.020: Total time for which application threads were stopped: 0.0911690 seconds, Stopping threads took: 0.0003549 seconds
2020-05-19T11:25:03.083+0000: 2860.020: [CMS-concurrent-sweep-start]
2020-05-19T11:25:03.093+0000: 2860.030: Total time for which application threads were stopped: 0.0035982 seconds, Stopping threads took: 0.0034498 seconds
2020-05-19T11:25:03.093+0000: 2860.030: Total time for which application threads were stopped: 0.0001125 seconds, Stopping threads took: 0.0000374 seconds
2020-05-19T11:25:03.093+0000: 2860.031: Total time for which application threads were stopped: 0.0001198 seconds, Stopping threads took: 0.0000565 seconds
2020-05-19T11:25:03.094+0000: 2860.031: Total time for which application threads were stopped: 0.0000888 seconds, Stopping threads took: 0.0000399 seconds
2020-05-19T11:25:03.094+0000: 2860.031: Total time for which application threads were stopped: 0.0000949 seconds, Stopping threads took: 0.0000397 seconds
2020-05-19T11:25:03.094+0000: 2860.031: Total time for which application threads were stopped: 0.0000925 seconds, Stopping threads took: 0.0000426 seconds
2020-05-19T11:25:03.114+0000: 2860.051: Total time for which application threads were stopped: 0.0001933 seconds, Stopping threads took: 0.0000528 seconds
2020-05-19T11:25:03.114+0000: 2860.051: Total time for which application threads were stopped: 0.0001364 seconds, Stopping threads took: 0.0000581 seconds
2020-05-19T11:25:03.114+0000: 2860.051: Total time for which application threads were stopped: 0.0001023 seconds, Stopping threads took: 0.0000580 seconds
2020-05-19T11:25:03.191+0000: 2860.128: [CMS-concurrent-sweep: 0.103/0.108 secs] [Times: user=0.34 sys=0.02, real=0.11 secs] 
2020-05-19T11:25:03.191+0000: 2860.128: [CMS-concurrent-reset-start]
2020-05-19T11:25:03.193+0000: 2860.130: [CMS-concurrent-reset: 0.002/0.002 secs] [Times: user=0.00 sys=0.00, real=0.00 secs] 
2020-05-19T11:25:03.214+0000: 2860.151: Total time for which application threads were stopped: 0.0005629 seconds, Stopping threads took: 0.0000668 seconds
2020-05-19T11:25:03.215+0000: 2860.152: Total time for which application threads were stopped: 0.0001177 seconds, Stopping threads took: 0.0000503 seconds
2020-05-19T11:25:03.215+0000: 2860.152: Total time for which application threads were stopped: 0.0001256 seconds, Stopping threads took: 0.0000523 seconds
{Heap before GC invocations=45 (full 3):
 par new generation   total 109248K, used 109248K [0x00000000e0000000, 0x00000000e8000000, 0x00000000e8000000)
  eden space 87424K, 100% used [0x00000000e0000000, 0x00000000e5560000, 0x00000000e5560000)
  from space 21824K, 100% used [0x00000000e6ab0000, 0x00000000e8000000, 0x00000000e8000000)
  to   space 21824K,   0% used [0x00000000e5560000, 0x00000000e5560000, 0x00000000e6ab0000)
 concurrent mark-sweep generation total 393216K, used 95321K [0x00000000e8000000, 0x0000000100000000, 0x0000000100000000)
 Metaspace       used 54168K, capacity 55792K, committed 56340K, reserved 1099776K
  class space    used 6512K, capacity 6877K, committed 6976K, reserved 1048576K
2020-05-19T11:25:03.273+0000: 2860.210: [GC (Allocation Failure) 2020-05-19T11:25:03.274+0000: 2860.210: [ParNew
Desired survivor size 20112992 bytes, new threshold 7 (max 8)
- age   1:    6990504 bytes,    6990504 total
- age   2:     121424 bytes,    7111928 total
- age   3:    1784752 bytes,    8896680 total
- age   4:     760312 bytes,    9656992 total
- age   5:    2135512 bytes,   11792504 total
- age   6:    5027528 bytes,   16820032 total
- age   7:    4022744 bytes,   20842776 total
: 109248K->21824K(109248K), 0.0143864 secs] 204569K->120907K(502464K), 0.0144745 secs] [Times: user=0.00 sys=0.02, real=0.02 secs] 
Heap after GC invocations=46 (full 3):
 par new generation   total 109248K, used 21824K [0x00000000e0000000, 0x00000000e8000000, 0x00000000e8000000)
  eden space 87424K,   0% used [0x00000000e0000000, 0x00000000e0000000, 0x00000000e5560000)
  from space 21824K, 100% used [0x00000000e5560000, 0x00000000e6ab0000, 0x00000000e6ab0000)
  to   space 21824K,   0% used [0x00000000e6ab0000, 0x00000000e6ab0000, 0x00000000e8000000)
 concurrent mark-sweep generation total 393216K, used 99083K [0x00000000e8000000, 0x0000000100000000, 0x0000000100000000)
 Metaspace       used 54168K, capacity 55792K, committed 56340K, reserved 1099776K
  class space    used 6512K, capacity 6877K, committed 6976K, reserved 1048576K
}
2020-05-19T11:25:03.288+0000: 2860.225: Total time for which application threads were stopped: 0.0147101 seconds, Stopping threads took: 0.0000538 seconds
2020-05-19T11:25:03.288+0000: 2860.225: Total time for which application threads were stopped: 0.0001782 seconds, Stopping threads took: 0.0000677 seconds
2020-05-19T11:25:03.288+0000: 2860.225: Total time for which application threads were stopped: 0.0001180 seconds, Stopping threads took: 0.0000404 seconds
2020-05-19T11:25:03.289+0000: 2860.225: Total time for which application threads were stopped: 0.0000950 seconds, Stopping threads took: 0.0000547 seconds
2020-05-19T11:25:03.289+0000: 2860.225: Total time for which application threads were stopped: 0.0000776 seconds, Stopping threads took: 0.0000451 seconds
{Heap before GC invocations=46 (full 3):
 par new generation   total 109248K, used 109248K [0x00000000e0000000, 0x00000000e8000000, 0x00000000e8000000)
  eden space 87424K, 100% used [0x00000000e0000000, 0x00000000e5560000, 0x00000000e5560000)
  from space 21824K, 100% used [0x00000000e5560000, 0x00000000e6ab0000, 0x00000000e6ab0000)
  to   space 21824K,   0% used [0x00000000e6ab0000, 0x00000000e6ab0000, 0x00000000e8000000)
 concurrent mark-sweep generation total 393216K, used 99083K [0x00000000e8000000, 0x0000000100000000, 0x0000000100000000)
 Metaspace       used 54196K, capacity 55860K, committed 56340K, reserved 1099776K
  class space    used 6512K, capacity 6877K, committed 6976K, reserved 1048576K
2020-05-19T11:25:03.420+0000: 2860.357: [GC (Allocation Failure) 2020-05-19T11:25:03.420+0000: 2860.357: [ParNew
Desired survivor size 20112992 bytes, new threshold 7 (max 8)
- age   1:    8348808 bytes,    8348808 total
- age   2:    3854608 bytes,   12203416 total
- age   3:     121424 bytes,   12324840 total
- age   4:    1784752 bytes,   14109592 total
- age   5:     760312 bytes,   14869904 total
- age   6:    2135368 bytes,   17005272 total
- age   7:    5027528 bytes,   22032800 total
: 109248K->21824K(109248K), 0.0175634 secs] 208331K->127718K(502464K), 0.0176390 secs] [Times: user=0.06 sys=0.00, real=0.02 secs] 
Heap after GC invocations=47 (full 3):
 par new generation   total 109248K, used 21824K [0x00000000e0000000, 0x00000000e8000000, 0x00000000e8000000)
  eden space 87424K,   0% used [0x00000000e0000000, 0x00000000e0000000, 0x00000000e5560000)
  from space 21824K, 100% used [0x00000000e6ab0000, 0x00000000e8000000, 0x00000000e8000000)
  to   space 21824K,   0% used [0x00000000e5560000, 0x00000000e5560000, 0x00000000e6ab0000)
 concurrent mark-sweep generation total 393216K, used 105894K [0x00000000e8000000, 0x0000000100000000, 0x0000000100000000)
 Metaspace       used 54196K, capacity 55860K, committed 56340K, reserved 1099776K
  class space    used 6512K, capacity 6877K, committed 6976K, reserved 1048576K
}
2020-05-19T11:25:03.438+0000: 2860.374: Total time for which application threads were stopped: 0.0178604 seconds, Stopping threads took: 0.0000504 seconds
2020-05-19T11:25:03.438+0000: 2860.375: Total time for which application threads were stopped: 0.0001542 seconds, Stopping threads took: 0.0000636 seconds
2020-05-19T11:25:03.438+0000: 2860.375: Total time for which application threads were stopped: 0.0000940 seconds, Stopping threads took: 0.0000342 seconds
2020-05-19T11:25:03.438+0000: 2860.375: Total time for which application threads were stopped: 0.0000935 seconds, Stopping threads took: 0.0000392 seconds
2020-05-19T11:25:03.498+0000: 2860.435: Total time for which application threads were stopped: 0.0001501 seconds, Stopping threads took: 0.0000676 seconds
2020-05-19T11:25:03.498+0000: 2860.435: Total time for which application threads were stopped: 0.0000997 seconds, Stopping threads took: 0.0000420 seconds
2020-05-19T11:25:03.551+0000: 2860.488: Total time for which application threads were stopped: 0.0001212 seconds, Stopping threads took: 0.0000522 seconds
2020-05-19T11:25:04.551+0000: 2861.488: Total time for which application threads were stopped: 0.0001017 seconds, Stopping threads took: 0.0000458 seconds
2020-05-19T11:25:09.358+0000: 2866.296: Total time for which application threads were stopped: 0.0010966 seconds, Stopping threads took: 0.0001193 seconds
2020-05-19T11:25:09.361+0000: 2866.298: Total time for which application threads were stopped: 0.0003348 seconds, Stopping threads took: 0.0002728 seconds
2020-05-19T11:25:09.386+0000: 2866.323: Total time for which application threads were stopped: 0.0004582 seconds, Stopping threads took: 0.0002593 seconds
2020-05-19T11:25:09.698+0000: 2866.635: Total time for which application threads were stopped: 0.0002780 seconds, Stopping threads took: 0.0001749 seconds
2020-05-19T11:25:09.698+0000: 2866.636: Total time for which application threads were stopped: 0.0001136 seconds, Stopping threads took: 0.0000457 seconds
2020-05-19T11:25:09.698+0000: 2866.636: Total time for which application threads were stopped: 0.0000935 seconds, Stopping threads took: 0.0000424 seconds
{Heap before GC invocations=47 (full 3):
 par new generation   total 109248K, used 109248K [0x00000000e0000000, 0x00000000e8000000, 0x00000000e8000000)
  eden space 87424K, 100% used [0x00000000e0000000, 0x00000000e5560000, 0x00000000e5560000)
  from space 21824K, 100% used [0x00000000e6ab0000, 0x00000000e8000000, 0x00000000e8000000)
  to   space 21824K,   0% used [0x00000000e5560000, 0x00000000e5560000, 0x00000000e6ab0000)
 concurrent mark-sweep generation total 393216K, used 105894K [0x00000000e8000000, 0x0000000100000000, 0x0000000100000000)
 Metaspace       used 54209K, capacity 55860K, committed 56340K, reserved 1099776K
  class space    used 6512K, capacity 6877K, committed 6976K, reserved 1048576K
2020-05-19T11:25:09.734+0000: 2866.671: [GC (Allocation Failure) 2020-05-19T11:25:09.734+0000: 2866.671: [ParNew
Desired survivor size 20112992 bytes, new threshold 8 (max 8)
- age   1:    5264168 bytes,    5264168 total
- age   2:    6051088 bytes,   11315256 total
- age   3:    3605224 bytes,   14920480 total
- age   4:      96208 bytes,   15016688 total
- age   5:    1784752 bytes,   16801440 total
- age   6:     760312 bytes,   17561752 total
- age   7:    2135272 bytes,   19697024 total
: 109248K->21824K(109248K), 0.0144538 secs] 215142K->134028K(502464K), 0.0146093 secs] [Times: user=0.06 sys=0.00, real=0.01 secs] 
Heap after GC invocations=48 (full 3):
 par new generation   total 109248K, used 21824K [0x00000000e0000000, 0x00000000e8000000, 0x00000000e8000000)
  eden space 87424K,   0% used [0x00000000e0000000, 0x00000000e0000000, 0x00000000e5560000)
  from space 21824K, 100% used [0x00000000e5560000, 0x00000000e6ab0000, 0x00000000e6ab0000)
  to   space 21824K,   0% used [0x00000000e6ab0000, 0x00000000e6ab0000, 0x00000000e8000000)
 concurrent mark-sweep generation total 393216K, used 112204K [0x00000000e8000000, 0x0000000100000000, 0x0000000100000000)
 Metaspace       used 54209K, capacity 55860K, committed 56340K, reserved 1099776K
  class space    used 6512K, capacity 6877K, committed 6976K, reserved 1048576K
}
2020-05-19T11:25:09.748+0000: 2866.686: Total time for which application threads were stopped: 0.0149284 seconds, Stopping threads took: 0.0000676 seconds
2020-05-19T11:25:09.749+0000: 2866.686: Total time for which application threads were stopped: 0.0001831 seconds, Stopping threads took: 0.0000550 seconds
2020-05-19T11:25:09.749+0000: 2866.686: Total time for which application threads were stopped: 0.0000984 seconds, Stopping threads took: 0.0000370 seconds
2020-05-19T11:25:09.797+0000: 2866.734: Total time for which application threads were stopped: 0.0001658 seconds, Stopping threads took: 0.0000695 seconds
2020-05-19T11:25:09.798+0000: 2866.735: Total time for which application threads were stopped: 0.0001413 seconds, Stopping threads took: 0.0000565 seconds
2020-05-19T11:25:09.798+0000: 2866.735: Total time for which application threads were stopped: 0.0001374 seconds, Stopping threads took: 0.0000312 seconds
{Heap before GC invocations=48 (full 3):
 par new generation   total 109248K, used 109248K [0x00000000e0000000, 0x00000000e8000000, 0x00000000e8000000)
  eden space 87424K, 100% used [0x00000000e0000000, 0x00000000e5560000, 0x00000000e5560000)
  from space 21824K, 100% used [0x00000000e5560000, 0x00000000e6ab0000, 0x00000000e6ab0000)
  to   space 21824K,   0% used [0x00000000e6ab0000, 0x00000000e6ab0000, 0x00000000e8000000)
 concurrent mark-sweep generation total 393216K, used 112204K [0x00000000e8000000, 0x0000000100000000, 0x0000000100000000)
 Metaspace       used 54215K, capacity 55860K, committed 56340K, reserved 1099776K
  class space    used 6512K, capacity 6877K, committed 6976K, reserved 1048576K
2020-05-19T11:25:09.918+0000: 2866.855: [GC (Allocation Failure) 2020-05-19T11:25:09.918+0000: 2866.856: [ParNew
Desired survivor size 20112992 bytes, new threshold 8 (max 8)
- age   1:    4900792 bytes,    4900792 total
- age   2:    3079360 bytes,    7980152 total
- age   3:    5916408 bytes,   13896560 total
- age   4:    3537680 bytes,   17434240 total
- age   5:      56848 bytes,   17491088 total
- age   6:    1784752 bytes,   19275840 total
- age   7:     760312 bytes,   20036152 total
- age   8:    2135152 bytes,   22171304 total
: 109248K->21824K(109248K), 0.0141062 secs] 221452K->136957K(502464K), 0.0143896 secs] [Times: user=0.06 sys=0.00, real=0.02 secs] 
Heap after GC invocations=49 (full 3):
 par new generation   total 109248K, used 21824K [0x00000000e0000000, 0x00000000e8000000, 0x00000000e8000000)
  eden space 87424K,   0% used [0x00000000e0000000, 0x00000000e0000000, 0x00000000e5560000)
  from space 21824K, 100% used [0x00000000e6ab0000, 0x00000000e8000000, 0x00000000e8000000)
  to   space 21824K,   0% used [0x00000000e5560000, 0x00000000e5560000, 0x00000000e6ab0000)
 concurrent mark-sweep generation total 393216K, used 115133K [0x00000000e8000000, 0x0000000100000000, 0x0000000100000000)
 Metaspace       used 54215K, capacity 55860K, committed 56340K, reserved 1099776K
  class space    used 6512K, capacity 6877K, committed 6976K, reserved 1048576K
}
2020-05-19T11:25:09.933+0000: 2866.870: Total time for which application threads were stopped: 0.0147187 seconds, Stopping threads took: 0.0000592 seconds
2020-05-19T11:25:09.933+0000: 2866.870: Total time for which application threads were stopped: 0.0001957 seconds, Stopping threads took: 0.0000834 seconds
2020-05-19T11:25:09.933+0000: 2866.870: Total time for which application threads were stopped: 0.0001582 seconds, Stopping threads took: 0.0000500 seconds
2020-05-19T11:25:09.933+0000: 2866.871: Total time for which application threads were stopped: 0.0001264 seconds, Stopping threads took: 0.0000684 seconds
2020-05-19T11:25:09.934+0000: 2866.871: Total time for which application threads were stopped: 0.0000947 seconds, Stopping threads took: 0.0000355 seconds
{Heap before GC invocations=49 (full 3):
 par new generation   total 109248K, used 109248K [0x00000000e0000000, 0x00000000e8000000, 0x00000000e8000000)
  eden space 87424K, 100% used [0x00000000e0000000, 0x00000000e5560000, 0x00000000e5560000)
  from space 21824K, 100% used [0x00000000e6ab0000, 0x00000000e8000000, 0x00000000e8000000)
  to   space 21824K,   0% used [0x00000000e5560000, 0x00000000e5560000, 0x00000000e6ab0000)
 concurrent mark-sweep generation total 393216K, used 115133K [0x00000000e8000000, 0x0000000100000000, 0x0000000100000000)
 Metaspace       used 54217K, capacity 55860K, committed 56340K, reserved 1099776K
  class space    used 6512K, capacity 6877K, committed 6976K, reserved 1048576K
2020-05-19T11:25:10.035+0000: 2866.972: [GC (Allocation Failure) 2020-05-19T11:25:10.035+0000: 2866.972: [ParNew
Desired survivor size 20112992 bytes, new threshold 7 (max 8)
- age   1:    4552760 bytes,    4552760 total
- age   2:    2657512 bytes,    7210272 total
- age   3:    3075456 bytes,   10285728 total
- age   4:    5916448 bytes,   16202176 total
- age   5:    3537536 bytes,   19739712 total
- age   6:      56848 bytes,   19796560 total
- age   7:    1784752 bytes,   21581312 total
- age   8:     760312 bytes,   22341624 total
: 109248K->21824K(109248K), 0.0210402 secs] 224381K->147291K(502464K), 0.0212983 secs] [Times: user=0.06 sys=0.00, real=0.02 secs] 
Heap after GC invocations=50 (full 3):
 par new generation   total 109248K, used 21824K [0x00000000e0000000, 0x00000000e8000000, 0x00000000e8000000)
  eden space 87424K,   0% used [0x00000000e0000000, 0x00000000e0000000, 0x00000000e5560000)
  from space 21824K, 100% used [0x00000000e5560000, 0x00000000e6ab0000, 0x00000000e6ab0000)
  to   space 21824K,   0% used [0x00000000e6ab0000, 0x00000000e6ab0000, 0x00000000e8000000)
 concurrent mark-sweep generation total 393216K, used 125467K [0x00000000e8000000, 0x0000000100000000, 0x0000000100000000)
 Metaspace       used 54217K, capacity 55860K, committed 56340K, reserved 1099776K
  class space    used 6512K, capacity 6877K, committed 6976K, reserved 1048576K
}
2020-05-19T11:25:10.056+0000: 2866.993: Total time for which application threads were stopped: 0.0216264 seconds, Stopping threads took: 0.0001029 seconds
2020-05-19T11:25:10.059+0000: 2866.995: Total time for which application threads were stopped: 0.0005837 seconds, Stopping threads took: 0.0002849 seconds
2020-05-19T11:25:10.059+0000: 2866.996: Total time for which application threads were stopped: 0.0001027 seconds, Stopping threads took: 0.0000196 seconds
2020-05-19T11:25:10.137+0000: 2867.073: Total time for which application threads were stopped: 0.0001129 seconds, Stopping threads took: 0.0000556 seconds
2020-05-19T11:25:12.137+0000: 2869.074: Total time for which application threads were stopped: 0.0001269 seconds, Stopping threads took: 0.0000522 seconds
2020-05-19T11:25:24.686+0000: 2881.623: Total time for which application threads were stopped: 0.0000770 seconds, Stopping threads took: 0.0000226 seconds
2020-05-19T11:25:31.824+0000: 2888.761: Total time for which application threads were stopped: 0.0071158 seconds, Stopping threads took: 0.0070202 seconds
2020-05-19T11:25:31.845+0000: 2888.782: Total time for which application threads were stopped: 0.0001441 seconds, Stopping threads took: 0.0000307 seconds
2020-05-19T11:25:31.879+0000: 2888.816: Total time for which application threads were stopped: 0.0001977 seconds, Stopping threads took: 0.0000668 seconds
2020-05-19T11:25:31.879+0000: 2888.816: Total time for which application threads were stopped: 0.0000770 seconds, Stopping threads took: 0.0000193 seconds
2020-05-19T11:25:31.879+0000: 2888.816: Total time for which application threads were stopped: 0.0000713 seconds, Stopping threads took: 0.0000195 seconds
2020-05-19T11:25:31.913+0000: 2888.850: Total time for which application threads were stopped: 0.0001755 seconds, Stopping threads took: 0.0000777 seconds
2020-05-19T11:25:31.914+0000: 2888.850: Total time for which application threads were stopped: 0.0001171 seconds, Stopping threads took: 0.0000403 seconds
2020-05-19T11:25:31.921+0000: 2888.858: Total time for which application threads were stopped: 0.0001694 seconds, Stopping threads took: 0.0000565 seconds
2020-05-19T11:25:35.712+0000: 2892.649: Total time for which application threads were stopped: 0.0002711 seconds, Stopping threads took: 0.0002169 seconds
2020-05-19T11:25:35.788+0000: 2892.724: Total time for which application threads were stopped: 0.0001981 seconds, Stopping threads took: 0.0000680 seconds
2020-05-19T11:25:35.788+0000: 2892.724: Total time for which application threads were stopped: 0.0001320 seconds, Stopping threads took: 0.0000506 seconds
2020-05-19T11:25:35.788+0000: 2892.725: Total time for which application threads were stopped: 0.0001101 seconds, Stopping threads took: 0.0000536 seconds
2020-05-19T11:25:35.853+0000: 2892.790: Total time for which application threads were stopped: 0.0001519 seconds, Stopping threads took: 0.0000619 seconds
2020-05-19T11:25:41.858+0000: 2898.794: Total time for which application threads were stopped: 0.0001458 seconds, Stopping threads took: 0.0000784 seconds
2020-05-19T11:25:42.971+0000: 2899.908: Total time for which application threads were stopped: 0.0002568 seconds, Stopping threads took: 0.0001907 seconds
2020-05-19T11:25:42.994+0000: 2899.931: Total time for which application threads were stopped: 0.0007295 seconds, Stopping threads took: 0.0006356 seconds
2020-05-19T11:25:43.026+0000: 2899.963: Total time for which application threads were stopped: 0.0001807 seconds, Stopping threads took: 0.0000711 seconds
2020-05-19T11:25:43.026+0000: 2899.963: Total time for which application threads were stopped: 0.0000897 seconds, Stopping threads took: 0.0000210 seconds
2020-05-19T11:25:43.026+0000: 2899.963: Total time for which application threads were stopped: 0.0000640 seconds, Stopping threads took: 0.0000196 seconds
2020-05-19T11:25:43.076+0000: 2900.013: Total time for which application threads were stopped: 0.0001289 seconds, Stopping threads took: 0.0000606 seconds
2020-05-19T11:25:43.076+0000: 2900.013: Total time for which application threads were stopped: 0.0000752 seconds, Stopping threads took: 0.0000332 seconds
2020-05-19T11:25:43.080+0000: 2900.017: Total time for which application threads were stopped: 0.0001312 seconds, Stopping threads took: 0.0000474 seconds
2020-05-19T11:25:58.007+0000: 2914.944: Total time for which application threads were stopped: 0.0001290 seconds, Stopping threads took: 0.0000428 seconds
{Heap before GC invocations=50 (full 3):
 par new generation   total 109248K, used 109248K [0x00000000e0000000, 0x00000000e8000000, 0x00000000e8000000)
  eden space 87424K, 100% used [0x00000000e0000000, 0x00000000e5560000, 0x00000000e5560000)
  from space 21824K, 100% used [0x00000000e5560000, 0x00000000e6ab0000, 0x00000000e6ab0000)
  to   space 21824K,   0% used [0x00000000e6ab0000, 0x00000000e6ab0000, 0x00000000e8000000)
 concurrent mark-sweep generation total 393216K, used 125467K [0x00000000e8000000, 0x0000000100000000, 0x0000000100000000)
 Metaspace       used 54592K, capacity 56354K, committed 56596K, reserved 1099776K
  class space    used 6557K, capacity 6958K, committed 6976K, reserved 1048576K
2020-05-19T11:26:09.924+0000: 2926.861: [GC (Allocation Failure) 2020-05-19T11:26:09.924+0000: 2926.861: [ParNew
Desired survivor size 20112992 bytes, new threshold 6 (max 8)
- age   1:    3213920 bytes,    3213920 total
- age   2:    2798192 bytes,    6012112 total
- age   3:    2285928 bytes,    8298040 total
- age   4:    3014256 bytes,   11312296 total
- age   5:    5916408 bytes,   17228704 total
- age   6:    3537464 bytes,   20766168 total
- age   7:      56264 bytes,   20822432 total
: 109248K->21824K(109248K), 0.0162424 secs] 234715K->150458K(502464K), 0.0163474 secs] [Times: user=0.06 sys=0.00, real=0.02 secs] 
Heap after GC invocations=51 (full 3):
 par new generation   total 109248K, used 21824K [0x00000000e0000000, 0x00000000e8000000, 0x00000000e8000000)
  eden space 87424K,   0% used [0x00000000e0000000, 0x00000000e0000000, 0x00000000e5560000)
  from space 21824K, 100% used [0x00000000e6ab0000, 0x00000000e8000000, 0x00000000e8000000)
  to   space 21824K,   0% used [0x00000000e5560000, 0x00000000e5560000, 0x00000000e6ab0000)
 concurrent mark-sweep generation total 393216K, used 128634K [0x00000000e8000000, 0x0000000100000000, 0x0000000100000000)
 Metaspace       used 54592K, capacity 56354K, committed 56596K, reserved 1099776K
  class space    used 6557K, capacity 6958K, committed 6976K, reserved 1048576K
}
2020-05-19T11:26:09.940+0000: 2926.877: Total time for which application threads were stopped: 0.0167312 seconds, Stopping threads took: 0.0000368 seconds
2020-05-19T11:26:09.941+0000: 2926.878: Total time for which application threads were stopped: 0.0001410 seconds, Stopping threads took: 0.0000349 seconds
2020-05-19T11:26:09.945+0000: 2926.882: Total time for which application threads were stopped: 0.0004172 seconds, Stopping threads took: 0.0003578 seconds
2020-05-19T11:26:09.962+0000: 2926.899: Total time for which application threads were stopped: 0.0001371 seconds, Stopping threads took: 0.0000302 seconds
2020-05-19T11:26:09.985+0000: 2926.922: Total time for which application threads were stopped: 0.0007052 seconds, Stopping threads took: 0.0005993 seconds
2020-05-19T11:26:09.985+0000: 2926.922: Total time for which application threads were stopped: 0.0000886 seconds, Stopping threads took: 0.0000238 seconds
2020-05-19T11:26:09.985+0000: 2926.922: Total time for which application threads were stopped: 0.0000693 seconds, Stopping threads took: 0.0000162 seconds
2020-05-19T11:26:10.015+0000: 2926.952: Total time for which application threads were stopped: 0.0004798 seconds, Stopping threads took: 0.0001835 seconds
2020-05-19T11:26:10.016+0000: 2926.953: Total time for which application threads were stopped: 0.0001435 seconds, Stopping threads took: 0.0000371 seconds
2020-05-19T11:26:10.016+0000: 2926.954: Total time for which application threads were stopped: 0.0001002 seconds, Stopping threads took: 0.0000221 seconds
2020-05-19T11:26:10.021+0000: 2926.958: Total time for which application threads were stopped: 0.0001398 seconds, Stopping threads took: 0.0000487 seconds
2020-05-19T11:26:24.971+0000: 2941.908: Total time for which application threads were stopped: 0.0006893 seconds, Stopping threads took: 0.0002884 seconds
2020-05-19T11:26:25.311+0000: 2942.247: Total time for which application threads were stopped: 0.0001400 seconds, Stopping threads took: 0.0000286 seconds
2020-05-19T11:26:25.311+0000: 2942.247: Total time for which application threads were stopped: 0.0000976 seconds, Stopping threads took: 0.0000190 seconds
2020-05-19T11:26:25.311+0000: 2942.248: Total time for which application threads were stopped: 0.0000865 seconds, Stopping threads took: 0.0000162 seconds
2020-05-19T11:26:25.311+0000: 2942.248: Total time for which application threads were stopped: 0.0000782 seconds, Stopping threads took: 0.0000153 seconds
2020-05-19T11:26:25.311+0000: 2942.248: Total time for which application threads were stopped: 0.0000731 seconds, Stopping threads took: 0.0000154 seconds
2020-05-19T11:26:25.312+0000: 2942.249: Total time for which application threads were stopped: 0.0001012 seconds, Stopping threads took: 0.0000252 seconds
2020-05-19T11:26:25.312+0000: 2942.249: Total time for which application threads were stopped: 0.0002554 seconds, Stopping threads took: 0.0000199 seconds
2020-05-19T11:26:27.916+0000: 2944.853: Total time for which application threads were stopped: 0.0001557 seconds, Stopping threads took: 0.0000539 seconds
2020-05-19T11:26:27.916+0000: 2944.853: Total time for which application threads were stopped: 0.0001014 seconds, Stopping threads took: 0.0000283 seconds
2020-05-19T11:26:27.916+0000: 2944.853: Total time for which application threads were stopped: 0.0001075 seconds, Stopping threads took: 0.0000450 seconds
2020-05-19T11:26:27.917+0000: 2944.854: Total time for which application threads were stopped: 0.0001534 seconds, Stopping threads took: 0.0000297 seconds
2020-05-19T11:26:27.917+0000: 2944.854: Total time for which application threads were stopped: 0.0001071 seconds, Stopping threads took: 0.0000334 seconds
2020-05-19T11:26:27.917+0000: 2944.854: Total time for which application threads were stopped: 0.0001452 seconds, Stopping threads took: 0.0000338 seconds
2020-05-19T11:26:27.917+0000: 2944.854: Total time for which application threads were stopped: 0.0001234 seconds, Stopping threads took: 0.0000361 seconds
2020-05-19T11:26:28.918+0000: 2945.854: Total time for which application threads were stopped: 0.0002126 seconds, Stopping threads took: 0.0000511 seconds
2020-05-19T11:26:33.919+0000: 2950.856: Total time for which application threads were stopped: 0.0003535 seconds, Stopping threads took: 0.0000501 seconds
2020-05-19T11:26:41.924+0000: 2958.860: Total time for which application threads were stopped: 0.0001109 seconds, Stopping threads took: 0.0000262 seconds
2020-05-19T11:27:45.290+0000: 3022.227: Total time for which application threads were stopped: 0.0008537 seconds, Stopping threads took: 0.0007507 seconds
2020-05-19T11:27:45.312+0000: 3022.248: Total time for which application threads were stopped: 0.0000923 seconds, Stopping threads took: 0.0000232 seconds
2020-05-19T11:27:45.342+0000: 3022.278: Total time for which application threads were stopped: 0.0001442 seconds, Stopping threads took: 0.0000515 seconds
2020-05-19T11:27:45.342+0000: 3022.278: Total time for which application threads were stopped: 0.0000819 seconds, Stopping threads took: 0.0000367 seconds
2020-05-19T11:27:45.342+0000: 3022.278: Total time for which application threads were stopped: 0.0000768 seconds, Stopping threads took: 0.0000427 seconds
2020-05-19T11:27:45.440+0000: 3022.378: Total time for which application threads were stopped: 0.0001232 seconds, Stopping threads took: 0.0000562 seconds
2020-05-19T11:27:45.441+0000: 3022.378: Total time for which application threads were stopped: 0.0001161 seconds, Stopping threads took: 0.0000450 seconds
2020-05-19T11:27:45.441+0000: 3022.378: Total time for which application threads were stopped: 0.0001126 seconds, Stopping threads took: 0.0000429 seconds
2020-05-19T11:27:46.107+0000: 3023.043: Total time for which application threads were stopped: 0.0001589 seconds, Stopping threads took: 0.0000558 seconds
2020-05-19T11:27:46.110+0000: 3023.047: Total time for which application threads were stopped: 0.0001296 seconds, Stopping threads took: 0.0000653 seconds
2020-05-19T11:27:46.110+0000: 3023.047: Total time for which application threads were stopped: 0.0000940 seconds, Stopping threads took: 0.0000498 seconds
2020-05-19T11:27:46.110+0000: 3023.047: Total time for which application threads were stopped: 0.0000709 seconds, Stopping threads took: 0.0000416 seconds
2020-05-19T11:27:46.111+0000: 3023.048: Total time for which application threads were stopped: 0.0000882 seconds, Stopping threads took: 0.0000574 seconds
2020-05-19T11:27:46.111+0000: 3023.048: Total time for which application threads were stopped: 0.0000872 seconds, Stopping threads took: 0.0000564 seconds
2020-05-19T11:27:47.111+0000: 3024.048: Total time for which application threads were stopped: 0.0001560 seconds, Stopping threads took: 0.0000765 seconds
2020-05-19T11:27:51.488+0000: 3028.424: Total time for which application threads were stopped: 0.0002932 seconds, Stopping threads took: 0.0002350 seconds
2020-05-19T11:27:51.494+0000: 3028.431: Total time for which application threads were stopped: 0.0001796 seconds, Stopping threads took: 0.0000777 seconds
2020-05-19T11:27:51.495+0000: 3028.432: Total time for which application threads were stopped: 0.0001362 seconds, Stopping threads took: 0.0000579 seconds
2020-05-19T11:27:51.506+0000: 3028.442: Total time for which application threads were stopped: 0.0001536 seconds, Stopping threads took: 0.0000646 seconds
2020-05-19T11:27:51.506+0000: 3028.443: Total time for which application threads were stopped: 0.0002157 seconds, Stopping threads took: 0.0000674 seconds
2020-05-19T11:27:51.506+0000: 3028.443: Total time for which application threads were stopped: 0.0000817 seconds, Stopping threads took: 0.0000364 seconds
2020-05-19T11:27:51.508+0000: 3028.444: Total time for which application threads were stopped: 0.0001607 seconds, Stopping threads took: 0.0000918 seconds
2020-05-19T11:27:51.508+0000: 3028.445: Total time for which application threads were stopped: 0.0001316 seconds, Stopping threads took: 0.0000688 seconds
2020-05-19T11:27:51.508+0000: 3028.445: Total time for which application threads were stopped: 0.0000892 seconds, Stopping threads took: 0.0000409 seconds
2020-05-19T11:27:51.508+0000: 3028.445: Total time for which application threads were stopped: 0.0001006 seconds, Stopping threads took: 0.0000535 seconds
2020-05-19T11:27:51.509+0000: 3028.445: Total time for which application threads were stopped: 0.0000895 seconds, Stopping threads took: 0.0000531 seconds
2020-05-19T11:27:51.509+0000: 3028.446: Total time for which application threads were stopped: 0.0000760 seconds, Stopping threads took: 0.0000445 seconds
2020-05-19T11:27:51.524+0000: 3028.461: Total time for which application threads were stopped: 0.0023866 seconds, Stopping threads took: 0.0022765 seconds
2020-05-19T11:27:51.524+0000: 3028.461: Total time for which application threads were stopped: 0.0001136 seconds, Stopping threads took: 0.0000377 seconds
2020-05-19T11:27:51.525+0000: 3028.461: Total time for which application threads were stopped: 0.0000892 seconds, Stopping threads took: 0.0000216 seconds
{Heap before GC invocations=51 (full 3):
 par new generation   total 109248K, used 109248K [0x00000000e0000000, 0x00000000e8000000, 0x00000000e8000000)
  eden space 87424K, 100% used [0x00000000e0000000, 0x00000000e5560000, 0x00000000e5560000)
  from space 21824K, 100% used [0x00000000e6ab0000, 0x00000000e8000000, 0x00000000e8000000)
  to   space 21824K,   0% used [0x00000000e5560000, 0x00000000e5560000, 0x00000000e6ab0000)
 concurrent mark-sweep generation total 393216K, used 128634K [0x00000000e8000000, 0x0000000100000000, 0x0000000100000000)
 Metaspace       used 54723K, capacity 56490K, committed 56596K, reserved 1099776K
  class space    used 6558K, capacity 6958K, committed 6976K, reserved 1048576K
2020-05-19T11:27:51.620+0000: 3028.558: [GC (Allocation Failure) 2020-05-19T11:27:51.620+0000: 3028.558: [ParNew
Desired survivor size 20112992 bytes, new threshold 6 (max 8)
- age   1:    6004448 bytes,    6004448 total
- age   2:    2443120 bytes,    8447568 total
- age   3:    2793232 bytes,   11240800 total
- age   4:    2283224 bytes,   13524024 total
- age   5:    2900384 bytes,   16424408 total
- age   6:    5916448 bytes,   22340856 total
: 109248K->21824K(109248K), 0.0174317 secs] 237882K->157428K(502464K), 0.0175336 secs] [Times: user=0.06 sys=0.00, real=0.02 secs] 
Heap after GC invocations=52 (full 3):
 par new generation   total 109248K, used 21824K [0x00000000e0000000, 0x00000000e8000000, 0x00000000e8000000)
  eden space 87424K,   0% used [0x00000000e0000000, 0x00000000e0000000, 0x00000000e5560000)
  from space 21824K, 100% used [0x00000000e5560000, 0x00000000e6ab0000, 0x00000000e6ab0000)
  to   space 21824K,   0% used [0x00000000e6ab0000, 0x00000000e6ab0000, 0x00000000e8000000)
 concurrent mark-sweep generation total 393216K, used 135604K [0x00000000e8000000, 0x0000000100000000, 0x0000000100000000)
 Metaspace       used 54723K, capacity 56490K, committed 56596K, reserved 1099776K
  class space    used 6558K, capacity 6958K, committed 6976K, reserved 1048576K
}
2020-05-19T11:27:51.638+0000: 3028.575: Total time for which application threads were stopped: 0.0178571 seconds, Stopping threads took: 0.0000723 seconds
2020-05-19T11:27:51.638+0000: 3028.576: Total time for which application threads were stopped: 0.0001760 seconds, Stopping threads took: 0.0000809 seconds
2020-05-19T11:27:51.639+0000: 3028.576: Total time for which application threads were stopped: 0.0001973 seconds, Stopping threads took: 0.0000581 seconds
2020-05-19T11:27:51.639+0000: 3028.576: Total time for which application threads were stopped: 0.0001548 seconds, Stopping threads took: 0.0000371 seconds
2020-05-19T11:27:51.639+0000: 3028.576: Total time for which application threads were stopped: 0.0003035 seconds, Stopping threads took: 0.0000499 seconds
2020-05-19T11:27:51.640+0000: 3028.577: Total time for which application threads were stopped: 0.0001139 seconds, Stopping threads took: 0.0000488 seconds
2020-05-19T11:27:51.640+0000: 3028.577: Total time for which application threads were stopped: 0.0001041 seconds, Stopping threads took: 0.0000439 seconds
2020-05-19T11:27:51.640+0000: 3028.577: Total time for which application threads were stopped: 0.0001185 seconds, Stopping threads took: 0.0000439 seconds
2020-05-19T11:27:51.678+0000: 3028.615: Total time for which application threads were stopped: 0.0002699 seconds, Stopping threads took: 0.0001805 seconds
2020-05-19T11:27:51.678+0000: 3028.616: Total time for which application threads were stopped: 0.0002046 seconds, Stopping threads took: 0.0000514 seconds
2020-05-19T11:27:51.687+0000: 3028.624: Total time for which application threads were stopped: 0.0001480 seconds, Stopping threads took: 0.0000660 seconds
2020-05-19T11:27:52.354+0000: 3029.291: Total time for which application threads were stopped: 0.0001808 seconds, Stopping threads took: 0.0000796 seconds
2020-05-19T11:27:52.355+0000: 3029.291: Total time for which application threads were stopped: 0.0000524 seconds, Stopping threads took: 0.0000150 seconds
2020-05-19T11:27:52.357+0000: 3029.293: Total time for which application threads were stopped: 0.0001282 seconds, Stopping threads took: 0.0000662 seconds
2020-05-19T11:27:52.357+0000: 3029.294: Total time for which application threads were stopped: 0.0000950 seconds, Stopping threads took: 0.0000483 seconds
2020-05-19T11:27:52.357+0000: 3029.294: Total time for which application threads were stopped: 0.0000785 seconds, Stopping threads took: 0.0000465 seconds
2020-05-19T11:27:52.357+0000: 3029.294: Total time for which application threads were stopped: 0.0000733 seconds, Stopping threads took: 0.0000430 seconds
2020-05-19T11:27:53.357+0000: 3030.293: Total time for which application threads were stopped: 0.0001336 seconds, Stopping threads took: 0.0000612 seconds
2020-05-19T11:27:58.359+0000: 3035.295: Total time for which application threads were stopped: 0.0001153 seconds, Stopping threads took: 0.0000408 seconds
2020-05-19T11:28:00.661+0000: 3037.598: Total time for which application threads were stopped: 0.0006920 seconds, Stopping threads took: 0.0005182 seconds
2020-05-19T11:28:00.662+0000: 3037.599: Total time for which application threads were stopped: 0.0001513 seconds, Stopping threads took: 0.0000607 seconds
2020-05-19T11:28:06.509+0000: 3043.446: Total time for which application threads were stopped: 0.0000901 seconds, Stopping threads took: 0.0000263 seconds
2020-05-19T11:28:28.518+0000: 3065.455: Total time for which application threads were stopped: 0.0004215 seconds, Stopping threads took: 0.0000996 seconds
2020-05-19T11:28:42.522+0000: 3079.459: Total time for which application threads were stopped: 0.0001240 seconds, Stopping threads took: 0.0000343 seconds
2020-05-19T11:29:42.548+0000: 3139.484: Total time for which application threads were stopped: 0.0001475 seconds, Stopping threads took: 0.0000439 seconds
2020-05-19T11:29:57.555+0000: 3154.492: Total time for which application threads were stopped: 0.0000795 seconds, Stopping threads took: 0.0000250 seconds
2020-05-19T11:29:58.131+0000: 3155.068: Total time for which application threads were stopped: 0.0005776 seconds, Stopping threads took: 0.0001625 seconds
2020-05-19T11:29:58.147+0000: 3155.084: Total time for which application threads were stopped: 0.0000796 seconds, Stopping threads took: 0.0000231 seconds
2020-05-19T11:29:58.151+0000: 3155.088: Total time for which application threads were stopped: 0.0005209 seconds, Stopping threads took: 0.0001784 seconds
2020-05-19T11:29:58.166+0000: 3155.102: Total time for which application threads were stopped: 0.0025702 seconds, Stopping threads took: 0.0018970 seconds
2020-05-19T11:29:58.166+0000: 3155.103: Total time for which application threads were stopped: 0.0001214 seconds, Stopping threads took: 0.0000433 seconds
2020-05-19T11:29:58.252+0000: 3155.188: Total time for which application threads were stopped: 0.0001274 seconds, Stopping threads took: 0.0000517 seconds
{Heap before GC invocations=52 (full 3):
 par new generation   total 109248K, used 109207K [0x00000000e0000000, 0x00000000e8000000, 0x00000000e8000000)
  eden space 87424K,  99% used [0x00000000e0000000, 0x00000000e5555cd0, 0x00000000e5560000)
  from space 21824K, 100% used [0x00000000e5560000, 0x00000000e6ab0000, 0x00000000e6ab0000)
  to   space 21824K,   0% used [0x00000000e6ab0000, 0x00000000e6ab0000, 0x00000000e8000000)
 concurrent mark-sweep generation total 393216K, used 135604K [0x00000000e8000000, 0x0000000100000000, 0x0000000100000000)
 Metaspace       used 54779K, capacity 56558K, committed 56596K, reserved 1099776K
  class space    used 6559K, capacity 6958K, committed 6976K, reserved 1048576K
2020-05-19T11:29:58.288+0000: 3155.225: [GC (Allocation Failure) 2020-05-19T11:29:58.288+0000: 3155.225: [ParNew
Desired survivor size 20112992 bytes, new threshold 6 (max 8)
- age   1:    7005816 bytes,    7005816 total
- age   2:    4196176 bytes,   11201992 total
- age   3:    2441944 bytes,   13643936 total
- age   4:    2113552 bytes,   15757488 total
- age   5:    2279888 bytes,   18037376 total
- age   6:    2900240 bytes,   20937616 total
: 109207K->21824K(109248K), 0.0200584 secs] 244811K->168569K(502464K), 0.0201583 secs] [Times: user=0.13 sys=0.00, real=0.02 secs] 
Heap after GC invocations=53 (full 3):
 par new generation   total 109248K, used 21824K [0x00000000e0000000, 0x00000000e8000000, 0x00000000e8000000)
  eden space 87424K,   0% used [0x00000000e0000000, 0x00000000e0000000, 0x00000000e5560000)
  from space 21824K, 100% used [0x00000000e6ab0000, 0x00000000e8000000, 0x00000000e8000000)
  to   space 21824K,   0% used [0x00000000e5560000, 0x00000000e5560000, 0x00000000e6ab0000)
 concurrent mark-sweep generation total 393216K, used 146745K [0x00000000e8000000, 0x0000000100000000, 0x0000000100000000)
 Metaspace       used 54779K, capacity 56558K, committed 56596K, reserved 1099776K
  class space    used 6559K, capacity 6958K, committed 6976K, reserved 1048576K
}
2020-05-19T11:29:58.308+0000: 3155.245: Total time for which application threads were stopped: 0.0204299 seconds, Stopping threads took: 0.0000590 seconds
2020-05-19T11:29:58.309+0000: 3155.246: Total time for which application threads were stopped: 0.0002624 seconds, Stopping threads took: 0.0001439 seconds
2020-05-19T11:29:58.309+0000: 3155.246: Total time for which application threads were stopped: 0.0001565 seconds, Stopping threads took: 0.0000429 seconds
2020-05-19T11:29:58.478+0000: 3155.415: Total time for which application threads were stopped: 0.0002002 seconds, Stopping threads took: 0.0000531 seconds
{Heap before GC invocations=53 (full 3):
 par new generation   total 109248K, used 109248K [0x00000000e0000000, 0x00000000e8000000, 0x00000000e8000000)
  eden space 87424K, 100% used [0x00000000e0000000, 0x00000000e5560000, 0x00000000e5560000)
  from space 21824K, 100% used [0x00000000e6ab0000, 0x00000000e8000000, 0x00000000e8000000)
  to   space 21824K,   0% used [0x00000000e5560000, 0x00000000e5560000, 0x00000000e6ab0000)
 concurrent mark-sweep generation total 393216K, used 146745K [0x00000000e8000000, 0x0000000100000000, 0x0000000100000000)
 Metaspace       used 54809K, capacity 56558K, committed 56596K, reserved 1099776K
  class space    used 6560K, capacity 6958K, committed 6976K, reserved 1048576K
2020-05-19T11:29:58.493+0000: 3155.430: [GC (Allocation Failure) 2020-05-19T11:29:58.493+0000: 3155.430: [ParNew
Desired survivor size 20112992 bytes, new threshold 6 (max 8)
- age   1:    5145968 bytes,    5145968 total
- age   2:    5521560 bytes,   10667528 total
- age   3:    4190608 bytes,   14858136 total
- age   4:    2441624 bytes,   17299760 total
- age   5:    2113504 bytes,   19413264 total
- age   6:    2279312 bytes,   21692576 total
: 109248K->21824K(109248K), 0.0173520 secs] 255993K->176138K(502464K), 0.0174203 secs] [Times: user=0.03 sys=0.00, real=0.02 secs] 
Heap after GC invocations=54 (full 3):
 par new generation   total 109248K, used 21824K [0x00000000e0000000, 0x00000000e8000000, 0x00000000e8000000)
  eden space 87424K,   0% used [0x00000000e0000000, 0x00000000e0000000, 0x00000000e5560000)
  from space 21824K, 100% used [0x00000000e5560000, 0x00000000e6ab0000, 0x00000000e6ab0000)
  to   space 21824K,   0% used [0x00000000e6ab0000, 0x00000000e6ab0000, 0x00000000e8000000)
 concurrent mark-sweep generation total 393216K, used 154314K [0x00000000e8000000, 0x0000000100000000, 0x0000000100000000)
 Metaspace       used 54809K, capacity 56558K, committed 56596K, reserved 1099776K
  class space    used 6560K, capacity 6958K, committed 6976K, reserved 1048576K
}
2020-05-19T11:29:58.511+0000: 3155.448: Total time for which application threads were stopped: 0.0184693 seconds, Stopping threads took: 0.0008423 seconds
2020-05-19T11:29:58.511+0000: 3155.448: Total time for which application threads were stopped: 0.0001573 seconds, Stopping threads took: 0.0000499 seconds
2020-05-19T11:29:58.511+0000: 3155.449: Total time for which application threads were stopped: 0.0001417 seconds, Stopping threads took: 0.0000556 seconds
2020-05-19T11:29:58.511+0000: 3155.449: Total time for which application threads were stopped: 0.0000723 seconds, Stopping threads took: 0.0000317 seconds
2020-05-19T11:29:58.547+0000: 3155.484: Total time for which application threads were stopped: 0.0003761 seconds, Stopping threads took: 0.0000587 seconds
2020-05-19T11:29:59.548+0000: 3156.485: Total time for which application threads were stopped: 0.0001468 seconds, Stopping threads took: 0.0000546 seconds
2020-05-19T11:29:59.570+0000: 3156.507: Total time for which application threads were stopped: 0.0001334 seconds, Stopping threads took: 0.0000614 seconds
2020-05-19T11:29:59.571+0000: 3156.507: Total time for which application threads were stopped: 0.0000885 seconds, Stopping threads took: 0.0000412 seconds
2020-05-19T11:29:59.571+0000: 3156.508: Total time for which application threads were stopped: 0.0000723 seconds, Stopping threads took: 0.0000385 seconds
2020-05-19T11:29:59.571+0000: 3156.508: Total time for which application threads were stopped: 0.0001786 seconds, Stopping threads took: 0.0000345 seconds
2020-05-19T11:29:59.604+0000: 3156.541: Total time for which application threads were stopped: 0.0001272 seconds, Stopping threads took: 0.0000588 seconds
2020-05-19T11:29:59.604+0000: 3156.541: Total time for which application threads were stopped: 0.0000719 seconds, Stopping threads took: 0.0000325 seconds
2020-05-19T11:30:04.818+0000: 3161.755: Total time for which application threads were stopped: 0.0004981 seconds, Stopping threads took: 0.0004300 seconds
2020-05-19T11:30:04.820+0000: 3161.757: Total time for which application threads were stopped: 0.0003095 seconds, Stopping threads took: 0.0000699 seconds
2020-05-19T11:30:04.822+0000: 3161.759: Total time for which application threads were stopped: 0.0001405 seconds, Stopping threads took: 0.0000591 seconds
2020-05-19T11:30:04.822+0000: 3161.759: Total time for which application threads were stopped: 0.0001222 seconds, Stopping threads took: 0.0000556 seconds
2020-05-19T11:30:04.834+0000: 3161.771: Total time for which application threads were stopped: 0.0001694 seconds, Stopping threads took: 0.0001009 seconds
2020-05-19T11:30:04.852+0000: 3161.789: Total time for which application threads were stopped: 0.0044633 seconds, Stopping threads took: 0.0043346 seconds
2020-05-19T11:30:04.935+0000: 3161.872: Total time for which application threads were stopped: 0.0002147 seconds, Stopping threads took: 0.0000806 seconds
{Heap before GC invocations=54 (full 3):
 par new generation   total 109248K, used 109248K [0x00000000e0000000, 0x00000000e8000000, 0x00000000e8000000)
  eden space 87424K, 100% used [0x00000000e0000000, 0x00000000e5560000, 0x00000000e5560000)
  from space 21824K, 100% used [0x00000000e5560000, 0x00000000e6ab0000, 0x00000000e6ab0000)
  to   space 21824K,   0% used [0x00000000e6ab0000, 0x00000000e6ab0000, 0x00000000e8000000)
 concurrent mark-sweep generation total 393216K, used 154314K [0x00000000e8000000, 0x0000000100000000, 0x0000000100000000)
 Metaspace       used 54829K, capacity 56622K, committed 56852K, reserved 1099776K
  class space    used 6560K, capacity 6958K, committed 6976K, reserved 1048576K
2020-05-19T11:30:04.998+0000: 3161.935: [GC (Allocation Failure) 2020-05-19T11:30:04.998+0000: 3161.935: [ParNew
Desired survivor size 20112992 bytes, new threshold 5 (max 8)
- age   1:    5196320 bytes,    5196320 total
- age   2:    3251504 bytes,    8447824 total
- age   3:    5155128 bytes,   13602952 total
- age   4:    4175432 bytes,   17778384 total
- age   5:    2441624 bytes,   20220008 total
- age   6:    2113504 bytes,   22333512 total
: 109248K->21824K(109248K), 0.0187866 secs] 263562K->183695K(502464K), 0.0188958 secs] [Times: user=0.05 sys=0.00, real=0.02 secs] 
Heap after GC invocations=55 (full 3):
 par new generation   total 109248K, used 21824K [0x00000000e0000000, 0x00000000e8000000, 0x00000000e8000000)
  eden space 87424K,   0% used [0x00000000e0000000, 0x00000000e0000000, 0x00000000e5560000)
  from space 21824K, 100% used [0x00000000e6ab0000, 0x00000000e8000000, 0x00000000e8000000)
  to   space 21824K,   0% used [0x00000000e5560000, 0x00000000e5560000, 0x00000000e6ab0000)
 concurrent mark-sweep generation total 393216K, used 161871K [0x00000000e8000000, 0x0000000100000000, 0x0000000100000000)
 Metaspace       used 54829K, capacity 56622K, committed 56852K, reserved 1099776K
  class space    used 6560K, capacity 6958K, committed 6976K, reserved 1048576K
}
2020-05-19T11:30:05.016+0000: 3161.954: Total time for which application threads were stopped: 0.0193227 seconds, Stopping threads took: 0.0001090 seconds
2020-05-19T11:30:05.017+0000: 3161.954: Total time for which application threads were stopped: 0.0001975 seconds, Stopping threads took: 0.0000641 seconds
2020-05-19T11:30:05.017+0000: 3161.954: Total time for which application threads were stopped: 0.0001544 seconds, Stopping threads took: 0.0000470 seconds
{Heap before GC invocations=55 (full 3):
 par new generation   total 109248K, used 109248K [0x00000000e0000000, 0x00000000e8000000, 0x00000000e8000000)
  eden space 87424K, 100% used [0x00000000e0000000, 0x00000000e5560000, 0x00000000e5560000)
  from space 21824K, 100% used [0x00000000e6ab0000, 0x00000000e8000000, 0x00000000e8000000)
  to   space 21824K,   0% used [0x00000000e5560000, 0x00000000e5560000, 0x00000000e6ab0000)
 concurrent mark-sweep generation total 393216K, used 161871K [0x00000000e8000000, 0x0000000100000000, 0x0000000100000000)
 Metaspace       used 54829K, capacity 56622K, committed 56852K, reserved 1099776K
  class space    used 6560K, capacity 6958K, committed 6976K, reserved 1048576K
2020-05-19T11:30:05.155+0000: 3162.092: [GC (Allocation Failure) 2020-05-19T11:30:05.155+0000: 3162.092: [ParNew
Desired survivor size 20112992 bytes, new threshold 5 (max 8)
- age   1:    6154328 bytes,    6154328 total
- age   2:    3097072 bytes,    9251400 total
- age   3:    3151640 bytes,   12403040 total
- age   4:    5079712 bytes,   17482752 total
- age   5:    4175392 bytes,   21658144 total
: 109248K->21824K(109248K), 0.0162344 secs] 271119K->191357K(502464K), 0.0163105 secs] [Times: user=0.06 sys=0.00, real=0.02 secs] 
Heap after GC invocations=56 (full 3):
 par new generation   total 109248K, used 21824K [0x00000000e0000000, 0x00000000e8000000, 0x00000000e8000000)
  eden space 87424K,   0% used [0x00000000e0000000, 0x00000000e0000000, 0x00000000e5560000)
  from space 21824K, 100% used [0x00000000e5560000, 0x00000000e6ab0000, 0x00000000e6ab0000)
  to   space 21824K,   0% used [0x00000000e6ab0000, 0x00000000e6ab0000, 0x00000000e8000000)
 concurrent mark-sweep generation total 393216K, used 169533K [0x00000000e8000000, 0x0000000100000000, 0x0000000100000000)
 Metaspace       used 54829K, capacity 56622K, committed 56852K, reserved 1099776K
  class space    used 6560K, capacity 6958K, committed 6976K, reserved 1048576K
}
2020-05-19T11:30:05.172+0000: 3162.109: Total time for which application threads were stopped: 0.0166094 seconds, Stopping threads took: 0.0000659 seconds
2020-05-19T11:30:05.172+0000: 3162.109: Total time for which application threads were stopped: 0.0001480 seconds, Stopping threads took: 0.0000647 seconds
2020-05-19T11:30:05.172+0000: 3162.109: Total time for which application threads were stopped: 0.0001177 seconds, Stopping threads took: 0.0000487 seconds
2020-05-19T11:30:05.172+0000: 3162.109: Total time for which application threads were stopped: 0.0001012 seconds, Stopping threads took: 0.0000519 seconds
2020-05-19T11:30:05.172+0000: 3162.109: Total time for which application threads were stopped: 0.0000814 seconds, Stopping threads took: 0.0000401 seconds
2020-05-19T11:30:05.943+0000: 3162.880: Total time for which application threads were stopped: 0.0002220 seconds, Stopping threads took: 0.0001349 seconds
2020-05-19T11:30:05.943+0000: 3162.880: Total time for which application threads were stopped: 0.0001281 seconds, Stopping threads took: 0.0000873 seconds
2020-05-19T11:30:05.944+0000: 3162.881: Total time for which application threads were stopped: 0.0000830 seconds, Stopping threads took: 0.0000308 seconds
2020-05-19T11:30:05.944+0000: 3162.881: Total time for which application threads were stopped: 0.0000881 seconds, Stopping threads took: 0.0000249 seconds
2020-05-19T11:30:19.837+0000: 3176.773: Total time for which application threads were stopped: 0.0001144 seconds, Stopping threads took: 0.0000416 seconds
2020-05-19T11:31:41.870+0000: 3258.807: Total time for which application threads were stopped: 0.0005173 seconds, Stopping threads took: 0.0001482 seconds
2020-05-19T11:33:36.796+0000: 3373.734: Total time for which application threads were stopped: 0.0004231 seconds, Stopping threads took: 0.0003268 seconds
2020-05-19T11:33:36.799+0000: 3373.737: Total time for which application threads were stopped: 0.0001752 seconds, Stopping threads took: 0.0000865 seconds
2020-05-19T11:33:37.010+0000: 3373.947: Total time for which application threads were stopped: 0.0001649 seconds, Stopping threads took: 0.0000577 seconds
2020-05-19T11:33:37.601+0000: 3374.538: Total time for which application threads were stopped: 0.0001756 seconds, Stopping threads took: 0.0001049 seconds
2020-05-19T11:33:37.601+0000: 3374.538: Total time for which application threads were stopped: 0.0001934 seconds, Stopping threads took: 0.0001483 seconds
2020-05-19T11:33:37.603+0000: 3374.540: Total time for which application threads were stopped: 0.0001454 seconds, Stopping threads took: 0.0000464 seconds
2020-05-19T11:33:37.604+0000: 3374.540: Total time for which application threads were stopped: 0.0001536 seconds, Stopping threads took: 0.0000978 seconds
2020-05-19T11:33:37.604+0000: 3374.540: Total time for which application threads were stopped: 0.0000479 seconds, Stopping threads took: 0.0000143 seconds
2020-05-19T11:33:37.604+0000: 3374.540: Total time for which application threads were stopped: 0.0000438 seconds, Stopping threads took: 0.0000122 seconds
2020-05-19T11:33:37.604+0000: 3374.541: Total time for which application threads were stopped: 0.0000435 seconds, Stopping threads took: 0.0000125 seconds
2020-05-19T11:33:38.604+0000: 3375.540: Total time for which application threads were stopped: 0.0001100 seconds, Stopping threads took: 0.0000489 seconds
2020-05-19T11:33:42.605+0000: 3379.542: Total time for which application threads were stopped: 0.0001195 seconds, Stopping threads took: 0.0000542 seconds
2020-05-19T11:33:43.634+0000: 3380.571: Total time for which application threads were stopped: 0.0002082 seconds, Stopping threads took: 0.0001294 seconds
2020-05-19T11:33:43.644+0000: 3380.581: Total time for which application threads were stopped: 0.0001004 seconds, Stopping threads took: 0.0000437 seconds
2020-05-19T11:33:43.645+0000: 3380.582: Total time for which application threads were stopped: 0.0001018 seconds, Stopping threads took: 0.0000414 seconds
2020-05-19T11:33:43.648+0000: 3380.585: Total time for which application threads were stopped: 0.0001830 seconds, Stopping threads took: 0.0000723 seconds
2020-05-19T11:33:43.648+0000: 3380.586: Total time for which application threads were stopped: 0.0001917 seconds, Stopping threads took: 0.0000638 seconds
{Heap before GC invocations=56 (full 3):
 par new generation   total 109248K, used 109248K [0x00000000e0000000, 0x00000000e8000000, 0x00000000e8000000)
  eden space 87424K, 100% used [0x00000000e0000000, 0x00000000e5560000, 0x00000000e5560000)
  from space 21824K, 100% used [0x00000000e5560000, 0x00000000e6ab0000, 0x00000000e6ab0000)
  to   space 21824K,   0% used [0x00000000e6ab0000, 0x00000000e6ab0000, 0x00000000e8000000)
 concurrent mark-sweep generation total 393216K, used 169533K [0x00000000e8000000, 0x0000000100000000, 0x0000000100000000)
 Metaspace       used 54897K, capacity 56686K, committed 56852K, reserved 1099776K
  class space    used 6560K, capacity 6958K, committed 6976K, reserved 1048576K
2020-05-19T11:33:43.737+0000: 3380.674: [GC (Allocation Failure) 2020-05-19T11:33:43.737+0000: 3380.674: [ParNew
Desired survivor size 20112992 bytes, new threshold 8 (max 8)
- age   1:    6706824 bytes,    6706824 total
- age   2:    2651832 bytes,    9358656 total
- age   3:    2557736 bytes,   11916392 total
- age   4:    3151384 bytes,   15067776 total
- age   5:    4779776 bytes,   19847552 total
: 109248K->21824K(109248K), 0.0167135 secs] 278781K->197748K(502464K), 0.0168345 secs] [Times: user=0.06 sys=0.00, real=0.02 secs] 
Heap after GC invocations=57 (full 3):
 par new generation   total 109248K, used 21824K [0x00000000e0000000, 0x00000000e8000000, 0x00000000e8000000)
  eden space 87424K,   0% used [0x00000000e0000000, 0x00000000e0000000, 0x00000000e5560000)
  from space 21824K, 100% used [0x00000000e6ab0000, 0x00000000e8000000, 0x00000000e8000000)
  to   space 21824K,   0% used [0x00000000e5560000, 0x00000000e5560000, 0x00000000e6ab0000)
 concurrent mark-sweep generation total 393216K, used 175924K [0x00000000e8000000, 0x0000000100000000, 0x0000000100000000)
 Metaspace       used 54897K, capacity 56686K, committed 56852K, reserved 1099776K
  class space    used 6560K, capacity 6958K, committed 6976K, reserved 1048576K
}
2020-05-19T11:33:43.754+0000: 3380.691: Total time for which application threads were stopped: 0.0172273 seconds, Stopping threads took: 0.0001142 seconds
2020-05-19T11:33:43.754+0000: 3380.691: Total time for which application threads were stopped: 0.0001797 seconds, Stopping threads took: 0.0000649 seconds
2020-05-19T11:33:43.755+0000: 3380.692: Total time for which application threads were stopped: 0.0001934 seconds, Stopping threads took: 0.0000479 seconds
2020-05-19T11:33:43.789+0000: 3380.726: Total time for which application threads were stopped: 0.0002149 seconds, Stopping threads took: 0.0000924 seconds
2020-05-19T11:33:44.282+0000: 3381.219: Total time for which application threads were stopped: 0.0001098 seconds, Stopping threads took: 0.0000497 seconds
2020-05-19T11:33:44.284+0000: 3381.221: Total time for which application threads were stopped: 0.0002470 seconds, Stopping threads took: 0.0000820 seconds
2020-05-19T11:33:44.284+0000: 3381.221: Total time for which application threads were stopped: 0.0000829 seconds, Stopping threads took: 0.0000431 seconds
2020-05-19T11:33:44.284+0000: 3381.221: Total time for which application threads were stopped: 0.0000547 seconds, Stopping threads took: 0.0000295 seconds
2020-05-19T11:33:44.284+0000: 3381.221: Total time for which application threads were stopped: 0.0000357 seconds, Stopping threads took: 0.0000113 seconds
2020-05-19T11:33:53.039+0000: 3389.976: Total time for which application threads were stopped: 0.0004148 seconds, Stopping threads took: 0.0002819 seconds
2020-05-19T11:33:53.044+0000: 3389.980: Total time for which application threads were stopped: 0.0002396 seconds, Stopping threads took: 0.0000731 seconds
2020-05-19T11:33:53.044+0000: 3389.981: Total time for which application threads were stopped: 0.0002184 seconds, Stopping threads took: 0.0001226 seconds
2020-05-19T11:33:53.058+0000: 3389.995: Total time for which application threads were stopped: 0.0003566 seconds, Stopping threads took: 0.0000611 seconds
2020-05-19T11:33:53.060+0000: 3389.996: Total time for which application threads were stopped: 0.0001355 seconds, Stopping threads took: 0.0000600 seconds
2020-05-19T11:33:53.190+0000: 3390.127: Total time for which application threads were stopped: 0.0008993 seconds, Stopping threads took: 0.0002378 seconds
2020-05-19T11:33:54.191+0000: 3391.128: Total time for which application threads were stopped: 0.0001429 seconds, Stopping threads took: 0.0000551 seconds
2020-05-19T11:33:54.241+0000: 3391.178: Total time for which application threads were stopped: 0.0001446 seconds, Stopping threads took: 0.0000756 seconds
2020-05-19T11:33:54.241+0000: 3391.178: Total time for which application threads were stopped: 0.0000907 seconds, Stopping threads took: 0.0000441 seconds
2020-05-19T11:33:54.242+0000: 3391.178: Total time for which application threads were stopped: 0.0000885 seconds, Stopping threads took: 0.0000446 seconds
2020-05-19T11:33:54.242+0000: 3391.179: Total time for which application threads were stopped: 0.0001388 seconds, Stopping threads took: 0.0000517 seconds
2020-05-19T11:33:54.243+0000: 3391.180: Total time for which application threads were stopped: 0.0001181 seconds, Stopping threads took: 0.0000683 seconds
2020-05-19T11:33:54.243+0000: 3391.180: Total time for which application threads were stopped: 0.0000661 seconds, Stopping threads took: 0.0000335 seconds
2020-05-19T11:33:54.243+0000: 3391.180: Total time for which application threads were stopped: 0.0000643 seconds, Stopping threads took: 0.0000331 seconds
2020-05-19T11:33:55.243+0000: 3392.180: Total time for which application threads were stopped: 0.0001160 seconds, Stopping threads took: 0.0000549 seconds
2020-05-19T11:34:08.060+0000: 3404.997: Total time for which application threads were stopped: 0.0002414 seconds, Stopping threads took: 0.0000267 seconds
2020-05-19T11:35:48.953+0000: 3505.891: Total time for which application threads were stopped: 0.0002749 seconds, Stopping threads took: 0.0001792 seconds
2020-05-19T11:35:48.957+0000: 3505.895: Total time for which application threads were stopped: 0.0003641 seconds, Stopping threads took: 0.0002005 seconds
2020-05-19T11:35:48.974+0000: 3505.911: Total time for which application threads were stopped: 0.0001484 seconds, Stopping threads took: 0.0000533 seconds
2020-05-19T11:35:48.977+0000: 3505.915: Total time for which application threads were stopped: 0.0000997 seconds, Stopping threads took: 0.0000339 seconds
{Heap before GC invocations=57 (full 3):
 par new generation   total 109248K, used 109248K [0x00000000e0000000, 0x00000000e8000000, 0x00000000e8000000)
  eden space 87424K, 100% used [0x00000000e0000000, 0x00000000e5560000, 0x00000000e5560000)
  from space 21824K, 100% used [0x00000000e6ab0000, 0x00000000e8000000, 0x00000000e8000000)
  to   space 21824K,   0% used [0x00000000e5560000, 0x00000000e5560000, 0x00000000e6ab0000)
 concurrent mark-sweep generation total 393216K, used 175924K [0x00000000e8000000, 0x0000000100000000, 0x0000000100000000)
 Metaspace       used 54955K, capacity 56686K, committed 56852K, reserved 1099776K
  class space    used 6560K, capacity 6958K, committed 6976K, reserved 1048576K
2020-05-19T11:35:49.058+0000: 3505.995: [GC (Allocation Failure) 2020-05-19T11:35:49.058+0000: 3505.995: [ParNew
Desired survivor size 20112992 bytes, new threshold 6 (max 8)
- age   1:    5721624 bytes,    5721624 total
- age   2:    2507736 bytes,    8229360 total
- age   3:    2622272 bytes,   10851632 total
- age   4:    2473032 bytes,   13324664 total
- age   5:    3151384 bytes,   16476048 total
- age   6:    4779656 bytes,   21255704 total
: 109248K->21824K(109248K), 0.0122834 secs] 285172K->200105K(502464K), 0.0124014 secs] [Times: user=0.00 sys=0.00, real=0.01 secs] 
Heap after GC invocations=58 (full 3):
 par new generation   total 109248K, used 21824K [0x00000000e0000000, 0x00000000e8000000, 0x00000000e8000000)
  eden space 87424K,   0% used [0x00000000e0000000, 0x00000000e0000000, 0x00000000e5560000)
  from space 21824K, 100% used [0x00000000e5560000, 0x00000000e6ab0000, 0x00000000e6ab0000)
  to   space 21824K,   0% used [0x00000000e6ab0000, 0x00000000e6ab0000, 0x00000000e8000000)
 concurrent mark-sweep generation total 393216K, used 178281K [0x00000000e8000000, 0x0000000100000000, 0x0000000100000000)
 Metaspace       used 54955K, capacity 56686K, committed 56852K, reserved 1099776K
  class space    used 6560K, capacity 6958K, committed 6976K, reserved 1048576K
}
2020-05-19T11:35:49.070+0000: 3506.008: Total time for which application threads were stopped: 0.0127045 seconds, Stopping threads took: 0.0000566 seconds
2020-05-19T11:35:49.071+0000: 3506.008: Total time for which application threads were stopped: 0.0001399 seconds, Stopping threads took: 0.0000721 seconds
2020-05-19T11:35:49.071+0000: 3506.008: Total time for which application threads were stopped: 0.0001244 seconds, Stopping threads took: 0.0000719 seconds
2020-05-19T11:35:49.071+0000: 3506.008: Total time for which application threads were stopped: 0.0000954 seconds, Stopping threads took: 0.0000609 seconds
2020-05-19T11:35:49.071+0000: 3506.008: Total time for which application threads were stopped: 0.0001366 seconds, Stopping threads took: 0.0000528 seconds
2020-05-19T11:35:49.100+0000: 3506.037: Total time for which application threads were stopped: 0.0001219 seconds, Stopping threads took: 0.0000476 seconds
{Heap before GC invocations=58 (full 3):
 par new generation   total 109248K, used 109248K [0x00000000e0000000, 0x00000000e8000000, 0x00000000e8000000)
  eden space 87424K, 100% used [0x00000000e0000000, 0x00000000e5560000, 0x00000000e5560000)
  from space 21824K, 100% used [0x00000000e5560000, 0x00000000e6ab0000, 0x00000000e6ab0000)
  to   space 21824K,   0% used [0x00000000e6ab0000, 0x00000000e6ab0000, 0x00000000e8000000)
 concurrent mark-sweep generation total 393216K, used 178281K [0x00000000e8000000, 0x0000000100000000, 0x0000000100000000)
 Metaspace       used 54955K, capacity 56686K, committed 56852K, reserved 1099776K
  class space    used 6560K, capacity 6958K, committed 6976K, reserved 1048576K
2020-05-19T11:35:49.281+0000: 3506.218: [GC (Allocation Failure) 2020-05-19T11:35:49.281+0000: 3506.218: [ParNew
Desired survivor size 20112992 bytes, new threshold 6 (max 8)
- age   1:    5539944 bytes,    5539944 total
- age   2:    4389976 bytes,    9929920 total
- age   3:    2290400 bytes,   12220320 total
- age   4:    2622272 bytes,   14842592 total
- age   5:    2472888 bytes,   17315480 total
- age   6:    3151384 bytes,   20466864 total
: 109248K->21824K(109248K), 0.0173974 secs] 287529K->209662K(502464K), 0.0175016 secs] [Times: user=0.01 sys=0.00, real=0.02 secs] 
Heap after GC invocations=59 (full 3):
 par new generation   total 109248K, used 21824K [0x00000000e0000000, 0x00000000e8000000, 0x00000000e8000000)
  eden space 87424K,   0% used [0x00000000e0000000, 0x00000000e0000000, 0x00000000e5560000)
  from space 21824K, 100% used [0x00000000e6ab0000, 0x00000000e8000000, 0x00000000e8000000)
  to   space 21824K,   0% used [0x00000000e5560000, 0x00000000e5560000, 0x00000000e6ab0000)
 concurrent mark-sweep generation total 393216K, used 187838K [0x00000000e8000000, 0x0000000100000000, 0x0000000100000000)
 Metaspace       used 54955K, capacity 56686K, committed 56852K, reserved 1099776K
  class space    used 6560K, capacity 6958K, committed 6976K, reserved 1048576K
}
2020-05-19T11:35:49.299+0000: 3506.235: Total time for which application threads were stopped: 0.0178549 seconds, Stopping threads took: 0.0000826 seconds
2020-05-19T11:35:49.299+0000: 3506.236: Total time for which application threads were stopped: 0.0001703 seconds, Stopping threads took: 0.0000570 seconds
2020-05-19T11:35:49.299+0000: 3506.236: Total time for which application threads were stopped: 0.0001136 seconds, Stopping threads took: 0.0000276 seconds
2020-05-19T11:35:49.300+0000: 3506.236: Total time for which application threads were stopped: 0.0000870 seconds, Stopping threads took: 0.0000361 seconds
2020-05-19T11:35:49.300+0000: 3506.236: Total time for which application threads were stopped: 0.0000785 seconds, Stopping threads took: 0.0000318 seconds
{Heap before GC invocations=59 (full 3):
 par new generation   total 109248K, used 109248K [0x00000000e0000000, 0x00000000e8000000, 0x00000000e8000000)
  eden space 87424K, 100% used [0x00000000e0000000, 0x00000000e5560000, 0x00000000e5560000)
  from space 21824K, 100% used [0x00000000e6ab0000, 0x00000000e8000000, 0x00000000e8000000)
  to   space 21824K,   0% used [0x00000000e5560000, 0x00000000e5560000, 0x00000000e6ab0000)
 concurrent mark-sweep generation total 393216K, used 187838K [0x00000000e8000000, 0x0000000100000000, 0x0000000100000000)
 Metaspace       used 54957K, capacity 56686K, committed 56852K, reserved 1099776K
  class space    used 6560K, capacity 6958K, committed 6976K, reserved 1048576K
2020-05-19T11:35:49.436+0000: 3506.373: [GC (Allocation Failure) 2020-05-19T11:35:49.436+0000: 3506.373: [ParNew
Desired survivor size 20112992 bytes, new threshold 6 (max 8)
- age   1:    6632064 bytes,    6632064 total
- age   2:    3437752 bytes,   10069816 total
- age   3:    4328336 bytes,   14398152 total
- age   4:    2290256 bytes,   16688408 total
- age   5:    2622272 bytes,   19310680 total
- age   6:    2472888 bytes,   21783568 total
: 109248K->21824K(109248K), 0.0163757 secs] 297086K->215014K(502464K), 0.0164460 secs] [Times: user=0.06 sys=0.00, real=0.02 secs] 
Heap after GC invocations=60 (full 3):
 par new generation   total 109248K, used 21824K [0x00000000e0000000, 0x00000000e8000000, 0x00000000e8000000)
  eden space 87424K,   0% used [0x00000000e0000000, 0x00000000e0000000, 0x00000000e5560000)
  from space 21824K, 100% used [0x00000000e5560000, 0x00000000e6ab0000, 0x00000000e6ab0000)
  to   space 21824K,   0% used [0x00000000e6ab0000, 0x00000000e6ab0000, 0x00000000e8000000)
 concurrent mark-sweep generation total 393216K, used 193190K [0x00000000e8000000, 0x0000000100000000, 0x0000000100000000)
 Metaspace       used 54957K, capacity 56686K, committed 56852K, reserved 1099776K
  class space    used 6560K, capacity 6958K, committed 6976K, reserved 1048576K
}
2020-05-19T11:35:49.453+0000: 3506.390: Total time for which application threads were stopped: 0.0167082 seconds, Stopping threads took: 0.0000575 seconds
2020-05-19T11:35:49.453+0000: 3506.390: Total time for which application threads were stopped: 0.0001581 seconds, Stopping threads took: 0.0000658 seconds
2020-05-19T11:35:49.453+0000: 3506.390: Total time for which application threads were stopped: 0.0001724 seconds, Stopping threads took: 0.0000504 seconds
2020-05-19T11:35:50.157+0000: 3507.094: Total time for which application threads were stopped: 0.0001436 seconds, Stopping threads took: 0.0000562 seconds
2020-05-19T11:35:50.157+0000: 3507.094: Total time for which application threads were stopped: 0.0000922 seconds, Stopping threads took: 0.0000451 seconds
2020-05-19T11:35:50.157+0000: 3507.095: Total time for which application threads were stopped: 0.0001087 seconds, Stopping threads took: 0.0000400 seconds
2020-05-19T11:35:50.159+0000: 3507.096: Total time for which application threads were stopped: 0.0001194 seconds, Stopping threads took: 0.0000649 seconds
2020-05-19T11:35:50.159+0000: 3507.096: Total time for which application threads were stopped: 0.0000928 seconds, Stopping threads took: 0.0000435 seconds
2020-05-19T11:35:50.159+0000: 3507.096: Total time for which application threads were stopped: 0.0000723 seconds, Stopping threads took: 0.0000391 seconds
2020-05-19T11:35:50.159+0000: 3507.097: Total time for which application threads were stopped: 0.0000857 seconds, Stopping threads took: 0.0000538 seconds
2020-05-19T11:35:51.159+0000: 3508.096: Total time for which application threads were stopped: 0.0001037 seconds, Stopping threads took: 0.0000455 seconds
2020-05-19T11:35:55.734+0000: 3512.671: Total time for which application threads were stopped: 0.0001828 seconds, Stopping threads took: 0.0001230 seconds
2020-05-19T11:35:55.740+0000: 3512.676: Total time for which application threads were stopped: 0.0001771 seconds, Stopping threads took: 0.0000688 seconds
2020-05-19T11:35:55.741+0000: 3512.677: Total time for which application threads were stopped: 0.0001297 seconds, Stopping threads took: 0.0000490 seconds
2020-05-19T11:35:55.851+0000: 3512.787: Total time for which application threads were stopped: 0.0002264 seconds, Stopping threads took: 0.0000733 seconds
{Heap before GC invocations=60 (full 3):
 par new generation   total 109248K, used 109248K [0x00000000e0000000, 0x00000000e8000000, 0x00000000e8000000)
  eden space 87424K, 100% used [0x00000000e0000000, 0x00000000e5560000, 0x00000000e5560000)
  from space 21824K, 100% used [0x00000000e5560000, 0x00000000e6ab0000, 0x00000000e6ab0000)
  to   space 21824K,   0% used [0x00000000e6ab0000, 0x00000000e6ab0000, 0x00000000e8000000)
 concurrent mark-sweep generation total 393216K, used 193190K [0x00000000e8000000, 0x0000000100000000, 0x0000000100000000)
 Metaspace       used 54988K, capacity 56698K, committed 56852K, reserved 1099776K
  class space    used 6560K, capacity 6958K, committed 6976K, reserved 1048576K
2020-05-19T11:35:55.887+0000: 3512.824: [GC (Allocation Failure) 2020-05-19T11:35:55.887+0000: 3512.824: [ParNew
Desired survivor size 20112992 bytes, new threshold 6 (max 8)
- age   1:    6229128 bytes,    6229128 total
- age   2:    3754816 bytes,    9983944 total
- age   3:    3101648 bytes,   13085592 total
- age   4:    4192832 bytes,   17278424 total
- age   5:    2289856 bytes,   19568280 total
- age   6:    2622272 bytes,   22190552 total
: 109248K->21824K(109248K), 0.0149437 secs] 302438K->220589K(502464K), 0.0150390 secs] [Times: user=0.06 sys=0.00, real=0.01 secs] 
Heap after GC invocations=61 (full 3):
 par new generation   total 109248K, used 21824K [0x00000000e0000000, 0x00000000e8000000, 0x00000000e8000000)
  eden space 87424K,   0% used [0x00000000e0000000, 0x00000000e0000000, 0x00000000e5560000)
  from space 21824K, 100% used [0x00000000e6ab0000, 0x00000000e8000000, 0x00000000e8000000)
  to   space 21824K,   0% used [0x00000000e5560000, 0x00000000e5560000, 0x00000000e6ab0000)
 concurrent mark-sweep generation total 393216K, used 198765K [0x00000000e8000000, 0x0000000100000000, 0x0000000100000000)
 Metaspace       used 54988K, capacity 56698K, committed 56852K, reserved 1099776K
  class space    used 6560K, capacity 6958K, committed 6976K, reserved 1048576K
}
2020-05-19T11:35:55.902+0000: 3512.839: Total time for which application threads were stopped: 0.0153011 seconds, Stopping threads took: 0.0000637 seconds
2020-05-19T11:35:55.902+0000: 3512.839: [GC (CMS Initial Mark) [1 CMS-initial-mark: 198765K(393216K)] 220589K(502464K), 0.0050100 secs] [Times: user=0.00 sys=0.00, real=0.01 secs] 
2020-05-19T11:35:55.907+0000: 3512.844: Total time for which application threads were stopped: 0.0052233 seconds, Stopping threads took: 0.0000692 seconds
2020-05-19T11:35:55.907+0000: 3512.844: [CMS-concurrent-mark-start]
2020-05-19T11:35:55.908+0000: 3512.845: Total time for which application threads were stopped: 0.0001748 seconds, Stopping threads took: 0.0000619 seconds
2020-05-19T11:35:55.908+0000: 3512.845: Total time for which application threads were stopped: 0.0001649 seconds, Stopping threads took: 0.0000633 seconds
2020-05-19T11:35:55.935+0000: 3512.873: [CMS-concurrent-mark: 0.026/0.028 secs] [Times: user=0.13 sys=0.00, real=0.03 secs] 
2020-05-19T11:35:55.936+0000: 3512.873: [CMS-concurrent-preclean-start]
2020-05-19T11:35:55.937+0000: 3512.874: [CMS-concurrent-preclean: 0.001/0.001 secs] [Times: user=0.00 sys=0.00, real=0.00 secs] 
2020-05-19T11:35:55.937+0000: 3512.874: [CMS-concurrent-abortable-preclean-start]
{Heap before GC invocations=61 (full 4):
 par new generation   total 109248K, used 109248K [0x00000000e0000000, 0x00000000e8000000, 0x00000000e8000000)
  eden space 87424K, 100% used [0x00000000e0000000, 0x00000000e5560000, 0x00000000e5560000)
  from space 21824K, 100% used [0x00000000e6ab0000, 0x00000000e8000000, 0x00000000e8000000)
  to   space 21824K,   0% used [0x00000000e5560000, 0x00000000e5560000, 0x00000000e6ab0000)
 concurrent mark-sweep generation total 393216K, used 198765K [0x00000000e8000000, 0x0000000100000000, 0x0000000100000000)
 Metaspace       used 54989K, capacity 56698K, committed 56852K, reserved 1099776K
  class space    used 6560K, capacity 6958K, committed 6976K, reserved 1048576K
2020-05-19T11:35:56.080+0000: 3513.017: [GC (Allocation Failure) 2020-05-19T11:35:56.080+0000: 3513.017: [ParNew
Desired survivor size 20112992 bytes, new threshold 6 (max 8)
- age   1:    5569040 bytes,    5569040 total
- age   2:    3159152 bytes,    8728192 total
- age   3:    3753608 bytes,   12481800 total
- age   4:    3018976 bytes,   15500776 total
- age   5:    4191064 bytes,   19691840 total
- age   6:    2281832 bytes,   21973672 total
: 109248K->21824K(109248K), 0.0218243 secs] 308013K->229811K(502464K), 0.0219159 secs] [Times: user=0.09 sys=0.00, real=0.02 secs] 
Heap after GC invocations=62 (full 4):
 par new generation   total 109248K, used 21824K [0x00000000e0000000, 0x00000000e8000000, 0x00000000e8000000)
  eden space 87424K,   0% used [0x00000000e0000000, 0x00000000e0000000, 0x00000000e5560000)
  from space 21824K, 100% used [0x00000000e5560000, 0x00000000e6ab0000, 0x00000000e6ab0000)
  to   space 21824K,   0% used [0x00000000e6ab0000, 0x00000000e6ab0000, 0x00000000e8000000)
 concurrent mark-sweep generation total 393216K, used 207987K [0x00000000e8000000, 0x0000000100000000, 0x0000000100000000)
 Metaspace       used 54989K, capacity 56698K, committed 56852K, reserved 1099776K
  class space    used 6560K, capacity 6958K, committed 6976K, reserved 1048576K
}
2020-05-19T11:35:56.102+0000: 3513.039: Total time for which application threads were stopped: 0.0221998 seconds, Stopping threads took: 0.0000651 seconds
2020-05-19T11:35:56.102+0000: 3513.039: Total time for which application threads were stopped: 0.0001563 seconds, Stopping threads took: 0.0000499 seconds
2020-05-19T11:35:56.102+0000: 3513.039: Total time for which application threads were stopped: 0.0002092 seconds, Stopping threads took: 0.0000195 seconds
2020-05-19T11:35:56.172+0000: 3513.109: [CMS-concurrent-abortable-preclean: 0.139/0.235 secs] [Times: user=0.59 sys=0.00, real=0.23 secs] 
2020-05-19T11:35:56.173+0000: 3513.110: [GC (CMS Final Remark) [YG occupancy: 69513 K (109248 K)]2020-05-19T11:35:56.173+0000: 3513.110: [Rescan (parallel) , 0.0123505 secs]2020-05-19T11:35:56.185+0000: 3513.122: [weak refs processing, 0.0020340 secs]2020-05-19T11:35:56.187+0000: 3513.124: [class unloading, 0.0124936 secs]2020-05-19T11:35:56.200+0000: 3513.136: [scrub symbol table, 0.0098532 secs]2020-05-19T11:35:56.210+0000: 3513.146: [scrub string table, 0.0006182 secs][1 CMS-remark: 207987K(393216K)] 277501K(502464K), 0.0376907 secs] [Times: user=0.08 sys=0.00, real=0.04 secs] 
2020-05-19T11:35:56.210+0000: 3513.147: Total time for which application threads were stopped: 0.0378841 seconds, Stopping threads took: 0.0000537 seconds
2020-05-19T11:35:56.210+0000: 3513.147: [CMS-concurrent-sweep-start]
{Heap before GC invocations=62 (full 4):
 par new generation   total 109248K, used 69513K [0x00000000e0000000, 0x00000000e8000000, 0x00000000e8000000)
  eden space 87424K,  54% used [0x00000000e0000000, 0x00000000e2e926f0, 0x00000000e5560000)
  from space 21824K, 100% used [0x00000000e5560000, 0x00000000e6ab0000, 0x00000000e6ab0000)
  to   space 21824K,   0% used [0x00000000e6ab0000, 0x00000000e6ab0000, 0x00000000e8000000)
 concurrent mark-sweep generation total 393216K, used 207987K [0x00000000e8000000, 0x0000000100000000, 0x0000000100000000)
 Metaspace       used 54999K, capacity 56762K, committed 56852K, reserved 1099776K
  class space    used 6560K, capacity 6958K, committed 6976K, reserved 1048576K
2020-05-19T11:35:56.211+0000: 3513.147: [GC (GCLocker Initiated GC) 2020-05-19T11:35:56.211+0000: 3513.147: [ParNew
Desired survivor size 20112992 bytes, new threshold 6 (max 8)
- age   1:    5441088 bytes,    5441088 total
- age   2:    2764672 bytes,    8205760 total
- age   3:    3100608 bytes,   11306368 total
- age   4:    3752208 bytes,   15058576 total
- age   5:    2542720 bytes,   17601296 total
- age   6:    4145072 bytes,   21746368 total
: 69513K->21824K(109248K), 0.0127448 secs] 277501K->232441K(502464K), 0.0128194 secs] [Times: user=0.06 sys=0.00, real=0.01 secs] 
Heap after GC invocations=63 (full 4):
 par new generation   total 109248K, used 21824K [0x00000000e0000000, 0x00000000e8000000, 0x00000000e8000000)
  eden space 87424K,   0% used [0x00000000e0000000, 0x00000000e0000000, 0x00000000e5560000)
  from space 21824K, 100% used [0x00000000e6ab0000, 0x00000000e8000000, 0x00000000e8000000)
  to   space 21824K,   0% used [0x00000000e5560000, 0x00000000e5560000, 0x00000000e6ab0000)
 concurrent mark-sweep generation total 393216K, used 210617K [0x00000000e8000000, 0x0000000100000000, 0x0000000100000000)
 Metaspace       used 54999K, capacity 56762K, committed 56852K, reserved 1099776K
  class space    used 6560K, capacity 6958K, committed 6976K, reserved 1048576K
}
2020-05-19T11:35:56.224+0000: 3513.160: Total time for which application threads were stopped: 0.0130943 seconds, Stopping threads took: 0.0000579 seconds
2020-05-19T11:35:56.225+0000: 3513.161: Total time for which application threads were stopped: 0.0002134 seconds, Stopping threads took: 0.0000723 seconds
2020-05-19T11:35:56.235+0000: 3513.172: Total time for which application threads were stopped: 0.0003707 seconds, Stopping threads took: 0.0002169 seconds
2020-05-19T11:35:56.235+0000: 3513.172: Total time for which application threads were stopped: 0.0001017 seconds, Stopping threads took: 0.0000359 seconds
2020-05-19T11:35:56.235+0000: 3513.172: Total time for which application threads were stopped: 0.0000944 seconds, Stopping threads took: 0.0000447 seconds
2020-05-19T11:35:56.236+0000: 3513.172: Total time for which application threads were stopped: 0.0000852 seconds, Stopping threads took: 0.0000413 seconds
2020-05-19T11:35:56.236+0000: 3513.173: Total time for which application threads were stopped: 0.0000852 seconds, Stopping threads took: 0.0000477 seconds
2020-05-19T11:35:56.236+0000: 3513.173: Total time for which application threads were stopped: 0.0000741 seconds, Stopping threads took: 0.0000398 seconds
2020-05-19T11:35:56.236+0000: 3513.173: Total time for which application threads were stopped: 0.0000798 seconds, Stopping threads took: 0.0000442 seconds
2020-05-19T11:35:56.237+0000: 3513.173: Total time for which application threads were stopped: 0.0000692 seconds, Stopping threads took: 0.0000371 seconds
2020-05-19T11:35:56.237+0000: 3513.174: Total time for which application threads were stopped: 0.0000783 seconds, Stopping threads took: 0.0000436 seconds
2020-05-19T11:35:56.237+0000: 3513.174: Total time for which application threads were stopped: 0.0000837 seconds, Stopping threads took: 0.0000399 seconds
2020-05-19T11:35:56.237+0000: 3513.174: Total time for which application threads were stopped: 0.0001957 seconds, Stopping threads took: 0.0000408 seconds
2020-05-19T11:35:56.238+0000: 3513.174: Total time for which application threads were stopped: 0.0003522 seconds, Stopping threads took: 0.0000412 seconds
2020-05-19T11:35:56.317+0000: 3513.255: [CMS-concurrent-sweep: 0.105/0.107 secs] [Times: user=0.27 sys=0.03, real=0.11 secs] 
2020-05-19T11:35:56.317+0000: 3513.255: [CMS-concurrent-reset-start]
2020-05-19T11:35:56.318+0000: 3513.256: [CMS-concurrent-reset: 0.001/0.001 secs] [Times: user=0.00 sys=0.00, real=0.00 secs] 
2020-05-19T11:35:56.906+0000: 3513.844: Total time for which application threads were stopped: 0.0002756 seconds, Stopping threads took: 0.0000785 seconds
2020-05-19T11:35:56.906+0000: 3513.844: Total time for which application threads were stopped: 0.0000898 seconds, Stopping threads took: 0.0000483 seconds
2020-05-19T11:35:56.907+0000: 3513.845: Total time for which application threads were stopped: 0.0001256 seconds, Stopping threads took: 0.0000466 seconds
2020-05-19T11:35:56.908+0000: 3513.846: Total time for which application threads were stopped: 0.0001511 seconds, Stopping threads took: 0.0000787 seconds
2020-05-19T11:35:56.909+0000: 3513.846: Total time for which application threads were stopped: 0.0001066 seconds, Stopping threads took: 0.0000453 seconds
2020-05-19T11:35:56.909+0000: 3513.846: Total time for which application threads were stopped: 0.0001011 seconds, Stopping threads took: 0.0000513 seconds
2020-05-19T11:35:56.909+0000: 3513.846: Total time for which application threads were stopped: 0.0001089 seconds, Stopping threads took: 0.0000531 seconds
2020-05-19T11:35:56.909+0000: 3513.847: Total time for which application threads were stopped: 0.0002170 seconds, Stopping threads took: 0.0000574 seconds
2020-05-19T11:35:57.910+0000: 3514.847: Total time for which application threads were stopped: 0.0001377 seconds, Stopping threads took: 0.0000486 seconds
2020-05-19T11:36:07.299+0000: 3524.236: Total time for which application threads were stopped: 0.0003830 seconds, Stopping threads took: 0.0003063 seconds
2020-05-19T11:36:07.313+0000: 3524.250: Total time for which application threads were stopped: 0.0002444 seconds, Stopping threads took: 0.0000702 seconds
2020-05-19T11:36:07.314+0000: 3524.252: Total time for which application threads were stopped: 0.0001695 seconds, Stopping threads took: 0.0000539 seconds
2020-05-19T11:36:07.315+0000: 3524.252: Total time for which application threads were stopped: 0.0001791 seconds, Stopping threads took: 0.0000733 seconds
2020-05-19T11:36:07.426+0000: 3524.363: Total time for which application threads were stopped: 0.0001924 seconds, Stopping threads took: 0.0000531 seconds
{Heap before GC invocations=63 (full 4):
 par new generation   total 109248K, used 109248K [0x00000000e0000000, 0x00000000e8000000, 0x00000000e8000000)
  eden space 87424K, 100% used [0x00000000e0000000, 0x00000000e5560000, 0x00000000e5560000)
  from space 21824K, 100% used [0x00000000e6ab0000, 0x00000000e8000000, 0x00000000e8000000)
  to   space 21824K,   0% used [0x00000000e5560000, 0x00000000e5560000, 0x00000000e6ab0000)
 concurrent mark-sweep generation total 393216K, used 69688K [0x00000000e8000000, 0x0000000100000000, 0x0000000100000000)
 Metaspace       used 54958K, capacity 56744K, committed 56852K, reserved 1099776K
  class space    used 6553K, capacity 6949K, committed 6976K, reserved 1048576K
2020-05-19T11:36:07.476+0000: 3524.412: [GC (Allocation Failure) 2020-05-19T11:36:07.476+0000: 3524.412: [ParNew
Desired survivor size 20112992 bytes, new threshold 6 (max 8)
- age   1:    6907632 bytes,    6907632 total
- age   2:    3846560 bytes,   10754192 total
- age   3:    2409424 bytes,   13163616 total
- age   4:    2576936 bytes,   15740552 total
- age   5:    3752208 bytes,   19492760 total
- age   6:    2131720 bytes,   21624480 total
: 109248K->21824K(109248K), 0.0198778 secs] 178936K->100089K(502464K), 0.0199813 secs] [Times: user=0.13 sys=0.00, real=0.02 secs] 
Heap after GC invocations=64 (full 4):
 par new generation   total 109248K, used 21824K [0x00000000e0000000, 0x00000000e8000000, 0x00000000e8000000)
  eden space 87424K,   0% used [0x00000000e0000000, 0x00000000e0000000, 0x00000000e5560000)
  from space 21824K, 100% used [0x00000000e5560000, 0x00000000e6ab0000, 0x00000000e6ab0000)
  to   space 21824K,   0% used [0x00000000e6ab0000, 0x00000000e6ab0000, 0x00000000e8000000)
 concurrent mark-sweep generation total 393216K, used 78265K [0x00000000e8000000, 0x0000000100000000, 0x0000000100000000)
 Metaspace       used 54958K, capacity 56744K, committed 56852K, reserved 1099776K
  class space    used 6553K, capacity 6949K, committed 6976K, reserved 1048576K
}
2020-05-19T11:36:07.496+0000: 3524.432: Total time for which application threads were stopped: 0.0203278 seconds, Stopping threads took: 0.0000865 seconds
2020-05-19T11:36:07.496+0000: 3524.433: Total time for which application threads were stopped: 0.0001711 seconds, Stopping threads took: 0.0000591 seconds
2020-05-19T11:36:07.497+0000: 3524.433: Total time for which application threads were stopped: 0.0001612 seconds, Stopping threads took: 0.0000508 seconds
{Heap before GC invocations=64 (full 4):
 par new generation   total 109248K, used 109248K [0x00000000e0000000, 0x00000000e8000000, 0x00000000e8000000)
  eden space 87424K, 100% used [0x00000000e0000000, 0x00000000e5560000, 0x00000000e5560000)
  from space 21824K, 100% used [0x00000000e5560000, 0x00000000e6ab0000, 0x00000000e6ab0000)
  to   space 21824K,   0% used [0x00000000e6ab0000, 0x00000000e6ab0000, 0x00000000e8000000)
 concurrent mark-sweep generation total 393216K, used 78265K [0x00000000e8000000, 0x0000000100000000, 0x0000000100000000)
 Metaspace       used 54958K, capacity 56744K, committed 56852K, reserved 1099776K
  class space    used 6553K, capacity 6949K, committed 6976K, reserved 1048576K
2020-05-19T11:36:07.696+0000: 3524.633: [GC (Allocation Failure) 2020-05-19T11:36:07.696+0000: 3524.634: [ParNew
Desired survivor size 20112992 bytes, new threshold 6 (max 8)
- age   1:    4674672 bytes,    4674672 total
- age   2:    5548760 bytes,   10223432 total
- age   3:    3247920 bytes,   13471352 total
- age   4:    2399952 bytes,   15871304 total
- age   5:    2576568 bytes,   18447872 total
- age   6:    3752208 bytes,   22200080 total
: 109248K->21824K(109248K), 0.0216887 secs] 187513K->110702K(502464K), 0.0217713 secs] [Times: user=0.06 sys=0.00, real=0.02 secs] 
Heap after GC invocations=65 (full 4):
 par new generation   total 109248K, used 21824K [0x00000000e0000000, 0x00000000e8000000, 0x00000000e8000000)
  eden space 87424K,   0% used [0x00000000e0000000, 0x00000000e0000000, 0x00000000e5560000)
  from space 21824K, 100% used [0x00000000e6ab0000, 0x00000000e8000000, 0x00000000e8000000)
  to   space 21824K,   0% used [0x00000000e5560000, 0x00000000e5560000, 0x00000000e6ab0000)
 concurrent mark-sweep generation total 393216K, used 88878K [0x00000000e8000000, 0x0000000100000000, 0x0000000100000000)
 Metaspace       used 54958K, capacity 56744K, committed 56852K, reserved 1099776K
  class space    used 6553K, capacity 6949K, committed 6976K, reserved 1048576K
}
2020-05-19T11:36:07.718+0000: 3524.655: Total time for which application threads were stopped: 0.0221495 seconds, Stopping threads took: 0.0000958 seconds
2020-05-19T11:36:07.719+0000: 3524.656: Total time for which application threads were stopped: 0.0003868 seconds, Stopping threads took: 0.0000624 seconds
2020-05-19T11:36:07.719+0000: 3524.656: Total time for which application threads were stopped: 0.0004360 seconds, Stopping threads took: 0.0001955 seconds
2020-05-19T11:36:08.720+0000: 3525.657: Total time for which application threads were stopped: 0.0002118 seconds, Stopping threads took: 0.0000710 seconds
2020-05-19T11:36:08.777+0000: 3525.714: Total time for which application threads were stopped: 0.0002372 seconds, Stopping threads took: 0.0001667 seconds
2020-05-19T11:36:08.777+0000: 3525.715: Total time for which application threads were stopped: 0.0001439 seconds, Stopping threads took: 0.0001014 seconds
2020-05-19T11:36:08.779+0000: 3525.716: Total time for which application threads were stopped: 0.0001210 seconds, Stopping threads took: 0.0000523 seconds
2020-05-19T11:36:08.779+0000: 3525.717: Total time for which application threads were stopped: 0.0001273 seconds, Stopping threads took: 0.0000408 seconds
2020-05-19T11:36:09.780+0000: 3526.717: Total time for which application threads were stopped: 0.0001159 seconds, Stopping threads took: 0.0000444 seconds
2020-05-19T11:36:17.551+0000: 3534.488: Total time for which application threads were stopped: 0.0003428 seconds, Stopping threads took: 0.0002818 seconds
2020-05-19T11:36:17.555+0000: 3534.492: Total time for which application threads were stopped: 0.0001893 seconds, Stopping threads took: 0.0001142 seconds
2020-05-19T11:36:17.557+0000: 3534.494: Total time for which application threads were stopped: 0.0002978 seconds, Stopping threads took: 0.0000650 seconds
2020-05-19T11:36:17.565+0000: 3534.502: Total time for which application threads were stopped: 0.0001354 seconds, Stopping threads took: 0.0000597 seconds
2020-05-19T11:36:17.567+0000: 3534.504: Total time for which application threads were stopped: 0.0001372 seconds, Stopping threads took: 0.0000591 seconds
{Heap before GC invocations=65 (full 4):
 par new generation   total 109248K, used 109248K [0x00000000e0000000, 0x00000000e8000000, 0x00000000e8000000)
  eden space 87424K, 100% used [0x00000000e0000000, 0x00000000e5560000, 0x00000000e5560000)
  from space 21824K, 100% used [0x00000000e6ab0000, 0x00000000e8000000, 0x00000000e8000000)
  to   space 21824K,   0% used [0x00000000e5560000, 0x00000000e5560000, 0x00000000e6ab0000)
 concurrent mark-sweep generation total 393216K, used 88878K [0x00000000e8000000, 0x0000000100000000, 0x0000000100000000)
 Metaspace       used 54990K, capacity 56808K, committed 56852K, reserved 1099776K
  class space    used 6553K, capacity 6949K, committed 6976K, reserved 1048576K
2020-05-19T11:36:17.625+0000: 3534.561: [GC (Allocation Failure) 2020-05-19T11:36:17.625+0000: 3534.561: [ParNew
Desired survivor size 20112992 bytes, new threshold 6 (max 8)
- age   1:    5321440 bytes,    5321440 total
- age   2:    3190816 bytes,    8512256 total
- age   3:    5198000 bytes,   13710256 total
- age   4:    3247920 bytes,   16958176 total
- age   5:    2399952 bytes,   19358128 total
- age   6:    2576176 bytes,   21934304 total
: 109248K->21824K(109248K), 0.0172009 secs] 198126K->116813K(502464K), 0.0173409 secs] [Times: user=0.05 sys=0.00, real=0.02 secs] 
Heap after GC invocations=66 (full 4):
 par new generation   total 109248K, used 21824K [0x00000000e0000000, 0x00000000e8000000, 0x00000000e8000000)
  eden space 87424K,   0% used [0x00000000e0000000, 0x00000000e0000000, 0x00000000e5560000)
  from space 21824K, 100% used [0x00000000e5560000, 0x00000000e6ab0000, 0x00000000e6ab0000)
  to   space 21824K,   0% used [0x00000000e6ab0000, 0x00000000e6ab0000, 0x00000000e8000000)
 concurrent mark-sweep generation total 393216K, used 94989K [0x00000000e8000000, 0x0000000100000000, 0x0000000100000000)
 Metaspace       used 54990K, capacity 56808K, committed 56852K, reserved 1099776K
  class space    used 6553K, capacity 6949K, committed 6976K, reserved 1048576K
}
2020-05-19T11:36:17.642+0000: 3534.579: Total time for which application threads were stopped: 0.0177374 seconds, Stopping threads took: 0.0001193 seconds
2020-05-19T11:36:17.642+0000: 3534.579: Total time for which application threads were stopped: 0.0001740 seconds, Stopping threads took: 0.0000860 seconds
2020-05-19T11:36:17.642+0000: 3534.579: Total time for which application threads were stopped: 0.0001456 seconds, Stopping threads took: 0.0000464 seconds
2020-05-19T11:36:17.719+0000: 3534.656: Total time for which application threads were stopped: 0.0001705 seconds, Stopping threads took: 0.0000623 seconds
{Heap before GC invocations=66 (full 4):
 par new generation   total 109248K, used 109248K [0x00000000e0000000, 0x00000000e8000000, 0x00000000e8000000)
  eden space 87424K, 100% used [0x00000000e0000000, 0x00000000e5560000, 0x00000000e5560000)
  from space 21824K, 100% used [0x00000000e5560000, 0x00000000e6ab0000, 0x00000000e6ab0000)
  to   space 21824K,   0% used [0x00000000e6ab0000, 0x00000000e6ab0000, 0x00000000e8000000)
 concurrent mark-sweep generation total 393216K, used 94989K [0x00000000e8000000, 0x0000000100000000, 0x0000000100000000)
 Metaspace       used 55001K, capacity 56808K, committed 56852K, reserved 1099776K
  class space    used 6553K, capacity 6949K, committed 6976K, reserved 1048576K
2020-05-19T11:36:17.829+0000: 3534.766: [GC (Allocation Failure) 2020-05-19T11:36:17.829+0000: 3534.766: [ParNew
Desired survivor size 20112992 bytes, new threshold 6 (max 8)
- age   1:    7698192 bytes,    7698192 total
- age   2:    1675224 bytes,    9373416 total
- age   3:    2803920 bytes,   12177336 total
- age   4:    4620240 bytes,   16797576 total
- age   5:    3247920 bytes,   20045496 total
- age   6:    2286288 bytes,   22331784 total
: 109248K->21824K(109248K), 0.0195176 secs] 204237K->125288K(502464K), 0.0196415 secs] [Times: user=0.05 sys=0.00, real=0.02 secs] 
Heap after GC invocations=67 (full 4):
 par new generation   total 109248K, used 21824K [0x00000000e0000000, 0x00000000e8000000, 0x00000000e8000000)
  eden space 87424K,   0% used [0x00000000e0000000, 0x00000000e0000000, 0x00000000e5560000)
  from space 21824K, 100% used [0x00000000e6ab0000, 0x00000000e8000000, 0x00000000e8000000)
  to   space 21824K,   0% used [0x00000000e5560000, 0x00000000e5560000, 0x00000000e6ab0000)
 concurrent mark-sweep generation total 393216K, used 103464K [0x00000000e8000000, 0x0000000100000000, 0x0000000100000000)
 Metaspace       used 55001K, capacity 56808K, committed 56852K, reserved 1099776K
  class space    used 6553K, capacity 6949K, committed 6976K, reserved 1048576K
}
2020-05-19T11:36:17.849+0000: 3534.786: Total time for which application threads were stopped: 0.0199997 seconds, Stopping threads took: 0.0000696 seconds
2020-05-19T11:36:17.850+0000: 3534.787: Total time for which application threads were stopped: 0.0003139 seconds, Stopping threads took: 0.0001984 seconds
2020-05-19T11:36:17.850+0000: 3534.787: Total time for which application threads were stopped: 0.0005689 seconds, Stopping threads took: 0.0004358 seconds
{Heap before GC invocations=67 (full 4):
 par new generation   total 109248K, used 109248K [0x00000000e0000000, 0x00000000e8000000, 0x00000000e8000000)
  eden space 87424K, 100% used [0x00000000e0000000, 0x00000000e5560000, 0x00000000e5560000)
  from space 21824K, 100% used [0x00000000e6ab0000, 0x00000000e8000000, 0x00000000e8000000)
  to   space 21824K,   0% used [0x00000000e5560000, 0x00000000e5560000, 0x00000000e6ab0000)
 concurrent mark-sweep generation total 393216K, used 103464K [0x00000000e8000000, 0x0000000100000000, 0x0000000100000000)
 Metaspace       used 55002K, capacity 56808K, committed 56852K, reserved 1099776K
  class space    used 6553K, capacity 6949K, committed 6976K, reserved 1048576K
2020-05-19T11:36:18.003+0000: 3534.940: [GC (Allocation Failure) 2020-05-19T11:36:18.003+0000: 3534.940: [ParNew
Desired survivor size 20112992 bytes, new threshold 6 (max 8)
- age   1:    4527248 bytes,    4527248 total
- age   2:    3245544 bytes,    7772792 total
- age   3:    1670888 bytes,    9443680 total
- age   4:    2803920 bytes,   12247600 total
- age   5:    4620240 bytes,   16867840 total
- age   6:    3247920 bytes,   20115760 total
: 109248K->21824K(109248K), 0.0148242 secs] 212712K->131261K(502464K), 0.0149350 secs] [Times: user=0.06 sys=0.00, real=0.01 secs] 
Heap after GC invocations=68 (full 4):
 par new generation   total 109248K, used 21824K [0x00000000e0000000, 0x00000000e8000000, 0x00000000e8000000)
  eden space 87424K,   0% used [0x00000000e0000000, 0x00000000e0000000, 0x00000000e5560000)
  from space 21824K, 100% used [0x00000000e5560000, 0x00000000e6ab0000, 0x00000000e6ab0000)
  to   space 21824K,   0% used [0x00000000e6ab0000, 0x00000000e6ab0000, 0x00000000e8000000)
 concurrent mark-sweep generation total 393216K, used 109437K [0x00000000e8000000, 0x0000000100000000, 0x0000000100000000)
 Metaspace       used 55002K, capacity 56808K, committed 56852K, reserved 1099776K
  class space    used 6553K, capacity 6949K, committed 6976K, reserved 1048576K
}
2020-05-19T11:36:18.018+0000: 3534.955: Total time for which application threads were stopped: 0.0152356 seconds, Stopping threads took: 0.0000622 seconds
2020-05-19T11:36:18.018+0000: 3534.955: Total time for which application threads were stopped: 0.0002060 seconds, Stopping threads took: 0.0000531 seconds
2020-05-19T11:36:18.019+0000: 3534.956: Total time for which application threads were stopped: 0.0001260 seconds, Stopping threads took: 0.0000241 seconds
2020-05-19T11:36:18.681+0000: 3535.619: Total time for which application threads were stopped: 0.0001748 seconds, Stopping threads took: 0.0000649 seconds
2020-05-19T11:36:18.684+0000: 3535.621: Total time for which application threads were stopped: 0.0002528 seconds, Stopping threads took: 0.0001858 seconds
2020-05-19T11:36:18.684+0000: 3535.622: Total time for which application threads were stopped: 0.0002187 seconds, Stopping threads took: 0.0001688 seconds
2020-05-19T11:36:18.685+0000: 3535.622: Total time for which application threads were stopped: 0.0001365 seconds, Stopping threads took: 0.0001032 seconds
2020-05-19T11:36:18.685+0000: 3535.622: Total time for which application threads were stopped: 0.0000824 seconds, Stopping threads took: 0.0000502 seconds
2020-05-19T11:36:26.917+0000: 3543.854: Total time for which application threads were stopped: 0.0002811 seconds, Stopping threads took: 0.0001939 seconds
2020-05-19T11:36:26.921+0000: 3543.858: Total time for which application threads were stopped: 0.0001591 seconds, Stopping threads took: 0.0000764 seconds
2020-05-19T11:36:26.922+0000: 3543.859: Total time for which application threads were stopped: 0.0001432 seconds, Stopping threads took: 0.0000474 seconds
2020-05-19T11:36:26.935+0000: 3543.872: Total time for which application threads were stopped: 0.0001265 seconds, Stopping threads took: 0.0000567 seconds
2020-05-19T11:36:26.937+0000: 3543.874: Total time for which application threads were stopped: 0.0001484 seconds, Stopping threads took: 0.0000600 seconds
2020-05-19T11:36:27.041+0000: 3543.978: Total time for which application threads were stopped: 0.0001951 seconds, Stopping threads took: 0.0000723 seconds
{Heap before GC invocations=68 (full 4):
 par new generation   total 109248K, used 109248K [0x00000000e0000000, 0x00000000e8000000, 0x00000000e8000000)
  eden space 87424K, 100% used [0x00000000e0000000, 0x00000000e5560000, 0x00000000e5560000)
  from space 21824K, 100% used [0x00000000e5560000, 0x00000000e6ab0000, 0x00000000e6ab0000)
  to   space 21824K,   0% used [0x00000000e6ab0000, 0x00000000e6ab0000, 0x00000000e8000000)
 concurrent mark-sweep generation total 393216K, used 109437K [0x00000000e8000000, 0x0000000100000000, 0x0000000100000000)
 Metaspace       used 55017K, capacity 56810K, committed 56852K, reserved 1099776K
  class space    used 6554K, capacity 6950K, committed 6976K, reserved 1048576K
2020-05-19T11:36:27.078+0000: 3544.015: [GC (Allocation Failure) 2020-05-19T11:36:27.078+0000: 3544.015: [ParNew
Desired survivor size 20112992 bytes, new threshold 6 (max 8)
- age   1:    6622840 bytes,    6622840 total
- age   2:    2588536 bytes,    9211376 total
- age   3:    3004504 bytes,   12215880 total
- age   4:    1509632 bytes,   13725512 total
- age   5:    2803920 bytes,   16529432 total
- age   6:    4619816 bytes,   21149248 total
: 109248K->21824K(109248K), 0.0147515 secs] 218685K->137248K(502464K), 0.0148519 secs] [Times: user=0.06 sys=0.00, real=0.01 secs] 
Heap after GC invocations=69 (full 4):
 par new generation   total 109248K, used 21824K [0x00000000e0000000, 0x00000000e8000000, 0x00000000e8000000)
  eden space 87424K,   0% used [0x00000000e0000000, 0x00000000e0000000, 0x00000000e5560000)
  from space 21824K, 100% used [0x00000000e6ab0000, 0x00000000e8000000, 0x00000000e8000000)
  to   space 21824K,   0% used [0x00000000e5560000, 0x00000000e5560000, 0x00000000e6ab0000)
 concurrent mark-sweep generation total 393216K, used 115424K [0x00000000e8000000, 0x0000000100000000, 0x0000000100000000)
 Metaspace       used 55017K, capacity 56810K, committed 56852K, reserved 1099776K
  class space    used 6554K, capacity 6950K, committed 6976K, reserved 1048576K
}
2020-05-19T11:36:27.093+0000: 3544.030: Total time for which application threads were stopped: 0.0152055 seconds, Stopping threads took: 0.0001390 seconds
2020-05-19T11:36:27.093+0000: 3544.030: Total time for which application threads were stopped: 0.0001717 seconds, Stopping threads took: 0.0000621 seconds
2020-05-19T11:36:27.093+0000: 3544.030: Total time for which application threads were stopped: 0.0001259 seconds, Stopping threads took: 0.0000539 seconds
{Heap before GC invocations=69 (full 4):
 par new generation   total 109248K, used 109248K [0x00000000e0000000, 0x00000000e8000000, 0x00000000e8000000)
  eden space 87424K, 100% used [0x00000000e0000000, 0x00000000e5560000, 0x00000000e5560000)
  from space 21824K, 100% used [0x00000000e6ab0000, 0x00000000e8000000, 0x00000000e8000000)
  to   space 21824K,   0% used [0x00000000e5560000, 0x00000000e5560000, 0x00000000e6ab0000)
 concurrent mark-sweep generation total 393216K, used 115424K [0x00000000e8000000, 0x0000000100000000, 0x0000000100000000)
 Metaspace       used 55018K, capacity 56810K, committed 56852K, reserved 1099776K
  class space    used 6554K, capacity 6950K, committed 6976K, reserved 1048576K
2020-05-19T11:36:27.202+0000: 3544.139: [GC (Allocation Failure) 2020-05-19T11:36:27.202+0000: 3544.139: [ParNew
Desired survivor size 20112992 bytes, new threshold 6 (max 8)
- age   1:    8683928 bytes,    8683928 total
- age   2:    3859120 bytes,   12543048 total
- age   3:    2506872 bytes,   15049920 total
- age   4:    3004168 bytes,   18054088 total
- age   5:    1414208 bytes,   19468296 total
- age   6:    2803920 bytes,   22272216 total
: 109248K->21824K(109248K), 0.0157826 secs] 224672K->144401K(502464K), 0.0158606 secs] [Times: user=0.06 sys=0.00, real=0.02 secs] 
Heap after GC invocations=70 (full 4):
 par new generation   total 109248K, used 21824K [0x00000000e0000000, 0x00000000e8000000, 0x00000000e8000000)
  eden space 87424K,   0% used [0x00000000e0000000, 0x00000000e0000000, 0x00000000e5560000)
  from space 21824K, 100% used [0x00000000e5560000, 0x00000000e6ab0000, 0x00000000e6ab0000)
  to   space 21824K,   0% used [0x00000000e6ab0000, 0x00000000e6ab0000, 0x00000000e8000000)
 concurrent mark-sweep generation total 393216K, used 122577K [0x00000000e8000000, 0x0000000100000000, 0x0000000100000000)
 Metaspace       used 55018K, capacity 56810K, committed 56852K, reserved 1099776K
  class space    used 6554K, capacity 6950K, committed 6976K, reserved 1048576K
}
2020-05-19T11:36:27.218+0000: 3544.155: Total time for which application threads were stopped: 0.0161345 seconds, Stopping threads took: 0.0000606 seconds
2020-05-19T11:36:27.218+0000: 3544.155: Total time for which application threads were stopped: 0.0002003 seconds, Stopping threads took: 0.0000668 seconds
2020-05-19T11:36:27.219+0000: 3544.155: Total time for which application threads were stopped: 0.0001499 seconds, Stopping threads took: 0.0000414 seconds
2020-05-19T11:36:27.219+0000: 3544.155: Total time for which application threads were stopped: 0.0001046 seconds, Stopping threads took: 0.0000362 seconds
2020-05-19T11:36:27.219+0000: 3544.156: Total time for which application threads were stopped: 0.0001009 seconds, Stopping threads took: 0.0000611 seconds
2020-05-19T11:36:28.051+0000: 3544.988: Total time for which application threads were stopped: 0.0001285 seconds, Stopping threads took: 0.0000567 seconds
2020-05-19T11:36:28.051+0000: 3544.988: Total time for which application threads were stopped: 0.0000561 seconds, Stopping threads took: 0.0000184 seconds
2020-05-19T11:36:28.051+0000: 3544.989: Total time for which application threads were stopped: 0.0001652 seconds, Stopping threads took: 0.0000859 seconds
2020-05-19T11:36:28.052+0000: 3544.990: Total time for which application threads were stopped: 0.0000912 seconds, Stopping threads took: 0.0000405 seconds
2020-05-19T11:36:28.053+0000: 3544.990: Total time for which application threads were stopped: 0.0000881 seconds, Stopping threads took: 0.0000374 seconds
2020-05-19T11:36:28.053+0000: 3544.990: Total time for which application threads were stopped: 0.0000468 seconds, Stopping threads took: 0.0000122 seconds
2020-05-19T11:36:28.053+0000: 3544.990: Total time for which application threads were stopped: 0.0000414 seconds, Stopping threads took: 0.0000099 seconds
2020-05-19T11:36:35.734+0000: 3552.671: Total time for which application threads were stopped: 0.0004125 seconds, Stopping threads took: 0.0003497 seconds
2020-05-19T11:36:35.738+0000: 3552.675: Total time for which application threads were stopped: 0.0001544 seconds, Stopping threads took: 0.0000673 seconds
2020-05-19T11:36:35.741+0000: 3552.678: Total time for which application threads were stopped: 0.0001660 seconds, Stopping threads took: 0.0000786 seconds
2020-05-19T11:36:35.753+0000: 3552.689: Total time for which application threads were stopped: 0.0001466 seconds, Stopping threads took: 0.0000698 seconds
2020-05-19T11:36:35.754+0000: 3552.691: Total time for which application threads were stopped: 0.0001922 seconds, Stopping threads took: 0.0000700 seconds
2020-05-19T11:36:35.771+0000: 3552.708: Total time for which application threads were stopped: 0.0002101 seconds, Stopping threads took: 0.0000655 seconds
2020-05-19T11:36:35.771+0000: 3552.708: Total time for which application threads were stopped: 0.0000971 seconds, Stopping threads took: 0.0000235 seconds
{Heap before GC invocations=70 (full 4):
 par new generation   total 109248K, used 109248K [0x00000000e0000000, 0x00000000e8000000, 0x00000000e8000000)
  eden space 87424K, 100% used [0x00000000e0000000, 0x00000000e5560000, 0x00000000e5560000)
  from space 21824K, 100% used [0x00000000e5560000, 0x00000000e6ab0000, 0x00000000e6ab0000)
  to   space 21824K,   0% used [0x00000000e6ab0000, 0x00000000e6ab0000, 0x00000000e8000000)
 concurrent mark-sweep generation total 393216K, used 122577K [0x00000000e8000000, 0x0000000100000000, 0x0000000100000000)
 Metaspace       used 55040K, capacity 56810K, committed 56852K, reserved 1099776K
  class space    used 6554K, capacity 6950K, committed 6976K, reserved 1048576K
2020-05-19T11:36:35.816+0000: 3552.753: [GC (Allocation Failure) 2020-05-19T11:36:35.816+0000: 3552.753: [ParNew
Desired survivor size 20112992 bytes, new threshold 8 (max 8)
- age   1:    4998384 bytes,    4998384 total
- age   2:    4109816 bytes,    9108200 total
- age   3:    2753768 bytes,   11861968 total
- age   4:    2506872 bytes,   14368840 total
- age   5:    3002256 bytes,   17371096 total
- age   6:    1413568 bytes,   18784664 total
: 109248K->21824K(109248K), 0.0107884 secs] 231825K->147807K(502464K), 0.0108553 secs] [Times: user=0.06 sys=0.00, real=0.01 secs] 
Heap after GC invocations=71 (full 4):
 par new generation   total 109248K, used 21824K [0x00000000e0000000, 0x00000000e8000000, 0x00000000e8000000)
  eden space 87424K,   0% used [0x00000000e0000000, 0x00000000e0000000, 0x00000000e5560000)
  from space 21824K, 100% used [0x00000000e6ab0000, 0x00000000e8000000, 0x00000000e8000000)
  to   space 21824K,   0% used [0x00000000e5560000, 0x00000000e5560000, 0x00000000e6ab0000)
 concurrent mark-sweep generation total 393216K, used 125983K [0x00000000e8000000, 0x0000000100000000, 0x0000000100000000)
 Metaspace       used 55040K, capacity 56810K, committed 56852K, reserved 1099776K
  class space    used 6554K, capacity 6950K, committed 6976K, reserved 1048576K
}
2020-05-19T11:36:35.827+0000: 3552.764: Total time for which application threads were stopped: 0.0113868 seconds, Stopping threads took: 0.0000601 seconds
2020-05-19T11:36:35.828+0000: 3552.764: Total time for which application threads were stopped: 0.0001418 seconds, Stopping threads took: 0.0000725 seconds
2020-05-19T11:36:35.828+0000: 3552.765: Total time for which application threads were stopped: 0.0001753 seconds, Stopping threads took: 0.0000790 seconds
2020-05-19T11:36:35.866+0000: 3552.803: Total time for which application threads were stopped: 0.0001650 seconds, Stopping threads took: 0.0000531 seconds
{Heap before GC invocations=71 (full 4):
 par new generation   total 109248K, used 109248K [0x00000000e0000000, 0x00000000e8000000, 0x00000000e8000000)
  eden space 87424K, 100% used [0x00000000e0000000, 0x00000000e5560000, 0x00000000e5560000)
  from space 21824K, 100% used [0x00000000e6ab0000, 0x00000000e8000000, 0x00000000e8000000)
  to   space 21824K,   0% used [0x00000000e5560000, 0x00000000e5560000, 0x00000000e6ab0000)
 concurrent mark-sweep generation total 393216K, used 125983K [0x00000000e8000000, 0x0000000100000000, 0x0000000100000000)
 Metaspace       used 55044K, capacity 56810K, committed 56852K, reserved 1099776K
  class space    used 6554K, capacity 6950K, committed 6976K, reserved 1048576K
2020-05-19T11:36:35.955+0000: 3552.893: [GC (Allocation Failure) 2020-05-19T11:36:35.956+0000: 3552.893: [ParNew
Desired survivor size 20112992 bytes, new threshold 6 (max 8)
- age   1:    6650448 bytes,    6650448 total
- age   2:    2234248 bytes,    8884696 total
- age   3:    3839816 bytes,   12724512 total
- age   4:    2656120 bytes,   15380632 total
- age   5:    2506872 bytes,   17887504 total
- age   6:    3002256 bytes,   20889760 total
- age   7:    1413448 bytes,   22303208 total
: 109248K->21824K(109248K), 0.0174977 secs] 235231K->153956K(502464K), 0.0175870 secs] [Times: user=0.03 sys=0.00, real=0.02 secs] 
Heap after GC invocations=72 (full 4):
 par new generation   total 109248K, used 21824K [0x00000000e0000000, 0x00000000e8000000, 0x00000000e8000000)
  eden space 87424K,   0% used [0x00000000e0000000, 0x00000000e0000000, 0x00000000e5560000)
  from space 21824K, 100% used [0x00000000e5560000, 0x00000000e6ab0000, 0x00000000e6ab0000)
  to   space 21824K,   0% used [0x00000000e6ab0000, 0x00000000e6ab0000, 0x00000000e8000000)
 concurrent mark-sweep generation total 393216K, used 132132K [0x00000000e8000000, 0x0000000100000000, 0x0000000100000000)
 Metaspace       used 55044K, capacity 56810K, committed 56852K, reserved 1099776K
  class space    used 6554K, capacity 6950K, committed 6976K, reserved 1048576K
}
2020-05-19T11:36:35.973+0000: 3552.910: Total time for which application threads were stopped: 0.0178290 seconds, Stopping threads took: 0.0000588 seconds
2020-05-19T11:36:35.973+0000: 3552.911: Total time for which application threads were stopped: 0.0001302 seconds, Stopping threads took: 0.0000741 seconds
2020-05-19T11:36:35.974+0000: 3552.911: Total time for which application threads were stopped: 0.0001083 seconds, Stopping threads took: 0.0000418 seconds
2020-05-19T11:36:35.974+0000: 3552.911: Total time for which application threads were stopped: 0.0000995 seconds, Stopping threads took: 0.0000393 seconds
{Heap before GC invocations=72 (full 4):
 par new generation   total 109248K, used 109248K [0x00000000e0000000, 0x00000000e8000000, 0x00000000e8000000)
  eden space 87424K, 100% used [0x00000000e0000000, 0x00000000e5560000, 0x00000000e5560000)
  from space 21824K, 100% used [0x00000000e5560000, 0x00000000e6ab0000, 0x00000000e6ab0000)
  to   space 21824K,   0% used [0x00000000e6ab0000, 0x00000000e6ab0000, 0x00000000e8000000)
 concurrent mark-sweep generation total 393216K, used 132132K [0x00000000e8000000, 0x0000000100000000, 0x0000000100000000)
 Metaspace       used 55048K, capacity 56810K, committed 56852K, reserved 1099776K
  class space    used 6554K, capacity 6950K, committed 6976K, reserved 1048576K
2020-05-19T11:36:36.057+0000: 3552.994: [GC (Allocation Failure) 2020-05-19T11:36:36.057+0000: 3552.994: [ParNew
Desired survivor size 20112992 bytes, new threshold 8 (max 8)
- age   1:    4259928 bytes,    4259928 total
- age   2:    2700320 bytes,    6960248 total
- age   3:    2233168 bytes,    9193416 total
- age   4:    3839816 bytes,   13033232 total
- age   5:    2655976 bytes,   15689208 total
- age   6:    2506872 bytes,   18196080 total
: 109248K->21824K(109248K), 0.0149105 secs] 241380K->161048K(502464K), 0.0150131 secs] [Times: user=0.06 sys=0.00, real=0.02 secs] 
Heap after GC invocations=73 (full 4):
 par new generation   total 109248K, used 21824K [0x00000000e0000000, 0x00000000e8000000, 0x00000000e8000000)
  eden space 87424K,   0% used [0x00000000e0000000, 0x00000000e0000000, 0x00000000e5560000)
  from space 21824K, 100% used [0x00000000e6ab0000, 0x00000000e8000000, 0x00000000e8000000)
  to   space 21824K,   0% used [0x00000000e5560000, 0x00000000e5560000, 0x00000000e6ab0000)
 concurrent mark-sweep generation total 393216K, used 139224K [0x00000000e8000000, 0x0000000100000000, 0x0000000100000000)
 Metaspace       used 55048K, capacity 56810K, committed 56852K, reserved 1099776K
  class space    used 6554K, capacity 6950K, committed 6976K, reserved 1048576K
}
2020-05-19T11:36:36.072+0000: 3553.009: Total time for which application threads were stopped: 0.0152915 seconds, Stopping threads took: 0.0000571 seconds
2020-05-19T11:36:36.072+0000: 3553.009: Total time for which application threads were stopped: 0.0001447 seconds, Stopping threads took: 0.0000602 seconds
2020-05-19T11:36:36.072+0000: 3553.009: Total time for which application threads were stopped: 0.0001044 seconds, Stopping threads took: 0.0000434 seconds
2020-05-19T11:36:36.604+0000: 3553.541: Total time for which application threads were stopped: 0.0001924 seconds, Stopping threads took: 0.0001117 seconds
2020-05-19T11:36:36.604+0000: 3553.541: Total time for which application threads were stopped: 0.0001530 seconds, Stopping threads took: 0.0000961 seconds
2020-05-19T11:36:36.606+0000: 3553.544: Total time for which application threads were stopped: 0.0001100 seconds, Stopping threads took: 0.0000465 seconds
2020-05-19T11:36:36.606+0000: 3553.544: Total time for which application threads were stopped: 0.0001181 seconds, Stopping threads took: 0.0000438 seconds
2020-05-19T11:36:36.607+0000: 3553.544: Total time for which application threads were stopped: 0.0000925 seconds, Stopping threads took: 0.0000423 seconds
2020-05-19T11:36:36.607+0000: 3553.544: Total time for which application threads were stopped: 0.0000671 seconds, Stopping threads took: 0.0000225 seconds
2020-05-19T11:36:42.611+0000: 3559.548: Total time for which application threads were stopped: 0.0012924 seconds, Stopping threads took: 0.0011756 seconds
2020-05-19T11:36:42.694+0000: 3559.631: Total time for which application threads were stopped: 0.0003225 seconds, Stopping threads took: 0.0000618 seconds
2020-05-19T11:36:43.694+0000: 3560.631: Total time for which application threads were stopped: 0.0001332 seconds, Stopping threads took: 0.0000633 seconds
2020-05-19T11:36:46.515+0000: 3563.452: Total time for which application threads were stopped: 0.0001178 seconds, Stopping threads took: 0.0000476 seconds
2020-05-19T11:36:46.516+0000: 3563.452: Total time for which application threads were stopped: 0.0001760 seconds, Stopping threads took: 0.0000806 seconds
2020-05-19T11:36:47.516+0000: 3564.453: Total time for which application threads were stopped: 0.0001363 seconds, Stopping threads took: 0.0000529 seconds
2020-05-19T11:36:50.755+0000: 3567.692: Total time for which application threads were stopped: 0.0001136 seconds, Stopping threads took: 0.0000361 seconds
2020-05-19T11:38:26.806+0000: 3663.742: Total time for which application threads were stopped: 0.0001050 seconds, Stopping threads took: 0.0000279 seconds
2020-05-19T11:38:46.814+0000: 3683.750: Total time for which application threads were stopped: 0.0001282 seconds, Stopping threads took: 0.0000332 seconds
2020-05-19T11:44:42.981+0000: 4039.917: Total time for which application threads were stopped: 0.0001178 seconds, Stopping threads took: 0.0000331 seconds
2020-05-19T11:48:42.093+0000: 4279.029: Total time for which application threads were stopped: 0.0001299 seconds, Stopping threads took: 0.0000367 seconds
2020-05-19T11:49:50.161+0000: 4347.099: Total time for which application threads were stopped: 0.0002213 seconds, Stopping threads took: 0.0001638 seconds
2020-05-19T11:49:50.175+0000: 4347.112: Total time for which application threads were stopped: 0.0001480 seconds, Stopping threads took: 0.0000272 seconds
2020-05-19T11:49:50.179+0000: 4347.116: Total time for which application threads were stopped: 0.0001319 seconds, Stopping threads took: 0.0000283 seconds
2020-05-19T11:49:50.197+0000: 4347.134: Total time for which application threads were stopped: 0.0004606 seconds, Stopping threads took: 0.0003191 seconds
2020-05-19T11:49:50.197+0000: 4347.134: Total time for which application threads were stopped: 0.0001246 seconds, Stopping threads took: 0.0000461 seconds
2020-05-19T11:49:50.299+0000: 4347.236: Total time for which application threads were stopped: 0.0001372 seconds, Stopping threads took: 0.0000511 seconds
{Heap before GC invocations=73 (full 4):
 par new generation   total 109248K, used 109248K [0x00000000e0000000, 0x00000000e8000000, 0x00000000e8000000)
  eden space 87424K, 100% used [0x00000000e0000000, 0x00000000e5560000, 0x00000000e5560000)
  from space 21824K, 100% used [0x00000000e6ab0000, 0x00000000e8000000, 0x00000000e8000000)
  to   space 21824K,   0% used [0x00000000e5560000, 0x00000000e5560000, 0x00000000e6ab0000)
 concurrent mark-sweep generation total 393216K, used 139224K [0x00000000e8000000, 0x0000000100000000, 0x0000000100000000)
 Metaspace       used 55091K, capacity 56882K, committed 57108K, reserved 1099776K
  class space    used 6555K, capacity 6950K, committed 6976K, reserved 1048576K
2020-05-19T11:49:50.323+0000: 4347.261: [GC (Allocation Failure) 2020-05-19T11:49:50.323+0000: 4347.261: [ParNew
Desired survivor size 20112992 bytes, new threshold 7 (max 8)
- age   1:    4081888 bytes,    4081888 total
- age   2:    2741096 bytes,    6822984 total
- age   3:    2454648 bytes,    9277632 total
- age   4:    2066232 bytes,   11343864 total
- age   5:    3839816 bytes,   15183680 total
- age   6:    2650464 bytes,   17834144 total
- age   7:    2506872 bytes,   20341016 total
: 109248K->21824K(109248K), 0.0119114 secs] 248472K->165289K(502464K), 0.0119877 secs] [Times: user=0.00 sys=0.00, real=0.01 secs] 
Heap after GC invocations=74 (full 4):
 par new generation   total 109248K, used 21824K [0x00000000e0000000, 0x00000000e8000000, 0x00000000e8000000)
  eden space 87424K,   0% used [0x00000000e0000000, 0x00000000e0000000, 0x00000000e5560000)
  from space 21824K, 100% used [0x00000000e5560000, 0x00000000e6ab0000, 0x00000000e6ab0000)
  to   space 21824K,   0% used [0x00000000e6ab0000, 0x00000000e6ab0000, 0x00000000e8000000)
 concurrent mark-sweep generation total 393216K, used 143465K [0x00000000e8000000, 0x0000000100000000, 0x0000000100000000)
 Metaspace       used 55091K, capacity 56882K, committed 57108K, reserved 1099776K
  class space    used 6555K, capacity 6950K, committed 6976K, reserved 1048576K
}
2020-05-19T11:49:50.336+0000: 4347.273: Total time for which application threads were stopped: 0.0122709 seconds, Stopping threads took: 0.0000624 seconds
2020-05-19T11:49:50.336+0000: 4347.273: Total time for which application threads were stopped: 0.0001987 seconds, Stopping threads took: 0.0000696 seconds
2020-05-19T11:49:50.336+0000: 4347.273: Total time for which application threads were stopped: 0.0001500 seconds, Stopping threads took: 0.0000539 seconds
{Heap before GC invocations=74 (full 4):
 par new generation   total 109248K, used 109248K [0x00000000e0000000, 0x00000000e8000000, 0x00000000e8000000)
  eden space 87424K, 100% used [0x00000000e0000000, 0x00000000e5560000, 0x00000000e5560000)
  from space 21824K, 100% used [0x00000000e5560000, 0x00000000e6ab0000, 0x00000000e6ab0000)
  to   space 21824K,   0% used [0x00000000e6ab0000, 0x00000000e6ab0000, 0x00000000e8000000)
 concurrent mark-sweep generation total 393216K, used 143465K [0x00000000e8000000, 0x0000000100000000, 0x0000000100000000)
 Metaspace       used 55104K, capacity 56882K, committed 57108K, reserved 1099776K
  class space    used 6555K, capacity 6950K, committed 6976K, reserved 1048576K
2020-05-19T11:49:50.551+0000: 4347.488: [GC (Allocation Failure) 2020-05-19T11:49:50.551+0000: 4347.488: [ParNew
Desired survivor size 20112992 bytes, new threshold 7 (max 8)
- age   1:    4785008 bytes,    4785008 total
- age   2:    2530648 bytes,    7315656 total
- age   3:    2740200 bytes,   10055856 total
- age   4:    2454312 bytes,   12510168 total
- age   5:    1979280 bytes,   14489448 total
- age   6:    3839816 bytes,   18329264 total
- age   7:    2650344 bytes,   20979608 total
: 109248K->21824K(109248K), 0.0157378 secs] 252713K->171651K(502464K), 0.0158448 secs] [Times: user=0.06 sys=0.00, real=0.02 secs] 
Heap after GC invocations=75 (full 4):
 par new generation   total 109248K, used 21824K [0x00000000e0000000, 0x00000000e8000000, 0x00000000e8000000)
  eden space 87424K,   0% used [0x00000000e0000000, 0x00000000e0000000, 0x00000000e5560000)
  from space 21824K, 100% used [0x00000000e6ab0000, 0x00000000e8000000, 0x00000000e8000000)
  to   space 21824K,   0% used [0x00000000e5560000, 0x00000000e5560000, 0x00000000e6ab0000)
 concurrent mark-sweep generation total 393216K, used 149827K [0x00000000e8000000, 0x0000000100000000, 0x0000000100000000)
 Metaspace       used 55104K, capacity 56882K, committed 57108K, reserved 1099776K
  class space    used 6555K, capacity 6950K, committed 6976K, reserved 1048576K
}
2020-05-19T11:49:50.567+0000: 4347.504: Total time for which application threads were stopped: 0.0162071 seconds, Stopping threads took: 0.0000543 seconds
2020-05-19T11:49:50.568+0000: 4347.505: Total time for which application threads were stopped: 0.0004975 seconds, Stopping threads took: 0.0000947 seconds
2020-05-19T11:49:50.568+0000: 4347.505: Total time for which application threads were stopped: 0.0002061 seconds, Stopping threads took: 0.0000678 seconds
2020-05-19T11:49:50.568+0000: 4347.506: Total time for which application threads were stopped: 0.0002600 seconds, Stopping threads took: 0.0001759 seconds
2020-05-19T11:49:50.569+0000: 4347.506: Total time for which application threads were stopped: 0.0001591 seconds, Stopping threads took: 0.0000916 seconds
2020-05-19T11:49:52.377+0000: 4349.314: Total time for which application threads were stopped: 0.0002197 seconds, Stopping threads took: 0.0001190 seconds
2020-05-19T11:49:52.377+0000: 4349.314: Total time for which application threads were stopped: 0.0001009 seconds, Stopping threads took: 0.0000403 seconds
2020-05-19T11:49:52.377+0000: 4349.315: Total time for which application threads were stopped: 0.0000833 seconds, Stopping threads took: 0.0000406 seconds
2020-05-19T11:49:52.378+0000: 4349.315: Total time for which application threads were stopped: 0.0001488 seconds, Stopping threads took: 0.0000660 seconds
2020-05-19T11:49:52.379+0000: 4349.316: Total time for which application threads were stopped: 0.0001068 seconds, Stopping threads took: 0.0000408 seconds
2020-05-19T11:49:52.379+0000: 4349.317: Total time for which application threads were stopped: 0.0000844 seconds, Stopping threads took: 0.0000327 seconds
2020-05-19T11:49:52.379+0000: 4349.317: Total time for which application threads were stopped: 0.0001041 seconds, Stopping threads took: 0.0000377 seconds
2020-05-19T11:49:52.380+0000: 4349.317: Total time for which application threads were stopped: 0.0000735 seconds, Stopping threads took: 0.0000350 seconds
2020-05-19T11:49:53.381+0000: 4350.318: Total time for which application threads were stopped: 0.0001046 seconds, Stopping threads took: 0.0000462 seconds
2020-05-19T11:49:54.192+0000: 4351.129: Total time for which application threads were stopped: 0.0002175 seconds, Stopping threads took: 0.0001553 seconds
2020-05-19T11:49:54.195+0000: 4351.132: Total time for which application threads were stopped: 0.0001462 seconds, Stopping threads took: 0.0000497 seconds
2020-05-19T11:49:54.210+0000: 4351.147: Total time for which application threads were stopped: 0.0001175 seconds, Stopping threads took: 0.0000539 seconds
2020-05-19T11:49:54.212+0000: 4351.149: Total time for which application threads were stopped: 0.0001193 seconds, Stopping threads took: 0.0000583 seconds
{Heap before GC invocations=75 (full 4):
 par new generation   total 109248K, used 109248K [0x00000000e0000000, 0x00000000e8000000, 0x00000000e8000000)
  eden space 87424K, 100% used [0x00000000e0000000, 0x00000000e5560000, 0x00000000e5560000)
  from space 21824K, 100% used [0x00000000e6ab0000, 0x00000000e8000000, 0x00000000e8000000)
  to   space 21824K,   0% used [0x00000000e5560000, 0x00000000e5560000, 0x00000000e6ab0000)
 concurrent mark-sweep generation total 393216K, used 149827K [0x00000000e8000000, 0x0000000100000000, 0x0000000100000000)
 Metaspace       used 55120K, capacity 56882K, committed 57108K, reserved 1099776K
  class space    used 6555K, capacity 6950K, committed 6976K, reserved 1048576K
2020-05-19T11:49:54.216+0000: 4351.153: [GC (Allocation Failure) 2020-05-19T11:49:54.216+0000: 4351.153: [ParNew
Desired survivor size 20112992 bytes, new threshold 8 (max 8)
- age   1:    1329936 bytes,    1329936 total
- age   2:    2667896 bytes,    3997832 total
- age   3:    1925808 bytes,    5923640 total
- age   4:    2740152 bytes,    8663792 total
- age   5:    2453832 bytes,   11117624 total
- age   6:    1978248 bytes,   13095872 total
- age   7:    3832312 bytes,   16928184 total
: 109248K->21824K(109248K), 0.0151309 secs] 259075K->176797K(502464K), 0.0152118 secs] [Times: user=0.02 sys=0.00, real=0.02 secs] 
Heap after GC invocations=76 (full 4):
 par new generation   total 109248K, used 21824K [0x00000000e0000000, 0x00000000e8000000, 0x00000000e8000000)
  eden space 87424K,   0% used [0x00000000e0000000, 0x00000000e0000000, 0x00000000e5560000)
  from space 21824K, 100% used [0x00000000e5560000, 0x00000000e6ab0000, 0x00000000e6ab0000)
  to   space 21824K,   0% used [0x00000000e6ab0000, 0x00000000e6ab0000, 0x00000000e8000000)
 concurrent mark-sweep generation total 393216K, used 154973K [0x00000000e8000000, 0x0000000100000000, 0x0000000100000000)
 Metaspace       used 55120K, capacity 56882K, committed 57108K, reserved 1099776K
  class space    used 6555K, capacity 6950K, committed 6976K, reserved 1048576K
}
2020-05-19T11:49:54.232+0000: 4351.169: Total time for which application threads were stopped: 0.0157497 seconds, Stopping threads took: 0.0002947 seconds
2020-05-19T11:49:54.240+0000: 4351.176: Total time for which application threads were stopped: 0.0007046 seconds, Stopping threads took: 0.0005536 seconds
2020-05-19T11:49:54.325+0000: 4351.262: Total time for which application threads were stopped: 0.0001790 seconds, Stopping threads took: 0.0000553 seconds
{Heap before GC invocations=76 (full 4):
 par new generation   total 109248K, used 109248K [0x00000000e0000000, 0x00000000e8000000, 0x00000000e8000000)
  eden space 87424K, 100% used [0x00000000e0000000, 0x00000000e5560000, 0x00000000e5560000)
  from space 21824K, 100% used [0x00000000e5560000, 0x00000000e6ab0000, 0x00000000e6ab0000)
  to   space 21824K,   0% used [0x00000000e6ab0000, 0x00000000e6ab0000, 0x00000000e8000000)
 concurrent mark-sweep generation total 393216K, used 154973K [0x00000000e8000000, 0x0000000100000000, 0x0000000100000000)
 Metaspace       used 55133K, capacity 56882K, committed 57108K, reserved 1099776K
  class space    used 6555K, capacity 6950K, committed 6976K, reserved 1048576K
2020-05-19T11:49:54.417+0000: 4351.355: [GC (Allocation Failure) 2020-05-19T11:49:54.417+0000: 4351.355: [ParNew
Desired survivor size 20112992 bytes, new threshold 8 (max 8)
- age   1:    5808944 bytes,    5808944 total
- age   2:    1043520 bytes,    6852464 total
- age   3:    2627768 bytes,    9480232 total
- age   4:    1827712 bytes,   11307944 total
- age   5:    2740152 bytes,   14048096 total
- age   6:    2452224 bytes,   16500320 total
- age   7:    1978168 bytes,   18478488 total
- age   8:    3832312 bytes,   22310800 total
: 109248K->21824K(109248K), 0.0166836 secs] 264221K->183695K(502464K), 0.0167737 secs] [Times: user=0.02 sys=0.00, real=0.02 secs] 
Heap after GC invocations=77 (full 4):
 par new generation   total 109248K, used 21824K [0x00000000e0000000, 0x00000000e8000000, 0x00000000e8000000)
  eden space 87424K,   0% used [0x00000000e0000000, 0x00000000e0000000, 0x00000000e5560000)
  from space 21824K, 100% used [0x00000000e6ab0000, 0x00000000e8000000, 0x00000000e8000000)
  to   space 21824K,   0% used [0x00000000e5560000, 0x00000000e5560000, 0x00000000e6ab0000)
 concurrent mark-sweep generation total 393216K, used 161871K [0x00000000e8000000, 0x0000000100000000, 0x0000000100000000)
 Metaspace       used 55133K, capacity 56882K, committed 57108K, reserved 1099776K
  class space    used 6555K, capacity 6950K, committed 6976K, reserved 1048576K
}
2020-05-19T11:49:54.434+0000: 4351.372: Total time for which application threads were stopped: 0.0170337 seconds, Stopping threads took: 0.0000549 seconds
2020-05-19T11:49:54.435+0000: 4351.372: Total time for which application threads were stopped: 0.0001606 seconds, Stopping threads took: 0.0000632 seconds
2020-05-19T11:49:54.435+0000: 4351.372: Total time for which application threads were stopped: 0.0001129 seconds, Stopping threads took: 0.0000639 seconds
2020-05-19T11:49:54.435+0000: 4351.372: Total time for which application threads were stopped: 0.0001426 seconds, Stopping threads took: 0.0000478 seconds
2020-05-19T11:49:54.435+0000: 4351.373: Total time for which application threads were stopped: 0.0001385 seconds, Stopping threads took: 0.0000482 seconds
{Heap before GC invocations=77 (full 4):
 par new generation   total 109248K, used 109248K [0x00000000e0000000, 0x00000000e8000000, 0x00000000e8000000)
  eden space 87424K, 100% used [0x00000000e0000000, 0x00000000e5560000, 0x00000000e5560000)
  from space 21824K, 100% used [0x00000000e6ab0000, 0x00000000e8000000, 0x00000000e8000000)
  to   space 21824K,   0% used [0x00000000e5560000, 0x00000000e5560000, 0x00000000e6ab0000)
 concurrent mark-sweep generation total 393216K, used 161871K [0x00000000e8000000, 0x0000000100000000, 0x0000000100000000)
 Metaspace       used 55139K, capacity 56882K, committed 57108K, reserved 1099776K
  class space    used 6555K, capacity 6950K, committed 6976K, reserved 1048576K
2020-05-19T11:49:54.519+0000: 4351.456: [GC (Allocation Failure) 2020-05-19T11:49:54.519+0000: 4351.456: [ParNew
Desired survivor size 20112992 bytes, new threshold 8 (max 8)
- age   1:    6751856 bytes,    6751856 total
- age   2:    2714768 bytes,    9466624 total
- age   3:    1043424 bytes,   10510048 total
- age   4:    2627680 bytes,   13137728 total
- age   5:    1751896 bytes,   14889624 total
- age   6:    2740152 bytes,   17629776 total
- age   7:    2452200 bytes,   20081976 total
- age   8:    1978120 bytes,   22060096 total
: 109248K->21824K(109248K), 0.0158476 secs] 271119K->190933K(502464K), 0.0159268 secs] [Times: user=0.06 sys=0.00, real=0.02 secs] 
Heap after GC invocations=78 (full 4):
 par new generation   total 109248K, used 21824K [0x00000000e0000000, 0x00000000e8000000, 0x00000000e8000000)
  eden space 87424K,   0% used [0x00000000e0000000, 0x00000000e0000000, 0x00000000e5560000)
  from space 21824K, 100% used [0x00000000e5560000, 0x00000000e6ab0000, 0x00000000e6ab0000)
  to   space 21824K,   0% used [0x00000000e6ab0000, 0x00000000e6ab0000, 0x00000000e8000000)
 concurrent mark-sweep generation total 393216K, used 169109K [0x00000000e8000000, 0x0000000100000000, 0x0000000100000000)
 Metaspace       used 55139K, capacity 56882K, committed 57108K, reserved 1099776K
  class space    used 6555K, capacity 6950K, committed 6976K, reserved 1048576K
}
2020-05-19T11:49:54.535+0000: 4351.472: Total time for which application threads were stopped: 0.0162351 seconds, Stopping threads took: 0.0001227 seconds
2020-05-19T11:49:54.535+0000: 4351.472: Total time for which application threads were stopped: 0.0001470 seconds, Stopping threads took: 0.0000580 seconds
2020-05-19T11:49:55.496+0000: 4352.434: Total time for which application threads were stopped: 0.0001457 seconds, Stopping threads took: 0.0000648 seconds
2020-05-19T11:49:55.497+0000: 4352.434: Total time for which application threads were stopped: 0.0001538 seconds, Stopping threads took: 0.0000982 seconds
2020-05-19T11:49:55.497+0000: 4352.434: Total time for which application threads were stopped: 0.0001433 seconds, Stopping threads took: 0.0000939 seconds
2020-05-19T11:49:55.498+0000: 4352.435: Total time for which application threads were stopped: 0.0001114 seconds, Stopping threads took: 0.0000576 seconds
2020-05-19T11:49:55.499+0000: 4352.436: Total time for which application threads were stopped: 0.0001700 seconds, Stopping threads took: 0.0000358 seconds
2020-05-19T11:49:55.499+0000: 4352.436: Total time for which application threads were stopped: 0.0000780 seconds, Stopping threads took: 0.0000429 seconds
2020-05-19T11:49:55.499+0000: 4352.436: Total time for which application threads were stopped: 0.0001302 seconds, Stopping threads took: 0.0000992 seconds
2020-05-19T11:49:56.500+0000: 4353.436: Total time for which application threads were stopped: 0.0001587 seconds, Stopping threads took: 0.0000645 seconds
2020-05-19T11:50:02.946+0000: 4359.883: Total time for which application threads were stopped: 0.0001741 seconds, Stopping threads took: 0.0001141 seconds
2020-05-19T11:50:02.949+0000: 4359.886: Total time for which application threads were stopped: 0.0001585 seconds, Stopping threads took: 0.0000530 seconds
2020-05-19T11:50:02.952+0000: 4359.890: Total time for which application threads were stopped: 0.0003615 seconds, Stopping threads took: 0.0002548 seconds
2020-05-19T11:50:03.094+0000: 4360.031: Total time for which application threads were stopped: 0.0002040 seconds, Stopping threads took: 0.0000622 seconds
{Heap before GC invocations=78 (full 4):
 par new generation   total 109248K, used 109248K [0x00000000e0000000, 0x00000000e8000000, 0x00000000e8000000)
  eden space 87424K, 100% used [0x00000000e0000000, 0x00000000e5560000, 0x00000000e5560000)
  from space 21824K, 100% used [0x00000000e5560000, 0x00000000e6ab0000, 0x00000000e6ab0000)
  to   space 21824K,   0% used [0x00000000e6ab0000, 0x00000000e6ab0000, 0x00000000e8000000)
 concurrent mark-sweep generation total 393216K, used 169109K [0x00000000e8000000, 0x0000000100000000, 0x0000000100000000)
 Metaspace       used 55177K, capacity 56882K, committed 57108K, reserved 1099776K
  class space    used 6555K, capacity 6950K, committed 6976K, reserved 1048576K
2020-05-19T11:50:03.110+0000: 4360.047: [GC (Allocation Failure) 2020-05-19T11:50:03.110+0000: 4360.047: [ParNew
Desired survivor size 20112992 bytes, new threshold 8 (max 8)
- age   1:    5271600 bytes,    5271600 total
- age   2:    4699008 bytes,    9970608 total
- age   3:    2382848 bytes,   12353456 total
- age   4:     911224 bytes,   13264680 total
- age   5:    2592168 bytes,   15856848 total
- age   6:    1286344 bytes,   17143192 total
- age   7:    2740152 bytes,   19883344 total
- age   8:    2449464 bytes,   22332808 total
: 109248K->21824K(109248K), 0.0176414 secs] 278357K->197451K(502464K), 0.0177429 secs] [Times: user=0.06 sys=0.00, real=0.02 secs] 
Heap after GC invocations=79 (full 4):
 par new generation   total 109248K, used 21824K [0x00000000e0000000, 0x00000000e8000000, 0x00000000e8000000)
  eden space 87424K,   0% used [0x00000000e0000000, 0x00000000e0000000, 0x00000000e5560000)
  from space 21824K, 100% used [0x00000000e6ab0000, 0x00000000e8000000, 0x00000000e8000000)
  to   space 21824K,   0% used [0x00000000e5560000, 0x00000000e5560000, 0x00000000e6ab0000)
 concurrent mark-sweep generation total 393216K, used 175627K [0x00000000e8000000, 0x0000000100000000, 0x0000000100000000)
 Metaspace       used 55177K, capacity 56882K, committed 57108K, reserved 1099776K
  class space    used 6555K, capacity 6950K, committed 6976K, reserved 1048576K
}
2020-05-19T11:50:03.128+0000: 4360.065: Total time for which application threads were stopped: 0.0180126 seconds, Stopping threads took: 0.0000458 seconds
2020-05-19T11:50:03.129+0000: 4360.065: Total time for which application threads were stopped: 0.0003863 seconds, Stopping threads took: 0.0000622 seconds
2020-05-19T11:50:03.129+0000: 4360.066: Total time for which application threads were stopped: 0.0001209 seconds, Stopping threads took: 0.0000524 seconds
{Heap before GC invocations=79 (full 4):
 par new generation   total 109248K, used 109248K [0x00000000e0000000, 0x00000000e8000000, 0x00000000e8000000)
  eden space 87424K, 100% used [0x00000000e0000000, 0x00000000e5560000, 0x00000000e5560000)
  from space 21824K, 100% used [0x00000000e6ab0000, 0x00000000e8000000, 0x00000000e8000000)
  to   space 21824K,   0% used [0x00000000e5560000, 0x00000000e5560000, 0x00000000e6ab0000)
 concurrent mark-sweep generation total 393216K, used 175627K [0x00000000e8000000, 0x0000000100000000, 0x0000000100000000)
 Metaspace       used 55177K, capacity 56882K, committed 57108K, reserved 1099776K
  class space    used 6555K, capacity 6950K, committed 6976K, reserved 1048576K
2020-05-19T11:50:03.291+0000: 4360.228: [GC (Allocation Failure) 2020-05-19T11:50:03.291+0000: 4360.228: [ParNew
Desired survivor size 20112992 bytes, new threshold 7 (max 8)
- age   1:    4660688 bytes,    4660688 total
- age   2:    4310176 bytes,    8970864 total
- age   3:    4596776 bytes,   13567640 total
- age   4:    2379928 bytes,   15947568 total
- age   5:     909880 bytes,   16857448 total
- age   6:    2480688 bytes,   19338136 total
- age   7:    1101056 bytes,   20439192 total
- age   8:    1623408 bytes,   22062600 total
: 109248K->21824K(109248K), 0.0179308 secs] 284875K->205117K(502464K), 0.0180489 secs] [Times: user=0.01 sys=0.02, real=0.02 secs] 
Heap after GC invocations=80 (full 4):
 par new generation   total 109248K, used 21824K [0x00000000e0000000, 0x00000000e8000000, 0x00000000e8000000)
  eden space 87424K,   0% used [0x00000000e0000000, 0x00000000e0000000, 0x00000000e5560000)
  from space 21824K, 100% used [0x00000000e5560000, 0x00000000e6ab0000, 0x00000000e6ab0000)
  to   space 21824K,   0% used [0x00000000e6ab0000, 0x00000000e6ab0000, 0x00000000e8000000)
 concurrent mark-sweep generation total 393216K, used 183293K [0x00000000e8000000, 0x0000000100000000, 0x0000000100000000)
 Metaspace       used 55177K, capacity 56882K, committed 57108K, reserved 1099776K
  class space    used 6555K, capacity 6950K, committed 6976K, reserved 1048576K
}
2020-05-19T11:50:03.309+0000: 4360.246: Total time for which application threads were stopped: 0.0182839 seconds, Stopping threads took: 0.0000751 seconds
2020-05-19T11:50:03.309+0000: 4360.246: Total time for which application threads were stopped: 0.0001435 seconds, Stopping threads took: 0.0000597 seconds
2020-05-19T11:50:03.309+0000: 4360.246: Total time for which application threads were stopped: 0.0000987 seconds, Stopping threads took: 0.0000409 seconds
2020-05-19T11:50:04.310+0000: 4361.247: Total time for which application threads were stopped: 0.0001099 seconds, Stopping threads took: 0.0000424 seconds
2020-05-19T11:50:04.540+0000: 4361.478: Total time for which application threads were stopped: 0.0001542 seconds, Stopping threads took: 0.0000726 seconds
2020-05-19T11:50:04.540+0000: 4361.478: Total time for which application threads were stopped: 0.0001046 seconds, Stopping threads took: 0.0000460 seconds
2020-05-19T11:50:04.541+0000: 4361.478: Total time for which application threads were stopped: 0.0001338 seconds, Stopping threads took: 0.0000503 seconds
2020-05-19T11:50:04.543+0000: 4361.480: Total time for which application threads were stopped: 0.0001899 seconds, Stopping threads took: 0.0000495 seconds
2020-05-19T11:50:04.543+0000: 4361.480: Total time for which application threads were stopped: 0.0001138 seconds, Stopping threads took: 0.0000390 seconds
2020-05-19T11:50:04.543+0000: 4361.480: Total time for which application threads were stopped: 0.0001196 seconds, Stopping threads took: 0.0000460 seconds
2020-05-19T11:50:04.543+0000: 4361.481: Total time for which application threads were stopped: 0.0000916 seconds, Stopping threads took: 0.0000347 seconds
2020-05-19T11:50:04.543+0000: 4361.481: Total time for which application threads were stopped: 0.0002349 seconds, Stopping threads took: 0.0000337 seconds
2020-05-19T11:50:14.419+0000: 4371.356: Total time for which application threads were stopped: 0.0003344 seconds, Stopping threads took: 0.0002755 seconds
2020-05-19T11:50:14.423+0000: 4371.360: Total time for which application threads were stopped: 0.0001627 seconds, Stopping threads took: 0.0000582 seconds
{Heap before GC invocations=80 (full 4):
 par new generation   total 109248K, used 109248K [0x00000000e0000000, 0x00000000e8000000, 0x00000000e8000000)
  eden space 87424K, 100% used [0x00000000e0000000, 0x00000000e5560000, 0x00000000e5560000)
  from space 21824K, 100% used [0x00000000e5560000, 0x00000000e6ab0000, 0x00000000e6ab0000)
  to   space 21824K,   0% used [0x00000000e6ab0000, 0x00000000e6ab0000, 0x00000000e8000000)
 concurrent mark-sweep generation total 393216K, used 183293K [0x00000000e8000000, 0x0000000100000000, 0x0000000100000000)
 Metaspace       used 55192K, capacity 56882K, committed 57108K, reserved 1099776K
  class space    used 6555K, capacity 6950K, committed 6976K, reserved 1048576K
2020-05-19T11:50:14.425+0000: 4371.362: [GC (Allocation Failure) 2020-05-19T11:50:14.425+0000: 4371.362: [ParNew
Desired survivor size 20112992 bytes, new threshold 7 (max 8)
- age   1:    3478232 bytes,    3478232 total
- age   2:    2575080 bytes,    6053312 total
- age   3:    3873496 bytes,    9926808 total
- age   4:    4596776 bytes,   14523584 total
- age   5:    2378320 bytes,   16901904 total
- age   6:     909488 bytes,   17811392 total
- age   7:    2480688 bytes,   20292080 total
: 109248K->21824K(109248K), 0.0172952 secs] 292541K->208402K(502464K), 0.0173930 secs] [Times: user=0.06 sys=0.00, real=0.02 secs] 
Heap after GC invocations=81 (full 4):
 par new generation   total 109248K, used 21824K [0x00000000e0000000, 0x00000000e8000000, 0x00000000e8000000)
  eden space 87424K,   0% used [0x00000000e0000000, 0x00000000e0000000, 0x00000000e5560000)
  from space 21824K, 100% used [0x00000000e6ab0000, 0x00000000e8000000, 0x00000000e8000000)
  to   space 21824K,   0% used [0x00000000e5560000, 0x00000000e5560000, 0x00000000e6ab0000)
 concurrent mark-sweep generation total 393216K, used 186578K [0x00000000e8000000, 0x0000000100000000, 0x0000000100000000)
 Metaspace       used 55192K, capacity 56882K, committed 57108K, reserved 1099776K
  class space    used 6555K, capacity 6950K, committed 6976K, reserved 1048576K
}
2020-05-19T11:50:14.442+0000: 4371.379: Total time for which application threads were stopped: 0.0176683 seconds, Stopping threads took: 0.0000721 seconds
2020-05-19T11:50:14.442+0000: 4371.379: Total time for which application threads were stopped: 0.0001793 seconds, Stopping threads took: 0.0000757 seconds
2020-05-19T11:50:14.453+0000: 4371.390: Total time for which application threads were stopped: 0.0001342 seconds, Stopping threads took: 0.0000552 seconds
2020-05-19T11:50:14.579+0000: 4371.516: Total time for which application threads were stopped: 0.0001345 seconds, Stopping threads took: 0.0000477 seconds
{Heap before GC invocations=81 (full 4):
 par new generation   total 109248K, used 109248K [0x00000000e0000000, 0x00000000e8000000, 0x00000000e8000000)
  eden space 87424K, 100% used [0x00000000e0000000, 0x00000000e5560000, 0x00000000e5560000)
  from space 21824K, 100% used [0x00000000e6ab0000, 0x00000000e8000000, 0x00000000e8000000)
  to   space 21824K,   0% used [0x00000000e5560000, 0x00000000e5560000, 0x00000000e6ab0000)
 concurrent mark-sweep generation total 393216K, used 186578K [0x00000000e8000000, 0x0000000100000000, 0x0000000100000000)
 Metaspace       used 55213K, capacity 57010K, committed 57108K, reserved 1099776K
  class space    used 6555K, capacity 6950K, committed 6976K, reserved 1048576K
2020-05-19T11:50:14.660+0000: 4371.597: [GC (Allocation Failure) 2020-05-19T11:50:14.660+0000: 4371.597: [ParNew
Desired survivor size 20112992 bytes, new threshold 6 (max 8)
- age   1:    6213264 bytes,    6213264 total
- age   2:    2830008 bytes,    9043272 total
- age   3:    1512696 bytes,   10555968 total
- age   4:    3780360 bytes,   14336328 total
- age   5:    4596776 bytes,   18933104 total
- age   6:    2377880 bytes,   21310984 total
- age   7:     909280 bytes,   22220264 total
: 109248K->21824K(109248K), 0.0202063 secs] 295826K->217731K(502464K), 0.0203025 secs] [Times: user=0.06 sys=0.00, real=0.02 secs] 
Heap after GC invocations=82 (full 4):
 par new generation   total 109248K, used 21824K [0x00000000e0000000, 0x00000000e8000000, 0x00000000e8000000)
  eden space 87424K,   0% used [0x00000000e0000000, 0x00000000e0000000, 0x00000000e5560000)
  from space 21824K, 100% used [0x00000000e5560000, 0x00000000e6ab0000, 0x00000000e6ab0000)
  to   space 21824K,   0% used [0x00000000e6ab0000, 0x00000000e6ab0000, 0x00000000e8000000)
 concurrent mark-sweep generation total 393216K, used 195907K [0x00000000e8000000, 0x0000000100000000, 0x0000000100000000)
 Metaspace       used 55213K, capacity 57010K, committed 57108K, reserved 1099776K
  class space    used 6555K, capacity 6950K, committed 6976K, reserved 1048576K
}
2020-05-19T11:50:14.680+0000: 4371.617: Total time for which application threads were stopped: 0.0205768 seconds, Stopping threads took: 0.0000549 seconds
2020-05-19T11:50:14.681+0000: 4371.618: Total time for which application threads were stopped: 0.0001954 seconds, Stopping threads took: 0.0000638 seconds
2020-05-19T11:50:14.681+0000: 4371.618: Total time for which application threads were stopped: 0.0001922 seconds, Stopping threads took: 0.0000962 seconds
2020-05-19T11:50:14.681+0000: 4371.618: Total time for which application threads were stopped: 0.0003515 seconds, Stopping threads took: 0.0000529 seconds
{Heap before GC invocations=82 (full 4):
 par new generation   total 109248K, used 109248K [0x00000000e0000000, 0x00000000e8000000, 0x00000000e8000000)
  eden space 87424K, 100% used [0x00000000e0000000, 0x00000000e5560000, 0x00000000e5560000)
  from space 21824K, 100% used [0x00000000e5560000, 0x00000000e6ab0000, 0x00000000e6ab0000)
  to   space 21824K,   0% used [0x00000000e6ab0000, 0x00000000e6ab0000, 0x00000000e8000000)
 concurrent mark-sweep generation total 393216K, used 195907K [0x00000000e8000000, 0x0000000100000000, 0x0000000100000000)
 Metaspace       used 55232K, capacity 57010K, committed 57108K, reserved 1099776K
  class space    used 6555K, capacity 6950K, committed 6976K, reserved 1048576K
2020-05-19T11:50:14.769+0000: 4371.706: [GC (Allocation Failure) 2020-05-19T11:50:14.769+0000: 4371.706: [ParNew
Desired survivor size 20112992 bytes, new threshold 6 (max 8)
- age   1:    5310768 bytes,    5310768 total
- age   2:    4524176 bytes,    9834944 total
- age   3:    2641216 bytes,   12476160 total
- age   4:    1430456 bytes,   13906616 total
- age   5:    3779448 bytes,   17686064 total
- age   6:    4596776 bytes,   22282840 total
: 109248K->21824K(109248K), 0.0183398 secs] 305155K->227523K(502464K), 0.0184495 secs] [Times: user=0.06 sys=0.00, real=0.02 secs] 
Heap after GC invocations=83 (full 4):
 par new generation   total 109248K, used 21824K [0x00000000e0000000, 0x00000000e8000000, 0x00000000e8000000)
  eden space 87424K,   0% used [0x00000000e0000000, 0x00000000e0000000, 0x00000000e5560000)
  from space 21824K, 100% used [0x00000000e6ab0000, 0x00000000e8000000, 0x00000000e8000000)
  to   space 21824K,   0% used [0x00000000e5560000, 0x00000000e5560000, 0x00000000e6ab0000)
 concurrent mark-sweep generation total 393216K, used 205699K [0x00000000e8000000, 0x0000000100000000, 0x0000000100000000)
 Metaspace       used 55232K, capacity 57010K, committed 57108K, reserved 1099776K
  class space    used 6555K, capacity 6950K, committed 6976K, reserved 1048576K
}
2020-05-19T11:50:14.788+0000: 4371.724: Total time for which application threads were stopped: 0.0186704 seconds, Stopping threads took: 0.0000520 seconds
2020-05-19T11:50:14.788+0000: 4371.725: [GC (CMS Initial Mark) [1 CMS-initial-mark: 205699K(393216K)] 228630K(502464K), 0.0043454 secs] [Times: user=0.06 sys=0.00, real=0.00 secs] 
2020-05-19T11:50:14.792+0000: 4371.729: Total time for which application threads were stopped: 0.0045202 seconds, Stopping threads took: 0.0000676 seconds
2020-05-19T11:50:14.792+0000: 4371.729: [CMS-concurrent-mark-start]
2020-05-19T11:50:14.818+0000: 4371.756: [CMS-concurrent-mark: 0.027/0.027 secs] [Times: user=0.06 sys=0.00, real=0.03 secs] 
2020-05-19T11:50:14.818+0000: 4371.756: [CMS-concurrent-preclean-start]
2020-05-19T11:50:14.820+0000: 4371.757: Total time for which application threads were stopped: 0.0003646 seconds, Stopping threads took: 0.0001714 seconds
2020-05-19T11:50:14.820+0000: 4371.758: [CMS-concurrent-preclean: 0.002/0.002 secs] [Times: user=0.02 sys=0.00, real=0.00 secs] 
2020-05-19T11:50:14.820+0000: 4371.758: [GC (CMS Final Remark) [YG occupancy: 22931 K (109248 K)]{Heap before GC invocations=83 (full 5):
 par new generation   total 109248K, used 22931K [0x00000000e0000000, 0x00000000e8000000, 0x00000000e8000000)
  eden space 87424K,   1% used [0x00000000e0000000, 0x00000000e0114d58, 0x00000000e5560000)
  from space 21824K, 100% used [0x00000000e6ab0000, 0x00000000e8000000, 0x00000000e8000000)
  to   space 21824K,   0% used [0x00000000e5560000, 0x00000000e5560000, 0x00000000e6ab0000)
 concurrent mark-sweep generation total 393216K, used 205699K [0x00000000e8000000, 0x0000000100000000, 0x0000000100000000)
 Metaspace       used 55232K, capacity 57010K, committed 57108K, reserved 1099776K
  class space    used 6555K, capacity 6950K, committed 6976K, reserved 1048576K
2020-05-19T11:50:14.821+0000: 4371.758: [GC (CMS Final Remark) 2020-05-19T11:50:14.821+0000: 4371.758: [ParNew
Desired survivor size 20112992 bytes, new threshold 8 (max 8)
- age   1:      51000 bytes,      51000 total
- age   2:    4056472 bytes,    4107472 total
- age   3:    4228192 bytes,    8335664 total
- age   4:    2511448 bytes,   10847112 total
- age   5:    1397824 bytes,   12244936 total
- age   6:    3647728 bytes,   15892664 total
: 22931K->21824K(109248K), 0.0125084 secs] 228630K->233844K(502464K), 0.0125973 secs] [Times: user=0.00 sys=0.00, real=0.01 secs] 
Heap after GC invocations=84 (full 5):
 par new generation   total 109248K, used 21824K [0x00000000e0000000, 0x00000000e8000000, 0x00000000e8000000)
  eden space 87424K,   0% used [0x00000000e0000000, 0x00000000e0000000, 0x00000000e5560000)
  from space 21824K, 100% used [0x00000000e5560000, 0x00000000e6ab0000, 0x00000000e6ab0000)
  to   space 21824K,   0% used [0x00000000e6ab0000, 0x00000000e6ab0000, 0x00000000e8000000)
 concurrent mark-sweep generation total 393216K, used 212020K [0x00000000e8000000, 0x0000000100000000, 0x0000000100000000)
 Metaspace       used 55232K, capacity 57010K, committed 57108K, reserved 1099776K
  class space    used 6555K, capacity 6950K, committed 6976K, reserved 1048576K
}
2020-05-19T11:50:14.833+0000: 4371.771: [Rescan (parallel) , 0.0042783 secs]2020-05-19T11:50:14.838+0000: 4371.775: [weak refs processing, 0.0021653 secs]2020-05-19T11:50:14.840+0000: 4371.777: [class unloading, 0.0097905 secs]2020-05-19T11:50:14.850+0000: 4371.787: [scrub symbol table, 0.0098430 secs]2020-05-19T11:50:14.859+0000: 4371.797: [scrub string table, 0.0006071 secs][1 CMS-remark: 212020K(393216K)] 233844K(502464K), 0.0397014 secs] [Times: user=0.08 sys=0.00, real=0.04 secs] 
2020-05-19T11:50:14.860+0000: 4371.798: Total time for which application threads were stopped: 0.0398595 seconds, Stopping threads took: 0.0000516 seconds
2020-05-19T11:50:14.860+0000: 4371.798: [CMS-concurrent-sweep-start]
2020-05-19T11:50:14.862+0000: 4371.799: Total time for which application threads were stopped: 0.0001682 seconds, Stopping threads took: 0.0000726 seconds
2020-05-19T11:50:14.862+0000: 4371.799: Total time for which application threads were stopped: 0.0000880 seconds, Stopping threads took: 0.0000416 seconds
2020-05-19T11:50:14.862+0000: 4371.800: Total time for which application threads were stopped: 0.0000825 seconds, Stopping threads took: 0.0000416 seconds
2020-05-19T11:50:14.863+0000: 4371.800: Total time for which application threads were stopped: 0.0000790 seconds, Stopping threads took: 0.0000380 seconds
2020-05-19T11:50:14.956+0000: 4371.893: [CMS-concurrent-sweep: 0.095/0.096 secs] [Times: user=0.30 sys=0.00, real=0.10 secs] 
2020-05-19T11:50:14.956+0000: 4371.894: [CMS-concurrent-reset-start]
2020-05-19T11:50:14.957+0000: 4371.894: [CMS-concurrent-reset: 0.001/0.001 secs] [Times: user=0.00 sys=0.00, real=0.00 secs] 
2020-05-19T11:50:15.617+0000: 4372.555: Total time for which application threads were stopped: 0.0001298 seconds, Stopping threads took: 0.0000539 seconds
2020-05-19T11:50:15.617+0000: 4372.555: Total time for which application threads were stopped: 0.0000872 seconds, Stopping threads took: 0.0000402 seconds
2020-05-19T11:50:15.618+0000: 4372.555: Total time for which application threads were stopped: 0.0001640 seconds, Stopping threads took: 0.0000591 seconds
2020-05-19T11:50:15.619+0000: 4372.556: Total time for which application threads were stopped: 0.0001067 seconds, Stopping threads took: 0.0000525 seconds
2020-05-19T11:50:15.619+0000: 4372.557: Total time for which application threads were stopped: 0.0000925 seconds, Stopping threads took: 0.0000365 seconds
2020-05-19T11:50:16.620+0000: 4373.557: Total time for which application threads were stopped: 0.0006918 seconds, Stopping threads took: 0.0006006 seconds
2020-05-19T11:50:29.457+0000: 4386.394: Total time for which application threads were stopped: 0.0000796 seconds, Stopping threads took: 0.0000233 seconds
2020-05-19T11:53:16.526+0000: 4553.463: Total time for which application threads were stopped: 0.0002159 seconds, Stopping threads took: 0.0000507 seconds
2020-05-19T11:53:19.118+0000: 4556.055: Total time for which application threads were stopped: 0.0000907 seconds, Stopping threads took: 0.0000232 seconds
2020-05-19T11:53:19.118+0000: 4556.056: Total time for which application threads were stopped: 0.0001112 seconds, Stopping threads took: 0.0000282 seconds
2020-05-19T11:53:43.131+0000: 4580.068: Total time for which application threads were stopped: 0.0001246 seconds, Stopping threads took: 0.0000332 seconds
2020-05-19T11:55:43.184+0000: 4700.121: Total time for which application threads were stopped: 0.0001083 seconds, Stopping threads took: 0.0000307 seconds
2020-05-19T11:56:43.207+0000: 4760.144: Total time for which application threads were stopped: 0.0001645 seconds, Stopping threads took: 0.0000473 seconds
2020-05-19T11:57:19.225+0000: 4796.162: Total time for which application threads were stopped: 0.0000856 seconds, Stopping threads took: 0.0000249 seconds
2020-05-19T12:00:42.318+0000: 4999.255: Total time for which application threads were stopped: 0.0001261 seconds, Stopping threads took: 0.0000452 seconds
2020-05-19T12:01:42.343+0000: 5059.280: Total time for which application threads were stopped: 0.0001100 seconds, Stopping threads took: 0.0000303 seconds
2020-05-19T12:03:42.399+0000: 5179.335: Total time for which application threads were stopped: 0.0001718 seconds, Stopping threads took: 0.0000350 seconds
2020-05-19T12:05:42.454+0000: 5299.391: Total time for which application threads were stopped: 0.0001387 seconds, Stopping threads took: 0.0000449 seconds
2020-05-19T12:15:42.725+0000: 5899.661: Total time for which application threads were stopped: 0.0001165 seconds, Stopping threads took: 0.0000345 seconds
2020-05-19T12:17:10.178+0000: 5987.115: Total time for which application threads were stopped: 0.0004353 seconds, Stopping threads took: 0.0002971 seconds
{Heap before GC invocations=84 (full 5):
 par new generation   total 109248K, used 109248K [0x00000000e0000000, 0x00000000e8000000, 0x00000000e8000000)
  eden space 87424K, 100% used [0x00000000e0000000, 0x00000000e5560000, 0x00000000e5560000)
  from space 21824K, 100% used [0x00000000e5560000, 0x00000000e6ab0000, 0x00000000e6ab0000)
  to   space 21824K,   0% used [0x00000000e6ab0000, 0x00000000e6ab0000, 0x00000000e8000000)
 concurrent mark-sweep generation total 393216K, used 78552K [0x00000000e8000000, 0x0000000100000000, 0x0000000100000000)
 Metaspace       used 55309K, capacity 57090K, committed 57364K, reserved 1099776K
  class space    used 6556K, capacity 6952K, committed 6976K, reserved 1048576K
2020-05-19T12:17:10.287+0000: 5987.224: [GC (Allocation Failure) 2020-05-19T12:17:10.287+0000: 5987.224: [ParNew
Desired survivor size 20112992 bytes, new threshold 7 (max 8)
- age   1:    7512464 bytes,    7512464 total
- age   2:        184 bytes,    7512648 total
- age   3:    3109752 bytes,   10622400 total
- age   4:    4156952 bytes,   14779352 total
- age   5:    2460000 bytes,   17239352 total
- age   6:    1347776 bytes,   18587128 total
- age   7:    3642704 bytes,   22229832 total
: 109248K->21824K(109248K), 0.0152690 secs] 187800K->102895K(502464K), 0.0154283 secs] [Times: user=0.03 sys=0.00, real=0.02 secs] 
Heap after GC invocations=85 (full 5):
 par new generation   total 109248K, used 21824K [0x00000000e0000000, 0x00000000e8000000, 0x00000000e8000000)
  eden space 87424K,   0% used [0x00000000e0000000, 0x00000000e0000000, 0x00000000e5560000)
  from space 21824K, 100% used [0x00000000e6ab0000, 0x00000000e8000000, 0x00000000e8000000)
  to   space 21824K,   0% used [0x00000000e5560000, 0x00000000e5560000, 0x00000000e6ab0000)
 concurrent mark-sweep generation total 393216K, used 81071K [0x00000000e8000000, 0x0000000100000000, 0x0000000100000000)
 Metaspace       used 55309K, capacity 57090K, committed 57364K, reserved 1099776K
  class space    used 6556K, capacity 6952K, committed 6976K, reserved 1048576K
}
2020-05-19T12:17:10.303+0000: 5987.239: Total time for which application threads were stopped: 0.0157873 seconds, Stopping threads took: 0.0000668 seconds
2020-05-19T12:17:10.303+0000: 5987.240: Total time for which application threads were stopped: 0.0001772 seconds, Stopping threads took: 0.0000622 seconds
2020-05-19T12:17:10.303+0000: 5987.240: Total time for which application threads were stopped: 0.0001508 seconds, Stopping threads took: 0.0000466 seconds
2020-05-19T12:17:10.317+0000: 5987.253: Total time for which application threads were stopped: 0.0001547 seconds, Stopping threads took: 0.0000554 seconds
{Heap before GC invocations=85 (full 5):
 par new generation   total 109248K, used 109248K [0x00000000e0000000, 0x00000000e8000000, 0x00000000e8000000)
  eden space 87424K, 100% used [0x00000000e0000000, 0x00000000e5560000, 0x00000000e5560000)
  from space 21824K, 100% used [0x00000000e6ab0000, 0x00000000e8000000, 0x00000000e8000000)
  to   space 21824K,   0% used [0x00000000e5560000, 0x00000000e5560000, 0x00000000e6ab0000)
 concurrent mark-sweep generation total 393216K, used 81071K [0x00000000e8000000, 0x0000000100000000, 0x0000000100000000)
 Metaspace       used 55313K, capacity 57090K, committed 57364K, reserved 1099776K
  class space    used 6556K, capacity 6952K, committed 6976K, reserved 1048576K
2020-05-19T12:17:10.461+0000: 5987.399: [GC (Allocation Failure) 2020-05-19T12:17:10.461+0000: 5987.399: [ParNew
Desired survivor size 20112992 bytes, new threshold 8 (max 8)
- age   1:    5592616 bytes,    5592616 total
- age   2:    3609744 bytes,    9202360 total
- age   3:        184 bytes,    9202544 total
- age   4:    2567448 bytes,   11769992 total
- age   5:    4156400 bytes,   15926392 total
- age   6:    2460000 bytes,   18386392 total
- age   7:    1347776 bytes,   19734168 total
: 109248K->21824K(109248K), 0.0149390 secs] 190319K->111519K(502464K), 0.0152185 secs] [Times: user=0.02 sys=0.00, real=0.02 secs] 
Heap after GC invocations=86 (full 5):
 par new generation   total 109248K, used 21824K [0x00000000e0000000, 0x00000000e8000000, 0x00000000e8000000)
  eden space 87424K,   0% used [0x00000000e0000000, 0x00000000e0000000, 0x00000000e5560000)
  from space 21824K, 100% used [0x00000000e5560000, 0x00000000e6ab0000, 0x00000000e6ab0000)
  to   space 21824K,   0% used [0x00000000e6ab0000, 0x00000000e6ab0000, 0x00000000e8000000)
 concurrent mark-sweep generation total 393216K, used 89695K [0x00000000e8000000, 0x0000000100000000, 0x0000000100000000)
 Metaspace       used 55313K, capacity 57090K, committed 57364K, reserved 1099776K
  class space    used 6556K, capacity 6952K, committed 6976K, reserved 1048576K
}
2020-05-19T12:17:10.477+0000: 5987.414: Total time for which application threads were stopped: 0.0157081 seconds, Stopping threads took: 0.0000601 seconds
2020-05-19T12:17:10.477+0000: 5987.414: Total time for which application threads were stopped: 0.0001882 seconds, Stopping threads took: 0.0000695 seconds
2020-05-19T12:17:10.477+0000: 5987.415: Total time for which application threads were stopped: 0.0001292 seconds, Stopping threads took: 0.0000453 seconds
{Heap before GC invocations=86 (full 5):
 par new generation   total 109248K, used 109248K [0x00000000e0000000, 0x00000000e8000000, 0x00000000e8000000)
  eden space 87424K, 100% used [0x00000000e0000000, 0x00000000e5560000, 0x00000000e5560000)
  from space 21824K, 100% used [0x00000000e5560000, 0x00000000e6ab0000, 0x00000000e6ab0000)
  to   space 21824K,   0% used [0x00000000e6ab0000, 0x00000000e6ab0000, 0x00000000e8000000)
 concurrent mark-sweep generation total 393216K, used 89695K [0x00000000e8000000, 0x0000000100000000, 0x0000000100000000)
 Metaspace       used 55320K, capacity 57154K, committed 57364K, reserved 1099776K
  class space    used 6556K, capacity 6952K, committed 6976K, reserved 1048576K
2020-05-19T12:17:10.591+0000: 5987.528: [GC (Allocation Failure) 2020-05-19T12:17:10.591+0000: 5987.528: [ParNew
Desired survivor size 20112992 bytes, new threshold 7 (max 8)
- age   1:    4922160 bytes,    4922160 total
- age   2:    2812328 bytes,    7734488 total
- age   3:    3609440 bytes,   11343928 total
- age   4:        184 bytes,   11344112 total
- age   5:    2567448 bytes,   13911560 total
- age   6:    4156400 bytes,   18067960 total
- age   7:    2460000 bytes,   20527960 total
- age   8:    1347776 bytes,   21875736 total
: 109248K->21824K(109248K), 0.0147054 secs] 198943K->117235K(502464K), 0.0147805 secs] [Times: user=0.03 sys=0.00, real=0.01 secs] 
Heap after GC invocations=87 (full 5):
 par new generation   total 109248K, used 21824K [0x00000000e0000000, 0x00000000e8000000, 0x00000000e8000000)
  eden space 87424K,   0% used [0x00000000e0000000, 0x00000000e0000000, 0x00000000e5560000)
  from space 21824K, 100% used [0x00000000e6ab0000, 0x00000000e8000000, 0x00000000e8000000)
  to   space 21824K,   0% used [0x00000000e5560000, 0x00000000e5560000, 0x00000000e6ab0000)
 concurrent mark-sweep generation total 393216K, used 95411K [0x00000000e8000000, 0x0000000100000000, 0x0000000100000000)
 Metaspace       used 55320K, capacity 57154K, committed 57364K, reserved 1099776K
  class space    used 6556K, capacity 6952K, committed 6976K, reserved 1048576K
}
2020-05-19T12:17:10.606+0000: 5987.543: Total time for which application threads were stopped: 0.0150652 seconds, Stopping threads took: 0.0000623 seconds
2020-05-19T12:17:10.606+0000: 5987.543: Total time for which application threads were stopped: 0.0001531 seconds, Stopping threads took: 0.0000626 seconds
2020-05-19T12:17:10.606+0000: 5987.543: Total time for which application threads were stopped: 0.0001143 seconds, Stopping threads took: 0.0000484 seconds
2020-05-19T12:17:11.178+0000: 5988.115: Total time for which application threads were stopped: 0.0001264 seconds, Stopping threads took: 0.0000617 seconds
2020-05-19T12:17:11.178+0000: 5988.115: Total time for which application threads were stopped: 0.0000529 seconds, Stopping threads took: 0.0000184 seconds
2020-05-19T12:17:11.179+0000: 5988.116: Total time for which application threads were stopped: 0.0003474 seconds, Stopping threads took: 0.0000829 seconds
2020-05-19T12:17:11.180+0000: 5988.117: Total time for which application threads were stopped: 0.0001193 seconds, Stopping threads took: 0.0000593 seconds
2020-05-19T12:17:11.180+0000: 5988.117: Total time for which application threads were stopped: 0.0001356 seconds, Stopping threads took: 0.0000882 seconds
2020-05-19T12:17:11.180+0000: 5988.118: Total time for which application threads were stopped: 0.0001384 seconds, Stopping threads took: 0.0000948 seconds
2020-05-19T12:17:11.181+0000: 5988.118: Total time for which application threads were stopped: 0.0000946 seconds, Stopping threads took: 0.0000352 seconds
2020-05-19T12:17:11.181+0000: 5988.118: Total time for which application threads were stopped: 0.0001021 seconds, Stopping threads took: 0.0000530 seconds
2020-05-19T12:17:24.458+0000: 6001.395: Total time for which application threads were stopped: 0.0002413 seconds, Stopping threads took: 0.0001807 seconds
2020-05-19T12:17:24.461+0000: 6001.398: Total time for which application threads were stopped: 0.0001911 seconds, Stopping threads took: 0.0000996 seconds
2020-05-19T12:17:24.463+0000: 6001.399: Total time for which application threads were stopped: 0.0002499 seconds, Stopping threads took: 0.0000709 seconds
2020-05-19T12:17:24.477+0000: 6001.413: Total time for which application threads were stopped: 0.0001416 seconds, Stopping threads took: 0.0000559 seconds
2020-05-19T12:17:24.478+0000: 6001.415: Total time for which application threads were stopped: 0.0001530 seconds, Stopping threads took: 0.0000580 seconds
2020-05-19T12:17:24.587+0000: 6001.524: Total time for which application threads were stopped: 0.0001409 seconds, Stopping threads took: 0.0000512 seconds
{Heap before GC invocations=87 (full 5):
 par new generation   total 109248K, used 109248K [0x00000000e0000000, 0x00000000e8000000, 0x00000000e8000000)
  eden space 87424K, 100% used [0x00000000e0000000, 0x00000000e5560000, 0x00000000e5560000)
  from space 21824K, 100% used [0x00000000e6ab0000, 0x00000000e8000000, 0x00000000e8000000)
  to   space 21824K,   0% used [0x00000000e5560000, 0x00000000e5560000, 0x00000000e6ab0000)
 concurrent mark-sweep generation total 393216K, used 95411K [0x00000000e8000000, 0x0000000100000000, 0x0000000100000000)
 Metaspace       used 55342K, capacity 57154K, committed 57364K, reserved 1099776K
  class space    used 6556K, capacity 6952K, committed 6976K, reserved 1048576K
2020-05-19T12:17:24.637+0000: 6001.574: [GC (Allocation Failure) 2020-05-19T12:17:24.637+0000: 6001.574: [ParNew
Desired survivor size 20112992 bytes, new threshold 7 (max 8)
- age   1:    5029984 bytes,    5029984 total
- age   2:    3034112 bytes,    8064096 total
- age   3:    2566584 bytes,   10630680 total
- age   4:    3228080 bytes,   13858760 total
- age   5:        120 bytes,   13858880 total
- age   6:    2444320 bytes,   16303200 total
- age   7:    4156368 bytes,   20459568 total
: 109248K->21824K(109248K), 0.0181051 secs] 204659K->124750K(502464K), 0.0182222 secs] [Times: user=0.06 sys=0.00, real=0.02 secs] 
Heap after GC invocations=88 (full 5):
 par new generation   total 109248K, used 21824K [0x00000000e0000000, 0x00000000e8000000, 0x00000000e8000000)
  eden space 87424K,   0% used [0x00000000e0000000, 0x00000000e0000000, 0x00000000e5560000)
  from space 21824K, 100% used [0x00000000e5560000, 0x00000000e6ab0000, 0x00000000e6ab0000)
  to   space 21824K,   0% used [0x00000000e6ab0000, 0x00000000e6ab0000, 0x00000000e8000000)
 concurrent mark-sweep generation total 393216K, used 102926K [0x00000000e8000000, 0x0000000100000000, 0x0000000100000000)
 Metaspace       used 55342K, capacity 57154K, committed 57364K, reserved 1099776K
  class space    used 6556K, capacity 6952K, committed 6976K, reserved 1048576K
}
2020-05-19T12:17:24.656+0000: 6001.592: Total time for which application threads were stopped: 0.0185491 seconds, Stopping threads took: 0.0000570 seconds
2020-05-19T12:17:24.656+0000: 6001.593: Total time for which application threads were stopped: 0.0001916 seconds, Stopping threads took: 0.0000628 seconds
2020-05-19T12:17:24.656+0000: 6001.593: Total time for which application threads were stopped: 0.0004181 seconds, Stopping threads took: 0.0000561 seconds
2020-05-19T12:17:24.657+0000: 6001.594: Total time for which application threads were stopped: 0.0003174 seconds, Stopping threads took: 0.0002546 seconds
{Heap before GC invocations=88 (full 5):
 par new generation   total 109248K, used 109248K [0x00000000e0000000, 0x00000000e8000000, 0x00000000e8000000)
  eden space 87424K, 100% used [0x00000000e0000000, 0x00000000e5560000, 0x00000000e5560000)
  from space 21824K, 100% used [0x00000000e5560000, 0x00000000e6ab0000, 0x00000000e6ab0000)
  to   space 21824K,   0% used [0x00000000e6ab0000, 0x00000000e6ab0000, 0x00000000e8000000)
 concurrent mark-sweep generation total 393216K, used 102926K [0x00000000e8000000, 0x0000000100000000, 0x0000000100000000)
 Metaspace       used 55345K, capacity 57154K, committed 57364K, reserved 1099776K
  class space    used 6556K, capacity 6952K, committed 6976K, reserved 1048576K
2020-05-19T12:17:24.752+0000: 6001.690: [GC (Allocation Failure) 2020-05-19T12:17:24.752+0000: 6001.690: [ParNew
Desired survivor size 20112992 bytes, new threshold 7 (max 8)
- age   1:    7291224 bytes,    7291224 total
- age   2:    4075136 bytes,   11366360 total
- age   3:    2601376 bytes,   13967736 total
- age   4:    2564912 bytes,   16532648 total
- age   5:    3227856 bytes,   19760504 total
- age   6:        120 bytes,   19760624 total
- age   7:    2444320 bytes,   22204944 total
: 109248K->21824K(109248K), 0.0165230 secs] 212174K->132442K(502464K), 0.0165991 secs] [Times: user=0.06 sys=0.00, real=0.02 secs] 
Heap after GC invocations=89 (full 5):
 par new generation   total 109248K, used 21824K [0x00000000e0000000, 0x00000000e8000000, 0x00000000e8000000)
  eden space 87424K,   0% used [0x00000000e0000000, 0x00000000e0000000, 0x00000000e5560000)
  from space 21824K, 100% used [0x00000000e6ab0000, 0x00000000e8000000, 0x00000000e8000000)
  to   space 21824K,   0% used [0x00000000e5560000, 0x00000000e5560000, 0x00000000e6ab0000)
 concurrent mark-sweep generation total 393216K, used 110618K [0x00000000e8000000, 0x0000000100000000, 0x0000000100000000)
 Metaspace       used 55345K, capacity 57154K, committed 57364K, reserved 1099776K
  class space    used 6556K, capacity 6952K, committed 6976K, reserved 1048576K
}
2020-05-19T12:17:24.769+0000: 6001.706: Total time for which application threads were stopped: 0.0168163 seconds, Stopping threads took: 0.0000530 seconds
2020-05-19T12:17:24.769+0000: 6001.707: Total time for which application threads were stopped: 0.0001585 seconds, Stopping threads took: 0.0000661 seconds
2020-05-19T12:17:25.769+0000: 6002.706: Total time for which application threads were stopped: 0.0001373 seconds, Stopping threads took: 0.0000513 seconds
2020-05-19T12:17:25.823+0000: 6002.760: Total time for which application threads were stopped: 0.0155082 seconds, Stopping threads took: 0.0153944 seconds
2020-05-19T12:17:25.824+0000: 6002.761: Total time for which application threads were stopped: 0.0001257 seconds, Stopping threads took: 0.0000600 seconds
2020-05-19T12:17:25.824+0000: 6002.762: Total time for which application threads were stopped: 0.0000923 seconds, Stopping threads took: 0.0000475 seconds
2020-05-19T12:17:25.825+0000: 6002.762: Total time for which application threads were stopped: 0.0000904 seconds, Stopping threads took: 0.0000489 seconds
2020-05-19T12:17:25.825+0000: 6002.762: Total time for which application threads were stopped: 0.0000738 seconds, Stopping threads took: 0.0000440 seconds
2020-05-19T12:17:39.478+0000: 6016.416: Total time for which application threads were stopped: 0.0001191 seconds, Stopping threads took: 0.0000359 seconds
2020-05-19T12:18:35.347+0000: 6072.283: Total time for which application threads were stopped: 0.0002320 seconds, Stopping threads took: 0.0001541 seconds
2020-05-19T12:18:35.350+0000: 6072.287: Total time for which application threads were stopped: 0.0000996 seconds, Stopping threads took: 0.0000301 seconds
2020-05-19T12:18:35.365+0000: 6072.301: Total time for which application threads were stopped: 0.0001079 seconds, Stopping threads took: 0.0000312 seconds
2020-05-19T12:18:35.397+0000: 6072.334: Total time for which application threads were stopped: 0.0001159 seconds, Stopping threads took: 0.0000294 seconds
{Heap before GC invocations=89 (full 5):
 par new generation   total 109248K, used 109248K [0x00000000e0000000, 0x00000000e8000000, 0x00000000e8000000)
  eden space 87424K, 100% used [0x00000000e0000000, 0x00000000e5560000, 0x00000000e5560000)
  from space 21824K, 100% used [0x00000000e6ab0000, 0x00000000e8000000, 0x00000000e8000000)
  to   space 21824K,   0% used [0x00000000e5560000, 0x00000000e5560000, 0x00000000e6ab0000)
 concurrent mark-sweep generation total 393216K, used 110618K [0x00000000e8000000, 0x0000000100000000, 0x0000000100000000)
 Metaspace       used 55363K, capacity 57162K, committed 57364K, reserved 1099776K
  class space    used 6556K, capacity 6952K, committed 6976K, reserved 1048576K
2020-05-19T12:18:35.466+0000: 6072.403: [GC (Allocation Failure) 2020-05-19T12:18:35.466+0000: 6072.404: [ParNew
Desired survivor size 20112992 bytes, new threshold 6 (max 8)
- age   1:    5490480 bytes,    5490480 total
- age   2:    3739776 bytes,    9230256 total
- age   3:    3504296 bytes,   12734552 total
- age   4:    2601376 bytes,   15335928 total
- age   5:    2564608 bytes,   17900536 total
- age   6:    3221824 bytes,   21122360 total
- age   7:        120 bytes,   21122480 total
: 109248K->21824K(109248K), 0.0162866 secs] 219866K->138705K(502464K), 0.0164572 secs] [Times: user=0.05 sys=0.00, real=0.02 secs] 
Heap after GC invocations=90 (full 5):
 par new generation   total 109248K, used 21824K [0x00000000e0000000, 0x00000000e8000000, 0x00000000e8000000)
  eden space 87424K,   0% used [0x00000000e0000000, 0x00000000e0000000, 0x00000000e5560000)
  from space 21824K, 100% used [0x00000000e5560000, 0x00000000e6ab0000, 0x00000000e6ab0000)
  to   space 21824K,   0% used [0x00000000e6ab0000, 0x00000000e6ab0000, 0x00000000e8000000)
 concurrent mark-sweep generation total 393216K, used 116881K [0x00000000e8000000, 0x0000000100000000, 0x0000000100000000)
 Metaspace       used 55363K, capacity 57162K, committed 57364K, reserved 1099776K
  class space    used 6556K, capacity 6952K, committed 6976K, reserved 1048576K
}
2020-05-19T12:18:35.483+0000: 6072.420: Total time for which application threads were stopped: 0.0167638 seconds, Stopping threads took: 0.0000562 seconds
2020-05-19T12:18:35.483+0000: 6072.420: Total time for which application threads were stopped: 0.0001628 seconds, Stopping threads took: 0.0000528 seconds
2020-05-19T12:18:35.483+0000: 6072.420: Total time for which application threads were stopped: 0.0001542 seconds, Stopping threads took: 0.0000533 seconds
2020-05-19T12:18:35.498+0000: 6072.435: Total time for which application threads were stopped: 0.0001814 seconds, Stopping threads took: 0.0000598 seconds
{Heap before GC invocations=90 (full 5):
 par new generation   total 109248K, used 109248K [0x00000000e0000000, 0x00000000e8000000, 0x00000000e8000000)
  eden space 87424K, 100% used [0x00000000e0000000, 0x00000000e5560000, 0x00000000e5560000)
  from space 21824K, 100% used [0x00000000e5560000, 0x00000000e6ab0000, 0x00000000e6ab0000)
  to   space 21824K,   0% used [0x00000000e6ab0000, 0x00000000e6ab0000, 0x00000000e8000000)
 concurrent mark-sweep generation total 393216K, used 116881K [0x00000000e8000000, 0x0000000100000000, 0x0000000100000000)
 Metaspace       used 55368K, capacity 57162K, committed 57364K, reserved 1099776K
  class space    used 6556K, capacity 6952K, committed 6976K, reserved 1048576K
2020-05-19T12:18:35.667+0000: 6072.604: [GC (Allocation Failure) 2020-05-19T12:18:35.667+0000: 6072.604: [ParNew
Desired survivor size 20112992 bytes, new threshold 8 (max 8)
- age   1:    5589008 bytes,    5589008 total
- age   2:    2193376 bytes,    7782384 total
- age   3:    3734800 bytes,   11517184 total
- age   4:    3419800 bytes,   14936984 total
- age   5:    2601376 bytes,   17538360 total
- age   6:    2564608 bytes,   20102968 total
: 109248K->21824K(109248K), 0.0175315 secs] 226129K->147586K(502464K), 0.0176042 secs] [Times: user=0.06 sys=0.00, real=0.02 secs] 
Heap after GC invocations=91 (full 5):
 par new generation   total 109248K, used 21824K [0x00000000e0000000, 0x00000000e8000000, 0x00000000e8000000)
  eden space 87424K,   0% used [0x00000000e0000000, 0x00000000e0000000, 0x00000000e5560000)
  from space 21824K, 100% used [0x00000000e6ab0000, 0x00000000e8000000, 0x00000000e8000000)
  to   space 21824K,   0% used [0x00000000e5560000, 0x00000000e5560000, 0x00000000e6ab0000)
 concurrent mark-sweep generation total 393216K, used 125762K [0x00000000e8000000, 0x0000000100000000, 0x0000000100000000)
 Metaspace       used 55368K, capacity 57162K, committed 57364K, reserved 1099776K
  class space    used 6556K, capacity 6952K, committed 6976K, reserved 1048576K
}
2020-05-19T12:18:35.685+0000: 6072.621: Total time for which application threads were stopped: 0.0179153 seconds, Stopping threads took: 0.0000589 seconds
2020-05-19T12:18:35.685+0000: 6072.622: Total time for which application threads were stopped: 0.0001780 seconds, Stopping threads took: 0.0000628 seconds
2020-05-19T12:18:35.685+0000: 6072.622: Total time for which application threads were stopped: 0.0001425 seconds, Stopping threads took: 0.0000438 seconds
2020-05-19T12:18:35.685+0000: 6072.622: Total time for which application threads were stopped: 0.0001192 seconds, Stopping threads took: 0.0000588 seconds
2020-05-19T12:18:35.685+0000: 6072.622: Total time for which application threads were stopped: 0.0001017 seconds, Stopping threads took: 0.0000500 seconds
{Heap before GC invocations=91 (full 5):
 par new generation   total 109248K, used 109248K [0x00000000e0000000, 0x00000000e8000000, 0x00000000e8000000)
  eden space 87424K, 100% used [0x00000000e0000000, 0x00000000e5560000, 0x00000000e5560000)
  from space 21824K, 100% used [0x00000000e6ab0000, 0x00000000e8000000, 0x00000000e8000000)
  to   space 21824K,   0% used [0x00000000e5560000, 0x00000000e5560000, 0x00000000e6ab0000)
 concurrent mark-sweep generation total 393216K, used 125762K [0x00000000e8000000, 0x0000000100000000, 0x0000000100000000)
 Metaspace       used 55373K, capacity 57162K, committed 57364K, reserved 1099776K
  class space    used 6556K, capacity 6952K, committed 6976K, reserved 1048576K
2020-05-19T12:18:35.811+0000: 6072.748: [GC (Allocation Failure) 2020-05-19T12:18:35.811+0000: 6072.748: [ParNew
Desired survivor size 20112992 bytes, new threshold 7 (max 8)
- age   1:    4559520 bytes,    4559520 total
- age   2:    3270712 bytes,    7830232 total
- age   3:    2188976 bytes,   10019208 total
- age   4:    3734800 bytes,   13754008 total
- age   5:    3419656 bytes,   17173664 total
- age   6:    2601376 bytes,   19775040 total
- age   7:    2564608 bytes,   22339648 total
: 109248K->21824K(109248K), 0.0157862 secs] 235010K->153656K(502464K), 0.0158568 secs] [Times: user=0.05 sys=0.00, real=0.02 secs] 
Heap after GC invocations=92 (full 5):
 par new generation   total 109248K, used 21824K [0x00000000e0000000, 0x00000000e8000000, 0x00000000e8000000)
  eden space 87424K,   0% used [0x00000000e0000000, 0x00000000e0000000, 0x00000000e5560000)
  from space 21824K, 100% used [0x00000000e5560000, 0x00000000e6ab0000, 0x00000000e6ab0000)
  to   space 21824K,   0% used [0x00000000e6ab0000, 0x00000000e6ab0000, 0x00000000e8000000)
 concurrent mark-sweep generation total 393216K, used 131832K [0x00000000e8000000, 0x0000000100000000, 0x0000000100000000)
 Metaspace       used 55373K, capacity 57162K, committed 57364K, reserved 1099776K
  class space    used 6556K, capacity 6952K, committed 6976K, reserved 1048576K
}
2020-05-19T12:18:35.827+0000: 6072.764: Total time for which application threads were stopped: 0.0160768 seconds, Stopping threads took: 0.0000538 seconds
2020-05-19T12:18:35.827+0000: 6072.764: Total time for which application threads were stopped: 0.0001432 seconds, Stopping threads took: 0.0000605 seconds
2020-05-19T12:18:35.827+0000: 6072.765: Total time for which application threads were stopped: 0.0001015 seconds, Stopping threads took: 0.0000403 seconds
2020-05-19T12:18:36.624+0000: 6073.561: Total time for which application threads were stopped: 0.0001259 seconds, Stopping threads took: 0.0000572 seconds
2020-05-19T12:18:36.624+0000: 6073.561: Total time for which application threads were stopped: 0.0001997 seconds, Stopping threads took: 0.0000356 seconds
2020-05-19T12:18:36.624+0000: 6073.561: Total time for which application threads were stopped: 0.0000683 seconds, Stopping threads took: 0.0000355 seconds
2020-05-19T12:18:36.626+0000: 6073.563: Total time for which application threads were stopped: 0.0001479 seconds, Stopping threads took: 0.0000562 seconds
2020-05-19T12:18:36.626+0000: 6073.563: Total time for which application threads were stopped: 0.0000824 seconds, Stopping threads took: 0.0000355 seconds
2020-05-19T12:18:36.626+0000: 6073.563: Total time for which application threads were stopped: 0.0000610 seconds, Stopping threads took: 0.0000267 seconds
2020-05-19T12:18:36.626+0000: 6073.563: Total time for which application threads were stopped: 0.0000552 seconds, Stopping threads took: 0.0000261 seconds
2020-05-19T12:18:37.626+0000: 6074.563: Total time for which application threads were stopped: 0.0001202 seconds, Stopping threads took: 0.0000589 seconds
2020-05-19T12:18:41.018+0000: 6077.955: Total time for which application threads were stopped: 0.0002957 seconds, Stopping threads took: 0.0002165 seconds
2020-05-19T12:18:41.022+0000: 6077.960: Total time for which application threads were stopped: 0.0001246 seconds, Stopping threads took: 0.0000477 seconds
2020-05-19T12:18:41.023+0000: 6077.961: Total time for which application threads were stopped: 0.0001373 seconds, Stopping threads took: 0.0000556 seconds
2020-05-19T12:18:41.037+0000: 6077.974: Total time for which application threads were stopped: 0.0002787 seconds, Stopping threads took: 0.0001872 seconds
2020-05-19T12:18:41.038+0000: 6077.975: Total time for which application threads were stopped: 0.0001476 seconds, Stopping threads took: 0.0000576 seconds
2020-05-19T12:18:41.127+0000: 6078.064: Total time for which application threads were stopped: 0.0001924 seconds, Stopping threads took: 0.0000604 seconds
{Heap before GC invocations=92 (full 5):
 par new generation   total 109248K, used 109248K [0x00000000e0000000, 0x00000000e8000000, 0x00000000e8000000)
  eden space 87424K, 100% used [0x00000000e0000000, 0x00000000e5560000, 0x00000000e5560000)
  from space 21824K, 100% used [0x00000000e5560000, 0x00000000e6ab0000, 0x00000000e6ab0000)
  to   space 21824K,   0% used [0x00000000e6ab0000, 0x00000000e6ab0000, 0x00000000e8000000)
 concurrent mark-sweep generation total 393216K, used 131832K [0x00000000e8000000, 0x0000000100000000, 0x0000000100000000)
 Metaspace       used 55387K, capacity 57162K, committed 57364K, reserved 1099776K
  class space    used 6556K, capacity 6952K, committed 6976K, reserved 1048576K
2020-05-19T12:18:41.173+0000: 6078.110: [GC (Allocation Failure) 2020-05-19T12:18:41.173+0000: 6078.110: [ParNew
Desired survivor size 20112992 bytes, new threshold 8 (max 8)
- age   1:    3828200 bytes,    3828200 total
- age   2:    2702808 bytes,    6531008 total
- age   3:    2942024 bytes,    9473032 total
- age   4:    1889520 bytes,   11362552 total
- age   5:    2712024 bytes,   14074576 total
- age   6:    3415240 bytes,   17489816 total
- age   7:    1778880 bytes,   19268696 total
: 109248K->21824K(109248K), 0.0174888 secs] 241080K->161586K(502464K), 0.0175776 secs] [Times: user=0.06 sys=0.00, real=0.02 secs] 
Heap after GC invocations=93 (full 5):
 par new generation   total 109248K, used 21824K [0x00000000e0000000, 0x00000000e8000000, 0x00000000e8000000)
  eden space 87424K,   0% used [0x00000000e0000000, 0x00000000e0000000, 0x00000000e5560000)
  from space 21824K, 100% used [0x00000000e6ab0000, 0x00000000e8000000, 0x00000000e8000000)
  to   space 21824K,   0% used [0x00000000e5560000, 0x00000000e5560000, 0x00000000e6ab0000)
 concurrent mark-sweep generation total 393216K, used 139762K [0x00000000e8000000, 0x0000000100000000, 0x0000000100000000)
 Metaspace       used 55387K, capacity 57162K, committed 57364K, reserved 1099776K
  class space    used 6556K, capacity 6952K, committed 6976K, reserved 1048576K
}
2020-05-19T12:18:41.190+0000: 6078.127: Total time for which application threads were stopped: 0.0179090 seconds, Stopping threads took: 0.0000589 seconds
2020-05-19T12:18:41.191+0000: 6078.128: Total time for which application threads were stopped: 0.0001350 seconds, Stopping threads took: 0.0000591 seconds
2020-05-19T12:18:41.191+0000: 6078.128: Total time for which application threads were stopped: 0.0001683 seconds, Stopping threads took: 0.0000403 seconds
{Heap before GC invocations=93 (full 5):
 par new generation   total 109248K, used 109248K [0x00000000e0000000, 0x00000000e8000000, 0x00000000e8000000)
  eden space 87424K, 100% used [0x00000000e0000000, 0x00000000e5560000, 0x00000000e5560000)
  from space 21824K, 100% used [0x00000000e6ab0000, 0x00000000e8000000, 0x00000000e8000000)
  to   space 21824K,   0% used [0x00000000e5560000, 0x00000000e5560000, 0x00000000e6ab0000)
 concurrent mark-sweep generation total 393216K, used 139762K [0x00000000e8000000, 0x0000000100000000, 0x0000000100000000)
 Metaspace       used 55387K, capacity 57162K, committed 57364K, reserved 1099776K
  class space    used 6556K, capacity 6952K, committed 6976K, reserved 1048576K
2020-05-19T12:18:41.296+0000: 6078.233: [GC (Allocation Failure) 2020-05-19T12:18:41.296+0000: 6078.233: [ParNew
Desired survivor size 20112992 bytes, new threshold 7 (max 8)
- age   1:    4928264 bytes,    4928264 total
- age   2:    2430872 bytes,    7359136 total
- age   3:    2702808 bytes,   10061944 total
- age   4:    2941960 bytes,   13003904 total
- age   5:    1889456 bytes,   14893360 total
- age   6:    2712064 bytes,   17605424 total
- age   7:    3415240 bytes,   21020664 total
- age   8:    1266864 bytes,   22287528 total
: 109248K->21824K(109248K), 0.0163660 secs] 249010K->169380K(502464K), 0.0164539 secs] [Times: user=0.06 sys=0.00, real=0.02 secs] 
Heap after GC invocations=94 (full 5):
 par new generation   total 109248K, used 21824K [0x00000000e0000000, 0x00000000e8000000, 0x00000000e8000000)
  eden space 87424K,   0% used [0x00000000e0000000, 0x00000000e0000000, 0x00000000e5560000)
  from space 21824K, 100% used [0x00000000e5560000, 0x00000000e6ab0000, 0x00000000e6ab0000)
  to   space 21824K,   0% used [0x00000000e6ab0000, 0x00000000e6ab0000, 0x00000000e8000000)
 concurrent mark-sweep generation total 393216K, used 147556K [0x00000000e8000000, 0x0000000100000000, 0x0000000100000000)
 Metaspace       used 55387K, capacity 57162K, committed 57364K, reserved 1099776K
  class space    used 6556K, capacity 6952K, committed 6976K, reserved 1048576K
}
2020-05-19T12:18:41.313+0000: 6078.249: Total time for which application threads were stopped: 0.0167580 seconds, Stopping threads took: 0.0000833 seconds
2020-05-19T12:18:41.313+0000: 6078.249: Total time for which application threads were stopped: 0.0001802 seconds, Stopping threads took: 0.0000692 seconds
2020-05-19T12:18:41.313+0000: 6078.250: Total time for which application threads were stopped: 0.0004048 seconds, Stopping threads took: 0.0000816 seconds
2020-05-19T12:18:41.314+0000: 6078.251: Total time for which application threads were stopped: 0.0002477 seconds, Stopping threads took: 0.0001038 seconds
2020-05-19T12:18:42.315+0000: 6079.251: Total time for which application threads were stopped: 0.0001076 seconds, Stopping threads took: 0.0000454 seconds
2020-05-19T12:18:42.551+0000: 6079.488: Total time for which application threads were stopped: 0.0001091 seconds, Stopping threads took: 0.0000502 seconds
2020-05-19T12:18:42.551+0000: 6079.488: Total time for which application threads were stopped: 0.0000831 seconds, Stopping threads took: 0.0000333 seconds
2020-05-19T12:18:42.553+0000: 6079.490: Total time for which application threads were stopped: 0.0001061 seconds, Stopping threads took: 0.0000485 seconds
2020-05-19T12:18:42.553+0000: 6079.490: Total time for which application threads were stopped: 0.0000779 seconds, Stopping threads took: 0.0000325 seconds
2020-05-19T12:18:42.553+0000: 6079.490: Total time for which application threads were stopped: 0.0000571 seconds, Stopping threads took: 0.0000274 seconds
2020-05-19T12:18:42.553+0000: 6079.490: Total time for which application threads were stopped: 0.0000555 seconds, Stopping threads took: 0.0000266 seconds
2020-05-19T12:18:56.039+0000: 6092.976: Total time for which application threads were stopped: 0.0001116 seconds, Stopping threads took: 0.0000295 seconds
2020-05-19T12:18:58.056+0000: 6094.993: Total time for which application threads were stopped: 0.0003134 seconds, Stopping threads took: 0.0001950 seconds
2020-05-19T12:18:58.058+0000: 6094.995: Total time for which application threads were stopped: 0.0003045 seconds, Stopping threads took: 0.0000332 seconds
2020-05-19T12:18:58.060+0000: 6094.997: Total time for which application threads were stopped: 0.0001195 seconds, Stopping threads took: 0.0000333 seconds
2020-05-19T12:18:58.061+0000: 6094.998: Total time for which application threads were stopped: 0.0001578 seconds, Stopping threads took: 0.0000472 seconds
{Heap before GC invocations=94 (full 5):
 par new generation   total 109248K, used 109248K [0x00000000e0000000, 0x00000000e8000000, 0x00000000e8000000)
  eden space 87424K, 100% used [0x00000000e0000000, 0x00000000e5560000, 0x00000000e5560000)
  from space 21824K, 100% used [0x00000000e5560000, 0x00000000e6ab0000, 0x00000000e6ab0000)
  to   space 21824K,   0% used [0x00000000e6ab0000, 0x00000000e6ab0000, 0x00000000e8000000)
 concurrent mark-sweep generation total 393216K, used 147556K [0x00000000e8000000, 0x0000000100000000, 0x0000000100000000)
 Metaspace       used 55411K, capacity 57162K, committed 57364K, reserved 1099776K
  class space    used 6556K, capacity 6952K, committed 6976K, reserved 1048576K
2020-05-19T12:18:58.147+0000: 6095.084: [GC (Allocation Failure) 2020-05-19T12:18:58.147+0000: 6095.084: [ParNew
Desired survivor size 20112992 bytes, new threshold 7 (max 8)
- age   1:    6165536 bytes,    6165536 total
- age   2:    2468248 bytes,    8633784 total
- age   3:    2078976 bytes,   10712760 total
- age   4:    2702808 bytes,   13415568 total
- age   5:    2941960 bytes,   16357528 total
- age   6:    1888408 bytes,   18245936 total
- age   7:    2712024 bytes,   20957960 total
: 109248K->21824K(109248K), 0.0182018 secs] 256804K->177688K(502464K), 0.0183860 secs] [Times: user=0.06 sys=0.00, real=0.02 secs] 
Heap after GC invocations=95 (full 5):
 par new generation   total 109248K, used 21824K [0x00000000e0000000, 0x00000000e8000000, 0x00000000e8000000)
  eden space 87424K,   0% used [0x00000000e0000000, 0x00000000e0000000, 0x00000000e5560000)
  from space 21824K, 100% used [0x00000000e6ab0000, 0x00000000e8000000, 0x00000000e8000000)
  to   space 21824K,   0% used [0x00000000e5560000, 0x00000000e5560000, 0x00000000e6ab0000)
 concurrent mark-sweep generation total 393216K, used 155864K [0x00000000e8000000, 0x0000000100000000, 0x0000000100000000)
 Metaspace       used 55411K, capacity 57162K, committed 57364K, reserved 1099776K
  class space    used 6556K, capacity 6952K, committed 6976K, reserved 1048576K
}
2020-05-19T12:18:58.166+0000: 6095.102: Total time for which application threads were stopped: 0.0188166 seconds, Stopping threads took: 0.0000631 seconds
2020-05-19T12:18:58.167+0000: 6095.104: Total time for which application threads were stopped: 0.0006815 seconds, Stopping threads took: 0.0003752 seconds
2020-05-19T12:18:58.167+0000: 6095.104: Total time for which application threads were stopped: 0.0001168 seconds, Stopping threads took: 0.0000321 seconds
2020-05-19T12:18:58.187+0000: 6095.124: Total time for which application threads were stopped: 0.0001280 seconds, Stopping threads took: 0.0000489 seconds
{Heap before GC invocations=95 (full 5):
 par new generation   total 109248K, used 109248K [0x00000000e0000000, 0x00000000e8000000, 0x00000000e8000000)
  eden space 87424K, 100% used [0x00000000e0000000, 0x00000000e5560000, 0x00000000e5560000)
  from space 21824K, 100% used [0x00000000e6ab0000, 0x00000000e8000000, 0x00000000e8000000)
  to   space 21824K,   0% used [0x00000000e5560000, 0x00000000e5560000, 0x00000000e6ab0000)
 concurrent mark-sweep generation total 393216K, used 155864K [0x00000000e8000000, 0x0000000100000000, 0x0000000100000000)
 Metaspace       used 55411K, capacity 57162K, committed 57364K, reserved 1099776K
  class space    used 6556K, capacity 6952K, committed 6976K, reserved 1048576K
2020-05-19T12:18:58.299+0000: 6095.237: [GC (Allocation Failure) 2020-05-19T12:18:58.299+0000: 6095.237: [ParNew
Desired survivor size 20112992 bytes, new threshold 6 (max 8)
- age   1:    5407664 bytes,    5407664 total
- age   2:    4852088 bytes,   10259752 total
- age   3:    2468168 bytes,   12727920 total
- age   4:    2076864 bytes,   14804784 total
- age   5:    2702808 bytes,   17507592 total
- age   6:    2940352 bytes,   20447944 total
- age   7:    1888408 bytes,   22336352 total
: 109248K->21824K(109248K), 0.0166458 secs] 265112K->185416K(502464K), 0.0167884 secs] [Times: user=0.06 sys=0.00, real=0.02 secs] 
Heap after GC invocations=96 (full 5):
 par new generation   total 109248K, used 21824K [0x00000000e0000000, 0x00000000e8000000, 0x00000000e8000000)
  eden space 87424K,   0% used [0x00000000e0000000, 0x00000000e0000000, 0x00000000e5560000)
  from space 21824K, 100% used [0x00000000e5560000, 0x00000000e6ab0000, 0x00000000e6ab0000)
  to   space 21824K,   0% used [0x00000000e6ab0000, 0x00000000e6ab0000, 0x00000000e8000000)
 concurrent mark-sweep generation total 393216K, used 163592K [0x00000000e8000000, 0x0000000100000000, 0x0000000100000000)
 Metaspace       used 55411K, capacity 57162K, committed 57364K, reserved 1099776K
  class space    used 6556K, capacity 6952K, committed 6976K, reserved 1048576K
}
2020-05-19T12:18:58.317+0000: 6095.254: Total time for which application threads were stopped: 0.0170459 seconds, Stopping threads took: 0.0000522 seconds
2020-05-19T12:18:58.317+0000: 6095.254: Total time for which application threads were stopped: 0.0002655 seconds, Stopping threads took: 0.0001066 seconds
2020-05-19T12:18:58.317+0000: 6095.254: Total time for which application threads were stopped: 0.0001268 seconds, Stopping threads took: 0.0000475 seconds
{Heap before GC invocations=96 (full 5):
 par new generation   total 109248K, used 109248K [0x00000000e0000000, 0x00000000e8000000, 0x00000000e8000000)
  eden space 87424K, 100% used [0x00000000e0000000, 0x00000000e5560000, 0x00000000e5560000)
  from space 21824K, 100% used [0x00000000e5560000, 0x00000000e6ab0000, 0x00000000e6ab0000)
  to   space 21824K,   0% used [0x00000000e6ab0000, 0x00000000e6ab0000, 0x00000000e8000000)
 concurrent mark-sweep generation total 393216K, used 163592K [0x00000000e8000000, 0x0000000100000000, 0x0000000100000000)
 Metaspace       used 55411K, capacity 57162K, committed 57364K, reserved 1099776K
  class space    used 6556K, capacity 6952K, committed 6976K, reserved 1048576K
2020-05-19T12:18:58.401+0000: 6095.338: [GC (Allocation Failure) 2020-05-19T12:18:58.401+0000: 6095.338: [ParNew
Desired survivor size 20112992 bytes, new threshold 6 (max 8)
- age   1:    6656120 bytes,    6656120 total
- age   2:    2321160 bytes,    8977280 total
- age   3:    4735696 bytes,   13712976 total
- age   4:    2466392 bytes,   16179368 total
- age   5:    2031576 bytes,   18210944 total
- age   6:    2678520 bytes,   20889464 total
: 109248K->21824K(109248K), 0.0151064 secs] 272840K->194090K(502464K), 0.0151677 secs] [Times: user=0.03 sys=0.00, real=0.01 secs] 
Heap after GC invocations=97 (full 5):
 par new generation   total 109248K, used 21824K [0x00000000e0000000, 0x00000000e8000000, 0x00000000e8000000)
  eden space 87424K,   0% used [0x00000000e0000000, 0x00000000e0000000, 0x00000000e5560000)
  from space 21824K, 100% used [0x00000000e6ab0000, 0x00000000e8000000, 0x00000000e8000000)
  to   space 21824K,   0% used [0x00000000e5560000, 0x00000000e5560000, 0x00000000e6ab0000)
 concurrent mark-sweep generation total 393216K, used 172266K [0x00000000e8000000, 0x0000000100000000, 0x0000000100000000)
 Metaspace       used 55411K, capacity 57162K, committed 57364K, reserved 1099776K
  class space    used 6556K, capacity 6952K, committed 6976K, reserved 1048576K
}
2020-05-19T12:18:58.416+0000: 6095.353: Total time for which application threads were stopped: 0.0153923 seconds, Stopping threads took: 0.0000575 seconds
2020-05-19T12:18:58.417+0000: 6095.353: Total time for which application threads were stopped: 0.0001462 seconds, Stopping threads took: 0.0000647 seconds
2020-05-19T12:18:58.417+0000: 6095.353: Total time for which application threads were stopped: 0.0001142 seconds, Stopping threads took: 0.0000474 seconds
2020-05-19T12:18:59.417+0000: 6096.354: Total time for which application threads were stopped: 0.0001673 seconds, Stopping threads took: 0.0001009 seconds
2020-05-19T12:18:59.797+0000: 6096.734: Total time for which application threads were stopped: 0.0001442 seconds, Stopping threads took: 0.0000614 seconds
2020-05-19T12:18:59.798+0000: 6096.735: Total time for which application threads were stopped: 0.0001132 seconds, Stopping threads took: 0.0000412 seconds
2020-05-19T12:18:59.798+0000: 6096.736: Total time for which application threads were stopped: 0.0001064 seconds, Stopping threads took: 0.0000519 seconds
2020-05-19T12:18:59.799+0000: 6096.736: Total time for which application threads were stopped: 0.0000855 seconds, Stopping threads took: 0.0000427 seconds
2020-05-19T12:18:59.799+0000: 6096.736: Total time for which application threads were stopped: 0.0001494 seconds, Stopping threads took: 0.0001060 seconds
2020-05-19T12:18:59.799+0000: 6096.736: Total time for which application threads were stopped: 0.0002340 seconds, Stopping threads took: 0.0000987 seconds
2020-05-19T12:19:00.800+0000: 6097.736: Total time for which application threads were stopped: 0.0001023 seconds, Stopping threads took: 0.0000443 seconds
2020-05-19T12:19:13.079+0000: 6110.015: Total time for which application threads were stopped: 0.0001796 seconds, Stopping threads took: 0.0000241 seconds
2020-05-19T12:19:36.086+0000: 6133.023: Total time for which application threads were stopped: 0.0000928 seconds, Stopping threads took: 0.0000261 seconds
2020-05-19T12:20:15.834+0000: 6172.771: Total time for which application threads were stopped: 0.0003037 seconds, Stopping threads took: 0.0002264 seconds
2020-05-19T12:20:15.838+0000: 6172.775: Total time for which application threads were stopped: 0.0001295 seconds, Stopping threads took: 0.0000503 seconds
2020-05-19T12:20:15.839+0000: 6172.776: Total time for which application threads were stopped: 0.0002095 seconds, Stopping threads took: 0.0000991 seconds
2020-05-19T12:20:15.926+0000: 6172.863: Total time for which application threads were stopped: 0.0001766 seconds, Stopping threads took: 0.0000587 seconds
{Heap before GC invocations=97 (full 5):
 par new generation   total 109248K, used 109248K [0x00000000e0000000, 0x00000000e8000000, 0x00000000e8000000)
  eden space 87424K, 100% used [0x00000000e0000000, 0x00000000e5560000, 0x00000000e5560000)
  from space 21824K, 100% used [0x00000000e6ab0000, 0x00000000e8000000, 0x00000000e8000000)
  to   space 21824K,   0% used [0x00000000e5560000, 0x00000000e5560000, 0x00000000e6ab0000)
 concurrent mark-sweep generation total 393216K, used 172266K [0x00000000e8000000, 0x0000000100000000, 0x0000000100000000)
 Metaspace       used 55432K, capacity 57226K, committed 57364K, reserved 1099776K
  class space    used 6556K, capacity 6952K, committed 6976K, reserved 1048576K
2020-05-19T12:20:15.967+0000: 6172.904: [GC (Allocation Failure) 2020-05-19T12:20:15.967+0000: 6172.904: [ParNew
Desired survivor size 20112992 bytes, new threshold 5 (max 8)
- age   1:    6639008 bytes,    6639008 total
- age   2:    5186536 bytes,   11825544 total
- age   3:    2019192 bytes,   13844736 total
- age   4:    3995448 bytes,   17840184 total
- age   5:    2457936 bytes,   20298120 total
- age   6:    1322400 bytes,   21620520 total
: 109248K->21824K(109248K), 0.0171248 secs] 281514K->201320K(502464K), 0.0172250 secs] [Times: user=0.06 sys=0.00, real=0.02 secs] 
Heap after GC invocations=98 (full 5):
 par new generation   total 109248K, used 21824K [0x00000000e0000000, 0x00000000e8000000, 0x00000000e8000000)
  eden space 87424K,   0% used [0x00000000e0000000, 0x00000000e0000000, 0x00000000e5560000)
  from space 21824K, 100% used [0x00000000e5560000, 0x00000000e6ab0000, 0x00000000e6ab0000)
  to   space 21824K,   0% used [0x00000000e6ab0000, 0x00000000e6ab0000, 0x00000000e8000000)
 concurrent mark-sweep generation total 393216K, used 179496K [0x00000000e8000000, 0x0000000100000000, 0x0000000100000000)
 Metaspace       used 55432K, capacity 57226K, committed 57364K, reserved 1099776K
  class space    used 6556K, capacity 6952K, committed 6976K, reserved 1048576K
}
2020-05-19T12:20:15.985+0000: 6172.921: Total time for which application threads were stopped: 0.0174913 seconds, Stopping threads took: 0.0000573 seconds
2020-05-19T12:20:15.985+0000: 6172.922: Total time for which application threads were stopped: 0.0001907 seconds, Stopping threads took: 0.0000745 seconds
2020-05-19T12:20:15.985+0000: 6172.922: Total time for which application threads were stopped: 0.0001049 seconds, Stopping threads took: 0.0000445 seconds
{Heap before GC invocations=98 (full 5):
 par new generation   total 109248K, used 109248K [0x00000000e0000000, 0x00000000e8000000, 0x00000000e8000000)
  eden space 87424K, 100% used [0x00000000e0000000, 0x00000000e5560000, 0x00000000e5560000)
  from space 21824K, 100% used [0x00000000e5560000, 0x00000000e6ab0000, 0x00000000e6ab0000)
  to   space 21824K,   0% used [0x00000000e6ab0000, 0x00000000e6ab0000, 0x00000000e8000000)
 concurrent mark-sweep generation total 393216K, used 179496K [0x00000000e8000000, 0x0000000100000000, 0x0000000100000000)
 Metaspace       used 55439K, capacity 57226K, committed 57364K, reserved 1099776K
  class space    used 6556K, capacity 6952K, committed 6976K, reserved 1048576K
2020-05-19T12:20:16.102+0000: 6173.040: [GC (Allocation Failure) 2020-05-19T12:20:16.102+0000: 6173.040: [ParNew
Desired survivor size 20112992 bytes, new threshold 5 (max 8)
- age   1:    5905208 bytes,    5905208 total
- age   2:    5133432 bytes,   11038640 total
- age   3:    5186496 bytes,   16225136 total
- age   4:    2017520 bytes,   18242656 total
- age   5:    3995224 bytes,   22237880 total
: 109248K->21824K(109248K), 0.0174518 secs] 288744K->211400K(502464K), 0.0175779 secs] [Times: user=0.03 sys=0.00, real=0.02 secs] 
Heap after GC invocations=99 (full 5):
 par new generation   total 109248K, used 21824K [0x00000000e0000000, 0x00000000e8000000, 0x00000000e8000000)
  eden space 87424K,   0% used [0x00000000e0000000, 0x00000000e0000000, 0x00000000e5560000)
  from space 21824K, 100% used [0x00000000e6ab0000, 0x00000000e8000000, 0x00000000e8000000)
  to   space 21824K,   0% used [0x00000000e5560000, 0x00000000e5560000, 0x00000000e6ab0000)
 concurrent mark-sweep generation total 393216K, used 189576K [0x00000000e8000000, 0x0000000100000000, 0x0000000100000000)
 Metaspace       used 55439K, capacity 57226K, committed 57364K, reserved 1099776K
  class space    used 6556K, capacity 6952K, committed 6976K, reserved 1048576K
}
2020-05-19T12:20:16.120+0000: 6173.057: Total time for which application threads were stopped: 0.0178078 seconds, Stopping threads took: 0.0000608 seconds
2020-05-19T12:20:16.120+0000: 6173.057: Total time for which application threads were stopped: 0.0001821 seconds, Stopping threads took: 0.0000608 seconds
2020-05-19T12:20:16.120+0000: 6173.058: Total time for which application threads were stopped: 0.0001684 seconds, Stopping threads took: 0.0000452 seconds
2020-05-19T12:20:17.086+0000: 6174.023: Total time for which application threads were stopped: 0.0001398 seconds, Stopping threads took: 0.0000649 seconds
2020-05-19T12:20:17.088+0000: 6174.025: Total time for which application threads were stopped: 0.0001263 seconds, Stopping threads took: 0.0000502 seconds
2020-05-19T12:20:17.088+0000: 6174.025: Total time for which application threads were stopped: 0.0000869 seconds, Stopping threads took: 0.0000311 seconds
2020-05-19T12:20:30.851+0000: 6187.788: Total time for which application threads were stopped: 0.0001051 seconds, Stopping threads took: 0.0000278 seconds
2020-05-19T12:20:36.647+0000: 6193.585: Total time for which application threads were stopped: 0.0002717 seconds, Stopping threads took: 0.0001072 seconds
2020-05-19T12:20:36.651+0000: 6193.588: Total time for which application threads were stopped: 0.0002765 seconds, Stopping threads took: 0.0002049 seconds
{Heap before GC invocations=99 (full 5):
 par new generation   total 109248K, used 109248K [0x00000000e0000000, 0x00000000e8000000, 0x00000000e8000000)
  eden space 87424K, 100% used [0x00000000e0000000, 0x00000000e5560000, 0x00000000e5560000)
  from space 21824K, 100% used [0x00000000e6ab0000, 0x00000000e8000000, 0x00000000e8000000)
  to   space 21824K,   0% used [0x00000000e5560000, 0x00000000e5560000, 0x00000000e6ab0000)
 concurrent mark-sweep generation total 393216K, used 189576K [0x00000000e8000000, 0x0000000100000000, 0x0000000100000000)
 Metaspace       used 55473K, capacity 57290K, committed 57364K, reserved 1099776K
  class space    used 6556K, capacity 6952K, committed 6976K, reserved 1048576K
2020-05-19T12:20:36.725+0000: 6193.662: [GC (Allocation Failure) 2020-05-19T12:20:36.725+0000: 6193.662: [ParNew
Desired survivor size 20112992 bytes, new threshold 5 (max 8)
- age   1:    5725768 bytes,    5725768 total
- age   2:    3557496 bytes,    9283264 total
- age   3:    4632432 bytes,   13915696 total
- age   4:    5186496 bytes,   19102192 total
- age   5:    2017216 bytes,   21119408 total
: 109248K->21824K(109248K), 0.0146306 secs] 298824K->218064K(502464K), 0.0147353 secs] [Times: user=0.06 sys=0.00, real=0.02 secs] 
Heap after GC invocations=100 (full 5):
 par new generation   total 109248K, used 21824K [0x00000000e0000000, 0x00000000e8000000, 0x00000000e8000000)
  eden space 87424K,   0% used [0x00000000e0000000, 0x00000000e0000000, 0x00000000e5560000)
  from space 21824K, 100% used [0x00000000e5560000, 0x00000000e6ab0000, 0x00000000e6ab0000)
  to   space 21824K,   0% used [0x00000000e6ab0000, 0x00000000e6ab0000, 0x00000000e8000000)
 concurrent mark-sweep generation total 393216K, used 196240K [0x00000000e8000000, 0x0000000100000000, 0x0000000100000000)
 Metaspace       used 55473K, capacity 57290K, committed 57364K, reserved 1099776K
  class space    used 6556K, capacity 6952K, committed 6976K, reserved 1048576K
}
2020-05-19T12:20:36.740+0000: 6193.677: Total time for which application threads were stopped: 0.0150321 seconds, Stopping threads took: 0.0000617 seconds
2020-05-19T12:20:36.740+0000: 6193.677: Total time for which application threads were stopped: 0.0001715 seconds, Stopping threads took: 0.0000579 seconds
2020-05-19T12:20:36.740+0000: 6193.678: Total time for which application threads were stopped: 0.0001286 seconds, Stopping threads took: 0.0000434 seconds
2020-05-19T12:20:36.776+0000: 6193.713: Total time for which application threads were stopped: 0.0001377 seconds, Stopping threads took: 0.0000528 seconds
{Heap before GC invocations=100 (full 5):
 par new generation   total 109248K, used 109248K [0x00000000e0000000, 0x00000000e8000000, 0x00000000e8000000)
  eden space 87424K, 100% used [0x00000000e0000000, 0x00000000e5560000, 0x00000000e5560000)
  from space 21824K, 100% used [0x00000000e5560000, 0x00000000e6ab0000, 0x00000000e6ab0000)
  to   space 21824K,   0% used [0x00000000e6ab0000, 0x00000000e6ab0000, 0x00000000e8000000)
 concurrent mark-sweep generation total 393216K, used 196240K [0x00000000e8000000, 0x0000000100000000, 0x0000000100000000)
 Metaspace       used 55474K, capacity 57290K, committed 57364K, reserved 1099776K
  class space    used 6556K, capacity 6952K, committed 6976K, reserved 1048576K
2020-05-19T12:20:36.868+0000: 6193.805: [GC (Allocation Failure) 2020-05-19T12:20:36.868+0000: 6193.805: [ParNew
Desired survivor size 20112992 bytes, new threshold 5 (max 8)
- age   1:    4586896 bytes,    4586896 total
- age   2:    3375336 bytes,    7962232 total
- age   3:    3393464 bytes,   11355696 total
- age   4:    4630616 bytes,   15986312 total
- age   5:    5186496 bytes,   21172808 total
: 109248K->21824K(109248K), 0.0154521 secs] 305488K->225774K(502464K), 0.0155214 secs] [Times: user=0.05 sys=0.02, real=0.02 secs] 
Heap after GC invocations=101 (full 5):
 par new generation   total 109248K, used 21824K [0x00000000e0000000, 0x00000000e8000000, 0x00000000e8000000)
  eden space 87424K,   0% used [0x00000000e0000000, 0x00000000e0000000, 0x00000000e5560000)
  from space 21824K, 100% used [0x00000000e6ab0000, 0x00000000e8000000, 0x00000000e8000000)
  to   space 21824K,   0% used [0x00000000e5560000, 0x00000000e5560000, 0x00000000e6ab0000)
 concurrent mark-sweep generation total 393216K, used 203950K [0x00000000e8000000, 0x0000000100000000, 0x0000000100000000)
 Metaspace       used 55474K, capacity 57290K, committed 57364K, reserved 1099776K
  class space    used 6556K, capacity 6952K, committed 6976K, reserved 1048576K
}
2020-05-19T12:20:36.884+0000: 6193.821: Total time for which application threads were stopped: 0.0157495 seconds, Stopping threads took: 0.0000589 seconds
2020-05-19T12:20:36.884+0000: 6193.821: [GC (CMS Initial Mark) [1 CMS-initial-mark: 203950K(393216K)] 226597K(502464K), 0.0039492 secs] [Times: user=0.00 sys=0.00, real=0.00 secs] 
2020-05-19T12:20:36.888+0000: 6193.825: Total time for which application threads were stopped: 0.0041123 seconds, Stopping threads took: 0.0000645 seconds
2020-05-19T12:20:36.888+0000: 6193.825: [CMS-concurrent-mark-start]
2020-05-19T12:20:36.889+0000: 6193.825: Total time for which application threads were stopped: 0.0002981 seconds, Stopping threads took: 0.0000580 seconds
2020-05-19T12:20:36.889+0000: 6193.825: Total time for which application threads were stopped: 0.0001500 seconds, Stopping threads took: 0.0000425 seconds
2020-05-19T12:20:36.913+0000: 6193.849: [CMS-concurrent-mark: 0.023/0.024 secs] [Times: user=0.06 sys=0.00, real=0.03 secs] 
2020-05-19T12:20:36.913+0000: 6193.849: [CMS-concurrent-preclean-start]
2020-05-19T12:20:36.914+0000: 6193.851: [CMS-concurrent-preclean: 0.002/0.002 secs] [Times: user=0.00 sys=0.00, real=0.00 secs] 
2020-05-19T12:20:36.915+0000: 6193.852: [GC (CMS Final Remark) [YG occupancy: 22646 K (109248 K)]{Heap before GC invocations=101 (full 6):
 par new generation   total 109248K, used 22646K [0x00000000e0000000, 0x00000000e8000000, 0x00000000e8000000)
  eden space 87424K,   0% used [0x00000000e0000000, 0x00000000e00cda78, 0x00000000e5560000)
  from space 21824K, 100% used [0x00000000e6ab0000, 0x00000000e8000000, 0x00000000e8000000)
  to   space 21824K,   0% used [0x00000000e5560000, 0x00000000e5560000, 0x00000000e6ab0000)
 concurrent mark-sweep generation total 393216K, used 203950K [0x00000000e8000000, 0x0000000100000000, 0x0000000100000000)
 Metaspace       used 55475K, capacity 57290K, committed 57364K, reserved 1099776K
  class space    used 6556K, capacity 6952K, committed 6976K, reserved 1048576K
2020-05-19T12:20:36.915+0000: 6193.852: [GC (CMS Final Remark) 2020-05-19T12:20:36.915+0000: 6193.852: [ParNew
Desired survivor size 20112992 bytes, new threshold 8 (max 8)
- age   1:      94264 bytes,      94264 total
- age   2:    4351584 bytes,    4445848 total
- age   3:    3333352 bytes,    7779200 total
- age   4:    3393464 bytes,   11172664 total
- age   5:    4630616 bytes,   15803280 total
: 22646K->21824K(109248K), 0.0126082 secs] 226597K->230887K(502464K), 0.0126646 secs] [Times: user=0.00 sys=0.00, real=0.01 secs] 
Heap after GC invocations=102 (full 6):
 par new generation   total 109248K, used 21824K [0x00000000e0000000, 0x00000000e8000000, 0x00000000e8000000)
  eden space 87424K,   0% used [0x00000000e0000000, 0x00000000e0000000, 0x00000000e5560000)
  from space 21824K, 100% used [0x00000000e5560000, 0x00000000e6ab0000, 0x00000000e6ab0000)
  to   space 21824K,   0% used [0x00000000e6ab0000, 0x00000000e6ab0000, 0x00000000e8000000)
 concurrent mark-sweep generation total 393216K, used 209063K [0x00000000e8000000, 0x0000000100000000, 0x0000000100000000)
 Metaspace       used 55475K, capacity 57290K, committed 57364K, reserved 1099776K
  class space    used 6556K, capacity 6952K, committed 6976K, reserved 1048576K
}
2020-05-19T12:20:36.928+0000: 6193.864: [Rescan (parallel) , 0.0043080 secs]2020-05-19T12:20:36.932+0000: 6193.869: [weak refs processing, 0.0048513 secs]2020-05-19T12:20:36.937+0000: 6193.874: [class unloading, 0.0139125 secs]2020-05-19T12:20:36.951+0000: 6193.888: [scrub symbol table, 0.0108395 secs]2020-05-19T12:20:36.961+0000: 6193.898: [scrub string table, 0.0006102 secs][1 CMS-remark: 209063K(393216K)] 230887K(502464K), 0.0476006 secs] [Times: user=0.09 sys=0.00, real=0.05 secs] 
2020-05-19T12:20:36.962+0000: 6193.899: Total time for which application threads were stopped: 0.0477953 seconds, Stopping threads took: 0.0000619 seconds
2020-05-19T12:20:36.962+0000: 6193.899: [CMS-concurrent-sweep-start]
2020-05-19T12:20:36.966+0000: 6193.903: Total time for which application threads were stopped: 0.0001742 seconds, Stopping threads took: 0.0000645 seconds
2020-05-19T12:20:36.966+0000: 6193.903: Total time for which application threads were stopped: 0.0001094 seconds, Stopping threads took: 0.0000415 seconds
2020-05-19T12:20:36.966+0000: 6193.904: Total time for which application threads were stopped: 0.0001056 seconds, Stopping threads took: 0.0000424 seconds
2020-05-19T12:20:36.967+0000: 6193.904: Total time for which application threads were stopped: 0.0000883 seconds, Stopping threads took: 0.0000385 seconds
2020-05-19T12:20:36.967+0000: 6193.904: Total time for which application threads were stopped: 0.0000710 seconds, Stopping threads took: 0.0000340 seconds
2020-05-19T12:20:36.967+0000: 6193.904: Total time for which application threads were stopped: 0.0000708 seconds, Stopping threads took: 0.0000379 seconds
2020-05-19T12:20:36.967+0000: 6193.905: Total time for which application threads were stopped: 0.0001142 seconds, Stopping threads took: 0.0000404 seconds
2020-05-19T12:20:36.967+0000: 6193.905: Total time for which application threads were stopped: 0.0000771 seconds, Stopping threads took: 0.0000387 seconds
2020-05-19T12:20:36.968+0000: 6193.905: Total time for which application threads were stopped: 0.0000755 seconds, Stopping threads took: 0.0000380 seconds
2020-05-19T12:20:36.968+0000: 6193.905: Total time for which application threads were stopped: 0.0000757 seconds, Stopping threads took: 0.0000373 seconds
2020-05-19T12:20:37.028+0000: 6193.966: [CMS-concurrent-sweep: 0.065/0.066 secs] [Times: user=0.17 sys=0.00, real=0.07 secs] 
2020-05-19T12:20:37.029+0000: 6193.966: [CMS-concurrent-reset-start]
2020-05-19T12:20:37.030+0000: 6193.967: [CMS-concurrent-reset: 0.001/0.001 secs] [Times: user=0.00 sys=0.00, real=0.00 secs] 
{Heap before GC invocations=102 (full 6):
 par new generation   total 109248K, used 109248K [0x00000000e0000000, 0x00000000e8000000, 0x00000000e8000000)
  eden space 87424K, 100% used [0x00000000e0000000, 0x00000000e5560000, 0x00000000e5560000)
  from space 21824K, 100% used [0x00000000e5560000, 0x00000000e6ab0000, 0x00000000e6ab0000)
  to   space 21824K,   0% used [0x00000000e6ab0000, 0x00000000e6ab0000, 0x00000000e8000000)
 concurrent mark-sweep generation total 393216K, used 84913K [0x00000000e8000000, 0x0000000100000000, 0x0000000100000000)
 Metaspace       used 55468K, capacity 57278K, committed 57364K, reserved 1099776K
  class space    used 6555K, capacity 6950K, committed 6976K, reserved 1048576K
2020-05-19T12:20:37.059+0000: 6193.996: [GC (Allocation Failure) 2020-05-19T12:20:37.059+0000: 6193.996: [ParNew
Desired survivor size 20112992 bytes, new threshold 6 (max 8)
- age   1:    8195480 bytes,    8195480 total
- age   2:         32 bytes,    8195512 total
- age   3:    2402280 bytes,   10597792 total
- age   4:    2895008 bytes,   13492800 total
- age   5:    2935752 bytes,   16428552 total
- age   6:    4613032 bytes,   21041584 total
: 109248K->21824K(109248K), 0.0108029 secs] 194161K->108027K(502464K), 0.0108623 secs] [Times: user=0.01 sys=0.02, real=0.01 secs] 
Heap after GC invocations=103 (full 6):
 par new generation   total 109248K, used 21824K [0x00000000e0000000, 0x00000000e8000000, 0x00000000e8000000)
  eden space 87424K,   0% used [0x00000000e0000000, 0x00000000e0000000, 0x00000000e5560000)
  from space 21824K, 100% used [0x00000000e6ab0000, 0x00000000e8000000, 0x00000000e8000000)
  to   space 21824K,   0% used [0x00000000e5560000, 0x00000000e5560000, 0x00000000e6ab0000)
 concurrent mark-sweep generation total 393216K, used 86203K [0x00000000e8000000, 0x0000000100000000, 0x0000000100000000)
 Metaspace       used 55468K, capacity 57278K, committed 57364K, reserved 1099776K
  class space    used 6555K, capacity 6950K, committed 6976K, reserved 1048576K
}
2020-05-19T12:20:37.070+0000: 6194.007: Total time for which application threads were stopped: 0.0111271 seconds, Stopping threads took: 0.0000533 seconds
2020-05-19T12:20:37.070+0000: 6194.007: Total time for which application threads were stopped: 0.0001586 seconds, Stopping threads took: 0.0000732 seconds
2020-05-19T12:20:37.070+0000: 6194.008: Total time for which application threads were stopped: 0.0001494 seconds, Stopping threads took: 0.0000373 seconds
2020-05-19T12:20:37.091+0000: 6194.028: Total time for which application threads were stopped: 0.0002135 seconds, Stopping threads took: 0.0000481 seconds
2020-05-19T12:20:38.092+0000: 6195.028: Total time for which application threads were stopped: 0.0001806 seconds, Stopping threads took: 0.0000628 seconds
2020-05-19T12:20:38.193+0000: 6195.130: Total time for which application threads were stopped: 0.0002543 seconds, Stopping threads took: 0.0000556 seconds
2020-05-19T12:20:38.194+0000: 6195.132: Total time for which application threads were stopped: 0.0001225 seconds, Stopping threads took: 0.0000484 seconds
2020-05-19T12:20:38.195+0000: 6195.132: Total time for which application threads were stopped: 0.0001516 seconds, Stopping threads took: 0.0000378 seconds
2020-05-19T12:20:38.195+0000: 6195.132: Total time for which application threads were stopped: 0.0001239 seconds, Stopping threads took: 0.0000382 seconds
2020-05-19T12:20:38.195+0000: 6195.132: Total time for which application threads were stopped: 0.0001498 seconds, Stopping threads took: 0.0000971 seconds
2020-05-19T12:20:38.195+0000: 6195.132: Total time for which application threads were stopped: 0.0000834 seconds, Stopping threads took: 0.0000407 seconds
2020-05-19T12:20:39.196+0000: 6196.133: Total time for which application threads were stopped: 0.0001655 seconds, Stopping threads took: 0.0000715 seconds
2020-05-19T12:20:41.197+0000: 6198.134: Total time for which application threads were stopped: 0.0001136 seconds, Stopping threads took: 0.0000511 seconds
2020-05-19T12:20:43.198+0000: 6200.135: Total time for which application threads were stopped: 0.0001559 seconds, Stopping threads took: 0.0000716 seconds
2020-05-19T12:20:51.664+0000: 6208.601: Total time for which application threads were stopped: 0.0000876 seconds, Stopping threads took: 0.0000237 seconds
2020-05-19T12:21:15.802+0000: 6232.738: Total time for which application threads were stopped: 0.0001938 seconds, Stopping threads took: 0.0001195 seconds
2020-05-19T12:21:15.805+0000: 6232.742: Total time for which application threads were stopped: 0.0003048 seconds, Stopping threads took: 0.0001469 seconds
2020-05-19T12:21:15.900+0000: 6232.838: Total time for which application threads were stopped: 0.0001588 seconds, Stopping threads took: 0.0000522 seconds
{Heap before GC invocations=103 (full 6):
 par new generation   total 109248K, used 109248K [0x00000000e0000000, 0x00000000e8000000, 0x00000000e8000000)
  eden space 87424K, 100% used [0x00000000e0000000, 0x00000000e5560000, 0x00000000e5560000)
  from space 21824K, 100% used [0x00000000e6ab0000, 0x00000000e8000000, 0x00000000e8000000)
  to   space 21824K,   0% used [0x00000000e5560000, 0x00000000e5560000, 0x00000000e6ab0000)
 concurrent mark-sweep generation total 393216K, used 86203K [0x00000000e8000000, 0x0000000100000000, 0x0000000100000000)
 Metaspace       used 55496K, capacity 57278K, committed 57364K, reserved 1099776K
  class space    used 6555K, capacity 6950K, committed 6976K, reserved 1048576K
2020-05-19T12:21:15.938+0000: 6232.874: [GC (Allocation Failure) 2020-05-19T12:21:15.938+0000: 6232.874: [ParNew
Desired survivor size 20112992 bytes, new threshold 8 (max 8)
- age   1:    6860560 bytes,    6860560 total
- age   2:    4671008 bytes,   11531568 total
- age   3:         32 bytes,   11531600 total
- age   4:    2161480 bytes,   13693080 total
- age   5:    2774552 bytes,   16467632 total
- age   6:    2935672 bytes,   19403304 total
: 109248K->21824K(109248K), 0.0160734 secs] 195451K->115124K(502464K), 0.0161451 secs] [Times: user=0.02 sys=0.00, real=0.02 secs] 
Heap after GC invocations=104 (full 6):
 par new generation   total 109248K, used 21824K [0x00000000e0000000, 0x00000000e8000000, 0x00000000e8000000)
  eden space 87424K,   0% used [0x00000000e0000000, 0x00000000e0000000, 0x00000000e5560000)
  from space 21824K, 100% used [0x00000000e5560000, 0x00000000e6ab0000, 0x00000000e6ab0000)
  to   space 21824K,   0% used [0x00000000e6ab0000, 0x00000000e6ab0000, 0x00000000e8000000)
 concurrent mark-sweep generation total 393216K, used 93300K [0x00000000e8000000, 0x0000000100000000, 0x0000000100000000)
 Metaspace       used 55496K, capacity 57278K, committed 57364K, reserved 1099776K
  class space    used 6555K, capacity 6950K, committed 6976K, reserved 1048576K
}
2020-05-19T12:21:15.954+0000: 6232.891: Total time for which application threads were stopped: 0.0164860 seconds, Stopping threads took: 0.0000545 seconds
2020-05-19T12:21:15.954+0000: 6232.891: Total time for which application threads were stopped: 0.0001704 seconds, Stopping threads took: 0.0000634 seconds
2020-05-19T12:21:15.954+0000: 6232.891: Total time for which application threads were stopped: 0.0001066 seconds, Stopping threads took: 0.0000404 seconds
{Heap before GC invocations=104 (full 6):
 par new generation   total 109248K, used 109248K [0x00000000e0000000, 0x00000000e8000000, 0x00000000e8000000)
  eden space 87424K, 100% used [0x00000000e0000000, 0x00000000e5560000, 0x00000000e5560000)
  from space 21824K, 100% used [0x00000000e5560000, 0x00000000e6ab0000, 0x00000000e6ab0000)
  to   space 21824K,   0% used [0x00000000e6ab0000, 0x00000000e6ab0000, 0x00000000e8000000)
 concurrent mark-sweep generation total 393216K, used 93300K [0x00000000e8000000, 0x0000000100000000, 0x0000000100000000)
 Metaspace       used 55499K, capacity 57278K, committed 57364K, reserved 1099776K
  class space    used 6555K, capacity 6950K, committed 6976K, reserved 1048576K
2020-05-19T12:21:16.065+0000: 6233.002: [GC (Allocation Failure) 2020-05-19T12:21:16.065+0000: 6233.002: [ParNew
Desired survivor size 20112992 bytes, new threshold 7 (max 8)
- age   1:    5223840 bytes,    5223840 total
- age   2:    4676184 bytes,    9900024 total
- age   3:    4670528 bytes,   14570552 total
- age   4:         32 bytes,   14570584 total
- age   5:    2161144 bytes,   16731728 total
- age   6:    2679128 bytes,   19410856 total
- age   7:    2935672 bytes,   22346528 total
: 109248K->21824K(109248K), 0.0165189 secs] 202548K->122788K(502464K), 0.0167063 secs] [Times: user=0.06 sys=0.00, real=0.02 secs] 
Heap after GC invocations=105 (full 6):
 par new generation   total 109248K, used 21824K [0x00000000e0000000, 0x00000000e8000000, 0x00000000e8000000)
  eden space 87424K,   0% used [0x00000000e0000000, 0x00000000e0000000, 0x00000000e5560000)
  from space 21824K, 100% used [0x00000000e6ab0000, 0x00000000e8000000, 0x00000000e8000000)
  to   space 21824K,   0% used [0x00000000e5560000, 0x00000000e5560000, 0x00000000e6ab0000)
 concurrent mark-sweep generation total 393216K, used 100964K [0x00000000e8000000, 0x0000000100000000, 0x0000000100000000)
 Metaspace       used 55499K, capacity 57278K, committed 57364K, reserved 1099776K
  class space    used 6555K, capacity 6950K, committed 6976K, reserved 1048576K
}
2020-05-19T12:21:16.082+0000: 6233.019: Total time for which application threads were stopped: 0.0170230 seconds, Stopping threads took: 0.0000743 seconds
2020-05-19T12:21:16.082+0000: 6233.019: Total time for which application threads were stopped: 0.0002120 seconds, Stopping threads took: 0.0000826 seconds
2020-05-19T12:21:16.082+0000: 6233.020: Total time for which application threads were stopped: 0.0001142 seconds, Stopping threads took: 0.0000493 seconds
2020-05-19T12:21:16.082+0000: 6233.020: Total time for which application threads were stopped: 0.0001016 seconds, Stopping threads took: 0.0000466 seconds
2020-05-19T12:21:16.082+0000: 6233.020: Total time for which application threads were stopped: 0.0000984 seconds, Stopping threads took: 0.0000437 seconds
2020-05-19T12:21:16.997+0000: 6233.934: Total time for which application threads were stopped: 0.0002039 seconds, Stopping threads took: 0.0001092 seconds
2020-05-19T12:21:16.997+0000: 6233.934: Total time for which application threads were stopped: 0.0001137 seconds, Stopping threads took: 0.0000440 seconds
2020-05-19T12:21:16.997+0000: 6233.934: Total time for which application threads were stopped: 0.0001069 seconds, Stopping threads took: 0.0000390 seconds
2020-05-19T12:21:16.997+0000: 6233.934: Total time for which application threads were stopped: 0.0000668 seconds, Stopping threads took: 0.0000237 seconds
2020-05-19T12:21:16.997+0000: 6233.934: Total time for which application threads were stopped: 0.0000781 seconds, Stopping threads took: 0.0000374 seconds
2020-05-19T12:21:20.115+0000: 6237.052: Total time for which application threads were stopped: 0.0002021 seconds, Stopping threads took: 0.0001196 seconds
2020-05-19T12:21:20.117+0000: 6237.055: Total time for which application threads were stopped: 0.0002878 seconds, Stopping threads took: 0.0000988 seconds
2020-05-19T12:21:20.126+0000: 6237.064: Total time for which application threads were stopped: 0.0004822 seconds, Stopping threads took: 0.0003901 seconds
2020-05-19T12:21:20.129+0000: 6237.066: Total time for which application threads were stopped: 0.0001253 seconds, Stopping threads took: 0.0000569 seconds
{Heap before GC invocations=105 (full 6):
 par new generation   total 109248K, used 109248K [0x00000000e0000000, 0x00000000e8000000, 0x00000000e8000000)
  eden space 87424K, 100% used [0x00000000e0000000, 0x00000000e5560000, 0x00000000e5560000)
  from space 21824K, 100% used [0x00000000e6ab0000, 0x00000000e8000000, 0x00000000e8000000)
  to   space 21824K,   0% used [0x00000000e5560000, 0x00000000e5560000, 0x00000000e6ab0000)
 concurrent mark-sweep generation total 393216K, used 100964K [0x00000000e8000000, 0x0000000100000000, 0x0000000100000000)
 Metaspace       used 55516K, capacity 57282K, committed 57364K, reserved 1099776K
  class space    used 6555K, capacity 6950K, committed 6976K, reserved 1048576K
2020-05-19T12:21:20.185+0000: 6237.122: [GC (Allocation Failure) 2020-05-19T12:21:20.185+0000: 6237.122: [ParNew
Desired survivor size 20112992 bytes, new threshold 7 (max 8)
- age   1:    4248872 bytes,    4248872 total
- age   2:    4335776 bytes,    8584648 total
- age   3:    4243424 bytes,   12828072 total
- age   4:    4670528 bytes,   17498600 total
- age   5:         32 bytes,   17498632 total
- age   6:    2160840 bytes,   19659472 total
- age   7:    2678008 bytes,   22337480 total
: 109248K->21824K(109248K), 0.0161520 secs] 210212K->129194K(502464K), 0.0162615 secs] [Times: user=0.05 sys=0.00, real=0.02 secs] 
Heap after GC invocations=106 (full 6):
 par new generation   total 109248K, used 21824K [0x00000000e0000000, 0x00000000e8000000, 0x00000000e8000000)
  eden space 87424K,   0% used [0x00000000e0000000, 0x00000000e0000000, 0x00000000e5560000)
  from space 21824K, 100% used [0x00000000e5560000, 0x00000000e6ab0000, 0x00000000e6ab0000)
  to   space 21824K,   0% used [0x00000000e6ab0000, 0x00000000e6ab0000, 0x00000000e8000000)
 concurrent mark-sweep generation total 393216K, used 107370K [0x00000000e8000000, 0x0000000100000000, 0x0000000100000000)
 Metaspace       used 55516K, capacity 57282K, committed 57364K, reserved 1099776K
  class space    used 6555K, capacity 6950K, committed 6976K, reserved 1048576K
}
2020-05-19T12:21:20.201+0000: 6237.138: Total time for which application threads were stopped: 0.0165634 seconds, Stopping threads took: 0.0000562 seconds
2020-05-19T12:21:20.202+0000: 6237.138: Total time for which application threads were stopped: 0.0001310 seconds, Stopping threads took: 0.0000667 seconds
2020-05-19T12:21:20.202+0000: 6237.139: Total time for which application threads were stopped: 0.0001414 seconds, Stopping threads took: 0.0000433 seconds
2020-05-19T12:21:20.234+0000: 6237.170: Total time for which application threads were stopped: 0.0001493 seconds, Stopping threads took: 0.0000528 seconds
{Heap before GC invocations=106 (full 6):
 par new generation   total 109248K, used 109248K [0x00000000e0000000, 0x00000000e8000000, 0x00000000e8000000)
  eden space 87424K, 100% used [0x00000000e0000000, 0x00000000e5560000, 0x00000000e5560000)
  from space 21824K, 100% used [0x00000000e5560000, 0x00000000e6ab0000, 0x00000000e6ab0000)
  to   space 21824K,   0% used [0x00000000e6ab0000, 0x00000000e6ab0000, 0x00000000e8000000)
 concurrent mark-sweep generation total 393216K, used 107370K [0x00000000e8000000, 0x0000000100000000, 0x0000000100000000)
 Metaspace       used 55517K, capacity 57282K, committed 57364K, reserved 1099776K
  class space    used 6555K, capacity 6950K, committed 6976K, reserved 1048576K
2020-05-19T12:21:20.321+0000: 6237.259: [GC (Allocation Failure) 2020-05-19T12:21:20.321+0000: 6237.259: [ParNew
Desired survivor size 20112992 bytes, new threshold 7 (max 8)
- age   1:    3322400 bytes,    3322400 total
- age   2:    3013992 bytes,    6336392 total
- age   3:    3878624 bytes,   10215016 total
- age   4:    4133368 bytes,   14348384 total
- age   5:    4662352 bytes,   19010736 total
- age   6:         32 bytes,   19010768 total
- age   7:    1978024 bytes,   20988792 total
: 109248K->21824K(109248K), 0.0171039 secs] 216618K->140056K(502464K), 0.0171807 secs] [Times: user=0.05 sys=0.00, real=0.02 secs] 
Heap after GC invocations=107 (full 6):
 par new generation   total 109248K, used 21824K [0x00000000e0000000, 0x00000000e8000000, 0x00000000e8000000)
  eden space 87424K,   0% used [0x00000000e0000000, 0x00000000e0000000, 0x00000000e5560000)
  from space 21824K, 100% used [0x00000000e6ab0000, 0x00000000e8000000, 0x00000000e8000000)
  to   space 21824K,   0% used [0x00000000e5560000, 0x00000000e5560000, 0x00000000e6ab0000)
 concurrent mark-sweep generation total 393216K, used 118232K [0x00000000e8000000, 0x0000000100000000, 0x0000000100000000)
 Metaspace       used 55517K, capacity 57282K, committed 57364K, reserved 1099776K
  class space    used 6555K, capacity 6950K, committed 6976K, reserved 1048576K
}
2020-05-19T12:21:20.339+0000: 6237.276: Total time for which application threads were stopped: 0.0174069 seconds, Stopping threads took: 0.0000587 seconds
2020-05-19T12:21:20.339+0000: 6237.276: Total time for which application threads were stopped: 0.0001418 seconds, Stopping threads took: 0.0000568 seconds
2020-05-19T12:21:20.339+0000: 6237.276: Total time for which application threads were stopped: 0.0001037 seconds, Stopping threads took: 0.0000479 seconds
{Heap before GC invocations=107 (full 6):
 par new generation   total 109248K, used 109248K [0x00000000e0000000, 0x00000000e8000000, 0x00000000e8000000)
  eden space 87424K, 100% used [0x00000000e0000000, 0x00000000e5560000, 0x00000000e5560000)
  from space 21824K, 100% used [0x00000000e6ab0000, 0x00000000e8000000, 0x00000000e8000000)
  to   space 21824K,   0% used [0x00000000e5560000, 0x00000000e5560000, 0x00000000e6ab0000)
 concurrent mark-sweep generation total 393216K, used 118232K [0x00000000e8000000, 0x0000000100000000, 0x0000000100000000)
 Metaspace       used 55518K, capacity 57282K, committed 57364K, reserved 1099776K
  class space    used 6555K, capacity 6950K, committed 6976K, reserved 1048576K
2020-05-19T12:21:20.421+0000: 6237.358: [GC (Allocation Failure) 2020-05-19T12:21:20.421+0000: 6237.358: [ParNew
Desired survivor size 20112992 bytes, new threshold 6 (max 8)
- age   1:    4356512 bytes,    4356512 total
- age   2:    1760216 bytes,    6116728 total
- age   3:    2986824 bytes,    9103552 total
- age   4:    3853024 bytes,   12956576 total
- age   5:    2570440 bytes,   15527016 total
- age   6:    4593320 bytes,   20120336 total
- age   7:         32 bytes,   20120368 total
: 109248K->21824K(109248K), 0.0156889 secs] 227480K->149211K(502464K), 0.0157758 secs] [Times: user=0.06 sys=0.00, real=0.02 secs] 
Heap after GC invocations=108 (full 6):
 par new generation   total 109248K, used 21824K [0x00000000e0000000, 0x00000000e8000000, 0x00000000e8000000)
  eden space 87424K,   0% used [0x00000000e0000000, 0x00000000e0000000, 0x00000000e5560000)
  from space 21824K, 100% used [0x00000000e5560000, 0x00000000e6ab0000, 0x00000000e6ab0000)
  to   space 21824K,   0% used [0x00000000e6ab0000, 0x00000000e6ab0000, 0x00000000e8000000)
 concurrent mark-sweep generation total 393216K, used 127387K [0x00000000e8000000, 0x0000000100000000, 0x0000000100000000)
 Metaspace       used 55518K, capacity 57282K, committed 57364K, reserved 1099776K
  class space    used 6555K, capacity 6950K, committed 6976K, reserved 1048576K
}
2020-05-19T12:21:20.437+0000: 6237.374: Total time for which application threads were stopped: 0.0160035 seconds, Stopping threads took: 0.0000514 seconds
2020-05-19T12:21:20.437+0000: 6237.374: Total time for which application threads were stopped: 0.0001565 seconds, Stopping threads took: 0.0000588 seconds
2020-05-19T12:21:20.437+0000: 6237.375: Total time for which application threads were stopped: 0.0002121 seconds, Stopping threads took: 0.0000428 seconds
2020-05-19T12:21:20.438+0000: 6237.375: Total time for which application threads were stopped: 0.0000773 seconds, Stopping threads took: 0.0000321 seconds
2020-05-19T12:21:21.439+0000: 6238.376: Total time for which application threads were stopped: 0.0001341 seconds, Stopping threads took: 0.0000546 seconds
2020-05-19T12:21:21.485+0000: 6238.422: Total time for which application threads were stopped: 0.0001695 seconds, Stopping threads took: 0.0000847 seconds
2020-05-19T12:21:21.486+0000: 6238.423: Total time for which application threads were stopped: 0.0001926 seconds, Stopping threads took: 0.0000477 seconds
2020-05-19T12:21:21.487+0000: 6238.424: Total time for which application threads were stopped: 0.0001139 seconds, Stopping threads took: 0.0000441 seconds
2020-05-19T12:21:21.487+0000: 6238.424: Total time for which application threads were stopped: 0.0000915 seconds, Stopping threads took: 0.0000376 seconds
2020-05-19T12:21:21.487+0000: 6238.424: Total time for which application threads were stopped: 0.0000561 seconds, Stopping threads took: 0.0000161 seconds
2020-05-19T12:21:21.487+0000: 6238.424: Total time for which application threads were stopped: 0.0000557 seconds, Stopping threads took: 0.0000160 seconds
2020-05-19T12:21:24.895+0000: 6241.832: Total time for which application threads were stopped: 0.0003584 seconds, Stopping threads took: 0.0002608 seconds
2020-05-19T12:21:24.908+0000: 6241.845: Total time for which application threads were stopped: 0.0001334 seconds, Stopping threads took: 0.0000649 seconds
2020-05-19T12:21:24.973+0000: 6241.911: Total time for which application threads were stopped: 0.0004680 seconds, Stopping threads took: 0.0002830 seconds
{Heap before GC invocations=108 (full 6):
 par new generation   total 109248K, used 109248K [0x00000000e0000000, 0x00000000e8000000, 0x00000000e8000000)
  eden space 87424K, 100% used [0x00000000e0000000, 0x00000000e5560000, 0x00000000e5560000)
  from space 21824K, 100% used [0x00000000e5560000, 0x00000000e6ab0000, 0x00000000e6ab0000)
  to   space 21824K,   0% used [0x00000000e6ab0000, 0x00000000e6ab0000, 0x00000000e8000000)
 concurrent mark-sweep generation total 393216K, used 127387K [0x00000000e8000000, 0x0000000100000000, 0x0000000100000000)
 Metaspace       used 55528K, capacity 57282K, committed 57364K, reserved 1099776K
  class space    used 6555K, capacity 6950K, committed 6976K, reserved 1048576K
2020-05-19T12:21:25.003+0000: 6241.940: [GC (Allocation Failure) 2020-05-19T12:21:25.003+0000: 6241.940: [ParNew
Desired survivor size 20112992 bytes, new threshold 6 (max 8)
- age   1:    8231592 bytes,    8231592 total
- age   2:    3489944 bytes,   11721536 total
- age   3:    1239312 bytes,   12960848 total
- age   4:    2950976 bytes,   15911824 total
- age   5:    3853024 bytes,   19764848 total
- age   6:    2570312 bytes,   22335160 total
: 109248K->21824K(109248K), 0.0153563 secs] 236635K->157731K(502464K), 0.0154199 secs] [Times: user=0.06 sys=0.00, real=0.02 secs] 
Heap after GC invocations=109 (full 6):
 par new generation   total 109248K, used 21824K [0x00000000e0000000, 0x00000000e8000000, 0x00000000e8000000)
  eden space 87424K,   0% used [0x00000000e0000000, 0x00000000e0000000, 0x00000000e5560000)
  from space 21824K, 100% used [0x00000000e6ab0000, 0x00000000e8000000, 0x00000000e8000000)
  to   space 21824K,   0% used [0x00000000e5560000, 0x00000000e5560000, 0x00000000e6ab0000)
 concurrent mark-sweep generation total 393216K, used 135907K [0x00000000e8000000, 0x0000000100000000, 0x0000000100000000)
 Metaspace       used 55528K, capacity 57282K, committed 57364K, reserved 1099776K
  class space    used 6555K, capacity 6950K, committed 6976K, reserved 1048576K
}
2020-05-19T12:21:25.019+0000: 6241.956: Total time for which application threads were stopped: 0.0156423 seconds, Stopping threads took: 0.0000549 seconds
2020-05-19T12:21:25.019+0000: 6241.956: Total time for which application threads were stopped: 0.0001829 seconds, Stopping threads took: 0.0000544 seconds
2020-05-19T12:21:25.019+0000: 6241.956: Total time for which application threads were stopped: 0.0001421 seconds, Stopping threads took: 0.0000475 seconds
{Heap before GC invocations=109 (full 6):
 par new generation   total 109248K, used 109248K [0x00000000e0000000, 0x00000000e8000000, 0x00000000e8000000)
  eden space 87424K, 100% used [0x00000000e0000000, 0x00000000e5560000, 0x00000000e5560000)
  from space 21824K, 100% used [0x00000000e6ab0000, 0x00000000e8000000, 0x00000000e8000000)
  to   space 21824K,   0% used [0x00000000e5560000, 0x00000000e5560000, 0x00000000e6ab0000)
 concurrent mark-sweep generation total 393216K, used 135907K [0x00000000e8000000, 0x0000000100000000, 0x0000000100000000)
 Metaspace       used 55528K, capacity 57282K, committed 57364K, reserved 1099776K
  class space    used 6555K, capacity 6950K, committed 6976K, reserved 1048576K
2020-05-19T12:21:25.122+0000: 6242.059: [GC (Allocation Failure) 2020-05-19T12:21:25.122+0000: 6242.059: [ParNew
Desired survivor size 20112992 bytes, new threshold 6 (max 8)
- age   1:    3548248 bytes,    3548248 total
- age   2:    7239832 bytes,   10788080 total
- age   3:    3489944 bytes,   14278024 total
- age   4:    1239312 bytes,   15517336 total
- age   5:    2950976 bytes,   18468312 total
- age   6:    3853024 bytes,   22321336 total
: 109248K->21824K(109248K), 0.0177248 secs] 245155K->167876K(502464K), 0.0178004 secs] [Times: user=0.05 sys=0.00, real=0.02 secs] 
Heap after GC invocations=110 (full 6):
 par new generation   total 109248K, used 21824K [0x00000000e0000000, 0x00000000e8000000, 0x00000000e8000000)
  eden space 87424K,   0% used [0x00000000e0000000, 0x00000000e0000000, 0x00000000e5560000)
  from space 21824K, 100% used [0x00000000e5560000, 0x00000000e6ab0000, 0x00000000e6ab0000)
  to   space 21824K,   0% used [0x00000000e6ab0000, 0x00000000e6ab0000, 0x00000000e8000000)
 concurrent mark-sweep generation total 393216K, used 146052K [0x00000000e8000000, 0x0000000100000000, 0x0000000100000000)
 Metaspace       used 55528K, capacity 57282K, committed 57364K, reserved 1099776K
  class space    used 6555K, capacity 6950K, committed 6976K, reserved 1048576K
}
2020-05-19T12:21:25.140+0000: 6242.077: Total time for which application threads were stopped: 0.0180676 seconds, Stopping threads took: 0.0000585 seconds
2020-05-19T12:21:25.140+0000: 6242.077: Total time for which application threads were stopped: 0.0001831 seconds, Stopping threads took: 0.0000664 seconds
2020-05-19T12:21:25.140+0000: 6242.078: Total time for which application threads were stopped: 0.0001273 seconds, Stopping threads took: 0.0000595 seconds
2020-05-19T12:21:25.968+0000: 6242.905: Total time for which application threads were stopped: 0.0002175 seconds, Stopping threads took: 0.0000404 seconds
2020-05-19T12:21:25.968+0000: 6242.905: Total time for which application threads were stopped: 0.0000996 seconds, Stopping threads took: 0.0000470 seconds
2020-05-19T12:21:25.968+0000: 6242.905: Total time for which application threads were stopped: 0.0000505 seconds, Stopping threads took: 0.0000144 seconds
2020-05-19T12:21:25.968+0000: 6242.905: Total time for which application threads were stopped: 0.0000449 seconds, Stopping threads took: 0.0000108 seconds
2020-05-19T12:21:25.968+0000: 6242.905: Total time for which application threads were stopped: 0.0000432 seconds, Stopping threads took: 0.0000093 seconds
2020-05-19T12:21:26.969+0000: 6243.906: Total time for which application threads were stopped: 0.0001300 seconds, Stopping threads took: 0.0000631 seconds
2020-05-19T12:21:29.772+0000: 6246.709: Total time for which application threads were stopped: 0.0002405 seconds, Stopping threads took: 0.0001798 seconds
2020-05-19T12:21:29.776+0000: 6246.713: Total time for which application threads were stopped: 0.0002570 seconds, Stopping threads took: 0.0001273 seconds
2020-05-19T12:21:29.793+0000: 6246.730: Total time for which application threads were stopped: 0.0001474 seconds, Stopping threads took: 0.0000537 seconds
2020-05-19T12:21:29.794+0000: 6246.731: Total time for which application threads were stopped: 0.0001409 seconds, Stopping threads took: 0.0000617 seconds
{Heap before GC invocations=110 (full 6):
 par new generation   total 109248K, used 109248K [0x00000000e0000000, 0x00000000e8000000, 0x00000000e8000000)
  eden space 87424K, 100% used [0x00000000e0000000, 0x00000000e5560000, 0x00000000e5560000)
  from space 21824K, 100% used [0x00000000e5560000, 0x00000000e6ab0000, 0x00000000e6ab0000)
  to   space 21824K,   0% used [0x00000000e6ab0000, 0x00000000e6ab0000, 0x00000000e8000000)
 concurrent mark-sweep generation total 393216K, used 146052K [0x00000000e8000000, 0x0000000100000000, 0x0000000100000000)
 Metaspace       used 55542K, capacity 57282K, committed 57364K, reserved 1099776K
  class space    used 6555K, capacity 6950K, committed 6976K, reserved 1048576K
2020-05-19T12:21:29.849+0000: 6246.786: [GC (Allocation Failure) 2020-05-19T12:21:29.849+0000: 6246.786: [ParNew
Desired survivor size 20112992 bytes, new threshold 6 (max 8)
- age   1:    5938616 bytes,    5938616 total
- age   2:    3177776 bytes,    9116392 total
- age   3:    6220600 bytes,   15336992 total
- age   4:    2980112 bytes,   18317104 total
- age   5:     757736 bytes,   19074840 total
- age   6:    2877552 bytes,   21952392 total
: 109248K->21824K(109248K), 0.0157465 secs] 255300K->175200K(502464K), 0.0158551 secs] [Times: user=0.06 sys=0.00, real=0.02 secs] 
Heap after GC invocations=111 (full 6):
 par new generation   total 109248K, used 21824K [0x00000000e0000000, 0x00000000e8000000, 0x00000000e8000000)
  eden space 87424K,   0% used [0x00000000e0000000, 0x00000000e0000000, 0x00000000e5560000)
  from space 21824K, 100% used [0x00000000e6ab0000, 0x00000000e8000000, 0x00000000e8000000)
  to   space 21824K,   0% used [0x00000000e5560000, 0x00000000e5560000, 0x00000000e6ab0000)
 concurrent mark-sweep generation total 393216K, used 153376K [0x00000000e8000000, 0x0000000100000000, 0x0000000100000000)
 Metaspace       used 55542K, capacity 57282K, committed 57364K, reserved 1099776K
  class space    used 6555K, capacity 6950K, committed 6976K, reserved 1048576K
}
2020-05-19T12:21:29.865+0000: 6246.802: Total time for which application threads were stopped: 0.0162214 seconds, Stopping threads took: 0.0000619 seconds
2020-05-19T12:21:29.865+0000: 6246.802: Total time for which application threads were stopped: 0.0001812 seconds, Stopping threads took: 0.0000860 seconds
2020-05-19T12:21:29.866+0000: 6246.802: Total time for which application threads were stopped: 0.0001622 seconds, Stopping threads took: 0.0000396 seconds
2020-05-19T12:21:29.901+0000: 6246.838: Total time for which application threads were stopped: 0.0001233 seconds, Stopping threads took: 0.0000518 seconds
{Heap before GC invocations=111 (full 6):
 par new generation   total 109248K, used 109248K [0x00000000e0000000, 0x00000000e8000000, 0x00000000e8000000)
  eden space 87424K, 100% used [0x00000000e0000000, 0x00000000e5560000, 0x00000000e5560000)
  from space 21824K, 100% used [0x00000000e6ab0000, 0x00000000e8000000, 0x00000000e8000000)
  to   space 21824K,   0% used [0x00000000e5560000, 0x00000000e5560000, 0x00000000e6ab0000)
 concurrent mark-sweep generation total 393216K, used 153376K [0x00000000e8000000, 0x0000000100000000, 0x0000000100000000)
 Metaspace       used 55543K, capacity 57282K, committed 57364K, reserved 1099776K
  class space    used 6555K, capacity 6950K, committed 6976K, reserved 1048576K
2020-05-19T12:21:30.039+0000: 6246.976: [GC (Allocation Failure) 2020-05-19T12:21:30.039+0000: 6246.976: [ParNew
Desired survivor size 20112992 bytes, new threshold 5 (max 8)
- age   1:    5188400 bytes,    5188400 total
- age   2:    4872152 bytes,   10060552 total
- age   3:    2270680 bytes,   12331232 total
- age   4:    6039960 bytes,   18371192 total
- age   5:    2904136 bytes,   21275328 total
- age   6:     771224 bytes,   22046552 total
: 109248K->21824K(109248K), 0.0172516 secs] 262624K->184867K(502464K), 0.0173262 secs] [Times: user=0.05 sys=0.00, real=0.02 secs] 
Heap after GC invocations=112 (full 6):
 par new generation   total 109248K, used 21824K [0x00000000e0000000, 0x00000000e8000000, 0x00000000e8000000)
  eden space 87424K,   0% used [0x00000000e0000000, 0x00000000e0000000, 0x00000000e5560000)
  from space 21824K, 100% used [0x00000000e5560000, 0x00000000e6ab0000, 0x00000000e6ab0000)
  to   space 21824K,   0% used [0x00000000e6ab0000, 0x00000000e6ab0000, 0x00000000e8000000)
 concurrent mark-sweep generation total 393216K, used 163043K [0x00000000e8000000, 0x0000000100000000, 0x0000000100000000)
 Metaspace       used 55543K, capacity 57282K, committed 57364K, reserved 1099776K
  class space    used 6555K, capacity 6950K, committed 6976K, reserved 1048576K
}
2020-05-19T12:21:30.057+0000: 6246.994: Total time for which application threads were stopped: 0.0175525 seconds, Stopping threads took: 0.0000606 seconds
2020-05-19T12:21:30.057+0000: 6246.994: Total time for which application threads were stopped: 0.0001530 seconds, Stopping threads took: 0.0000624 seconds
2020-05-19T12:21:30.057+0000: 6246.994: Total time for which application threads were stopped: 0.0001048 seconds, Stopping threads took: 0.0000416 seconds
{Heap before GC invocations=112 (full 6):
 par new generation   total 109248K, used 109248K [0x00000000e0000000, 0x00000000e8000000, 0x00000000e8000000)
  eden space 87424K, 100% used [0x00000000e0000000, 0x00000000e5560000, 0x00000000e5560000)
  from space 21824K, 100% used [0x00000000e5560000, 0x00000000e6ab0000, 0x00000000e6ab0000)
  to   space 21824K,   0% used [0x00000000e6ab0000, 0x00000000e6ab0000, 0x00000000e8000000)
 concurrent mark-sweep generation total 393216K, used 163043K [0x00000000e8000000, 0x0000000100000000, 0x0000000100000000)
 Metaspace       used 55545K, capacity 57282K, committed 57364K, reserved 1099776K
  class space    used 6555K, capacity 6950K, committed 6976K, reserved 1048576K
2020-05-19T12:21:30.144+0000: 6247.080: [GC (Allocation Failure) 2020-05-19T12:21:30.144+0000: 6247.080: [ParNew
Desired survivor size 20112992 bytes, new threshold 5 (max 8)
- age   1:    3778728 bytes,    3778728 total
- age   2:    3739256 bytes,    7517984 total
- age   3:    4855576 bytes,   12373560 total
- age   4:    2270504 bytes,   14644064 total
- age   5:    5949480 bytes,   20593544 total
: 109248K->21824K(109248K), 0.0151490 secs] 272291K->192821K(502464K), 0.0153103 secs] [Times: user=0.06 sys=0.00, real=0.01 secs] 
Heap after GC invocations=113 (full 6):
 par new generation   total 109248K, used 21824K [0x00000000e0000000, 0x00000000e8000000, 0x00000000e8000000)
  eden space 87424K,   0% used [0x00000000e0000000, 0x00000000e0000000, 0x00000000e5560000)
  from space 21824K, 100% used [0x00000000e6ab0000, 0x00000000e8000000, 0x00000000e8000000)
  to   space 21824K,   0% used [0x00000000e5560000, 0x00000000e5560000, 0x00000000e6ab0000)
 concurrent mark-sweep generation total 393216K, used 170997K [0x00000000e8000000, 0x0000000100000000, 0x0000000100000000)
 Metaspace       used 55545K, capacity 57282K, committed 57364K, reserved 1099776K
  class space    used 6555K, capacity 6950K, committed 6976K, reserved 1048576K
}
2020-05-19T12:21:30.159+0000: 6247.096: Total time for which application threads were stopped: 0.0156005 seconds, Stopping threads took: 0.0000520 seconds
2020-05-19T12:21:30.159+0000: 6247.096: Total time for which application threads were stopped: 0.0002899 seconds, Stopping threads took: 0.0001637 seconds
2020-05-19T12:21:30.160+0000: 6247.096: Total time for which application threads were stopped: 0.0002125 seconds, Stopping threads took: 0.0000941 seconds
2020-05-19T12:21:30.922+0000: 6247.859: Total time for which application threads were stopped: 0.0001554 seconds, Stopping threads took: 0.0000822 seconds
2020-05-19T12:21:30.924+0000: 6247.861: Total time for which application threads were stopped: 0.0001059 seconds, Stopping threads took: 0.0000495 seconds
2020-05-19T12:21:30.924+0000: 6247.861: Total time for which application threads were stopped: 0.0003953 seconds, Stopping threads took: 0.0000331 seconds
2020-05-19T12:21:33.513+0000: 6250.451: Total time for which application threads were stopped: 0.0001744 seconds, Stopping threads took: 0.0001125 seconds
2020-05-19T12:21:33.517+0000: 6250.453: Total time for which application threads were stopped: 0.0002705 seconds, Stopping threads took: 0.0001984 seconds
2020-05-19T12:21:33.526+0000: 6250.463: Total time for which application threads were stopped: 0.0001944 seconds, Stopping threads took: 0.0001088 seconds
2020-05-19T12:21:33.610+0000: 6250.547: Total time for which application threads were stopped: 0.0001568 seconds, Stopping threads took: 0.0000641 seconds
{Heap before GC invocations=113 (full 6):
 par new generation   total 109248K, used 109248K [0x00000000e0000000, 0x00000000e8000000, 0x00000000e8000000)
  eden space 87424K, 100% used [0x00000000e0000000, 0x00000000e5560000, 0x00000000e5560000)
  from space 21824K, 100% used [0x00000000e6ab0000, 0x00000000e8000000, 0x00000000e8000000)
  to   space 21824K,   0% used [0x00000000e5560000, 0x00000000e5560000, 0x00000000e6ab0000)
 concurrent mark-sweep generation total 393216K, used 170997K [0x00000000e8000000, 0x0000000100000000, 0x0000000100000000)
 Metaspace       used 55549K, capacity 57346K, committed 57620K, reserved 1099776K
  class space    used 6555K, capacity 6950K, committed 6976K, reserved 1048576K
2020-05-19T12:21:33.634+0000: 6250.571: [GC (Allocation Failure) 2020-05-19T12:21:33.634+0000: 6250.571: [ParNew
Desired survivor size 20112992 bytes, new threshold 5 (max 8)
- age   1:    7855784 bytes,    7855784 total
- age   2:    2522840 bytes,   10378624 total
- age   3:    3511792 bytes,   13890416 total
- age   4:    4815640 bytes,   18706056 total
- age   5:    2270504 bytes,   20976560 total
: 109248K->21824K(109248K), 0.0143015 secs] 280245K->200033K(502464K), 0.0143711 secs] [Times: user=0.01 sys=0.00, real=0.01 secs] 
Heap after GC invocations=114 (full 6):
 par new generation   total 109248K, used 21824K [0x00000000e0000000, 0x00000000e8000000, 0x00000000e8000000)
  eden space 87424K,   0% used [0x00000000e0000000, 0x00000000e0000000, 0x00000000e5560000)
  from space 21824K, 100% used [0x00000000e5560000, 0x00000000e6ab0000, 0x00000000e6ab0000)
  to   space 21824K,   0% used [0x00000000e6ab0000, 0x00000000e6ab0000, 0x00000000e8000000)
 concurrent mark-sweep generation total 393216K, used 178209K [0x00000000e8000000, 0x0000000100000000, 0x0000000100000000)
 Metaspace       used 55549K, capacity 57346K, committed 57620K, reserved 1099776K
  class space    used 6555K, capacity 6950K, committed 6976K, reserved 1048576K
}
2020-05-19T12:21:33.649+0000: 6250.585: Total time for which application threads were stopped: 0.0145923 seconds, Stopping threads took: 0.0000554 seconds
2020-05-19T12:21:33.649+0000: 6250.586: Total time for which application threads were stopped: 0.0002032 seconds, Stopping threads took: 0.0000601 seconds
2020-05-19T12:21:33.649+0000: 6250.586: Total time for which application threads were stopped: 0.0001292 seconds, Stopping threads took: 0.0000506 seconds
{Heap before GC invocations=114 (full 6):
 par new generation   total 109248K, used 109248K [0x00000000e0000000, 0x00000000e8000000, 0x00000000e8000000)
  eden space 87424K, 100% used [0x00000000e0000000, 0x00000000e5560000, 0x00000000e5560000)
  from space 21824K, 100% used [0x00000000e5560000, 0x00000000e6ab0000, 0x00000000e6ab0000)
  to   space 21824K,   0% used [0x00000000e6ab0000, 0x00000000e6ab0000, 0x00000000e8000000)
 concurrent mark-sweep generation total 393216K, used 178209K [0x00000000e8000000, 0x0000000100000000, 0x0000000100000000)
 Metaspace       used 55549K, capacity 57346K, committed 57620K, reserved 1099776K
  class space    used 6555K, capacity 6950K, committed 6976K, reserved 1048576K
2020-05-19T12:21:33.742+0000: 6250.679: [GC (Allocation Failure) 2020-05-19T12:21:33.742+0000: 6250.679: [ParNew
Desired survivor size 20112992 bytes, new threshold 5 (max 8)
- age   1:    5136992 bytes,    5136992 total
- age   2:    4381640 bytes,    9518632 total
- age   3:    2388160 bytes,   11906792 total
- age   4:    3511520 bytes,   15418312 total
- age   5:    4732040 bytes,   20150352 total
: 109248K->21824K(109248K), 0.0132083 secs] 287457K->207419K(502464K), 0.0132808 secs] [Times: user=0.00 sys=0.00, real=0.01 secs] 
Heap after GC invocations=115 (full 6):
 par new generation   total 109248K, used 21824K [0x00000000e0000000, 0x00000000e8000000, 0x00000000e8000000)
  eden space 87424K,   0% used [0x00000000e0000000, 0x00000000e0000000, 0x00000000e5560000)
  from space 21824K, 100% used [0x00000000e6ab0000, 0x00000000e8000000, 0x00000000e8000000)
  to   space 21824K,   0% used [0x00000000e5560000, 0x00000000e5560000, 0x00000000e6ab0000)
 concurrent mark-sweep generation total 393216K, used 185595K [0x00000000e8000000, 0x0000000100000000, 0x0000000100000000)
 Metaspace       used 55549K, capacity 57346K, committed 57620K, reserved 1099776K
  class space    used 6555K, capacity 6950K, committed 6976K, reserved 1048576K
}
2020-05-19T12:21:33.755+0000: 6250.693: Total time for which application threads were stopped: 0.0134941 seconds, Stopping threads took: 0.0000536 seconds
2020-05-19T12:21:33.756+0000: 6250.693: Total time for which application threads were stopped: 0.0001446 seconds, Stopping threads took: 0.0000655 seconds
2020-05-19T12:21:33.756+0000: 6250.693: Total time for which application threads were stopped: 0.0001122 seconds, Stopping threads took: 0.0000452 seconds
2020-05-19T12:21:33.756+0000: 6250.693: Total time for which application threads were stopped: 0.0000765 seconds, Stopping threads took: 0.0000431 seconds
2020-05-19T12:21:34.390+0000: 6251.327: Total time for which application threads were stopped: 0.0002988 seconds, Stopping threads took: 0.0001898 seconds
2020-05-19T12:21:34.391+0000: 6251.328: Total time for which application threads were stopped: 0.0001566 seconds, Stopping threads took: 0.0000607 seconds
2020-05-19T12:21:34.392+0000: 6251.329: Total time for which application threads were stopped: 0.0001025 seconds, Stopping threads took: 0.0000487 seconds
2020-05-19T12:21:34.392+0000: 6251.329: Total time for which application threads were stopped: 0.0001024 seconds, Stopping threads took: 0.0000457 seconds
2020-05-19T12:21:35.392+0000: 6252.329: Total time for which application threads were stopped: 0.0001294 seconds, Stopping threads took: 0.0000551 seconds
2020-05-19T12:21:48.528+0000: 6265.465: Total time for which application threads were stopped: 0.0000929 seconds, Stopping threads took: 0.0000233 seconds
2020-05-19T12:22:11.541+0000: 6288.479: Total time for which application threads were stopped: 0.0001655 seconds, Stopping threads took: 0.0000923 seconds
2020-05-19T12:22:11.544+0000: 6288.481: Total time for which application threads were stopped: 0.0001004 seconds, Stopping threads took: 0.0000309 seconds
2020-05-19T12:22:11.552+0000: 6288.489: Total time for which application threads were stopped: 0.0001125 seconds, Stopping threads took: 0.0000299 seconds
2020-05-19T12:22:11.554+0000: 6288.491: Total time for which application threads were stopped: 0.0000907 seconds, Stopping threads took: 0.0000253 seconds
{Heap before GC invocations=115 (full 6):
 par new generation   total 109248K, used 109248K [0x00000000e0000000, 0x00000000e8000000, 0x00000000e8000000)
  eden space 87424K, 100% used [0x00000000e0000000, 0x00000000e5560000, 0x00000000e5560000)
  from space 21824K, 100% used [0x00000000e6ab0000, 0x00000000e8000000, 0x00000000e8000000)
  to   space 21824K,   0% used [0x00000000e5560000, 0x00000000e5560000, 0x00000000e6ab0000)
 concurrent mark-sweep generation total 393216K, used 185595K [0x00000000e8000000, 0x0000000100000000, 0x0000000100000000)
 Metaspace       used 55558K, capacity 57346K, committed 57620K, reserved 1099776K
  class space    used 6555K, capacity 6950K, committed 6976K, reserved 1048576K
2020-05-19T12:22:11.591+0000: 6288.528: [GC (Allocation Failure) 2020-05-19T12:22:11.591+0000: 6288.528: [ParNew
Desired survivor size 20112992 bytes, new threshold 8 (max 8)
- age   1:    4835880 bytes,    4835880 total
- age   2:    2559408 bytes,    7395288 total
- age   3:    3915008 bytes,   11310296 total
- age   4:    2388160 bytes,   13698456 total
- age   5:    3511216 bytes,   17209672 total
: 109248K->21824K(109248K), 0.0135420 secs] 294843K->212050K(502464K), 0.0136505 secs] [Times: user=0.05 sys=0.00, real=0.01 secs] 
Heap after GC invocations=116 (full 6):
 par new generation   total 109248K, used 21824K [0x00000000e0000000, 0x00000000e8000000, 0x00000000e8000000)
  eden space 87424K,   0% used [0x00000000e0000000, 0x00000000e0000000, 0x00000000e5560000)
  from space 21824K, 100% used [0x00000000e5560000, 0x00000000e6ab0000, 0x00000000e6ab0000)
  to   space 21824K,   0% used [0x00000000e6ab0000, 0x00000000e6ab0000, 0x00000000e8000000)
 concurrent mark-sweep generation total 393216K, used 190226K [0x00000000e8000000, 0x0000000100000000, 0x0000000100000000)
 Metaspace       used 55558K, capacity 57346K, committed 57620K, reserved 1099776K
  class space    used 6555K, capacity 6950K, committed 6976K, reserved 1048576K
}
2020-05-19T12:22:11.604+0000: 6288.542: Total time for which application threads were stopped: 0.0138933 seconds, Stopping threads took: 0.0000572 seconds
2020-05-19T12:22:11.605+0000: 6288.542: Total time for which application threads were stopped: 0.0001514 seconds, Stopping threads took: 0.0000536 seconds
2020-05-19T12:22:11.650+0000: 6288.587: Total time for which application threads were stopped: 0.0001345 seconds, Stopping threads took: 0.0000525 seconds
{Heap before GC invocations=116 (full 6):
 par new generation   total 109248K, used 109248K [0x00000000e0000000, 0x00000000e8000000, 0x00000000e8000000)
  eden space 87424K, 100% used [0x00000000e0000000, 0x00000000e5560000, 0x00000000e5560000)
  from space 21824K, 100% used [0x00000000e5560000, 0x00000000e6ab0000, 0x00000000e6ab0000)
  to   space 21824K,   0% used [0x00000000e6ab0000, 0x00000000e6ab0000, 0x00000000e8000000)
 concurrent mark-sweep generation total 393216K, used 190226K [0x00000000e8000000, 0x0000000100000000, 0x0000000100000000)
 Metaspace       used 55558K, capacity 57346K, committed 57620K, reserved 1099776K
  class space    used 6555K, capacity 6950K, committed 6976K, reserved 1048576K
2020-05-19T12:22:11.730+0000: 6288.667: [GC (Allocation Failure) 2020-05-19T12:22:11.730+0000: 6288.667: [ParNew
Desired survivor size 20112992 bytes, new threshold 6 (max 8)
- age   1:    9768664 bytes,    9768664 total
- age   2:     463824 bytes,   10232488 total
- age   3:    2390712 bytes,   12623200 total
- age   4:    3817360 bytes,   16440560 total
- age   5:    2388160 bytes,   18828720 total
- age   6:    3511216 bytes,   22339936 total
: 109248K->21824K(109248K), 0.0147268 secs] 299474K->215061K(502464K), 0.0148051 secs] [Times: user=0.05 sys=0.02, real=0.01 secs] 
Heap after GC invocations=117 (full 6):
 par new generation   total 109248K, used 21824K [0x00000000e0000000, 0x00000000e8000000, 0x00000000e8000000)
  eden space 87424K,   0% used [0x00000000e0000000, 0x00000000e0000000, 0x00000000e5560000)
  from space 21824K, 100% used [0x00000000e6ab0000, 0x00000000e8000000, 0x00000000e8000000)
  to   space 21824K,   0% used [0x00000000e5560000, 0x00000000e5560000, 0x00000000e6ab0000)
 concurrent mark-sweep generation total 393216K, used 193237K [0x00000000e8000000, 0x0000000100000000, 0x0000000100000000)
 Metaspace       used 55558K, capacity 57346K, committed 57620K, reserved 1099776K
  class space    used 6555K, capacity 6950K, committed 6976K, reserved 1048576K
}
2020-05-19T12:22:11.745+0000: 6288.682: Total time for which application threads were stopped: 0.0150237 seconds, Stopping threads took: 0.0000540 seconds
2020-05-19T12:22:11.745+0000: 6288.682: Total time for which application threads were stopped: 0.0001361 seconds, Stopping threads took: 0.0000528 seconds
2020-05-19T12:22:11.745+0000: 6288.682: Total time for which application threads were stopped: 0.0001350 seconds, Stopping threads took: 0.0000438 seconds
2020-05-19T12:22:11.745+0000: 6288.682: Total time for which application threads were stopped: 0.0001028 seconds, Stopping threads took: 0.0000458 seconds
2020-05-19T12:22:11.745+0000: 6288.682: Total time for which application threads were stopped: 0.0000741 seconds, Stopping threads took: 0.0000393 seconds
2020-05-19T12:22:11.745+0000: 6288.682: Total time for which application threads were stopped: 0.0000737 seconds, Stopping threads took: 0.0000439 seconds
{Heap before GC invocations=117 (full 6):
 par new generation   total 109248K, used 109248K [0x00000000e0000000, 0x00000000e8000000, 0x00000000e8000000)
  eden space 87424K, 100% used [0x00000000e0000000, 0x00000000e5560000, 0x00000000e5560000)
  from space 21824K, 100% used [0x00000000e6ab0000, 0x00000000e8000000, 0x00000000e8000000)
  to   space 21824K,   0% used [0x00000000e5560000, 0x00000000e5560000, 0x00000000e6ab0000)
 concurrent mark-sweep generation total 393216K, used 193237K [0x00000000e8000000, 0x0000000100000000, 0x0000000100000000)
 Metaspace       used 55558K, capacity 57346K, committed 57620K, reserved 1099776K
  class space    used 6555K, capacity 6950K, committed 6976K, reserved 1048576K
2020-05-19T12:22:11.827+0000: 6288.764: [GC (Allocation Failure) 2020-05-19T12:22:11.827+0000: 6288.764: [ParNew
Desired survivor size 20112992 bytes, new threshold 8 (max 8)
- age   1:    4393872 bytes,    4393872 total
- age   2:    5356640 bytes,    9750512 total
- age   3:     463448 bytes,   10213960 total
- age   4:    2390712 bytes,   12604672 total
- age   5:    3817216 bytes,   16421888 total
- age   6:    2388160 bytes,   18810048 total
: 109248K->21824K(109248K), 0.0141152 secs] 302485K->220301K(502464K), 0.0141845 secs] [Times: user=0.05 sys=0.00, real=0.01 secs] 
Heap after GC invocations=118 (full 6):
 par new generation   total 109248K, used 21824K [0x00000000e0000000, 0x00000000e8000000, 0x00000000e8000000)
  eden space 87424K,   0% used [0x00000000e0000000, 0x00000000e0000000, 0x00000000e5560000)
  from space 21824K, 100% used [0x00000000e5560000, 0x00000000e6ab0000, 0x00000000e6ab0000)
  to   space 21824K,   0% used [0x00000000e6ab0000, 0x00000000e6ab0000, 0x00000000e8000000)
 concurrent mark-sweep generation total 393216K, used 198477K [0x00000000e8000000, 0x0000000100000000, 0x0000000100000000)
 Metaspace       used 55558K, capacity 57346K, committed 57620K, reserved 1099776K
  class space    used 6555K, capacity 6950K, committed 6976K, reserved 1048576K
}
2020-05-19T12:22:11.841+0000: 6288.778: Total time for which application threads were stopped: 0.0144066 seconds, Stopping threads took: 0.0000473 seconds
2020-05-19T12:22:11.841+0000: 6288.778: [GC (CMS Initial Mark) [1 CMS-initial-mark: 198477K(393216K)] 221431K(502464K), 0.0038394 secs] [Times: user=0.00 sys=0.00, real=0.00 secs] 
2020-05-19T12:22:11.845+0000: 6288.782: Total time for which application threads were stopped: 0.0040269 seconds, Stopping threads took: 0.0000697 seconds
2020-05-19T12:22:11.845+0000: 6288.782: [CMS-concurrent-mark-start]
2020-05-19T12:22:11.867+0000: 6288.803: [CMS-concurrent-mark: 0.021/0.021 secs] [Times: user=0.06 sys=0.00, real=0.02 secs] 
2020-05-19T12:22:11.867+0000: 6288.804: Total time for which application threads were stopped: 0.0003651 seconds, Stopping threads took: 0.0002245 seconds
2020-05-19T12:22:11.867+0000: 6288.804: [CMS-concurrent-preclean-start]
2020-05-19T12:22:11.867+0000: 6288.804: Total time for which application threads were stopped: 0.0001325 seconds, Stopping threads took: 0.0000255 seconds
2020-05-19T12:22:11.869+0000: 6288.806: [CMS-concurrent-preclean: 0.002/0.002 secs] [Times: user=0.00 sys=0.02, real=0.00 secs] 
2020-05-19T12:22:11.869+0000: 6288.806: [GC (CMS Final Remark) [YG occupancy: 22954 K (109248 K)]{Heap before GC invocations=118 (full 7):
 par new generation   total 109248K, used 22954K [0x00000000e0000000, 0x00000000e8000000, 0x00000000e8000000)
  eden space 87424K,   1% used [0x00000000e0000000, 0x00000000e011a830, 0x00000000e5560000)
  from space 21824K, 100% used [0x00000000e5560000, 0x00000000e6ab0000, 0x00000000e6ab0000)
  to   space 21824K,   0% used [0x00000000e6ab0000, 0x00000000e6ab0000, 0x00000000e8000000)
 concurrent mark-sweep generation total 393216K, used 198477K [0x00000000e8000000, 0x0000000100000000, 0x0000000100000000)
 Metaspace       used 55558K, capacity 57346K, committed 57620K, reserved 1099776K
  class space    used 6555K, capacity 6950K, committed 6976K, reserved 1048576K
2020-05-19T12:22:11.869+0000: 6288.806: [GC (CMS Final Remark) 2020-05-19T12:22:11.869+0000: 6288.806: [ParNew
Desired survivor size 20112992 bytes, new threshold 8 (max 8)
- age   1:     186824 bytes,     186824 total
- age   2:    2249048 bytes,    2435872 total
- age   3:    5101344 bytes,    7537216 total
- age   4:     463448 bytes,    8000664 total
- age   5:    2390712 bytes,   10391376 total
- age   6:    3817216 bytes,   14208592 total
- age   7:    2388160 bytes,   16596752 total
: 22954K->21824K(109248K), 0.0094989 secs] 221431K->221665K(502464K), 0.0095898 secs] [Times: user=0.00 sys=0.00, real=0.01 secs] 
Heap after GC invocations=119 (full 7):
 par new generation   total 109248K, used 21824K [0x00000000e0000000, 0x00000000e8000000, 0x00000000e8000000)
  eden space 87424K,   0% used [0x00000000e0000000, 0x00000000e0000000, 0x00000000e5560000)
  from space 21824K, 100% used [0x00000000e6ab0000, 0x00000000e8000000, 0x00000000e8000000)
  to   space 21824K,   0% used [0x00000000e5560000, 0x00000000e5560000, 0x00000000e6ab0000)
 concurrent mark-sweep generation total 393216K, used 199841K [0x00000000e8000000, 0x0000000100000000, 0x0000000100000000)
 Metaspace       used 55558K, capacity 57346K, committed 57620K, reserved 1099776K
  class space    used 6555K, capacity 6950K, committed 6976K, reserved 1048576K
}
2020-05-19T12:22:11.879+0000: 6288.816: [Rescan (parallel) , 0.0045148 secs]2020-05-19T12:22:11.884+0000: 6288.820: [weak refs processing, 0.0044964 secs]2020-05-19T12:22:11.888+0000: 6288.825: [class unloading, 0.0112971 secs]2020-05-19T12:22:11.899+0000: 6288.836: [scrub symbol table, 0.0102394 secs]2020-05-19T12:22:11.909+0000: 6288.846: [scrub string table, 0.0005862 secs][1 CMS-remark: 199841K(393216K)] 221665K(502464K), 0.0411901 secs] [Times: user=0.08 sys=0.00, real=0.04 secs] 
2020-05-19T12:22:11.910+0000: 6288.847: Total time for which application threads were stopped: 0.0414199 seconds, Stopping threads took: 0.0000843 seconds
2020-05-19T12:22:11.910+0000: 6288.847: [CMS-concurrent-sweep-start]
2020-05-19T12:22:11.911+0000: 6288.848: Total time for which application threads were stopped: 0.0001382 seconds, Stopping threads took: 0.0000651 seconds
2020-05-19T12:22:11.911+0000: 6288.848: Total time for which application threads were stopped: 0.0001005 seconds, Stopping threads took: 0.0000342 seconds
2020-05-19T12:22:11.911+0000: 6288.848: Total time for which application threads were stopped: 0.0001047 seconds, Stopping threads took: 0.0000525 seconds
2020-05-19T12:22:11.937+0000: 6288.874: Total time for which application threads were stopped: 0.0252076 seconds, Stopping threads took: 0.0251316 seconds
2020-05-19T12:22:11.937+0000: 6288.874: Total time for which application threads were stopped: 0.0001021 seconds, Stopping threads took: 0.0000515 seconds
2020-05-19T12:22:11.937+0000: 6288.874: Total time for which application threads were stopped: 0.0000722 seconds, Stopping threads took: 0.0000394 seconds
2020-05-19T12:22:11.937+0000: 6288.874: Total time for which application threads were stopped: 0.0000680 seconds, Stopping threads took: 0.0000342 seconds
2020-05-19T12:22:11.938+0000: 6288.875: Total time for which application threads were stopped: 0.0000923 seconds, Stopping threads took: 0.0000381 seconds
2020-05-19T12:22:11.997+0000: 6288.934: [CMS-concurrent-sweep: 0.061/0.087 secs] [Times: user=0.17 sys=0.00, real=0.09 secs] 
2020-05-19T12:22:11.997+0000: 6288.934: [CMS-concurrent-reset-start]
2020-05-19T12:22:11.998+0000: 6288.935: [CMS-concurrent-reset: 0.001/0.001 secs] [Times: user=0.00 sys=0.00, real=0.00 secs] 
2020-05-19T12:22:12.920+0000: 6289.857: Total time for which application threads were stopped: 0.0001993 seconds, Stopping threads took: 0.0000885 seconds
2020-05-19T12:22:12.921+0000: 6289.859: Total time for which application threads were stopped: 0.0002032 seconds, Stopping threads took: 0.0001449 seconds
2020-05-19T12:22:12.922+0000: 6289.859: Total time for which application threads were stopped: 0.0001848 seconds, Stopping threads took: 0.0001353 seconds
2020-05-19T12:22:12.922+0000: 6289.859: Total time for which application threads were stopped: 0.0001310 seconds, Stopping threads took: 0.0000987 seconds
2020-05-19T12:22:12.922+0000: 6289.859: Total time for which application threads were stopped: 0.0000800 seconds, Stopping threads took: 0.0000483 seconds
2020-05-19T12:22:13.923+0000: 6290.860: Total time for which application threads were stopped: 0.0001996 seconds, Stopping threads took: 0.0000836 seconds
2020-05-19T12:22:15.185+0000: 6292.122: Total time for which application threads were stopped: 0.0002077 seconds, Stopping threads took: 0.0001491 seconds
2020-05-19T12:22:15.188+0000: 6292.125: Total time for which application threads were stopped: 0.0002188 seconds, Stopping threads took: 0.0001480 seconds
2020-05-19T12:22:15.202+0000: 6292.139: Total time for which application threads were stopped: 0.0001624 seconds, Stopping threads took: 0.0000608 seconds
2020-05-19T12:22:15.203+0000: 6292.140: Total time for which application threads were stopped: 0.0001148 seconds, Stopping threads took: 0.0000534 seconds
2020-05-19T12:22:15.323+0000: 6292.260: Total time for which application threads were stopped: 0.0001722 seconds, Stopping threads took: 0.0000590 seconds
{Heap before GC invocations=119 (full 7):
 par new generation   total 109248K, used 109248K [0x00000000e0000000, 0x00000000e8000000, 0x00000000e8000000)
  eden space 87424K, 100% used [0x00000000e0000000, 0x00000000e5560000, 0x00000000e5560000)
  from space 21824K, 100% used [0x00000000e6ab0000, 0x00000000e8000000, 0x00000000e8000000)
  to   space 21824K,   0% used [0x00000000e5560000, 0x00000000e5560000, 0x00000000e6ab0000)
 concurrent mark-sweep generation total 393216K, used 76974K [0x00000000e8000000, 0x0000000100000000, 0x0000000100000000)
 Metaspace       used 55587K, capacity 57410K, committed 57620K, reserved 1099776K
  class space    used 6555K, capacity 6950K, committed 6976K, reserved 1048576K
2020-05-19T12:22:15.353+0000: 6292.290: [GC (Allocation Failure) 2020-05-19T12:22:15.353+0000: 6292.290: [ParNew
Desired survivor size 20112992 bytes, new threshold 8 (max 8)
- age   1:    7340912 bytes,    7340912 total
- age   2:        800 bytes,    7341712 total
- age   3:    1585416 bytes,    8927128 total
- age   4:    4808496 bytes,   13735624 total
- age   5:     255920 bytes,   13991544 total
- age   6:    2295312 bytes,   16286856 total
- age   7:    3636384 bytes,   19923240 total
- age   8:    2138176 bytes,   22061416 total
: 109248K->21824K(109248K), 0.0165328 secs] 186222K->101227K(502464K), 0.0166961 secs] [Times: user=0.06 sys=0.00, real=0.02 secs] 
Heap after GC invocations=120 (full 7):
 par new generation   total 109248K, used 21824K [0x00000000e0000000, 0x00000000e8000000, 0x00000000e8000000)
  eden space 87424K,   0% used [0x00000000e0000000, 0x00000000e0000000, 0x00000000e5560000)
  from space 21824K, 100% used [0x00000000e5560000, 0x00000000e6ab0000, 0x00000000e6ab0000)
  to   space 21824K,   0% used [0x00000000e6ab0000, 0x00000000e6ab0000, 0x00000000e8000000)
 concurrent mark-sweep generation total 393216K, used 79403K [0x00000000e8000000, 0x0000000100000000, 0x0000000100000000)
 Metaspace       used 55587K, capacity 57410K, committed 57620K, reserved 1099776K
  class space    used 6555K, capacity 6950K, committed 6976K, reserved 1048576K
}
2020-05-19T12:22:15.370+0000: 6292.307: Total time for which application threads were stopped: 0.0170498 seconds, Stopping threads took: 0.0000631 seconds
2020-05-19T12:22:15.370+0000: 6292.307: Total time for which application threads were stopped: 0.0002864 seconds, Stopping threads took: 0.0001537 seconds
2020-05-19T12:22:15.371+0000: 6292.307: Total time for which application threads were stopped: 0.0001330 seconds, Stopping threads took: 0.0000328 seconds
{Heap before GC invocations=120 (full 7):
 par new generation   total 109248K, used 109115K [0x00000000e0000000, 0x00000000e8000000, 0x00000000e8000000)
  eden space 87424K,  99% used [0x00000000e0000000, 0x00000000e553ec20, 0x00000000e5560000)
  from space 21824K, 100% used [0x00000000e5560000, 0x00000000e6ab0000, 0x00000000e6ab0000)
  to   space 21824K,   0% used [0x00000000e6ab0000, 0x00000000e6ab0000, 0x00000000e8000000)
 concurrent mark-sweep generation total 393216K, used 79403K [0x00000000e8000000, 0x0000000100000000, 0x0000000100000000)
 Metaspace       used 55587K, capacity 57410K, committed 57620K, reserved 1099776K
  class space    used 6555K, capacity 6950K, committed 6976K, reserved 1048576K
2020-05-19T12:22:15.475+0000: 6292.413: [GC (Allocation Failure) 2020-05-19T12:22:15.475+0000: 6292.413: [ParNew
Desired survivor size 20112992 bytes, new threshold 8 (max 8)
- age   1:    3967488 bytes,    3967488 total
- age   2:    5796208 bytes,    9763696 total
- age   4:    1584896 bytes,   11348592 total
- age   5:    4808472 bytes,   16157064 total
- age   6:     254832 bytes,   16411896 total
- age   7:    2295232 bytes,   18707128 total
- age   8:    3636072 bytes,   22343200 total
: 109115K->21824K(109248K), 0.0175660 secs] 188518K->109710K(502464K), 0.0176467 secs] [Times: user=0.13 sys=0.00, real=0.02 secs] 
Heap after GC invocations=121 (full 7):
 par new generation   total 109248K, used 21824K [0x00000000e0000000, 0x00000000e8000000, 0x00000000e8000000)
  eden space 87424K,   0% used [0x00000000e0000000, 0x00000000e0000000, 0x00000000e5560000)
  from space 21824K, 100% used [0x00000000e6ab0000, 0x00000000e8000000, 0x00000000e8000000)
  to   space 21824K,   0% used [0x00000000e5560000, 0x00000000e5560000, 0x00000000e6ab0000)
 concurrent mark-sweep generation total 393216K, used 87886K [0x00000000e8000000, 0x0000000100000000, 0x0000000100000000)
 Metaspace       used 55587K, capacity 57410K, committed 57620K, reserved 1099776K
  class space    used 6555K, capacity 6950K, committed 6976K, reserved 1048576K
}
2020-05-19T12:22:15.493+0000: 6292.431: Total time for which application threads were stopped: 0.0179471 seconds, Stopping threads took: 0.0000667 seconds
2020-05-19T12:22:15.493+0000: 6292.431: Total time for which application threads were stopped: 0.0001473 seconds, Stopping threads took: 0.0000574 seconds
2020-05-19T12:22:15.494+0000: 6292.431: Total time for which application threads were stopped: 0.0001364 seconds, Stopping threads took: 0.0000397 seconds
2020-05-19T12:22:16.155+0000: 6293.091: Total time for which application threads were stopped: 0.0001516 seconds, Stopping threads took: 0.0000716 seconds
2020-05-19T12:22:16.156+0000: 6293.093: Total time for which application threads were stopped: 0.0001537 seconds, Stopping threads took: 0.0000685 seconds
2020-05-19T12:22:16.157+0000: 6293.093: Total time for which application threads were stopped: 0.0001920 seconds, Stopping threads took: 0.0001426 seconds
2020-05-19T12:22:16.157+0000: 6293.094: Total time for which application threads were stopped: 0.0000697 seconds, Stopping threads took: 0.0000360 seconds
2020-05-19T12:22:16.157+0000: 6293.094: Total time for which application threads were stopped: 0.0000755 seconds, Stopping threads took: 0.0000452 seconds
2020-05-19T12:22:16.157+0000: 6293.094: Total time for which application threads were stopped: 0.0000364 seconds, Stopping threads took: 0.0000106 seconds
2020-05-19T12:22:19.648+0000: 6296.586: Total time for which application threads were stopped: 0.0003158 seconds, Stopping threads took: 0.0002180 seconds
2020-05-19T12:22:19.650+0000: 6296.588: Total time for which application threads were stopped: 0.0002404 seconds, Stopping threads took: 0.0000581 seconds
2020-05-19T12:22:19.651+0000: 6296.589: Total time for which application threads were stopped: 0.0001621 seconds, Stopping threads took: 0.0000756 seconds
2020-05-19T12:22:19.665+0000: 6296.602: Total time for which application threads were stopped: 0.0001425 seconds, Stopping threads took: 0.0000628 seconds
2020-05-19T12:22:19.667+0000: 6296.604: Total time for which application threads were stopped: 0.0001291 seconds, Stopping threads took: 0.0000501 seconds
{Heap before GC invocations=121 (full 7):
 par new generation   total 109248K, used 109248K [0x00000000e0000000, 0x00000000e8000000, 0x00000000e8000000)
  eden space 87424K, 100% used [0x00000000e0000000, 0x00000000e5560000, 0x00000000e5560000)
  from space 21824K, 100% used [0x00000000e6ab0000, 0x00000000e8000000, 0x00000000e8000000)
  to   space 21824K,   0% used [0x00000000e5560000, 0x00000000e5560000, 0x00000000e6ab0000)
 concurrent mark-sweep generation total 393216K, used 87886K [0x00000000e8000000, 0x0000000100000000, 0x0000000100000000)
 Metaspace       used 55600K, capacity 57410K, committed 57620K, reserved 1099776K
  class space    used 6555K, capacity 6950K, committed 6976K, reserved 1048576K
2020-05-19T12:22:19.705+0000: 6296.642: [GC (Allocation Failure) 2020-05-19T12:22:19.705+0000: 6296.642: [ParNew
Desired survivor size 20112992 bytes, new threshold 7 (max 8)
- age   1:    5604648 bytes,    5604648 total
- age   2:    2776080 bytes,    8380728 total
- age   3:    5348736 bytes,   13729464 total
- age   5:    1584896 bytes,   15314360 total
- age   6:    4607768 bytes,   19922128 total
- age   7:     253336 bytes,   20175464 total
- age   8:    2168224 bytes,   22343688 total
: 109248K->21824K(109248K), 0.0163531 secs] 197134K->114928K(502464K), 0.0164527 secs] [Times: user=0.06 sys=0.00, real=0.02 secs] 
Heap after GC invocations=122 (full 7):
 par new generation   total 109248K, used 21824K [0x00000000e0000000, 0x00000000e8000000, 0x00000000e8000000)
  eden space 87424K,   0% used [0x00000000e0000000, 0x00000000e0000000, 0x00000000e5560000)
  from space 21824K, 100% used [0x00000000e5560000, 0x00000000e6ab0000, 0x00000000e6ab0000)
  to   space 21824K,   0% used [0x00000000e6ab0000, 0x00000000e6ab0000, 0x00000000e8000000)
 concurrent mark-sweep generation total 393216K, used 93104K [0x00000000e8000000, 0x0000000100000000, 0x0000000100000000)
 Metaspace       used 55600K, capacity 57410K, committed 57620K, reserved 1099776K
  class space    used 6555K, capacity 6950K, committed 6976K, reserved 1048576K
}
2020-05-19T12:22:19.721+0000: 6296.658: Total time for which application threads were stopped: 0.0167846 seconds, Stopping threads took: 0.0000781 seconds
2020-05-19T12:22:19.722+0000: 6296.659: Total time for which application threads were stopped: 0.0001419 seconds, Stopping threads took: 0.0000720 seconds
2020-05-19T12:22:19.775+0000: 6296.712: Total time for which application threads were stopped: 0.0004595 seconds, Stopping threads took: 0.0000595 seconds
{Heap before GC invocations=122 (full 7):
 par new generation   total 109248K, used 109248K [0x00000000e0000000, 0x00000000e8000000, 0x00000000e8000000)
  eden space 87424K, 100% used [0x00000000e0000000, 0x00000000e5560000, 0x00000000e5560000)
  from space 21824K, 100% used [0x00000000e5560000, 0x00000000e6ab0000, 0x00000000e6ab0000)
  to   space 21824K,   0% used [0x00000000e6ab0000, 0x00000000e6ab0000, 0x00000000e8000000)
 concurrent mark-sweep generation total 393216K, used 93104K [0x00000000e8000000, 0x0000000100000000, 0x0000000100000000)
 Metaspace       used 55600K, capacity 57410K, committed 57620K, reserved 1099776K
  class space    used 6555K, capacity 6950K, committed 6976K, reserved 1048576K
2020-05-19T12:22:19.866+0000: 6296.803: [GC (Allocation Failure) 2020-05-19T12:22:19.866+0000: 6296.803: [ParNew
Desired survivor size 20112992 bytes, new threshold 7 (max 8)
- age   1:    4791512 bytes,    4791512 total
- age   2:    5076816 bytes,    9868328 total
- age   3:    2739696 bytes,   12608024 total
- age   4:    5239064 bytes,   17847088 total
- age   6:    1288792 bytes,   19135880 total
- age   7:    2891448 bytes,   22027328 total
: 109248K->21824K(109248K), 0.0198950 secs] 202352K->127530K(502464K), 0.0199669 secs] [Times: user=0.09 sys=0.00, real=0.02 secs] 
Heap after GC invocations=123 (full 7):
 par new generation   total 109248K, used 21824K [0x00000000e0000000, 0x00000000e8000000, 0x00000000e8000000)
  eden space 87424K,   0% used [0x00000000e0000000, 0x00000000e0000000, 0x00000000e5560000)
  from space 21824K, 100% used [0x00000000e6ab0000, 0x00000000e8000000, 0x00000000e8000000)
  to   space 21824K,   0% used [0x00000000e5560000, 0x00000000e5560000, 0x00000000e6ab0000)
 concurrent mark-sweep generation total 393216K, used 105706K [0x00000000e8000000, 0x0000000100000000, 0x0000000100000000)
 Metaspace       used 55600K, capacity 57410K, committed 57620K, reserved 1099776K
  class space    used 6555K, capacity 6950K, committed 6976K, reserved 1048576K
}
2020-05-19T12:22:19.886+0000: 6296.823: Total time for which application threads were stopped: 0.0201748 seconds, Stopping threads took: 0.0000510 seconds
2020-05-19T12:22:19.886+0000: 6296.823: Total time for which application threads were stopped: 0.0001434 seconds, Stopping threads took: 0.0000597 seconds
2020-05-19T12:22:19.886+0000: 6296.823: Total time for which application threads were stopped: 0.0001027 seconds, Stopping threads took: 0.0000415 seconds
2020-05-19T12:22:19.886+0000: 6296.823: Total time for which application threads were stopped: 0.0000887 seconds, Stopping threads took: 0.0000373 seconds
{Heap before GC invocations=123 (full 7):
 par new generation   total 109248K, used 109248K [0x00000000e0000000, 0x00000000e8000000, 0x00000000e8000000)
  eden space 87424K, 100% used [0x00000000e0000000, 0x00000000e5560000, 0x00000000e5560000)
  from space 21824K, 100% used [0x00000000e6ab0000, 0x00000000e8000000, 0x00000000e8000000)
  to   space 21824K,   0% used [0x00000000e5560000, 0x00000000e5560000, 0x00000000e6ab0000)
 concurrent mark-sweep generation total 393216K, used 105706K [0x00000000e8000000, 0x0000000100000000, 0x0000000100000000)
 Metaspace       used 55616K, capacity 57410K, committed 57620K, reserved 1099776K
  class space    used 6555K, capacity 6950K, committed 6976K, reserved 1048576K
2020-05-19T12:22:19.976+0000: 6296.912: [GC (Allocation Failure) 2020-05-19T12:22:19.976+0000: 6296.912: [ParNew
Desired survivor size 20112992 bytes, new threshold 7 (max 8)
- age   1:    4002608 bytes,    4002608 total
- age   2:    2570120 bytes,    6572728 total
- age   3:    5076816 bytes,   11649544 total
- age   4:    2739696 bytes,   14389240 total
- age   5:    4529672 bytes,   18918912 total
- age   7:    1288792 bytes,   20207704 total
: 109248K->21824K(109248K), 0.0134023 secs] 214954K->131926K(502464K), 0.0135367 secs] [Times: user=0.06 sys=0.00, real=0.01 secs] 
Heap after GC invocations=124 (full 7):
 par new generation   total 109248K, used 21824K [0x00000000e0000000, 0x00000000e8000000, 0x00000000e8000000)
  eden space 87424K,   0% used [0x00000000e0000000, 0x00000000e0000000, 0x00000000e5560000)
  from space 21824K, 100% used [0x00000000e5560000, 0x00000000e6ab0000, 0x00000000e6ab0000)
  to   space 21824K,   0% used [0x00000000e6ab0000, 0x00000000e6ab0000, 0x00000000e8000000)
 concurrent mark-sweep generation total 393216K, used 110102K [0x00000000e8000000, 0x0000000100000000, 0x0000000100000000)
 Metaspace       used 55616K, capacity 57410K, committed 57620K, reserved 1099776K
  class space    used 6555K, capacity 6950K, committed 6976K, reserved 1048576K
}
2020-05-19T12:22:19.989+0000: 6296.926: Total time for which application threads were stopped: 0.0138855 seconds, Stopping threads took: 0.0000588 seconds
2020-05-19T12:22:19.990+0000: 6296.927: Total time for which application threads were stopped: 0.0002769 seconds, Stopping threads took: 0.0001598 seconds
2020-05-19T12:22:20.990+0000: 6297.926: Total time for which application threads were stopped: 0.0001934 seconds, Stopping threads took: 0.0000850 seconds
2020-05-19T12:22:21.127+0000: 6298.064: Total time for which application threads were stopped: 0.0001454 seconds, Stopping threads took: 0.0000596 seconds
2020-05-19T12:22:21.128+0000: 6298.065: Total time for which application threads were stopped: 0.0001399 seconds, Stopping threads took: 0.0000428 seconds
2020-05-19T12:22:21.128+0000: 6298.065: Total time for which application threads were stopped: 0.0000948 seconds, Stopping threads took: 0.0000402 seconds
2020-05-19T12:22:21.128+0000: 6298.065: Total time for which application threads were stopped: 0.0000829 seconds, Stopping threads took: 0.0000369 seconds
2020-05-19T12:22:34.668+0000: 6311.605: Total time for which application threads were stopped: 0.0000746 seconds, Stopping threads took: 0.0000218 seconds
2020-05-19T12:22:38.068+0000: 6315.005: Total time for which application threads were stopped: 0.0001569 seconds, Stopping threads took: 0.0001061 seconds
2020-05-19T12:22:38.071+0000: 6315.008: Total time for which application threads were stopped: 0.0001804 seconds, Stopping threads took: 0.0001143 seconds
2020-05-19T12:22:38.163+0000: 6315.100: Total time for which application threads were stopped: 0.0001438 seconds, Stopping threads took: 0.0000500 seconds
{Heap before GC invocations=124 (full 7):
 par new generation   total 109248K, used 109248K [0x00000000e0000000, 0x00000000e8000000, 0x00000000e8000000)
  eden space 87424K, 100% used [0x00000000e0000000, 0x00000000e5560000, 0x00000000e5560000)
  from space 21824K, 100% used [0x00000000e5560000, 0x00000000e6ab0000, 0x00000000e6ab0000)
  to   space 21824K,   0% used [0x00000000e6ab0000, 0x00000000e6ab0000, 0x00000000e8000000)
 concurrent mark-sweep generation total 393216K, used 110102K [0x00000000e8000000, 0x0000000100000000, 0x0000000100000000)
 Metaspace       used 55623K, capacity 57410K, committed 57620K, reserved 1099776K
  class space    used 6555K, capacity 6950K, committed 6976K, reserved 1048576K
2020-05-19T12:22:38.179+0000: 6315.116: [GC (Allocation Failure) 2020-05-19T12:22:38.179+0000: 6315.116: [ParNew
Desired survivor size 20112992 bytes, new threshold 6 (max 8)
- age   1:    4635440 bytes,    4635440 total
- age   2:    3215768 bytes,    7851208 total
- age   3:    2568920 bytes,   10420128 total
- age   4:    5013848 bytes,   15433976 total
- age   5:    2374480 bytes,   17808456 total
- age   6:    4370640 bytes,   22179096 total
: 109248K->21824K(109248K), 0.0158924 secs] 219350K->139142K(502464K), 0.0159968 secs] [Times: user=0.06 sys=0.00, real=0.02 secs] 
Heap after GC invocations=125 (full 7):
 par new generation   total 109248K, used 21824K [0x00000000e0000000, 0x00000000e8000000, 0x00000000e8000000)
  eden space 87424K,   0% used [0x00000000e0000000, 0x00000000e0000000, 0x00000000e5560000)
  from space 21824K, 100% used [0x00000000e6ab0000, 0x00000000e8000000, 0x00000000e8000000)
  to   space 21824K,   0% used [0x00000000e5560000, 0x00000000e5560000, 0x00000000e6ab0000)
 concurrent mark-sweep generation total 393216K, used 117318K [0x00000000e8000000, 0x0000000100000000, 0x0000000100000000)
 Metaspace       used 55623K, capacity 57410K, committed 57620K, reserved 1099776K
  class space    used 6555K, capacity 6950K, committed 6976K, reserved 1048576K
}
2020-05-19T12:22:38.195+0000: 6315.132: Total time for which application threads were stopped: 0.0166988 seconds, Stopping threads took: 0.0004605 seconds
2020-05-19T12:22:38.195+0000: 6315.132: Total time for which application threads were stopped: 0.0001438 seconds, Stopping threads took: 0.0000595 seconds
2020-05-19T12:22:38.195+0000: 6315.132: Total time for which application threads were stopped: 0.0001155 seconds, Stopping threads took: 0.0000522 seconds
2020-05-19T12:22:38.196+0000: 6315.132: Total time for which application threads were stopped: 0.0001086 seconds, Stopping threads took: 0.0000573 seconds
{Heap before GC invocations=125 (full 7):
 par new generation   total 109248K, used 109248K [0x00000000e0000000, 0x00000000e8000000, 0x00000000e8000000)
  eden space 87424K, 100% used [0x00000000e0000000, 0x00000000e5560000, 0x00000000e5560000)
  from space 21824K, 100% used [0x00000000e6ab0000, 0x00000000e8000000, 0x00000000e8000000)
  to   space 21824K,   0% used [0x00000000e5560000, 0x00000000e5560000, 0x00000000e6ab0000)
 concurrent mark-sweep generation total 393216K, used 117318K [0x00000000e8000000, 0x0000000100000000, 0x0000000100000000)
 Metaspace       used 55626K, capacity 57410K, committed 57620K, reserved 1099776K
  class space    used 6555K, capacity 6950K, committed 6976K, reserved 1048576K
2020-05-19T12:22:38.295+0000: 6315.232: [GC (Allocation Failure) 2020-05-19T12:22:38.295+0000: 6315.232: [ParNew
Desired survivor size 20112992 bytes, new threshold 6 (max 8)
- age   1:    5788536 bytes,    5788536 total
- age   2:    3661920 bytes,    9450456 total
- age   3:    3214656 bytes,   12665112 total
- age   4:    2568840 bytes,   15233952 total
- age   5:    4245632 bytes,   19479584 total
- age   6:    2374384 bytes,   21853968 total
: 109248K->21824K(109248K), 0.0158988 secs] 226566K->148655K(502464K), 0.0159786 secs] [Times: user=0.06 sys=0.00, real=0.02 secs] 
Heap after GC invocations=126 (full 7):
 par new generation   total 109248K, used 21824K [0x00000000e0000000, 0x00000000e8000000, 0x00000000e8000000)
  eden space 87424K,   0% used [0x00000000e0000000, 0x00000000e0000000, 0x00000000e5560000)
  from space 21824K, 100% used [0x00000000e5560000, 0x00000000e6ab0000, 0x00000000e6ab0000)
  to   space 21824K,   0% used [0x00000000e6ab0000, 0x00000000e6ab0000, 0x00000000e8000000)
 concurrent mark-sweep generation total 393216K, used 126831K [0x00000000e8000000, 0x0000000100000000, 0x0000000100000000)
 Metaspace       used 55626K, capacity 57410K, committed 57620K, reserved 1099776K
  class space    used 6555K, capacity 6950K, committed 6976K, reserved 1048576K
}
2020-05-19T12:22:38.311+0000: 6315.248: Total time for which application threads were stopped: 0.0162006 seconds, Stopping threads took: 0.0000544 seconds
2020-05-19T12:22:38.311+0000: 6315.248: Total time for which application threads were stopped: 0.0001892 seconds, Stopping threads took: 0.0000629 seconds
2020-05-19T12:22:38.312+0000: 6315.248: Total time for which application threads were stopped: 0.0002249 seconds, Stopping threads took: 0.0000446 seconds
2020-05-19T12:22:38.313+0000: 6315.249: Total time for which application threads were stopped: 0.0000881 seconds, Stopping threads took: 0.0000386 seconds
2020-05-19T12:22:39.080+0000: 6316.017: Total time for which application threads were stopped: 0.0001764 seconds, Stopping threads took: 0.0000961 seconds
2020-05-19T12:22:39.080+0000: 6316.017: Total time for which application threads were stopped: 0.0000980 seconds, Stopping threads took: 0.0000415 seconds
2020-05-19T12:22:39.080+0000: 6316.017: Total time for which application threads were stopped: 0.0000846 seconds, Stopping threads took: 0.0000349 seconds
2020-05-19T12:22:39.081+0000: 6316.017: Total time for which application threads were stopped: 0.0000966 seconds, Stopping threads took: 0.0000371 seconds
2020-05-19T12:22:39.081+0000: 6316.017: Total time for which application threads were stopped: 0.0000768 seconds, Stopping threads took: 0.0000352 seconds
2020-05-19T12:22:48.060+0000: 6324.997: Total time for which application threads were stopped: 0.0007060 seconds, Stopping threads took: 0.0006141 seconds
2020-05-19T12:22:48.063+0000: 6325.000: Total time for which application threads were stopped: 0.0001699 seconds, Stopping threads took: 0.0000675 seconds
{Heap before GC invocations=126 (full 7):
 par new generation   total 109248K, used 109248K [0x00000000e0000000, 0x00000000e8000000, 0x00000000e8000000)
  eden space 87424K, 100% used [0x00000000e0000000, 0x00000000e5560000, 0x00000000e5560000)
  from space 21824K, 100% used [0x00000000e5560000, 0x00000000e6ab0000, 0x00000000e6ab0000)
  to   space 21824K,   0% used [0x00000000e6ab0000, 0x00000000e6ab0000, 0x00000000e8000000)
 concurrent mark-sweep generation total 393216K, used 126831K [0x00000000e8000000, 0x0000000100000000, 0x0000000100000000)
 Metaspace       used 55643K, capacity 57410K, committed 57620K, reserved 1099776K
  class space    used 6555K, capacity 6950K, committed 6976K, reserved 1048576K
2020-05-19T12:22:48.093+0000: 6325.029: [GC (Allocation Failure) 2020-05-19T12:22:48.093+0000: 6325.029: [ParNew
Desired survivor size 20112992 bytes, new threshold 6 (max 8)
- age   1:    2768344 bytes,    2768344 total
- age   2:    4134032 bytes,    6902376 total
- age   3:    3372944 bytes,   10275320 total
- age   4:    3188320 bytes,   13463640 total
- age   5:    2568824 bytes,   16032464 total
- age   6:    4243536 bytes,   20276000 total
: 109248K->21824K(109248K), 0.0128149 secs] 236079K->152109K(502464K), 0.0130368 secs] [Times: user=0.06 sys=0.00, real=0.01 secs] 
Heap after GC invocations=127 (full 7):
 par new generation   total 109248K, used 21824K [0x00000000e0000000, 0x00000000e8000000, 0x00000000e8000000)
  eden space 87424K,   0% used [0x00000000e0000000, 0x00000000e0000000, 0x00000000e5560000)
  from space 21824K, 100% used [0x00000000e6ab0000, 0x00000000e8000000, 0x00000000e8000000)
  to   space 21824K,   0% used [0x00000000e5560000, 0x00000000e5560000, 0x00000000e6ab0000)
 concurrent mark-sweep generation total 393216K, used 130285K [0x00000000e8000000, 0x0000000100000000, 0x0000000100000000)
 Metaspace       used 55643K, capacity 57410K, committed 57620K, reserved 1099776K
  class space    used 6555K, capacity 6950K, committed 6976K, reserved 1048576K
}
2020-05-19T12:22:48.106+0000: 6325.043: Total time for which application threads were stopped: 0.0135582 seconds, Stopping threads took: 0.0001398 seconds
2020-05-19T12:22:48.107+0000: 6325.043: Total time for which application threads were stopped: 0.0003437 seconds, Stopping threads took: 0.0001928 seconds
2020-05-19T12:22:48.182+0000: 6325.119: Total time for which application threads were stopped: 0.0001574 seconds, Stopping threads took: 0.0000509 seconds
{Heap before GC invocations=127 (full 7):
 par new generation   total 109248K, used 109248K [0x00000000e0000000, 0x00000000e8000000, 0x00000000e8000000)
  eden space 87424K, 100% used [0x00000000e0000000, 0x00000000e5560000, 0x00000000e5560000)
  from space 21824K, 100% used [0x00000000e6ab0000, 0x00000000e8000000, 0x00000000e8000000)
  to   space 21824K,   0% used [0x00000000e5560000, 0x00000000e5560000, 0x00000000e6ab0000)
 concurrent mark-sweep generation total 393216K, used 130285K [0x00000000e8000000, 0x0000000100000000, 0x0000000100000000)
 Metaspace       used 55644K, capacity 57410K, committed 57620K, reserved 1099776K
  class space    used 6555K, capacity 6950K, committed 6976K, reserved 1048576K
2020-05-19T12:22:48.254+0000: 6325.192: [GC (Allocation Failure) 2020-05-19T12:22:48.254+0000: 6325.192: [ParNew
Desired survivor size 20112992 bytes, new threshold 6 (max 8)
- age   1:    6741456 bytes,    6741456 total
- age   2:    2549920 bytes,    9291376 total
- age   3:    3921840 bytes,   13213216 total
- age   4:    3371128 bytes,   16584344 total
- age   5:    3188320 bytes,   19772664 total
- age   6:    2568824 bytes,   22341488 total
: 109248K->21824K(109248K), 0.0159724 secs] 239533K->162264K(502464K), 0.0160402 secs] [Times: user=0.06 sys=0.00, real=0.02 secs] 
Heap after GC invocations=128 (full 7):
 par new generation   total 109248K, used 21824K [0x00000000e0000000, 0x00000000e8000000, 0x00000000e8000000)
  eden space 87424K,   0% used [0x00000000e0000000, 0x00000000e0000000, 0x00000000e5560000)
  from space 21824K, 100% used [0x00000000e5560000, 0x00000000e6ab0000, 0x00000000e6ab0000)
  to   space 21824K,   0% used [0x00000000e6ab0000, 0x00000000e6ab0000, 0x00000000e8000000)
 concurrent mark-sweep generation total 393216K, used 140440K [0x00000000e8000000, 0x0000000100000000, 0x0000000100000000)
 Metaspace       used 55644K, capacity 57410K, committed 57620K, reserved 1099776K
  class space    used 6555K, capacity 6950K, committed 6976K, reserved 1048576K
}
2020-05-19T12:22:48.271+0000: 6325.208: Total time for which application threads were stopped: 0.0162678 seconds, Stopping threads took: 0.0000527 seconds
2020-05-19T12:22:48.271+0000: 6325.208: Total time for which application threads were stopped: 0.0001472 seconds, Stopping threads took: 0.0000627 seconds
2020-05-19T12:22:48.271+0000: 6325.208: Total time for which application threads were stopped: 0.0001064 seconds, Stopping threads took: 0.0000390 seconds
2020-05-19T12:22:48.271+0000: 6325.208: Total time for which application threads were stopped: 0.0000910 seconds, Stopping threads took: 0.0000349 seconds
{Heap before GC invocations=128 (full 7):
 par new generation   total 109248K, used 109248K [0x00000000e0000000, 0x00000000e8000000, 0x00000000e8000000)
  eden space 87424K, 100% used [0x00000000e0000000, 0x00000000e5560000, 0x00000000e5560000)
  from space 21824K, 100% used [0x00000000e5560000, 0x00000000e6ab0000, 0x00000000e6ab0000)
  to   space 21824K,   0% used [0x00000000e6ab0000, 0x00000000e6ab0000, 0x00000000e8000000)
 concurrent mark-sweep generation total 393216K, used 140440K [0x00000000e8000000, 0x0000000100000000, 0x0000000100000000)
 Metaspace       used 55644K, capacity 57410K, committed 57620K, reserved 1099776K
  class space    used 6555K, capacity 6950K, committed 6976K, reserved 1048576K
2020-05-19T12:22:48.351+0000: 6325.288: [GC (Allocation Failure) 2020-05-19T12:22:48.351+0000: 6325.288: [ParNew
Desired survivor size 20112992 bytes, new threshold 6 (max 8)
- age   1:    6259984 bytes,    6259984 total
- age   2:    2742312 bytes,    9002296 total
- age   3:    2401608 bytes,   11403904 total
- age   4:    2474544 bytes,   13878448 total
- age   5:    3185192 bytes,   17063640 total
- age   6:    3187792 bytes,   20251432 total
: 109248K->21824K(109248K), 0.0167892 secs] 249688K->170618K(502464K), 0.0168748 secs] [Times: user=0.11 sys=0.00, real=0.02 secs] 
Heap after GC invocations=129 (full 7):
 par new generation   total 109248K, used 21824K [0x00000000e0000000, 0x00000000e8000000, 0x00000000e8000000)
  eden space 87424K,   0% used [0x00000000e0000000, 0x00000000e0000000, 0x00000000e5560000)
  from space 21824K, 100% used [0x00000000e6ab0000, 0x00000000e8000000, 0x00000000e8000000)
  to   space 21824K,   0% used [0x00000000e5560000, 0x00000000e5560000, 0x00000000e6ab0000)
 concurrent mark-sweep generation total 393216K, used 148794K [0x00000000e8000000, 0x0000000100000000, 0x0000000100000000)
 Metaspace       used 55644K, capacity 57410K, committed 57620K, reserved 1099776K
  class space    used 6555K, capacity 6950K, committed 6976K, reserved 1048576K
}
2020-05-19T12:22:48.368+0000: 6325.305: Total time for which application threads were stopped: 0.0171443 seconds, Stopping threads took: 0.0000588 seconds
2020-05-19T12:22:48.369+0000: 6325.306: Total time for which application threads were stopped: 0.0005235 seconds, Stopping threads took: 0.0003961 seconds
2020-05-19T12:22:48.389+0000: 6325.326: Total time for which application threads were stopped: 0.0008551 seconds, Stopping threads took: 0.0003933 seconds
2020-05-19T12:22:49.389+0000: 6326.326: Total time for which application threads were stopped: 0.0001500 seconds, Stopping threads took: 0.0000572 seconds
2020-05-19T12:22:49.611+0000: 6326.548: Total time for which application threads were stopped: 0.0001078 seconds, Stopping threads took: 0.0000376 seconds
2020-05-19T12:22:49.611+0000: 6326.548: Total time for which application threads were stopped: 0.0000831 seconds, Stopping threads took: 0.0000317 seconds
2020-05-19T12:22:49.612+0000: 6326.548: Total time for which application threads were stopped: 0.0000787 seconds, Stopping threads took: 0.0000350 seconds
2020-05-19T12:22:49.612+0000: 6326.548: Total time for which application threads were stopped: 0.0000782 seconds, Stopping threads took: 0.0000364 seconds
2020-05-19T12:22:49.612+0000: 6326.549: Total time for which application threads were stopped: 0.0001446 seconds, Stopping threads took: 0.0000139 seconds
2020-05-19T12:22:50.612+0000: 6327.549: Total time for which application threads were stopped: 0.0001315 seconds, Stopping threads took: 0.0000688 seconds
2020-05-19T12:22:52.480+0000: 6329.418: Total time for which application threads were stopped: 0.0001825 seconds, Stopping threads took: 0.0000711 seconds
2020-05-19T12:22:52.577+0000: 6329.514: Total time for which application threads were stopped: 0.0001665 seconds, Stopping threads took: 0.0000580 seconds
{Heap before GC invocations=129 (full 7):
 par new generation   total 109248K, used 109248K [0x00000000e0000000, 0x00000000e8000000, 0x00000000e8000000)
  eden space 87424K, 100% used [0x00000000e0000000, 0x00000000e5560000, 0x00000000e5560000)
  from space 21824K, 100% used [0x00000000e6ab0000, 0x00000000e8000000, 0x00000000e8000000)
  to   space 21824K,   0% used [0x00000000e5560000, 0x00000000e5560000, 0x00000000e6ab0000)
 concurrent mark-sweep generation total 393216K, used 148794K [0x00000000e8000000, 0x0000000100000000, 0x0000000100000000)
 Metaspace       used 55672K, capacity 57410K, committed 57620K, reserved 1099776K
  class space    used 6555K, capacity 6950K, committed 6976K, reserved 1048576K
2020-05-19T12:22:52.588+0000: 6329.525: [GC (Allocation Failure) 2020-05-19T12:22:52.588+0000: 6329.525: [ParNew
Desired survivor size 20112992 bytes, new threshold 8 (max 8)
- age   1:    6262792 bytes,    6262792 total
- age   2:    3611944 bytes,    9874736 total
- age   3:    2453352 bytes,   12328088 total
- age   4:    2368632 bytes,   14696720 total
- age   5:    2355296 bytes,   17052016 total
- age   6:    1616064 bytes,   18668080 total
: 109248K->21824K(109248K), 0.0134936 secs] 258042K->177991K(502464K), 0.0135700 secs] [Times: user=0.00 sys=0.00, real=0.01 secs] 
Heap after GC invocations=130 (full 7):
 par new generation   total 109248K, used 21824K [0x00000000e0000000, 0x00000000e8000000, 0x00000000e8000000)
  eden space 87424K,   0% used [0x00000000e0000000, 0x00000000e0000000, 0x00000000e5560000)
  from space 21824K, 100% used [0x00000000e5560000, 0x00000000e6ab0000, 0x00000000e6ab0000)
  to   space 21824K,   0% used [0x00000000e6ab0000, 0x00000000e6ab0000, 0x00000000e8000000)
 concurrent mark-sweep generation total 393216K, used 156167K [0x00000000e8000000, 0x0000000100000000, 0x0000000100000000)
 Metaspace       used 55672K, capacity 57410K, committed 57620K, reserved 1099776K
  class space    used 6555K, capacity 6950K, committed 6976K, reserved 1048576K
}
2020-05-19T12:22:52.601+0000: 6329.538: Total time for which application threads were stopped: 0.0138136 seconds, Stopping threads took: 0.0000576 seconds
2020-05-19T12:22:52.602+0000: 6329.539: Total time for which application threads were stopped: 0.0002241 seconds, Stopping threads took: 0.0001330 seconds
2020-05-19T12:22:52.602+0000: 6329.539: Total time for which application threads were stopped: 0.0001190 seconds, Stopping threads took: 0.0000514 seconds
2020-05-19T12:22:52.602+0000: 6329.539: Total time for which application threads were stopped: 0.0000976 seconds, Stopping threads took: 0.0000438 seconds
{Heap before GC invocations=130 (full 7):
 par new generation   total 109248K, used 109248K [0x00000000e0000000, 0x00000000e8000000, 0x00000000e8000000)
  eden space 87424K, 100% used [0x00000000e0000000, 0x00000000e5560000, 0x00000000e5560000)
  from space 21824K, 100% used [0x00000000e5560000, 0x00000000e6ab0000, 0x00000000e6ab0000)
  to   space 21824K,   0% used [0x00000000e6ab0000, 0x00000000e6ab0000, 0x00000000e8000000)
 concurrent mark-sweep generation total 393216K, used 156167K [0x00000000e8000000, 0x0000000100000000, 0x0000000100000000)
 Metaspace       used 55673K, capacity 57410K, committed 57620K, reserved 1099776K
  class space    used 6555K, capacity 6950K, committed 6976K, reserved 1048576K
2020-05-19T12:22:52.698+0000: 6329.636: [GC (Allocation Failure) 2020-05-19T12:22:52.698+0000: 6329.636: [ParNew
Desired survivor size 20112992 bytes, new threshold 6 (max 8)
- age   1:    6269696 bytes,    6269696 total
- age   2:    4107856 bytes,   10377552 total
- age   3:    3611944 bytes,   13989496 total
- age   4:    2453288 bytes,   16442784 total
- age   5:    2368568 bytes,   18811352 total
- age   6:    2355296 bytes,   21166648 total
- age   7:    1171968 bytes,   22338616 total
: 109248K->21824K(109248K), 0.0137030 secs] 265415K->181519K(502464K), 0.0138159 secs] [Times: user=0.02 sys=0.01, real=0.02 secs] 
Heap after GC invocations=131 (full 7):
 par new generation   total 109248K, used 21824K [0x00000000e0000000, 0x00000000e8000000, 0x00000000e8000000)
  eden space 87424K,   0% used [0x00000000e0000000, 0x00000000e0000000, 0x00000000e5560000)
  from space 21824K, 100% used [0x00000000e6ab0000, 0x00000000e8000000, 0x00000000e8000000)
  to   space 21824K,   0% used [0x00000000e5560000, 0x00000000e5560000, 0x00000000e6ab0000)
 concurrent mark-sweep generation total 393216K, used 159695K [0x00000000e8000000, 0x0000000100000000, 0x0000000100000000)
 Metaspace       used 55673K, capacity 57410K, committed 57620K, reserved 1099776K
  class space    used 6555K, capacity 6950K, committed 6976K, reserved 1048576K
}
2020-05-19T12:22:52.713+0000: 6329.650: Total time for which application threads were stopped: 0.0141765 seconds, Stopping threads took: 0.0000877 seconds
2020-05-19T12:22:52.713+0000: 6329.650: Total time for which application threads were stopped: 0.0003512 seconds, Stopping threads took: 0.0001531 seconds
2020-05-19T12:22:52.714+0000: 6329.650: Total time for which application threads were stopped: 0.0001333 seconds, Stopping threads took: 0.0000489 seconds
2020-05-19T12:22:53.686+0000: 6330.624: Total time for which application threads were stopped: 0.0001383 seconds, Stopping threads took: 0.0000651 seconds
2020-05-19T12:22:53.687+0000: 6330.624: Total time for which application threads were stopped: 0.0001361 seconds, Stopping threads took: 0.0000643 seconds
2020-05-19T12:22:53.687+0000: 6330.625: Total time for which application threads were stopped: 0.0000867 seconds, Stopping threads took: 0.0000306 seconds
2020-05-19T12:22:58.259+0000: 6335.196: Total time for which application threads were stopped: 0.0002450 seconds, Stopping threads took: 0.0001854 seconds
2020-05-19T12:22:58.262+0000: 6335.199: Total time for which application threads were stopped: 0.0001525 seconds, Stopping threads took: 0.0000624 seconds
2020-05-19T12:22:58.263+0000: 6335.200: Total time for which application threads were stopped: 0.0001329 seconds, Stopping threads took: 0.0000590 seconds
{Heap before GC invocations=131 (full 7):
 par new generation   total 109248K, used 109243K [0x00000000e0000000, 0x00000000e8000000, 0x00000000e8000000)
  eden space 87424K,  99% used [0x00000000e0000000, 0x00000000e555ec50, 0x00000000e5560000)
  from space 21824K, 100% used [0x00000000e6ab0000, 0x00000000e8000000, 0x00000000e8000000)
  to   space 21824K,   0% used [0x00000000e5560000, 0x00000000e5560000, 0x00000000e6ab0000)
 concurrent mark-sweep generation total 393216K, used 159695K [0x00000000e8000000, 0x0000000100000000, 0x0000000100000000)
 Metaspace       used 55683K, capacity 57410K, committed 57620K, reserved 1099776K
  class space    used 6555K, capacity 6950K, committed 6976K, reserved 1048576K
2020-05-19T12:22:58.264+0000: 6335.201: [GC (Allocation Failure) 2020-05-19T12:22:58.264+0000: 6335.201: [ParNew
Desired survivor size 20112992 bytes, new threshold 8 (max 8)
- age   1:    3299696 bytes,    3299696 total
- age   2:    4396352 bytes,    7696048 total
- age   3:    3774920 bytes,   11470968 total
- age   4:    3611944 bytes,   15082912 total
- age   5:    2451376 bytes,   17534288 total
- age   6:    2368536 bytes,   19902824 total
: 109243K->21824K(109248K), 0.0134119 secs] 268938K->185443K(502464K), 0.0134741 secs] [Times: user=0.06 sys=0.00, real=0.01 secs] 
Heap after GC invocations=132 (full 7):
 par new generation   total 109248K, used 21824K [0x00000000e0000000, 0x00000000e8000000, 0x00000000e8000000)
  eden space 87424K,   0% used [0x00000000e0000000, 0x00000000e0000000, 0x00000000e5560000)
  from space 21824K, 100% used [0x00000000e5560000, 0x00000000e6ab0000, 0x00000000e6ab0000)
  to   space 21824K,   0% used [0x00000000e6ab0000, 0x00000000e6ab0000, 0x00000000e8000000)
 concurrent mark-sweep generation total 393216K, used 163619K [0x00000000e8000000, 0x0000000100000000, 0x0000000100000000)
 Metaspace       used 55683K, capacity 57410K, committed 57620K, reserved 1099776K
  class space    used 6555K, capacity 6950K, committed 6976K, reserved 1048576K
}
2020-05-19T12:22:58.278+0000: 6335.215: Total time for which application threads were stopped: 0.0137827 seconds, Stopping threads took: 0.0001490 seconds
2020-05-19T12:22:58.278+0000: 6335.215: Total time for which application threads were stopped: 0.0001368 seconds, Stopping threads took: 0.0000699 seconds
2020-05-19T12:22:58.286+0000: 6335.224: Total time for which application threads were stopped: 0.0001708 seconds, Stopping threads took: 0.0000942 seconds
2020-05-19T12:22:58.288+0000: 6335.225: Total time for which application threads were stopped: 0.0001417 seconds, Stopping threads took: 0.0000506 seconds
2020-05-19T12:22:58.376+0000: 6335.313: Total time for which application threads were stopped: 0.0002082 seconds, Stopping threads took: 0.0000573 seconds
{Heap before GC invocations=132 (full 7):
 par new generation   total 109248K, used 109240K [0x00000000e0000000, 0x00000000e8000000, 0x00000000e8000000)
  eden space 87424K,  99% used [0x00000000e0000000, 0x00000000e555e2b0, 0x00000000e5560000)
  from space 21824K, 100% used [0x00000000e5560000, 0x00000000e6ab0000, 0x00000000e6ab0000)
  to   space 21824K,   0% used [0x00000000e6ab0000, 0x00000000e6ab0000, 0x00000000e8000000)
 concurrent mark-sweep generation total 393216K, used 163619K [0x00000000e8000000, 0x0000000100000000, 0x0000000100000000)
 Metaspace       used 55698K, capacity 57474K, committed 57620K, reserved 1099776K
  class space    used 6555K, capacity 6950K, committed 6976K, reserved 1048576K
2020-05-19T12:22:58.457+0000: 6335.393: [GC (Allocation Failure) 2020-05-19T12:22:58.457+0000: 6335.393: [ParNew
Desired survivor size 20112992 bytes, new threshold 7 (max 8)
- age   1:    3471256 bytes,    3471256 total
- age   2:    2548024 bytes,    6019280 total
- age   3:    4209144 bytes,   10228424 total
- age   4:    3677648 bytes,   13906072 total
- age   5:    3611944 bytes,   17518016 total
- age   6:    2451376 bytes,   19969392 total
- age   7:    2368536 bytes,   22337928 total
: 109240K->21824K(109248K), 0.0194379 secs] 272859K->194108K(502464K), 0.0195301 secs] [Times: user=0.06 sys=0.00, real=0.02 secs] 
Heap after GC invocations=133 (full 7):
 par new generation   total 109248K, used 21824K [0x00000000e0000000, 0x00000000e8000000, 0x00000000e8000000)
  eden space 87424K,   0% used [0x00000000e0000000, 0x00000000e0000000, 0x00000000e5560000)
  from space 21824K, 100% used [0x00000000e6ab0000, 0x00000000e8000000, 0x00000000e8000000)
  to   space 21824K,   0% used [0x00000000e5560000, 0x00000000e5560000, 0x00000000e6ab0000)
 concurrent mark-sweep generation total 393216K, used 172284K [0x00000000e8000000, 0x0000000100000000, 0x0000000100000000)
 Metaspace       used 55698K, capacity 57474K, committed 57620K, reserved 1099776K
  class space    used 6555K, capacity 6950K, committed 6976K, reserved 1048576K
}
2020-05-19T12:22:58.476+0000: 6335.413: Total time for which application threads were stopped: 0.0200974 seconds, Stopping threads took: 0.0001157 seconds
2020-05-19T12:22:58.477+0000: 6335.413: Total time for which application threads were stopped: 0.0001812 seconds, Stopping threads took: 0.0000685 seconds
2020-05-19T12:22:58.477+0000: 6335.414: Total time for which application threads were stopped: 0.0002095 seconds, Stopping threads took: 0.0000484 seconds
2020-05-19T12:22:58.477+0000: 6335.414: Total time for which application threads were stopped: 0.0001110 seconds, Stopping threads took: 0.0000401 seconds
{Heap before GC invocations=133 (full 7):
 par new generation   total 109248K, used 109248K [0x00000000e0000000, 0x00000000e8000000, 0x00000000e8000000)
  eden space 87424K, 100% used [0x00000000e0000000, 0x00000000e5560000, 0x00000000e5560000)
  from space 21824K, 100% used [0x00000000e6ab0000, 0x00000000e8000000, 0x00000000e8000000)
  to   space 21824K,   0% used [0x00000000e5560000, 0x00000000e5560000, 0x00000000e6ab0000)
 concurrent mark-sweep generation total 393216K, used 172284K [0x00000000e8000000, 0x0000000100000000, 0x0000000100000000)
 Metaspace       used 55698K, capacity 57474K, committed 57620K, reserved 1099776K
  class space    used 6555K, capacity 6950K, committed 6976K, reserved 1048576K
2020-05-19T12:22:58.563+0000: 6335.500: [GC (Allocation Failure) 2020-05-19T12:22:58.563+0000: 6335.500: [ParNew
Desired survivor size 20112992 bytes, new threshold 7 (max 8)
- age   1:    4372808 bytes,    4372808 total
- age   2:    1550192 bytes,    5923000 total
- age   3:    2547952 bytes,    8470952 total
- age   4:    4209144 bytes,   12680096 total
- age   5:    3484280 bytes,   16164376 total
- age   6:    3611056 bytes,   19775432 total
- age   7:    2451224 bytes,   22226656 total
: 109248K->21824K(109248K), 0.0169519 secs] 281532K->202233K(502464K), 0.0170669 secs] [Times: user=0.06 sys=0.00, real=0.02 secs] 
Heap after GC invocations=134 (full 7):
 par new generation   total 109248K, used 21824K [0x00000000e0000000, 0x00000000e8000000, 0x00000000e8000000)
  eden space 87424K,   0% used [0x00000000e0000000, 0x00000000e0000000, 0x00000000e5560000)
  from space 21824K, 100% used [0x00000000e5560000, 0x00000000e6ab0000, 0x00000000e6ab0000)
  to   space 21824K,   0% used [0x00000000e6ab0000, 0x00000000e6ab0000, 0x00000000e8000000)
 concurrent mark-sweep generation total 393216K, used 180409K [0x00000000e8000000, 0x0000000100000000, 0x0000000100000000)
 Metaspace       used 55698K, capacity 57474K, committed 57620K, reserved 1099776K
  class space    used 6555K, capacity 6950K, committed 6976K, reserved 1048576K
}
2020-05-19T12:22:58.580+0000: 6335.517: Total time for which application threads were stopped: 0.0174004 seconds, Stopping threads took: 0.0000586 seconds
2020-05-19T12:22:58.581+0000: 6335.518: Total time for which application threads were stopped: 0.0002967 seconds, Stopping threads took: 0.0001153 seconds
2020-05-19T12:22:59.582+0000: 6336.518: Total time for which application threads were stopped: 0.0001321 seconds, Stopping threads took: 0.0000634 seconds
2020-05-19T12:23:00.007+0000: 6336.943: Total time for which application threads were stopped: 0.0001871 seconds, Stopping threads took: 0.0000688 seconds
2020-05-19T12:23:00.007+0000: 6336.944: Total time for which application threads were stopped: 0.0001304 seconds, Stopping threads took: 0.0000476 seconds
2020-05-19T12:23:00.011+0000: 6336.947: Total time for which application threads were stopped: 0.0012487 seconds, Stopping threads took: 0.0011469 seconds
2020-05-19T12:23:00.019+0000: 6336.955: Total time for which application threads were stopped: 0.0001688 seconds, Stopping threads took: 0.0000535 seconds
2020-05-19T12:23:00.019+0000: 6336.956: Total time for which application threads were stopped: 0.0001313 seconds, Stopping threads took: 0.0000465 seconds
2020-05-19T12:23:00.019+0000: 6336.956: Total time for which application threads were stopped: 0.0001035 seconds, Stopping threads took: 0.0000370 seconds
2020-05-19T12:23:00.020+0000: 6336.956: Total time for which application threads were stopped: 0.0001000 seconds, Stopping threads took: 0.0000346 seconds
2020-05-19T12:23:13.290+0000: 6350.227: Total time for which application threads were stopped: 0.0000823 seconds, Stopping threads took: 0.0000241 seconds
2020-05-19T12:23:43.302+0000: 6380.238: Total time for which application threads were stopped: 0.0000910 seconds, Stopping threads took: 0.0000253 seconds
2020-05-19T12:24:48.332+0000: 6445.270: Total time for which application threads were stopped: 0.0002564 seconds, Stopping threads took: 0.0001576 seconds
2020-05-19T12:24:48.335+0000: 6445.272: Total time for which application threads were stopped: 0.0001180 seconds, Stopping threads took: 0.0000457 seconds
2020-05-19T12:24:48.337+0000: 6445.274: Total time for which application threads were stopped: 0.0001039 seconds, Stopping threads took: 0.0000333 seconds
2020-05-19T12:24:48.347+0000: 6445.284: Total time for which application threads were stopped: 0.0000752 seconds, Stopping threads took: 0.0000217 seconds
2020-05-19T12:24:48.349+0000: 6445.286: Total time for which application threads were stopped: 0.0001233 seconds, Stopping threads took: 0.0000311 seconds
2020-05-19T12:24:48.425+0000: 6445.362: Total time for which application threads were stopped: 0.0003258 seconds, Stopping threads took: 0.0000565 seconds
{Heap before GC invocations=134 (full 7):
 par new generation   total 109248K, used 109248K [0x00000000e0000000, 0x00000000e8000000, 0x00000000e8000000)
  eden space 87424K, 100% used [0x00000000e0000000, 0x00000000e5560000, 0x00000000e5560000)
  from space 21824K, 100% used [0x00000000e5560000, 0x00000000e6ab0000, 0x00000000e6ab0000)
  to   space 21824K,   0% used [0x00000000e6ab0000, 0x00000000e6ab0000, 0x00000000e8000000)
 concurrent mark-sweep generation total 393216K, used 180409K [0x00000000e8000000, 0x0000000100000000, 0x0000000100000000)
 Metaspace       used 55704K, capacity 57474K, committed 57620K, reserved 1099776K
  class space    used 6555K, capacity 6950K, committed 6976K, reserved 1048576K
2020-05-19T12:24:48.430+0000: 6445.367: [GC (Allocation Failure) 2020-05-19T12:24:48.430+0000: 6445.367: [ParNew
Desired survivor size 20112992 bytes, new threshold 7 (max 8)
- age   1:    5136576 bytes,    5136576 total
- age   2:    2341768 bytes,    7478344 total
- age   3:    1064904 bytes,    8543248 total
- age   4:    2444200 bytes,   10987448 total
- age   5:    4209096 bytes,   15196544 total
- age   6:    3419696 bytes,   18616240 total
- age   7:    3520944 bytes,   22137184 total
: 109248K->21824K(109248K), 0.0167304 secs] 289657K->207529K(502464K), 0.0168003 secs] [Times: user=0.03 sys=0.02, real=0.02 secs] 
Heap after GC invocations=135 (full 7):
 par new generation   total 109248K, used 21824K [0x00000000e0000000, 0x00000000e8000000, 0x00000000e8000000)
  eden space 87424K,   0% used [0x00000000e0000000, 0x00000000e0000000, 0x00000000e5560000)
  from space 21824K, 100% used [0x00000000e6ab0000, 0x00000000e8000000, 0x00000000e8000000)
  to   space 21824K,   0% used [0x00000000e5560000, 0x00000000e5560000, 0x00000000e6ab0000)
 concurrent mark-sweep generation total 393216K, used 185705K [0x00000000e8000000, 0x0000000100000000, 0x0000000100000000)
 Metaspace       used 55704K, capacity 57474K, committed 57620K, reserved 1099776K
  class space    used 6555K, capacity 6950K, committed 6976K, reserved 1048576K
}
2020-05-19T12:24:48.447+0000: 6445.384: Total time for which application threads were stopped: 0.0170944 seconds, Stopping threads took: 0.0000539 seconds
2020-05-19T12:24:48.447+0000: 6445.384: Total time for which application threads were stopped: 0.0001438 seconds, Stopping threads took: 0.0000640 seconds
2020-05-19T12:24:48.448+0000: 6445.384: Total time for which application threads were stopped: 0.0001373 seconds, Stopping threads took: 0.0000432 seconds
2020-05-19T12:24:48.448+0000: 6445.385: Total time for which application threads were stopped: 0.0000891 seconds, Stopping threads took: 0.0000425 seconds
{Heap before GC invocations=135 (full 7):
 par new generation   total 109248K, used 109248K [0x00000000e0000000, 0x00000000e8000000, 0x00000000e8000000)
  eden space 87424K, 100% used [0x00000000e0000000, 0x00000000e5560000, 0x00000000e5560000)
  from space 21824K, 100% used [0x00000000e6ab0000, 0x00000000e8000000, 0x00000000e8000000)
  to   space 21824K,   0% used [0x00000000e5560000, 0x00000000e5560000, 0x00000000e6ab0000)
 concurrent mark-sweep generation total 393216K, used 185705K [0x00000000e8000000, 0x0000000100000000, 0x0000000100000000)
 Metaspace       used 55704K, capacity 57474K, committed 57620K, reserved 1099776K
  class space    used 6555K, capacity 6950K, committed 6976K, reserved 1048576K
2020-05-19T12:24:48.596+0000: 6445.532: [GC (Allocation Failure) 2020-05-19T12:24:48.596+0000: 6445.532: [ParNew
Desired survivor size 20112992 bytes, new threshold 7 (max 8)
- age   1:    5519448 bytes,    5519448 total
- age   2:    3335096 bytes,    8854544 total
- age   3:    1474976 bytes,   10329520 total
- age   4:     995736 bytes,   11325256 total
- age   5:    2250728 bytes,   13575984 total
- age   6:    4174976 bytes,   17750960 total
- age   7:    3417712 bytes,   21168672 total
: 109248K->21824K(109248K), 0.0153629 secs] 294953K->214758K(502464K), 0.0154401 secs] [Times: user=0.06 sys=0.00, real=0.02 secs] 
Heap after GC invocations=136 (full 7):
 par new generation   total 109248K, used 21824K [0x00000000e0000000, 0x00000000e8000000, 0x00000000e8000000)
  eden space 87424K,   0% used [0x00000000e0000000, 0x00000000e0000000, 0x00000000e5560000)
  from space 21824K, 100% used [0x00000000e5560000, 0x00000000e6ab0000, 0x00000000e6ab0000)
  to   space 21824K,   0% used [0x00000000e6ab0000, 0x00000000e6ab0000, 0x00000000e8000000)
 concurrent mark-sweep generation total 393216K, used 192934K [0x00000000e8000000, 0x0000000100000000, 0x0000000100000000)
 Metaspace       used 55704K, capacity 57474K, committed 57620K, reserved 1099776K
  class space    used 6555K, capacity 6950K, committed 6976K, reserved 1048576K
}
2020-05-19T12:24:48.611+0000: 6445.548: Total time for which application threads were stopped: 0.0156761 seconds, Stopping threads took: 0.0000551 seconds
2020-05-19T12:24:48.612+0000: 6445.548: Total time for which application threads were stopped: 0.0002624 seconds, Stopping threads took: 0.0000730 seconds
2020-05-19T12:24:48.612+0000: 6445.549: Total time for which application threads were stopped: 0.0002126 seconds, Stopping threads took: 0.0000694 seconds
2020-05-19T12:24:48.612+0000: 6445.549: Total time for which application threads were stopped: 0.0001086 seconds, Stopping threads took: 0.0000461 seconds
2020-05-19T12:24:48.612+0000: 6445.549: Total time for which application threads were stopped: 0.0001012 seconds, Stopping threads took: 0.0000392 seconds
{Heap before GC invocations=136 (full 7):
 par new generation   total 109248K, used 109248K [0x00000000e0000000, 0x00000000e8000000, 0x00000000e8000000)
  eden space 87424K, 100% used [0x00000000e0000000, 0x00000000e5560000, 0x00000000e5560000)
  from space 21824K, 100% used [0x00000000e5560000, 0x00000000e6ab0000, 0x00000000e6ab0000)
  to   space 21824K,   0% used [0x00000000e6ab0000, 0x00000000e6ab0000, 0x00000000e8000000)
 concurrent mark-sweep generation total 393216K, used 192934K [0x00000000e8000000, 0x0000000100000000, 0x0000000100000000)
 Metaspace       used 55705K, capacity 57474K, committed 57620K, reserved 1099776K
  class space    used 6555K, capacity 6950K, committed 6976K, reserved 1048576K
2020-05-19T12:24:48.695+0000: 6445.631: [GC (Allocation Failure) 2020-05-19T12:24:48.695+0000: 6445.631: [ParNew
Desired survivor size 20112992 bytes, new threshold 7 (max 8)
- age   1:    4126528 bytes,    4126528 total
- age   2:    4537896 bytes,    8664424 total
- age   3:    3211272 bytes,   11875696 total
- age   4:    1474976 bytes,   13350672 total
- age   5:     995592 bytes,   14346264 total
- age   6:    2250728 bytes,   16596992 total
- age   7:    4174976 bytes,   20771968 total
: 109248K->21824K(109248K), 0.0113068 secs] 302182K->218394K(502464K), 0.0113819 secs] [Times: user=0.06 sys=0.00, real=0.01 secs] 
Heap after GC invocations=137 (full 7):
 par new generation   total 109248K, used 21824K [0x00000000e0000000, 0x00000000e8000000, 0x00000000e8000000)
  eden space 87424K,   0% used [0x00000000e0000000, 0x00000000e0000000, 0x00000000e5560000)
  from space 21824K, 100% used [0x00000000e6ab0000, 0x00000000e8000000, 0x00000000e8000000)
  to   space 21824K,   0% used [0x00000000e5560000, 0x00000000e5560000, 0x00000000e6ab0000)
 concurrent mark-sweep generation total 393216K, used 196570K [0x00000000e8000000, 0x0000000100000000, 0x0000000100000000)
 Metaspace       used 55705K, capacity 57474K, committed 57620K, reserved 1099776K
  class space    used 6555K, capacity 6950K, committed 6976K, reserved 1048576K
}
2020-05-19T12:24:48.706+0000: 6445.643: Total time for which application threads were stopped: 0.0116572 seconds, Stopping threads took: 0.0000603 seconds
2020-05-19T12:24:48.707+0000: 6445.644: Total time for which application threads were stopped: 0.0002224 seconds, Stopping threads took: 0.0000760 seconds
2020-05-19T12:24:49.237+0000: 6446.173: Total time for which application threads were stopped: 0.0001828 seconds, Stopping threads took: 0.0000648 seconds
2020-05-19T12:24:49.237+0000: 6446.173: Total time for which application threads were stopped: 0.0001011 seconds, Stopping threads took: 0.0000422 seconds
2020-05-19T12:24:49.238+0000: 6446.174: Total time for which application threads were stopped: 0.0002118 seconds, Stopping threads took: 0.0001289 seconds
2020-05-19T12:24:49.238+0000: 6446.175: Total time for which application threads were stopped: 0.0000908 seconds, Stopping threads took: 0.0000389 seconds
2020-05-19T12:24:49.239+0000: 6446.175: Total time for which application threads were stopped: 0.0000791 seconds, Stopping threads took: 0.0000365 seconds
2020-05-19T12:24:49.239+0000: 6446.175: Total time for which application threads were stopped: 0.0000677 seconds, Stopping threads took: 0.0000348 seconds
2020-05-19T12:24:49.239+0000: 6446.176: Total time for which application threads were stopped: 0.0000725 seconds, Stopping threads took: 0.0000385 seconds
2020-05-19T12:25:16.068+0000: 6473.005: Total time for which application threads were stopped: 0.0001893 seconds, Stopping threads took: 0.0001122 seconds
2020-05-19T12:25:16.077+0000: 6473.013: Total time for which application threads were stopped: 0.0001933 seconds, Stopping threads took: 0.0000212 seconds
2020-05-19T12:25:16.077+0000: 6473.014: Total time for which application threads were stopped: 0.0000727 seconds, Stopping threads took: 0.0000181 seconds
2020-05-19T12:25:16.085+0000: 6473.021: Total time for which application threads were stopped: 0.0003564 seconds, Stopping threads took: 0.0000741 seconds
2020-05-19T12:25:16.087+0000: 6473.024: Total time for which application threads were stopped: 0.0001612 seconds, Stopping threads took: 0.0000639 seconds
2020-05-19T12:25:16.160+0000: 6473.098: Total time for which application threads were stopped: 0.0001675 seconds, Stopping threads took: 0.0000611 seconds
{Heap before GC invocations=137 (full 7):
 par new generation   total 109248K, used 109248K [0x00000000e0000000, 0x00000000e8000000, 0x00000000e8000000)
  eden space 87424K, 100% used [0x00000000e0000000, 0x00000000e5560000, 0x00000000e5560000)
  from space 21824K, 100% used [0x00000000e6ab0000, 0x00000000e8000000, 0x00000000e8000000)
  to   space 21824K,   0% used [0x00000000e5560000, 0x00000000e5560000, 0x00000000e6ab0000)
 concurrent mark-sweep generation total 393216K, used 196570K [0x00000000e8000000, 0x0000000100000000, 0x0000000100000000)
 Metaspace       used 55710K, capacity 57474K, committed 57620K, reserved 1099776K
  class space    used 6555K, capacity 6950K, committed 6976K, reserved 1048576K
2020-05-19T12:25:16.230+0000: 6473.167: [GC (Allocation Failure) 2020-05-19T12:25:16.230+0000: 6473.167: [ParNew
Desired survivor size 20112992 bytes, new threshold 7 (max 8)
- age   1:    6553448 bytes,    6553448 total
- age   2:    3200880 bytes,    9754328 total
- age   3:    4501896 bytes,   14256224 total
- age   4:    2951760 bytes,   17207984 total
- age   5:    1474976 bytes,   18682960 total
- age   6:     995512 bytes,   19678472 total
- age   7:    2250656 bytes,   21929128 total
: 109248K->21824K(109248K), 0.0182457 secs] 305818K->226826K(502464K), 0.0183784 secs] [Times: user=0.06 sys=0.00, real=0.02 secs] 
Heap after GC invocations=138 (full 7):
 par new generation   total 109248K, used 21824K [0x00000000e0000000, 0x00000000e8000000, 0x00000000e8000000)
  eden space 87424K,   0% used [0x00000000e0000000, 0x00000000e0000000, 0x00000000e5560000)
  from space 21824K, 100% used [0x00000000e5560000, 0x00000000e6ab0000, 0x00000000e6ab0000)
  to   space 21824K,   0% used [0x00000000e6ab0000, 0x00000000e6ab0000, 0x00000000e8000000)
 concurrent mark-sweep generation total 393216K, used 205002K [0x00000000e8000000, 0x0000000100000000, 0x0000000100000000)
 Metaspace       used 55710K, capacity 57474K, committed 57620K, reserved 1099776K
  class space    used 6555K, capacity 6950K, committed 6976K, reserved 1048576K
}
2020-05-19T12:25:16.248+0000: 6473.185: Total time for which application threads were stopped: 0.0194074 seconds, Stopping threads took: 0.0006221 seconds
2020-05-19T12:25:16.248+0000: 6473.185: [GC (CMS Initial Mark) [1 CMS-initial-mark: 205002K(393216K)] 227837K(502464K), 0.0048617 secs] [Times: user=0.00 sys=0.00, real=0.01 secs] 
2020-05-19T12:25:16.253+0000: 6473.190: Total time for which application threads were stopped: 0.0050931 seconds, Stopping threads took: 0.0000680 seconds
2020-05-19T12:25:16.253+0000: 6473.190: [CMS-concurrent-mark-start]
2020-05-19T12:25:16.278+0000: 6473.215: [CMS-concurrent-mark: 0.025/0.025 secs] [Times: user=0.13 sys=0.00, real=0.03 secs] 
2020-05-19T12:25:16.278+0000: 6473.215: [CMS-concurrent-preclean-start]
2020-05-19T12:25:16.281+0000: 6473.218: Total time for which application threads were stopped: 0.0002106 seconds, Stopping threads took: 0.0000775 seconds
2020-05-19T12:25:16.281+0000: 6473.218: Total time for which application threads were stopped: 0.0001446 seconds, Stopping threads took: 0.0000498 seconds
2020-05-19T12:25:16.281+0000: 6473.218: Total time for which application threads were stopped: 0.0001287 seconds, Stopping threads took: 0.0000396 seconds
2020-05-19T12:25:16.282+0000: 6473.219: [CMS-concurrent-preclean: 0.003/0.003 secs] [Times: user=0.00 sys=0.00, real=0.00 secs] 
2020-05-19T12:25:16.282+0000: 6473.219: [GC (CMS Final Remark) [YG occupancy: 22836 K (109248 K)]{Heap before GC invocations=138 (full 8):
 par new generation   total 109248K, used 22836K [0x00000000e0000000, 0x00000000e8000000, 0x00000000e8000000)
  eden space 87424K,   1% used [0x00000000e0000000, 0x00000000e00fd210, 0x00000000e5560000)
  from space 21824K, 100% used [0x00000000e5560000, 0x00000000e6ab0000, 0x00000000e6ab0000)
  to   space 21824K,   0% used [0x00000000e6ab0000, 0x00000000e6ab0000, 0x00000000e8000000)
 concurrent mark-sweep generation total 393216K, used 205002K [0x00000000e8000000, 0x0000000100000000, 0x0000000100000000)
 Metaspace       used 55710K, capacity 57474K, committed 57620K, reserved 1099776K
  class space    used 6555K, capacity 6950K, committed 6976K, reserved 1048576K
2020-05-19T12:25:16.282+0000: 6473.219: [GC (CMS Final Remark) 2020-05-19T12:25:16.282+0000: 6473.219: [ParNew
Desired survivor size 20112992 bytes, new threshold 8 (max 8)
- age   1:     220824 bytes,     220824 total
- age   2:    5971880 bytes,    6192704 total
- age   3:    3200688 bytes,    9393392 total
- age   4:    4501896 bytes,   13895288 total
- age   5:    2951552 bytes,   16846840 total
- age   6:    1474976 bytes,   18321816 total
- age   7:     995512 bytes,   19317328 total
: 22836K->21824K(109248K), 0.0119410 secs] 227839K->229375K(502464K), 0.0120013 secs] [Times: user=0.05 sys=0.00, real=0.01 secs] 
Heap after GC invocations=139 (full 8):
 par new generation   total 109248K, used 21824K [0x00000000e0000000, 0x00000000e8000000, 0x00000000e8000000)
  eden space 87424K,   0% used [0x00000000e0000000, 0x00000000e0000000, 0x00000000e5560000)
  from space 21824K, 100% used [0x00000000e6ab0000, 0x00000000e8000000, 0x00000000e8000000)
  to   space 21824K,   0% used [0x00000000e5560000, 0x00000000e5560000, 0x00000000e6ab0000)
 concurrent mark-sweep generation total 393216K, used 207551K [0x00000000e8000000, 0x0000000100000000, 0x0000000100000000)
 Metaspace       used 55710K, capacity 57474K, committed 57620K, reserved 1099776K
  class space    used 6555K, capacity 6950K, committed 6976K, reserved 1048576K
}
2020-05-19T12:25:16.294+0000: 6473.231: [Rescan (parallel) , 0.0050926 secs]2020-05-19T12:25:16.299+0000: 6473.236: [weak refs processing, 0.0044679 secs]2020-05-19T12:25:16.304+0000: 6473.240: [class unloading, 0.0152581 secs]2020-05-19T12:25:16.319+0000: 6473.256: [scrub symbol table, 0.0177170 secs]2020-05-19T12:25:16.336+0000: 6473.274: [scrub string table, 0.0011911 secs][1 CMS-remark: 207551K(393216K)] 229375K(502464K), 0.0569517 secs] [Times: user=0.09 sys=0.00, real=0.06 secs] 
2020-05-19T12:25:16.338+0000: 6473.276: Total time for which application threads were stopped: 0.0572543 seconds, Stopping threads took: 0.0000553 seconds
2020-05-19T12:25:16.340+0000: 6473.277: [CMS-concurrent-sweep-start]
2020-05-19T12:25:16.418+0000: 6473.355: [CMS-concurrent-sweep: 0.078/0.078 secs] [Times: user=0.20 sys=0.00, real=0.08 secs] 
2020-05-19T12:25:16.418+0000: 6473.355: [CMS-concurrent-reset-start]
2020-05-19T12:25:16.419+0000: 6473.356: [CMS-concurrent-reset: 0.001/0.001 secs] [Times: user=0.00 sys=0.00, real=0.00 secs] 
{Heap before GC invocations=139 (full 8):
 par new generation   total 109248K, used 109248K [0x00000000e0000000, 0x00000000e8000000, 0x00000000e8000000)
  eden space 87424K, 100% used [0x00000000e0000000, 0x00000000e5560000, 0x00000000e5560000)
  from space 21824K, 100% used [0x00000000e6ab0000, 0x00000000e8000000, 0x00000000e8000000)
  to   space 21824K,   0% used [0x00000000e5560000, 0x00000000e5560000, 0x00000000e6ab0000)
 concurrent mark-sweep generation total 393216K, used 78855K [0x00000000e8000000, 0x0000000100000000, 0x0000000100000000)
 Metaspace       used 55712K, capacity 57474K, committed 57620K, reserved 1099776K
  class space    used 6555K, capacity 6950K, committed 6976K, reserved 1048576K
2020-05-19T12:25:16.454+0000: 6473.391: [GC (Allocation Failure) 2020-05-19T12:25:16.454+0000: 6473.391: [ParNew
Desired survivor size 20112992 bytes, new threshold 7 (max 8)
- age   1:    5892464 bytes,    5892464 total
- age   2:       4016 bytes,    5896480 total
- age   3:    4122784 bytes,   10019264 total
- age   4:    2941640 bytes,   12960904 total
- age   5:    4192864 bytes,   17153768 total
- age   6:    2708760 bytes,   19862528 total
- age   7:    1453824 bytes,   21316352 total
- age   8:     990288 bytes,   22306640 total
: 109248K->21824K(109248K), 0.0131945 secs] 188103K->105174K(502464K), 0.0132774 secs] [Times: user=0.06 sys=0.00, real=0.01 secs] 
Heap after GC invocations=140 (full 8):
 par new generation   total 109248K, used 21824K [0x00000000e0000000, 0x00000000e8000000, 0x00000000e8000000)
  eden space 87424K,   0% used [0x00000000e0000000, 0x00000000e0000000, 0x00000000e5560000)
  from space 21824K, 100% used [0x00000000e5560000, 0x00000000e6ab0000, 0x00000000e6ab0000)
  to   space 21824K,   0% used [0x00000000e6ab0000, 0x00000000e6ab0000, 0x00000000e8000000)
 concurrent mark-sweep generation total 393216K, used 83350K [0x00000000e8000000, 0x0000000100000000, 0x0000000100000000)
 Metaspace       used 55712K, capacity 57474K, committed 57620K, reserved 1099776K
  class space    used 6555K, capacity 6950K, committed 6976K, reserved 1048576K
}
2020-05-19T12:25:16.467+0000: 6473.404: Total time for which application threads were stopped: 0.0135401 seconds, Stopping threads took: 0.0000588 seconds
2020-05-19T12:25:16.468+0000: 6473.404: Total time for which application threads were stopped: 0.0002502 seconds, Stopping threads took: 0.0000619 seconds
2020-05-19T12:25:17.165+0000: 6474.101: Total time for which application threads were stopped: 0.0001618 seconds, Stopping threads took: 0.0000727 seconds
2020-05-19T12:25:17.166+0000: 6474.103: Total time for which application threads were stopped: 0.0001232 seconds, Stopping threads took: 0.0000537 seconds
2020-05-19T12:25:17.166+0000: 6474.103: Total time for which application threads were stopped: 0.0001141 seconds, Stopping threads took: 0.0000378 seconds
2020-05-19T12:25:17.167+0000: 6474.103: Total time for which application threads were stopped: 0.0001473 seconds, Stopping threads took: 0.0000612 seconds
2020-05-19T12:25:17.167+0000: 6474.103: Total time for which application threads were stopped: 0.0001033 seconds, Stopping threads took: 0.0000409 seconds
2020-05-19T12:25:28.740+0000: 6485.676: Total time for which application threads were stopped: 0.0002367 seconds, Stopping threads took: 0.0001752 seconds
2020-05-19T12:25:28.742+0000: 6485.679: Total time for which application threads were stopped: 0.0001586 seconds, Stopping threads took: 0.0000839 seconds
2020-05-19T12:25:28.846+0000: 6485.783: Total time for which application threads were stopped: 0.0002696 seconds, Stopping threads took: 0.0000682 seconds
{Heap before GC invocations=140 (full 8):
 par new generation   total 109248K, used 109248K [0x00000000e0000000, 0x00000000e8000000, 0x00000000e8000000)
  eden space 87424K, 100% used [0x00000000e0000000, 0x00000000e5560000, 0x00000000e5560000)
  from space 21824K, 100% used [0x00000000e5560000, 0x00000000e6ab0000, 0x00000000e6ab0000)
  to   space 21824K,   0% used [0x00000000e6ab0000, 0x00000000e6ab0000, 0x00000000e8000000)
 concurrent mark-sweep generation total 393216K, used 83350K [0x00000000e8000000, 0x0000000100000000, 0x0000000100000000)
 Metaspace       used 55731K, capacity 57474K, committed 57620K, reserved 1099776K
  class space    used 6555K, capacity 6950K, committed 6976K, reserved 1048576K
2020-05-19T12:25:28.848+0000: 6485.786: [GC (Allocation Failure) 2020-05-19T12:25:28.848+0000: 6485.786: [ParNew
Desired survivor size 20112992 bytes, new threshold 7 (max 8)
- age   1:    3252304 bytes,    3252304 total
- age   2:    4590032 bytes,    7842336 total
- age   3:       3936 bytes,    7846272 total
- age   4:    3599440 bytes,   11445712 total
- age   5:    2941200 bytes,   14386912 total
- age   6:    4192864 bytes,   18579776 total
- age   7:    2666456 bytes,   21246232 total
: 109248K->21824K(109248K), 0.0134990 secs] 192598K->110586K(502464K), 0.0136121 secs] [Times: user=0.06 sys=0.00, real=0.01 secs] 
Heap after GC invocations=141 (full 8):
 par new generation   total 109248K, used 21824K [0x00000000e0000000, 0x00000000e8000000, 0x00000000e8000000)
  eden space 87424K,   0% used [0x00000000e0000000, 0x00000000e0000000, 0x00000000e5560000)
  from space 21824K, 100% used [0x00000000e6ab0000, 0x00000000e8000000, 0x00000000e8000000)
  to   space 21824K,   0% used [0x00000000e5560000, 0x00000000e5560000, 0x00000000e6ab0000)
 concurrent mark-sweep generation total 393216K, used 88762K [0x00000000e8000000, 0x0000000100000000, 0x0000000100000000)
 Metaspace       used 55731K, capacity 57474K, committed 57620K, reserved 1099776K
  class space    used 6555K, capacity 6950K, committed 6976K, reserved 1048576K
}
2020-05-19T12:25:28.862+0000: 6485.799: Total time for which application threads were stopped: 0.0139144 seconds, Stopping threads took: 0.0000540 seconds
2020-05-19T12:25:28.863+0000: 6485.800: Total time for which application threads were stopped: 0.0002135 seconds, Stopping threads took: 0.0000868 seconds
2020-05-19T12:25:28.863+0000: 6485.800: Total time for which application threads were stopped: 0.0001323 seconds, Stopping threads took: 0.0000505 seconds
{Heap before GC invocations=141 (full 8):
 par new generation   total 109248K, used 109248K [0x00000000e0000000, 0x00000000e8000000, 0x00000000e8000000)
  eden space 87424K, 100% used [0x00000000e0000000, 0x00000000e5560000, 0x00000000e5560000)
  from space 21824K, 100% used [0x00000000e6ab0000, 0x00000000e8000000, 0x00000000e8000000)
  to   space 21824K,   0% used [0x00000000e5560000, 0x00000000e5560000, 0x00000000e6ab0000)
 concurrent mark-sweep generation total 393216K, used 88762K [0x00000000e8000000, 0x0000000100000000, 0x0000000100000000)
 Metaspace       used 55731K, capacity 57474K, committed 57620K, reserved 1099776K
  class space    used 6555K, capacity 6950K, committed 6976K, reserved 1048576K
2020-05-19T12:25:28.991+0000: 6485.928: [GC (Allocation Failure) 2020-05-19T12:25:28.991+0000: 6485.928: [ParNew
Desired survivor size 20112992 bytes, new threshold 7 (max 8)
- age   1:    4586312 bytes,    4586312 total
- age   2:    2879792 bytes,    7466104 total
- age   3:    4030512 bytes,   11496616 total
- age   4:       3936 bytes,   11500552 total
- age   5:    3562032 bytes,   15062584 total
- age   6:    2941200 bytes,   18003784 total
- age   7:    4191984 bytes,   22195768 total
: 109248K->21824K(109248K), 0.0150824 secs] 198010K->117250K(502464K), 0.0151623 secs] [Times: user=0.06 sys=0.00, real=0.02 secs] 
Heap after GC invocations=142 (full 8):
 par new generation   total 109248K, used 21824K [0x00000000e0000000, 0x00000000e8000000, 0x00000000e8000000)
  eden space 87424K,   0% used [0x00000000e0000000, 0x00000000e0000000, 0x00000000e5560000)
  from space 21824K, 100% used [0x00000000e5560000, 0x00000000e6ab0000, 0x00000000e6ab0000)
  to   space 21824K,   0% used [0x00000000e6ab0000, 0x00000000e6ab0000, 0x00000000e8000000)
 concurrent mark-sweep generation total 393216K, used 95426K [0x00000000e8000000, 0x0000000100000000, 0x0000000100000000)
 Metaspace       used 55731K, capacity 57474K, committed 57620K, reserved 1099776K
  class space    used 6555K, capacity 6950K, committed 6976K, reserved 1048576K
}
2020-05-19T12:25:29.006+0000: 6485.943: Total time for which application threads were stopped: 0.0154752 seconds, Stopping threads took: 0.0000526 seconds
2020-05-19T12:25:29.006+0000: 6485.943: Total time for which application threads were stopped: 0.0002338 seconds, Stopping threads took: 0.0000737 seconds
2020-05-19T12:25:29.007+0000: 6485.944: Total time for which application threads were stopped: 0.0001797 seconds, Stopping threads took: 0.0000574 seconds
{Heap before GC invocations=142 (full 8):
 par new generation   total 109248K, used 109248K [0x00000000e0000000, 0x00000000e8000000, 0x00000000e8000000)
  eden space 87424K, 100% used [0x00000000e0000000, 0x00000000e5560000, 0x00000000e5560000)
  from space 21824K, 100% used [0x00000000e5560000, 0x00000000e6ab0000, 0x00000000e6ab0000)
  to   space 21824K,   0% used [0x00000000e6ab0000, 0x00000000e6ab0000, 0x00000000e8000000)
 concurrent mark-sweep generation total 393216K, used 95426K [0x00000000e8000000, 0x0000000100000000, 0x0000000100000000)
 Metaspace       used 55731K, capacity 57474K, committed 57620K, reserved 1099776K
  class space    used 6555K, capacity 6950K, committed 6976K, reserved 1048576K
2020-05-19T12:25:29.090+0000: 6486.026: [GC (Allocation Failure) 2020-05-19T12:25:29.090+0000: 6486.026: [ParNew
Desired survivor size 20112992 bytes, new threshold 7 (max 8)
- age   1:    5683312 bytes,    5683312 total
- age   2:    4365736 bytes,   10049048 total
- age   3:    2846448 bytes,   12895496 total
- age   4:    2749552 bytes,   15645048 total
- age   5:       3936 bytes,   15648984 total
- age   6:    3561696 bytes,   19210680 total
- age   7:    2941200 bytes,   22151880 total
: 109248K->21824K(109248K), 0.0158812 secs] 204674K->125668K(502464K), 0.0159428 secs] [Times: user=0.06 sys=0.00, real=0.02 secs] 
Heap after GC invocations=143 (full 8):
 par new generation   total 109248K, used 21824K [0x00000000e0000000, 0x00000000e8000000, 0x00000000e8000000)
  eden space 87424K,   0% used [0x00000000e0000000, 0x00000000e0000000, 0x00000000e5560000)
  from space 21824K, 100% used [0x00000000e6ab0000, 0x00000000e8000000, 0x00000000e8000000)
  to   space 21824K,   0% used [0x00000000e5560000, 0x00000000e5560000, 0x00000000e6ab0000)
 concurrent mark-sweep generation total 393216K, used 103844K [0x00000000e8000000, 0x0000000100000000, 0x0000000100000000)
 Metaspace       used 55731K, capacity 57474K, committed 57620K, reserved 1099776K
  class space    used 6555K, capacity 6950K, committed 6976K, reserved 1048576K
}
2020-05-19T12:25:29.106+0000: 6486.042: Total time for which application threads were stopped: 0.0161710 seconds, Stopping threads took: 0.0000589 seconds
2020-05-19T12:25:29.106+0000: 6486.043: Total time for which application threads were stopped: 0.0001485 seconds, Stopping threads took: 0.0000560 seconds
2020-05-19T12:25:29.106+0000: 6486.043: Total time for which application threads were stopped: 0.0001113 seconds, Stopping threads took: 0.0000411 seconds
2020-05-19T12:25:30.106+0000: 6487.043: Total time for which application threads were stopped: 0.0001401 seconds, Stopping threads took: 0.0000642 seconds
2020-05-19T12:25:30.366+0000: 6487.304: Total time for which application threads were stopped: 0.0001346 seconds, Stopping threads took: 0.0000652 seconds
2020-05-19T12:25:30.366+0000: 6487.304: Total time for which application threads were stopped: 0.0000566 seconds, Stopping threads took: 0.0000143 seconds
2020-05-19T12:25:30.367+0000: 6487.304: Total time for which application threads were stopped: 0.0001549 seconds, Stopping threads took: 0.0000622 seconds
2020-05-19T12:25:30.368+0000: 6487.305: Total time for which application threads were stopped: 0.0001279 seconds, Stopping threads took: 0.0000589 seconds
2020-05-19T12:25:30.368+0000: 6487.305: Total time for which application threads were stopped: 0.0001917 seconds, Stopping threads took: 0.0001332 seconds
2020-05-19T12:25:30.368+0000: 6487.306: Total time for which application threads were stopped: 0.0000484 seconds, Stopping threads took: 0.0000122 seconds
2020-05-19T12:25:30.368+0000: 6487.306: Total time for which application threads were stopped: 0.0000910 seconds, Stopping threads took: 0.0000481 seconds
2020-05-19T12:25:30.368+0000: 6487.306: Total time for which application threads were stopped: 0.0000882 seconds, Stopping threads took: 0.0000440 seconds
2020-05-19T12:25:43.756+0000: 6500.693: Total time for which application threads were stopped: 0.0000836 seconds, Stopping threads took: 0.0000228 seconds
2020-05-19T12:26:37.408+0000: 6554.345: Total time for which application threads were stopped: 0.0002325 seconds, Stopping threads took: 0.0001611 seconds
2020-05-19T12:26:37.412+0000: 6554.348: Total time for which application threads were stopped: 0.0002244 seconds, Stopping threads took: 0.0000480 seconds
2020-05-19T12:26:37.423+0000: 6554.360: Total time for which application threads were stopped: 0.0001221 seconds, Stopping threads took: 0.0000271 seconds
2020-05-19T12:26:37.424+0000: 6554.361: Total time for which application threads were stopped: 0.0000815 seconds, Stopping threads took: 0.0000207 seconds
2020-05-19T12:26:37.506+0000: 6554.443: Total time for which application threads were stopped: 0.0001368 seconds, Stopping threads took: 0.0000512 seconds
{Heap before GC invocations=143 (full 8):
 par new generation   total 109248K, used 109248K [0x00000000e0000000, 0x00000000e8000000, 0x00000000e8000000)
  eden space 87424K, 100% used [0x00000000e0000000, 0x00000000e5560000, 0x00000000e5560000)
  from space 21824K, 100% used [0x00000000e6ab0000, 0x00000000e8000000, 0x00000000e8000000)
  to   space 21824K,   0% used [0x00000000e5560000, 0x00000000e5560000, 0x00000000e6ab0000)
 concurrent mark-sweep generation total 393216K, used 103844K [0x00000000e8000000, 0x0000000100000000, 0x0000000100000000)
 Metaspace       used 55737K, capacity 57474K, committed 57620K, reserved 1099776K
  class space    used 6555K, capacity 6950K, committed 6976K, reserved 1048576K
2020-05-19T12:26:37.567+0000: 6554.504: [GC (Allocation Failure) 2020-05-19T12:26:37.567+0000: 6554.504: [ParNew
Desired survivor size 20112992 bytes, new threshold 7 (max 8)
- age   1:    5503672 bytes,    5503672 total
- age   2:    4441656 bytes,    9945328 total
- age   3:    3712016 bytes,   13657344 total
- age   4:    2525832 bytes,   16183176 total
- age   5:    2597136 bytes,   18780312 total
- age   6:       3936 bytes,   18784248 total
- age   7:    3558272 bytes,   22342520 total
: 109248K->21824K(109248K), 0.0169919 secs] 213092K->133724K(502464K), 0.0171263 secs] [Times: user=0.06 sys=0.00, real=0.02 secs] 
Heap after GC invocations=144 (full 8):
 par new generation   total 109248K, used 21824K [0x00000000e0000000, 0x00000000e8000000, 0x00000000e8000000)
  eden space 87424K,   0% used [0x00000000e0000000, 0x00000000e0000000, 0x00000000e5560000)
  from space 21824K, 100% used [0x00000000e5560000, 0x00000000e6ab0000, 0x00000000e6ab0000)
  to   space 21824K,   0% used [0x00000000e6ab0000, 0x00000000e6ab0000, 0x00000000e8000000)
 concurrent mark-sweep generation total 393216K, used 111900K [0x00000000e8000000, 0x0000000100000000, 0x0000000100000000)
 Metaspace       used 55737K, capacity 57474K, committed 57620K, reserved 1099776K
  class space    used 6555K, capacity 6950K, committed 6976K, reserved 1048576K
}
2020-05-19T12:26:37.584+0000: 6554.522: Total time for which application threads were stopped: 0.0174303 seconds, Stopping threads took: 0.0000552 seconds
2020-05-19T12:26:37.585+0000: 6554.522: Total time for which application threads were stopped: 0.0003072 seconds, Stopping threads took: 0.0000636 seconds
2020-05-19T12:26:37.585+0000: 6554.522: Total time for which application threads were stopped: 0.0001261 seconds, Stopping threads took: 0.0000231 seconds
2020-05-19T12:26:37.585+0000: 6554.522: Total time for which application threads were stopped: 0.0001295 seconds, Stopping threads took: 0.0000637 seconds
{Heap before GC invocations=144 (full 8):
 par new generation   total 109248K, used 109248K [0x00000000e0000000, 0x00000000e8000000, 0x00000000e8000000)
  eden space 87424K, 100% used [0x00000000e0000000, 0x00000000e5560000, 0x00000000e5560000)
  from space 21824K, 100% used [0x00000000e5560000, 0x00000000e6ab0000, 0x00000000e6ab0000)
  to   space 21824K,   0% used [0x00000000e6ab0000, 0x00000000e6ab0000, 0x00000000e8000000)
 concurrent mark-sweep generation total 393216K, used 111900K [0x00000000e8000000, 0x0000000100000000, 0x0000000100000000)
 Metaspace       used 55737K, capacity 57474K, committed 57620K, reserved 1099776K
  class space    used 6555K, capacity 6950K, committed 6976K, reserved 1048576K
2020-05-19T12:26:37.688+0000: 6554.625: [GC (Allocation Failure) 2020-05-19T12:26:37.688+0000: 6554.625: [ParNew
Desired survivor size 20112992 bytes, new threshold 6 (max 8)
- age   1:    6346288 bytes,    6346288 total
- age   2:    3752528 bytes,   10098816 total
- age   3:    4436696 bytes,   14535512 total
- age   4:    2706296 bytes,   17241808 total
- age   5:    2428368 bytes,   19670176 total
- age   6:    2533368 bytes,   22203544 total
- age   7:         16 bytes,   22203560 total
: 109248K->21824K(109248K), 0.0160314 secs] 221148K->142714K(502464K), 0.0161274 secs] [Times: user=0.06 sys=0.00, real=0.02 secs] 
Heap after GC invocations=145 (full 8):
 par new generation   total 109248K, used 21824K [0x00000000e0000000, 0x00000000e8000000, 0x00000000e8000000)
  eden space 87424K,   0% used [0x00000000e0000000, 0x00000000e0000000, 0x00000000e5560000)
  from space 21824K, 100% used [0x00000000e6ab0000, 0x00000000e8000000, 0x00000000e8000000)
  to   space 21824K,   0% used [0x00000000e5560000, 0x00000000e5560000, 0x00000000e6ab0000)
 concurrent mark-sweep generation total 393216K, used 120890K [0x00000000e8000000, 0x0000000100000000, 0x0000000100000000)
 Metaspace       used 55737K, capacity 57474K, committed 57620K, reserved 1099776K
  class space    used 6555K, capacity 6950K, committed 6976K, reserved 1048576K
}
2020-05-19T12:26:37.704+0000: 6554.641: Total time for which application threads were stopped: 0.0164657 seconds, Stopping threads took: 0.0001155 seconds
2020-05-19T12:26:37.704+0000: 6554.641: Total time for which application threads were stopped: 0.0002607 seconds, Stopping threads took: 0.0000594 seconds
2020-05-19T12:26:37.704+0000: 6554.642: Total time for which application threads were stopped: 0.0001145 seconds, Stopping threads took: 0.0000673 seconds
2020-05-19T12:26:37.705+0000: 6554.642: Total time for which application threads were stopped: 0.0000902 seconds, Stopping threads took: 0.0000417 seconds
2020-05-19T12:26:37.705+0000: 6554.642: Total time for which application threads were stopped: 0.0001037 seconds, Stopping threads took: 0.0000358 seconds
2020-05-19T12:26:38.780+0000: 6555.716: Total time for which application threads were stopped: 0.0001416 seconds, Stopping threads took: 0.0000594 seconds
2020-05-19T12:26:38.780+0000: 6555.717: Total time for which application threads were stopped: 0.0001702 seconds, Stopping threads took: 0.0001131 seconds
2020-05-19T12:26:38.781+0000: 6555.718: Total time for which application threads were stopped: 0.0001007 seconds, Stopping threads took: 0.0000442 seconds
2020-05-19T12:26:38.781+0000: 6555.718: Total time for which application threads were stopped: 0.0000750 seconds, Stopping threads took: 0.0000312 seconds
2020-05-19T12:26:38.781+0000: 6555.718: Total time for which application threads were stopped: 0.0000408 seconds, Stopping threads took: 0.0000140 seconds
2020-05-19T12:26:38.782+0000: 6555.718: Total time for which application threads were stopped: 0.0000802 seconds, Stopping threads took: 0.0000385 seconds
2020-05-19T12:26:47.676+0000: 6564.613: Total time for which application threads were stopped: 0.0003443 seconds, Stopping threads took: 0.0002355 seconds
2020-05-19T12:26:47.680+0000: 6564.617: Total time for which application threads were stopped: 0.0001478 seconds, Stopping threads took: 0.0000622 seconds
2020-05-19T12:26:47.681+0000: 6564.618: Total time for which application threads were stopped: 0.0002240 seconds, Stopping threads took: 0.0001116 seconds
2020-05-19T12:26:47.690+0000: 6564.627: Total time for which application threads were stopped: 0.0001385 seconds, Stopping threads took: 0.0000580 seconds
2020-05-19T12:26:47.692+0000: 6564.629: Total time for which application threads were stopped: 0.0011500 seconds, Stopping threads took: 0.0008537 seconds
{Heap before GC invocations=145 (full 8):
 par new generation   total 109248K, used 109248K [0x00000000e0000000, 0x00000000e8000000, 0x00000000e8000000)
  eden space 87424K, 100% used [0x00000000e0000000, 0x00000000e5560000, 0x00000000e5560000)
  from space 21824K, 100% used [0x00000000e6ab0000, 0x00000000e8000000, 0x00000000e8000000)
  to   space 21824K,   0% used [0x00000000e5560000, 0x00000000e5560000, 0x00000000e6ab0000)
 concurrent mark-sweep generation total 393216K, used 120890K [0x00000000e8000000, 0x0000000100000000, 0x0000000100000000)
 Metaspace       used 55744K, capacity 57538K, committed 57620K, reserved 1099776K
  class space    used 6555K, capacity 6950K, committed 6976K, reserved 1048576K
2020-05-19T12:26:47.766+0000: 6564.703: [GC (Allocation Failure) 2020-05-19T12:26:47.766+0000: 6564.703: [ParNew
Desired survivor size 20112992 bytes, new threshold 6 (max 8)
- age   1:    5382592 bytes,    5382592 total
- age   2:    4086896 bytes,    9469488 total
- age   3:    3278320 bytes,   12747808 total
- age   4:    4436736 bytes,   17184544 total
- age   5:    2706296 bytes,   19890840 total
- age   6:    2427240 bytes,   22318080 total
: 109248K->21824K(109248K), 0.0163523 secs] 230138K->149748K(502464K), 0.0164633 secs] [Times: user=0.06 sys=0.00, real=0.02 secs] 
Heap after GC invocations=146 (full 8):
 par new generation   total 109248K, used 21824K [0x00000000e0000000, 0x00000000e8000000, 0x00000000e8000000)
  eden space 87424K,   0% used [0x00000000e0000000, 0x00000000e0000000, 0x00000000e5560000)
  from space 21824K, 100% used [0x00000000e5560000, 0x00000000e6ab0000, 0x00000000e6ab0000)
  to   space 21824K,   0% used [0x00000000e6ab0000, 0x00000000e6ab0000, 0x00000000e8000000)
 concurrent mark-sweep generation total 393216K, used 127924K [0x00000000e8000000, 0x0000000100000000, 0x0000000100000000)
 Metaspace       used 55744K, capacity 57538K, committed 57620K, reserved 1099776K
  class space    used 6555K, capacity 6950K, committed 6976K, reserved 1048576K
}
2020-05-19T12:26:47.782+0000: 6564.720: Total time for which application threads were stopped: 0.0167702 seconds, Stopping threads took: 0.0000586 seconds
2020-05-19T12:26:47.783+0000: 6564.720: Total time for which application threads were stopped: 0.0001655 seconds, Stopping threads took: 0.0000668 seconds
2020-05-19T12:26:47.783+0000: 6564.720: Total time for which application threads were stopped: 0.0001482 seconds, Stopping threads took: 0.0000477 seconds
2020-05-19T12:26:47.789+0000: 6564.726: Total time for which application threads were stopped: 0.0001612 seconds, Stopping threads took: 0.0000612 seconds
{Heap before GC invocations=146 (full 8):
 par new generation   total 109248K, used 109248K [0x00000000e0000000, 0x00000000e8000000, 0x00000000e8000000)
  eden space 87424K, 100% used [0x00000000e0000000, 0x00000000e5560000, 0x00000000e5560000)
  from space 21824K, 100% used [0x00000000e5560000, 0x00000000e6ab0000, 0x00000000e6ab0000)
  to   space 21824K,   0% used [0x00000000e6ab0000, 0x00000000e6ab0000, 0x00000000e8000000)
 concurrent mark-sweep generation total 393216K, used 127924K [0x00000000e8000000, 0x0000000100000000, 0x0000000100000000)
 Metaspace       used 55747K, capacity 57538K, committed 57620K, reserved 1099776K
  class space    used 6555K, capacity 6950K, committed 6976K, reserved 1048576K
2020-05-19T12:26:47.897+0000: 6564.834: [GC (Allocation Failure) 2020-05-19T12:26:47.897+0000: 6564.834: [ParNew
Desired survivor size 20112992 bytes, new threshold 6 (max 8)
- age   1:    5704352 bytes,    5704352 total
- age   2:    2916520 bytes,    8620872 total
- age   3:    3038984 bytes,   11659856 total
- age   4:    3242920 bytes,   14902776 total
- age   5:    4434016 bytes,   19336792 total
- age   6:    2705416 bytes,   22042208 total
: 109248K->21824K(109248K), 0.0166300 secs] 237172K->158669K(502464K), 0.0167071 secs] [Times: user=0.06 sys=0.00, real=0.02 secs] 
Heap after GC invocations=147 (full 8):
 par new generation   total 109248K, used 21824K [0x00000000e0000000, 0x00000000e8000000, 0x00000000e8000000)
  eden space 87424K,   0% used [0x00000000e0000000, 0x00000000e0000000, 0x00000000e5560000)
  from space 21824K, 100% used [0x00000000e6ab0000, 0x00000000e8000000, 0x00000000e8000000)
  to   space 21824K,   0% used [0x00000000e5560000, 0x00000000e5560000, 0x00000000e6ab0000)
 concurrent mark-sweep generation total 393216K, used 136845K [0x00000000e8000000, 0x0000000100000000, 0x0000000100000000)
 Metaspace       used 55747K, capacity 57538K, committed 57620K, reserved 1099776K
  class space    used 6555K, capacity 6950K, committed 6976K, reserved 1048576K
}
2020-05-19T12:26:47.914+0000: 6564.851: Total time for which application threads were stopped: 0.0169383 seconds, Stopping threads took: 0.0000603 seconds
2020-05-19T12:26:47.914+0000: 6564.851: Total time for which application threads were stopped: 0.0001561 seconds, Stopping threads took: 0.0000634 seconds
2020-05-19T12:26:47.915+0000: 6564.851: Total time for which application threads were stopped: 0.0001230 seconds, Stopping threads took: 0.0000409 seconds
{Heap before GC invocations=147 (full 8):
 par new generation   total 109248K, used 109248K [0x00000000e0000000, 0x00000000e8000000, 0x00000000e8000000)
  eden space 87424K, 100% used [0x00000000e0000000, 0x00000000e5560000, 0x00000000e5560000)
  from space 21824K, 100% used [0x00000000e6ab0000, 0x00000000e8000000, 0x00000000e8000000)
  to   space 21824K,   0% used [0x00000000e5560000, 0x00000000e5560000, 0x00000000e6ab0000)
 concurrent mark-sweep generation total 393216K, used 136845K [0x00000000e8000000, 0x0000000100000000, 0x0000000100000000)
 Metaspace       used 55747K, capacity 57538K, committed 57620K, reserved 1099776K
  class space    used 6555K, capacity 6950K, committed 6976K, reserved 1048576K
2020-05-19T12:26:48.002+0000: 6564.939: [GC (Allocation Failure) 2020-05-19T12:26:48.002+0000: 6564.939: [ParNew
Desired survivor size 20112992 bytes, new threshold 6 (max 8)
- age   1:    5018248 bytes,    5018248 total
- age   2:    3518728 bytes,    8536976 total
- age   3:    2884504 bytes,   11421480 total
- age   4:    3034984 bytes,   14456464 total
- age   5:    3208752 bytes,   17665216 total
- age   6:    4433888 bytes,   22099104 total
: 109248K->21824K(109248K), 0.0152427 secs] 246093K->167902K(502464K), 0.0153149 secs] [Times: user=0.03 sys=0.00, real=0.01 secs] 
Heap after GC invocations=148 (full 8):
 par new generation   total 109248K, used 21824K [0x00000000e0000000, 0x00000000e8000000, 0x00000000e8000000)
  eden space 87424K,   0% used [0x00000000e0000000, 0x00000000e0000000, 0x00000000e5560000)
  from space 21824K, 100% used [0x00000000e5560000, 0x00000000e6ab0000, 0x00000000e6ab0000)
  to   space 21824K,   0% used [0x00000000e6ab0000, 0x00000000e6ab0000, 0x00000000e8000000)
 concurrent mark-sweep generation total 393216K, used 146078K [0x00000000e8000000, 0x0000000100000000, 0x0000000100000000)
 Metaspace       used 55747K, capacity 57538K, committed 57620K, reserved 1099776K
  class space    used 6555K, capacity 6950K, committed 6976K, reserved 1048576K
}
2020-05-19T12:26:48.017+0000: 6564.954: Total time for which application threads were stopped: 0.0155395 seconds, Stopping threads took: 0.0000551 seconds
2020-05-19T12:26:48.018+0000: 6564.954: Total time for which application threads were stopped: 0.0001509 seconds, Stopping threads took: 0.0000595 seconds
2020-05-19T12:26:48.018+0000: 6564.954: Total time for which application threads were stopped: 0.0001027 seconds, Stopping threads took: 0.0000410 seconds
2020-05-19T12:26:48.773+0000: 6565.710: Total time for which application threads were stopped: 0.0001292 seconds, Stopping threads took: 0.0000688 seconds
2020-05-19T12:26:48.773+0000: 6565.710: Total time for which application threads were stopped: 0.0000521 seconds, Stopping threads took: 0.0000165 seconds
2020-05-19T12:26:48.773+0000: 6565.710: Total time for which application threads were stopped: 0.0000394 seconds, Stopping threads took: 0.0000129 seconds
2020-05-19T12:26:48.774+0000: 6565.711: Total time for which application threads were stopped: 0.0000945 seconds, Stopping threads took: 0.0000363 seconds
2020-05-19T12:26:48.775+0000: 6565.712: Total time for which application threads were stopped: 0.0002519 seconds, Stopping threads took: 0.0001715 seconds
2020-05-19T12:26:48.775+0000: 6565.712: Total time for which application threads were stopped: 0.0000888 seconds, Stopping threads took: 0.0000327 seconds
2020-05-19T12:26:48.775+0000: 6565.712: Total time for which application threads were stopped: 0.0003146 seconds, Stopping threads took: 0.0000451 seconds
2020-05-19T12:26:49.590+0000: 6566.526: Total time for which application threads were stopped: 0.0003448 seconds, Stopping threads took: 0.0002786 seconds
2020-05-19T12:26:49.594+0000: 6566.531: Total time for which application threads were stopped: 0.0009948 seconds, Stopping threads took: 0.0001319 seconds
2020-05-19T12:26:49.595+0000: 6566.532: Total time for which application threads were stopped: 0.0001414 seconds, Stopping threads took: 0.0000735 seconds
2020-05-19T12:26:49.596+0000: 6566.533: Total time for which application threads were stopped: 0.0001171 seconds, Stopping threads took: 0.0000503 seconds
2020-05-19T12:26:49.704+0000: 6566.641: Total time for which application threads were stopped: 0.0002248 seconds, Stopping threads took: 0.0000999 seconds
{Heap before GC invocations=148 (full 8):
 par new generation   total 109248K, used 109248K [0x00000000e0000000, 0x00000000e8000000, 0x00000000e8000000)
  eden space 87424K, 100% used [0x00000000e0000000, 0x00000000e5560000, 0x00000000e5560000)
  from space 21824K, 100% used [0x00000000e5560000, 0x00000000e6ab0000, 0x00000000e6ab0000)
  to   space 21824K,   0% used [0x00000000e6ab0000, 0x00000000e6ab0000, 0x00000000e8000000)
 concurrent mark-sweep generation total 393216K, used 146078K [0x00000000e8000000, 0x0000000100000000, 0x0000000100000000)
 Metaspace       used 55758K, capacity 57602K, committed 57876K, reserved 1099776K
  class space    used 6555K, capacity 6950K, committed 6976K, reserved 1048576K
2020-05-19T12:26:49.752+0000: 6566.690: [GC (Allocation Failure) 2020-05-19T12:26:49.752+0000: 6566.690: [ParNew
Desired survivor size 20112992 bytes, new threshold 6 (max 8)
- age   1:    5844032 bytes,    5844032 total
- age   2:    3740968 bytes,    9585000 total
- age   3:    3518160 bytes,   13103160 total
- age   4:    2835784 bytes,   15938944 total
- age   5:    3034984 bytes,   18973928 total
- age   6:    3208624 bytes,   22182552 total
: 109248K->21824K(109248K), 0.0156737 secs] 255326K->175464K(502464K), 0.0157390 secs] [Times: user=0.01 sys=0.00, real=0.02 secs] 
Heap after GC invocations=149 (full 8):
 par new generation   total 109248K, used 21824K [0x00000000e0000000, 0x00000000e8000000, 0x00000000e8000000)
  eden space 87424K,   0% used [0x00000000e0000000, 0x00000000e0000000, 0x00000000e5560000)
  from space 21824K, 100% used [0x00000000e6ab0000, 0x00000000e8000000, 0x00000000e8000000)
  to   space 21824K,   0% used [0x00000000e5560000, 0x00000000e5560000, 0x00000000e6ab0000)
 concurrent mark-sweep generation total 393216K, used 153640K [0x00000000e8000000, 0x0000000100000000, 0x0000000100000000)
 Metaspace       used 55758K, capacity 57602K, committed 57876K, reserved 1099776K
  class space    used 6555K, capacity 6950K, committed 6976K, reserved 1048576K
}
2020-05-19T12:26:49.768+0000: 6566.706: Total time for which application threads were stopped: 0.0159733 seconds, Stopping threads took: 0.0000554 seconds
2020-05-19T12:26:49.769+0000: 6566.706: Total time for which application threads were stopped: 0.0001457 seconds, Stopping threads took: 0.0000557 seconds
2020-05-19T12:26:49.769+0000: 6566.706: Total time for which application threads were stopped: 0.0001141 seconds, Stopping threads took: 0.0000376 seconds
2020-05-19T12:26:49.769+0000: 6566.706: Total time for which application threads were stopped: 0.0000912 seconds, Stopping threads took: 0.0000401 seconds
{Heap before GC invocations=149 (full 8):
 par new generation   total 109248K, used 109248K [0x00000000e0000000, 0x00000000e8000000, 0x00000000e8000000)
  eden space 87424K, 100% used [0x00000000e0000000, 0x00000000e5560000, 0x00000000e5560000)
  from space 21824K, 100% used [0x00000000e6ab0000, 0x00000000e8000000, 0x00000000e8000000)
  to   space 21824K,   0% used [0x00000000e5560000, 0x00000000e5560000, 0x00000000e6ab0000)
 concurrent mark-sweep generation total 393216K, used 153640K [0x00000000e8000000, 0x0000000100000000, 0x0000000100000000)
 Metaspace       used 55758K, capacity 57602K, committed 57876K, reserved 1099776K
  class space    used 6555K, capacity 6950K, committed 6976K, reserved 1048576K
2020-05-19T12:26:49.890+0000: 6566.827: [GC (Allocation Failure) 2020-05-19T12:26:49.890+0000: 6566.827: [ParNew
Desired survivor size 20112992 bytes, new threshold 6 (max 8)
- age   1:    8284744 bytes,    8284744 total
- age   2:    2693008 bytes,   10977752 total
- age   3:    1958024 bytes,   12935776 total
- age   4:    3518160 bytes,   16453936 total
- age   5:    2835784 bytes,   19289720 total
- age   6:    3034880 bytes,   22324600 total
: 109248K->21824K(109248K), 0.0168565 secs] 262888K->184653K(502464K), 0.0169153 secs] [Times: user=0.06 sys=0.00, real=0.02 secs] 
Heap after GC invocations=150 (full 8):
 par new generation   total 109248K, used 21824K [0x00000000e0000000, 0x00000000e8000000, 0x00000000e8000000)
  eden space 87424K,   0% used [0x00000000e0000000, 0x00000000e0000000, 0x00000000e5560000)
  from space 21824K, 100% used [0x00000000e5560000, 0x00000000e6ab0000, 0x00000000e6ab0000)
  to   space 21824K,   0% used [0x00000000e6ab0000, 0x00000000e6ab0000, 0x00000000e8000000)
 concurrent mark-sweep generation total 393216K, used 162829K [0x00000000e8000000, 0x0000000100000000, 0x0000000100000000)
 Metaspace       used 55758K, capacity 57602K, committed 57876K, reserved 1099776K
  class space    used 6555K, capacity 6950K, committed 6976K, reserved 1048576K
}
2020-05-19T12:26:49.907+0000: 6566.844: Total time for which application threads were stopped: 0.0171420 seconds, Stopping threads took: 0.0000573 seconds
2020-05-19T12:26:49.907+0000: 6566.844: Total time for which application threads were stopped: 0.0001433 seconds, Stopping threads took: 0.0000585 seconds
2020-05-19T12:26:50.551+0000: 6567.488: Total time for which application threads were stopped: 0.0001284 seconds, Stopping threads took: 0.0000414 seconds
2020-05-19T12:26:50.551+0000: 6567.488: Total time for which application threads were stopped: 0.0000906 seconds, Stopping threads took: 0.0000342 seconds
2020-05-19T12:26:51.552+0000: 6568.489: Total time for which application threads were stopped: 0.0001139 seconds, Stopping threads took: 0.0000487 seconds
2020-05-19T12:27:04.612+0000: 6581.549: Total time for which application threads were stopped: 0.0000948 seconds, Stopping threads took: 0.0000285 seconds
2020-05-19T12:27:41.189+0000: 6618.126: Total time for which application threads were stopped: 0.0001971 seconds, Stopping threads took: 0.0001275 seconds
2020-05-19T12:27:41.192+0000: 6618.129: Total time for which application threads were stopped: 0.0001333 seconds, Stopping threads took: 0.0000555 seconds
2020-05-19T12:27:41.194+0000: 6618.130: Total time for which application threads were stopped: 0.0003320 seconds, Stopping threads took: 0.0000761 seconds
{Heap before GC invocations=150 (full 8):
 par new generation   total 109248K, used 109248K [0x00000000e0000000, 0x00000000e8000000, 0x00000000e8000000)
  eden space 87424K, 100% used [0x00000000e0000000, 0x00000000e5560000, 0x00000000e5560000)
  from space 21824K, 100% used [0x00000000e5560000, 0x00000000e6ab0000, 0x00000000e6ab0000)
  to   space 21824K,   0% used [0x00000000e6ab0000, 0x00000000e6ab0000, 0x00000000e8000000)
 concurrent mark-sweep generation total 393216K, used 162829K [0x00000000e8000000, 0x0000000100000000, 0x0000000100000000)
 Metaspace       used 55780K, capacity 57602K, committed 57876K, reserved 1099776K
  class space    used 6555K, capacity 6950K, committed 6976K, reserved 1048576K
2020-05-19T12:27:41.322+0000: 6618.259: [GC (Allocation Failure) 2020-05-19T12:27:41.322+0000: 6618.259: [ParNew
Desired survivor size 20112992 bytes, new threshold 8 (max 8)
- age   1:    5236320 bytes,    5236320 total
- age   2:    3410136 bytes,    8646456 total
- age   3:    2098904 bytes,   10745360 total
- age   4:    1958024 bytes,   12703384 total
- age   5:    3518120 bytes,   16221504 total
- age   6:    2835216 bytes,   19056720 total
: 109248K->21824K(109248K), 0.0159031 secs] 272077K->191928K(502464K), 0.0160044 secs] [Times: user=0.03 sys=0.00, real=0.02 secs] 
Heap after GC invocations=151 (full 8):
 par new generation   total 109248K, used 21824K [0x00000000e0000000, 0x00000000e8000000, 0x00000000e8000000)
  eden space 87424K,   0% used [0x00000000e0000000, 0x00000000e0000000, 0x00000000e5560000)
  from space 21824K, 100% used [0x00000000e6ab0000, 0x00000000e8000000, 0x00000000e8000000)
  to   space 21824K,   0% used [0x00000000e5560000, 0x00000000e5560000, 0x00000000e6ab0000)
 concurrent mark-sweep generation total 393216K, used 170104K [0x00000000e8000000, 0x0000000100000000, 0x0000000100000000)
 Metaspace       used 55780K, capacity 57602K, committed 57876K, reserved 1099776K
  class space    used 6555K, capacity 6950K, committed 6976K, reserved 1048576K
}
2020-05-19T12:27:41.338+0000: 6618.275: Total time for which application threads were stopped: 0.0163376 seconds, Stopping threads took: 0.0000650 seconds
2020-05-19T12:27:41.339+0000: 6618.276: Total time for which application threads were stopped: 0.0002224 seconds, Stopping threads took: 0.0000712 seconds
2020-05-19T12:27:41.339+0000: 6618.276: Total time for which application threads were stopped: 0.0001625 seconds, Stopping threads took: 0.0000470 seconds
2020-05-19T12:27:41.356+0000: 6618.293: Total time for which application threads were stopped: 0.0001807 seconds, Stopping threads took: 0.0000571 seconds
{Heap before GC invocations=151 (full 8):
 par new generation   total 109248K, used 109248K [0x00000000e0000000, 0x00000000e8000000, 0x00000000e8000000)
  eden space 87424K, 100% used [0x00000000e0000000, 0x00000000e5560000, 0x00000000e5560000)
  from space 21824K, 100% used [0x00000000e6ab0000, 0x00000000e8000000, 0x00000000e8000000)
  to   space 21824K,   0% used [0x00000000e5560000, 0x00000000e5560000, 0x00000000e6ab0000)
 concurrent mark-sweep generation total 393216K, used 170104K [0x00000000e8000000, 0x0000000100000000, 0x0000000100000000)
 Metaspace       used 55780K, capacity 57602K, committed 57876K, reserved 1099776K
  class space    used 6555K, capacity 6950K, committed 6976K, reserved 1048576K
2020-05-19T12:27:41.486+0000: 6618.423: [GC (Allocation Failure) 2020-05-19T12:27:41.486+0000: 6618.423: [ParNew
Desired survivor size 20112992 bytes, new threshold 7 (max 8)
- age   1:    4614064 bytes,    4614064 total
- age   2:    4091184 bytes,    8705248 total
- age   3:    3124952 bytes,   11830200 total
- age   4:    2096848 bytes,   13927048 total
- age   5:    1958024 bytes,   15885072 total
- age   6:    3518120 bytes,   19403192 total
- age   7:    2831496 bytes,   22234688 total
: 109248K->21824K(109248K), 0.0162816 secs] 279352K->198711K(502464K), 0.0163544 secs] [Times: user=0.06 sys=0.00, real=0.02 secs] 
Heap after GC invocations=152 (full 8):
 par new generation   total 109248K, used 21824K [0x00000000e0000000, 0x00000000e8000000, 0x00000000e8000000)
  eden space 87424K,   0% used [0x00000000e0000000, 0x00000000e0000000, 0x00000000e5560000)
  from space 21824K, 100% used [0x00000000e5560000, 0x00000000e6ab0000, 0x00000000e6ab0000)
  to   space 21824K,   0% used [0x00000000e6ab0000, 0x00000000e6ab0000, 0x00000000e8000000)
 concurrent mark-sweep generation total 393216K, used 176887K [0x00000000e8000000, 0x0000000100000000, 0x0000000100000000)
 Metaspace       used 55780K, capacity 57602K, committed 57876K, reserved 1099776K
  class space    used 6555K, capacity 6950K, committed 6976K, reserved 1048576K
}
2020-05-19T12:27:41.503+0000: 6618.440: Total time for which application threads were stopped: 0.0166007 seconds, Stopping threads took: 0.0000605 seconds
2020-05-19T12:27:41.503+0000: 6618.440: Total time for which application threads were stopped: 0.0001769 seconds, Stopping threads took: 0.0000646 seconds
2020-05-19T12:27:41.503+0000: 6618.440: Total time for which application threads were stopped: 0.0001142 seconds, Stopping threads took: 0.0000400 seconds
{Heap before GC invocations=152 (full 8):
 par new generation   total 109248K, used 109248K [0x00000000e0000000, 0x00000000e8000000, 0x00000000e8000000)
  eden space 87424K, 100% used [0x00000000e0000000, 0x00000000e5560000, 0x00000000e5560000)
  from space 21824K, 100% used [0x00000000e5560000, 0x00000000e6ab0000, 0x00000000e6ab0000)
  to   space 21824K,   0% used [0x00000000e6ab0000, 0x00000000e6ab0000, 0x00000000e8000000)
 concurrent mark-sweep generation total 393216K, used 176887K [0x00000000e8000000, 0x0000000100000000, 0x0000000100000000)
 Metaspace       used 55824K, capacity 57602K, committed 57876K, reserved 1099776K
  class space    used 6555K, capacity 6950K, committed 6976K, reserved 1048576K
2020-05-19T12:27:41.617+0000: 6618.555: [GC (Allocation Failure) 2020-05-19T12:27:41.617+0000: 6618.555: [ParNew
Desired survivor size 20112992 bytes, new threshold 7 (max 8)
- age   1:    4155664 bytes,    4155664 total
- age   2:    3524744 bytes,    7680408 total
- age   3:    3987720 bytes,   11668128 total
- age   4:    3118312 bytes,   14786440 total
- age   5:    2096768 bytes,   16883208 total
- age   6:    1950928 bytes,   18834136 total
- age   7:    3510000 bytes,   22344136 total
: 109248K->21824K(109248K), 0.0171380 secs] 286135K->208031K(502464K), 0.0172694 secs] [Times: user=0.06 sys=0.00, real=0.02 secs] 
Heap after GC invocations=153 (full 8):
 par new generation   total 109248K, used 21824K [0x00000000e0000000, 0x00000000e8000000, 0x00000000e8000000)
  eden space 87424K,   0% used [0x00000000e0000000, 0x00000000e0000000, 0x00000000e5560000)
  from space 21824K, 100% used [0x00000000e6ab0000, 0x00000000e8000000, 0x00000000e8000000)
  to   space 21824K,   0% used [0x00000000e5560000, 0x00000000e5560000, 0x00000000e6ab0000)
 concurrent mark-sweep generation total 393216K, used 186207K [0x00000000e8000000, 0x0000000100000000, 0x0000000100000000)
 Metaspace       used 55824K, capacity 57602K, committed 57876K, reserved 1099776K
  class space    used 6555K, capacity 6950K, committed 6976K, reserved 1048576K
}
2020-05-19T12:27:41.635+0000: 6618.572: Total time for which application threads were stopped: 0.0175798 seconds, Stopping threads took: 0.0000755 seconds
2020-05-19T12:27:41.635+0000: 6618.572: Total time for which application threads were stopped: 0.0001665 seconds, Stopping threads took: 0.0000734 seconds
2020-05-19T12:27:41.635+0000: 6618.572: Total time for which application threads were stopped: 0.0001119 seconds, Stopping threads took: 0.0000523 seconds
2020-05-19T12:27:42.143+0000: 6619.080: Total time for which application threads were stopped: 0.0001977 seconds, Stopping threads took: 0.0000540 seconds
2020-05-19T12:27:42.145+0000: 6619.082: Total time for which application threads were stopped: 0.0002279 seconds, Stopping threads took: 0.0000702 seconds
2020-05-19T12:27:42.145+0000: 6619.082: Total time for which application threads were stopped: 0.0001514 seconds, Stopping threads took: 0.0000483 seconds
2020-05-19T12:27:42.145+0000: 6619.082: Total time for which application threads were stopped: 0.0001671 seconds, Stopping threads took: 0.0000350 seconds
2020-05-19T12:27:42.146+0000: 6619.083: Total time for which application threads were stopped: 0.0001002 seconds, Stopping threads took: 0.0000399 seconds
2020-05-19T12:27:42.146+0000: 6619.083: Total time for which application threads were stopped: 0.0001091 seconds, Stopping threads took: 0.0000356 seconds
2020-05-19T12:27:43.146+0000: 6620.083: Total time for which application threads were stopped: 0.0001156 seconds, Stopping threads took: 0.0000541 seconds
2020-05-19T12:27:46.718+0000: 6623.655: Total time for which application threads were stopped: 0.0003964 seconds, Stopping threads took: 0.0001255 seconds
2020-05-19T12:27:46.720+0000: 6623.657: Total time for which application threads were stopped: 0.0001284 seconds, Stopping threads took: 0.0000568 seconds
2020-05-19T12:27:46.813+0000: 6623.750: Total time for which application threads were stopped: 0.0001835 seconds, Stopping threads took: 0.0000576 seconds
{Heap before GC invocations=153 (full 8):
 par new generation   total 109248K, used 109248K [0x00000000e0000000, 0x00000000e8000000, 0x00000000e8000000)
  eden space 87424K, 100% used [0x00000000e0000000, 0x00000000e5560000, 0x00000000e5560000)
  from space 21824K, 100% used [0x00000000e6ab0000, 0x00000000e8000000, 0x00000000e8000000)
  to   space 21824K,   0% used [0x00000000e5560000, 0x00000000e5560000, 0x00000000e6ab0000)
 concurrent mark-sweep generation total 393216K, used 186207K [0x00000000e8000000, 0x0000000100000000, 0x0000000100000000)
 Metaspace       used 55839K, capacity 57602K, committed 57876K, reserved 1099776K
  class space    used 6555K, capacity 6950K, committed 6976K, reserved 1048576K
2020-05-19T12:27:46.862+0000: 6623.798: [GC (Allocation Failure) 2020-05-19T12:27:46.862+0000: 6623.799: [ParNew
Desired survivor size 20112992 bytes, new threshold 7 (max 8)
- age   1:    4997880 bytes,    4997880 total
- age   2:    2875216 bytes,    7873096 total
- age   3:    3274424 bytes,   11147520 total
- age   4:    3715056 bytes,   14862576 total
- age   5:    2806552 bytes,   17669128 total
- age   6:    1546480 bytes,   19215608 total
- age   7:    1816264 bytes,   21031872 total
: 109248K->21824K(109248K), 0.0174401 secs] 295455K->215951K(502464K), 0.0175296 secs] [Times: user=0.03 sys=0.00, real=0.02 secs] 
Heap after GC invocations=154 (full 8):
 par new generation   total 109248K, used 21824K [0x00000000e0000000, 0x00000000e8000000, 0x00000000e8000000)
  eden space 87424K,   0% used [0x00000000e0000000, 0x00000000e0000000, 0x00000000e5560000)
  from space 21824K, 100% used [0x00000000e5560000, 0x00000000e6ab0000, 0x00000000e6ab0000)
  to   space 21824K,   0% used [0x00000000e6ab0000, 0x00000000e6ab0000, 0x00000000e8000000)
 concurrent mark-sweep generation total 393216K, used 194127K [0x00000000e8000000, 0x0000000100000000, 0x0000000100000000)
 Metaspace       used 55839K, capacity 57602K, committed 57876K, reserved 1099776K
  class space    used 6555K, capacity 6950K, committed 6976K, reserved 1048576K
}
2020-05-19T12:27:46.879+0000: 6623.816: Total time for which application threads were stopped: 0.0178398 seconds, Stopping threads took: 0.0000637 seconds
2020-05-19T12:27:46.880+0000: 6623.817: Total time for which application threads were stopped: 0.0005583 seconds, Stopping threads took: 0.0001891 seconds
2020-05-19T12:27:46.880+0000: 6623.817: Total time for which application threads were stopped: 0.0001213 seconds, Stopping threads took: 0.0000525 seconds
{Heap before GC invocations=154 (full 8):
 par new generation   total 109248K, used 109248K [0x00000000e0000000, 0x00000000e8000000, 0x00000000e8000000)
  eden space 87424K, 100% used [0x00000000e0000000, 0x00000000e5560000, 0x00000000e5560000)
  from space 21824K, 100% used [0x00000000e5560000, 0x00000000e6ab0000, 0x00000000e6ab0000)
  to   space 21824K,   0% used [0x00000000e6ab0000, 0x00000000e6ab0000, 0x00000000e8000000)
 concurrent mark-sweep generation total 393216K, used 194127K [0x00000000e8000000, 0x0000000100000000, 0x0000000100000000)
 Metaspace       used 55839K, capacity 57602K, committed 57876K, reserved 1099776K
  class space    used 6555K, capacity 6950K, committed 6976K, reserved 1048576K
2020-05-19T12:27:46.966+0000: 6623.903: [GC (Allocation Failure) 2020-05-19T12:27:46.966+0000: 6623.903: [ParNew
Desired survivor size 20112992 bytes, new threshold 7 (max 8)
- age   1:    4776680 bytes,    4776680 total
- age   2:    2847424 bytes,    7624104 total
- age   3:    2869560 bytes,   10493664 total
- age   4:    2997272 bytes,   13490936 total
- age   5:    3714648 bytes,   17205584 total
- age   6:    2806552 bytes,   20012136 total
- age   7:    1519664 bytes,   21531800 total
: 109248K->21824K(109248K), 0.0162396 secs] 303375K->225570K(502464K), 0.0163114 secs] [Times: user=0.02 sys=0.00, real=0.02 secs] 
Heap after GC invocations=155 (full 8):
 par new generation   total 109248K, used 21824K [0x00000000e0000000, 0x00000000e8000000, 0x00000000e8000000)
  eden space 87424K,   0% used [0x00000000e0000000, 0x00000000e0000000, 0x00000000e5560000)
  from space 21824K, 100% used [0x00000000e6ab0000, 0x00000000e8000000, 0x00000000e8000000)
  to   space 21824K,   0% used [0x00000000e5560000, 0x00000000e5560000, 0x00000000e6ab0000)
 concurrent mark-sweep generation total 393216K, used 203746K [0x00000000e8000000, 0x0000000100000000, 0x0000000100000000)
 Metaspace       used 55839K, capacity 57602K, committed 57876K, reserved 1099776K
  class space    used 6555K, capacity 6950K, committed 6976K, reserved 1048576K
}
2020-05-19T12:27:46.982+0000: 6623.920: Total time for which application threads were stopped: 0.0165372 seconds, Stopping threads took: 0.0000521 seconds
2020-05-19T12:27:46.982+0000: 6623.920: [GC (CMS Initial Mark) [1 CMS-initial-mark: 203746K(393216K)] 226741K(502464K), 0.0035380 secs] [Times: user=0.00 sys=0.00, real=0.00 secs] 
2020-05-19T12:27:46.986+0000: 6623.923: Total time for which application threads were stopped: 0.0036930 seconds, Stopping threads took: 0.0000607 seconds
2020-05-19T12:27:46.986+0000: 6623.923: [CMS-concurrent-mark-start]
2020-05-19T12:27:46.986+0000: 6623.924: Total time for which application threads were stopped: 0.0001223 seconds, Stopping threads took: 0.0000504 seconds
2020-05-19T12:27:46.986+0000: 6623.924: Total time for which application threads were stopped: 0.0001005 seconds, Stopping threads took: 0.0000414 seconds
2020-05-19T12:27:47.013+0000: 6623.950: [CMS-concurrent-mark: 0.025/0.027 secs] [Times: user=0.11 sys=0.00, real=0.03 secs] 
2020-05-19T12:27:47.013+0000: 6623.950: [CMS-concurrent-preclean-start]
2020-05-19T12:27:47.014+0000: 6623.952: [CMS-concurrent-preclean: 0.002/0.002 secs] [Times: user=0.00 sys=0.00, real=0.00 secs] 
2020-05-19T12:27:47.014+0000: 6623.952: [CMS-concurrent-abortable-preclean-start]
2020-05-19T12:27:47.080+0000: 6624.017: Total time for which application threads were stopped: 0.0002202 seconds, Stopping threads took: 0.0000530 seconds
2020-05-19T12:27:47.080+0000: 6624.017: [CMS-concurrent-abortable-preclean: 0.055/0.066 secs] [Times: user=0.17 sys=0.00, real=0.07 secs] 
2020-05-19T12:27:47.080+0000: 6624.018: [GC (CMS Final Remark) [YG occupancy: 77676 K (109248 K)]{Heap before GC invocations=155 (full 9):
 par new generation   total 109248K, used 77676K [0x00000000e0000000, 0x00000000e8000000, 0x00000000e8000000)
  eden space 87424K,  63% used [0x00000000e0000000, 0x00000000e368b1b0, 0x00000000e5560000)
  from space 21824K, 100% used [0x00000000e6ab0000, 0x00000000e8000000, 0x00000000e8000000)
  to   space 21824K,   0% used [0x00000000e5560000, 0x00000000e5560000, 0x00000000e6ab0000)
 concurrent mark-sweep generation total 393216K, used 203746K [0x00000000e8000000, 0x0000000100000000, 0x0000000100000000)
 Metaspace       used 55839K, capacity 57602K, committed 57876K, reserved 1099776K
  class space    used 6555K, capacity 6950K, committed 6976K, reserved 1048576K
2020-05-19T12:27:47.080+0000: 6624.018: [GC (CMS Final Remark) 2020-05-19T12:27:47.080+0000: 6624.018: [ParNew
Desired survivor size 20112992 bytes, new threshold 7 (max 8)
- age   1:    3019488 bytes,    3019488 total
- age   2:    3595440 bytes,    6614928 total
- age   3:    2847000 bytes,    9461928 total
- age   4:    2869560 bytes,   12331488 total
- age   5:    2997272 bytes,   15328760 total
- age   6:    3714648 bytes,   19043408 total
- age   7:    2806552 bytes,   21849960 total
: 77676K->21824K(109248K), 0.0119112 secs] 281423K->227726K(502464K), 0.0120392 secs] [Times: user=0.05 sys=0.02, real=0.01 secs] 
Heap after GC invocations=156 (full 9):
 par new generation   total 109248K, used 21824K [0x00000000e0000000, 0x00000000e8000000, 0x00000000e8000000)
  eden space 87424K,   0% used [0x00000000e0000000, 0x00000000e0000000, 0x00000000e5560000)
  from space 21824K, 100% used [0x00000000e5560000, 0x00000000e6ab0000, 0x00000000e6ab0000)
  to   space 21824K,   0% used [0x00000000e6ab0000, 0x00000000e6ab0000, 0x00000000e8000000)
 concurrent mark-sweep generation total 393216K, used 205902K [0x00000000e8000000, 0x0000000100000000, 0x0000000100000000)
 Metaspace       used 55839K, capacity 57602K, committed 57876K, reserved 1099776K
  class space    used 6555K, capacity 6950K, committed 6976K, reserved 1048576K
}
2020-05-19T12:27:47.093+0000: 6624.030: [Rescan (parallel) , 0.0053165 secs]2020-05-19T12:27:47.098+0000: 6624.035: [weak refs processing, 0.0038696 secs]2020-05-19T12:27:47.102+0000: 6624.039: [class unloading, 0.0126683 secs]2020-05-19T12:27:47.115+0000: 6624.052: [scrub symbol table, 0.0098850 secs]2020-05-19T12:27:47.125+0000: 6624.062: [scrub string table, 0.0005833 secs][1 CMS-remark: 205902K(393216K)] 227726K(502464K), 0.0447545 secs] [Times: user=0.13 sys=0.02, real=0.05 secs] 
2020-05-19T12:27:47.125+0000: 6624.062: Total time for which application threads were stopped: 0.0448750 seconds, Stopping threads took: 0.0000372 seconds
2020-05-19T12:27:47.125+0000: 6624.062: [CMS-concurrent-sweep-start]
2020-05-19T12:27:47.126+0000: 6624.063: Total time for which application threads were stopped: 0.0001546 seconds, Stopping threads took: 0.0000540 seconds
2020-05-19T12:27:47.127+0000: 6624.064: Total time for which application threads were stopped: 0.0003287 seconds, Stopping threads took: 0.0000563 seconds
2020-05-19T12:27:47.127+0000: 6624.064: Total time for which application threads were stopped: 0.0003730 seconds, Stopping threads took: 0.0001651 seconds
2020-05-19T12:27:47.128+0000: 6624.066: Total time for which application threads were stopped: 0.0001492 seconds, Stopping threads took: 0.0000621 seconds
2020-05-19T12:27:47.129+0000: 6624.066: Total time for which application threads were stopped: 0.0001244 seconds, Stopping threads took: 0.0000427 seconds
2020-05-19T12:27:47.193+0000: 6624.130: [CMS-concurrent-sweep: 0.066/0.067 secs] [Times: user=0.14 sys=0.00, real=0.07 secs] 
2020-05-19T12:27:47.193+0000: 6624.130: [CMS-concurrent-reset-start]
2020-05-19T12:27:47.194+0000: 6624.131: [CMS-concurrent-reset: 0.001/0.001 secs] [Times: user=0.00 sys=0.00, real=0.00 secs] 
2020-05-19T12:27:48.046+0000: 6624.984: Total time for which application threads were stopped: 0.0001244 seconds, Stopping threads took: 0.0000383 seconds
2020-05-19T12:27:48.047+0000: 6624.984: Total time for which application threads were stopped: 0.0001474 seconds, Stopping threads took: 0.0000433 seconds
2020-05-19T12:27:48.047+0000: 6624.984: Total time for which application threads were stopped: 0.0001298 seconds, Stopping threads took: 0.0000563 seconds
2020-05-19T12:27:48.047+0000: 6624.985: Total time for which application threads were stopped: 0.0001170 seconds, Stopping threads took: 0.0000463 seconds
2020-05-19T12:27:48.047+0000: 6624.985: Total time for which application threads were stopped: 0.0001619 seconds, Stopping threads took: 0.0000602 seconds
2020-05-19T12:27:49.048+0000: 6625.985: Total time for which application threads were stopped: 0.0002534 seconds, Stopping threads took: 0.0001878 seconds
2020-05-19T12:27:51.601+0000: 6628.538: Total time for which application threads were stopped: 0.0001602 seconds, Stopping threads took: 0.0001027 seconds
2020-05-19T12:27:51.604+0000: 6628.541: Total time for which application threads were stopped: 0.0001508 seconds, Stopping threads took: 0.0000588 seconds
2020-05-19T12:27:51.615+0000: 6628.552: Total time for which application threads were stopped: 0.0001695 seconds, Stopping threads took: 0.0000917 seconds
2020-05-19T12:27:51.616+0000: 6628.553: Total time for which application threads were stopped: 0.0001032 seconds, Stopping threads took: 0.0000430 seconds
2020-05-19T12:27:51.716+0000: 6628.653: Total time for which application threads were stopped: 0.0001962 seconds, Stopping threads took: 0.0000664 seconds
{Heap before GC invocations=156 (full 9):
 par new generation   total 109248K, used 109248K [0x00000000e0000000, 0x00000000e8000000, 0x00000000e8000000)
  eden space 87424K, 100% used [0x00000000e0000000, 0x00000000e5560000, 0x00000000e5560000)
  from space 21824K, 100% used [0x00000000e5560000, 0x00000000e6ab0000, 0x00000000e6ab0000)
  to   space 21824K,   0% used [0x00000000e6ab0000, 0x00000000e6ab0000, 0x00000000e8000000)
 concurrent mark-sweep generation total 393216K, used 86593K [0x00000000e8000000, 0x0000000100000000, 0x0000000100000000)
 Metaspace       used 55846K, capacity 57602K, committed 57876K, reserved 1099776K
  class space    used 6555K, capacity 6950K, committed 6976K, reserved 1048576K
2020-05-19T12:27:51.788+0000: 6628.725: [GC (Allocation Failure) 2020-05-19T12:27:51.788+0000: 6628.725: [ParNew
Desired survivor size 20112992 bytes, new threshold 7 (max 8)
- age   1:    3975152 bytes,    3975152 total
- age   2:    2556952 bytes,    6532104 total
- age   3:    3577336 bytes,   10109440 total
- age   4:    2771384 bytes,   12880824 total
- age   5:    2443216 bytes,   15324040 total
- age   6:    2899768 bytes,   18223808 total
- age   7:    3713544 bytes,   21937352 total
: 109248K->21824K(109248K), 0.0185971 secs] 195841K->117971K(502464K), 0.0186795 secs] [Times: user=0.09 sys=0.00, real=0.02 secs] 
Heap after GC invocations=157 (full 9):
 par new generation   total 109248K, used 21824K [0x00000000e0000000, 0x00000000e8000000, 0x00000000e8000000)
  eden space 87424K,   0% used [0x00000000e0000000, 0x00000000e0000000, 0x00000000e5560000)
  from space 21824K, 100% used [0x00000000e6ab0000, 0x00000000e8000000, 0x00000000e8000000)
  to   space 21824K,   0% used [0x00000000e5560000, 0x00000000e5560000, 0x00000000e6ab0000)
 concurrent mark-sweep generation total 393216K, used 96147K [0x00000000e8000000, 0x0000000100000000, 0x0000000100000000)
 Metaspace       used 55846K, capacity 57602K, committed 57876K, reserved 1099776K
  class space    used 6555K, capacity 6950K, committed 6976K, reserved 1048576K
}
2020-05-19T12:27:51.807+0000: 6628.744: Total time for which application threads were stopped: 0.0189385 seconds, Stopping threads took: 0.0000530 seconds
2020-05-19T12:27:51.807+0000: 6628.744: Total time for which application threads were stopped: 0.0001644 seconds, Stopping threads took: 0.0000663 seconds
2020-05-19T12:27:51.807+0000: 6628.744: Total time for which application threads were stopped: 0.0001250 seconds, Stopping threads took: 0.0000448 seconds
2020-05-19T12:27:51.808+0000: 6628.745: Total time for which application threads were stopped: 0.0001574 seconds, Stopping threads took: 0.0000507 seconds
{Heap before GC invocations=157 (full 9):
 par new generation   total 109248K, used 109248K [0x00000000e0000000, 0x00000000e8000000, 0x00000000e8000000)
  eden space 87424K, 100% used [0x00000000e0000000, 0x00000000e5560000, 0x00000000e5560000)
  from space 21824K, 100% used [0x00000000e6ab0000, 0x00000000e8000000, 0x00000000e8000000)
  to   space 21824K,   0% used [0x00000000e5560000, 0x00000000e5560000, 0x00000000e6ab0000)
 concurrent mark-sweep generation total 393216K, used 96147K [0x00000000e8000000, 0x0000000100000000, 0x0000000100000000)
 Metaspace       used 55847K, capacity 57602K, committed 57876K, reserved 1099776K
  class space    used 6555K, capacity 6950K, committed 6976K, reserved 1048576K
2020-05-19T12:27:51.900+0000: 6628.836: [GC (Allocation Failure) 2020-05-19T12:27:51.900+0000: 6628.836: [ParNew
Desired survivor size 20112992 bytes, new threshold 7 (max 8)
- age   1:    5915000 bytes,    5915000 total
- age   2:    2936560 bytes,    8851560 total
- age   3:    2420584 bytes,   11272144 total
- age   4:    3502768 bytes,   14774912 total
- age   5:    2279192 bytes,   17054104 total
- age   6:    2375488 bytes,   19429592 total
- age   7:    2897976 bytes,   22327568 total
: 109248K->21824K(109248K), 0.0171571 secs] 205395K->126933K(502464K), 0.0172744 secs] [Times: user=0.06 sys=0.00, real=0.02 secs] 
Heap after GC invocations=158 (full 9):
 par new generation   total 109248K, used 21824K [0x00000000e0000000, 0x00000000e8000000, 0x00000000e8000000)
  eden space 87424K,   0% used [0x00000000e0000000, 0x00000000e0000000, 0x00000000e5560000)
  from space 21824K, 100% used [0x00000000e5560000, 0x00000000e6ab0000, 0x00000000e6ab0000)
  to   space 21824K,   0% used [0x00000000e6ab0000, 0x00000000e6ab0000, 0x00000000e8000000)
 concurrent mark-sweep generation total 393216K, used 105109K [0x00000000e8000000, 0x0000000100000000, 0x0000000100000000)
 Metaspace       used 55847K, capacity 57602K, committed 57876K, reserved 1099776K
  class space    used 6555K, capacity 6950K, committed 6976K, reserved 1048576K
}
2020-05-19T12:27:51.917+0000: 6628.854: Total time for which application threads were stopped: 0.0175270 seconds, Stopping threads took: 0.0000593 seconds
2020-05-19T12:27:51.917+0000: 6628.854: Total time for which application threads were stopped: 0.0001343 seconds, Stopping threads took: 0.0000478 seconds
2020-05-19T12:27:52.806+0000: 6629.743: Total time for which application threads were stopped: 0.0001763 seconds, Stopping threads took: 0.0000718 seconds
2020-05-19T12:27:52.806+0000: 6629.744: Total time for which application threads were stopped: 0.0002465 seconds, Stopping threads took: 0.0001419 seconds
2020-05-19T12:27:52.807+0000: 6629.744: Total time for which application threads were stopped: 0.0001110 seconds, Stopping threads took: 0.0000333 seconds
2020-05-19T12:27:52.807+0000: 6629.744: Total time for which application threads were stopped: 0.0001937 seconds, Stopping threads took: 0.0001035 seconds
2020-05-19T12:27:52.809+0000: 6629.746: Total time for which application threads were stopped: 0.0001518 seconds, Stopping threads took: 0.0000543 seconds
2020-05-19T12:27:52.809+0000: 6629.746: Total time for which application threads were stopped: 0.0001049 seconds, Stopping threads took: 0.0000390 seconds
2020-05-19T12:27:52.809+0000: 6629.747: Total time for which application threads were stopped: 0.0000899 seconds, Stopping threads took: 0.0000370 seconds
2020-05-19T12:27:52.809+0000: 6629.747: Total time for which application threads were stopped: 0.0000698 seconds, Stopping threads took: 0.0000367 seconds
2020-05-19T12:27:53.810+0000: 6630.746: Total time for which application threads were stopped: 0.0001174 seconds, Stopping threads took: 0.0000424 seconds
2020-05-19T12:27:56.740+0000: 6633.677: Total time for which application threads were stopped: 0.0001841 seconds, Stopping threads took: 0.0001182 seconds
2020-05-19T12:27:56.744+0000: 6633.681: Total time for which application threads were stopped: 0.0002017 seconds, Stopping threads took: 0.0001257 seconds
2020-05-19T12:27:56.745+0000: 6633.682: Total time for which application threads were stopped: 0.0001359 seconds, Stopping threads took: 0.0000497 seconds
2020-05-19T12:27:56.753+0000: 6633.690: Total time for which application threads were stopped: 0.0001481 seconds, Stopping threads took: 0.0000637 seconds
2020-05-19T12:27:56.754+0000: 6633.691: Total time for which application threads were stopped: 0.0001133 seconds, Stopping threads took: 0.0000441 seconds
{Heap before GC invocations=158 (full 9):
 par new generation   total 109248K, used 109248K [0x00000000e0000000, 0x00000000e8000000, 0x00000000e8000000)
  eden space 87424K, 100% used [0x00000000e0000000, 0x00000000e5560000, 0x00000000e5560000)
  from space 21824K, 100% used [0x00000000e5560000, 0x00000000e6ab0000, 0x00000000e6ab0000)
  to   space 21824K,   0% used [0x00000000e6ab0000, 0x00000000e6ab0000, 0x00000000e8000000)
 concurrent mark-sweep generation total 393216K, used 105109K [0x00000000e8000000, 0x0000000100000000, 0x0000000100000000)
 Metaspace       used 55858K, capacity 57602K, committed 57876K, reserved 1099776K
  class space    used 6555K, capacity 6950K, committed 6976K, reserved 1048576K
2020-05-19T12:27:56.823+0000: 6633.760: [GC (Allocation Failure) 2020-05-19T12:27:56.823+0000: 6633.760: [ParNew
Desired survivor size 20112992 bytes, new threshold 7 (max 8)
- age   1:    6009744 bytes,    6009744 total
- age   2:    2482280 bytes,    8492024 total
- age   3:    2611488 bytes,   11103512 total
- age   4:    2420584 bytes,   13524096 total
- age   5:    3502848 bytes,   17026944 total
- age   6:    2279064 bytes,   19306008 total
- age   7:    2375488 bytes,   21681496 total
: 109248K->21824K(109248K), 0.0152578 secs] 214357K->133768K(502464K), 0.0153646 secs] [Times: user=0.06 sys=0.00, real=0.02 secs] 
Heap after GC invocations=159 (full 9):
 par new generation   total 109248K, used 21824K [0x00000000e0000000, 0x00000000e8000000, 0x00000000e8000000)
  eden space 87424K,   0% used [0x00000000e0000000, 0x00000000e0000000, 0x00000000e5560000)
  from space 21824K, 100% used [0x00000000e6ab0000, 0x00000000e8000000, 0x00000000e8000000)
  to   space 21824K,   0% used [0x00000000e5560000, 0x00000000e5560000, 0x00000000e6ab0000)
 concurrent mark-sweep generation total 393216K, used 111944K [0x00000000e8000000, 0x0000000100000000, 0x0000000100000000)
 Metaspace       used 55858K, capacity 57602K, committed 57876K, reserved 1099776K
  class space    used 6555K, capacity 6950K, committed 6976K, reserved 1048576K
}
2020-05-19T12:27:56.838+0000: 6633.775: Total time for which application threads were stopped: 0.0156610 seconds, Stopping threads took: 0.0000603 seconds
2020-05-19T12:27:56.839+0000: 6633.775: Total time for which application threads were stopped: 0.0002274 seconds, Stopping threads took: 0.0000786 seconds
2020-05-19T12:27:56.839+0000: 6633.776: Total time for which application threads were stopped: 0.0001640 seconds, Stopping threads took: 0.0000534 seconds
2020-05-19T12:27:56.844+0000: 6633.780: Total time for which application threads were stopped: 0.0001944 seconds, Stopping threads took: 0.0000708 seconds
{Heap before GC invocations=159 (full 9):
 par new generation   total 109248K, used 109248K [0x00000000e0000000, 0x00000000e8000000, 0x00000000e8000000)
  eden space 87424K, 100% used [0x00000000e0000000, 0x00000000e5560000, 0x00000000e5560000)
  from space 21824K, 100% used [0x00000000e6ab0000, 0x00000000e8000000, 0x00000000e8000000)
  to   space 21824K,   0% used [0x00000000e5560000, 0x00000000e5560000, 0x00000000e6ab0000)
 concurrent mark-sweep generation total 393216K, used 111944K [0x00000000e8000000, 0x0000000100000000, 0x0000000100000000)
 Metaspace       used 55858K, capacity 57602K, committed 57876K, reserved 1099776K
  class space    used 6555K, capacity 6950K, committed 6976K, reserved 1048576K
2020-05-19T12:27:56.983+0000: 6633.920: [GC (Allocation Failure) 2020-05-19T12:27:56.983+0000: 6633.920: [ParNew
Desired survivor size 20112992 bytes, new threshold 7 (max 8)
- age   1:    4545040 bytes,    4545040 total
- age   2:    5039656 bytes,    9584696 total
- age   3:    2449232 bytes,   12033928 total
- age   4:    2549696 bytes,   14583624 total
- age   5:    1899400 bytes,   16483024 total
- age   6:    3269208 bytes,   19752232 total
- age   7:    2232280 bytes,   21984512 total
: 109248K->21824K(109248K), 0.0174039 secs] 221192K->143511K(502464K), 0.0174815 secs] [Times: user=0.06 sys=0.00, real=0.02 secs] 
Heap after GC invocations=160 (full 9):
 par new generation   total 109248K, used 21824K [0x00000000e0000000, 0x00000000e8000000, 0x00000000e8000000)
  eden space 87424K,   0% used [0x00000000e0000000, 0x00000000e0000000, 0x00000000e5560000)
  from space 21824K, 100% used [0x00000000e5560000, 0x00000000e6ab0000, 0x00000000e6ab0000)
  to   space 21824K,   0% used [0x00000000e6ab0000, 0x00000000e6ab0000, 0x00000000e8000000)
 concurrent mark-sweep generation total 393216K, used 121687K [0x00000000e8000000, 0x0000000100000000, 0x0000000100000000)
 Metaspace       used 55858K, capacity 57602K, committed 57876K, reserved 1099776K
  class space    used 6555K, capacity 6950K, committed 6976K, reserved 1048576K
}
2020-05-19T12:27:57.001+0000: 6633.938: Total time for which application threads were stopped: 0.0177786 seconds, Stopping threads took: 0.0000576 seconds
2020-05-19T12:27:57.001+0000: 6633.938: Total time for which application threads were stopped: 0.0002069 seconds, Stopping threads took: 0.0001044 seconds
2020-05-19T12:27:57.001+0000: 6633.939: Total time for which application threads were stopped: 0.0001579 seconds, Stopping threads took: 0.0000467 seconds
{Heap before GC invocations=160 (full 9):
 par new generation   total 109248K, used 109248K [0x00000000e0000000, 0x00000000e8000000, 0x00000000e8000000)
  eden space 87424K, 100% used [0x00000000e0000000, 0x00000000e5560000, 0x00000000e5560000)
  from space 21824K, 100% used [0x00000000e5560000, 0x00000000e6ab0000, 0x00000000e6ab0000)
  to   space 21824K,   0% used [0x00000000e6ab0000, 0x00000000e6ab0000, 0x00000000e8000000)
 concurrent mark-sweep generation total 393216K, used 121687K [0x00000000e8000000, 0x0000000100000000, 0x0000000100000000)
 Metaspace       used 55860K, capacity 57602K, committed 57876K, reserved 1099776K
  class space    used 6555K, capacity 6950K, committed 6976K, reserved 1048576K
2020-05-19T12:27:57.085+0000: 6634.022: [GC (Allocation Failure) 2020-05-19T12:27:57.085+0000: 6634.022: [ParNew
Desired survivor size 20112992 bytes, new threshold 7 (max 8)
- age   1:    6339312 bytes,    6339312 total
- age   2:    2329072 bytes,    8668384 total
- age   3:    3911112 bytes,   12579496 total
- age   4:    2449216 bytes,   15028712 total
- age   5:    2545096 bytes,   17573808 total
- age   6:    1677024 bytes,   19250832 total
- age   7:    2843792 bytes,   22094624 total
: 109248K->21824K(109248K), 0.0173579 secs] 230935K->152149K(502464K), 0.0174373 secs] [Times: user=0.08 sys=0.00, real=0.02 secs] 
Heap after GC invocations=161 (full 9):
 par new generation   total 109248K, used 21824K [0x00000000e0000000, 0x00000000e8000000, 0x00000000e8000000)
  eden space 87424K,   0% used [0x00000000e0000000, 0x00000000e0000000, 0x00000000e5560000)
  from space 21824K, 100% used [0x00000000e6ab0000, 0x00000000e8000000, 0x00000000e8000000)
  to   space 21824K,   0% used [0x00000000e5560000, 0x00000000e5560000, 0x00000000e6ab0000)
 concurrent mark-sweep generation total 393216K, used 130325K [0x00000000e8000000, 0x0000000100000000, 0x0000000100000000)
 Metaspace       used 55860K, capacity 57602K, committed 57876K, reserved 1099776K
  class space    used 6555K, capacity 6950K, committed 6976K, reserved 1048576K
}
2020-05-19T12:27:57.103+0000: 6634.040: Total time for which application threads were stopped: 0.0176669 seconds, Stopping threads took: 0.0000600 seconds
2020-05-19T12:27:57.103+0000: 6634.040: Total time for which application threads were stopped: 0.0002431 seconds, Stopping threads took: 0.0000586 seconds
2020-05-19T12:27:57.103+0000: 6634.040: Total time for which application threads were stopped: 0.0001132 seconds, Stopping threads took: 0.0000349 seconds
2020-05-19T12:27:57.897+0000: 6634.835: Total time for which application threads were stopped: 0.0002443 seconds, Stopping threads took: 0.0000789 seconds
2020-05-19T12:27:57.898+0000: 6634.836: Total time for which application threads were stopped: 0.0001065 seconds, Stopping threads took: 0.0000422 seconds
2020-05-19T12:27:57.899+0000: 6634.836: Total time for which application threads were stopped: 0.0001181 seconds, Stopping threads took: 0.0000377 seconds
2020-05-19T12:27:57.899+0000: 6634.836: Total time for which application threads were stopped: 0.0000981 seconds, Stopping threads took: 0.0000368 seconds
2020-05-19T12:27:57.899+0000: 6634.836: Total time for which application threads were stopped: 0.0000958 seconds, Stopping threads took: 0.0000358 seconds
2020-05-19T12:27:59.631+0000: 6636.568: Total time for which application threads were stopped: 0.0011519 seconds, Stopping threads took: 0.0010645 seconds
2020-05-19T12:27:59.633+0000: 6636.571: Total time for which application threads were stopped: 0.0001277 seconds, Stopping threads took: 0.0000546 seconds
2020-05-19T12:27:59.635+0000: 6636.572: Total time for which application threads were stopped: 0.0001432 seconds, Stopping threads took: 0.0000492 seconds
2020-05-19T12:27:59.645+0000: 6636.582: Total time for which application threads were stopped: 0.0001364 seconds, Stopping threads took: 0.0000587 seconds
2020-05-19T12:27:59.647+0000: 6636.584: Total time for which application threads were stopped: 0.0001381 seconds, Stopping threads took: 0.0000563 seconds
2020-05-19T12:27:59.729+0000: 6636.667: Total time for which application threads were stopped: 0.0001540 seconds, Stopping threads took: 0.0000533 seconds
{Heap before GC invocations=161 (full 9):
 par new generation   total 109248K, used 109248K [0x00000000e0000000, 0x00000000e8000000, 0x00000000e8000000)
  eden space 87424K, 100% used [0x00000000e0000000, 0x00000000e5560000, 0x00000000e5560000)
  from space 21824K, 100% used [0x00000000e6ab0000, 0x00000000e8000000, 0x00000000e8000000)
  to   space 21824K,   0% used [0x00000000e5560000, 0x00000000e5560000, 0x00000000e6ab0000)
 concurrent mark-sweep generation total 393216K, used 130325K [0x00000000e8000000, 0x0000000100000000, 0x0000000100000000)
 Metaspace       used 55878K, capacity 57602K, committed 57876K, reserved 1099776K
  class space    used 6555K, capacity 6950K, committed 6976K, reserved 1048576K
2020-05-19T12:27:59.783+0000: 6636.720: [GC (Allocation Failure) 2020-05-19T12:27:59.783+0000: 6636.720: [ParNew
Desired survivor size 20112992 bytes, new threshold 6 (max 8)
- age   1:    7150464 bytes,    7150464 total
- age   2:    2519256 bytes,    9669720 total
- age   3:    2047824 bytes,   11717544 total
- age   4:    3811296 bytes,   15528840 total
- age   5:    2449216 bytes,   17978056 total
- age   6:    2545000 bytes,   20523056 total
- age   7:    1677024 bytes,   22200080 total
: 109248K->21824K(109248K), 0.0149666 secs] 239573K->157169K(502464K), 0.0151227 secs] [Times: user=0.00 sys=0.00, real=0.02 secs] 
Heap after GC invocations=162 (full 9):
 par new generation   total 109248K, used 21824K [0x00000000e0000000, 0x00000000e8000000, 0x00000000e8000000)
  eden space 87424K,   0% used [0x00000000e0000000, 0x00000000e0000000, 0x00000000e5560000)
  from space 21824K, 100% used [0x00000000e5560000, 0x00000000e6ab0000, 0x00000000e6ab0000)
  to   space 21824K,   0% used [0x00000000e6ab0000, 0x00000000e6ab0000, 0x00000000e8000000)
 concurrent mark-sweep generation total 393216K, used 135345K [0x00000000e8000000, 0x0000000100000000, 0x0000000100000000)
 Metaspace       used 55878K, capacity 57602K, committed 57876K, reserved 1099776K
  class space    used 6555K, capacity 6950K, committed 6976K, reserved 1048576K
}
2020-05-19T12:27:59.798+0000: 6636.735: Total time for which application threads were stopped: 0.0154132 seconds, Stopping threads took: 0.0000648 seconds
2020-05-19T12:27:59.799+0000: 6636.735: Total time for which application threads were stopped: 0.0001957 seconds, Stopping threads took: 0.0000631 seconds
2020-05-19T12:27:59.799+0000: 6636.736: Total time for which application threads were stopped: 0.0001571 seconds, Stopping threads took: 0.0000543 seconds
2020-05-19T12:27:59.799+0000: 6636.736: Total time for which application threads were stopped: 0.0001234 seconds, Stopping threads took: 0.0000455 seconds
{Heap before GC invocations=162 (full 9):
 par new generation   total 109248K, used 109248K [0x00000000e0000000, 0x00000000e8000000, 0x00000000e8000000)
  eden space 87424K, 100% used [0x00000000e0000000, 0x00000000e5560000, 0x00000000e5560000)
  from space 21824K, 100% used [0x00000000e5560000, 0x00000000e6ab0000, 0x00000000e6ab0000)
  to   space 21824K,   0% used [0x00000000e6ab0000, 0x00000000e6ab0000, 0x00000000e8000000)
 concurrent mark-sweep generation total 393216K, used 135345K [0x00000000e8000000, 0x0000000100000000, 0x0000000100000000)
 Metaspace       used 55878K, capacity 57602K, committed 57876K, reserved 1099776K
  class space    used 6555K, capacity 6950K, committed 6976K, reserved 1048576K
2020-05-19T12:27:59.902+0000: 6636.838: [GC (Allocation Failure) 2020-05-19T12:27:59.902+0000: 6636.838: [ParNew
Desired survivor size 20112992 bytes, new threshold 6 (max 8)
- age   1:    7196856 bytes,    7196856 total
- age   2:    4729664 bytes,   11926520 total
- age   3:    2203056 bytes,   14129576 total
- age   4:    2046520 bytes,   16176096 total
- age   5:    3714944 bytes,   19891040 total
- age   6:    2449216 bytes,   22340256 total
: 109248K->21824K(109248K), 0.0172980 secs] 244593K->165473K(502464K), 0.0173625 secs] [Times: user=0.06 sys=0.00, real=0.02 secs] 
Heap after GC invocations=163 (full 9):
 par new generation   total 109248K, used 21824K [0x00000000e0000000, 0x00000000e8000000, 0x00000000e8000000)
  eden space 87424K,   0% used [0x00000000e0000000, 0x00000000e0000000, 0x00000000e5560000)
  from space 21824K, 100% used [0x00000000e6ab0000, 0x00000000e8000000, 0x00000000e8000000)
  to   space 21824K,   0% used [0x00000000e5560000, 0x00000000e5560000, 0x00000000e6ab0000)
 concurrent mark-sweep generation total 393216K, used 143649K [0x00000000e8000000, 0x0000000100000000, 0x0000000100000000)
 Metaspace       used 55878K, capacity 57602K, committed 57876K, reserved 1099776K
  class space    used 6555K, capacity 6950K, committed 6976K, reserved 1048576K
}
2020-05-19T12:27:59.919+0000: 6636.856: Total time for which application threads were stopped: 0.0175875 seconds, Stopping threads took: 0.0000593 seconds
2020-05-19T12:27:59.920+0000: 6636.856: Total time for which application threads were stopped: 0.0001582 seconds, Stopping threads took: 0.0000569 seconds
2020-05-19T12:27:59.920+0000: 6636.856: Total time for which application threads were stopped: 0.0000938 seconds, Stopping threads took: 0.0000481 seconds
2020-05-19T12:27:59.920+0000: 6636.856: Total time for which application threads were stopped: 0.0000887 seconds, Stopping threads took: 0.0000444 seconds
2020-05-19T12:28:00.854+0000: 6637.792: Total time for which application threads were stopped: 0.0001421 seconds, Stopping threads took: 0.0000638 seconds
2020-05-19T12:28:00.854+0000: 6637.792: Total time for which application threads were stopped: 0.0001001 seconds, Stopping threads took: 0.0000446 seconds
2020-05-19T12:28:00.855+0000: 6637.793: Total time for which application threads were stopped: 0.0001761 seconds, Stopping threads took: 0.0000618 seconds
2020-05-19T12:28:00.856+0000: 6637.794: Total time for which application threads were stopped: 0.0001385 seconds, Stopping threads took: 0.0000575 seconds
2020-05-19T12:28:00.856+0000: 6637.794: Total time for which application threads were stopped: 0.0000937 seconds, Stopping threads took: 0.0000427 seconds
2020-05-19T12:28:00.856+0000: 6637.794: Total time for which application threads were stopped: 0.0000471 seconds, Stopping threads took: 0.0000196 seconds
2020-05-19T12:28:00.857+0000: 6637.794: Total time for which application threads were stopped: 0.0001936 seconds, Stopping threads took: 0.0000439 seconds
2020-05-19T12:28:01.857+0000: 6638.794: Total time for which application threads were stopped: 0.0001138 seconds, Stopping threads took: 0.0000431 seconds
2020-05-19T12:28:14.648+0000: 6651.585: Total time for which application threads were stopped: 0.0000925 seconds, Stopping threads took: 0.0000259 seconds
2020-05-19T12:28:18.167+0000: 6655.104: Total time for which application threads were stopped: 0.0001974 seconds, Stopping threads took: 0.0001382 seconds
2020-05-19T12:28:18.171+0000: 6655.108: Total time for which application threads were stopped: 0.0001362 seconds, Stopping threads took: 0.0000352 seconds
2020-05-19T12:28:18.184+0000: 6655.121: Total time for which application threads were stopped: 0.0001368 seconds, Stopping threads took: 0.0000540 seconds
{Heap before GC invocations=163 (full 9):
 par new generation   total 109248K, used 109119K [0x00000000e0000000, 0x00000000e8000000, 0x00000000e8000000)
  eden space 87424K,  99% used [0x00000000e0000000, 0x00000000e553fcb0, 0x00000000e5560000)
  from space 21824K, 100% used [0x00000000e6ab0000, 0x00000000e8000000, 0x00000000e8000000)
  to   space 21824K,   0% used [0x00000000e5560000, 0x00000000e5560000, 0x00000000e6ab0000)
 concurrent mark-sweep generation total 393216K, used 143649K [0x00000000e8000000, 0x0000000100000000, 0x0000000100000000)
 Metaspace       used 55907K, capacity 57602K, committed 57876K, reserved 1099776K
  class space    used 6555K, capacity 6950K, committed 6976K, reserved 1048576K
2020-05-19T12:28:18.274+0000: 6655.212: [GC (Allocation Failure) 2020-05-19T12:28:18.274+0000: 6655.212: [ParNew
Desired survivor size 20112992 bytes, new threshold 6 (max 8)
- age   1:    4831128 bytes,    4831128 total
- age   2:    5450864 bytes,   10281992 total
- age   3:    4174240 bytes,   14456232 total
- age   4:    2104304 bytes,   16560536 total
- age   5:    2021472 bytes,   18582008 total
- age   6:    3599536 bytes,   22181544 total
: 109119K->21824K(109248K), 0.0171212 secs] 252768K->173454K(502464K), 0.0172245 secs] [Times: user=0.06 sys=0.00, real=0.02 secs] 
Heap after GC invocations=164 (full 9):
 par new generation   total 109248K, used 21824K [0x00000000e0000000, 0x00000000e8000000, 0x00000000e8000000)
  eden space 87424K,   0% used [0x00000000e0000000, 0x00000000e0000000, 0x00000000e5560000)
  from space 21824K, 100% used [0x00000000e5560000, 0x00000000e6ab0000, 0x00000000e6ab0000)
  to   space 21824K,   0% used [0x00000000e6ab0000, 0x00000000e6ab0000, 0x00000000e8000000)
 concurrent mark-sweep generation total 393216K, used 151630K [0x00000000e8000000, 0x0000000100000000, 0x0000000100000000)
 Metaspace       used 55907K, capacity 57602K, committed 57876K, reserved 1099776K
  class space    used 6555K, capacity 6950K, committed 6976K, reserved 1048576K
}
2020-05-19T12:28:18.292+0000: 6655.229: Total time for which application threads were stopped: 0.0175256 seconds, Stopping threads took: 0.0000645 seconds
2020-05-19T12:28:18.292+0000: 6655.229: Total time for which application threads were stopped: 0.0002036 seconds, Stopping threads took: 0.0000703 seconds
2020-05-19T12:28:18.292+0000: 6655.229: Total time for which application threads were stopped: 0.0001133 seconds, Stopping threads took: 0.0000410 seconds
2020-05-19T12:28:18.303+0000: 6655.241: Total time for which application threads were stopped: 0.0001576 seconds, Stopping threads took: 0.0000572 seconds
{Heap before GC invocations=164 (full 9):
 par new generation   total 109248K, used 109248K [0x00000000e0000000, 0x00000000e8000000, 0x00000000e8000000)
  eden space 87424K, 100% used [0x00000000e0000000, 0x00000000e5560000, 0x00000000e5560000)
  from space 21824K, 100% used [0x00000000e5560000, 0x00000000e6ab0000, 0x00000000e6ab0000)
  to   space 21824K,   0% used [0x00000000e6ab0000, 0x00000000e6ab0000, 0x00000000e8000000)
 concurrent mark-sweep generation total 393216K, used 151630K [0x00000000e8000000, 0x0000000100000000, 0x0000000100000000)
 Metaspace       used 55907K, capacity 57602K, committed 57876K, reserved 1099776K
  class space    used 6555K, capacity 6950K, committed 6976K, reserved 1048576K
2020-05-19T12:28:18.426+0000: 6655.363: [GC (Allocation Failure) 2020-05-19T12:28:18.426+0000: 6655.363: [ParNew
Desired survivor size 20112992 bytes, new threshold 8 (max 8)
- age   1:    2180048 bytes,    2180048 total
- age   2:    4430072 bytes,    6610120 total
- age   3:    5206272 bytes,   11816392 total
- age   4:    4172048 bytes,   15988440 total
- age   5:    2104304 bytes,   18092744 total
- age   6:    2019840 bytes,   20112584 total
: 109248K->21824K(109248K), 0.0180878 secs] 260878K->186542K(502464K), 0.0181720 secs] [Times: user=0.06 sys=0.00, real=0.02 secs] 
Heap after GC invocations=165 (full 9):
 par new generation   total 109248K, used 21824K [0x00000000e0000000, 0x00000000e8000000, 0x00000000e8000000)
  eden space 87424K,   0% used [0x00000000e0000000, 0x00000000e0000000, 0x00000000e5560000)
  from space 21824K, 100% used [0x00000000e6ab0000, 0x00000000e8000000, 0x00000000e8000000)
  to   space 21824K,   0% used [0x00000000e5560000, 0x00000000e5560000, 0x00000000e6ab0000)
 concurrent mark-sweep generation total 393216K, used 164718K [0x00000000e8000000, 0x0000000100000000, 0x0000000100000000)
 Metaspace       used 55907K, capacity 57602K, committed 57876K, reserved 1099776K
  class space    used 6555K, capacity 6950K, committed 6976K, reserved 1048576K
}
2020-05-19T12:28:18.444+0000: 6655.381: Total time for which application threads were stopped: 0.0184179 seconds, Stopping threads took: 0.0000630 seconds
2020-05-19T12:28:18.445+0000: 6655.382: Total time for which application threads were stopped: 0.0001782 seconds, Stopping threads took: 0.0000723 seconds
2020-05-19T12:28:18.445+0000: 6655.382: Total time for which application threads were stopped: 0.0001108 seconds, Stopping threads took: 0.0000508 seconds
{Heap before GC invocations=165 (full 9):
 par new generation   total 109248K, used 109248K [0x00000000e0000000, 0x00000000e8000000, 0x00000000e8000000)
  eden space 87424K, 100% used [0x00000000e0000000, 0x00000000e5560000, 0x00000000e5560000)
  from space 21824K, 100% used [0x00000000e6ab0000, 0x00000000e8000000, 0x00000000e8000000)
  to   space 21824K,   0% used [0x00000000e5560000, 0x00000000e5560000, 0x00000000e6ab0000)
 concurrent mark-sweep generation total 393216K, used 164718K [0x00000000e8000000, 0x0000000100000000, 0x0000000100000000)
 Metaspace       used 55907K, capacity 57602K, committed 57876K, reserved 1099776K
  class space    used 6555K, capacity 6950K, committed 6976K, reserved 1048576K
2020-05-19T12:28:18.548+0000: 6655.486: [GC (Allocation Failure) 2020-05-19T12:28:18.549+0000: 6655.486: [ParNew
Desired survivor size 20112992 bytes, new threshold 6 (max 8)
- age   1:    4287352 bytes,    4287352 total
- age   2:    1701168 bytes,    5988520 total
- age   3:    4426672 bytes,   10415192 total
- age   4:    3490928 bytes,   13906120 total
- age   5:    4169592 bytes,   18075712 total
- age   6:    2100784 bytes,   20176496 total
- age   7:    2019824 bytes,   22196320 total
: 109248K->21824K(109248K), 0.0172680 secs] 273966K->194681K(502464K), 0.0173768 secs] [Times: user=0.06 sys=0.00, real=0.02 secs] 
Heap after GC invocations=166 (full 9):
 par new generation   total 109248K, used 21824K [0x00000000e0000000, 0x00000000e8000000, 0x00000000e8000000)
  eden space 87424K,   0% used [0x00000000e0000000, 0x00000000e0000000, 0x00000000e5560000)
  from space 21824K, 100% used [0x00000000e5560000, 0x00000000e6ab0000, 0x00000000e6ab0000)
  to   space 21824K,   0% used [0x00000000e6ab0000, 0x00000000e6ab0000, 0x00000000e8000000)
 concurrent mark-sweep generation total 393216K, used 172857K [0x00000000e8000000, 0x0000000100000000, 0x0000000100000000)
 Metaspace       used 55907K, capacity 57602K, committed 57876K, reserved 1099776K
  class space    used 6555K, capacity 6950K, committed 6976K, reserved 1048576K
}
2020-05-19T12:28:18.566+0000: 6655.503: Total time for which application threads were stopped: 0.0176436 seconds, Stopping threads took: 0.0000585 seconds
2020-05-19T12:28:18.566+0000: 6655.503: Total time for which application threads were stopped: 0.0001803 seconds, Stopping threads took: 0.0000592 seconds
2020-05-19T12:28:18.566+0000: 6655.504: Total time for which application threads were stopped: 0.0001562 seconds, Stopping threads took: 0.0000713 seconds
2020-05-19T12:28:19.474+0000: 6656.411: Total time for which application threads were stopped: 0.0002360 seconds, Stopping threads took: 0.0001564 seconds
2020-05-19T12:28:19.474+0000: 6656.411: Total time for which application threads were stopped: 0.0001783 seconds, Stopping threads took: 0.0001225 seconds
2020-05-19T12:28:19.475+0000: 6656.412: Total time for which application threads were stopped: 0.0001311 seconds, Stopping threads took: 0.0000484 seconds
2020-05-19T12:28:19.476+0000: 6656.412: Total time for which application threads were stopped: 0.0001211 seconds, Stopping threads took: 0.0000549 seconds
2020-05-19T12:28:19.476+0000: 6656.413: Total time for which application threads were stopped: 0.0001046 seconds, Stopping threads took: 0.0000471 seconds
2020-05-19T12:28:33.188+0000: 6670.124: Total time for which application threads were stopped: 0.0001309 seconds, Stopping threads took: 0.0000358 seconds
2020-05-19T12:29:37.687+0000: 6734.624: Total time for which application threads were stopped: 0.0001862 seconds, Stopping threads took: 0.0001195 seconds
2020-05-19T12:29:37.695+0000: 6734.632: Total time for which application threads were stopped: 0.0001518 seconds, Stopping threads took: 0.0000834 seconds
2020-05-19T12:29:37.696+0000: 6734.633: Total time for which application threads were stopped: 0.0000764 seconds, Stopping threads took: 0.0000176 seconds
2020-05-19T12:29:37.702+0000: 6734.639: Total time for which application threads were stopped: 0.0007893 seconds, Stopping threads took: 0.0004551 seconds
2020-05-19T12:29:37.785+0000: 6734.722: Total time for which application threads were stopped: 0.0001667 seconds, Stopping threads took: 0.0000627 seconds
{Heap before GC invocations=166 (full 9):
 par new generation   total 109248K, used 109248K [0x00000000e0000000, 0x00000000e8000000, 0x00000000e8000000)
  eden space 87424K, 100% used [0x00000000e0000000, 0x00000000e5560000, 0x00000000e5560000)
  from space 21824K, 100% used [0x00000000e5560000, 0x00000000e6ab0000, 0x00000000e6ab0000)
  to   space 21824K,   0% used [0x00000000e6ab0000, 0x00000000e6ab0000, 0x00000000e8000000)
 concurrent mark-sweep generation total 393216K, used 172857K [0x00000000e8000000, 0x0000000100000000, 0x0000000100000000)
 Metaspace       used 55915K, capacity 57602K, committed 57876K, reserved 1099776K
  class space    used 6555K, capacity 6950K, committed 6976K, reserved 1048576K
2020-05-19T12:29:37.839+0000: 6734.777: [GC (Allocation Failure) 2020-05-19T12:29:37.839+0000: 6734.777: [ParNew
Desired survivor size 20112992 bytes, new threshold 6 (max 8)
- age   1:    6401256 bytes,    6401256 total
- age   2:    1719224 bytes,    8120480 total
- age   3:    1460128 bytes,    9580608 total
- age   4:    3402408 bytes,   12983016 total
- age   5:    3225280 bytes,   16208296 total
- age   6:    4169448 bytes,   20377744 total
: 109248K->21824K(109248K), 0.0163675 secs] 282105K->201563K(502464K), 0.0164626 secs] [Times: user=0.06 sys=0.00, real=0.02 secs] 
Heap after GC invocations=167 (full 9):
 par new generation   total 109248K, used 21824K [0x00000000e0000000, 0x00000000e8000000, 0x00000000e8000000)
  eden space 87424K,   0% used [0x00000000e0000000, 0x00000000e0000000, 0x00000000e5560000)
  from space 21824K, 100% used [0x00000000e6ab0000, 0x00000000e8000000, 0x00000000e8000000)
  to   space 21824K,   0% used [0x00000000e5560000, 0x00000000e5560000, 0x00000000e6ab0000)
 concurrent mark-sweep generation total 393216K, used 179739K [0x00000000e8000000, 0x0000000100000000, 0x0000000100000000)
 Metaspace       used 55915K, capacity 57602K, committed 57876K, reserved 1099776K
  class space    used 6555K, capacity 6950K, committed 6976K, reserved 1048576K
}
2020-05-19T12:29:37.856+0000: 6734.793: Total time for which application threads were stopped: 0.0167729 seconds, Stopping threads took: 0.0000685 seconds
2020-05-19T12:29:37.856+0000: 6734.794: Total time for which application threads were stopped: 0.0002540 seconds, Stopping threads took: 0.0000570 seconds
2020-05-19T12:29:37.856+0000: 6734.794: Total time for which application threads were stopped: 0.0001130 seconds, Stopping threads took: 0.0000452 seconds
2020-05-19T12:29:37.856+0000: 6734.794: Total time for which application threads were stopped: 0.0001434 seconds, Stopping threads took: 0.0000531 seconds
{Heap before GC invocations=167 (full 9):
 par new generation   total 109248K, used 109248K [0x00000000e0000000, 0x00000000e8000000, 0x00000000e8000000)
  eden space 87424K, 100% used [0x00000000e0000000, 0x00000000e5560000, 0x00000000e5560000)
  from space 21824K, 100% used [0x00000000e6ab0000, 0x00000000e8000000, 0x00000000e8000000)
  to   space 21824K,   0% used [0x00000000e5560000, 0x00000000e5560000, 0x00000000e6ab0000)
 concurrent mark-sweep generation total 393216K, used 179739K [0x00000000e8000000, 0x0000000100000000, 0x0000000100000000)
 Metaspace       used 55915K, capacity 57602K, committed 57876K, reserved 1099776K
  class space    used 6555K, capacity 6950K, committed 6976K, reserved 1048576K
2020-05-19T12:29:37.958+0000: 6734.895: [GC (Allocation Failure) 2020-05-19T12:29:37.958+0000: 6734.895: [ParNew
Desired survivor size 20112992 bytes, new threshold 6 (max 8)
- age   1:    7642480 bytes,    7642480 total
- age   2:    4864496 bytes,   12506976 total
- age   3:    1719016 bytes,   14225992 total
- age   4:    1458456 bytes,   15684448 total
- age   5:    3402344 bytes,   19086792 total
- age   6:    3225280 bytes,   22312072 total
: 109248K->21824K(109248K), 0.0153190 secs] 288987K->209388K(502464K), 0.0154052 secs] [Times: user=0.06 sys=0.00, real=0.02 secs] 
Heap after GC invocations=168 (full 9):
 par new generation   total 109248K, used 21824K [0x00000000e0000000, 0x00000000e8000000, 0x00000000e8000000)
  eden space 87424K,   0% used [0x00000000e0000000, 0x00000000e0000000, 0x00000000e5560000)
  from space 21824K, 100% used [0x00000000e5560000, 0x00000000e6ab0000, 0x00000000e6ab0000)
  to   space 21824K,   0% used [0x00000000e6ab0000, 0x00000000e6ab0000, 0x00000000e8000000)
 concurrent mark-sweep generation total 393216K, used 187564K [0x00000000e8000000, 0x0000000100000000, 0x0000000100000000)
 Metaspace       used 55915K, capacity 57602K, committed 57876K, reserved 1099776K
  class space    used 6555K, capacity 6950K, committed 6976K, reserved 1048576K
}
2020-05-19T12:29:37.973+0000: 6734.910: Total time for which application threads were stopped: 0.0156930 seconds, Stopping threads took: 0.0000775 seconds
2020-05-19T12:29:37.973+0000: 6734.911: Total time for which application threads were stopped: 0.0001489 seconds, Stopping threads took: 0.0000626 seconds
2020-05-19T12:29:38.672+0000: 6735.610: Total time for which application threads were stopped: 0.0001461 seconds, Stopping threads took: 0.0000547 seconds
2020-05-19T12:29:38.673+0000: 6735.610: Total time for which application threads were stopped: 0.0001987 seconds, Stopping threads took: 0.0001385 seconds
2020-05-19T12:29:38.673+0000: 6735.611: Total time for which application threads were stopped: 0.0003182 seconds, Stopping threads took: 0.0000453 seconds
2020-05-19T12:29:38.674+0000: 6735.612: Total time for which application threads were stopped: 0.0001901 seconds, Stopping threads took: 0.0000438 seconds
2020-05-19T12:29:38.675+0000: 6735.612: Total time for which application threads were stopped: 0.0000738 seconds, Stopping threads took: 0.0000360 seconds
2020-05-19T12:29:38.675+0000: 6735.612: Total time for which application threads were stopped: 0.0000402 seconds, Stopping threads took: 0.0000140 seconds
2020-05-19T12:29:38.675+0000: 6735.612: Total time for which application threads were stopped: 0.0000350 seconds, Stopping threads took: 0.0000095 seconds
2020-05-19T12:29:48.323+0000: 6745.260: Total time for which application threads were stopped: 0.0002391 seconds, Stopping threads took: 0.0001829 seconds
2020-05-19T12:29:48.326+0000: 6745.263: Total time for which application threads were stopped: 0.0001493 seconds, Stopping threads took: 0.0000601 seconds
2020-05-19T12:29:48.341+0000: 6745.278: Total time for which application threads were stopped: 0.0001420 seconds, Stopping threads took: 0.0000630 seconds
2020-05-19T12:29:48.342+0000: 6745.279: Total time for which application threads were stopped: 0.0001728 seconds, Stopping threads took: 0.0000784 seconds
{Heap before GC invocations=168 (full 9):
 par new generation   total 109248K, used 109248K [0x00000000e0000000, 0x00000000e8000000, 0x00000000e8000000)
  eden space 87424K, 100% used [0x00000000e0000000, 0x00000000e5560000, 0x00000000e5560000)
  from space 21824K, 100% used [0x00000000e5560000, 0x00000000e6ab0000, 0x00000000e6ab0000)
  to   space 21824K,   0% used [0x00000000e6ab0000, 0x00000000e6ab0000, 0x00000000e8000000)
 concurrent mark-sweep generation total 393216K, used 187564K [0x00000000e8000000, 0x0000000100000000, 0x0000000100000000)
 Metaspace       used 55920K, capacity 57602K, committed 57876K, reserved 1099776K
  class space    used 6555K, capacity 6950K, committed 6976K, reserved 1048576K
2020-05-19T12:29:48.415+0000: 6745.352: [GC (Allocation Failure) 2020-05-19T12:29:48.415+0000: 6745.352: [ParNew
Desired survivor size 20112992 bytes, new threshold 6 (max 8)
- age   1:    5738992 bytes,    5738992 total
- age   2:    4635904 bytes,   10374896 total
- age   3:    4485376 bytes,   14860272 total
- age   4:    1719016 bytes,   16579288 total
- age   5:    1455816 bytes,   18035104 total
- age   6:    3043424 bytes,   21078528 total
: 109248K->21824K(109248K), 0.0158492 secs] 296812K->215944K(502464K), 0.0159402 secs] [Times: user=0.05 sys=0.00, real=0.02 secs] 
Heap after GC invocations=169 (full 9):
 par new generation   total 109248K, used 21824K [0x00000000e0000000, 0x00000000e8000000, 0x00000000e8000000)
  eden space 87424K,   0% used [0x00000000e0000000, 0x00000000e0000000, 0x00000000e5560000)
  from space 21824K, 100% used [0x00000000e6ab0000, 0x00000000e8000000, 0x00000000e8000000)
  to   space 21824K,   0% used [0x00000000e5560000, 0x00000000e5560000, 0x00000000e6ab0000)
 concurrent mark-sweep generation total 393216K, used 194120K [0x00000000e8000000, 0x0000000100000000, 0x0000000100000000)
 Metaspace       used 55920K, capacity 57602K, committed 57876K, reserved 1099776K
  class space    used 6555K, capacity 6950K, committed 6976K, reserved 1048576K
}
2020-05-19T12:29:48.431+0000: 6745.368: Total time for which application threads were stopped: 0.0161990 seconds, Stopping threads took: 0.0000573 seconds
2020-05-19T12:29:48.431+0000: 6745.368: Total time for which application threads were stopped: 0.0001366 seconds, Stopping threads took: 0.0000668 seconds
2020-05-19T12:29:48.432+0000: 6745.369: Total time for which application threads were stopped: 0.0001762 seconds, Stopping threads took: 0.0000468 seconds
2020-05-19T12:29:48.453+0000: 6745.390: Total time for which application threads were stopped: 0.0002265 seconds, Stopping threads took: 0.0000735 seconds
{Heap before GC invocations=169 (full 9):
 par new generation   total 109248K, used 109248K [0x00000000e0000000, 0x00000000e8000000, 0x00000000e8000000)
  eden space 87424K, 100% used [0x00000000e0000000, 0x00000000e5560000, 0x00000000e5560000)
  from space 21824K, 100% used [0x00000000e6ab0000, 0x00000000e8000000, 0x00000000e8000000)
  to   space 21824K,   0% used [0x00000000e5560000, 0x00000000e5560000, 0x00000000e6ab0000)
 concurrent mark-sweep generation total 393216K, used 194120K [0x00000000e8000000, 0x0000000100000000, 0x0000000100000000)
 Metaspace       used 55920K, capacity 57602K, committed 57876K, reserved 1099776K
  class space    used 6555K, capacity 6950K, committed 6976K, reserved 1048576K
2020-05-19T12:29:48.587+0000: 6745.524: [GC (Allocation Failure) 2020-05-19T12:29:48.587+0000: 6745.524: [ParNew
Desired survivor size 20112992 bytes, new threshold 5 (max 8)
- age   1:    5743440 bytes,    5743440 total
- age   2:    4102256 bytes,    9845696 total
- age   3:    4635416 bytes,   14481112 total
- age   4:    4482712 bytes,   18963824 total
- age   5:    1719016 bytes,   20682840 total
- age   6:    1455816 bytes,   22138656 total
: 109248K->21824K(109248K), 0.0168096 secs] 303368K->225230K(502464K), 0.0168672 secs] [Times: user=0.02 sys=0.00, real=0.02 secs] 
Heap after GC invocations=170 (full 9):
 par new generation   total 109248K, used 21824K [0x00000000e0000000, 0x00000000e8000000, 0x00000000e8000000)
  eden space 87424K,   0% used [0x00000000e0000000, 0x00000000e0000000, 0x00000000e5560000)
  from space 21824K, 100% used [0x00000000e5560000, 0x00000000e6ab0000, 0x00000000e6ab0000)
  to   space 21824K,   0% used [0x00000000e6ab0000, 0x00000000e6ab0000, 0x00000000e8000000)
 concurrent mark-sweep generation total 393216K, used 203406K [0x00000000e8000000, 0x0000000100000000, 0x0000000100000000)
 Metaspace       used 55920K, capacity 57602K, committed 57876K, reserved 1099776K
  class space    used 6555K, capacity 6950K, committed 6976K, reserved 1048576K
}
2020-05-19T12:29:48.604+0000: 6745.541: Total time for which application threads were stopped: 0.0170907 seconds, Stopping threads took: 0.0000562 seconds
2020-05-19T12:29:48.605+0000: 6745.541: [GC (CMS Initial Mark) [1 CMS-initial-mark: 203406K(393216K)] 226095K(502464K), 0.0036552 secs] [Times: user=0.00 sys=0.00, real=0.00 secs] 
2020-05-19T12:29:48.608+0000: 6745.545: Total time for which application threads were stopped: 0.0038400 seconds, Stopping threads took: 0.0000627 seconds
2020-05-19T12:29:48.608+0000: 6745.545: Total time for which application threads were stopped: 0.0001384 seconds, Stopping threads took: 0.0000571 seconds
2020-05-19T12:29:48.608+0000: 6745.545: [CMS-concurrent-mark-start]
2020-05-19T12:29:48.633+0000: 6745.570: Total time for which application threads were stopped: 0.0002479 seconds, Stopping threads took: 0.0000938 seconds
2020-05-19T12:29:48.635+0000: 6745.572: [CMS-concurrent-mark: 0.025/0.027 secs] [Times: user=0.09 sys=0.00, real=0.03 secs] 
2020-05-19T12:29:48.635+0000: 6745.572: [CMS-concurrent-preclean-start]
2020-05-19T12:29:48.637+0000: 6745.573: [CMS-concurrent-preclean: 0.001/0.001 secs] [Times: user=0.00 sys=0.00, real=0.00 secs] 
2020-05-19T12:29:48.637+0000: 6745.573: [CMS-concurrent-abortable-preclean-start]
{Heap before GC invocations=170 (full 10):
 par new generation   total 109248K, used 109248K [0x00000000e0000000, 0x00000000e8000000, 0x00000000e8000000)
  eden space 87424K, 100% used [0x00000000e0000000, 0x00000000e5560000, 0x00000000e5560000)
  from space 21824K, 100% used [0x00000000e5560000, 0x00000000e6ab0000, 0x00000000e6ab0000)
  to   space 21824K,   0% used [0x00000000e6ab0000, 0x00000000e6ab0000, 0x00000000e8000000)
 concurrent mark-sweep generation total 393216K, used 203406K [0x00000000e8000000, 0x0000000100000000, 0x0000000100000000)
 Metaspace       used 55920K, capacity 57602K, committed 57876K, reserved 1099776K
  class space    used 6555K, capacity 6950K, committed 6976K, reserved 1048576K
2020-05-19T12:29:48.726+0000: 6745.663: [GC (Allocation Failure) 2020-05-19T12:29:48.726+0000: 6745.663: [ParNew
Desired survivor size 20112992 bytes, new threshold 5 (max 8)
- age   1:    3857864 bytes,    3857864 total
- age   2:    4106752 bytes,    7964616 total
- age   3:    4077656 bytes,   12042272 total
- age   4:    4223392 bytes,   16265664 total
- age   5:    4480896 bytes,   20746560 total
: 109248K->21824K(109248K), 0.0176749 secs] 312654K->235773K(502464K), 0.0177463 secs] [Times: user=0.11 sys=0.02, real=0.02 secs] 
Heap after GC invocations=171 (full 10):
 par new generation   total 109248K, used 21824K [0x00000000e0000000, 0x00000000e8000000, 0x00000000e8000000)
  eden space 87424K,   0% used [0x00000000e0000000, 0x00000000e0000000, 0x00000000e5560000)
  from space 21824K, 100% used [0x00000000e6ab0000, 0x00000000e8000000, 0x00000000e8000000)
  to   space 21824K,   0% used [0x00000000e5560000, 0x00000000e5560000, 0x00000000e6ab0000)
 concurrent mark-sweep generation total 393216K, used 213949K [0x00000000e8000000, 0x0000000100000000, 0x0000000100000000)
 Metaspace       used 55920K, capacity 57602K, committed 57876K, reserved 1099776K
  class space    used 6555K, capacity 6950K, committed 6976K, reserved 1048576K
}
2020-05-19T12:29:48.744+0000: 6745.681: Total time for which application threads were stopped: 0.0180196 seconds, Stopping threads took: 0.0000639 seconds
2020-05-19T12:29:48.744+0000: 6745.681: [CMS-concurrent-abortable-preclean: 0.057/0.108 secs] [Times: user=0.33 sys=0.03, real=0.11 secs] 
2020-05-19T12:29:48.745+0000: 6745.682: Total time for which application threads were stopped: 0.0002212 seconds, Stopping threads took: 0.0000719 seconds
2020-05-19T12:29:48.745+0000: 6745.682: [GC (CMS Final Remark) [YG occupancy: 22998 K (109248 K)]{Heap before GC invocations=171 (full 10):
 par new generation   total 109248K, used 22998K [0x00000000e0000000, 0x00000000e8000000, 0x00000000e8000000)
  eden space 87424K,   1% used [0x00000000e0000000, 0x00000000e0125930, 0x00000000e5560000)
  from space 21824K, 100% used [0x00000000e6ab0000, 0x00000000e8000000, 0x00000000e8000000)
  to   space 21824K,   0% used [0x00000000e5560000, 0x00000000e5560000, 0x00000000e6ab0000)
 concurrent mark-sweep generation total 393216K, used 213949K [0x00000000e8000000, 0x0000000100000000, 0x0000000100000000)
 Metaspace       used 55920K, capacity 57602K, committed 57876K, reserved 1099776K
  class space    used 6555K, capacity 6950K, committed 6976K, reserved 1048576K
2020-05-19T12:29:48.745+0000: 6745.682: [GC (CMS Final Remark) 2020-05-19T12:29:48.745+0000: 6745.682: [ParNew
Desired survivor size 20112992 bytes, new threshold 8 (max 8)
- age   1:      42112 bytes,      42112 total
- age   2:    2910016 bytes,    2952128 total
- age   3:    4106752 bytes,    7058880 total
- age   4:    4077656 bytes,   11136536 total
- age   5:    4223392 bytes,   15359928 total
: 22998K->21824K(109248K), 0.0116584 secs] 236947K->240907K(502464K), 0.0117070 secs] [Times: user=0.00 sys=0.00, real=0.01 secs] 
Heap after GC invocations=172 (full 10):
 par new generation   total 109248K, used 21824K [0x00000000e0000000, 0x00000000e8000000, 0x00000000e8000000)
  eden space 87424K,   0% used [0x00000000e0000000, 0x00000000e0000000, 0x00000000e5560000)
  from space 21824K, 100% used [0x00000000e5560000, 0x00000000e6ab0000, 0x00000000e6ab0000)
  to   space 21824K,   0% used [0x00000000e6ab0000, 0x00000000e6ab0000, 0x00000000e8000000)
 concurrent mark-sweep generation total 393216K, used 219083K [0x00000000e8000000, 0x0000000100000000, 0x0000000100000000)
 Metaspace       used 55920K, capacity 57602K, committed 57876K, reserved 1099776K
  class space    used 6555K, capacity 6950K, committed 6976K, reserved 1048576K
}
2020-05-19T12:29:48.757+0000: 6745.694: [Rescan (parallel) , 0.0062604 secs]2020-05-19T12:29:48.763+0000: 6745.700: [weak refs processing, 0.0050988 secs]2020-05-19T12:29:48.769+0000: 6745.705: [class unloading, 0.0110453 secs]2020-05-19T12:29:48.780+0000: 6745.716: [scrub symbol table, 0.0102067 secs]2020-05-19T12:29:48.790+0000: 6745.727: [scrub string table, 0.0005892 secs][1 CMS-remark: 219083K(393216K)] 240907K(502464K), 0.0452868 secs] [Times: user=0.09 sys=0.00, real=0.05 secs] 
2020-05-19T12:29:48.791+0000: 6745.727: Total time for which application threads were stopped: 0.0454766 seconds, Stopping threads took: 0.0000771 seconds
2020-05-19T12:29:48.791+0000: 6745.727: [CMS-concurrent-sweep-start]
2020-05-19T12:29:48.791+0000: 6745.728: Total time for which application threads were stopped: 0.0001365 seconds, Stopping threads took: 0.0000536 seconds
2020-05-19T12:29:48.805+0000: 6745.742: Total time for which application threads were stopped: 0.0002042 seconds, Stopping threads took: 0.0000729 seconds
2020-05-19T12:29:48.805+0000: 6745.742: Total time for which application threads were stopped: 0.0000939 seconds, Stopping threads took: 0.0000405 seconds
2020-05-19T12:29:48.806+0000: 6745.742: Total time for which application threads were stopped: 0.0001134 seconds, Stopping threads took: 0.0000519 seconds
2020-05-19T12:29:48.806+0000: 6745.742: Total time for which application threads were stopped: 0.0001116 seconds, Stopping threads took: 0.0000570 seconds
2020-05-19T12:29:48.807+0000: 6745.743: Total time for which application threads were stopped: 0.0001275 seconds, Stopping threads took: 0.0000548 seconds
2020-05-19T12:29:48.807+0000: 6745.743: Total time for which application threads were stopped: 0.0000877 seconds, Stopping threads took: 0.0000398 seconds
2020-05-19T12:29:48.807+0000: 6745.744: Total time for which application threads were stopped: 0.0000924 seconds, Stopping threads took: 0.0000418 seconds
2020-05-19T12:29:48.807+0000: 6745.744: Total time for which application threads were stopped: 0.0000838 seconds, Stopping threads took: 0.0000396 seconds
2020-05-19T12:29:48.847+0000: 6745.783: [CMS-concurrent-sweep: 0.055/0.056 secs] [Times: user=0.13 sys=0.00, real=0.06 secs] 
2020-05-19T12:29:48.847+0000: 6745.783: [CMS-concurrent-reset-start]
2020-05-19T12:29:48.847+0000: 6745.784: [CMS-concurrent-reset: 0.000/0.000 secs] [Times: user=0.00 sys=0.00, real=0.00 secs] 
2020-05-19T12:29:49.622+0000: 6746.559: Total time for which application threads were stopped: 0.0001280 seconds, Stopping threads took: 0.0000572 seconds
2020-05-19T12:29:49.622+0000: 6746.559: Total time for which application threads were stopped: 0.0000488 seconds, Stopping threads took: 0.0000153 seconds
2020-05-19T12:29:49.622+0000: 6746.559: Total time for which application threads were stopped: 0.0000371 seconds, Stopping threads took: 0.0000102 seconds
2020-05-19T12:29:49.623+0000: 6746.560: Total time for which application threads were stopped: 0.0001089 seconds, Stopping threads took: 0.0000453 seconds
2020-05-19T12:29:49.623+0000: 6746.561: Total time for which application threads were stopped: 0.0000718 seconds, Stopping threads took: 0.0000279 seconds
2020-05-19T12:29:49.624+0000: 6746.561: Total time for which application threads were stopped: 0.0000660 seconds, Stopping threads took: 0.0000379 seconds
2020-05-19T12:30:03.343+0000: 6760.280: Total time for which application threads were stopped: 0.0000827 seconds, Stopping threads took: 0.0000231 seconds
2020-05-19T12:30:10.346+0000: 6767.283: Total time for which application threads were stopped: 0.0001175 seconds, Stopping threads took: 0.0000304 seconds
2020-05-19T12:31:43.384+0000: 6860.321: Total time for which application threads were stopped: 0.0001437 seconds, Stopping threads took: 0.0000364 seconds
2020-05-19T12:32:40.405+0000: 6917.342: Total time for which application threads were stopped: 0.0000995 seconds, Stopping threads took: 0.0000248 seconds
2020-05-19T12:32:43.407+0000: 6920.343: Total time for which application threads were stopped: 0.0000875 seconds, Stopping threads took: 0.0000249 seconds
2020-05-19T12:35:20.968+0000: 7077.905: Total time for which application threads were stopped: 0.0002663 seconds, Stopping threads took: 0.0001872 seconds
2020-05-19T12:35:20.971+0000: 7077.908: Total time for which application threads were stopped: 0.0001649 seconds, Stopping threads took: 0.0000958 seconds
2020-05-19T12:35:20.972+0000: 7077.909: Total time for which application threads were stopped: 0.0001120 seconds, Stopping threads took: 0.0000322 seconds
2020-05-19T12:35:20.981+0000: 7077.918: Total time for which application threads were stopped: 0.0001076 seconds, Stopping threads took: 0.0000292 seconds
2020-05-19T12:35:20.982+0000: 7077.919: Total time for which application threads were stopped: 0.0001246 seconds, Stopping threads took: 0.0000438 seconds
2020-05-19T12:35:21.070+0000: 7078.007: Total time for which application threads were stopped: 0.0001472 seconds, Stopping threads took: 0.0000500 seconds
{Heap before GC invocations=172 (full 10):
 par new generation   total 109248K, used 109248K [0x00000000e0000000, 0x00000000e8000000, 0x00000000e8000000)
  eden space 87424K, 100% used [0x00000000e0000000, 0x00000000e5560000, 0x00000000e5560000)
  from space 21824K, 100% used [0x00000000e5560000, 0x00000000e6ab0000, 0x00000000e6ab0000)
  to   space 21824K,   0% used [0x00000000e6ab0000, 0x00000000e6ab0000, 0x00000000e8000000)
 concurrent mark-sweep generation total 393216K, used 101309K [0x00000000e8000000, 0x0000000100000000, 0x0000000100000000)
 Metaspace       used 55949K, capacity 57678K, committed 57876K, reserved 1099776K
  class space    used 6556K, capacity 6952K, committed 6976K, reserved 1048576K
2020-05-19T12:35:21.114+0000: 7078.050: [GC (Allocation Failure) 2020-05-19T12:35:21.114+0000: 7078.050: [ParNew
Desired survivor size 20112992 bytes, new threshold 6 (max 8)
- age   1:    7830952 bytes,    7830952 total
- age   2:      27336 bytes,    7858288 total
- age   3:    2277808 bytes,   10136096 total
- age   4:    3866128 bytes,   14002224 total
- age   5:    3984280 bytes,   17986504 total
- age   6:    4056120 bytes,   22042624 total
: 109248K->21824K(109248K), 0.0120248 secs] 210557K->125207K(502464K), 0.0121299 secs] [Times: user=0.06 sys=0.00, real=0.01 secs] 
Heap after GC invocations=173 (full 10):
 par new generation   total 109248K, used 21824K [0x00000000e0000000, 0x00000000e8000000, 0x00000000e8000000)
  eden space 87424K,   0% used [0x00000000e0000000, 0x00000000e0000000, 0x00000000e5560000)
  from space 21824K, 100% used [0x00000000e6ab0000, 0x00000000e8000000, 0x00000000e8000000)
  to   space 21824K,   0% used [0x00000000e5560000, 0x00000000e5560000, 0x00000000e6ab0000)
 concurrent mark-sweep generation total 393216K, used 103383K [0x00000000e8000000, 0x0000000100000000, 0x0000000100000000)
 Metaspace       used 55949K, capacity 57678K, committed 57876K, reserved 1099776K
  class space    used 6556K, capacity 6952K, committed 6976K, reserved 1048576K
}
2020-05-19T12:35:21.126+0000: 7078.063: Total time for which application threads were stopped: 0.0124483 seconds, Stopping threads took: 0.0000832 seconds
2020-05-19T12:35:21.126+0000: 7078.063: Total time for which application threads were stopped: 0.0001931 seconds, Stopping threads took: 0.0000645 seconds
2020-05-19T12:35:21.127+0000: 7078.063: Total time for which application threads were stopped: 0.0002195 seconds, Stopping threads took: 0.0000809 seconds
{Heap before GC invocations=173 (full 10):
 par new generation   total 109248K, used 109248K [0x00000000e0000000, 0x00000000e8000000, 0x00000000e8000000)
  eden space 87424K, 100% used [0x00000000e0000000, 0x00000000e5560000, 0x00000000e5560000)
  from space 21824K, 100% used [0x00000000e6ab0000, 0x00000000e8000000, 0x00000000e8000000)
  to   space 21824K,   0% used [0x00000000e5560000, 0x00000000e5560000, 0x00000000e6ab0000)
 concurrent mark-sweep generation total 393216K, used 103383K [0x00000000e8000000, 0x0000000100000000, 0x0000000100000000)
 Metaspace       used 55952K, capacity 57678K, committed 57876K, reserved 1099776K
  class space    used 6556K, capacity 6952K, committed 6976K, reserved 1048576K
2020-05-19T12:35:21.232+0000: 7078.170: [GC (Allocation Failure) 2020-05-19T12:35:21.232+0000: 7078.170: [ParNew
Desired survivor size 20112992 bytes, new threshold 6 (max 8)
- age   1:    7056960 bytes,    7056960 total
- age   2:    3926408 bytes,   10983368 total
- age   3:      27336 bytes,   11010704 total
- age   4:    2277528 bytes,   13288232 total
- age   5:    3865856 bytes,   17154088 total
- age   6:    3898160 bytes,   21052248 total
: 109248K->21824K(109248K), 0.0168742 secs] 212631K->134489K(502464K), 0.0169483 secs] [Times: user=0.06 sys=0.00, real=0.02 secs] 
Heap after GC invocations=174 (full 10):
 par new generation   total 109248K, used 21824K [0x00000000e0000000, 0x00000000e8000000, 0x00000000e8000000)
  eden space 87424K,   0% used [0x00000000e0000000, 0x00000000e0000000, 0x00000000e5560000)
  from space 21824K, 100% used [0x00000000e5560000, 0x00000000e6ab0000, 0x00000000e6ab0000)
  to   space 21824K,   0% used [0x00000000e6ab0000, 0x00000000e6ab0000, 0x00000000e8000000)
 concurrent mark-sweep generation total 393216K, used 112665K [0x00000000e8000000, 0x0000000100000000, 0x0000000100000000)
 Metaspace       used 55952K, capacity 57678K, committed 57876K, reserved 1099776K
  class space    used 6556K, capacity 6952K, committed 6976K, reserved 1048576K
}
2020-05-19T12:35:21.249+0000: 7078.187: Total time for which application threads were stopped: 0.0171721 seconds, Stopping threads took: 0.0000568 seconds
2020-05-19T12:35:21.250+0000: 7078.187: Total time for which application threads were stopped: 0.0001476 seconds, Stopping threads took: 0.0000562 seconds
2020-05-19T12:35:21.250+0000: 7078.187: Total time for which application threads were stopped: 0.0000989 seconds, Stopping threads took: 0.0000334 seconds
2020-05-19T12:35:21.250+0000: 7078.187: Total time for which application threads were stopped: 0.0000808 seconds, Stopping threads took: 0.0000428 seconds
2020-05-19T12:35:21.250+0000: 7078.187: Total time for which application threads were stopped: 0.0000793 seconds, Stopping threads took: 0.0000442 seconds
2020-05-19T12:35:22.304+0000: 7079.241: Total time for which application threads were stopped: 0.0002015 seconds, Stopping threads took: 0.0001375 seconds
2020-05-19T12:35:22.304+0000: 7079.241: Total time for which application threads were stopped: 0.0000605 seconds, Stopping threads took: 0.0000144 seconds
2020-05-19T12:35:22.304+0000: 7079.241: Total time for which application threads were stopped: 0.0000458 seconds, Stopping threads took: 0.0000125 seconds
2020-05-19T12:35:22.305+0000: 7079.243: Total time for which application threads were stopped: 0.0002114 seconds, Stopping threads took: 0.0001409 seconds
2020-05-19T12:35:22.306+0000: 7079.243: Total time for which application threads were stopped: 0.0001381 seconds, Stopping threads took: 0.0000596 seconds
2020-05-19T12:35:22.306+0000: 7079.243: Total time for which application threads were stopped: 0.0000969 seconds, Stopping threads took: 0.0000566 seconds
2020-05-19T12:35:22.306+0000: 7079.243: Total time for which application threads were stopped: 0.0000897 seconds, Stopping threads took: 0.0000551 seconds
2020-05-19T12:35:23.532+0000: 7080.469: Total time for which application threads were stopped: 0.0002150 seconds, Stopping threads took: 0.0001219 seconds
2020-05-19T12:35:23.534+0000: 7080.471: Total time for which application threads were stopped: 0.0004410 seconds, Stopping threads took: 0.0000642 seconds
2020-05-19T12:35:23.535+0000: 7080.472: Total time for which application threads were stopped: 0.0001775 seconds, Stopping threads took: 0.0000653 seconds
2020-05-19T12:35:23.536+0000: 7080.473: Total time for which application threads were stopped: 0.0001883 seconds, Stopping threads took: 0.0000657 seconds
{Heap before GC invocations=174 (full 10):
 par new generation   total 109248K, used 109248K [0x00000000e0000000, 0x00000000e8000000, 0x00000000e8000000)
  eden space 87424K, 100% used [0x00000000e0000000, 0x00000000e5560000, 0x00000000e5560000)
  from space 21824K, 100% used [0x00000000e5560000, 0x00000000e6ab0000, 0x00000000e6ab0000)
  to   space 21824K,   0% used [0x00000000e6ab0000, 0x00000000e6ab0000, 0x00000000e8000000)
 concurrent mark-sweep generation total 393216K, used 112665K [0x00000000e8000000, 0x0000000100000000, 0x0000000100000000)
 Metaspace       used 55958K, capacity 57678K, committed 57876K, reserved 1099776K
  class space    used 6556K, capacity 6952K, committed 6976K, reserved 1048576K
2020-05-19T12:35:23.631+0000: 7080.568: [GC (Allocation Failure) 2020-05-19T12:35:23.631+0000: 7080.568: [ParNew
Desired survivor size 20112992 bytes, new threshold 8 (max 8)
- age   1:    6210656 bytes,    6210656 total
- age   2:    3763144 bytes,    9973800 total
- age   3:    3378760 bytes,   13352560 total
- age   4:      27336 bytes,   13379896 total
- age   5:    2277528 bytes,   15657424 total
- age   6:    3865552 bytes,   19522976 total
: 109248K->21824K(109248K), 0.0155752 secs] 221913K->140611K(502464K), 0.0156895 secs] [Times: user=0.06 sys=0.00, real=0.02 secs] 
Heap after GC invocations=175 (full 10):
 par new generation   total 109248K, used 21824K [0x00000000e0000000, 0x00000000e8000000, 0x00000000e8000000)
  eden space 87424K,   0% used [0x00000000e0000000, 0x00000000e0000000, 0x00000000e5560000)
  from space 21824K, 100% used [0x00000000e6ab0000, 0x00000000e8000000, 0x00000000e8000000)
  to   space 21824K,   0% used [0x00000000e5560000, 0x00000000e5560000, 0x00000000e6ab0000)
 concurrent mark-sweep generation total 393216K, used 118787K [0x00000000e8000000, 0x0000000100000000, 0x0000000100000000)
 Metaspace       used 55958K, capacity 57678K, committed 57876K, reserved 1099776K
  class space    used 6556K, capacity 6952K, committed 6976K, reserved 1048576K
}
2020-05-19T12:35:23.647+0000: 7080.584: Total time for which application threads were stopped: 0.0160908 seconds, Stopping threads took: 0.0000674 seconds
2020-05-19T12:35:23.647+0000: 7080.584: Total time for which application threads were stopped: 0.0002480 seconds, Stopping threads took: 0.0000730 seconds
2020-05-19T12:35:23.648+0000: 7080.584: Total time for which application threads were stopped: 0.0001686 seconds, Stopping threads took: 0.0000479 seconds
2020-05-19T12:35:23.674+0000: 7080.610: Total time for which application threads were stopped: 0.0003459 seconds, Stopping threads took: 0.0000499 seconds
{Heap before GC invocations=175 (full 10):
 par new generation   total 109248K, used 109248K [0x00000000e0000000, 0x00000000e8000000, 0x00000000e8000000)
  eden space 87424K, 100% used [0x00000000e0000000, 0x00000000e5560000, 0x00000000e5560000)
  from space 21824K, 100% used [0x00000000e6ab0000, 0x00000000e8000000, 0x00000000e8000000)
  to   space 21824K,   0% used [0x00000000e5560000, 0x00000000e5560000, 0x00000000e6ab0000)
 concurrent mark-sweep generation total 393216K, used 118787K [0x00000000e8000000, 0x0000000100000000, 0x0000000100000000)
 Metaspace       used 55958K, capacity 57678K, committed 57876K, reserved 1099776K
  class space    used 6556K, capacity 6952K, committed 6976K, reserved 1048576K
2020-05-19T12:35:23.780+0000: 7080.717: [GC (Allocation Failure) 2020-05-19T12:35:23.780+0000: 7080.717: [ParNew
Desired survivor size 20112992 bytes, new threshold 7 (max 8)
- age   1:    6176608 bytes,    6176608 total
- age   2:    3009752 bytes,    9186360 total
- age   3:    3598744 bytes,   12785104 total
- age   4:    3281072 bytes,   16066176 total
- age   5:      27336 bytes,   16093512 total
- age   6:    2277528 bytes,   18371040 total
- age   7:    3865512 bytes,   22236552 total
: 109248K->21824K(109248K), 0.0142819 secs] 228035K->144900K(502464K), 0.0143944 secs] [Times: user=0.06 sys=0.00, real=0.01 secs] 
Heap after GC invocations=176 (full 10):
 par new generation   total 109248K, used 21824K [0x00000000e0000000, 0x00000000e8000000, 0x00000000e8000000)
  eden space 87424K,   0% used [0x00000000e0000000, 0x00000000e0000000, 0x00000000e5560000)
  from space 21824K, 100% used [0x00000000e5560000, 0x00000000e6ab0000, 0x00000000e6ab0000)
  to   space 21824K,   0% used [0x00000000e6ab0000, 0x00000000e6ab0000, 0x00000000e8000000)
 concurrent mark-sweep generation total 393216K, used 123076K [0x00000000e8000000, 0x0000000100000000, 0x0000000100000000)
 Metaspace       used 55958K, capacity 57678K, committed 57876K, reserved 1099776K
  class space    used 6556K, capacity 6952K, committed 6976K, reserved 1048576K
}
2020-05-19T12:35:23.794+0000: 7080.732: Total time for which application threads were stopped: 0.0146915 seconds, Stopping threads took: 0.0000541 seconds
2020-05-19T12:35:23.795+0000: 7080.732: Total time for which application threads were stopped: 0.0002045 seconds, Stopping threads took: 0.0000625 seconds
2020-05-19T12:35:23.795+0000: 7080.732: Total time for which application threads were stopped: 0.0001914 seconds, Stopping threads took: 0.0000495 seconds
2020-05-19T12:35:23.795+0000: 7080.732: Total time for which application threads were stopped: 0.0001535 seconds, Stopping threads took: 0.0000501 seconds
{Heap before GC invocations=176 (full 10):
 par new generation   total 109248K, used 109248K [0x00000000e0000000, 0x00000000e8000000, 0x00000000e8000000)
  eden space 87424K, 100% used [0x00000000e0000000, 0x00000000e5560000, 0x00000000e5560000)
  from space 21824K, 100% used [0x00000000e5560000, 0x00000000e6ab0000, 0x00000000e6ab0000)
  to   space 21824K,   0% used [0x00000000e6ab0000, 0x00000000e6ab0000, 0x00000000e8000000)
 concurrent mark-sweep generation total 393216K, used 123076K [0x00000000e8000000, 0x0000000100000000, 0x0000000100000000)
 Metaspace       used 55958K, capacity 57678K, committed 57876K, reserved 1099776K
  class space    used 6556K, capacity 6952K, committed 6976K, reserved 1048576K
2020-05-19T12:35:23.892+0000: 7080.829: [GC (Allocation Failure) 2020-05-19T12:35:23.892+0000: 7080.829: [ParNew
Desired survivor size 20112992 bytes, new threshold 7 (max 8)
- age   1:    5861496 bytes,    5861496 total
- age   2:    3588560 bytes,    9450056 total
- age   3:    3008728 bytes,   12458784 total
- age   4:    3598744 bytes,   16057528 total
- age   5:    3200792 bytes,   19258320 total
- age   6:      24024 bytes,   19282344 total
- age   7:    2008280 bytes,   21290624 total
: 109248K->21824K(109248K), 0.0149626 secs] 232324K->152515K(502464K), 0.0151386 secs] [Times: user=0.06 sys=0.00, real=0.02 secs] 
Heap after GC invocations=177 (full 10):
 par new generation   total 109248K, used 21824K [0x00000000e0000000, 0x00000000e8000000, 0x00000000e8000000)
  eden space 87424K,   0% used [0x00000000e0000000, 0x00000000e0000000, 0x00000000e5560000)
  from space 21824K, 100% used [0x00000000e6ab0000, 0x00000000e8000000, 0x00000000e8000000)
  to   space 21824K,   0% used [0x00000000e5560000, 0x00000000e5560000, 0x00000000e6ab0000)
 concurrent mark-sweep generation total 393216K, used 130691K [0x00000000e8000000, 0x0000000100000000, 0x0000000100000000)
 Metaspace       used 55958K, capacity 57678K, committed 57876K, reserved 1099776K
  class space    used 6556K, capacity 6952K, committed 6976K, reserved 1048576K
}
2020-05-19T12:35:23.907+0000: 7080.844: Total time for which application threads were stopped: 0.0154619 seconds, Stopping threads took: 0.0000704 seconds
2020-05-19T12:35:23.907+0000: 7080.844: Total time for which application threads were stopped: 0.0002081 seconds, Stopping threads took: 0.0000593 seconds
2020-05-19T12:35:23.908+0000: 7080.845: Total time for which application threads were stopped: 0.0004349 seconds, Stopping threads took: 0.0000792 seconds
2020-05-19T12:35:23.909+0000: 7080.845: Total time for which application threads were stopped: 0.0001226 seconds, Stopping threads took: 0.0000396 seconds
2020-05-19T12:35:24.909+0000: 7081.846: Total time for which application threads were stopped: 0.0001179 seconds, Stopping threads took: 0.0000462 seconds
2020-05-19T12:35:25.259+0000: 7082.197: Total time for which application threads were stopped: 0.0001326 seconds, Stopping threads took: 0.0000554 seconds
2020-05-19T12:35:25.259+0000: 7082.197: Total time for which application threads were stopped: 0.0000985 seconds, Stopping threads took: 0.0000432 seconds
2020-05-19T12:35:25.261+0000: 7082.198: Total time for which application threads were stopped: 0.0001051 seconds, Stopping threads took: 0.0000367 seconds
2020-05-19T12:35:25.261+0000: 7082.198: Total time for which application threads were stopped: 0.0000893 seconds, Stopping threads took: 0.0000318 seconds
2020-05-19T12:35:25.261+0000: 7082.198: Total time for which application threads were stopped: 0.0000454 seconds, Stopping threads took: 0.0000096 seconds
2020-05-19T12:35:25.261+0000: 7082.199: Total time for which application threads were stopped: 0.0000439 seconds, Stopping threads took: 0.0000091 seconds
2020-05-19T12:35:25.261+0000: 7082.199: Total time for which application threads were stopped: 0.0000438 seconds, Stopping threads took: 0.0000092 seconds
2020-05-19T12:36:43.367+0000: 7160.303: Total time for which application threads were stopped: 0.0002644 seconds, Stopping threads took: 0.0001375 seconds
2020-05-19T12:36:43.370+0000: 7160.306: Total time for which application threads were stopped: 0.0001044 seconds, Stopping threads took: 0.0000245 seconds
2020-05-19T12:36:43.372+0000: 7160.309: Total time for which application threads were stopped: 0.0001632 seconds, Stopping threads took: 0.0000597 seconds
2020-05-19T12:36:43.383+0000: 7160.320: Total time for which application threads were stopped: 0.0001578 seconds, Stopping threads took: 0.0000537 seconds
2020-05-19T12:36:43.385+0000: 7160.322: Total time for which application threads were stopped: 0.0001227 seconds, Stopping threads took: 0.0000325 seconds
2020-05-19T12:36:43.484+0000: 7160.422: Total time for which application threads were stopped: 0.0001743 seconds, Stopping threads took: 0.0000597 seconds
{Heap before GC invocations=177 (full 10):
 par new generation   total 109248K, used 109248K [0x00000000e0000000, 0x00000000e8000000, 0x00000000e8000000)
  eden space 87424K, 100% used [0x00000000e0000000, 0x00000000e5560000, 0x00000000e5560000)
  from space 21824K, 100% used [0x00000000e6ab0000, 0x00000000e8000000, 0x00000000e8000000)
  to   space 21824K,   0% used [0x00000000e5560000, 0x00000000e5560000, 0x00000000e6ab0000)
 concurrent mark-sweep generation total 393216K, used 130691K [0x00000000e8000000, 0x0000000100000000, 0x0000000100000000)
 Metaspace       used 55962K, capacity 57678K, committed 57876K, reserved 1099776K
  class space    used 6556K, capacity 6952K, committed 6976K, reserved 1048576K
2020-05-19T12:36:43.529+0000: 7160.466: [GC (Allocation Failure) 2020-05-19T12:36:43.529+0000: 7160.466: [ParNew
Desired survivor size 20112992 bytes, new threshold 6 (max 8)
- age   1:    6015208 bytes,    6015208 total
- age   2:    4424416 bytes,   10439624 total
- age   3:    3089448 bytes,   13529072 total
- age   4:    2616920 bytes,   16145992 total
- age   5:    3188328 bytes,   19334320 total
- age   6:    2773888 bytes,   22108208 total
- age   7:      24024 bytes,   22132232 total
: 109248K->21824K(109248K), 0.0185561 secs] 239939K->160847K(502464K), 0.0186348 secs] [Times: user=0.06 sys=0.00, real=0.02 secs] 
Heap after GC invocations=178 (full 10):
 par new generation   total 109248K, used 21824K [0x00000000e0000000, 0x00000000e8000000, 0x00000000e8000000)
  eden space 87424K,   0% used [0x00000000e0000000, 0x00000000e0000000, 0x00000000e5560000)
  from space 21824K, 100% used [0x00000000e5560000, 0x00000000e6ab0000, 0x00000000e6ab0000)
  to   space 21824K,   0% used [0x00000000e6ab0000, 0x00000000e6ab0000, 0x00000000e8000000)
 concurrent mark-sweep generation total 393216K, used 139023K [0x00000000e8000000, 0x0000000100000000, 0x0000000100000000)
 Metaspace       used 55962K, capacity 57678K, committed 57876K, reserved 1099776K
  class space    used 6556K, capacity 6952K, committed 6976K, reserved 1048576K
}
2020-05-19T12:36:43.547+0000: 7160.484: Total time for which application threads were stopped: 0.0190066 seconds, Stopping threads took: 0.0000689 seconds
2020-05-19T12:36:43.547+0000: 7160.485: Total time for which application threads were stopped: 0.0002338 seconds, Stopping threads took: 0.0000572 seconds
2020-05-19T12:36:43.548+0000: 7160.485: Total time for which application threads were stopped: 0.0001906 seconds, Stopping threads took: 0.0000420 seconds
{Heap before GC invocations=178 (full 10):
 par new generation   total 109248K, used 109248K [0x00000000e0000000, 0x00000000e8000000, 0x00000000e8000000)
  eden space 87424K, 100% used [0x00000000e0000000, 0x00000000e5560000, 0x00000000e5560000)
  from space 21824K, 100% used [0x00000000e5560000, 0x00000000e6ab0000, 0x00000000e6ab0000)
  to   space 21824K,   0% used [0x00000000e6ab0000, 0x00000000e6ab0000, 0x00000000e8000000)
 concurrent mark-sweep generation total 393216K, used 139023K [0x00000000e8000000, 0x0000000100000000, 0x0000000100000000)
 Metaspace       used 55964K, capacity 57678K, committed 57876K, reserved 1099776K
  class space    used 6556K, capacity 6952K, committed 6976K, reserved 1048576K
2020-05-19T12:36:43.662+0000: 7160.599: [GC (Allocation Failure) 2020-05-19T12:36:43.662+0000: 7160.599: [ParNew
Desired survivor size 20112992 bytes, new threshold 6 (max 8)
- age   1:    4280608 bytes,    4280608 total
- age   2:    4734920 bytes,    9015528 total
- age   3:    4419832 bytes,   13435360 total
- age   4:    3089384 bytes,   16524744 total
- age   5:    2616856 bytes,   19141600 total
- age   6:    3188328 bytes,   22329928 total
: 109248K->21824K(109248K), 0.0187758 secs] 248271K->171640K(502464K), 0.0188396 secs] [Times: user=0.06 sys=0.00, real=0.02 secs] 
Heap after GC invocations=179 (full 10):
 par new generation   total 109248K, used 21824K [0x00000000e0000000, 0x00000000e8000000, 0x00000000e8000000)
  eden space 87424K,   0% used [0x00000000e0000000, 0x00000000e0000000, 0x00000000e5560000)
  from space 21824K, 100% used [0x00000000e6ab0000, 0x00000000e8000000, 0x00000000e8000000)
  to   space 21824K,   0% used [0x00000000e5560000, 0x00000000e5560000, 0x00000000e6ab0000)
 concurrent mark-sweep generation total 393216K, used 149816K [0x00000000e8000000, 0x0000000100000000, 0x0000000100000000)
 Metaspace       used 55964K, capacity 57678K, committed 57876K, reserved 1099776K
  class space    used 6556K, capacity 6952K, committed 6976K, reserved 1048576K
}
2020-05-19T12:36:43.681+0000: 7160.618: Total time for which application threads were stopped: 0.0190784 seconds, Stopping threads took: 0.0000607 seconds
2020-05-19T12:36:43.681+0000: 7160.618: Total time for which application threads were stopped: 0.0001611 seconds, Stopping threads took: 0.0000729 seconds
2020-05-19T12:36:43.682+0000: 7160.619: Total time for which application threads were stopped: 0.0001736 seconds, Stopping threads took: 0.0000849 seconds
2020-05-19T12:36:44.461+0000: 7161.399: Total time for which application threads were stopped: 0.0001254 seconds, Stopping threads took: 0.0000466 seconds
2020-05-19T12:36:44.463+0000: 7161.400: Total time for which application threads were stopped: 0.0001181 seconds, Stopping threads took: 0.0000464 seconds
2020-05-19T12:36:44.463+0000: 7161.400: Total time for which application threads were stopped: 0.0000838 seconds, Stopping threads took: 0.0000312 seconds
2020-05-19T12:36:44.463+0000: 7161.400: Total time for which application threads were stopped: 0.0000468 seconds, Stopping threads took: 0.0000139 seconds
2020-05-19T12:36:44.463+0000: 7161.400: Total time for which application threads were stopped: 0.0001459 seconds, Stopping threads took: 0.0000129 seconds
2020-05-19T12:36:58.385+0000: 7175.323: Total time for which application threads were stopped: 0.0000854 seconds, Stopping threads took: 0.0000224 seconds
2020-05-19T12:39:43.461+0000: 7340.398: Total time for which application threads were stopped: 0.0001411 seconds, Stopping threads took: 0.0000422 seconds
2020-05-19T12:44:43.579+0000: 7640.516: Total time for which application threads were stopped: 0.0001402 seconds, Stopping threads took: 0.0000459 seconds
2020-05-19T12:46:43.628+0000: 7760.565: Total time for which application threads were stopped: 0.0001769 seconds, Stopping threads took: 0.0000422 seconds
{Heap before GC invocations=179 (full 10):
 par new generation   total 109248K, used 109248K [0x00000000e0000000, 0x00000000e8000000, 0x00000000e8000000)
  eden space 87424K, 100% used [0x00000000e0000000, 0x00000000e5560000, 0x00000000e5560000)
  from space 21824K, 100% used [0x00000000e6ab0000, 0x00000000e8000000, 0x00000000e8000000)
  to   space 21824K,   0% used [0x00000000e5560000, 0x00000000e5560000, 0x00000000e6ab0000)
 concurrent mark-sweep generation total 393216K, used 149816K [0x00000000e8000000, 0x0000000100000000, 0x0000000100000000)
 Metaspace       used 55982K, capacity 57746K, committed 57876K, reserved 1099776K
  class space    used 6557K, capacity 6952K, committed 6976K, reserved 1048576K
2020-05-19T13:29:43.916+0000: 10340.853: [GC (Allocation Failure) 2020-05-19T13:29:43.916+0000: 10340.853: [ParNew
Desired survivor size 20112992 bytes, new threshold 8 (max 8)
- age   1:    1898272 bytes,    1898272 total
- age   2:    3872512 bytes,    5770784 total
- age   3:    4113528 bytes,    9884312 total
- age   4:    2922176 bytes,   12806488 total
- age   5:    3085928 bytes,   15892416 total
- age   6:    2615904 bytes,   18508320 total
: 109248K->21824K(109248K), 0.0158629 secs] 259064K->178376K(502464K), 0.0159969 secs] [Times: user=0.05 sys=0.02, real=0.02 secs] 
Heap after GC invocations=180 (full 10):
 par new generation   total 109248K, used 21824K [0x00000000e0000000, 0x00000000e8000000, 0x00000000e8000000)
  eden space 87424K,   0% used [0x00000000e0000000, 0x00000000e0000000, 0x00000000e5560000)
  from space 21824K, 100% used [0x00000000e5560000, 0x00000000e6ab0000, 0x00000000e6ab0000)
  to   space 21824K,   0% used [0x00000000e6ab0000, 0x00000000e6ab0000, 0x00000000e8000000)
 concurrent mark-sweep generation total 393216K, used 156552K [0x00000000e8000000, 0x0000000100000000, 0x0000000100000000)
 Metaspace       used 55982K, capacity 57746K, committed 57876K, reserved 1099776K
  class space    used 6557K, capacity 6952K, committed 6976K, reserved 1048576K
}
2020-05-19T13:29:43.932+0000: 10340.869: Total time for which application threads were stopped: 0.0164048 seconds, Stopping threads took: 0.0000517 seconds
2020-05-19T13:29:43.932+0000: 10340.869: Total time for which application threads were stopped: 0.0001249 seconds, Stopping threads took: 0.0000326 seconds
2020-05-19T13:37:44.153+0000: 10821.090: Total time for which application threads were stopped: 0.0001384 seconds, Stopping threads took: 0.0000402 seconds
2020-05-19T13:42:11.643+0000: 11088.580: Total time for which application threads were stopped: 0.0004936 seconds, Stopping threads took: 0.0003843 seconds
2020-05-19T13:42:11.659+0000: 11088.596: Total time for which application threads were stopped: 0.0001758 seconds, Stopping threads took: 0.0000296 seconds
2020-05-19T13:42:11.793+0000: 11088.730: Total time for which application threads were stopped: 0.0002105 seconds, Stopping threads took: 0.0000740 seconds
{Heap before GC invocations=180 (full 10):
 par new generation   total 109248K, used 109248K [0x00000000e0000000, 0x00000000e8000000, 0x00000000e8000000)
  eden space 87424K, 100% used [0x00000000e0000000, 0x00000000e5560000, 0x00000000e5560000)
  from space 21824K, 100% used [0x00000000e5560000, 0x00000000e6ab0000, 0x00000000e6ab0000)
  to   space 21824K,   0% used [0x00000000e6ab0000, 0x00000000e6ab0000, 0x00000000e8000000)
 concurrent mark-sweep generation total 393216K, used 156552K [0x00000000e8000000, 0x0000000100000000, 0x0000000100000000)
 Metaspace       used 55992K, capacity 57810K, committed 57876K, reserved 1099776K
  class space    used 6557K, capacity 6952K, committed 6976K, reserved 1048576K
2020-05-19T13:42:11.891+0000: 11088.827: [GC (Allocation Failure) 2020-05-19T13:42:11.891+0000: 11088.827: [ParNew
Desired survivor size 20112992 bytes, new threshold 7 (max 8)
- age   1:    6719408 bytes,    6719408 total
- age   2:    1070320 bytes,    7789728 total
- age   3:    1866744 bytes,    9656472 total
- age   4:    2895808 bytes,   12552280 total
- age   5:    2921448 bytes,   15473728 total
- age   6:    3085928 bytes,   18559656 total
- age   7:    2615648 bytes,   21175304 total
: 109248K->21824K(109248K), 0.0159481 secs] 265800K->182283K(502464K), 0.0160706 secs] [Times: user=0.06 sys=0.00, real=0.02 secs] 
Heap after GC invocations=181 (full 10):
 par new generation   total 109248K, used 21824K [0x00000000e0000000, 0x00000000e8000000, 0x00000000e8000000)
  eden space 87424K,   0% used [0x00000000e0000000, 0x00000000e0000000, 0x00000000e5560000)
  from space 21824K, 100% used [0x00000000e6ab0000, 0x00000000e8000000, 0x00000000e8000000)
  to   space 21824K,   0% used [0x00000000e5560000, 0x00000000e5560000, 0x00000000e6ab0000)
 concurrent mark-sweep generation total 393216K, used 160459K [0x00000000e8000000, 0x0000000100000000, 0x0000000100000000)
 Metaspace       used 55992K, capacity 57810K, committed 57876K, reserved 1099776K
  class space    used 6557K, capacity 6952K, committed 6976K, reserved 1048576K
}
2020-05-19T13:42:11.907+0000: 11088.844: Total time for which application threads were stopped: 0.0164683 seconds, Stopping threads took: 0.0000592 seconds
2020-05-19T13:42:11.907+0000: 11088.844: Total time for which application threads were stopped: 0.0003212 seconds, Stopping threads took: 0.0000634 seconds
2020-05-19T13:42:11.907+0000: 11088.844: Total time for which application threads were stopped: 0.0001257 seconds, Stopping threads took: 0.0000447 seconds
2020-05-19T13:42:11.908+0000: 11088.845: Total time for which application threads were stopped: 0.0001580 seconds, Stopping threads took: 0.0000484 seconds
{Heap before GC invocations=181 (full 10):
 par new generation   total 109248K, used 109248K [0x00000000e0000000, 0x00000000e8000000, 0x00000000e8000000)
  eden space 87424K, 100% used [0x00000000e0000000, 0x00000000e5560000, 0x00000000e5560000)
  from space 21824K, 100% used [0x00000000e6ab0000, 0x00000000e8000000, 0x00000000e8000000)
  to   space 21824K,   0% used [0x00000000e5560000, 0x00000000e5560000, 0x00000000e6ab0000)
 concurrent mark-sweep generation total 393216K, used 160459K [0x00000000e8000000, 0x0000000100000000, 0x0000000100000000)
 Metaspace       used 55992K, capacity 57810K, committed 57876K, reserved 1099776K
  class space    used 6557K, capacity 6952K, committed 6976K, reserved 1048576K
2020-05-19T13:42:11.997+0000: 11088.934: [GC (Allocation Failure) 2020-05-19T13:42:11.997+0000: 11088.934: [ParNew
Desired survivor size 20112992 bytes, new threshold 7 (max 8)
- age   1:    5891280 bytes,    5891280 total
- age   2:    3729288 bytes,    9620568 total
- age   3:    1069776 bytes,   10690344 total
- age   4:    1866568 bytes,   12556912 total
- age   5:    2815736 bytes,   15372648 total
- age   6:    2921448 bytes,   18294096 total
- age   7:    3085928 bytes,   21380024 total
: 109248K->21824K(109248K), 0.0198873 secs] 269707K->189070K(502464K), 0.0199783 secs] [Times: user=0.05 sys=0.02, real=0.02 secs] 
Heap after GC invocations=182 (full 10):
 par new generation   total 109248K, used 21824K [0x00000000e0000000, 0x00000000e8000000, 0x00000000e8000000)
  eden space 87424K,   0% used [0x00000000e0000000, 0x00000000e0000000, 0x00000000e5560000)
  from space 21824K, 100% used [0x00000000e5560000, 0x00000000e6ab0000, 0x00000000e6ab0000)
  to   space 21824K,   0% used [0x00000000e6ab0000, 0x00000000e6ab0000, 0x00000000e8000000)
 concurrent mark-sweep generation total 393216K, used 167246K [0x00000000e8000000, 0x0000000100000000, 0x0000000100000000)
 Metaspace       used 55992K, capacity 57810K, committed 57876K, reserved 1099776K
  class space    used 6557K, capacity 6952K, committed 6976K, reserved 1048576K
}
2020-05-19T13:42:12.017+0000: 11088.954: Total time for which application threads were stopped: 0.0205954 seconds, Stopping threads took: 0.0000720 seconds
2020-05-19T13:42:12.017+0000: 11088.954: Total time for which application threads were stopped: 0.0002509 seconds, Stopping threads took: 0.0000945 seconds
2020-05-19T13:42:12.018+0000: 11088.954: Total time for which application threads were stopped: 0.0001408 seconds, Stopping threads took: 0.0000411 seconds
2020-05-19T13:42:12.018+0000: 11088.954: Total time for which application threads were stopped: 0.0000977 seconds, Stopping threads took: 0.0000375 seconds
2020-05-19T13:42:13.215+0000: 11090.152: Total time for which application threads were stopped: 0.0001901 seconds, Stopping threads took: 0.0000530 seconds
2020-05-19T13:42:13.216+0000: 11090.152: Total time for which application threads were stopped: 0.0001071 seconds, Stopping threads took: 0.0000365 seconds
2020-05-19T13:42:14.217+0000: 11091.153: Total time for which application threads were stopped: 0.0001443 seconds, Stopping threads took: 0.0000579 seconds
2020-05-19T13:42:19.226+0000: 11096.163: Total time for which application threads were stopped: 0.0004025 seconds, Stopping threads took: 0.0001775 seconds
2020-05-19T13:42:19.229+0000: 11096.167: Total time for which application threads were stopped: 0.0001696 seconds, Stopping threads took: 0.0000611 seconds
2020-05-19T13:42:19.239+0000: 11096.177: Total time for which application threads were stopped: 0.0001388 seconds, Stopping threads took: 0.0000771 seconds
2020-05-19T13:42:19.240+0000: 11096.178: Total time for which application threads were stopped: 0.0001624 seconds, Stopping threads took: 0.0000545 seconds
{Heap before GC invocations=182 (full 10):
 par new generation   total 109248K, used 109248K [0x00000000e0000000, 0x00000000e8000000, 0x00000000e8000000)
  eden space 87424K, 100% used [0x00000000e0000000, 0x00000000e5560000, 0x00000000e5560000)
  from space 21824K, 100% used [0x00000000e5560000, 0x00000000e6ab0000, 0x00000000e6ab0000)
  to   space 21824K,   0% used [0x00000000e6ab0000, 0x00000000e6ab0000, 0x00000000e8000000)
 concurrent mark-sweep generation total 393216K, used 167246K [0x00000000e8000000, 0x0000000100000000, 0x0000000100000000)
 Metaspace       used 56025K, capacity 57810K, committed 57876K, reserved 1099776K
  class space    used 6557K, capacity 6952K, committed 6976K, reserved 1048576K
2020-05-19T13:42:19.285+0000: 11096.222: [GC (Allocation Failure) 2020-05-19T13:42:19.285+0000: 11096.222: [ParNew
Desired survivor size 20112992 bytes, new threshold 7 (max 8)
- age   1:    5751240 bytes,    5751240 total
- age   2:    4231832 bytes,    9983072 total
- age   3:    3427184 bytes,   13410256 total
- age   4:    1034832 bytes,   14445088 total
- age   5:    1866568 bytes,   16311656 total
- age   6:    2815496 bytes,   19127152 total
- age   7:    2921448 bytes,   22048600 total
: 109248K->21824K(109248K), 0.0216402 secs] 276494K->196914K(502464K), 0.0217091 secs] [Times: user=0.08 sys=0.05, real=0.02 secs] 
Heap after GC invocations=183 (full 10):
 par new generation   total 109248K, used 21824K [0x00000000e0000000, 0x00000000e8000000, 0x00000000e8000000)
  eden space 87424K,   0% used [0x00000000e0000000, 0x00000000e0000000, 0x00000000e5560000)
  from space 21824K, 100% used [0x00000000e6ab0000, 0x00000000e8000000, 0x00000000e8000000)
  to   space 21824K,   0% used [0x00000000e5560000, 0x00000000e5560000, 0x00000000e6ab0000)
 concurrent mark-sweep generation total 393216K, used 175090K [0x00000000e8000000, 0x0000000100000000, 0x0000000100000000)
 Metaspace       used 56025K, capacity 57810K, committed 57876K, reserved 1099776K
  class space    used 6557K, capacity 6952K, committed 6976K, reserved 1048576K
}
2020-05-19T13:42:19.307+0000: 11096.244: Total time for which application threads were stopped: 0.0220015 seconds, Stopping threads took: 0.0000884 seconds
2020-05-19T13:42:19.307+0000: 11096.244: Total time for which application threads were stopped: 0.0002256 seconds, Stopping threads took: 0.0000649 seconds
2020-05-19T13:42:19.307+0000: 11096.244: Total time for which application threads were stopped: 0.0000962 seconds, Stopping threads took: 0.0000467 seconds
2020-05-19T13:42:19.308+0000: 11096.245: Total time for which application threads were stopped: 0.0001483 seconds, Stopping threads took: 0.0000526 seconds
{Heap before GC invocations=183 (full 10):
 par new generation   total 109248K, used 109248K [0x00000000e0000000, 0x00000000e8000000, 0x00000000e8000000)
  eden space 87424K, 100% used [0x00000000e0000000, 0x00000000e5560000, 0x00000000e5560000)
  from space 21824K, 100% used [0x00000000e6ab0000, 0x00000000e8000000, 0x00000000e8000000)
  to   space 21824K,   0% used [0x00000000e5560000, 0x00000000e5560000, 0x00000000e6ab0000)
 concurrent mark-sweep generation total 393216K, used 175090K [0x00000000e8000000, 0x0000000100000000, 0x0000000100000000)
 Metaspace       used 56029K, capacity 57814K, committed 57876K, reserved 1099776K
  class space    used 6557K, capacity 6952K, committed 6976K, reserved 1048576K
2020-05-19T13:42:19.391+0000: 11096.328: [GC (Allocation Failure) 2020-05-19T13:42:19.391+0000: 11096.328: [ParNew
Desired survivor size 20112992 bytes, new threshold 7 (max 8)
- age   1:    5501680 bytes,    5501680 total
- age   2:    3513896 bytes,    9015576 total
- age   3:    3855336 bytes,   12870912 total
- age   4:    3424752 bytes,   16295664 total
- age   5:    1012048 bytes,   17307712 total
- age   6:    1866568 bytes,   19174280 total
- age   7:    2815464 bytes,   21989744 total
: 109248K->21824K(109248K), 0.0179256 secs] 284338K->203102K(502464K), 0.0179973 secs] [Times: user=0.06 sys=0.00, real=0.02 secs] 
Heap after GC invocations=184 (full 10):
 par new generation   total 109248K, used 21824K [0x00000000e0000000, 0x00000000e8000000, 0x00000000e8000000)
  eden space 87424K,   0% used [0x00000000e0000000, 0x00000000e0000000, 0x00000000e5560000)
  from space 21824K, 100% used [0x00000000e5560000, 0x00000000e6ab0000, 0x00000000e6ab0000)
  to   space 21824K,   0% used [0x00000000e6ab0000, 0x00000000e6ab0000, 0x00000000e8000000)
 concurrent mark-sweep generation total 393216K, used 181278K [0x00000000e8000000, 0x0000000100000000, 0x0000000100000000)
 Metaspace       used 56029K, capacity 57814K, committed 57876K, reserved 1099776K
  class space    used 6557K, capacity 6952K, committed 6976K, reserved 1048576K
}
2020-05-19T13:42:19.410+0000: 11096.346: Total time for which application threads were stopped: 0.0183022 seconds, Stopping threads took: 0.0000447 seconds
2020-05-19T13:42:19.410+0000: 11096.347: Total time for which application threads were stopped: 0.0002165 seconds, Stopping threads took: 0.0000613 seconds
2020-05-19T13:42:19.410+0000: 11096.347: Total time for which application threads were stopped: 0.0001004 seconds, Stopping threads took: 0.0000408 seconds
{Heap before GC invocations=184 (full 10):
 par new generation   total 109248K, used 109248K [0x00000000e0000000, 0x00000000e8000000, 0x00000000e8000000)
  eden space 87424K, 100% used [0x00000000e0000000, 0x00000000e5560000, 0x00000000e5560000)
  from space 21824K, 100% used [0x00000000e5560000, 0x00000000e6ab0000, 0x00000000e6ab0000)
  to   space 21824K,   0% used [0x00000000e6ab0000, 0x00000000e6ab0000, 0x00000000e8000000)
 concurrent mark-sweep generation total 393216K, used 181278K [0x00000000e8000000, 0x0000000100000000, 0x0000000100000000)
 Metaspace       used 56029K, capacity 57814K, committed 57876K, reserved 1099776K
  class space    used 6557K, capacity 6952K, committed 6976K, reserved 1048576K
2020-05-19T13:42:19.491+0000: 11096.427: [GC (Allocation Failure) 2020-05-19T13:42:19.491+0000: 11096.427: [ParNew
Desired survivor size 20112992 bytes, new threshold 6 (max 8)
- age   1:    4831424 bytes,    4831424 total
- age   2:    3840392 bytes,    8671816 total
- age   3:    3513856 bytes,   12185672 total
- age   4:    3855336 bytes,   16041008 total
- age   5:    3424752 bytes,   19465760 total
- age   6:    1012048 bytes,   20477808 total
- age   7:    1866568 bytes,   22344376 total
: 109248K->21824K(109248K), 0.0211792 secs] 290526K->211576K(502464K), 0.0212589 secs] [Times: user=0.09 sys=0.03, real=0.02 secs] 
Heap after GC invocations=185 (full 10):
 par new generation   total 109248K, used 21824K [0x00000000e0000000, 0x00000000e8000000, 0x00000000e8000000)
  eden space 87424K,   0% used [0x00000000e0000000, 0x00000000e0000000, 0x00000000e5560000)
  from space 21824K, 100% used [0x00000000e6ab0000, 0x00000000e8000000, 0x00000000e8000000)
  to   space 21824K,   0% used [0x00000000e5560000, 0x00000000e5560000, 0x00000000e6ab0000)
 concurrent mark-sweep generation total 393216K, used 189752K [0x00000000e8000000, 0x0000000100000000, 0x0000000100000000)
 Metaspace       used 56029K, capacity 57814K, committed 57876K, reserved 1099776K
  class space    used 6557K, capacity 6952K, committed 6976K, reserved 1048576K
}
2020-05-19T13:42:19.512+0000: 11096.449: Total time for which application threads were stopped: 0.0215268 seconds, Stopping threads took: 0.0000700 seconds
2020-05-19T13:42:19.513+0000: 11096.449: Total time for which application threads were stopped: 0.0003061 seconds, Stopping threads took: 0.0000552 seconds
2020-05-19T13:42:19.513+0000: 11096.449: Total time for which application threads were stopped: 0.0001750 seconds, Stopping threads took: 0.0000449 seconds
2020-05-19T13:42:20.514+0000: 11097.450: Total time for which application threads were stopped: 0.0002300 seconds, Stopping threads took: 0.0001204 seconds
2020-05-19T13:42:20.805+0000: 11097.742: Total time for which application threads were stopped: 0.0002971 seconds, Stopping threads took: 0.0000467 seconds
2020-05-19T13:42:20.805+0000: 11097.742: Total time for which application threads were stopped: 0.0001340 seconds, Stopping threads took: 0.0000510 seconds
2020-05-19T13:42:20.805+0000: 11097.743: Total time for which application threads were stopped: 0.0002175 seconds, Stopping threads took: 0.0000476 seconds
2020-05-19T13:42:20.807+0000: 11097.744: Total time for which application threads were stopped: 0.0001322 seconds, Stopping threads took: 0.0000585 seconds
2020-05-19T13:42:20.807+0000: 11097.744: Total time for which application threads were stopped: 0.0000963 seconds, Stopping threads took: 0.0000364 seconds
2020-05-19T13:42:20.807+0000: 11097.744: Total time for which application threads were stopped: 0.0000661 seconds, Stopping threads took: 0.0000328 seconds
2020-05-19T13:42:20.807+0000: 11097.745: Total time for which application threads were stopped: 0.0000646 seconds, Stopping threads took: 0.0000327 seconds
2020-05-19T13:42:27.132+0000: 11104.069: Total time for which application threads were stopped: 0.0001791 seconds, Stopping threads took: 0.0000712 seconds
2020-05-19T13:42:27.143+0000: 11104.080: Total time for which application threads were stopped: 0.0074718 seconds, Stopping threads took: 0.0073027 seconds
2020-05-19T13:42:27.174+0000: 11104.111: Total time for which application threads were stopped: 0.0001533 seconds, Stopping threads took: 0.0000579 seconds
2020-05-19T13:42:27.176+0000: 11104.113: Total time for which application threads were stopped: 0.0001351 seconds, Stopping threads took: 0.0000457 seconds
2020-05-19T13:42:27.241+0000: 11104.177: Total time for which application threads were stopped: 0.0002262 seconds, Stopping threads took: 0.0000473 seconds
{Heap before GC invocations=185 (full 10):
 par new generation   total 109248K, used 109248K [0x00000000e0000000, 0x00000000e8000000, 0x00000000e8000000)
  eden space 87424K, 100% used [0x00000000e0000000, 0x00000000e5560000, 0x00000000e5560000)
  from space 21824K, 100% used [0x00000000e6ab0000, 0x00000000e8000000, 0x00000000e8000000)
  to   space 21824K,   0% used [0x00000000e5560000, 0x00000000e5560000, 0x00000000e6ab0000)
 concurrent mark-sweep generation total 393216K, used 189752K [0x00000000e8000000, 0x0000000100000000, 0x0000000100000000)
 Metaspace       used 56032K, capacity 57814K, committed 57876K, reserved 1099776K
  class space    used 6557K, capacity 6952K, committed 6976K, reserved 1048576K
2020-05-19T13:42:27.287+0000: 11104.224: [GC (Allocation Failure) 2020-05-19T13:42:27.287+0000: 11104.224: [ParNew
Desired survivor size 20112992 bytes, new threshold 6 (max 8)
- age   1:    5436272 bytes,    5436272 total
- age   2:    2718720 bytes,    8154992 total
- age   3:    3466944 bytes,   11621936 total
- age   4:    3410792 bytes,   15032728 total
- age   5:    3851984 bytes,   18884712 total
- age   6:    3423472 bytes,   22308184 total
: 109248K->21824K(109248K), 0.0219219 secs] 299000K->218983K(502464K), 0.0220009 secs] [Times: user=0.11 sys=0.02, real=0.02 secs] 
Heap after GC invocations=186 (full 10):
 par new generation   total 109248K, used 21824K [0x00000000e0000000, 0x00000000e8000000, 0x00000000e8000000)
  eden space 87424K,   0% used [0x00000000e0000000, 0x00000000e0000000, 0x00000000e5560000)
  from space 21824K, 100% used [0x00000000e5560000, 0x00000000e6ab0000, 0x00000000e6ab0000)
  to   space 21824K,   0% used [0x00000000e6ab0000, 0x00000000e6ab0000, 0x00000000e8000000)
 concurrent mark-sweep generation total 393216K, used 197159K [0x00000000e8000000, 0x0000000100000000, 0x0000000100000000)
 Metaspace       used 56032K, capacity 57814K, committed 57876K, reserved 1099776K
  class space    used 6557K, capacity 6952K, committed 6976K, reserved 1048576K
}
2020-05-19T13:42:27.309+0000: 11104.246: Total time for which application threads were stopped: 0.0222798 seconds, Stopping threads took: 0.0000576 seconds
2020-05-19T13:42:27.309+0000: 11104.246: [GC (CMS Initial Mark) [1 CMS-initial-mark: 197159K(393216K)] 219951K(502464K), 0.0042763 secs] [Times: user=0.00 sys=0.00, real=0.00 secs] 
2020-05-19T13:42:27.313+0000: 11104.251: Total time for which application threads were stopped: 0.0044957 seconds, Stopping threads took: 0.0000549 seconds
2020-05-19T13:42:27.313+0000: 11104.251: [CMS-concurrent-mark-start]
2020-05-19T13:42:27.314+0000: 11104.251: Total time for which application threads were stopped: 0.0002427 seconds, Stopping threads took: 0.0000530 seconds
2020-05-19T13:42:27.321+0000: 11104.258: Total time for which application threads were stopped: 0.0002918 seconds, Stopping threads took: 0.0000656 seconds
2020-05-19T13:42:27.321+0000: 11104.258: Total time for which application threads were stopped: 0.0001492 seconds, Stopping threads took: 0.0000503 seconds
2020-05-19T13:42:27.354+0000: 11104.291: [CMS-concurrent-mark: 0.039/0.040 secs] [Times: user=0.11 sys=0.05, real=0.04 secs] 
2020-05-19T13:42:27.354+0000: 11104.291: [CMS-concurrent-preclean-start]
2020-05-19T13:42:27.355+0000: 11104.292: [CMS-concurrent-preclean: 0.001/0.001 secs] [Times: user=0.00 sys=0.00, real=0.00 secs] 
2020-05-19T13:42:27.355+0000: 11104.292: [CMS-concurrent-abortable-preclean-start]
{Heap before GC invocations=186 (full 11):
 par new generation   total 109248K, used 109248K [0x00000000e0000000, 0x00000000e8000000, 0x00000000e8000000)
  eden space 87424K, 100% used [0x00000000e0000000, 0x00000000e5560000, 0x00000000e5560000)
  from space 21824K, 100% used [0x00000000e5560000, 0x00000000e6ab0000, 0x00000000e6ab0000)
  to   space 21824K,   0% used [0x00000000e6ab0000, 0x00000000e6ab0000, 0x00000000e8000000)
 concurrent mark-sweep generation total 393216K, used 197159K [0x00000000e8000000, 0x0000000100000000, 0x0000000100000000)
 Metaspace       used 56037K, capacity 57814K, committed 57876K, reserved 1099776K
  class space    used 6557K, capacity 6952K, committed 6976K, reserved 1048576K
2020-05-19T13:42:27.450+0000: 11104.387: [GC (Allocation Failure) 2020-05-19T13:42:27.450+0000: 11104.387: [ParNew
Desired survivor size 20112992 bytes, new threshold 6 (max 8)
- age   1:    7858176 bytes,    7858176 total
- age   2:    2064120 bytes,    9922296 total
- age   3:    2069912 bytes,   11992208 total
- age   4:    3465872 bytes,   15458080 total
- age   5:    3405048 bytes,   18863128 total
- age   6:    3333064 bytes,   22196192 total
: 109248K->21824K(109248K), 0.0224130 secs] 306407K->227548K(502464K), 0.0225000 secs] [Times: user=0.05 sys=0.01, real=0.02 secs] 
Heap after GC invocations=187 (full 11):
 par new generation   total 109248K, used 21824K [0x00000000e0000000, 0x00000000e8000000, 0x00000000e8000000)
  eden space 87424K,   0% used [0x00000000e0000000, 0x00000000e0000000, 0x00000000e5560000)
  from space 21824K, 100% used [0x00000000e6ab0000, 0x00000000e8000000, 0x00000000e8000000)
  to   space 21824K,   0% used [0x00000000e5560000, 0x00000000e5560000, 0x00000000e6ab0000)
 concurrent mark-sweep generation total 393216K, used 205724K [0x00000000e8000000, 0x0000000100000000, 0x0000000100000000)
 Metaspace       used 56037K, capacity 57814K, committed 57876K, reserved 1099776K
  class space    used 6557K, capacity 6952K, committed 6976K, reserved 1048576K
}
2020-05-19T13:42:27.473+0000: 11104.410: Total time for which application threads were stopped: 0.0227983 seconds, Stopping threads took: 0.0000693 seconds
2020-05-19T13:42:27.473+0000: 11104.410: [CMS-concurrent-abortable-preclean: 0.058/0.118 secs] [Times: user=0.33 sys=0.01, real=0.12 secs] 
2020-05-19T13:42:27.473+0000: 11104.410: Total time for which application threads were stopped: 0.0002126 seconds, Stopping threads took: 0.0000696 seconds
2020-05-19T13:42:27.474+0000: 11104.411: [GC (CMS Final Remark) [YG occupancy: 23065 K (109248 K)]{Heap before GC invocations=187 (full 11):
 par new generation   total 109248K, used 23065K [0x00000000e0000000, 0x00000000e8000000, 0x00000000e8000000)
  eden space 87424K,   1% used [0x00000000e0000000, 0x00000000e0136438, 0x00000000e5560000)
  from space 21824K, 100% used [0x00000000e6ab0000, 0x00000000e8000000, 0x00000000e8000000)
  to   space 21824K,   0% used [0x00000000e5560000, 0x00000000e5560000, 0x00000000e6ab0000)
 concurrent mark-sweep generation total 393216K, used 205724K [0x00000000e8000000, 0x0000000100000000, 0x0000000100000000)
 Metaspace       used 56037K, capacity 57814K, committed 57876K, reserved 1099776K
  class space    used 6557K, capacity 6952K, committed 6976K, reserved 1048576K
2020-05-19T13:42:27.474+0000: 11104.411: [GC (CMS Final Remark) 2020-05-19T13:42:27.474+0000: 11104.411: [ParNew
Desired survivor size 20112992 bytes, new threshold 8 (max 8)
- age   1:       1072 bytes,       1072 total
- age   2:    6614824 bytes,    6615896 total
- age   3:    2063328 bytes,    8679224 total
- age   4:    2069912 bytes,   10749136 total
- age   5:    3465824 bytes,   14214960 total
- age   6:    3007912 bytes,   17222872 total
: 23065K->21824K(109248K), 0.0137709 secs] 228789K->232083K(502464K), 0.0138462 secs] [Times: user=0.03 sys=0.00, real=0.01 secs] 
Heap after GC invocations=188 (full 11):
 par new generation   total 109248K, used 21824K [0x00000000e0000000, 0x00000000e8000000, 0x00000000e8000000)
  eden space 87424K,   0% used [0x00000000e0000000, 0x00000000e0000000, 0x00000000e5560000)
  from space 21824K, 100% used [0x00000000e5560000, 0x00000000e6ab0000, 0x00000000e6ab0000)
  to   space 21824K,   0% used [0x00000000e6ab0000, 0x00000000e6ab0000, 0x00000000e8000000)
 concurrent mark-sweep generation total 393216K, used 210259K [0x00000000e8000000, 0x0000000100000000, 0x0000000100000000)
 Metaspace       used 56037K, capacity 57814K, committed 57876K, reserved 1099776K
  class space    used 6557K, capacity 6952K, committed 6976K, reserved 1048576K
}
2020-05-19T13:42:27.488+0000: 11104.425: [Rescan (parallel) , 0.0063388 secs]2020-05-19T13:42:27.494+0000: 11104.431: [weak refs processing, 0.0106419 secs]2020-05-19T13:42:27.505+0000: 11104.442: [class unloading, 0.0598354 secs]2020-05-19T13:42:27.565+0000: 11104.501: [scrub symbol table, 0.0245940 secs]2020-05-19T13:42:27.589+0000: 11104.526: [scrub string table, 0.0005780 secs][1 CMS-remark: 210259K(393216K)] 232083K(502464K), 0.1163128 secs] [Times: user=0.13 sys=0.05, real=0.12 secs] 
2020-05-19T13:42:27.590+0000: 11104.527: Total time for which application threads were stopped: 0.1164473 seconds, Stopping threads took: 0.0000313 seconds
2020-05-19T13:42:27.590+0000: 11104.527: [CMS-concurrent-sweep-start]
2020-05-19T13:42:27.592+0000: 11104.529: Total time for which application threads were stopped: 0.0004221 seconds, Stopping threads took: 0.0000740 seconds
2020-05-19T13:42:27.593+0000: 11104.530: Total time for which application threads were stopped: 0.0001380 seconds, Stopping threads took: 0.0000599 seconds
2020-05-19T13:42:27.594+0000: 11104.530: Total time for which application threads were stopped: 0.0001096 seconds, Stopping threads took: 0.0000439 seconds
2020-05-19T13:42:27.594+0000: 11104.530: Total time for which application threads were stopped: 0.0001384 seconds, Stopping threads took: 0.0000499 seconds
2020-05-19T13:42:27.594+0000: 11104.531: Total time for which application threads were stopped: 0.0001097 seconds, Stopping threads took: 0.0000476 seconds
2020-05-19T13:42:27.594+0000: 11104.531: Total time for which application threads were stopped: 0.0001008 seconds, Stopping threads took: 0.0000485 seconds
2020-05-19T13:42:27.594+0000: 11104.531: Total time for which application threads were stopped: 0.0000769 seconds, Stopping threads took: 0.0000416 seconds
2020-05-19T13:42:27.595+0000: 11104.531: Total time for which application threads were stopped: 0.0000751 seconds, Stopping threads took: 0.0000429 seconds
2020-05-19T13:42:27.664+0000: 11104.602: Total time for which application threads were stopped: 0.0003666 seconds, Stopping threads took: 0.0000695 seconds
2020-05-19T13:42:27.731+0000: 11104.669: [CMS-concurrent-sweep: 0.140/0.142 secs] [Times: user=0.31 sys=0.05, real=0.14 secs] 
2020-05-19T13:42:27.732+0000: 11104.669: [CMS-concurrent-reset-start]
2020-05-19T13:42:27.733+0000: 11104.670: [CMS-concurrent-reset: 0.001/0.001 secs] [Times: user=0.00 sys=0.00, real=0.00 secs] 
2020-05-19T13:42:28.665+0000: 11105.602: Total time for which application threads were stopped: 0.0001459 seconds, Stopping threads took: 0.0000471 seconds
2020-05-19T13:42:29.498+0000: 11106.434: Total time for which application threads were stopped: 0.0002962 seconds, Stopping threads took: 0.0000716 seconds
2020-05-19T13:42:29.498+0000: 11106.435: Total time for which application threads were stopped: 0.0002114 seconds, Stopping threads took: 0.0001065 seconds
2020-05-19T13:42:29.498+0000: 11106.435: Total time for which application threads were stopped: 0.0000854 seconds, Stopping threads took: 0.0000421 seconds
2020-05-19T13:42:29.499+0000: 11106.435: Total time for which application threads were stopped: 0.0001033 seconds, Stopping threads took: 0.0000495 seconds
2020-05-19T13:42:29.499+0000: 11106.436: Total time for which application threads were stopped: 0.0001768 seconds, Stopping threads took: 0.0001332 seconds
2020-05-19T13:42:29.499+0000: 11106.436: Total time for which application threads were stopped: 0.0000408 seconds, Stopping threads took: 0.0000136 seconds
2020-05-19T13:42:29.499+0000: 11106.436: Total time for which application threads were stopped: 0.0000357 seconds, Stopping threads took: 0.0000095 seconds
2020-05-19T13:42:30.500+0000: 11107.436: Total time for which application threads were stopped: 0.0001237 seconds, Stopping threads took: 0.0000457 seconds
2020-05-19T13:42:31.610+0000: 11108.547: Total time for which application threads were stopped: 0.0001745 seconds, Stopping threads took: 0.0000574 seconds
{Heap before GC invocations=188 (full 11):
 par new generation   total 109248K, used 109248K [0x00000000e0000000, 0x00000000e8000000, 0x00000000e8000000)
  eden space 87424K, 100% used [0x00000000e0000000, 0x00000000e5560000, 0x00000000e5560000)
  from space 21824K, 100% used [0x00000000e5560000, 0x00000000e6ab0000, 0x00000000e6ab0000)
  to   space 21824K,   0% used [0x00000000e6ab0000, 0x00000000e6ab0000, 0x00000000e8000000)
 concurrent mark-sweep generation total 393216K, used 91812K [0x00000000e8000000, 0x0000000100000000, 0x0000000100000000)
 Metaspace       used 56044K, capacity 57802K, committed 57876K, reserved 1099776K
  class space    used 6556K, capacity 6950K, committed 6976K, reserved 1048576K
2020-05-19T13:42:31.672+0000: 11108.609: [GC (Allocation Failure) 2020-05-19T13:42:31.672+0000: 11108.609: [ParNew
Desired survivor size 20112992 bytes, new threshold 7 (max 8)
- age   1:    5623176 bytes,    5623176 total
- age   3:    5201352 bytes,   10824528 total
- age   4:    1683208 bytes,   12507736 total
- age   5:    1629664 bytes,   14137400 total
- age   6:    3464680 bytes,   17602080 total
- age   7:    2910656 bytes,   20512736 total
: 109248K->21824K(109248K), 0.0119831 secs] 201060K->117761K(502464K), 0.0120581 secs] [Times: user=0.05 sys=0.02, real=0.01 secs] 
Heap after GC invocations=189 (full 11):
 par new generation   total 109248K, used 21824K [0x00000000e0000000, 0x00000000e8000000, 0x00000000e8000000)
  eden space 87424K,   0% used [0x00000000e0000000, 0x00000000e0000000, 0x00000000e5560000)
  from space 21824K, 100% used [0x00000000e6ab0000, 0x00000000e8000000, 0x00000000e8000000)
  to   space 21824K,   0% used [0x00000000e5560000, 0x00000000e5560000, 0x00000000e6ab0000)
 concurrent mark-sweep generation total 393216K, used 95937K [0x00000000e8000000, 0x0000000100000000, 0x0000000100000000)
 Metaspace       used 56044K, capacity 57802K, committed 57876K, reserved 1099776K
  class space    used 6556K, capacity 6950K, committed 6976K, reserved 1048576K
}
2020-05-19T13:42:31.684+0000: 11108.621: Total time for which application threads were stopped: 0.0123574 seconds, Stopping threads took: 0.0000714 seconds
2020-05-19T13:42:31.684+0000: 11108.621: Total time for which application threads were stopped: 0.0002921 seconds, Stopping threads took: 0.0000663 seconds
2020-05-19T13:42:31.685+0000: 11108.622: Total time for which application threads were stopped: 0.0000832 seconds, Stopping threads took: 0.0000336 seconds
2020-05-19T13:42:31.690+0000: 11108.627: Total time for which application threads were stopped: 0.0001413 seconds, Stopping threads took: 0.0000605 seconds
{Heap before GC invocations=189 (full 11):
 par new generation   total 109248K, used 109248K [0x00000000e0000000, 0x00000000e8000000, 0x00000000e8000000)
  eden space 87424K, 100% used [0x00000000e0000000, 0x00000000e5560000, 0x00000000e5560000)
  from space 21824K, 100% used [0x00000000e6ab0000, 0x00000000e8000000, 0x00000000e8000000)
  to   space 21824K,   0% used [0x00000000e5560000, 0x00000000e5560000, 0x00000000e6ab0000)
 concurrent mark-sweep generation total 393216K, used 95937K [0x00000000e8000000, 0x0000000100000000, 0x0000000100000000)
 Metaspace       used 56044K, capacity 57802K, committed 57876K, reserved 1099776K
  class space    used 6556K, capacity 6950K, committed 6976K, reserved 1048576K
2020-05-19T13:42:31.772+0000: 11108.709: [GC (Allocation Failure) 2020-05-19T13:42:31.772+0000: 11108.709: [ParNew
Desired survivor size 20112992 bytes, new threshold 7 (max 8)
- age   1:    6796728 bytes,    6796728 total
- age   2:    3292312 bytes,   10089040 total
- age   4:    5201312 bytes,   15290352 total
- age   5:    1681184 bytes,   16971536 total
- age   6:    1629384 bytes,   18600920 total
- age   7:    3464680 bytes,   22065600 total
: 109248K->21824K(109248K), 0.0144546 secs] 205185K->125872K(502464K), 0.0145493 secs] [Times: user=0.06 sys=0.00, real=0.01 secs] 
Heap after GC invocations=190 (full 11):
 par new generation   total 109248K, used 21824K [0x00000000e0000000, 0x00000000e8000000, 0x00000000e8000000)
  eden space 87424K,   0% used [0x00000000e0000000, 0x00000000e0000000, 0x00000000e5560000)
  from space 21824K, 100% used [0x00000000e5560000, 0x00000000e6ab0000, 0x00000000e6ab0000)
  to   space 21824K,   0% used [0x00000000e6ab0000, 0x00000000e6ab0000, 0x00000000e8000000)
 concurrent mark-sweep generation total 393216K, used 104048K [0x00000000e8000000, 0x0000000100000000, 0x0000000100000000)
 Metaspace       used 56044K, capacity 57802K, committed 57876K, reserved 1099776K
  class space    used 6556K, capacity 6950K, committed 6976K, reserved 1048576K
}
2020-05-19T13:42:31.787+0000: 11108.724: Total time for which application threads were stopped: 0.0148295 seconds, Stopping threads took: 0.0000556 seconds
2020-05-19T13:42:31.787+0000: 11108.724: Total time for which application threads were stopped: 0.0002131 seconds, Stopping threads took: 0.0000797 seconds
2020-05-19T13:42:31.787+0000: 11108.724: Total time for which application threads were stopped: 0.0001359 seconds, Stopping threads took: 0.0000626 seconds
{Heap before GC invocations=190 (full 11):
 par new generation   total 109248K, used 109248K [0x00000000e0000000, 0x00000000e8000000, 0x00000000e8000000)
  eden space 87424K, 100% used [0x00000000e0000000, 0x00000000e5560000, 0x00000000e5560000)
  from space 21824K, 100% used [0x00000000e5560000, 0x00000000e6ab0000, 0x00000000e6ab0000)
  to   space 21824K,   0% used [0x00000000e6ab0000, 0x00000000e6ab0000, 0x00000000e8000000)
 concurrent mark-sweep generation total 393216K, used 104048K [0x00000000e8000000, 0x0000000100000000, 0x0000000100000000)
 Metaspace       used 56044K, capacity 57802K, committed 57876K, reserved 1099776K
  class space    used 6556K, capacity 6950K, committed 6976K, reserved 1048576K
2020-05-19T13:42:31.866+0000: 11108.803: [GC (Allocation Failure) 2020-05-19T13:42:31.866+0000: 11108.803: [ParNew
Desired survivor size 20112992 bytes, new threshold 7 (max 8)
- age   1:    4713152 bytes,    4713152 total
- age   2:    3844264 bytes,    8557416 total
- age   3:    3292056 bytes,   11849472 total
- age   5:    5201312 bytes,   17050784 total
- age   6:    1680536 bytes,   18731320 total
- age   7:    1629384 bytes,   20360704 total
: 109248K->21824K(109248K), 0.0161591 secs] 213296K->135923K(502464K), 0.0162372 secs] [Times: user=0.06 sys=0.00, real=0.02 secs] 
Heap after GC invocations=191 (full 11):
 par new generation   total 109248K, used 21824K [0x00000000e0000000, 0x00000000e8000000, 0x00000000e8000000)
  eden space 87424K,   0% used [0x00000000e0000000, 0x00000000e0000000, 0x00000000e5560000)
  from space 21824K, 100% used [0x00000000e6ab0000, 0x00000000e8000000, 0x00000000e8000000)
  to   space 21824K,   0% used [0x00000000e5560000, 0x00000000e5560000, 0x00000000e6ab0000)
 concurrent mark-sweep generation total 393216K, used 114099K [0x00000000e8000000, 0x0000000100000000, 0x0000000100000000)
 Metaspace       used 56044K, capacity 57802K, committed 57876K, reserved 1099776K
  class space    used 6556K, capacity 6950K, committed 6976K, reserved 1048576K
}
2020-05-19T13:42:31.882+0000: 11108.819: Total time for which application threads were stopped: 0.0165059 seconds, Stopping threads took: 0.0000932 seconds
2020-05-19T13:42:31.883+0000: 11108.820: Total time for which application threads were stopped: 0.0002040 seconds, Stopping threads took: 0.0000520 seconds
2020-05-19T13:42:31.883+0000: 11108.820: Total time for which application threads were stopped: 0.0001587 seconds, Stopping threads took: 0.0000397 seconds
2020-05-19T13:42:32.539+0000: 11109.476: Total time for which application threads were stopped: 0.0001475 seconds, Stopping threads took: 0.0000593 seconds
2020-05-19T13:42:32.604+0000: 11109.541: Total time for which application threads were stopped: 0.0001151 seconds, Stopping threads took: 0.0000386 seconds
2020-05-19T13:42:32.604+0000: 11109.541: Total time for which application threads were stopped: 0.0000823 seconds, Stopping threads took: 0.0000247 seconds
2020-05-19T13:42:32.605+0000: 11109.542: Total time for which application threads were stopped: 0.0000705 seconds, Stopping threads took: 0.0000270 seconds
2020-05-19T13:42:32.605+0000: 11109.542: Total time for which application threads were stopped: 0.0000460 seconds, Stopping threads took: 0.0000096 seconds
2020-05-19T13:42:32.605+0000: 11109.542: Total time for which application threads were stopped: 0.0000446 seconds, Stopping threads took: 0.0000094 seconds
2020-05-19T13:42:32.770+0000: 11109.706: Total time for which application threads were stopped: 0.0001984 seconds, Stopping threads took: 0.0000871 seconds
2020-05-19T13:42:32.784+0000: 11109.721: Total time for which application threads were stopped: 0.0001132 seconds, Stopping threads took: 0.0000525 seconds
2020-05-19T13:42:32.785+0000: 11109.722: Total time for which application threads were stopped: 0.0000936 seconds, Stopping threads took: 0.0000345 seconds
2020-05-19T13:42:32.830+0000: 11109.768: Total time for which application threads were stopped: 0.0001358 seconds, Stopping threads took: 0.0000526 seconds
{Heap before GC invocations=191 (full 11):
 par new generation   total 109248K, used 109248K [0x00000000e0000000, 0x00000000e8000000, 0x00000000e8000000)
  eden space 87424K, 100% used [0x00000000e0000000, 0x00000000e5560000, 0x00000000e5560000)
  from space 21824K, 100% used [0x00000000e6ab0000, 0x00000000e8000000, 0x00000000e8000000)
  to   space 21824K,   0% used [0x00000000e5560000, 0x00000000e5560000, 0x00000000e6ab0000)
 concurrent mark-sweep generation total 393216K, used 114099K [0x00000000e8000000, 0x0000000100000000, 0x0000000100000000)
 Metaspace       used 56080K, capacity 57866K, committed 58132K, reserved 1099776K
  class space    used 6556K, capacity 6950K, committed 6976K, reserved 1048576K
2020-05-19T13:42:32.869+0000: 11109.806: [GC (Allocation Failure) 2020-05-19T13:42:32.869+0000: 11109.806: [ParNew
Desired survivor size 20112992 bytes, new threshold 7 (max 8)
- age   1:    4726552 bytes,    4726552 total
- age   2:    3508624 bytes,    8235176 total
- age   3:    2448296 bytes,   10683472 total
- age   4:    3185552 bytes,   13869024 total
- age   6:    5201312 bytes,   19070336 total
- age   7:    1680240 bytes,   20750576 total
: 109248K->21824K(109248K), 0.0127948 secs] 223347K->141442K(502464K), 0.0128648 secs] [Times: user=0.00 sys=0.00, real=0.01 secs] 
Heap after GC invocations=192 (full 11):
 par new generation   total 109248K, used 21824K [0x00000000e0000000, 0x00000000e8000000, 0x00000000e8000000)
  eden space 87424K,   0% used [0x00000000e0000000, 0x00000000e0000000, 0x00000000e5560000)
  from space 21824K, 100% used [0x00000000e5560000, 0x00000000e6ab0000, 0x00000000e6ab0000)
  to   space 21824K,   0% used [0x00000000e6ab0000, 0x00000000e6ab0000, 0x00000000e8000000)
 concurrent mark-sweep generation total 393216K, used 119618K [0x00000000e8000000, 0x0000000100000000, 0x0000000100000000)
 Metaspace       used 56080K, capacity 57866K, committed 58132K, reserved 1099776K
  class space    used 6556K, capacity 6950K, committed 6976K, reserved 1048576K
}
2020-05-19T13:42:32.882+0000: 11109.819: Total time for which application threads were stopped: 0.0131184 seconds, Stopping threads took: 0.0000605 seconds
2020-05-19T13:42:32.882+0000: 11109.819: Total time for which application threads were stopped: 0.0001523 seconds, Stopping threads took: 0.0000627 seconds
2020-05-19T13:42:32.882+0000: 11109.819: Total time for which application threads were stopped: 0.0001059 seconds, Stopping threads took: 0.0000392 seconds
2020-05-19T13:42:32.882+0000: 11109.819: Total time for which application threads were stopped: 0.0000814 seconds, Stopping threads took: 0.0000376 seconds
{Heap before GC invocations=192 (full 11):
 par new generation   total 109248K, used 109248K [0x00000000e0000000, 0x00000000e8000000, 0x00000000e8000000)
  eden space 87424K, 100% used [0x00000000e0000000, 0x00000000e5560000, 0x00000000e5560000)
  from space 21824K, 100% used [0x00000000e5560000, 0x00000000e6ab0000, 0x00000000e6ab0000)
  to   space 21824K,   0% used [0x00000000e6ab0000, 0x00000000e6ab0000, 0x00000000e8000000)
 concurrent mark-sweep generation total 393216K, used 119618K [0x00000000e8000000, 0x0000000100000000, 0x0000000100000000)
 Metaspace       used 56080K, capacity 57866K, committed 58132K, reserved 1099776K
  class space    used 6556K, capacity 6950K, committed 6976K, reserved 1048576K
2020-05-19T13:42:32.963+0000: 11109.900: [GC (Allocation Failure) 2020-05-19T13:42:32.963+0000: 11109.900: [ParNew
Desired survivor size 20112992 bytes, new threshold 7 (max 8)
- age   1:    4690152 bytes,    4690152 total
- age   2:    3030576 bytes,    7720728 total
- age   3:    3503800 bytes,   11224528 total
- age   4:    1845480 bytes,   13070008 total
- age   5:    3096896 bytes,   16166904 total
- age   7:    5201312 bytes,   21368216 total
: 109248K->21824K(109248K), 0.0165119 secs] 228866K->149773K(502464K), 0.0165918 secs] [Times: user=0.03 sys=0.02, real=0.02 secs] 
Heap after GC invocations=193 (full 11):
 par new generation   total 109248K, used 21824K [0x00000000e0000000, 0x00000000e8000000, 0x00000000e8000000)
  eden space 87424K,   0% used [0x00000000e0000000, 0x00000000e0000000, 0x00000000e5560000)
  from space 21824K, 100% used [0x00000000e6ab0000, 0x00000000e8000000, 0x00000000e8000000)
  to   space 21824K,   0% used [0x00000000e5560000, 0x00000000e5560000, 0x00000000e6ab0000)
 concurrent mark-sweep generation total 393216K, used 127949K [0x00000000e8000000, 0x0000000100000000, 0x0000000100000000)
 Metaspace       used 56080K, capacity 57866K, committed 58132K, reserved 1099776K
  class space    used 6556K, capacity 6950K, committed 6976K, reserved 1048576K
}
2020-05-19T13:42:32.980+0000: 11109.916: Total time for which application threads were stopped: 0.0168516 seconds, Stopping threads took: 0.0000547 seconds
2020-05-19T13:42:32.980+0000: 11109.917: Total time for which application threads were stopped: 0.0004925 seconds, Stopping threads took: 0.0003524 seconds
2020-05-19T13:42:32.983+0000: 11109.919: Total time for which application threads were stopped: 0.0002568 seconds, Stopping threads took: 0.0001556 seconds
2020-05-19T13:42:32.983+0000: 11109.919: Total time for which application threads were stopped: 0.0001256 seconds, Stopping threads took: 0.0000453 seconds
2020-05-19T13:42:32.984+0000: 11109.921: Total time for which application threads were stopped: 0.0003639 seconds, Stopping threads took: 0.0000608 seconds
2020-05-19T13:42:32.986+0000: 11109.923: Total time for which application threads were stopped: 0.0004154 seconds, Stopping threads took: 0.0000700 seconds
2020-05-19T13:42:33.736+0000: 11110.673: Total time for which application threads were stopped: 0.0001455 seconds, Stopping threads took: 0.0000750 seconds
2020-05-19T13:42:33.736+0000: 11110.673: Total time for which application threads were stopped: 0.0000855 seconds, Stopping threads took: 0.0000407 seconds
2020-05-19T13:42:33.736+0000: 11110.673: Total time for which application threads were stopped: 0.0000395 seconds, Stopping threads took: 0.0000120 seconds
2020-05-19T13:42:33.737+0000: 11110.675: Total time for which application threads were stopped: 0.0001116 seconds, Stopping threads took: 0.0000490 seconds
2020-05-19T13:42:33.737+0000: 11110.675: Total time for which application threads were stopped: 0.0000781 seconds, Stopping threads took: 0.0000316 seconds
2020-05-19T13:42:33.737+0000: 11110.675: Total time for which application threads were stopped: 0.0000585 seconds, Stopping threads took: 0.0000275 seconds
2020-05-19T13:42:33.738+0000: 11110.675: Total time for which application threads were stopped: 0.0000649 seconds, Stopping threads took: 0.0000274 seconds
2020-05-19T13:42:34.038+0000: 11110.975: Total time for which application threads were stopped: 0.0003386 seconds, Stopping threads took: 0.0002032 seconds
{Heap before GC invocations=193 (full 11):
 par new generation   total 109248K, used 109248K [0x00000000e0000000, 0x00000000e8000000, 0x00000000e8000000)
  eden space 87424K, 100% used [0x00000000e0000000, 0x00000000e5560000, 0x00000000e5560000)
  from space 21824K, 100% used [0x00000000e6ab0000, 0x00000000e8000000, 0x00000000e8000000)
  to   space 21824K,   0% used [0x00000000e5560000, 0x00000000e5560000, 0x00000000e6ab0000)
 concurrent mark-sweep generation total 393216K, used 127949K [0x00000000e8000000, 0x0000000100000000, 0x0000000100000000)
 Metaspace       used 56130K, capacity 57866K, committed 58132K, reserved 1099776K
  class space    used 6556K, capacity 6950K, committed 6976K, reserved 1048576K
2020-05-19T13:42:34.112+0000: 11111.049: [GC (Allocation Failure) 2020-05-19T13:42:34.112+0000: 11111.049: [ParNew
Desired survivor size 20112992 bytes, new threshold 6 (max 8)
- age   1:    7164872 bytes,    7164872 total
- age   2:    3808216 bytes,   10973088 total
- age   3:    2655720 bytes,   13628808 total
- age   4:    3503800 bytes,   17132608 total
- age   5:    1845176 bytes,   18977784 total
- age   6:    3096720 bytes,   22074504 total
: 109248K->21824K(109248K), 0.0159118 secs] 237197K->157375K(502464K), 0.0159936 secs] [Times: user=0.06 sys=0.00, real=0.02 secs] 
Heap after GC invocations=194 (full 11):
 par new generation   total 109248K, used 21824K [0x00000000e0000000, 0x00000000e8000000, 0x00000000e8000000)
  eden space 87424K,   0% used [0x00000000e0000000, 0x00000000e0000000, 0x00000000e5560000)
  from space 21824K, 100% used [0x00000000e5560000, 0x00000000e6ab0000, 0x00000000e6ab0000)
  to   space 21824K,   0% used [0x00000000e6ab0000, 0x00000000e6ab0000, 0x00000000e8000000)
 concurrent mark-sweep generation total 393216K, used 135551K [0x00000000e8000000, 0x0000000100000000, 0x0000000100000000)
 Metaspace       used 56130K, capacity 57866K, committed 58132K, reserved 1099776K
  class space    used 6556K, capacity 6950K, committed 6976K, reserved 1048576K
}
2020-05-19T13:42:34.128+0000: 11111.065: Total time for which application threads were stopped: 0.0162844 seconds, Stopping threads took: 0.0000603 seconds
2020-05-19T13:42:34.128+0000: 11111.066: Total time for which application threads were stopped: 0.0001997 seconds, Stopping threads took: 0.0000651 seconds
2020-05-19T13:42:34.128+0000: 11111.066: Total time for which application threads were stopped: 0.0001498 seconds, Stopping threads took: 0.0000435 seconds
2020-05-19T13:42:34.138+0000: 11111.075: Total time for which application threads were stopped: 0.0001412 seconds, Stopping threads took: 0.0000626 seconds
{Heap before GC invocations=194 (full 11):
 par new generation   total 109248K, used 109248K [0x00000000e0000000, 0x00000000e8000000, 0x00000000e8000000)
  eden space 87424K, 100% used [0x00000000e0000000, 0x00000000e5560000, 0x00000000e5560000)
  from space 21824K, 100% used [0x00000000e5560000, 0x00000000e6ab0000, 0x00000000e6ab0000)
  to   space 21824K,   0% used [0x00000000e6ab0000, 0x00000000e6ab0000, 0x00000000e8000000)
 concurrent mark-sweep generation total 393216K, used 135551K [0x00000000e8000000, 0x0000000100000000, 0x0000000100000000)
 Metaspace       used 56135K, capacity 57866K, committed 58132K, reserved 1099776K
  class space    used 6556K, capacity 6950K, committed 6976K, reserved 1048576K
2020-05-19T13:42:34.206+0000: 11111.143: [GC (Allocation Failure) 2020-05-19T13:42:34.206+0000: 11111.143: [ParNew
Desired survivor size 20112992 bytes, new threshold 6 (max 8)
- age   1:    4519168 bytes,    4519168 total
- age   2:    4228056 bytes,    8747224 total
- age   3:    3803832 bytes,   12551056 total
- age   4:    2562168 bytes,   15113224 total
- age   5:    3503800 bytes,   18617024 total
- age   6:    1843568 bytes,   20460592 total
: 109248K->21824K(109248K), 0.0157342 secs] 244799K->167115K(502464K), 0.0158243 secs] [Times: user=0.06 sys=0.00, real=0.01 secs] 
Heap after GC invocations=195 (full 11):
 par new generation   total 109248K, used 21824K [0x00000000e0000000, 0x00000000e8000000, 0x00000000e8000000)
  eden space 87424K,   0% used [0x00000000e0000000, 0x00000000e0000000, 0x00000000e5560000)
  from space 21824K, 100% used [0x00000000e6ab0000, 0x00000000e8000000, 0x00000000e8000000)
  to   space 21824K,   0% used [0x00000000e5560000, 0x00000000e5560000, 0x00000000e6ab0000)
 concurrent mark-sweep generation total 393216K, used 145291K [0x00000000e8000000, 0x0000000100000000, 0x0000000100000000)
 Metaspace       used 56135K, capacity 57866K, committed 58132K, reserved 1099776K
  class space    used 6556K, capacity 6950K, committed 6976K, reserved 1048576K
}
2020-05-19T13:42:34.221+0000: 11111.159: Total time for which application threads were stopped: 0.0160833 seconds, Stopping threads took: 0.0000613 seconds
2020-05-19T13:42:34.222+0000: 11111.159: Total time for which application threads were stopped: 0.0001611 seconds, Stopping threads took: 0.0000608 seconds
2020-05-19T13:42:34.222+0000: 11111.159: Total time for which application threads were stopped: 0.0001616 seconds, Stopping threads took: 0.0000590 seconds
2020-05-19T13:42:34.222+0000: 11111.159: Total time for which application threads were stopped: 0.0001238 seconds, Stopping threads took: 0.0000663 seconds
2020-05-19T13:42:34.248+0000: 11111.186: Total time for which application threads were stopped: 0.0002160 seconds, Stopping threads took: 0.0000640 seconds
{Heap before GC invocations=195 (full 11):
 par new generation   total 109248K, used 109248K [0x00000000e0000000, 0x00000000e8000000, 0x00000000e8000000)
  eden space 87424K, 100% used [0x00000000e0000000, 0x00000000e5560000, 0x00000000e5560000)
  from space 21824K, 100% used [0x00000000e6ab0000, 0x00000000e8000000, 0x00000000e8000000)
  to   space 21824K,   0% used [0x00000000e5560000, 0x00000000e5560000, 0x00000000e6ab0000)
 concurrent mark-sweep generation total 393216K, used 145291K [0x00000000e8000000, 0x0000000100000000, 0x0000000100000000)
 Metaspace       used 56136K, capacity 57866K, committed 58132K, reserved 1099776K
  class space    used 6556K, capacity 6950K, committed 6976K, reserved 1048576K
2020-05-19T13:42:34.316+0000: 11111.253: [GC (Allocation Failure) 2020-05-19T13:42:34.316+0000: 11111.253: [ParNew
Desired survivor size 20112992 bytes, new threshold 6 (max 8)
- age   1:    5016640 bytes,    5016640 total
- age   2:    3223504 bytes,    8240144 total
- age   3:    4222784 bytes,   12462928 total
- age   4:    3803832 bytes,   16266760 total
- age   5:    2562024 bytes,   18828784 total
- age   6:    3503800 bytes,   22332584 total
: 109248K->21824K(109248K), 0.0147450 secs] 254539K->174447K(502464K), 0.0148951 secs] [Times: user=0.06 sys=0.00, real=0.02 secs] 
Heap after GC invocations=196 (full 11):
 par new generation   total 109248K, used 21824K [0x00000000e0000000, 0x00000000e8000000, 0x00000000e8000000)
  eden space 87424K,   0% used [0x00000000e0000000, 0x00000000e0000000, 0x00000000e5560000)
  from space 21824K, 100% used [0x00000000e5560000, 0x00000000e6ab0000, 0x00000000e6ab0000)
  to   space 21824K,   0% used [0x00000000e6ab0000, 0x00000000e6ab0000, 0x00000000e8000000)
 concurrent mark-sweep generation total 393216K, used 152623K [0x00000000e8000000, 0x0000000100000000, 0x0000000100000000)
 Metaspace       used 56136K, capacity 57866K, committed 58132K, reserved 1099776K
  class space    used 6556K, capacity 6950K, committed 6976K, reserved 1048576K
}
2020-05-19T13:42:34.331+0000: 11111.268: Total time for which application threads were stopped: 0.0151584 seconds, Stopping threads took: 0.0000939 seconds
2020-05-19T13:42:34.331+0000: 11111.268: Total time for which application threads were stopped: 0.0001665 seconds, Stopping threads took: 0.0000664 seconds
2020-05-19T13:42:34.331+0000: 11111.268: Total time for which application threads were stopped: 0.0001071 seconds, Stopping threads took: 0.0000426 seconds
2020-05-19T13:42:34.936+0000: 11111.873: Total time for which application threads were stopped: 0.0001819 seconds, Stopping threads took: 0.0001126 seconds
2020-05-19T13:42:34.936+0000: 11111.873: Total time for which application threads were stopped: 0.0000879 seconds, Stopping threads took: 0.0000398 seconds
2020-05-19T13:42:34.938+0000: 11111.874: Total time for which application threads were stopped: 0.0001200 seconds, Stopping threads took: 0.0000392 seconds
2020-05-19T13:42:34.938+0000: 11111.875: Total time for which application threads were stopped: 0.0000944 seconds, Stopping threads took: 0.0000364 seconds
2020-05-19T13:42:34.938+0000: 11111.875: Total time for which application threads were stopped: 0.0000485 seconds, Stopping threads took: 0.0000118 seconds
2020-05-19T13:42:34.938+0000: 11111.875: Total time for which application threads were stopped: 0.0001400 seconds, Stopping threads took: 0.0000093 seconds
2020-05-19T13:42:35.939+0000: 11112.875: Total time for which application threads were stopped: 0.0001714 seconds, Stopping threads took: 0.0000873 seconds
2020-05-19T13:42:44.943+0000: 11121.880: Total time for which application threads were stopped: 0.0001259 seconds, Stopping threads took: 0.0000573 seconds
2020-05-19T13:42:49.060+0000: 11125.996: Total time for which application threads were stopped: 0.0000848 seconds, Stopping threads took: 0.0000232 seconds
2020-05-19T13:43:45.082+0000: 11182.019: Total time for which application threads were stopped: 0.0001243 seconds, Stopping threads took: 0.0000355 seconds
2020-05-19T13:46:48.700+0000: 11365.637: Total time for which application threads were stopped: 0.0001746 seconds, Stopping threads took: 0.0000555 seconds
2020-05-19T13:46:48.708+0000: 11365.645: Total time for which application threads were stopped: 0.0000779 seconds, Stopping threads took: 0.0000210 seconds
2020-05-19T13:46:48.764+0000: 11365.701: Total time for which application threads were stopped: 0.0001742 seconds, Stopping threads took: 0.0000888 seconds
{Heap before GC invocations=196 (full 11):
 par new generation   total 109248K, used 109248K [0x00000000e0000000, 0x00000000e8000000, 0x00000000e8000000)
  eden space 87424K, 100% used [0x00000000e0000000, 0x00000000e5560000, 0x00000000e5560000)
  from space 21824K, 100% used [0x00000000e5560000, 0x00000000e6ab0000, 0x00000000e6ab0000)
  to   space 21824K,   0% used [0x00000000e6ab0000, 0x00000000e6ab0000, 0x00000000e8000000)
 concurrent mark-sweep generation total 393216K, used 152623K [0x00000000e8000000, 0x0000000100000000, 0x0000000100000000)
 Metaspace       used 56142K, capacity 57866K, committed 58132K, reserved 1099776K
  class space    used 6556K, capacity 6950K, committed 6976K, reserved 1048576K
2020-05-19T13:46:48.804+0000: 11365.741: [GC (Allocation Failure) 2020-05-19T13:46:48.804+0000: 11365.741: [ParNew
Desired survivor size 20112992 bytes, new threshold 6 (max 8)
- age   1:    3810680 bytes,    3810680 total
- age   2:    4097456 bytes,    7908136 total
- age   3:    2982536 bytes,   10890672 total
- age   4:    4117544 bytes,   15008216 total
- age   5:    3803832 bytes,   18812048 total
- age   6:    2561616 bytes,   21373664 total
: 109248K->21824K(109248K), 0.0145187 secs] 261871K->180207K(502464K), 0.0146297 secs] [Times: user=0.06 sys=0.00, real=0.02 secs] 
Heap after GC invocations=197 (full 11):
 par new generation   total 109248K, used 21824K [0x00000000e0000000, 0x00000000e8000000, 0x00000000e8000000)
  eden space 87424K,   0% used [0x00000000e0000000, 0x00000000e0000000, 0x00000000e5560000)
  from space 21824K, 100% used [0x00000000e6ab0000, 0x00000000e8000000, 0x00000000e8000000)
  to   space 21824K,   0% used [0x00000000e5560000, 0x00000000e5560000, 0x00000000e6ab0000)
 concurrent mark-sweep generation total 393216K, used 158383K [0x00000000e8000000, 0x0000000100000000, 0x0000000100000000)
 Metaspace       used 56142K, capacity 57866K, committed 58132K, reserved 1099776K
  class space    used 6556K, capacity 6950K, committed 6976K, reserved 1048576K
}
2020-05-19T13:46:48.819+0000: 11365.755: Total time for which application threads were stopped: 0.0148417 seconds, Stopping threads took: 0.0000420 seconds
2020-05-19T13:46:48.819+0000: 11365.756: Total time for which application threads were stopped: 0.0002665 seconds, Stopping threads took: 0.0001580 seconds
2020-05-19T13:46:48.819+0000: 11365.756: Total time for which application threads were stopped: 0.0001464 seconds, Stopping threads took: 0.0000879 seconds
{Heap before GC invocations=197 (full 11):
 par new generation   total 109248K, used 109248K [0x00000000e0000000, 0x00000000e8000000, 0x00000000e8000000)
  eden space 87424K, 100% used [0x00000000e0000000, 0x00000000e5560000, 0x00000000e5560000)
  from space 21824K, 100% used [0x00000000e6ab0000, 0x00000000e8000000, 0x00000000e8000000)
  to   space 21824K,   0% used [0x00000000e5560000, 0x00000000e5560000, 0x00000000e6ab0000)
 concurrent mark-sweep generation total 393216K, used 158383K [0x00000000e8000000, 0x0000000100000000, 0x0000000100000000)
 Metaspace       used 56142K, capacity 57866K, committed 58132K, reserved 1099776K
  class space    used 6556K, capacity 6950K, committed 6976K, reserved 1048576K
2020-05-19T13:46:48.906+0000: 11365.844: [GC (Allocation Failure) 2020-05-19T13:46:48.907+0000: 11365.844: [ParNew
Desired survivor size 20112992 bytes, new threshold 6 (max 8)
- age   1:    5401464 bytes,    5401464 total
- age   2:    3186032 bytes,    8587496 total
- age   3:    2955304 bytes,   11542800 total
- age   4:    2979272 bytes,   14522072 total
- age   5:    4019368 bytes,   18541440 total
- age   6:    3778024 bytes,   22319464 total
: 109248K->21824K(109248K), 0.0187072 secs] 267631K->190823K(502464K), 0.0187781 secs] [Times: user=0.06 sys=0.00, real=0.02 secs] 
Heap after GC invocations=198 (full 11):
 par new generation   total 109248K, used 21824K [0x00000000e0000000, 0x00000000e8000000, 0x00000000e8000000)
  eden space 87424K,   0% used [0x00000000e0000000, 0x00000000e0000000, 0x00000000e5560000)
  from space 21824K, 100% used [0x00000000e5560000, 0x00000000e6ab0000, 0x00000000e6ab0000)
  to   space 21824K,   0% used [0x00000000e6ab0000, 0x00000000e6ab0000, 0x00000000e8000000)
 concurrent mark-sweep generation total 393216K, used 168999K [0x00000000e8000000, 0x0000000100000000, 0x0000000100000000)
 Metaspace       used 56142K, capacity 57866K, committed 58132K, reserved 1099776K
  class space    used 6556K, capacity 6950K, committed 6976K, reserved 1048576K
}
2020-05-19T13:46:48.925+0000: 11365.863: Total time for which application threads were stopped: 0.0190371 seconds, Stopping threads took: 0.0000645 seconds
2020-05-19T13:46:48.926+0000: 11365.863: Total time for which application threads were stopped: 0.0001524 seconds, Stopping threads took: 0.0000651 seconds
2020-05-19T13:46:48.926+0000: 11365.863: Total time for which application threads were stopped: 0.0001088 seconds, Stopping threads took: 0.0000386 seconds
2020-05-19T13:46:48.926+0000: 11365.863: Total time for which application threads were stopped: 0.0000823 seconds, Stopping threads took: 0.0000468 seconds
2020-05-19T13:46:48.926+0000: 11365.863: Total time for which application threads were stopped: 0.0000808 seconds, Stopping threads took: 0.0000491 seconds
2020-05-19T13:46:49.581+0000: 11366.518: Total time for which application threads were stopped: 0.0002107 seconds, Stopping threads took: 0.0001144 seconds
2020-05-19T13:46:49.581+0000: 11366.518: Total time for which application threads were stopped: 0.0000514 seconds, Stopping threads took: 0.0000130 seconds
2020-05-19T13:46:49.581+0000: 11366.518: Total time for which application threads were stopped: 0.0000407 seconds, Stopping threads took: 0.0000129 seconds
2020-05-19T13:46:49.582+0000: 11366.519: Total time for which application threads were stopped: 0.0001623 seconds, Stopping threads took: 0.0000465 seconds
2020-05-19T13:46:49.583+0000: 11366.519: Total time for which application threads were stopped: 0.0001541 seconds, Stopping threads took: 0.0001012 seconds
2020-05-19T13:46:49.583+0000: 11366.520: Total time for which application threads were stopped: 0.0000887 seconds, Stopping threads took: 0.0000359 seconds
2020-05-19T13:47:03.710+0000: 11380.647: Total time for which application threads were stopped: 0.0000932 seconds, Stopping threads took: 0.0000256 seconds
2020-05-19T13:48:00.881+0000: 11437.819: Total time for which application threads were stopped: 0.0002543 seconds, Stopping threads took: 0.0001920 seconds
2020-05-19T13:48:00.884+0000: 11437.821: Total time for which application threads were stopped: 0.0001862 seconds, Stopping threads took: 0.0000422 seconds
2020-05-19T13:48:00.894+0000: 11437.831: Total time for which application threads were stopped: 0.0000790 seconds, Stopping threads took: 0.0000198 seconds
2020-05-19T13:48:00.895+0000: 11437.832: Total time for which application threads were stopped: 0.0000776 seconds, Stopping threads took: 0.0000176 seconds
{Heap before GC invocations=198 (full 11):
 par new generation   total 109248K, used 109248K [0x00000000e0000000, 0x00000000e8000000, 0x00000000e8000000)
  eden space 87424K, 100% used [0x00000000e0000000, 0x00000000e5560000, 0x00000000e5560000)
  from space 21824K, 100% used [0x00000000e5560000, 0x00000000e6ab0000, 0x00000000e6ab0000)
  to   space 21824K,   0% used [0x00000000e6ab0000, 0x00000000e6ab0000, 0x00000000e8000000)
 concurrent mark-sweep generation total 393216K, used 168999K [0x00000000e8000000, 0x0000000100000000, 0x0000000100000000)
 Metaspace       used 56152K, capacity 57930K, committed 58132K, reserved 1099776K
  class space    used 6556K, capacity 6950K, committed 6976K, reserved 1048576K
2020-05-19T13:48:00.934+0000: 11437.871: [GC (Allocation Failure) 2020-05-19T13:48:00.934+0000: 11437.871: [ParNew
Desired survivor size 20112992 bytes, new threshold 6 (max 8)
- age   1:    7502224 bytes,    7502224 total
- age   2:    3776336 bytes,   11278560 total
- age   3:    2720000 bytes,   13998560 total
- age   4:    2937648 bytes,   16936208 total
- age   5:    1442336 bytes,   18378544 total
- age   6:    3884416 bytes,   22262960 total
: 109248K->21824K(109248K), 0.0174411 secs] 278247K->198244K(502464K), 0.0175112 secs] [Times: user=0.06 sys=0.00, real=0.02 secs] 
Heap after GC invocations=199 (full 11):
 par new generation   total 109248K, used 21824K [0x00000000e0000000, 0x00000000e8000000, 0x00000000e8000000)
  eden space 87424K,   0% used [0x00000000e0000000, 0x00000000e0000000, 0x00000000e5560000)
  from space 21824K, 100% used [0x00000000e6ab0000, 0x00000000e8000000, 0x00000000e8000000)
  to   space 21824K,   0% used [0x00000000e5560000, 0x00000000e5560000, 0x00000000e6ab0000)
 concurrent mark-sweep generation total 393216K, used 176420K [0x00000000e8000000, 0x0000000100000000, 0x0000000100000000)
 Metaspace       used 56152K, capacity 57930K, committed 58132K, reserved 1099776K
  class space    used 6556K, capacity 6950K, committed 6976K, reserved 1048576K
}
2020-05-19T13:48:00.952+0000: 11437.889: Total time for which application threads were stopped: 0.0177580 seconds, Stopping threads took: 0.0000544 seconds
2020-05-19T13:48:00.952+0000: 11437.889: Total time for which application threads were stopped: 0.0002922 seconds, Stopping threads took: 0.0001987 seconds
2020-05-19T13:48:00.952+0000: 11437.889: Total time for which application threads were stopped: 0.0000919 seconds, Stopping threads took: 0.0000479 seconds
2020-05-19T13:48:00.966+0000: 11437.903: Total time for which application threads were stopped: 0.0001312 seconds, Stopping threads took: 0.0000500 seconds
{Heap before GC invocations=199 (full 11):
 par new generation   total 109248K, used 109248K [0x00000000e0000000, 0x00000000e8000000, 0x00000000e8000000)
  eden space 87424K, 100% used [0x00000000e0000000, 0x00000000e5560000, 0x00000000e5560000)
  from space 21824K, 100% used [0x00000000e6ab0000, 0x00000000e8000000, 0x00000000e8000000)
  to   space 21824K,   0% used [0x00000000e5560000, 0x00000000e5560000, 0x00000000e6ab0000)
 concurrent mark-sweep generation total 393216K, used 176420K [0x00000000e8000000, 0x0000000100000000, 0x0000000100000000)
 Metaspace       used 56152K, capacity 57930K, committed 58132K, reserved 1099776K
  class space    used 6556K, capacity 6950K, committed 6976K, reserved 1048576K
2020-05-19T13:48:01.041+0000: 11437.978: [GC (Allocation Failure) 2020-05-19T13:48:01.041+0000: 11437.978: [ParNew
Desired survivor size 20112992 bytes, new threshold 5 (max 8)
- age   1:    6130264 bytes,    6130264 total
- age   2:    5168448 bytes,   11298712 total
- age   3:    3776296 bytes,   15075008 total
- age   4:    2718104 bytes,   17793112 total
- age   5:    2937648 bytes,   20730760 total
- age   6:    1442336 bytes,   22173096 total
: 109248K->21824K(109248K), 0.0154511 secs] 285668K->206324K(502464K), 0.0155196 secs] [Times: user=0.05 sys=0.02, real=0.02 secs] 
Heap after GC invocations=200 (full 11):
 par new generation   total 109248K, used 21824K [0x00000000e0000000, 0x00000000e8000000, 0x00000000e8000000)
  eden space 87424K,   0% used [0x00000000e0000000, 0x00000000e0000000, 0x00000000e5560000)
  from space 21824K, 100% used [0x00000000e5560000, 0x00000000e6ab0000, 0x00000000e6ab0000)
  to   space 21824K,   0% used [0x00000000e6ab0000, 0x00000000e6ab0000, 0x00000000e8000000)
 concurrent mark-sweep generation total 393216K, used 184500K [0x00000000e8000000, 0x0000000100000000, 0x0000000100000000)
 Metaspace       used 56152K, capacity 57930K, committed 58132K, reserved 1099776K
  class space    used 6556K, capacity 6950K, committed 6976K, reserved 1048576K
}
2020-05-19T13:48:01.057+0000: 11437.994: Total time for which application threads were stopped: 0.0157532 seconds, Stopping threads took: 0.0000610 seconds
2020-05-19T13:48:01.057+0000: 11437.994: Total time for which application threads were stopped: 0.0001824 seconds, Stopping threads took: 0.0000575 seconds
2020-05-19T13:48:01.058+0000: 11437.994: Total time for which application threads were stopped: 0.0001182 seconds, Stopping threads took: 0.0000455 seconds
{Heap before GC invocations=200 (full 11):
 par new generation   total 109248K, used 109248K [0x00000000e0000000, 0x00000000e8000000, 0x00000000e8000000)
  eden space 87424K, 100% used [0x00000000e0000000, 0x00000000e5560000, 0x00000000e5560000)
  from space 21824K, 100% used [0x00000000e5560000, 0x00000000e6ab0000, 0x00000000e6ab0000)
  to   space 21824K,   0% used [0x00000000e6ab0000, 0x00000000e6ab0000, 0x00000000e8000000)
 concurrent mark-sweep generation total 393216K, used 184500K [0x00000000e8000000, 0x0000000100000000, 0x0000000100000000)
 Metaspace       used 56152K, capacity 57930K, committed 58132K, reserved 1099776K
  class space    used 6556K, capacity 6950K, committed 6976K, reserved 1048576K
2020-05-19T13:48:01.136+0000: 11438.073: [GC (Allocation Failure) 2020-05-19T13:48:01.136+0000: 11438.073: [ParNew
Desired survivor size 20112992 bytes, new threshold 5 (max 8)
- age   1:    7581480 bytes,    7581480 total
- age   2:    2656760 bytes,   10238240 total
- age   3:    4576392 bytes,   14814632 total
- age   4:    3776296 bytes,   18590928 total
- age   5:    2718104 bytes,   21309032 total
: 109248K->21824K(109248K), 0.0143418 secs] 293748K->213168K(502464K), 0.0144061 secs] [Times: user=0.06 sys=0.00, real=0.01 secs] 
Heap after GC invocations=201 (full 11):
 par new generation   total 109248K, used 21824K [0x00000000e0000000, 0x00000000e8000000, 0x00000000e8000000)
  eden space 87424K,   0% used [0x00000000e0000000, 0x00000000e0000000, 0x00000000e5560000)
  from space 21824K, 100% used [0x00000000e6ab0000, 0x00000000e8000000, 0x00000000e8000000)
  to   space 21824K,   0% used [0x00000000e5560000, 0x00000000e5560000, 0x00000000e6ab0000)
 concurrent mark-sweep generation total 393216K, used 191344K [0x00000000e8000000, 0x0000000100000000, 0x0000000100000000)
 Metaspace       used 56152K, capacity 57930K, committed 58132K, reserved 1099776K
  class space    used 6556K, capacity 6950K, committed 6976K, reserved 1048576K
}
2020-05-19T13:48:01.150+0000: 11438.087: Total time for which application threads were stopped: 0.0146367 seconds, Stopping threads took: 0.0000555 seconds
2020-05-19T13:48:01.151+0000: 11438.087: Total time for which application threads were stopped: 0.0001512 seconds, Stopping threads took: 0.0000567 seconds
2020-05-19T13:48:01.151+0000: 11438.087: Total time for which application threads were stopped: 0.0001085 seconds, Stopping threads took: 0.0000457 seconds
2020-05-19T13:48:02.151+0000: 11439.088: Total time for which application threads were stopped: 0.0002000 seconds, Stopping threads took: 0.0000535 seconds
2020-05-19T13:48:02.218+0000: 11439.154: Total time for which application threads were stopped: 0.0001189 seconds, Stopping threads took: 0.0000560 seconds
2020-05-19T13:48:02.218+0000: 11439.155: Total time for which application threads were stopped: 0.0001651 seconds, Stopping threads took: 0.0001089 seconds
2020-05-19T13:48:02.218+0000: 11439.155: Total time for which application threads were stopped: 0.0001229 seconds, Stopping threads took: 0.0000506 seconds
2020-05-19T13:48:02.219+0000: 11439.156: Total time for which application threads were stopped: 0.0001574 seconds, Stopping threads took: 0.0001041 seconds
2020-05-19T13:48:02.219+0000: 11439.156: Total time for which application threads were stopped: 0.0000745 seconds, Stopping threads took: 0.0000376 seconds
2020-05-19T13:48:02.219+0000: 11439.156: Total time for which application threads were stopped: 0.0000417 seconds, Stopping threads took: 0.0000144 seconds
2020-05-19T13:48:02.219+0000: 11439.156: Total time for which application threads were stopped: 0.0000404 seconds, Stopping threads took: 0.0000141 seconds
2020-05-19T13:48:15.896+0000: 11452.833: Total time for which application threads were stopped: 0.0001160 seconds, Stopping threads took: 0.0000296 seconds
2020-05-19T13:48:59.729+0000: 11496.666: Total time for which application threads were stopped: 0.0003286 seconds, Stopping threads took: 0.0002626 seconds
2020-05-19T13:48:59.732+0000: 11496.669: Total time for which application threads were stopped: 0.0003285 seconds, Stopping threads took: 0.0002509 seconds
2020-05-19T13:48:59.744+0000: 11496.681: Total time for which application threads were stopped: 0.0001003 seconds, Stopping threads took: 0.0000299 seconds
2020-05-19T13:48:59.745+0000: 11496.682: Total time for which application threads were stopped: 0.0000971 seconds, Stopping threads took: 0.0000274 seconds
2020-05-19T13:48:59.805+0000: 11496.742: Total time for which application threads were stopped: 0.0001638 seconds, Stopping threads took: 0.0000592 seconds
{Heap before GC invocations=201 (full 11):
 par new generation   total 109248K, used 109248K [0x00000000e0000000, 0x00000000e8000000, 0x00000000e8000000)
  eden space 87424K, 100% used [0x00000000e0000000, 0x00000000e5560000, 0x00000000e5560000)
  from space 21824K, 100% used [0x00000000e6ab0000, 0x00000000e8000000, 0x00000000e8000000)
  to   space 21824K,   0% used [0x00000000e5560000, 0x00000000e5560000, 0x00000000e6ab0000)
 concurrent mark-sweep generation total 393216K, used 191344K [0x00000000e8000000, 0x0000000100000000, 0x0000000100000000)
 Metaspace       used 56180K, capacity 57930K, committed 58132K, reserved 1099776K
  class space    used 6556K, capacity 6950K, committed 6976K, reserved 1048576K
2020-05-19T13:48:59.839+0000: 11496.776: [GC (Allocation Failure) 2020-05-19T13:48:59.839+0000: 11496.776: [ParNew
Desired survivor size 20112992 bytes, new threshold 5 (max 8)
- age   1:    6831368 bytes,    6831368 total
- age   2:    3487528 bytes,   10318896 total
- age   3:    2181128 bytes,   12500024 total
- age   4:    4468736 bytes,   16968760 total
- age   5:    3776296 bytes,   20745056 total
: 109248K->21824K(109248K), 0.0130216 secs] 300592K->218768K(502464K), 0.0131398 secs] [Times: user=0.00 sys=0.00, real=0.01 secs] 
Heap after GC invocations=202 (full 11):
 par new generation   total 109248K, used 21824K [0x00000000e0000000, 0x00000000e8000000, 0x00000000e8000000)
  eden space 87424K,   0% used [0x00000000e0000000, 0x00000000e0000000, 0x00000000e5560000)
  from space 21824K, 100% used [0x00000000e5560000, 0x00000000e6ab0000, 0x00000000e6ab0000)
  to   space 21824K,   0% used [0x00000000e6ab0000, 0x00000000e6ab0000, 0x00000000e8000000)
 concurrent mark-sweep generation total 393216K, used 196944K [0x00000000e8000000, 0x0000000100000000, 0x0000000100000000)
 Metaspace       used 56180K, capacity 57930K, committed 58132K, reserved 1099776K
  class space    used 6556K, capacity 6950K, committed 6976K, reserved 1048576K
}
2020-05-19T13:48:59.852+0000: 11496.789: Total time for which application threads were stopped: 0.0135548 seconds, Stopping threads took: 0.0001264 seconds
2020-05-19T13:48:59.852+0000: 11496.789: [GC (CMS Initial Mark) [1 CMS-initial-mark: 196944K(393216K)] 219570K(502464K), 0.0036803 secs] [Times: user=0.00 sys=0.00, real=0.00 secs] 
2020-05-19T13:48:59.856+0000: 11496.793: Total time for which application threads were stopped: 0.0038445 seconds, Stopping threads took: 0.0000596 seconds
2020-05-19T13:48:59.856+0000: 11496.793: [CMS-concurrent-mark-start]
2020-05-19T13:48:59.877+0000: 11496.813: [CMS-concurrent-mark: 0.021/0.021 secs] [Times: user=0.06 sys=0.00, real=0.02 secs] 
2020-05-19T13:48:59.877+0000: 11496.814: Total time for which application threads were stopped: 0.0002977 seconds, Stopping threads took: 0.0001737 seconds
2020-05-19T13:48:59.877+0000: 11496.814: [CMS-concurrent-preclean-start]
2020-05-19T13:48:59.877+0000: 11496.814: Total time for which application threads were stopped: 0.0001222 seconds, Stopping threads took: 0.0000542 seconds
2020-05-19T13:48:59.879+0000: 11496.815: [CMS-concurrent-preclean: 0.001/0.001 secs] [Times: user=0.00 sys=0.00, real=0.00 secs] 
2020-05-19T13:48:59.879+0000: 11496.815: [CMS-concurrent-abortable-preclean-start]
{Heap before GC invocations=202 (full 12):
 par new generation   total 109248K, used 109248K [0x00000000e0000000, 0x00000000e8000000, 0x00000000e8000000)
  eden space 87424K, 100% used [0x00000000e0000000, 0x00000000e5560000, 0x00000000e5560000)
  from space 21824K, 100% used [0x00000000e5560000, 0x00000000e6ab0000, 0x00000000e6ab0000)
  to   space 21824K,   0% used [0x00000000e6ab0000, 0x00000000e6ab0000, 0x00000000e8000000)
 concurrent mark-sweep generation total 393216K, used 196944K [0x00000000e8000000, 0x0000000100000000, 0x0000000100000000)
 Metaspace       used 56180K, capacity 57930K, committed 58132K, reserved 1099776K
  class space    used 6556K, capacity 6950K, committed 6976K, reserved 1048576K
2020-05-19T13:48:59.966+0000: 11496.903: [GC (Allocation Failure) 2020-05-19T13:48:59.966+0000: 11496.903: [ParNew
Desired survivor size 20112992 bytes, new threshold 5 (max 8)
- age   1:    9718920 bytes,    9718920 total
- age   2:    2589880 bytes,   12308800 total
- age   3:    3402984 bytes,   15711784 total
- age   4:    2180592 bytes,   17892376 total
- age   5:    4373312 bytes,   22265688 total
: 109248K->21824K(109248K), 0.0141736 secs] 306192K->225177K(502464K), 0.0142410 secs] [Times: user=0.02 sys=0.00, real=0.01 secs] 
Heap after GC invocations=203 (full 12):
 par new generation   total 109248K, used 21824K [0x00000000e0000000, 0x00000000e8000000, 0x00000000e8000000)
  eden space 87424K,   0% used [0x00000000e0000000, 0x00000000e0000000, 0x00000000e5560000)
  from space 21824K, 100% used [0x00000000e6ab0000, 0x00000000e8000000, 0x00000000e8000000)
  to   space 21824K,   0% used [0x00000000e5560000, 0x00000000e5560000, 0x00000000e6ab0000)
 concurrent mark-sweep generation total 393216K, used 203353K [0x00000000e8000000, 0x0000000100000000, 0x0000000100000000)
 Metaspace       used 56180K, capacity 57930K, committed 58132K, reserved 1099776K
  class space    used 6556K, capacity 6950K, committed 6976K, reserved 1048576K
}
2020-05-19T13:48:59.980+0000: 11496.917: Total time for which application threads were stopped: 0.0144919 seconds, Stopping threads took: 0.0000607 seconds
2020-05-19T13:48:59.980+0000: 11496.917: [CMS-concurrent-abortable-preclean: 0.052/0.102 secs] [Times: user=0.25 sys=0.00, real=0.10 secs] 
2020-05-19T13:48:59.980+0000: 11496.918: Total time for which application threads were stopped: 0.0001939 seconds, Stopping threads took: 0.0000591 seconds
2020-05-19T13:48:59.980+0000: 11496.918: [GC (CMS Final Remark) [YG occupancy: 22958 K (109248 K)]2020-05-19T13:48:59.980+0000: 11496.918: [Rescan (parallel) , 0.0047895 secs]2020-05-19T13:48:59.985+0000: 11496.923: [weak refs processing, 0.0048171 secs]2020-05-19T13:48:59.990+0000: 11496.927: [class unloading, 0.0109049 secs]2020-05-19T13:49:00.001+0000: 11496.938: [scrub symbol table, 0.0132832 secs]2020-05-19T13:49:00.014+0000: 11496.952: [scrub string table, 0.0005993 secs][1 CMS-remark: 203353K(393216K)] 226312K(502464K), 0.0347072 secs] [Times: user=0.03 sys=0.00, real=0.04 secs] 
2020-05-19T13:49:00.015+0000: 11496.953: Total time for which application threads were stopped: 0.0348574 seconds, Stopping threads took: 0.0000532 seconds
2020-05-19T13:49:00.015+0000: 11496.953: Total time for which application threads were stopped: 0.0001544 seconds, Stopping threads took: 0.0000747 seconds
2020-05-19T13:49:00.016+0000: 11496.953: [CMS-concurrent-sweep-start]
{Heap before GC invocations=203 (full 12):
 par new generation   total 109248K, used 22958K [0x00000000e0000000, 0x00000000e8000000, 0x00000000e8000000)
  eden space 87424K,   1% used [0x00000000e0000000, 0x00000000e011b908, 0x00000000e5560000)
  from space 21824K, 100% used [0x00000000e6ab0000, 0x00000000e8000000, 0x00000000e8000000)
  to   space 21824K,   0% used [0x00000000e5560000, 0x00000000e5560000, 0x00000000e6ab0000)
 concurrent mark-sweep generation total 393216K, used 203353K [0x00000000e8000000, 0x0000000100000000, 0x0000000100000000)
 Metaspace       used 56180K, capacity 57930K, committed 58132K, reserved 1099776K
  class space    used 6556K, capacity 6950K, committed 6976K, reserved 1048576K
2020-05-19T13:49:00.016+0000: 11496.953: [GC (GCLocker Initiated GC) 2020-05-19T13:49:00.016+0000: 11496.953: [ParNew
Desired survivor size 20112992 bytes, new threshold 8 (max 8)
- age   1:       3216 bytes,       3216 total
- age   2:    9385984 bytes,    9389200 total
- age   3:    2589528 bytes,   11978728 total
- age   4:    3305552 bytes,   15284280 total
- age   5:    2167984 bytes,   17452264 total
: 22958K->21824K(109248K), 0.0113857 secs] 226312K->229442K(502464K), 0.0114585 secs] [Times: user=0.06 sys=0.00, real=0.01 secs] 
Heap after GC invocations=204 (full 12):
 par new generation   total 109248K, used 21824K [0x00000000e0000000, 0x00000000e8000000, 0x00000000e8000000)
  eden space 87424K,   0% used [0x00000000e0000000, 0x00000000e0000000, 0x00000000e5560000)
  from space 21824K, 100% used [0x00000000e5560000, 0x00000000e6ab0000, 0x00000000e6ab0000)
  to   space 21824K,   0% used [0x00000000e6ab0000, 0x00000000e6ab0000, 0x00000000e8000000)
 concurrent mark-sweep generation total 393216K, used 207618K [0x00000000e8000000, 0x0000000100000000, 0x0000000100000000)
 Metaspace       used 56180K, capacity 57930K, committed 58132K, reserved 1099776K
  class space    used 6556K, capacity 6950K, committed 6976K, reserved 1048576K
}
2020-05-19T13:49:00.027+0000: 11496.965: Total time for which application threads were stopped: 0.0116834 seconds, Stopping threads took: 0.0000279 seconds
2020-05-19T13:49:00.027+0000: 11496.965: Total time for which application threads were stopped: 0.0001351 seconds, Stopping threads took: 0.0000574 seconds
2020-05-19T13:49:00.028+0000: 11496.966: Total time for which application threads were stopped: 0.0002740 seconds, Stopping threads took: 0.0000409 seconds
2020-05-19T13:49:00.028+0000: 11496.966: Total time for which application threads were stopped: 0.0001524 seconds, Stopping threads took: 0.0000425 seconds
2020-05-19T13:49:00.033+0000: 11496.970: Total time for which application threads were stopped: 0.0003665 seconds, Stopping threads took: 0.0000661 seconds
2020-05-19T13:49:00.089+0000: 11497.026: [CMS-concurrent-sweep: 0.072/0.073 secs] [Times: user=0.25 sys=0.00, real=0.07 secs] 
2020-05-19T13:49:00.089+0000: 11497.026: [CMS-concurrent-reset-start]
2020-05-19T13:49:00.090+0000: 11497.027: [CMS-concurrent-reset: 0.001/0.001 secs] [Times: user=0.00 sys=0.00, real=0.00 secs] 
2020-05-19T13:49:00.667+0000: 11497.604: Total time for which application threads were stopped: 0.0002922 seconds, Stopping threads took: 0.0000510 seconds
2020-05-19T13:49:00.668+0000: 11497.604: Total time for which application threads were stopped: 0.0001389 seconds, Stopping threads took: 0.0000867 seconds
2020-05-19T13:49:00.669+0000: 11497.605: Total time for which application threads were stopped: 0.0001372 seconds, Stopping threads took: 0.0000742 seconds
2020-05-19T13:49:00.669+0000: 11497.606: Total time for which application threads were stopped: 0.0000756 seconds, Stopping threads took: 0.0000315 seconds
2020-05-19T13:49:00.669+0000: 11497.606: Total time for which application threads were stopped: 0.0000644 seconds, Stopping threads took: 0.0000332 seconds
2020-05-19T13:49:00.669+0000: 11497.606: Total time for which application threads were stopped: 0.0000634 seconds, Stopping threads took: 0.0000326 seconds
2020-05-19T13:49:14.746+0000: 11511.683: Total time for which application threads were stopped: 0.0001050 seconds, Stopping threads took: 0.0000300 seconds
2020-05-19T13:49:30.458+0000: 11527.395: Total time for which application threads were stopped: 0.0002319 seconds, Stopping threads took: 0.0001185 seconds
2020-05-19T13:49:30.463+0000: 11527.400: Total time for which application threads were stopped: 0.0001781 seconds, Stopping threads took: 0.0000317 seconds
2020-05-19T13:49:30.465+0000: 11527.402: Total time for which application threads were stopped: 0.0004770 seconds, Stopping threads took: 0.0000335 seconds
2020-05-19T13:49:30.476+0000: 11527.412: Total time for which application threads were stopped: 0.0001753 seconds, Stopping threads took: 0.0000538 seconds
2020-05-19T13:49:30.478+0000: 11527.414: Total time for which application threads were stopped: 0.0001281 seconds, Stopping threads took: 0.0000366 seconds
{Heap before GC invocations=204 (full 12):
 par new generation   total 109248K, used 109248K [0x00000000e0000000, 0x00000000e8000000, 0x00000000e8000000)
  eden space 87424K, 100% used [0x00000000e0000000, 0x00000000e5560000, 0x00000000e5560000)
  from space 21824K, 100% used [0x00000000e5560000, 0x00000000e6ab0000, 0x00000000e6ab0000)
  to   space 21824K,   0% used [0x00000000e6ab0000, 0x00000000e6ab0000, 0x00000000e8000000)
 concurrent mark-sweep generation total 393216K, used 84470K [0x00000000e8000000, 0x0000000100000000, 0x0000000100000000)
 Metaspace       used 56212K, capacity 57930K, committed 58132K, reserved 1099776K
  class space    used 6556K, capacity 6950K, committed 6976K, reserved 1048576K
2020-05-19T13:49:30.521+0000: 11527.458: [GC (Allocation Failure) 2020-05-19T13:49:30.521+0000: 11527.458: [ParNew
Desired survivor size 20112992 bytes, new threshold 6 (max 8)
- age   1:    5803384 bytes,    5803384 total
- age   2:        112 bytes,    5803496 total
- age   3:    7137592 bytes,   12941088 total
- age   4:    2261168 bytes,   15202256 total
- age   5:    3305552 bytes,   18507808 total
- age   6:    2167680 bytes,   20675488 total
: 109248K->21824K(109248K), 0.0106532 secs] 193718K->109286K(502464K), 0.0107505 secs] [Times: user=0.06 sys=0.00, real=0.01 secs] 
Heap after GC invocations=205 (full 12):
 par new generation   total 109248K, used 21824K [0x00000000e0000000, 0x00000000e8000000, 0x00000000e8000000)
  eden space 87424K,   0% used [0x00000000e0000000, 0x00000000e0000000, 0x00000000e5560000)
  from space 21824K, 100% used [0x00000000e6ab0000, 0x00000000e8000000, 0x00000000e8000000)
  to   space 21824K,   0% used [0x00000000e5560000, 0x00000000e5560000, 0x00000000e6ab0000)
 concurrent mark-sweep generation total 393216K, used 87462K [0x00000000e8000000, 0x0000000100000000, 0x0000000100000000)
 Metaspace       used 56212K, capacity 57930K, committed 58132K, reserved 1099776K
  class space    used 6556K, capacity 6950K, committed 6976K, reserved 1048576K
}
2020-05-19T13:49:30.532+0000: 11527.469: Total time for which application threads were stopped: 0.0110327 seconds, Stopping threads took: 0.0000705 seconds
2020-05-19T13:49:30.532+0000: 11527.469: Total time for which application threads were stopped: 0.0001612 seconds, Stopping threads took: 0.0000672 seconds
2020-05-19T13:49:30.533+0000: 11527.469: Total time for which application threads were stopped: 0.0001663 seconds, Stopping threads took: 0.0000631 seconds
2020-05-19T13:49:30.556+0000: 11527.494: Total time for which application threads were stopped: 0.0001272 seconds, Stopping threads took: 0.0000465 seconds
{Heap before GC invocations=205 (full 12):
 par new generation   total 109248K, used 109248K [0x00000000e0000000, 0x00000000e8000000, 0x00000000e8000000)
  eden space 87424K, 100% used [0x00000000e0000000, 0x00000000e5560000, 0x00000000e5560000)
  from space 21824K, 100% used [0x00000000e6ab0000, 0x00000000e8000000, 0x00000000e8000000)
  to   space 21824K,   0% used [0x00000000e5560000, 0x00000000e5560000, 0x00000000e6ab0000)
 concurrent mark-sweep generation total 393216K, used 87462K [0x00000000e8000000, 0x0000000100000000, 0x0000000100000000)
 Metaspace       used 56212K, capacity 57930K, committed 58132K, reserved 1099776K
  class space    used 6556K, capacity 6950K, committed 6976K, reserved 1048576K
2020-05-19T13:49:30.633+0000: 11527.571: [GC (Allocation Failure) 2020-05-19T13:49:30.633+0000: 11527.571: [ParNew
Desired survivor size 20112992 bytes, new threshold 6 (max 8)
- age   1:    5547440 bytes,    5547440 total
- age   2:    4186504 bytes,    9733944 total
- age   4:    7132840 bytes,   16866784 total
- age   5:    2163120 bytes,   19029904 total
- age   6:    3305552 bytes,   22335456 total
: 109248K->21824K(109248K), 0.0155703 secs] 196710K->118904K(502464K), 0.0156439 secs] [Times: user=0.02 sys=0.00, real=0.02 secs] 
Heap after GC invocations=206 (full 12):
 par new generation   total 109248K, used 21824K [0x00000000e0000000, 0x00000000e8000000, 0x00000000e8000000)
  eden space 87424K,   0% used [0x00000000e0000000, 0x00000000e0000000, 0x00000000e5560000)
  from space 21824K, 100% used [0x00000000e5560000, 0x00000000e6ab0000, 0x00000000e6ab0000)
  to   space 21824K,   0% used [0x00000000e6ab0000, 0x00000000e6ab0000, 0x00000000e8000000)
 concurrent mark-sweep generation total 393216K, used 97080K [0x00000000e8000000, 0x0000000100000000, 0x0000000100000000)
 Metaspace       used 56212K, capacity 57930K, committed 58132K, reserved 1099776K
  class space    used 6556K, capacity 6950K, committed 6976K, reserved 1048576K
}
2020-05-19T13:49:30.649+0000: 11527.586: Total time for which application threads were stopped: 0.0158723 seconds, Stopping threads took: 0.0000555 seconds
2020-05-19T13:49:30.649+0000: 11527.587: Total time for which application threads were stopped: 0.0001511 seconds, Stopping threads took: 0.0000646 seconds
2020-05-19T13:49:30.650+0000: 11527.587: Total time for which application threads were stopped: 0.0001182 seconds, Stopping threads took: 0.0000464 seconds
2020-05-19T13:49:30.650+0000: 11527.587: Total time for which application threads were stopped: 0.0000841 seconds, Stopping threads took: 0.0000396 seconds
{Heap before GC invocations=206 (full 12):
 par new generation   total 109248K, used 109248K [0x00000000e0000000, 0x00000000e8000000, 0x00000000e8000000)
  eden space 87424K, 100% used [0x00000000e0000000, 0x00000000e5560000, 0x00000000e5560000)
  from space 21824K, 100% used [0x00000000e5560000, 0x00000000e6ab0000, 0x00000000e6ab0000)
  to   space 21824K,   0% used [0x00000000e6ab0000, 0x00000000e6ab0000, 0x00000000e8000000)
 concurrent mark-sweep generation total 393216K, used 97080K [0x00000000e8000000, 0x0000000100000000, 0x0000000100000000)
 Metaspace       used 56212K, capacity 57930K, committed 58132K, reserved 1099776K
  class space    used 6556K, capacity 6950K, committed 6976K, reserved 1048576K
2020-05-19T13:49:30.731+0000: 11527.668: [GC (Allocation Failure) 2020-05-19T13:49:30.731+0000: 11527.668: [ParNew
Desired survivor size 20112992 bytes, new threshold 6 (max 8)
- age   1:    5377280 bytes,    5377280 total
- age   2:    3539272 bytes,    8916552 total
- age   3:    4006424 bytes,   12922976 total
- age   5:    7132840 bytes,   20055816 total
- age   6:    2162480 bytes,   22218296 total
: 109248K->21824K(109248K), 0.0142729 secs] 206328K->127971K(502464K), 0.0143338 secs] [Times: user=0.05 sys=0.02, real=0.02 secs] 
Heap after GC invocations=207 (full 12):
 par new generation   total 109248K, used 21824K [0x00000000e0000000, 0x00000000e8000000, 0x00000000e8000000)
  eden space 87424K,   0% used [0x00000000e0000000, 0x00000000e0000000, 0x00000000e5560000)
  from space 21824K, 100% used [0x00000000e6ab0000, 0x00000000e8000000, 0x00000000e8000000)
  to   space 21824K,   0% used [0x00000000e5560000, 0x00000000e5560000, 0x00000000e6ab0000)
 concurrent mark-sweep generation total 393216K, used 106147K [0x00000000e8000000, 0x0000000100000000, 0x0000000100000000)
 Metaspace       used 56212K, capacity 57930K, committed 58132K, reserved 1099776K
  class space    used 6556K, capacity 6950K, committed 6976K, reserved 1048576K
}
2020-05-19T13:49:30.746+0000: 11527.683: Total time for which application threads were stopped: 0.0145645 seconds, Stopping threads took: 0.0000576 seconds
2020-05-19T13:49:30.746+0000: 11527.683: Total time for which application threads were stopped: 0.0001461 seconds, Stopping threads took: 0.0000566 seconds
2020-05-19T13:49:30.746+0000: 11527.683: Total time for which application threads were stopped: 0.0001905 seconds, Stopping threads took: 0.0000371 seconds
2020-05-19T13:49:30.746+0000: 11527.683: Total time for which application threads were stopped: 0.0000765 seconds, Stopping threads took: 0.0000320 seconds
2020-05-19T13:49:31.473+0000: 11528.410: Total time for which application threads were stopped: 0.0001469 seconds, Stopping threads took: 0.0000639 seconds
2020-05-19T13:49:31.473+0000: 11528.410: Total time for which application threads were stopped: 0.0002457 seconds, Stopping threads took: 0.0000471 seconds
2020-05-19T13:49:31.474+0000: 11528.411: Total time for which application threads were stopped: 0.0001636 seconds, Stopping threads took: 0.0000621 seconds
2020-05-19T13:49:31.475+0000: 11528.412: Total time for which application threads were stopped: 0.0001842 seconds, Stopping threads took: 0.0000697 seconds
2020-05-19T13:49:31.476+0000: 11528.413: Total time for which application threads were stopped: 0.0001409 seconds, Stopping threads took: 0.0000747 seconds
2020-05-19T13:49:31.476+0000: 11528.413: Total time for which application threads were stopped: 0.0000889 seconds, Stopping threads took: 0.0000363 seconds
2020-05-19T13:49:31.476+0000: 11528.413: Total time for which application threads were stopped: 0.0000417 seconds, Stopping threads took: 0.0000098 seconds
2020-05-19T13:49:31.476+0000: 11528.413: Total time for which application threads were stopped: 0.0000408 seconds, Stopping threads took: 0.0000095 seconds
2020-05-19T13:49:45.479+0000: 11542.415: Total time for which application threads were stopped: 0.0000892 seconds, Stopping threads took: 0.0000242 seconds
2020-05-19T13:49:52.052+0000: 11548.989: Total time for which application threads were stopped: 0.0002525 seconds, Stopping threads took: 0.0001864 seconds
2020-05-19T13:49:52.055+0000: 11548.991: Total time for which application threads were stopped: 0.0001095 seconds, Stopping threads took: 0.0000296 seconds
2020-05-19T13:49:52.115+0000: 11549.052: Total time for which application threads were stopped: 0.0002598 seconds, Stopping threads took: 0.0001606 seconds
{Heap before GC invocations=207 (full 12):
 par new generation   total 109248K, used 109248K [0x00000000e0000000, 0x00000000e8000000, 0x00000000e8000000)
  eden space 87424K, 100% used [0x00000000e0000000, 0x00000000e5560000, 0x00000000e5560000)
  from space 21824K, 100% used [0x00000000e6ab0000, 0x00000000e8000000, 0x00000000e8000000)
  to   space 21824K,   0% used [0x00000000e5560000, 0x00000000e5560000, 0x00000000e6ab0000)
 concurrent mark-sweep generation total 393216K, used 106147K [0x00000000e8000000, 0x0000000100000000, 0x0000000100000000)
 Metaspace       used 56218K, capacity 57930K, committed 58132K, reserved 1099776K
  class space    used 6556K, capacity 6950K, committed 6976K, reserved 1048576K
2020-05-19T13:49:52.141+0000: 11549.078: [GC (Allocation Failure) 2020-05-19T13:49:52.141+0000: 11549.078: [ParNew
Desired survivor size 20112992 bytes, new threshold 6 (max 8)
- age   1:    6588208 bytes,    6588208 total
- age   2:    3610448 bytes,   10198656 total
- age   3:    2092128 bytes,   12290784 total
- age   4:    3554208 bytes,   15844992 total
- age   6:    6290728 bytes,   22135720 total
: 109248K->21824K(109248K), 0.0151976 secs] 215395K->136956K(502464K), 0.0153009 secs] [Times: user=0.06 sys=0.00, real=0.01 secs] 
Heap after GC invocations=208 (full 12):
 par new generation   total 109248K, used 21824K [0x00000000e0000000, 0x00000000e8000000, 0x00000000e8000000)
  eden space 87424K,   0% used [0x00000000e0000000, 0x00000000e0000000, 0x00000000e5560000)
  from space 21824K, 100% used [0x00000000e5560000, 0x00000000e6ab0000, 0x00000000e6ab0000)
  to   space 21824K,   0% used [0x00000000e6ab0000, 0x00000000e6ab0000, 0x00000000e8000000)
 concurrent mark-sweep generation total 393216K, used 115132K [0x00000000e8000000, 0x0000000100000000, 0x0000000100000000)
 Metaspace       used 56218K, capacity 57930K, committed 58132K, reserved 1099776K
  class space    used 6556K, capacity 6950K, committed 6976K, reserved 1048576K
}
2020-05-19T13:49:52.157+0000: 11549.094: Total time for which application threads were stopped: 0.0156815 seconds, Stopping threads took: 0.0000691 seconds
2020-05-19T13:49:52.157+0000: 11549.094: Total time for which application threads were stopped: 0.0001937 seconds, Stopping threads took: 0.0000722 seconds
2020-05-19T13:49:52.157+0000: 11549.094: Total time for which application threads were stopped: 0.0001516 seconds, Stopping threads took: 0.0000390 seconds
{Heap before GC invocations=208 (full 12):
 par new generation   total 109248K, used 109248K [0x00000000e0000000, 0x00000000e8000000, 0x00000000e8000000)
  eden space 87424K, 100% used [0x00000000e0000000, 0x00000000e5560000, 0x00000000e5560000)
  from space 21824K, 100% used [0x00000000e5560000, 0x00000000e6ab0000, 0x00000000e6ab0000)
  to   space 21824K,   0% used [0x00000000e6ab0000, 0x00000000e6ab0000, 0x00000000e8000000)
 concurrent mark-sweep generation total 393216K, used 115132K [0x00000000e8000000, 0x0000000100000000, 0x0000000100000000)
 Metaspace       used 56218K, capacity 57930K, committed 58132K, reserved 1099776K
  class space    used 6556K, capacity 6950K, committed 6976K, reserved 1048576K
2020-05-19T13:49:52.247+0000: 11549.183: [GC (Allocation Failure) 2020-05-19T13:49:52.247+0000: 11549.183: [ParNew
Desired survivor size 20112992 bytes, new threshold 5 (max 8)
- age   1:    9005632 bytes,    9005632 total
- age   2:    5123032 bytes,   14128664 total
- age   3:    3218392 bytes,   17347056 total
- age   4:     282848 bytes,   17629904 total
- age   5:    2643184 bytes,   20273088 total
: 109248K->21824K(109248K), 0.0161957 secs] 224380K->149542K(502464K), 0.0162582 secs] [Times: user=0.06 sys=0.00, real=0.02 secs] 
Heap after GC invocations=209 (full 12):
 par new generation   total 109248K, used 21824K [0x00000000e0000000, 0x00000000e8000000, 0x00000000e8000000)
  eden space 87424K,   0% used [0x00000000e0000000, 0x00000000e0000000, 0x00000000e5560000)
  from space 21824K, 100% used [0x00000000e6ab0000, 0x00000000e8000000, 0x00000000e8000000)
  to   space 21824K,   0% used [0x00000000e5560000, 0x00000000e5560000, 0x00000000e6ab0000)
 concurrent mark-sweep generation total 393216K, used 127718K [0x00000000e8000000, 0x0000000100000000, 0x0000000100000000)
 Metaspace       used 56218K, capacity 57930K, committed 58132K, reserved 1099776K
  class space    used 6556K, capacity 6950K, committed 6976K, reserved 1048576K
}
2020-05-19T13:49:52.263+0000: 11549.200: Total time for which application threads were stopped: 0.0165226 seconds, Stopping threads took: 0.0000533 seconds
2020-05-19T13:49:52.263+0000: 11549.200: Total time for which application threads were stopped: 0.0002035 seconds, Stopping threads took: 0.0000561 seconds
2020-05-19T13:49:52.263+0000: 11549.200: Total time for which application threads were stopped: 0.0001042 seconds, Stopping threads took: 0.0000414 seconds
2020-05-19T13:49:52.985+0000: 11549.922: Total time for which application threads were stopped: 0.0001410 seconds, Stopping threads took: 0.0000826 seconds
2020-05-19T13:49:52.986+0000: 11549.923: Total time for which application threads were stopped: 0.0001138 seconds, Stopping threads took: 0.0000439 seconds
2020-05-19T13:49:52.986+0000: 11549.923: Total time for which application threads were stopped: 0.0002002 seconds, Stopping threads took: 0.0001442 seconds
2020-05-19T13:49:52.986+0000: 11549.923: Total time for which application threads were stopped: 0.0000516 seconds, Stopping threads took: 0.0000150 seconds
2020-05-19T13:49:52.986+0000: 11549.923: Total time for which application threads were stopped: 0.0000446 seconds, Stopping threads took: 0.0000094 seconds
2020-05-19T13:49:52.986+0000: 11549.923: Total time for which application threads were stopped: 0.0000438 seconds, Stopping threads took: 0.0000091 seconds
2020-05-19T13:49:56.015+0000: 11552.952: Total time for which application threads were stopped: 0.0001895 seconds, Stopping threads took: 0.0001269 seconds
2020-05-19T13:49:56.028+0000: 11552.965: Total time for which application threads were stopped: 0.0002623 seconds, Stopping threads took: 0.0001574 seconds
2020-05-19T13:49:56.029+0000: 11552.966: Total time for which application threads were stopped: 0.0001717 seconds, Stopping threads took: 0.0000926 seconds
{Heap before GC invocations=209 (full 12):
 par new generation   total 109248K, used 109248K [0x00000000e0000000, 0x00000000e8000000, 0x00000000e8000000)
  eden space 87424K, 100% used [0x00000000e0000000, 0x00000000e5560000, 0x00000000e5560000)
  from space 21824K, 100% used [0x00000000e6ab0000, 0x00000000e8000000, 0x00000000e8000000)
  to   space 21824K,   0% used [0x00000000e5560000, 0x00000000e5560000, 0x00000000e6ab0000)
 concurrent mark-sweep generation total 393216K, used 127718K [0x00000000e8000000, 0x0000000100000000, 0x0000000100000000)
 Metaspace       used 56238K, capacity 57930K, committed 58132K, reserved 1099776K
  class space    used 6556K, capacity 6950K, committed 6976K, reserved 1048576K
2020-05-19T13:49:56.069+0000: 11553.006: [GC (Allocation Failure) 2020-05-19T13:49:56.069+0000: 11553.006: [ParNew
Desired survivor size 20112992 bytes, new threshold 8 (max 8)
- age   1:    5919720 bytes,    5919720 total
- age   2:    3587520 bytes,    9507240 total
- age   3:    5050056 bytes,   14557296 total
- age   4:    3218392 bytes,   17775688 total
- age   5:     282848 bytes,   18058536 total
: 109248K->21824K(109248K), 0.0134705 secs] 236966K->153370K(502464K), 0.0135778 secs] [Times: user=0.06 sys=0.00, real=0.01 secs] 
Heap after GC invocations=210 (full 12):
 par new generation   total 109248K, used 21824K [0x00000000e0000000, 0x00000000e8000000, 0x00000000e8000000)
  eden space 87424K,   0% used [0x00000000e0000000, 0x00000000e0000000, 0x00000000e5560000)
  from space 21824K, 100% used [0x00000000e5560000, 0x00000000e6ab0000, 0x00000000e6ab0000)
  to   space 21824K,   0% used [0x00000000e6ab0000, 0x00000000e6ab0000, 0x00000000e8000000)
 concurrent mark-sweep generation total 393216K, used 131546K [0x00000000e8000000, 0x0000000100000000, 0x0000000100000000)
 Metaspace       used 56238K, capacity 57930K, committed 58132K, reserved 1099776K
  class space    used 6556K, capacity 6950K, committed 6976K, reserved 1048576K
}
2020-05-19T13:49:56.083+0000: 11553.019: Total time for which application threads were stopped: 0.0138966 seconds, Stopping threads took: 0.0000767 seconds
2020-05-19T13:49:56.084+0000: 11553.020: Total time for which application threads were stopped: 0.0001880 seconds, Stopping threads took: 0.0000530 seconds
2020-05-19T13:49:56.084+0000: 11553.020: Total time for which application threads were stopped: 0.0001434 seconds, Stopping threads took: 0.0000372 seconds
2020-05-19T13:49:56.114+0000: 11553.050: Total time for which application threads were stopped: 0.0001748 seconds, Stopping threads took: 0.0000700 seconds
{Heap before GC invocations=210 (full 12):
 par new generation   total 109248K, used 109248K [0x00000000e0000000, 0x00000000e8000000, 0x00000000e8000000)
  eden space 87424K, 100% used [0x00000000e0000000, 0x00000000e5560000, 0x00000000e5560000)
  from space 21824K, 100% used [0x00000000e5560000, 0x00000000e6ab0000, 0x00000000e6ab0000)
  to   space 21824K,   0% used [0x00000000e6ab0000, 0x00000000e6ab0000, 0x00000000e8000000)
 concurrent mark-sweep generation total 393216K, used 131546K [0x00000000e8000000, 0x0000000100000000, 0x0000000100000000)
 Metaspace       used 56238K, capacity 57930K, committed 58132K, reserved 1099776K
  class space    used 6556K, capacity 6950K, committed 6976K, reserved 1048576K
2020-05-19T13:49:56.180+0000: 11553.117: [GC (Allocation Failure) 2020-05-19T13:49:56.180+0000: 11553.117: [ParNew
Desired survivor size 20112992 bytes, new threshold 5 (max 8)
- age   1:    7461968 bytes,    7461968 total
- age   2:    4211768 bytes,   11673736 total
- age   3:    3570568 bytes,   15244304 total
- age   4:    3216888 bytes,   18461192 total
- age   5:    3088384 bytes,   21549576 total
- age   6:     282848 bytes,   21832424 total
: 109248K->21824K(109248K), 0.0119827 secs] 240794K->158348K(502464K), 0.0120616 secs] [Times: user=0.00 sys=0.00, real=0.01 secs] 
Heap after GC invocations=211 (full 12):
 par new generation   total 109248K, used 21824K [0x00000000e0000000, 0x00000000e8000000, 0x00000000e8000000)
  eden space 87424K,   0% used [0x00000000e0000000, 0x00000000e0000000, 0x00000000e5560000)
  from space 21824K, 100% used [0x00000000e6ab0000, 0x00000000e8000000, 0x00000000e8000000)
  to   space 21824K,   0% used [0x00000000e5560000, 0x00000000e5560000, 0x00000000e6ab0000)
 concurrent mark-sweep generation total 393216K, used 136524K [0x00000000e8000000, 0x0000000100000000, 0x0000000100000000)
 Metaspace       used 56238K, capacity 57930K, committed 58132K, reserved 1099776K
  class space    used 6556K, capacity 6950K, committed 6976K, reserved 1048576K
}
2020-05-19T13:49:56.192+0000: 11553.130: Total time for which application threads were stopped: 0.0123165 seconds, Stopping threads took: 0.0000599 seconds
2020-05-19T13:49:56.192+0000: 11553.130: Total time for which application threads were stopped: 0.0001576 seconds, Stopping threads took: 0.0000601 seconds
2020-05-19T13:49:56.193+0000: 11553.130: Total time for which application threads were stopped: 0.0001365 seconds, Stopping threads took: 0.0000502 seconds
{Heap before GC invocations=211 (full 12):
 par new generation   total 109248K, used 109248K [0x00000000e0000000, 0x00000000e8000000, 0x00000000e8000000)
  eden space 87424K, 100% used [0x00000000e0000000, 0x00000000e5560000, 0x00000000e5560000)
  from space 21824K, 100% used [0x00000000e6ab0000, 0x00000000e8000000, 0x00000000e8000000)
  to   space 21824K,   0% used [0x00000000e5560000, 0x00000000e5560000, 0x00000000e6ab0000)
 concurrent mark-sweep generation total 393216K, used 136524K [0x00000000e8000000, 0x0000000100000000, 0x0000000100000000)
 Metaspace       used 56238K, capacity 57930K, committed 58132K, reserved 1099776K
  class space    used 6556K, capacity 6950K, committed 6976K, reserved 1048576K
2020-05-19T13:49:56.283+0000: 11553.220: [GC (Allocation Failure) 2020-05-19T13:49:56.283+0000: 11553.220: [ParNew
Desired survivor size 20112992 bytes, new threshold 5 (max 8)
- age   1:    7181208 bytes,    7181208 total
- age   2:    3311160 bytes,   10492368 total
- age   3:    4147280 bytes,   14639648 total
- age   4:    3570568 bytes,   18210216 total
- age   5:    2847360 bytes,   21057576 total
: 109248K->21824K(109248K), 0.0118625 secs] 245772K->162522K(502464K), 0.0119625 secs] [Times: user=0.06 sys=0.00, real=0.01 secs] 
Heap after GC invocations=212 (full 12):
 par new generation   total 109248K, used 21824K [0x00000000e0000000, 0x00000000e8000000, 0x00000000e8000000)
  eden space 87424K,   0% used [0x00000000e0000000, 0x00000000e0000000, 0x00000000e5560000)
  from space 21824K, 100% used [0x00000000e5560000, 0x00000000e6ab0000, 0x00000000e6ab0000)
  to   space 21824K,   0% used [0x00000000e6ab0000, 0x00000000e6ab0000, 0x00000000e8000000)
 concurrent mark-sweep generation total 393216K, used 140698K [0x00000000e8000000, 0x0000000100000000, 0x0000000100000000)
 Metaspace       used 56238K, capacity 57930K, committed 58132K, reserved 1099776K
  class space    used 6556K, capacity 6950K, committed 6976K, reserved 1048576K
}
2020-05-19T13:49:56.295+0000: 11553.232: Total time for which application threads were stopped: 0.0122756 seconds, Stopping threads took: 0.0000701 seconds
2020-05-19T13:49:56.295+0000: 11553.232: Total time for which application threads were stopped: 0.0001843 seconds, Stopping threads took: 0.0000638 seconds
2020-05-19T13:49:56.296+0000: 11553.233: Total time for which application threads were stopped: 0.0002830 seconds, Stopping threads took: 0.0000523 seconds
2020-05-19T13:49:57.383+0000: 11554.320: Total time for which application threads were stopped: 0.0001941 seconds, Stopping threads took: 0.0000757 seconds
2020-05-19T13:49:57.383+0000: 11554.321: Total time for which application threads were stopped: 0.0001296 seconds, Stopping threads took: 0.0000479 seconds
2020-05-19T13:49:57.384+0000: 11554.321: Total time for which application threads were stopped: 0.0001007 seconds, Stopping threads took: 0.0000508 seconds
2020-05-19T13:49:57.384+0000: 11554.321: Total time for which application threads were stopped: 0.0000852 seconds, Stopping threads took: 0.0000408 seconds
2020-05-19T13:49:57.384+0000: 11554.321: Total time for which application threads were stopped: 0.0001914 seconds, Stopping threads took: 0.0000465 seconds
2020-05-19T13:50:11.023+0000: 11567.960: Total time for which application threads were stopped: 0.0001859 seconds, Stopping threads took: 0.0000224 seconds
2020-05-19T13:50:24.922+0000: 11581.859: Total time for which application threads were stopped: 0.0001966 seconds, Stopping threads took: 0.0001373 seconds
2020-05-19T13:50:24.929+0000: 11581.866: Total time for which application threads were stopped: 0.0000758 seconds, Stopping threads took: 0.0000200 seconds
2020-05-19T13:50:24.935+0000: 11581.872: Total time for which application threads were stopped: 0.0001800 seconds, Stopping threads took: 0.0000798 seconds
2020-05-19T13:50:24.936+0000: 11581.873: Total time for which application threads were stopped: 0.0001767 seconds, Stopping threads took: 0.0001072 seconds
2020-05-19T13:50:24.987+0000: 11581.923: Total time for which application threads were stopped: 0.0001481 seconds, Stopping threads took: 0.0000507 seconds
{Heap before GC invocations=212 (full 12):
 par new generation   total 109248K, used 109248K [0x00000000e0000000, 0x00000000e8000000, 0x00000000e8000000)
  eden space 87424K, 100% used [0x00000000e0000000, 0x00000000e5560000, 0x00000000e5560000)
  from space 21824K, 100% used [0x00000000e5560000, 0x00000000e6ab0000, 0x00000000e6ab0000)
  to   space 21824K,   0% used [0x00000000e6ab0000, 0x00000000e6ab0000, 0x00000000e8000000)
 concurrent mark-sweep generation total 393216K, used 140698K [0x00000000e8000000, 0x0000000100000000, 0x0000000100000000)
 Metaspace       used 56244K, capacity 57930K, committed 58132K, reserved 1099776K
  class space    used 6556K, capacity 6950K, committed 6976K, reserved 1048576K
2020-05-19T13:50:25.004+0000: 11581.941: [GC (Allocation Failure) 2020-05-19T13:50:25.004+0000: 11581.941: [ParNew
Desired survivor size 20112992 bytes, new threshold 5 (max 8)
- age   1:    7415448 bytes,    7415448 total
- age   2:    4385560 bytes,   11801008 total
- age   3:    3069600 bytes,   14870608 total
- age   4:    3894688 bytes,   18765296 total
- age   5:    3570568 bytes,   22335864 total
: 109248K->21824K(109248K), 0.0142755 secs] 249946K->167819K(502464K), 0.0143491 secs] [Times: user=0.06 sys=0.00, real=0.01 secs] 
Heap after GC invocations=213 (full 12):
 par new generation   total 109248K, used 21824K [0x00000000e0000000, 0x00000000e8000000, 0x00000000e8000000)
  eden space 87424K,   0% used [0x00000000e0000000, 0x00000000e0000000, 0x00000000e5560000)
  from space 21824K, 100% used [0x00000000e6ab0000, 0x00000000e8000000, 0x00000000e8000000)
  to   space 21824K,   0% used [0x00000000e5560000, 0x00000000e5560000, 0x00000000e6ab0000)
 concurrent mark-sweep generation total 393216K, used 145995K [0x00000000e8000000, 0x0000000100000000, 0x0000000100000000)
 Metaspace       used 56244K, capacity 57930K, committed 58132K, reserved 1099776K
  class space    used 6556K, capacity 6950K, committed 6976K, reserved 1048576K
}
2020-05-19T13:50:25.019+0000: 11581.955: Total time for which application threads were stopped: 0.0145823 seconds, Stopping threads took: 0.0000592 seconds
2020-05-19T13:50:25.019+0000: 11581.955: Total time for which application threads were stopped: 0.0001510 seconds, Stopping threads took: 0.0000638 seconds
2020-05-19T13:50:25.019+0000: 11581.956: Total time for which application threads were stopped: 0.0001819 seconds, Stopping threads took: 0.0001136 seconds
{Heap before GC invocations=213 (full 12):
 par new generation   total 109248K, used 109248K [0x00000000e0000000, 0x00000000e8000000, 0x00000000e8000000)
  eden space 87424K, 100% used [0x00000000e0000000, 0x00000000e5560000, 0x00000000e5560000)
  from space 21824K, 100% used [0x00000000e6ab0000, 0x00000000e8000000, 0x00000000e8000000)
  to   space 21824K,   0% used [0x00000000e5560000, 0x00000000e5560000, 0x00000000e6ab0000)
 concurrent mark-sweep generation total 393216K, used 145995K [0x00000000e8000000, 0x0000000100000000, 0x0000000100000000)
 Metaspace       used 56244K, capacity 57930K, committed 58132K, reserved 1099776K
  class space    used 6556K, capacity 6950K, committed 6976K, reserved 1048576K
2020-05-19T13:50:25.092+0000: 11582.029: [GC (Allocation Failure) 2020-05-19T13:50:25.092+0000: 11582.029: [ParNew
Desired survivor size 20112992 bytes, new threshold 5 (max 8)
- age   1:    6836776 bytes,    6836776 total
- age   2:    4169416 bytes,   11006192 total
- age   3:    4368016 bytes,   15374208 total
- age   4:    3069264 bytes,   18443472 total
- age   5:    3799264 bytes,   22242736 total
: 109248K->21824K(109248K), 0.0147800 secs] 255243K->176185K(502464K), 0.0148450 secs] [Times: user=0.06 sys=0.00, real=0.02 secs] 
Heap after GC invocations=214 (full 12):
 par new generation   total 109248K, used 21824K [0x00000000e0000000, 0x00000000e8000000, 0x00000000e8000000)
  eden space 87424K,   0% used [0x00000000e0000000, 0x00000000e0000000, 0x00000000e5560000)
  from space 21824K, 100% used [0x00000000e5560000, 0x00000000e6ab0000, 0x00000000e6ab0000)
  to   space 21824K,   0% used [0x00000000e6ab0000, 0x00000000e6ab0000, 0x00000000e8000000)
 concurrent mark-sweep generation total 393216K, used 154361K [0x00000000e8000000, 0x0000000100000000, 0x0000000100000000)
 Metaspace       used 56244K, capacity 57930K, committed 58132K, reserved 1099776K
  class space    used 6556K, capacity 6950K, committed 6976K, reserved 1048576K
}
2020-05-19T13:50:25.107+0000: 11582.044: Total time for which application threads were stopped: 0.0151245 seconds, Stopping threads took: 0.0000606 seconds
2020-05-19T13:50:25.107+0000: 11582.044: Total time for which application threads were stopped: 0.0001799 seconds, Stopping threads took: 0.0000515 seconds
2020-05-19T13:50:25.107+0000: 11582.045: Total time for which application threads were stopped: 0.0001097 seconds, Stopping threads took: 0.0000407 seconds
2020-05-19T13:50:25.107+0000: 11582.045: Total time for which application threads were stopped: 0.0000716 seconds, Stopping threads took: 0.0000395 seconds
2020-05-19T13:50:25.682+0000: 11582.619: Total time for which application threads were stopped: 0.0001656 seconds, Stopping threads took: 0.0000755 seconds
2020-05-19T13:50:25.683+0000: 11582.620: Total time for which application threads were stopped: 0.0001694 seconds, Stopping threads took: 0.0001009 seconds
2020-05-19T13:50:25.683+0000: 11582.620: Total time for which application threads were stopped: 0.0001051 seconds, Stopping threads took: 0.0000349 seconds
2020-05-19T13:50:39.931+0000: 11596.868: Total time for which application threads were stopped: 0.0000893 seconds, Stopping threads took: 0.0000256 seconds
2020-05-19T13:51:44.956+0000: 11661.893: Total time for which application threads were stopped: 0.0001158 seconds, Stopping threads took: 0.0000354 seconds
2020-05-19T13:51:45.513+0000: 11662.450: Total time for which application threads were stopped: 0.0004083 seconds, Stopping threads took: 0.0001808 seconds
2020-05-19T13:51:45.516+0000: 11662.453: Total time for which application threads were stopped: 0.0001532 seconds, Stopping threads took: 0.0000738 seconds
2020-05-19T13:51:45.517+0000: 11662.454: Total time for which application threads were stopped: 0.0001542 seconds, Stopping threads took: 0.0000769 seconds
2020-05-19T13:51:45.523+0000: 11662.460: Total time for which application threads were stopped: 0.0000999 seconds, Stopping threads took: 0.0000263 seconds
2020-05-19T13:51:45.524+0000: 11662.461: Total time for which application threads were stopped: 0.0001162 seconds, Stopping threads took: 0.0000439 seconds
{Heap before GC invocations=214 (full 12):
 par new generation   total 109248K, used 109248K [0x00000000e0000000, 0x00000000e8000000, 0x00000000e8000000)
  eden space 87424K, 100% used [0x00000000e0000000, 0x00000000e5560000, 0x00000000e5560000)
  from space 21824K, 100% used [0x00000000e5560000, 0x00000000e6ab0000, 0x00000000e6ab0000)
  to   space 21824K,   0% used [0x00000000e6ab0000, 0x00000000e6ab0000, 0x00000000e8000000)
 concurrent mark-sweep generation total 393216K, used 154361K [0x00000000e8000000, 0x0000000100000000, 0x0000000100000000)
 Metaspace       used 56250K, capacity 57930K, committed 58132K, reserved 1099776K
  class space    used 6556K, capacity 6950K, committed 6976K, reserved 1048576K
2020-05-19T13:51:45.549+0000: 11662.486: [GC (Allocation Failure) 2020-05-19T13:51:45.549+0000: 11662.486: [ParNew
Desired survivor size 20112992 bytes, new threshold 8 (max 8)
- age   1:    4322000 bytes,    4322000 total
- age   2:    4489936 bytes,    8811936 total
- age   3:    3763680 bytes,   12575616 total
- age   4:    4368016 bytes,   16943632 total
- age   5:    3069264 bytes,   20012896 total
: 109248K->21824K(109248K), 0.0137733 secs] 263609K->183598K(502464K), 0.0138391 secs] [Times: user=0.06 sys=0.00, real=0.01 secs] 
Heap after GC invocations=215 (full 12):
 par new generation   total 109248K, used 21824K [0x00000000e0000000, 0x00000000e8000000, 0x00000000e8000000)
  eden space 87424K,   0% used [0x00000000e0000000, 0x00000000e0000000, 0x00000000e5560000)
  from space 21824K, 100% used [0x00000000e6ab0000, 0x00000000e8000000, 0x00000000e8000000)
  to   space 21824K,   0% used [0x00000000e5560000, 0x00000000e5560000, 0x00000000e6ab0000)
 concurrent mark-sweep generation total 393216K, used 161774K [0x00000000e8000000, 0x0000000100000000, 0x0000000100000000)
 Metaspace       used 56250K, capacity 57930K, committed 58132K, reserved 1099776K
  class space    used 6556K, capacity 6950K, committed 6976K, reserved 1048576K
}
2020-05-19T13:51:45.562+0000: 11662.500: Total time for which application threads were stopped: 0.0141164 seconds, Stopping threads took: 0.0000538 seconds
2020-05-19T13:51:45.563+0000: 11662.500: Total time for which application threads were stopped: 0.0001303 seconds, Stopping threads took: 0.0000576 seconds
2020-05-19T13:51:45.563+0000: 11662.500: Total time for which application threads were stopped: 0.0001867 seconds, Stopping threads took: 0.0000906 seconds
2020-05-19T13:51:45.587+0000: 11662.524: Total time for which application threads were stopped: 0.0001277 seconds, Stopping threads took: 0.0000524 seconds
{Heap before GC invocations=215 (full 12):
 par new generation   total 109248K, used 109248K [0x00000000e0000000, 0x00000000e8000000, 0x00000000e8000000)
  eden space 87424K, 100% used [0x00000000e0000000, 0x00000000e5560000, 0x00000000e5560000)
  from space 21824K, 100% used [0x00000000e6ab0000, 0x00000000e8000000, 0x00000000e8000000)
  to   space 21824K,   0% used [0x00000000e5560000, 0x00000000e5560000, 0x00000000e6ab0000)
 concurrent mark-sweep generation total 393216K, used 161774K [0x00000000e8000000, 0x0000000100000000, 0x0000000100000000)
 Metaspace       used 56250K, capacity 57930K, committed 58132K, reserved 1099776K
  class space    used 6556K, capacity 6950K, committed 6976K, reserved 1048576K
2020-05-19T13:51:45.641+0000: 11662.578: [GC (Allocation Failure) 2020-05-19T13:51:45.641+0000: 11662.578: [ParNew
Desired survivor size 20112992 bytes, new threshold 6 (max 8)
- age   1:    4469504 bytes,    4469504 total
- age   2:    2184984 bytes,    6654488 total
- age   3:    4489656 bytes,   11144144 total
- age   4:    3761024 bytes,   14905168 total
- age   5:    4368016 bytes,   19273184 total
- age   6:    3067656 bytes,   22340840 total
: 109248K->21824K(109248K), 0.0150258 secs] 271022K->191866K(502464K), 0.0150946 secs] [Times: user=0.06 sys=0.00, real=0.02 secs] 
Heap after GC invocations=216 (full 12):
 par new generation   total 109248K, used 21824K [0x00000000e0000000, 0x00000000e8000000, 0x00000000e8000000)
  eden space 87424K,   0% used [0x00000000e0000000, 0x00000000e0000000, 0x00000000e5560000)
  from space 21824K, 100% used [0x00000000e5560000, 0x00000000e6ab0000, 0x00000000e6ab0000)
  to   space 21824K,   0% used [0x00000000e6ab0000, 0x00000000e6ab0000, 0x00000000e8000000)
 concurrent mark-sweep generation total 393216K, used 170042K [0x00000000e8000000, 0x0000000100000000, 0x0000000100000000)
 Metaspace       used 56250K, capacity 57930K, committed 58132K, reserved 1099776K
  class space    used 6556K, capacity 6950K, committed 6976K, reserved 1048576K
}
2020-05-19T13:51:45.657+0000: 11662.593: Total time for which application threads were stopped: 0.0153276 seconds, Stopping threads took: 0.0000622 seconds
2020-05-19T13:51:45.657+0000: 11662.594: Total time for which application threads were stopped: 0.0001961 seconds, Stopping threads took: 0.0001031 seconds
2020-05-19T13:51:45.657+0000: 11662.594: Total time for which application threads were stopped: 0.0001446 seconds, Stopping threads took: 0.0000859 seconds
{Heap before GC invocations=216 (full 12):
 par new generation   total 109248K, used 109248K [0x00000000e0000000, 0x00000000e8000000, 0x00000000e8000000)
  eden space 87424K, 100% used [0x00000000e0000000, 0x00000000e5560000, 0x00000000e5560000)
  from space 21824K, 100% used [0x00000000e5560000, 0x00000000e6ab0000, 0x00000000e6ab0000)
  to   space 21824K,   0% used [0x00000000e6ab0000, 0x00000000e6ab0000, 0x00000000e8000000)
 concurrent mark-sweep generation total 393216K, used 170042K [0x00000000e8000000, 0x0000000100000000, 0x0000000100000000)
 Metaspace       used 56250K, capacity 57930K, committed 58132K, reserved 1099776K
  class space    used 6556K, capacity 6950K, committed 6976K, reserved 1048576K
2020-05-19T13:51:45.734+0000: 11662.671: [GC (Allocation Failure) 2020-05-19T13:51:45.734+0000: 11662.671: [ParNew
Desired survivor size 20112992 bytes, new threshold 6 (max 8)
- age   1:    3994000 bytes,    3994000 total
- age   2:    3015936 bytes,    7009936 total
- age   3:    2171872 bytes,    9181808 total
- age   4:    4305216 bytes,   13487024 total
- age   5:    3739960 bytes,   17226984 total
- age   6:    4003152 bytes,   21230136 total
: 109248K->21824K(109248K), 0.0124394 secs] 279290K->197886K(502464K), 0.0125047 secs] [Times: user=0.06 sys=0.00, real=0.01 secs] 
Heap after GC invocations=217 (full 12):
 par new generation   total 109248K, used 21824K [0x00000000e0000000, 0x00000000e8000000, 0x00000000e8000000)
  eden space 87424K,   0% used [0x00000000e0000000, 0x00000000e0000000, 0x00000000e5560000)
  from space 21824K, 100% used [0x00000000e6ab0000, 0x00000000e8000000, 0x00000000e8000000)
  to   space 21824K,   0% used [0x00000000e5560000, 0x00000000e5560000, 0x00000000e6ab0000)
 concurrent mark-sweep generation total 393216K, used 176062K [0x00000000e8000000, 0x0000000100000000, 0x0000000100000000)
 Metaspace       used 56250K, capacity 57930K, committed 58132K, reserved 1099776K
  class space    used 6556K, capacity 6950K, committed 6976K, reserved 1048576K
}
2020-05-19T13:51:45.747+0000: 11662.683: Total time for which application threads were stopped: 0.0127312 seconds, Stopping threads took: 0.0000531 seconds
2020-05-19T13:51:45.747+0000: 11662.683: Total time for which application threads were stopped: 0.0001598 seconds, Stopping threads took: 0.0000692 seconds
2020-05-19T13:51:45.747+0000: 11662.684: Total time for which application threads were stopped: 0.0001020 seconds, Stopping threads took: 0.0000372 seconds
2020-05-19T13:51:45.896+0000: 11662.833: Total time for which application threads were stopped: 0.0002545 seconds, Stopping threads took: 0.0000830 seconds
2020-05-19T13:51:46.620+0000: 11663.558: Total time for which application threads were stopped: 0.0001847 seconds, Stopping threads took: 0.0000722 seconds
2020-05-19T13:51:46.621+0000: 11663.558: Total time for which application threads were stopped: 0.0001335 seconds, Stopping threads took: 0.0000707 seconds
2020-05-19T13:51:46.621+0000: 11663.558: Total time for which application threads were stopped: 0.0000748 seconds, Stopping threads took: 0.0000305 seconds
2020-05-19T13:51:46.621+0000: 11663.559: Total time for which application threads were stopped: 0.0000428 seconds, Stopping threads took: 0.0000097 seconds
2020-05-19T13:51:46.621+0000: 11663.559: Total time for which application threads were stopped: 0.0000411 seconds, Stopping threads took: 0.0000093 seconds
2020-05-19T13:51:47.088+0000: 11664.025: Total time for which application threads were stopped: 0.0004036 seconds, Stopping threads took: 0.0003195 seconds
2020-05-19T13:51:47.090+0000: 11664.027: Total time for which application threads were stopped: 0.0001853 seconds, Stopping threads took: 0.0001072 seconds
2020-05-19T13:51:47.108+0000: 11664.045: Total time for which application threads were stopped: 0.0002393 seconds, Stopping threads took: 0.0000510 seconds
2020-05-19T13:51:47.114+0000: 11664.051: Total time for which application threads were stopped: 0.0041899 seconds, Stopping threads took: 0.0040857 seconds
2020-05-19T13:51:47.192+0000: 11664.129: Total time for which application threads were stopped: 0.0010199 seconds, Stopping threads took: 0.0004348 seconds
{Heap before GC invocations=217 (full 12):
 par new generation   total 109248K, used 109248K [0x00000000e0000000, 0x00000000e8000000, 0x00000000e8000000)
  eden space 87424K, 100% used [0x00000000e0000000, 0x00000000e5560000, 0x00000000e5560000)
  from space 21824K, 100% used [0x00000000e6ab0000, 0x00000000e8000000, 0x00000000e8000000)
  to   space 21824K,   0% used [0x00000000e5560000, 0x00000000e5560000, 0x00000000e6ab0000)
 concurrent mark-sweep generation total 393216K, used 176062K [0x00000000e8000000, 0x0000000100000000, 0x0000000100000000)
 Metaspace       used 56281K, capacity 58058K, committed 58132K, reserved 1099776K
  class space    used 6556K, capacity 6950K, committed 6976K, reserved 1048576K
2020-05-19T13:51:47.220+0000: 11664.157: [GC (Allocation Failure) 2020-05-19T13:51:47.220+0000: 11664.157: [ParNew
Desired survivor size 20112992 bytes, new threshold 6 (max 8)
- age   1:    6200664 bytes,    6200664 total
- age   2:    3316768 bytes,    9517432 total
- age   3:    2786480 bytes,   12303912 total
- age   4:    1980864 bytes,   14284776 total
- age   5:    4305216 bytes,   18589992 total
- age   6:    3739856 bytes,   22329848 total
: 109248K->21824K(109248K), 0.0157370 secs] 285310K->205140K(502464K), 0.0158645 secs] [Times: user=0.05 sys=0.00, real=0.02 secs] 
Heap after GC invocations=218 (full 12):
 par new generation   total 109248K, used 21824K [0x00000000e0000000, 0x00000000e8000000, 0x00000000e8000000)
  eden space 87424K,   0% used [0x00000000e0000000, 0x00000000e0000000, 0x00000000e5560000)
  from space 21824K, 100% used [0x00000000e5560000, 0x00000000e6ab0000, 0x00000000e6ab0000)
  to   space 21824K,   0% used [0x00000000e6ab0000, 0x00000000e6ab0000, 0x00000000e8000000)
 concurrent mark-sweep generation total 393216K, used 183316K [0x00000000e8000000, 0x0000000100000000, 0x0000000100000000)
 Metaspace       used 56281K, capacity 58058K, committed 58132K, reserved 1099776K
  class space    used 6556K, capacity 6950K, committed 6976K, reserved 1048576K
}
2020-05-19T13:51:47.236+0000: 11664.172: Total time for which application threads were stopped: 0.0161919 seconds, Stopping threads took: 0.0000519 seconds
2020-05-19T13:51:47.236+0000: 11664.173: Total time for which application threads were stopped: 0.0002269 seconds, Stopping threads took: 0.0000641 seconds
2020-05-19T13:51:47.236+0000: 11664.173: Total time for which application threads were stopped: 0.0001872 seconds, Stopping threads took: 0.0000490 seconds
{Heap before GC invocations=218 (full 12):
 par new generation   total 109248K, used 109248K [0x00000000e0000000, 0x00000000e8000000, 0x00000000e8000000)
  eden space 87424K, 100% used [0x00000000e0000000, 0x00000000e5560000, 0x00000000e5560000)
  from space 21824K, 100% used [0x00000000e5560000, 0x00000000e6ab0000, 0x00000000e6ab0000)
  to   space 21824K,   0% used [0x00000000e6ab0000, 0x00000000e6ab0000, 0x00000000e8000000)
 concurrent mark-sweep generation total 393216K, used 183316K [0x00000000e8000000, 0x0000000100000000, 0x0000000100000000)
 Metaspace       used 56281K, capacity 58058K, committed 58132K, reserved 1099776K
  class space    used 6556K, capacity 6950K, committed 6976K, reserved 1048576K
2020-05-19T13:51:47.361+0000: 11664.298: [GC (Allocation Failure) 2020-05-19T13:51:47.361+0000: 11664.298: [ParNew
Desired survivor size 20112992 bytes, new threshold 6 (max 8)
- age   1:    7248880 bytes,    7248880 total
- age   2:    3236376 bytes,   10485256 total
- age   3:    3315856 bytes,   13801112 total
- age   4:    2785144 bytes,   16586256 total
- age   5:    1680808 bytes,   18267064 total
- age   6:    4077128 bytes,   22344192 total
: 109248K->21824K(109248K), 0.0152135 secs] 292564K->212294K(502464K), 0.0153227 secs] [Times: user=0.05 sys=0.00, real=0.01 secs] 
Heap after GC invocations=219 (full 12):
 par new generation   total 109248K, used 21824K [0x00000000e0000000, 0x00000000e8000000, 0x00000000e8000000)
  eden space 87424K,   0% used [0x00000000e0000000, 0x00000000e0000000, 0x00000000e5560000)
  from space 21824K, 100% used [0x00000000e6ab0000, 0x00000000e8000000, 0x00000000e8000000)
  to   space 21824K,   0% used [0x00000000e5560000, 0x00000000e5560000, 0x00000000e6ab0000)
 concurrent mark-sweep generation total 393216K, used 190470K [0x00000000e8000000, 0x0000000100000000, 0x0000000100000000)
 Metaspace       used 56281K, capacity 58058K, committed 58132K, reserved 1099776K
  class space    used 6556K, capacity 6950K, committed 6976K, reserved 1048576K
}
2020-05-19T13:51:47.376+0000: 11664.313: Total time for which application threads were stopped: 0.0156545 seconds, Stopping threads took: 0.0000536 seconds
2020-05-19T13:51:47.376+0000: 11664.314: Total time for which application threads were stopped: 0.0002349 seconds, Stopping threads took: 0.0000644 seconds
2020-05-19T13:51:47.377+0000: 11664.314: Total time for which application threads were stopped: 0.0003607 seconds, Stopping threads took: 0.0000475 seconds
2020-05-19T13:51:47.378+0000: 11664.315: Total time for which application threads were stopped: 0.0001068 seconds, Stopping threads took: 0.0000387 seconds
2020-05-19T13:51:48.202+0000: 11665.139: Total time for which application threads were stopped: 0.0001704 seconds, Stopping threads took: 0.0000818 seconds
2020-05-19T13:51:48.203+0000: 11665.140: Total time for which application threads were stopped: 0.0000976 seconds, Stopping threads took: 0.0000395 seconds
2020-05-19T13:51:48.203+0000: 11665.141: Total time for which application threads were stopped: 0.0000783 seconds, Stopping threads took: 0.0000305 seconds
2020-05-19T13:51:48.204+0000: 11665.141: Total time for which application threads were stopped: 0.0000583 seconds, Stopping threads took: 0.0000269 seconds
2020-05-19T13:51:48.204+0000: 11665.141: Total time for which application threads were stopped: 0.0000361 seconds, Stopping threads took: 0.0000093 seconds
2020-05-19T13:51:57.778+0000: 11674.716: Total time for which application threads were stopped: 0.0002360 seconds, Stopping threads took: 0.0001534 seconds
2020-05-19T13:51:57.782+0000: 11674.719: Total time for which application threads were stopped: 0.0003780 seconds, Stopping threads took: 0.0001918 seconds
2020-05-19T13:51:57.784+0000: 11674.720: Total time for which application threads were stopped: 0.0001170 seconds, Stopping threads took: 0.0000427 seconds
2020-05-19T13:51:57.784+0000: 11674.721: Total time for which application threads were stopped: 0.0001269 seconds, Stopping threads took: 0.0000445 seconds
2020-05-19T13:51:57.793+0000: 11674.730: Total time for which application threads were stopped: 0.0001612 seconds, Stopping threads took: 0.0000829 seconds
2020-05-19T13:51:57.794+0000: 11674.732: Total time for which application threads were stopped: 0.0001834 seconds, Stopping threads took: 0.0000704 seconds
{Heap before GC invocations=219 (full 12):
 par new generation   total 109248K, used 109248K [0x00000000e0000000, 0x00000000e8000000, 0x00000000e8000000)
  eden space 87424K, 100% used [0x00000000e0000000, 0x00000000e5560000, 0x00000000e5560000)
  from space 21824K, 100% used [0x00000000e6ab0000, 0x00000000e8000000, 0x00000000e8000000)
  to   space 21824K,   0% used [0x00000000e5560000, 0x00000000e5560000, 0x00000000e6ab0000)
 concurrent mark-sweep generation total 393216K, used 190470K [0x00000000e8000000, 0x0000000100000000, 0x0000000100000000)
 Metaspace       used 56290K, capacity 58122K, committed 58388K, reserved 1101824K
  class space    used 6556K, capacity 6950K, committed 6976K, reserved 1048576K
2020-05-19T13:51:57.815+0000: 11674.752: [GC (Allocation Failure) 2020-05-19T13:51:57.815+0000: 11674.752: [ParNew
Desired survivor size 20112992 bytes, new threshold 6 (max 8)
- age   1:    5059896 bytes,    5059896 total
- age   2:    4649872 bytes,    9709768 total
- age   3:    3133984 bytes,   12843752 total
- age   4:    3097920 bytes,   15941672 total
- age   5:    2785104 bytes,   18726776 total
- age   6:    1678320 bytes,   20405096 total
: 109248K->21824K(109248K), 0.0121521 secs] 299718K->218544K(502464K), 0.0122163 secs] [Times: user=0.06 sys=0.00, real=0.01 secs] 
Heap after GC invocations=220 (full 12):
 par new generation   total 109248K, used 21824K [0x00000000e0000000, 0x00000000e8000000, 0x00000000e8000000)
  eden space 87424K,   0% used [0x00000000e0000000, 0x00000000e0000000, 0x00000000e5560000)
  from space 21824K, 100% used [0x00000000e5560000, 0x00000000e6ab0000, 0x00000000e6ab0000)
  to   space 21824K,   0% used [0x00000000e6ab0000, 0x00000000e6ab0000, 0x00000000e8000000)
 concurrent mark-sweep generation total 393216K, used 196720K [0x00000000e8000000, 0x0000000100000000, 0x0000000100000000)
 Metaspace       used 56290K, capacity 58122K, committed 58388K, reserved 1101824K
  class space    used 6556K, capacity 6950K, committed 6976K, reserved 1048576K
}
2020-05-19T13:51:57.827+0000: 11674.764: Total time for which application threads were stopped: 0.0124442 seconds, Stopping threads took: 0.0000587 seconds
2020-05-19T13:51:57.827+0000: 11674.765: [GC (CMS Initial Mark) [1 CMS-initial-mark: 196720K(393216K)] 218795K(502464K), 0.0034184 secs] [Times: user=0.00 sys=0.00, real=0.00 secs] 
2020-05-19T13:51:57.831+0000: 11674.768: Total time for which application threads were stopped: 0.0035784 seconds, Stopping threads took: 0.0000582 seconds
2020-05-19T13:51:57.831+0000: 11674.768: [CMS-concurrent-mark-start]
2020-05-19T13:51:57.852+0000: 11674.789: [CMS-concurrent-mark: 0.021/0.021 secs] [Times: user=0.13 sys=0.00, real=0.02 secs] 
2020-05-19T13:51:57.852+0000: 11674.789: [CMS-concurrent-preclean-start]
2020-05-19T13:51:57.853+0000: 11674.790: Total time for which application threads were stopped: 0.0001208 seconds, Stopping threads took: 0.0000562 seconds
2020-05-19T13:51:57.853+0000: 11674.791: [CMS-concurrent-preclean: 0.001/0.001 secs] [Times: user=0.00 sys=0.00, real=0.00 secs] 
2020-05-19T13:51:57.854+0000: 11674.791: [GC (CMS Final Remark) [YG occupancy: 22325 K (109248 K)]{Heap before GC invocations=220 (full 13):
 par new generation   total 109248K, used 22325K [0x00000000e0000000, 0x00000000e8000000, 0x00000000e8000000)
  eden space 87424K,   0% used [0x00000000e0000000, 0x00000000e007d7d0, 0x00000000e5560000)
  from space 21824K, 100% used [0x00000000e5560000, 0x00000000e6ab0000, 0x00000000e6ab0000)
  to   space 21824K,   0% used [0x00000000e6ab0000, 0x00000000e6ab0000, 0x00000000e8000000)
 concurrent mark-sweep generation total 393216K, used 196720K [0x00000000e8000000, 0x0000000100000000, 0x0000000100000000)
 Metaspace       used 56290K, capacity 58122K, committed 58388K, reserved 1101824K
  class space    used 6556K, capacity 6950K, committed 6976K, reserved 1048576K
2020-05-19T13:51:57.854+0000: 11674.791: [GC (CMS Final Remark) 2020-05-19T13:51:57.854+0000: 11674.791: [ParNew
Desired survivor size 20112992 bytes, new threshold 8 (max 8)
- age   1:        608 bytes,        608 total
- age   2:    3549696 bytes,    3550304 total
- age   3:    4546040 bytes,    8096344 total
- age   4:    3133776 bytes,   11230120 total
- age   5:    3097920 bytes,   14328040 total
- age   6:    2785104 bytes,   17113144 total
: 22325K->21824K(109248K), 0.0097666 secs] 219046K->221697K(502464K), 0.0098229 secs] [Times: user=0.00 sys=0.00, real=0.01 secs] 
Heap after GC invocations=221 (full 13):
 par new generation   total 109248K, used 21824K [0x00000000e0000000, 0x00000000e8000000, 0x00000000e8000000)
  eden space 87424K,   0% used [0x00000000e0000000, 0x00000000e0000000, 0x00000000e5560000)
  from space 21824K, 100% used [0x00000000e6ab0000, 0x00000000e8000000, 0x00000000e8000000)
  to   space 21824K,   0% used [0x00000000e5560000, 0x00000000e5560000, 0x00000000e6ab0000)
 concurrent mark-sweep generation total 393216K, used 199873K [0x00000000e8000000, 0x0000000100000000, 0x0000000100000000)
 Metaspace       used 56290K, capacity 58122K, committed 58388K, reserved 1101824K
  class space    used 6556K, capacity 6950K, committed 6976K, reserved 1048576K
}
2020-05-19T13:51:57.864+0000: 11674.801: [Rescan (parallel) , 0.0039585 secs]2020-05-19T13:51:57.868+0000: 11674.805: [weak refs processing, 0.0051885 secs]2020-05-19T13:51:57.873+0000: 11674.810: [class unloading, 0.0101248 secs]2020-05-19T13:51:57.883+0000: 11674.820: [scrub symbol table, 0.0093034 secs]2020-05-19T13:51:57.892+0000: 11674.829: [scrub string table, 0.0005766 secs][1 CMS-remark: 199873K(393216K)] 221697K(502464K), 0.0393583 secs] [Times: user=0.08 sys=0.00, real=0.04 secs] 
2020-05-19T13:51:57.893+0000: 11674.830: Total time for which application threads were stopped: 0.0395182 seconds, Stopping threads took: 0.0000697 seconds
2020-05-19T13:51:57.893+0000: 11674.830: [CMS-concurrent-sweep-start]
2020-05-19T13:51:57.894+0000: 11674.831: Total time for which application threads were stopped: 0.0001253 seconds, Stopping threads took: 0.0000536 seconds
2020-05-19T13:51:57.894+0000: 11674.831: Total time for which application threads were stopped: 0.0000597 seconds, Stopping threads took: 0.0000148 seconds
2020-05-19T13:51:57.924+0000: 11674.861: Total time for which application threads were stopped: 0.0001422 seconds, Stopping threads took: 0.0000528 seconds
2020-05-19T13:51:57.955+0000: 11674.892: [CMS-concurrent-sweep: 0.061/0.062 secs] [Times: user=0.19 sys=0.00, real=0.06 secs] 
2020-05-19T13:51:57.955+0000: 11674.892: [CMS-concurrent-reset-start]
2020-05-19T13:51:57.956+0000: 11674.893: [CMS-concurrent-reset: 0.001/0.001 secs] [Times: user=0.00 sys=0.00, real=0.00 secs] 
{Heap before GC invocations=221 (full 13):
 par new generation   total 109248K, used 109248K [0x00000000e0000000, 0x00000000e8000000, 0x00000000e8000000)
  eden space 87424K, 100% used [0x00000000e0000000, 0x00000000e5560000, 0x00000000e5560000)
  from space 21824K, 100% used [0x00000000e6ab0000, 0x00000000e8000000, 0x00000000e8000000)
  to   space 21824K,   0% used [0x00000000e5560000, 0x00000000e5560000, 0x00000000e6ab0000)
 concurrent mark-sweep generation total 393216K, used 78845K [0x00000000e8000000, 0x0000000100000000, 0x0000000100000000)
 Metaspace       used 56325K, capacity 58186K, committed 58388K, reserved 1101824K
  class space    used 6556K, capacity 6950K, committed 6976K, reserved 1048576K
2020-05-19T13:51:57.989+0000: 11674.926: [GC (Allocation Failure) 2020-05-19T13:51:57.989+0000: 11674.926: [ParNew
Desired survivor size 20112992 bytes, new threshold 7 (max 8)
- age   1:    5898472 bytes,    5898472 total
- age   3:    3402968 bytes,    9301440 total
- age   4:    4540584 bytes,   13842024 total
- age   5:    2676928 bytes,   16518952 total
- age   6:    3026488 bytes,   19545440 total
- age   7:    2769752 bytes,   22315192 total
: 109248K->21824K(109248K), 0.0143285 secs] 188093K->107435K(502464K), 0.0143952 secs] [Times: user=0.06 sys=0.00, real=0.01 secs] 
Heap after GC invocations=222 (full 13):
 par new generation   total 109248K, used 21824K [0x00000000e0000000, 0x00000000e8000000, 0x00000000e8000000)
  eden space 87424K,   0% used [0x00000000e0000000, 0x00000000e0000000, 0x00000000e5560000)
  from space 21824K, 100% used [0x00000000e5560000, 0x00000000e6ab0000, 0x00000000e6ab0000)
  to   space 21824K,   0% used [0x00000000e6ab0000, 0x00000000e6ab0000, 0x00000000e8000000)
 concurrent mark-sweep generation total 393216K, used 85611K [0x00000000e8000000, 0x0000000100000000, 0x0000000100000000)
 Metaspace       used 56325K, capacity 58186K, committed 58388K, reserved 1101824K
  class space    used 6556K, capacity 6950K, committed 6976K, reserved 1048576K
}
2020-05-19T13:51:58.004+0000: 11674.941: Total time for which application threads were stopped: 0.0146172 seconds, Stopping threads took: 0.0000512 seconds
2020-05-19T13:51:58.004+0000: 11674.941: Total time for which application threads were stopped: 0.0001381 seconds, Stopping threads took: 0.0000488 seconds
2020-05-19T13:51:58.004+0000: 11674.941: Total time for which application threads were stopped: 0.0001101 seconds, Stopping threads took: 0.0000425 seconds
2020-05-19T13:51:58.004+0000: 11674.941: Total time for which application threads were stopped: 0.0000997 seconds, Stopping threads took: 0.0000409 seconds
{Heap before GC invocations=222 (full 13):
 par new generation   total 109248K, used 109248K [0x00000000e0000000, 0x00000000e8000000, 0x00000000e8000000)
  eden space 87424K, 100% used [0x00000000e0000000, 0x00000000e5560000, 0x00000000e5560000)
  from space 21824K, 100% used [0x00000000e5560000, 0x00000000e6ab0000, 0x00000000e6ab0000)
  to   space 21824K,   0% used [0x00000000e6ab0000, 0x00000000e6ab0000, 0x00000000e8000000)
 concurrent mark-sweep generation total 393216K, used 85611K [0x00000000e8000000, 0x0000000100000000, 0x0000000100000000)
 Metaspace       used 56330K, capacity 58186K, committed 58388K, reserved 1101824K
  class space    used 6556K, capacity 6950K, committed 6976K, reserved 1048576K
2020-05-19T13:51:58.072+0000: 11675.009: [GC (Allocation Failure) 2020-05-19T13:51:58.072+0000: 11675.009: [ParNew
Desired survivor size 20112992 bytes, new threshold 7 (max 8)
- age   1:    3493360 bytes,    3493360 total
- age   2:    4227040 bytes,    7720400 total
- age   4:    3402616 bytes,   11123016 total
- age   5:    4540584 bytes,   15663600 total
- age   6:    2676888 bytes,   18340488 total
- age   7:    3026048 bytes,   21366536 total
: 109248K->21824K(109248K), 0.0125253 secs] 194859K->112374K(502464K), 0.0125880 secs] [Times: user=0.00 sys=0.00, real=0.01 secs] 
Heap after GC invocations=223 (full 13):
 par new generation   total 109248K, used 21824K [0x00000000e0000000, 0x00000000e8000000, 0x00000000e8000000)
  eden space 87424K,   0% used [0x00000000e0000000, 0x00000000e0000000, 0x00000000e5560000)
  from space 21824K, 100% used [0x00000000e6ab0000, 0x00000000e8000000, 0x00000000e8000000)
  to   space 21824K,   0% used [0x00000000e5560000, 0x00000000e5560000, 0x00000000e6ab0000)
 concurrent mark-sweep generation total 393216K, used 90550K [0x00000000e8000000, 0x0000000100000000, 0x0000000100000000)
 Metaspace       used 56330K, capacity 58186K, committed 58388K, reserved 1101824K
  class space    used 6556K, capacity 6950K, committed 6976K, reserved 1048576K
}
2020-05-19T13:51:58.085+0000: 11675.021: Total time for which application threads were stopped: 0.0128141 seconds, Stopping threads took: 0.0000568 seconds
2020-05-19T13:51:58.085+0000: 11675.021: Total time for which application threads were stopped: 0.0001610 seconds, Stopping threads took: 0.0000633 seconds
2020-05-19T13:51:58.885+0000: 11675.822: Total time for which application threads were stopped: 0.0001832 seconds, Stopping threads took: 0.0000895 seconds
2020-05-19T13:51:58.886+0000: 11675.823: Total time for which application threads were stopped: 0.0001072 seconds, Stopping threads took: 0.0000457 seconds
2020-05-19T13:51:58.886+0000: 11675.823: Total time for which application threads were stopped: 0.0000773 seconds, Stopping threads took: 0.0000294 seconds
2020-05-19T13:51:58.886+0000: 11675.824: Total time for which application threads were stopped: 0.0000639 seconds, Stopping threads took: 0.0000323 seconds
2020-05-19T13:51:58.886+0000: 11675.824: Total time for which application threads were stopped: 0.0000650 seconds, Stopping threads took: 0.0000343 seconds
2020-05-19T13:52:12.796+0000: 11689.733: Total time for which application threads were stopped: 0.0000891 seconds, Stopping threads took: 0.0000238 seconds
2020-05-19T13:52:44.808+0000: 11721.745: Total time for which application threads were stopped: 0.0000960 seconds, Stopping threads took: 0.0000249 seconds
2020-05-19T13:55:44.879+0000: 11901.816: Total time for which application threads were stopped: 0.0005250 seconds, Stopping threads took: 0.0001426 seconds
2020-05-19T13:57:44.932+0000: 12021.869: Total time for which application threads were stopped: 0.0001288 seconds, Stopping threads took: 0.0000356 seconds
2020-05-19T14:03:43.805+0000: 12380.742: Total time for which application threads were stopped: 0.0002995 seconds, Stopping threads took: 0.0001881 seconds
2020-05-19T14:03:43.807+0000: 12380.745: Total time for which application threads were stopped: 0.0001015 seconds, Stopping threads took: 0.0000233 seconds
2020-05-19T14:03:43.820+0000: 12380.757: Total time for which application threads were stopped: 0.0000808 seconds, Stopping threads took: 0.0000224 seconds
2020-05-19T14:03:43.821+0000: 12380.759: Total time for which application threads were stopped: 0.0001266 seconds, Stopping threads took: 0.0000313 seconds
2020-05-19T14:03:43.900+0000: 12380.837: Total time for which application threads were stopped: 0.0001695 seconds, Stopping threads took: 0.0000844 seconds
{Heap before GC invocations=223 (full 13):
 par new generation   total 109248K, used 109248K [0x00000000e0000000, 0x00000000e8000000, 0x00000000e8000000)
  eden space 87424K, 100% used [0x00000000e0000000, 0x00000000e5560000, 0x00000000e5560000)
  from space 21824K, 100% used [0x00000000e6ab0000, 0x00000000e8000000, 0x00000000e8000000)
  to   space 21824K,   0% used [0x00000000e5560000, 0x00000000e5560000, 0x00000000e6ab0000)
 concurrent mark-sweep generation total 393216K, used 90550K [0x00000000e8000000, 0x0000000100000000, 0x0000000100000000)
 Metaspace       used 56370K, capacity 58206K, committed 58388K, reserved 1101824K
  class space    used 6557K, capacity 6952K, committed 6976K, reserved 1048576K
2020-05-19T14:03:43.912+0000: 12380.849: [GC (Allocation Failure) 2020-05-19T14:03:43.912+0000: 12380.849: [ParNew
Desired survivor size 20112992 bytes, new threshold 7 (max 8)
- age   1:    4323520 bytes,    4323520 total
- age   2:    2621968 bytes,    6945488 total
- age   3:    3432320 bytes,   10377808 total
- age   5:    3184760 bytes,   13562568 total
- age   6:    4540584 bytes,   18103152 total
- age   7:    2676792 bytes,   20779944 total
: 109248K->21824K(109248K), 0.0161665 secs] 199798K->119968K(502464K), 0.0163141 secs] [Times: user=0.06 sys=0.00, real=0.02 secs] 
Heap after GC invocations=224 (full 13):
 par new generation   total 109248K, used 21824K [0x00000000e0000000, 0x00000000e8000000, 0x00000000e8000000)
  eden space 87424K,   0% used [0x00000000e0000000, 0x00000000e0000000, 0x00000000e5560000)
  from space 21824K, 100% used [0x00000000e5560000, 0x00000000e6ab0000, 0x00000000e6ab0000)
  to   space 21824K,   0% used [0x00000000e6ab0000, 0x00000000e6ab0000, 0x00000000e8000000)
 concurrent mark-sweep generation total 393216K, used 98144K [0x00000000e8000000, 0x0000000100000000, 0x0000000100000000)
 Metaspace       used 56370K, capacity 58206K, committed 58388K, reserved 1101824K
  class space    used 6557K, capacity 6952K, committed 6976K, reserved 1048576K
}
2020-05-19T14:03:43.928+0000: 12380.865: Total time for which application threads were stopped: 0.0166076 seconds, Stopping threads took: 0.0000504 seconds
2020-05-19T14:03:43.928+0000: 12380.865: Total time for which application threads were stopped: 0.0002310 seconds, Stopping threads took: 0.0000839 seconds
2020-05-19T14:03:43.929+0000: 12380.866: Total time for which application threads were stopped: 0.0002237 seconds, Stopping threads took: 0.0000637 seconds
2020-05-19T14:03:43.929+0000: 12380.866: Total time for which application threads were stopped: 0.0001228 seconds, Stopping threads took: 0.0000473 seconds
{Heap before GC invocations=224 (full 13):
 par new generation   total 109248K, used 109248K [0x00000000e0000000, 0x00000000e8000000, 0x00000000e8000000)
  eden space 87424K, 100% used [0x00000000e0000000, 0x00000000e5560000, 0x00000000e5560000)
  from space 21824K, 100% used [0x00000000e5560000, 0x00000000e6ab0000, 0x00000000e6ab0000)
  to   space 21824K,   0% used [0x00000000e6ab0000, 0x00000000e6ab0000, 0x00000000e8000000)
 concurrent mark-sweep generation total 393216K, used 98144K [0x00000000e8000000, 0x0000000100000000, 0x0000000100000000)
 Metaspace       used 56370K, capacity 58206K, committed 58388K, reserved 1101824K
  class space    used 6557K, capacity 6952K, committed 6976K, reserved 1048576K
2020-05-19T14:03:44.046+0000: 12380.983: [GC (Allocation Failure) 2020-05-19T14:03:44.046+0000: 12380.983: [ParNew
Desired survivor size 20112992 bytes, new threshold 7 (max 8)
- age   1:    5389584 bytes,    5389584 total
- age   2:    3413600 bytes,    8803184 total
- age   3:    2342032 bytes,   11145216 total
- age   4:    2374856 bytes,   13520072 total
- age   6:    3114920 bytes,   16634992 total
- age   7:    4540584 bytes,   21175576 total
: 109248K->21824K(109248K), 0.0144407 secs] 207392K->125618K(502464K), 0.0146795 secs] [Times: user=0.06 sys=0.00, real=0.02 secs] 
Heap after GC invocations=225 (full 13):
 par new generation   total 109248K, used 21824K [0x00000000e0000000, 0x00000000e8000000, 0x00000000e8000000)
  eden space 87424K,   0% used [0x00000000e0000000, 0x00000000e0000000, 0x00000000e5560000)
  from space 21824K, 100% used [0x00000000e6ab0000, 0x00000000e8000000, 0x00000000e8000000)
  to   space 21824K,   0% used [0x00000000e5560000, 0x00000000e5560000, 0x00000000e6ab0000)
 concurrent mark-sweep generation total 393216K, used 103794K [0x00000000e8000000, 0x0000000100000000, 0x0000000100000000)
 Metaspace       used 56370K, capacity 58206K, committed 58388K, reserved 1101824K
  class space    used 6557K, capacity 6952K, committed 6976K, reserved 1048576K
}
2020-05-19T14:03:44.061+0000: 12380.998: Total time for which application threads were stopped: 0.0149381 seconds, Stopping threads took: 0.0000588 seconds
2020-05-19T14:03:44.061+0000: 12380.998: Total time for which application threads were stopped: 0.0002090 seconds, Stopping threads took: 0.0000644 seconds
2020-05-19T14:03:44.062+0000: 12380.998: Total time for which application threads were stopped: 0.0001979 seconds, Stopping threads took: 0.0000425 seconds
2020-05-19T14:03:44.732+0000: 12381.669: Total time for which application threads were stopped: 0.0002151 seconds, Stopping threads took: 0.0000832 seconds
2020-05-19T14:03:44.733+0000: 12381.670: Total time for which application threads were stopped: 0.0002908 seconds, Stopping threads took: 0.0001057 seconds
2020-05-19T14:03:44.733+0000: 12381.670: Total time for which application threads were stopped: 0.0000856 seconds, Stopping threads took: 0.0000370 seconds
2020-05-19T14:03:44.733+0000: 12381.670: Total time for which application threads were stopped: 0.0000471 seconds, Stopping threads took: 0.0000132 seconds
2020-05-19T14:03:44.734+0000: 12381.671: Total time for which application threads were stopped: 0.0000820 seconds, Stopping threads took: 0.0000348 seconds
2020-05-19T14:03:45.735+0000: 12382.671: Total time for which application threads were stopped: 0.0001160 seconds, Stopping threads took: 0.0000427 seconds
2020-05-19T14:03:58.823+0000: 12395.760: Total time for which application threads were stopped: 0.0001012 seconds, Stopping threads took: 0.0000291 seconds
2020-05-19T14:04:44.845+0000: 12441.782: Total time for which application threads were stopped: 0.0004803 seconds, Stopping threads took: 0.0001556 seconds
2020-05-19T14:05:44.872+0000: 12501.809: Total time for which application threads were stopped: 0.0003698 seconds, Stopping threads took: 0.0001150 seconds
2020-05-19T14:06:35.893+0000: 12552.830: Total time for which application threads were stopped: 0.0006785 seconds, Stopping threads took: 0.0001549 seconds
{Heap before GC invocations=225 (full 13):
 par new generation   total 109248K, used 109248K [0x00000000e0000000, 0x00000000e8000000, 0x00000000e8000000)
  eden space 87424K, 100% used [0x00000000e0000000, 0x00000000e5560000, 0x00000000e5560000)
  from space 21824K, 100% used [0x00000000e6ab0000, 0x00000000e8000000, 0x00000000e8000000)
  to   space 21824K,   0% used [0x00000000e5560000, 0x00000000e5560000, 0x00000000e6ab0000)
 concurrent mark-sweep generation total 393216K, used 103794K [0x00000000e8000000, 0x0000000100000000, 0x0000000100000000)
 Metaspace       used 56374K, capacity 58206K, committed 58388K, reserved 1101824K
  class space    used 6557K, capacity 6952K, committed 6976K, reserved 1048576K
2020-05-19T14:08:44.814+0000: 12681.751: [GC (Allocation Failure) 2020-05-19T14:08:44.814+0000: 12681.751: [ParNew
Desired survivor size 20112992 bytes, new threshold 8 (max 8)
- age   1:    3515384 bytes,    3515384 total
- age   2:    4181112 bytes,    7696496 total
- age   3:    2971320 bytes,   10667816 total
- age   4:    2342032 bytes,   13009848 total
- age   5:    1905784 bytes,   14915632 total
- age   7:    3101216 bytes,   18016848 total
: 109248K->21824K(109248K), 0.0139226 secs] 213042K->130821K(502464K), 0.0140205 secs] [Times: user=0.06 sys=0.00, real=0.01 secs] 
Heap after GC invocations=226 (full 13):
 par new generation   total 109248K, used 21824K [0x00000000e0000000, 0x00000000e8000000, 0x00000000e8000000)
  eden space 87424K,   0% used [0x00000000e0000000, 0x00000000e0000000, 0x00000000e5560000)
  from space 21824K, 100% used [0x00000000e5560000, 0x00000000e6ab0000, 0x00000000e6ab0000)
  to   space 21824K,   0% used [0x00000000e6ab0000, 0x00000000e6ab0000, 0x00000000e8000000)
 concurrent mark-sweep generation total 393216K, used 108997K [0x00000000e8000000, 0x0000000100000000, 0x0000000100000000)
 Metaspace       used 56374K, capacity 58206K, committed 58388K, reserved 1101824K
  class space    used 6557K, capacity 6952K, committed 6976K, reserved 1048576K
}
2020-05-19T14:08:44.829+0000: 12681.765: Total time for which application threads were stopped: 0.0144360 seconds, Stopping threads took: 0.0000347 seconds
2020-05-19T14:08:44.829+0000: 12681.766: Total time for which application threads were stopped: 0.0001689 seconds, Stopping threads took: 0.0000701 seconds
2020-05-19T14:11:45.914+0000: 12862.851: Total time for which application threads were stopped: 0.0005604 seconds, Stopping threads took: 0.0001373 seconds
2020-05-19T14:17:46.064+0000: 13223.001: Total time for which application threads were stopped: 0.0001344 seconds, Stopping threads took: 0.0000457 seconds
2020-05-19T14:20:46.149+0000: 13403.086: Total time for which application threads were stopped: 0.0008397 seconds, Stopping threads took: 0.0001949 seconds
2020-05-19T14:23:13.446+0000: 13550.383: Total time for which application threads were stopped: 0.0002548 seconds, Stopping threads took: 0.0001570 seconds
2020-05-19T14:23:13.448+0000: 13550.385: Total time for which application threads were stopped: 0.0001876 seconds, Stopping threads took: 0.0000486 seconds
2020-05-19T14:23:13.462+0000: 13550.400: Total time for which application threads were stopped: 0.0000892 seconds, Stopping threads took: 0.0000209 seconds
2020-05-19T14:23:13.464+0000: 13550.401: Total time for which application threads were stopped: 0.0001146 seconds, Stopping threads took: 0.0000422 seconds
2020-05-19T14:23:13.530+0000: 13550.466: Total time for which application threads were stopped: 0.0002018 seconds, Stopping threads took: 0.0001199 seconds
{Heap before GC invocations=226 (full 13):
 par new generation   total 109248K, used 109248K [0x00000000e0000000, 0x00000000e8000000, 0x00000000e8000000)
  eden space 87424K, 100% used [0x00000000e0000000, 0x00000000e5560000, 0x00000000e5560000)
  from space 21824K, 100% used [0x00000000e5560000, 0x00000000e6ab0000, 0x00000000e6ab0000)
  to   space 21824K,   0% used [0x00000000e6ab0000, 0x00000000e6ab0000, 0x00000000e8000000)
 concurrent mark-sweep generation total 393216K, used 108997K [0x00000000e8000000, 0x0000000100000000, 0x0000000100000000)
 Metaspace       used 56389K, capacity 58206K, committed 58388K, reserved 1101824K
  class space    used 6557K, capacity 6952K, committed 6976K, reserved 1048576K
2020-05-19T14:23:13.578+0000: 13550.515: [GC (Allocation Failure) 2020-05-19T14:23:13.578+0000: 13550.515: [ParNew
Desired survivor size 20112992 bytes, new threshold 6 (max 8)
- age   1:    6211272 bytes,    6211272 total
- age   2:    2976960 bytes,    9188232 total
- age   3:    4063392 bytes,   13251624 total
- age   4:    2964144 bytes,   16215768 total
- age   5:    2341872 bytes,   18557640 total
- age   6:    1896128 bytes,   20453768 total
- age   8:    1889768 bytes,   22343536 total
: 109248K->21824K(109248K), 0.0195736 secs] 218245K->136258K(502464K), 0.0196450 secs] [Times: user=0.03 sys=0.00, real=0.02 secs] 
Heap after GC invocations=227 (full 13):
 par new generation   total 109248K, used 21824K [0x00000000e0000000, 0x00000000e8000000, 0x00000000e8000000)
  eden space 87424K,   0% used [0x00000000e0000000, 0x00000000e0000000, 0x00000000e5560000)
  from space 21824K, 100% used [0x00000000e6ab0000, 0x00000000e8000000, 0x00000000e8000000)
  to   space 21824K,   0% used [0x00000000e5560000, 0x00000000e5560000, 0x00000000e6ab0000)
 concurrent mark-sweep generation total 393216K, used 114434K [0x00000000e8000000, 0x0000000100000000, 0x0000000100000000)
 Metaspace       used 56389K, capacity 58206K, committed 58388K, reserved 1101824K
  class space    used 6557K, capacity 6952K, committed 6976K, reserved 1048576K
}
2020-05-19T14:23:13.598+0000: 13550.534: Total time for which application threads were stopped: 0.0198858 seconds, Stopping threads took: 0.0000582 seconds
2020-05-19T14:23:13.598+0000: 13550.535: Total time for which application threads were stopped: 0.0002310 seconds, Stopping threads took: 0.0001303 seconds
2020-05-19T14:23:13.598+0000: 13550.535: Total time for which application threads were stopped: 0.0001289 seconds, Stopping threads took: 0.0000402 seconds
2020-05-19T14:23:13.599+0000: 13550.535: Total time for which application threads were stopped: 0.0001062 seconds, Stopping threads took: 0.0000467 seconds
{Heap before GC invocations=227 (full 13):
 par new generation   total 109248K, used 109248K [0x00000000e0000000, 0x00000000e8000000, 0x00000000e8000000)
  eden space 87424K, 100% used [0x00000000e0000000, 0x00000000e5560000, 0x00000000e5560000)
  from space 21824K, 100% used [0x00000000e6ab0000, 0x00000000e8000000, 0x00000000e8000000)
  to   space 21824K,   0% used [0x00000000e5560000, 0x00000000e5560000, 0x00000000e6ab0000)
 concurrent mark-sweep generation total 393216K, used 114434K [0x00000000e8000000, 0x0000000100000000, 0x0000000100000000)
 Metaspace       used 56389K, capacity 58206K, committed 58388K, reserved 1101824K
  class space    used 6557K, capacity 6952K, committed 6976K, reserved 1048576K
2020-05-19T14:23:13.679+0000: 13550.615: [GC (Allocation Failure) 2020-05-19T14:23:13.679+0000: 13550.615: [ParNew
Desired survivor size 20112992 bytes, new threshold 6 (max 8)
- age   1:    5348624 bytes,    5348624 total
- age   2:    4645216 bytes,    9993840 total
- age   3:    2976456 bytes,   12970296 total
- age   4:    4063216 bytes,   17033512 total
- age   5:    2869160 bytes,   19902672 total
- age   6:    2341872 bytes,   22244544 total
: 109248K->21824K(109248K), 0.0178898 secs] 223682K->144701K(502464K), 0.0179591 secs] [Times: user=0.08 sys=0.00, real=0.02 secs] 
Heap after GC invocations=228 (full 13):
 par new generation   total 109248K, used 21824K [0x00000000e0000000, 0x00000000e8000000, 0x00000000e8000000)
  eden space 87424K,   0% used [0x00000000e0000000, 0x00000000e0000000, 0x00000000e5560000)
  from space 21824K, 100% used [0x00000000e5560000, 0x00000000e6ab0000, 0x00000000e6ab0000)
  to   space 21824K,   0% used [0x00000000e6ab0000, 0x00000000e6ab0000, 0x00000000e8000000)
 concurrent mark-sweep generation total 393216K, used 122877K [0x00000000e8000000, 0x0000000100000000, 0x0000000100000000)
 Metaspace       used 56389K, capacity 58206K, committed 58388K, reserved 1101824K
  class space    used 6557K, capacity 6952K, committed 6976K, reserved 1048576K
}
2020-05-19T14:23:13.696+0000: 13550.633: Total time for which application threads were stopped: 0.0182457 seconds, Stopping threads took: 0.0000901 seconds
2020-05-19T14:23:13.697+0000: 13550.634: Total time for which application threads were stopped: 0.0001502 seconds, Stopping threads took: 0.0000576 seconds
2020-05-19T14:23:13.697+0000: 13550.634: Total time for which application threads were stopped: 0.0001419 seconds, Stopping threads took: 0.0000897 seconds
2020-05-19T14:23:13.697+0000: 13550.634: Total time for which application threads were stopped: 0.0000827 seconds, Stopping threads took: 0.0000407 seconds
2020-05-19T14:23:14.697+0000: 13551.634: Total time for which application threads were stopped: 0.0001239 seconds, Stopping threads took: 0.0000516 seconds
2020-05-19T14:23:15.112+0000: 13552.049: Total time for which application threads were stopped: 0.0002233 seconds, Stopping threads took: 0.0000888 seconds
2020-05-19T14:23:15.114+0000: 13552.052: Total time for which application threads were stopped: 0.0001874 seconds, Stopping threads took: 0.0000503 seconds
2020-05-19T14:23:15.115+0000: 13552.052: Total time for which application threads were stopped: 0.0002603 seconds, Stopping threads took: 0.0000302 seconds
2020-05-19T14:23:16.115+0000: 13553.052: Total time for which application threads were stopped: 0.0001534 seconds, Stopping threads took: 0.0000826 seconds
2020-05-19T14:23:21.184+0000: 13558.121: Total time for which application threads were stopped: 0.0002058 seconds, Stopping threads took: 0.0001390 seconds
2020-05-19T14:23:21.187+0000: 13558.124: Total time for which application threads were stopped: 0.0001557 seconds, Stopping threads took: 0.0000613 seconds
2020-05-19T14:23:21.188+0000: 13558.125: Total time for which application threads were stopped: 0.0001285 seconds, Stopping threads took: 0.0000495 seconds
2020-05-19T14:23:21.201+0000: 13558.138: Total time for which application threads were stopped: 0.0002924 seconds, Stopping threads took: 0.0000588 seconds
{Heap before GC invocations=228 (full 13):
 par new generation   total 109248K, used 109248K [0x00000000e0000000, 0x00000000e8000000, 0x00000000e8000000)
  eden space 87424K, 100% used [0x00000000e0000000, 0x00000000e5560000, 0x00000000e5560000)
  from space 21824K, 100% used [0x00000000e5560000, 0x00000000e6ab0000, 0x00000000e6ab0000)
  to   space 21824K,   0% used [0x00000000e6ab0000, 0x00000000e6ab0000, 0x00000000e8000000)
 concurrent mark-sweep generation total 393216K, used 122877K [0x00000000e8000000, 0x0000000100000000, 0x0000000100000000)
 Metaspace       used 56394K, capacity 58206K, committed 58388K, reserved 1101824K
  class space    used 6557K, capacity 6952K, committed 6976K, reserved 1048576K
2020-05-19T14:23:21.263+0000: 13558.199: [GC (Allocation Failure) 2020-05-19T14:23:21.263+0000: 13558.199: [ParNew
Desired survivor size 20112992 bytes, new threshold 6 (max 8)
- age   1:    5787248 bytes,    5787248 total
- age   2:    2619888 bytes,    8407136 total
- age   3:    4235160 bytes,   12642296 total
- age   4:    2928616 bytes,   15570912 total
- age   5:    3940024 bytes,   19510936 total
- age   6:    2784208 bytes,   22295144 total
: 109248K->21824K(109248K), 0.0159642 secs] 232125K->152511K(502464K), 0.0160446 secs] [Times: user=0.06 sys=0.00, real=0.02 secs] 
Heap after GC invocations=229 (full 13):
 par new generation   total 109248K, used 21824K [0x00000000e0000000, 0x00000000e8000000, 0x00000000e8000000)
  eden space 87424K,   0% used [0x00000000e0000000, 0x00000000e0000000, 0x00000000e5560000)
  from space 21824K, 100% used [0x00000000e6ab0000, 0x00000000e8000000, 0x00000000e8000000)
  to   space 21824K,   0% used [0x00000000e5560000, 0x00000000e5560000, 0x00000000e6ab0000)
 concurrent mark-sweep generation total 393216K, used 130687K [0x00000000e8000000, 0x0000000100000000, 0x0000000100000000)
 Metaspace       used 56394K, capacity 58206K, committed 58388K, reserved 1101824K
  class space    used 6557K, capacity 6952K, committed 6976K, reserved 1048576K
}
2020-05-19T14:23:21.279+0000: 13558.216: Total time for which application threads were stopped: 0.0163464 seconds, Stopping threads took: 0.0001248 seconds
2020-05-19T14:23:21.279+0000: 13558.216: Total time for which application threads were stopped: 0.0001225 seconds, Stopping threads took: 0.0000551 seconds
2020-05-19T14:23:21.279+0000: 13558.216: Total time for which application threads were stopped: 0.0001686 seconds, Stopping threads took: 0.0000899 seconds
2020-05-19T14:23:21.281+0000: 13558.218: Total time for which application threads were stopped: 0.0001153 seconds, Stopping threads took: 0.0000425 seconds
{Heap before GC invocations=229 (full 13):
 par new generation   total 109248K, used 109183K [0x00000000e0000000, 0x00000000e8000000, 0x00000000e8000000)
  eden space 87424K,  99% used [0x00000000e0000000, 0x00000000e554ff38, 0x00000000e5560000)
  from space 21824K, 100% used [0x00000000e6ab0000, 0x00000000e8000000, 0x00000000e8000000)
  to   space 21824K,   0% used [0x00000000e5560000, 0x00000000e5560000, 0x00000000e6ab0000)
 concurrent mark-sweep generation total 393216K, used 130687K [0x00000000e8000000, 0x0000000100000000, 0x0000000100000000)
 Metaspace       used 56394K, capacity 58206K, committed 58388K, reserved 1101824K
  class space    used 6557K, capacity 6952K, committed 6976K, reserved 1048576K
2020-05-19T14:23:21.365+0000: 13558.302: [GC (Allocation Failure) 2020-05-19T14:23:21.365+0000: 13558.302: [ParNew
Desired survivor size 20112992 bytes, new threshold 6 (max 8)
- age   1:    4047992 bytes,    4047992 total
- age   2:    4734720 bytes,    8782712 total
- age   3:    2619608 bytes,   11402320 total
- age   4:    4068864 bytes,   15471184 total
- age   5:    2928536 bytes,   18399720 total
- age   6:    3940024 bytes,   22339744 total
: 109183K->21824K(109248K), 0.0149245 secs] 239871K->157769K(502464K), 0.0149871 secs] [Times: user=0.06 sys=0.00, real=0.02 secs] 
Heap after GC invocations=230 (full 13):
 par new generation   total 109248K, used 21824K [0x00000000e0000000, 0x00000000e8000000, 0x00000000e8000000)
  eden space 87424K,   0% used [0x00000000e0000000, 0x00000000e0000000, 0x00000000e5560000)
  from space 21824K, 100% used [0x00000000e5560000, 0x00000000e6ab0000, 0x00000000e6ab0000)
  to   space 21824K,   0% used [0x00000000e6ab0000, 0x00000000e6ab0000, 0x00000000e8000000)
 concurrent mark-sweep generation total 393216K, used 135945K [0x00000000e8000000, 0x0000000100000000, 0x0000000100000000)
 Metaspace       used 56394K, capacity 58206K, committed 58388K, reserved 1101824K
  class space    used 6557K, capacity 6952K, committed 6976K, reserved 1048576K
}
2020-05-19T14:23:21.381+0000: 13558.317: Total time for which application threads were stopped: 0.0151873 seconds, Stopping threads took: 0.0000443 seconds
2020-05-19T14:23:21.381+0000: 13558.317: Total time for which application threads were stopped: 0.0001467 seconds, Stopping threads took: 0.0000639 seconds
2020-05-19T14:23:21.381+0000: 13558.318: Total time for which application threads were stopped: 0.0000994 seconds, Stopping threads took: 0.0000432 seconds
{Heap before GC invocations=230 (full 13):
 par new generation   total 109248K, used 109248K [0x00000000e0000000, 0x00000000e8000000, 0x00000000e8000000)
  eden space 87424K, 100% used [0x00000000e0000000, 0x00000000e5560000, 0x00000000e5560000)
  from space 21824K, 100% used [0x00000000e5560000, 0x00000000e6ab0000, 0x00000000e6ab0000)
  to   space 21824K,   0% used [0x00000000e6ab0000, 0x00000000e6ab0000, 0x00000000e8000000)
 concurrent mark-sweep generation total 393216K, used 135945K [0x00000000e8000000, 0x0000000100000000, 0x0000000100000000)
 Metaspace       used 56394K, capacity 58206K, committed 58388K, reserved 1101824K
  class space    used 6557K, capacity 6952K, committed 6976K, reserved 1048576K
2020-05-19T14:23:21.454+0000: 13558.391: [GC (Allocation Failure) 2020-05-19T14:23:21.454+0000: 13558.391: [ParNew
Desired survivor size 20112992 bytes, new threshold 6 (max 8)
- age   1:    5834896 bytes,    5834896 total
- age   2:    1909520 bytes,    7744416 total
- age   3:    4563304 bytes,   12307720 total
- age   4:    2612728 bytes,   14920448 total
- age   5:    4068696 bytes,   18989144 total
- age   6:    2895320 bytes,   21884464 total
: 109248K->21824K(109248K), 0.0158769 secs] 245193K->168024K(502464K), 0.0159506 secs] [Times: user=0.06 sys=0.00, real=0.02 secs] 
Heap after GC invocations=231 (full 13):
 par new generation   total 109248K, used 21824K [0x00000000e0000000, 0x00000000e8000000, 0x00000000e8000000)
  eden space 87424K,   0% used [0x00000000e0000000, 0x00000000e0000000, 0x00000000e5560000)
  from space 21824K, 100% used [0x00000000e6ab0000, 0x00000000e8000000, 0x00000000e8000000)
  to   space 21824K,   0% used [0x00000000e5560000, 0x00000000e5560000, 0x00000000e6ab0000)
 concurrent mark-sweep generation total 393216K, used 146200K [0x00000000e8000000, 0x0000000100000000, 0x0000000100000000)
 Metaspace       used 56394K, capacity 58206K, committed 58388K, reserved 1101824K
  class space    used 6557K, capacity 6952K, committed 6976K, reserved 1048576K
}
2020-05-19T14:23:21.470+0000: 13558.407: Total time for which application threads were stopped: 0.0161927 seconds, Stopping threads took: 0.0000629 seconds
2020-05-19T14:23:21.471+0000: 13558.407: Total time for which application threads were stopped: 0.0001738 seconds, Stopping threads took: 0.0000653 seconds
2020-05-19T14:23:21.471+0000: 13558.407: Total time for which application threads were stopped: 0.0001237 seconds, Stopping threads took: 0.0000417 seconds
2020-05-19T14:23:22.196+0000: 13559.132: Total time for which application threads were stopped: 0.0001339 seconds, Stopping threads took: 0.0000526 seconds
2020-05-19T14:23:22.197+0000: 13559.133: Total time for which application threads were stopped: 0.0001692 seconds, Stopping threads took: 0.0001071 seconds
2020-05-19T14:23:22.197+0000: 13559.134: Total time for which application threads were stopped: 0.0000871 seconds, Stopping threads took: 0.0000376 seconds
2020-05-19T14:23:23.590+0000: 13560.527: Total time for which application threads were stopped: 0.0001932 seconds, Stopping threads took: 0.0001250 seconds
2020-05-19T14:23:23.592+0000: 13560.529: Total time for which application threads were stopped: 0.0002018 seconds, Stopping threads took: 0.0000747 seconds
2020-05-19T14:23:23.605+0000: 13560.542: Total time for which application threads were stopped: 0.0001875 seconds, Stopping threads took: 0.0000941 seconds
2020-05-19T14:23:23.606+0000: 13560.543: Total time for which application threads were stopped: 0.0001571 seconds, Stopping threads took: 0.0000580 seconds
2020-05-19T14:23:23.662+0000: 13560.599: Total time for which application threads were stopped: 0.0001342 seconds, Stopping threads took: 0.0000505 seconds
{Heap before GC invocations=231 (full 13):
 par new generation   total 109248K, used 109248K [0x00000000e0000000, 0x00000000e8000000, 0x00000000e8000000)
  eden space 87424K, 100% used [0x00000000e0000000, 0x00000000e5560000, 0x00000000e5560000)
  from space 21824K, 100% used [0x00000000e6ab0000, 0x00000000e8000000, 0x00000000e8000000)
  to   space 21824K,   0% used [0x00000000e5560000, 0x00000000e5560000, 0x00000000e6ab0000)
 concurrent mark-sweep generation total 393216K, used 146200K [0x00000000e8000000, 0x0000000100000000, 0x0000000100000000)
 Metaspace       used 56398K, capacity 58206K, committed 58388K, reserved 1101824K
  class space    used 6557K, capacity 6952K, committed 6976K, reserved 1048576K
2020-05-19T14:23:23.712+0000: 13560.649: [GC (Allocation Failure) 2020-05-19T14:23:23.712+0000: 13560.649: [ParNew
Desired survivor size 20112992 bytes, new threshold 6 (max 8)
- age   1:    5552472 bytes,    5552472 total
- age   2:    4174576 bytes,    9727048 total
- age   3:    1527400 bytes,   11254448 total
- age   4:    4395096 bytes,   15649544 total
- age   5:    2598664 bytes,   18248208 total
- age   6:    4038920 bytes,   22287128 total
: 109248K->21824K(109248K), 0.0164826 secs] 255448K->175381K(502464K), 0.0165874 secs] [Times: user=0.05 sys=0.00, real=0.02 secs] 
Heap after GC invocations=232 (full 13):
 par new generation   total 109248K, used 21824K [0x00000000e0000000, 0x00000000e8000000, 0x00000000e8000000)
  eden space 87424K,   0% used [0x00000000e0000000, 0x00000000e0000000, 0x00000000e5560000)
  from space 21824K, 100% used [0x00000000e5560000, 0x00000000e6ab0000, 0x00000000e6ab0000)
  to   space 21824K,   0% used [0x00000000e6ab0000, 0x00000000e6ab0000, 0x00000000e8000000)
 concurrent mark-sweep generation total 393216K, used 153557K [0x00000000e8000000, 0x0000000100000000, 0x0000000100000000)
 Metaspace       used 56398K, capacity 58206K, committed 58388K, reserved 1101824K
  class space    used 6557K, capacity 6952K, committed 6976K, reserved 1048576K
}
2020-05-19T14:23:23.729+0000: 13560.666: Total time for which application threads were stopped: 0.0169099 seconds, Stopping threads took: 0.0000577 seconds
2020-05-19T14:23:23.729+0000: 13560.666: Total time for which application threads were stopped: 0.0002013 seconds, Stopping threads took: 0.0000619 seconds
2020-05-19T14:23:23.730+0000: 13560.666: Total time for which application threads were stopped: 0.0001824 seconds, Stopping threads took: 0.0000580 seconds
2020-05-19T14:23:23.730+0000: 13560.667: Total time for which application threads were stopped: 0.0001725 seconds, Stopping threads took: 0.0000493 seconds
{Heap before GC invocations=232 (full 13):
 par new generation   total 109248K, used 109248K [0x00000000e0000000, 0x00000000e8000000, 0x00000000e8000000)
  eden space 87424K, 100% used [0x00000000e0000000, 0x00000000e5560000, 0x00000000e5560000)
  from space 21824K, 100% used [0x00000000e5560000, 0x00000000e6ab0000, 0x00000000e6ab0000)
  to   space 21824K,   0% used [0x00000000e6ab0000, 0x00000000e6ab0000, 0x00000000e8000000)
 concurrent mark-sweep generation total 393216K, used 153557K [0x00000000e8000000, 0x0000000100000000, 0x0000000100000000)
 Metaspace       used 56398K, capacity 58206K, committed 58388K, reserved 1101824K
  class space    used 6557K, capacity 6952K, committed 6976K, reserved 1048576K
2020-05-19T14:23:23.826+0000: 13560.764: [GC (Allocation Failure) 2020-05-19T14:23:23.826+0000: 13560.764: [ParNew
Desired survivor size 20112992 bytes, new threshold 6 (max 8)
- age   1:    6337536 bytes,    6337536 total
- age   2:    2360672 bytes,    8698208 total
- age   3:    4025432 bytes,   12723640 total
- age   4:    1287384 bytes,   14011024 total
- age   5:    4360352 bytes,   18371376 total
- age   6:    2575960 bytes,   20947336 total
: 109248K->21824K(109248K), 0.0173515 secs] 262805K->186006K(502464K), 0.0174167 secs] [Times: user=0.06 sys=0.00, real=0.02 secs] 
Heap after GC invocations=233 (full 13):
 par new generation   total 109248K, used 21824K [0x00000000e0000000, 0x00000000e8000000, 0x00000000e8000000)
  eden space 87424K,   0% used [0x00000000e0000000, 0x00000000e0000000, 0x00000000e5560000)
  from space 21824K, 100% used [0x00000000e6ab0000, 0x00000000e8000000, 0x00000000e8000000)
  to   space 21824K,   0% used [0x00000000e5560000, 0x00000000e5560000, 0x00000000e6ab0000)
 concurrent mark-sweep generation total 393216K, used 164182K [0x00000000e8000000, 0x0000000100000000, 0x0000000100000000)
 Metaspace       used 56398K, capacity 58206K, committed 58388K, reserved 1101824K
  class space    used 6557K, capacity 6952K, committed 6976K, reserved 1048576K
}
2020-05-19T14:23:23.844+0000: 13560.781: Total time for which application threads were stopped: 0.0176912 seconds, Stopping threads took: 0.0000623 seconds
2020-05-19T14:23:23.844+0000: 13560.782: Total time for which application threads were stopped: 0.0002636 seconds, Stopping threads took: 0.0000597 seconds
2020-05-19T14:23:23.844+0000: 13560.782: Total time for which application threads were stopped: 0.0000826 seconds, Stopping threads took: 0.0000332 seconds
2020-05-19T14:23:24.744+0000: 13561.681: Total time for which application threads were stopped: 0.0001919 seconds, Stopping threads took: 0.0001141 seconds
2020-05-19T14:23:24.745+0000: 13561.682: Total time for which application threads were stopped: 0.0002999 seconds, Stopping threads took: 0.0000550 seconds
2020-05-19T14:23:24.746+0000: 13561.683: Total time for which application threads were stopped: 0.0001933 seconds, Stopping threads took: 0.0001295 seconds
2020-05-19T14:23:24.747+0000: 13561.683: Total time for which application threads were stopped: 0.0001910 seconds, Stopping threads took: 0.0001409 seconds
2020-05-19T14:23:24.747+0000: 13561.683: Total time for which application threads were stopped: 0.0000422 seconds, Stopping threads took: 0.0000131 seconds
2020-05-19T14:23:24.747+0000: 13561.683: Total time for which application threads were stopped: 0.0000378 seconds, Stopping threads took: 0.0000100 seconds
2020-05-19T14:23:38.607+0000: 13575.544: Total time for which application threads were stopped: 0.0000880 seconds, Stopping threads took: 0.0000234 seconds
2020-05-19T14:23:54.988+0000: 13591.925: Total time for which application threads were stopped: 0.0001787 seconds, Stopping threads took: 0.0000855 seconds
2020-05-19T14:23:54.991+0000: 13591.928: Total time for which application threads were stopped: 0.0001459 seconds, Stopping threads took: 0.0000277 seconds
2020-05-19T14:23:54.992+0000: 13591.929: Total time for which application threads were stopped: 0.0003357 seconds, Stopping threads took: 0.0001967 seconds
{Heap before GC invocations=233 (full 13):
 par new generation   total 109248K, used 109248K [0x00000000e0000000, 0x00000000e8000000, 0x00000000e8000000)
  eden space 87424K, 100% used [0x00000000e0000000, 0x00000000e5560000, 0x00000000e5560000)
  from space 21824K, 100% used [0x00000000e6ab0000, 0x00000000e8000000, 0x00000000e8000000)
  to   space 21824K,   0% used [0x00000000e5560000, 0x00000000e5560000, 0x00000000e6ab0000)
 concurrent mark-sweep generation total 393216K, used 164182K [0x00000000e8000000, 0x0000000100000000, 0x0000000100000000)
 Metaspace       used 56406K, capacity 58206K, committed 58388K, reserved 1101824K
  class space    used 6557K, capacity 6952K, committed 6976K, reserved 1048576K
2020-05-19T14:23:55.077+0000: 13592.014: [GC (Allocation Failure) 2020-05-19T14:23:55.077+0000: 13592.014: [ParNew
Desired survivor size 20112992 bytes, new threshold 6 (max 8)
- age   1:    6662632 bytes,    6662632 total
- age   2:    3759648 bytes,   10422280 total
- age   3:    2022032 bytes,   12444312 total
- age   4:    4025432 bytes,   16469744 total
- age   5:    1287384 bytes,   17757128 total
- age   6:    4360152 bytes,   22117280 total
: 109248K->21824K(109248K), 0.0156383 secs] 273430K->192292K(502464K), 0.0157740 secs] [Times: user=0.06 sys=0.00, real=0.02 secs] 
Heap after GC invocations=234 (full 13):
 par new generation   total 109248K, used 21824K [0x00000000e0000000, 0x00000000e8000000, 0x00000000e8000000)
  eden space 87424K,   0% used [0x00000000e0000000, 0x00000000e0000000, 0x00000000e5560000)
  from space 21824K, 100% used [0x00000000e5560000, 0x00000000e6ab0000, 0x00000000e6ab0000)
  to   space 21824K,   0% used [0x00000000e6ab0000, 0x00000000e6ab0000, 0x00000000e8000000)
 concurrent mark-sweep generation total 393216K, used 170468K [0x00000000e8000000, 0x0000000100000000, 0x0000000100000000)
 Metaspace       used 56406K, capacity 58206K, committed 58388K, reserved 1101824K
  class space    used 6557K, capacity 6952K, committed 6976K, reserved 1048576K
}
2020-05-19T14:23:55.093+0000: 13592.030: Total time for which application threads were stopped: 0.0162908 seconds, Stopping threads took: 0.0002496 seconds
2020-05-19T14:23:55.093+0000: 13592.030: Total time for which application threads were stopped: 0.0002147 seconds, Stopping threads took: 0.0000778 seconds
2020-05-19T14:23:55.094+0000: 13592.031: Total time for which application threads were stopped: 0.0001882 seconds, Stopping threads took: 0.0000547 seconds
2020-05-19T14:23:55.102+0000: 13592.039: Total time for which application threads were stopped: 0.0001414 seconds, Stopping threads took: 0.0000545 seconds
{Heap before GC invocations=234 (full 13):
 par new generation   total 109248K, used 109248K [0x00000000e0000000, 0x00000000e8000000, 0x00000000e8000000)
  eden space 87424K, 100% used [0x00000000e0000000, 0x00000000e5560000, 0x00000000e5560000)
  from space 21824K, 100% used [0x00000000e5560000, 0x00000000e6ab0000, 0x00000000e6ab0000)
  to   space 21824K,   0% used [0x00000000e6ab0000, 0x00000000e6ab0000, 0x00000000e8000000)
 concurrent mark-sweep generation total 393216K, used 170468K [0x00000000e8000000, 0x0000000100000000, 0x0000000100000000)
 Metaspace       used 56406K, capacity 58206K, committed 58388K, reserved 1101824K
  class space    used 6557K, capacity 6952K, committed 6976K, reserved 1048576K
2020-05-19T14:23:55.213+0000: 13592.149: [GC (Allocation Failure) 2020-05-19T14:23:55.213+0000: 13592.149: [ParNew
Desired survivor size 20112992 bytes, new threshold 6 (max 8)
- age   1:    5289512 bytes,    5289512 total
- age   2:    4731936 bytes,   10021448 total
- age   3:    3759608 bytes,   13781056 total
- age   4:    2019896 bytes,   15800952 total
- age   5:    4025432 bytes,   19826384 total
- age   6:    1285776 bytes,   21112160 total
: 109248K->21824K(109248K), 0.0169688 secs] 279716K->202309K(502464K), 0.0171814 secs] [Times: user=0.02 sys=0.00, real=0.02 secs] 
Heap after GC invocations=235 (full 13):
 par new generation   total 109248K, used 21824K [0x00000000e0000000, 0x00000000e8000000, 0x00000000e8000000)
  eden space 87424K,   0% used [0x00000000e0000000, 0x00000000e0000000, 0x00000000e5560000)
  from space 21824K, 100% used [0x00000000e6ab0000, 0x00000000e8000000, 0x00000000e8000000)
  to   space 21824K,   0% used [0x00000000e5560000, 0x00000000e5560000, 0x00000000e6ab0000)
 concurrent mark-sweep generation total 393216K, used 180485K [0x00000000e8000000, 0x0000000100000000, 0x0000000100000000)
 Metaspace       used 56406K, capacity 58206K, committed 58388K, reserved 1101824K
  class space    used 6557K, capacity 6952K, committed 6976K, reserved 1048576K
}
2020-05-19T14:23:55.230+0000: 13592.166: Total time for which application threads were stopped: 0.0176598 seconds, Stopping threads took: 0.0001989 seconds
2020-05-19T14:23:55.230+0000: 13592.167: Total time for which application threads were stopped: 0.0003671 seconds, Stopping threads took: 0.0000647 seconds
2020-05-19T14:23:55.231+0000: 13592.167: Total time for which application threads were stopped: 0.0001974 seconds, Stopping threads took: 0.0000467 seconds
{Heap before GC invocations=235 (full 13):
 par new generation   total 109248K, used 109248K [0x00000000e0000000, 0x00000000e8000000, 0x00000000e8000000)
  eden space 87424K, 100% used [0x00000000e0000000, 0x00000000e5560000, 0x00000000e5560000)
  from space 21824K, 100% used [0x00000000e6ab0000, 0x00000000e8000000, 0x00000000e8000000)
  to   space 21824K,   0% used [0x00000000e5560000, 0x00000000e5560000, 0x00000000e6ab0000)
 concurrent mark-sweep generation total 393216K, used 180485K [0x00000000e8000000, 0x0000000100000000, 0x0000000100000000)
 Metaspace       used 56406K, capacity 58206K, committed 58388K, reserved 1101824K
  class space    used 6557K, capacity 6952K, committed 6976K, reserved 1048576K
2020-05-19T14:23:55.321+0000: 13592.258: [GC (Allocation Failure) 2020-05-19T14:23:55.321+0000: 13592.259: [ParNew
Desired survivor size 20112992 bytes, new threshold 6 (max 8)
- age   1:    5164824 bytes,    5164824 total
- age   2:    2240736 bytes,    7405560 total
- age   3:    4725960 bytes,   12131520 total
- age   4:    3755528 bytes,   15887048 total
- age   5:    2019896 bytes,   17906944 total
- age   6:    4024408 bytes,   21931352 total
: 109248K->21824K(109248K), 0.0157907 secs] 289733K->209759K(502464K), 0.0158608 secs] [Times: user=0.06 sys=0.00, real=0.02 secs] 
Heap after GC invocations=236 (full 13):
 par new generation   total 109248K, used 21824K [0x00000000e0000000, 0x00000000e8000000, 0x00000000e8000000)
  eden space 87424K,   0% used [0x00000000e0000000, 0x00000000e0000000, 0x00000000e5560000)
  from space 21824K, 100% used [0x00000000e5560000, 0x00000000e6ab0000, 0x00000000e6ab0000)
  to   space 21824K,   0% used [0x00000000e6ab0000, 0x00000000e6ab0000, 0x00000000e8000000)
 concurrent mark-sweep generation total 393216K, used 187935K [0x00000000e8000000, 0x0000000100000000, 0x0000000100000000)
 Metaspace       used 56406K, capacity 58206K, committed 58388K, reserved 1101824K
  class space    used 6557K, capacity 6952K, committed 6976K, reserved 1048576K
}
2020-05-19T14:23:55.337+0000: 13592.274: Total time for which application threads were stopped: 0.0160957 seconds, Stopping threads took: 0.0000614 seconds
2020-05-19T14:23:55.337+0000: 13592.275: Total time for which application threads were stopped: 0.0001447 seconds, Stopping threads took: 0.0000561 seconds
2020-05-19T14:23:55.337+0000: 13592.275: Total time for which application threads were stopped: 0.0001287 seconds, Stopping threads took: 0.0000508 seconds
2020-05-19T14:23:56.332+0000: 13593.269: Total time for which application threads were stopped: 0.0002126 seconds, Stopping threads took: 0.0001071 seconds
2020-05-19T14:23:56.332+0000: 13593.269: Total time for which application threads were stopped: 0.0000570 seconds, Stopping threads took: 0.0000146 seconds
2020-05-19T14:23:56.333+0000: 13593.271: Total time for which application threads were stopped: 0.0002736 seconds, Stopping threads took: 0.0001539 seconds
2020-05-19T14:23:56.334+0000: 13593.271: Total time for which application threads were stopped: 0.0001167 seconds, Stopping threads took: 0.0000504 seconds
2020-05-19T14:23:56.334+0000: 13593.271: Total time for which application threads were stopped: 0.0000588 seconds, Stopping threads took: 0.0000178 seconds
2020-05-19T14:23:56.334+0000: 13593.271: Total time for which application threads were stopped: 0.0000519 seconds, Stopping threads took: 0.0000136 seconds
2020-05-19T14:23:56.334+0000: 13593.271: Total time for which application threads were stopped: 0.0000654 seconds, Stopping threads took: 0.0000305 seconds
2020-05-19T14:24:10.003+0000: 13606.940: Total time for which application threads were stopped: 0.0001059 seconds, Stopping threads took: 0.0000283 seconds
2020-05-19T14:24:46.019+0000: 13642.956: Total time for which application threads were stopped: 0.0003724 seconds, Stopping threads took: 0.0000967 seconds
2020-05-19T14:28:57.352+0000: 13894.289: Total time for which application threads were stopped: 0.0003007 seconds, Stopping threads took: 0.0002100 seconds
2020-05-19T14:28:57.360+0000: 13894.297: Total time for which application threads were stopped: 0.0000795 seconds, Stopping threads took: 0.0000202 seconds
2020-05-19T14:28:57.361+0000: 13894.298: Total time for which application threads were stopped: 0.0000803 seconds, Stopping threads took: 0.0000180 seconds
2020-05-19T14:28:57.366+0000: 13894.304: Total time for which application threads were stopped: 0.0001943 seconds, Stopping threads took: 0.0001107 seconds
2020-05-19T14:28:57.367+0000: 13894.305: Total time for which application threads were stopped: 0.0002357 seconds, Stopping threads took: 0.0001450 seconds
2020-05-19T14:28:57.452+0000: 13894.389: Total time for which application threads were stopped: 0.0001466 seconds, Stopping threads took: 0.0000622 seconds
{Heap before GC invocations=236 (full 13):
 par new generation   total 109248K, used 109248K [0x00000000e0000000, 0x00000000e8000000, 0x00000000e8000000)
  eden space 87424K, 100% used [0x00000000e0000000, 0x00000000e5560000, 0x00000000e5560000)
  from space 21824K, 100% used [0x00000000e5560000, 0x00000000e6ab0000, 0x00000000e6ab0000)
  to   space 21824K,   0% used [0x00000000e6ab0000, 0x00000000e6ab0000, 0x00000000e8000000)
 concurrent mark-sweep generation total 393216K, used 187935K [0x00000000e8000000, 0x0000000100000000, 0x0000000100000000)
 Metaspace       used 56437K, capacity 58270K, committed 58388K, reserved 1101824K
  class space    used 6557K, capacity 6952K, committed 6976K, reserved 1048576K
2020-05-19T14:28:57.491+0000: 13894.428: [GC (Allocation Failure) 2020-05-19T14:28:57.491+0000: 13894.428: [ParNew
Desired survivor size 20112992 bytes, new threshold 6 (max 8)
- age   1:    6458008 bytes,    6458008 total
- age   2:    2274200 bytes,    8732208 total
- age   3:    2000136 bytes,   10732344 total
- age   4:    4477888 bytes,   15210232 total
- age   5:    3755528 bytes,   18965760 total
- age   6:    2019000 bytes,   20984760 total
: 109248K->21824K(109248K), 0.0154970 secs] 297183K->215356K(502464K), 0.0155560 secs] [Times: user=0.06 sys=0.00, real=0.02 secs] 
Heap after GC invocations=237 (full 13):
 par new generation   total 109248K, used 21824K [0x00000000e0000000, 0x00000000e8000000, 0x00000000e8000000)
  eden space 87424K,   0% used [0x00000000e0000000, 0x00000000e0000000, 0x00000000e5560000)
  from space 21824K, 100% used [0x00000000e6ab0000, 0x00000000e8000000, 0x00000000e8000000)
  to   space 21824K,   0% used [0x00000000e5560000, 0x00000000e5560000, 0x00000000e6ab0000)
 concurrent mark-sweep generation total 393216K, used 193532K [0x00000000e8000000, 0x0000000100000000, 0x0000000100000000)
 Metaspace       used 56437K, capacity 58270K, committed 58388K, reserved 1101824K
  class space    used 6557K, capacity 6952K, committed 6976K, reserved 1048576K
}
2020-05-19T14:28:57.507+0000: 13894.444: Total time for which application threads were stopped: 0.0158885 seconds, Stopping threads took: 0.0000499 seconds
2020-05-19T14:28:57.507+0000: 13894.444: Total time for which application threads were stopped: 0.0001735 seconds, Stopping threads took: 0.0000558 seconds
2020-05-19T14:28:57.507+0000: 13894.444: Total time for which application threads were stopped: 0.0001122 seconds, Stopping threads took: 0.0000442 seconds
2020-05-19T14:28:57.507+0000: 13894.444: Total time for which application threads were stopped: 0.0000920 seconds, Stopping threads took: 0.0000355 seconds
{Heap before GC invocations=237 (full 13):
 par new generation   total 109248K, used 109248K [0x00000000e0000000, 0x00000000e8000000, 0x00000000e8000000)
  eden space 87424K, 100% used [0x00000000e0000000, 0x00000000e5560000, 0x00000000e5560000)
  from space 21824K, 100% used [0x00000000e6ab0000, 0x00000000e8000000, 0x00000000e8000000)
  to   space 21824K,   0% used [0x00000000e5560000, 0x00000000e5560000, 0x00000000e6ab0000)
 concurrent mark-sweep generation total 393216K, used 193532K [0x00000000e8000000, 0x0000000100000000, 0x0000000100000000)
 Metaspace       used 56437K, capacity 58270K, committed 58388K, reserved 1101824K
  class space    used 6557K, capacity 6952K, committed 6976K, reserved 1048576K
2020-05-19T14:28:57.591+0000: 13894.528: [GC (Allocation Failure) 2020-05-19T14:28:57.591+0000: 13894.528: [ParNew
Desired survivor size 20112992 bytes, new threshold 6 (max 8)
- age   1:    6942432 bytes,    6942432 total
- age   2:    1722224 bytes,    8664656 total
- age   3:    2205288 bytes,   10869944 total
- age   4:    1998464 bytes,   12868408 total
- age   5:    4477352 bytes,   17345760 total
- age   6:    3755528 bytes,   21101288 total
: 109248K->21824K(109248K), 0.0170909 secs] 302780K->222576K(502464K), 0.0171596 secs] [Times: user=0.05 sys=0.00, real=0.02 secs] 
Heap after GC invocations=238 (full 13):
 par new generation   total 109248K, used 21824K [0x00000000e0000000, 0x00000000e8000000, 0x00000000e8000000)
  eden space 87424K,   0% used [0x00000000e0000000, 0x00000000e0000000, 0x00000000e5560000)
  from space 21824K, 100% used [0x00000000e5560000, 0x00000000e6ab0000, 0x00000000e6ab0000)
  to   space 21824K,   0% used [0x00000000e6ab0000, 0x00000000e6ab0000, 0x00000000e8000000)
 concurrent mark-sweep generation total 393216K, used 200752K [0x00000000e8000000, 0x0000000100000000, 0x0000000100000000)
 Metaspace       used 56437K, capacity 58270K, committed 58388K, reserved 1101824K
  class space    used 6557K, capacity 6952K, committed 6976K, reserved 1048576K
}
2020-05-19T14:28:57.608+0000: 13894.545: Total time for which application threads were stopped: 0.0173910 seconds, Stopping threads took: 0.0000574 seconds
2020-05-19T14:28:57.608+0000: 13894.545: [GC (CMS Initial Mark) [1 CMS-initial-mark: 200752K(393216K)] 223768K(502464K), 0.0043203 secs] [Times: user=0.00 sys=0.00, real=0.00 secs] 
2020-05-19T14:28:57.613+0000: 13894.549: Total time for which application threads were stopped: 0.0045121 seconds, Stopping threads took: 0.0000627 seconds
2020-05-19T14:28:57.613+0000: 13894.549: [CMS-concurrent-mark-start]
2020-05-19T14:28:57.636+0000: 13894.573: [CMS-concurrent-mark: 0.023/0.023 secs] [Times: user=0.13 sys=0.00, real=0.02 secs] 
2020-05-19T14:28:57.636+0000: 13894.573: Total time for which application threads were stopped: 0.0002450 seconds, Stopping threads took: 0.0001108 seconds
2020-05-19T14:28:57.636+0000: 13894.573: [CMS-concurrent-preclean-start]
2020-05-19T14:28:57.638+0000: 13894.575: [CMS-concurrent-preclean: 0.001/0.001 secs] [Times: user=0.00 sys=0.00, real=0.00 secs] 
2020-05-19T14:28:57.638+0000: 13894.575: [CMS-concurrent-abortable-preclean-start]
2020-05-19T14:28:57.803+0000: 13894.740: [CMS-concurrent-abortable-preclean: 0.065/0.165 secs] [Times: user=0.28 sys=0.00, real=0.16 secs] 
2020-05-19T14:28:57.803+0000: 13894.740: [GC (CMS Final Remark) [YG occupancy: 81091 K (109248 K)]{Heap before GC invocations=238 (full 14):
 par new generation   total 109248K, used 81091K [0x00000000e0000000, 0x00000000e8000000, 0x00000000e8000000)
  eden space 87424K,  67% used [0x00000000e0000000, 0x00000000e39e0dc0, 0x00000000e5560000)
  from space 21824K, 100% used [0x00000000e5560000, 0x00000000e6ab0000, 0x00000000e6ab0000)
  to   space 21824K,   0% used [0x00000000e6ab0000, 0x00000000e6ab0000, 0x00000000e8000000)
 concurrent mark-sweep generation total 393216K, used 200752K [0x00000000e8000000, 0x0000000100000000, 0x0000000100000000)
 Metaspace       used 56437K, capacity 58270K, committed 58388K, reserved 1101824K
  class space    used 6557K, capacity 6952K, committed 6976K, reserved 1048576K
2020-05-19T14:28:57.803+0000: 13894.740: [GC (CMS Final Remark) 2020-05-19T14:28:57.803+0000: 13894.740: [ParNew
Desired survivor size 20112992 bytes, new threshold 8 (max 8)
- age   1:    2780184 bytes,    2780184 total
- age   2:    5221320 bytes,    8001504 total
- age   3:    1460952 bytes,    9462456 total
- age   4:    2205288 bytes,   11667744 total
- age   5:    1998464 bytes,   13666208 total
- age   6:    4477352 bytes,   18143560 total
: 81091K->20626K(109248K), 0.0121051 secs] 281844K->225069K(502464K), 0.0121468 secs] [Times: user=0.06 sys=0.00, real=0.01 secs] 
Heap after GC invocations=239 (full 14):
 par new generation   total 109248K, used 20626K [0x00000000e0000000, 0x00000000e8000000, 0x00000000e8000000)
  eden space 87424K,   0% used [0x00000000e0000000, 0x00000000e0000000, 0x00000000e5560000)
  from space 21824K,  94% used [0x00000000e6ab0000, 0x00000000e7ed4a40, 0x00000000e8000000)
  to   space 21824K,   0% used [0x00000000e5560000, 0x00000000e5560000, 0x00000000e6ab0000)
 concurrent mark-sweep generation total 393216K, used 204443K [0x00000000e8000000, 0x0000000100000000, 0x0000000100000000)
 Metaspace       used 56437K, capacity 58270K, committed 58388K, reserved 1101824K
  class space    used 6557K, capacity 6952K, committed 6976K, reserved 1048576K
}
2020-05-19T14:28:57.816+0000: 13894.752: [Rescan (parallel) , 0.0049139 secs]2020-05-19T14:28:57.820+0000: 13894.757: [weak refs processing, 0.0048768 secs]2020-05-19T14:28:57.826+0000: 13894.762: [class unloading, 0.0113300 secs]2020-05-19T14:28:57.837+0000: 13894.773: [scrub symbol table, 0.0095047 secs]2020-05-19T14:28:57.845+0000: 13894.783: [scrub string table, 0.0006589 secs][1 CMS-remark: 204443K(393216K)] 225069K(502464K), 0.0438204 secs] [Times: user=0.08 sys=0.01, real=0.04 secs] 
2020-05-19T14:28:57.846+0000: 13894.784: Total time for which application threads were stopped: 0.0439754 seconds, Stopping threads took: 0.0000497 seconds
2020-05-19T14:28:57.846+0000: 13894.784: [CMS-concurrent-sweep-start]
2020-05-19T14:28:57.847+0000: 13894.784: Total time for which application threads were stopped: 0.0002572 seconds, Stopping threads took: 0.0001891 seconds
2020-05-19T14:28:57.847+0000: 13894.784: Total time for which application threads were stopped: 0.0000544 seconds, Stopping threads took: 0.0000131 seconds
2020-05-19T14:28:57.848+0000: 13894.785: Total time for which application threads were stopped: 0.0001221 seconds, Stopping threads took: 0.0000399 seconds
2020-05-19T14:28:57.848+0000: 13894.785: Total time for which application threads were stopped: 0.0001036 seconds, Stopping threads took: 0.0000647 seconds
2020-05-19T14:28:57.848+0000: 13894.785: Total time for which application threads were stopped: 0.0000415 seconds, Stopping threads took: 0.0000143 seconds
2020-05-19T14:28:57.848+0000: 13894.786: Total time for which application threads were stopped: 0.0000688 seconds, Stopping threads took: 0.0000361 seconds
2020-05-19T14:28:57.848+0000: 13894.786: Total time for which application threads were stopped: 0.0000407 seconds, Stopping threads took: 0.0000144 seconds
2020-05-19T14:28:57.848+0000: 13894.786: Total time for which application threads were stopped: 0.0000732 seconds, Stopping threads took: 0.0000353 seconds
2020-05-19T14:28:57.849+0000: 13894.786: Total time for which application threads were stopped: 0.0000673 seconds, Stopping threads took: 0.0000321 seconds
2020-05-19T14:28:57.849+0000: 13894.786: Total time for which application threads were stopped: 0.0000821 seconds, Stopping threads took: 0.0000499 seconds
2020-05-19T14:28:57.849+0000: 13894.786: Total time for which application threads were stopped: 0.0000414 seconds, Stopping threads took: 0.0000140 seconds
2020-05-19T14:28:57.849+0000: 13894.787: Total time for which application threads were stopped: 0.0000681 seconds, Stopping threads took: 0.0000364 seconds
2020-05-19T14:28:57.849+0000: 13894.787: Total time for which application threads were stopped: 0.0000412 seconds, Stopping threads took: 0.0000138 seconds
2020-05-19T14:28:57.910+0000: 13894.847: [CMS-concurrent-sweep: 0.062/0.063 secs] [Times: user=0.13 sys=0.00, real=0.06 secs] 
2020-05-19T14:28:57.911+0000: 13894.848: [CMS-concurrent-reset-start]
2020-05-19T14:28:57.912+0000: 13894.850: [CMS-concurrent-reset: 0.001/0.001 secs] [Times: user=0.00 sys=0.00, real=0.00 secs] 
2020-05-19T14:28:58.502+0000: 13895.438: Total time for which application threads were stopped: 0.0001791 seconds, Stopping threads took: 0.0001015 seconds
2020-05-19T14:28:58.502+0000: 13895.439: Total time for which application threads were stopped: 0.0001606 seconds, Stopping threads took: 0.0001036 seconds
2020-05-19T14:28:58.502+0000: 13895.439: Total time for which application threads were stopped: 0.0000705 seconds, Stopping threads took: 0.0000341 seconds
2020-05-19T14:28:58.504+0000: 13895.441: Total time for which application threads were stopped: 0.0001634 seconds, Stopping threads took: 0.0000684 seconds
2020-05-19T14:28:58.505+0000: 13895.442: Total time for which application threads were stopped: 0.0001508 seconds, Stopping threads took: 0.0000745 seconds
2020-05-19T14:28:58.505+0000: 13895.442: Total time for which application threads were stopped: 0.0001172 seconds, Stopping threads took: 0.0000620 seconds
2020-05-19T14:28:58.506+0000: 13895.442: Total time for which application threads were stopped: 0.0001910 seconds, Stopping threads took: 0.0001498 seconds
2020-05-19T14:29:04.905+0000: 13901.842: Total time for which application threads were stopped: 0.0001671 seconds, Stopping threads took: 0.0001023 seconds
2020-05-19T14:29:04.908+0000: 13901.844: Total time for which application threads were stopped: 0.0001310 seconds, Stopping threads took: 0.0000547 seconds
2020-05-19T14:29:04.917+0000: 13901.854: Total time for which application threads were stopped: 0.0001755 seconds, Stopping threads took: 0.0000595 seconds
2020-05-19T14:29:04.918+0000: 13901.855: Total time for which application threads were stopped: 0.0001153 seconds, Stopping threads took: 0.0000422 seconds
2020-05-19T14:29:04.976+0000: 13901.912: Total time for which application threads were stopped: 0.0001711 seconds, Stopping threads took: 0.0000741 seconds
{Heap before GC invocations=239 (full 14):
 par new generation   total 109248K, used 108050K [0x00000000e0000000, 0x00000000e8000000, 0x00000000e8000000)
  eden space 87424K, 100% used [0x00000000e0000000, 0x00000000e5560000, 0x00000000e5560000)
  from space 21824K,  94% used [0x00000000e6ab0000, 0x00000000e7ed4a40, 0x00000000e8000000)
  to   space 21824K,   0% used [0x00000000e5560000, 0x00000000e5560000, 0x00000000e6ab0000)
 concurrent mark-sweep generation total 393216K, used 83246K [0x00000000e8000000, 0x0000000100000000, 0x0000000100000000)
 Metaspace       used 56437K, capacity 58270K, committed 58388K, reserved 1101824K
  class space    used 6557K, capacity 6952K, committed 6976K, reserved 1048576K
2020-05-19T14:29:05.029+0000: 13901.966: [GC (Allocation Failure) 2020-05-19T14:29:05.029+0000: 13901.966: [ParNew
Desired survivor size 20112992 bytes, new threshold 7 (max 8)
- age   1:    8425064 bytes,    8425064 total
- age   2:      94808 bytes,    8519872 total
- age   3:    4942936 bytes,   13462808 total
- age   4:    1106456 bytes,   14569264 total
- age   5:    1522984 bytes,   16092248 total
- age   6:    1962440 bytes,   18054688 total
- age   7:    3373296 bytes,   21427984 total
: 108050K->21824K(109248K), 0.0125434 secs] 191297K->108135K(502464K), 0.0126239 secs] [Times: user=0.06 sys=0.00, real=0.01 secs] 
Heap after GC invocations=240 (full 14):
 par new generation   total 109248K, used 21824K [0x00000000e0000000, 0x00000000e8000000, 0x00000000e8000000)
  eden space 87424K,   0% used [0x00000000e0000000, 0x00000000e0000000, 0x00000000e5560000)
  from space 21824K, 100% used [0x00000000e5560000, 0x00000000e6ab0000, 0x00000000e6ab0000)
  to   space 21824K,   0% used [0x00000000e6ab0000, 0x00000000e6ab0000, 0x00000000e8000000)
 concurrent mark-sweep generation total 393216K, used 86311K [0x00000000e8000000, 0x0000000100000000, 0x0000000100000000)
 Metaspace       used 56437K, capacity 58270K, committed 58388K, reserved 1101824K
  class space    used 6557K, capacity 6952K, committed 6976K, reserved 1048576K
}
2020-05-19T14:29:05.042+0000: 13901.979: Total time for which application threads were stopped: 0.0128527 seconds, Stopping threads took: 0.0000586 seconds
2020-05-19T14:29:05.042+0000: 13901.979: Total time for which application threads were stopped: 0.0001792 seconds, Stopping threads took: 0.0000799 seconds
2020-05-19T14:29:05.042+0000: 13901.980: Total time for which application threads were stopped: 0.0001368 seconds, Stopping threads took: 0.0000471 seconds
2020-05-19T14:29:05.042+0000: 13901.980: Total time for which application threads were stopped: 0.0001110 seconds, Stopping threads took: 0.0000492 seconds
{Heap before GC invocations=240 (full 14):
 par new generation   total 109248K, used 109248K [0x00000000e0000000, 0x00000000e8000000, 0x00000000e8000000)
  eden space 87424K, 100% used [0x00000000e0000000, 0x00000000e5560000, 0x00000000e5560000)
  from space 21824K, 100% used [0x00000000e5560000, 0x00000000e6ab0000, 0x00000000e6ab0000)
  to   space 21824K,   0% used [0x00000000e6ab0000, 0x00000000e6ab0000, 0x00000000e8000000)
 concurrent mark-sweep generation total 393216K, used 86311K [0x00000000e8000000, 0x0000000100000000, 0x0000000100000000)
 Metaspace       used 56442K, capacity 58270K, committed 58388K, reserved 1101824K
  class space    used 6557K, capacity 6952K, committed 6976K, reserved 1048576K
2020-05-19T14:29:05.128+0000: 13902.065: [GC (Allocation Failure) 2020-05-19T14:29:05.128+0000: 13902.065: [ParNew
Desired survivor size 20112992 bytes, new threshold 6 (max 8)
- age   1:    7533096 bytes,    7533096 total
- age   2:    5290360 bytes,   12823456 total
- age   3:      94736 bytes,   12918192 total
- age   4:    4942936 bytes,   17861128 total
- age   5:    1105840 bytes,   18966968 total
- age   6:    1522984 bytes,   20489952 total
- age   7:    1844000 bytes,   22333952 total
: 109248K->21824K(109248K), 0.0143822 secs] 195559K->114324K(502464K), 0.0144727 secs] [Times: user=0.06 sys=0.00, real=0.01 secs] 
Heap after GC invocations=241 (full 14):
 par new generation   total 109248K, used 21824K [0x00000000e0000000, 0x00000000e8000000, 0x00000000e8000000)
  eden space 87424K,   0% used [0x00000000e0000000, 0x00000000e0000000, 0x00000000e5560000)
  from space 21824K, 100% used [0x00000000e6ab0000, 0x00000000e8000000, 0x00000000e8000000)
  to   space 21824K,   0% used [0x00000000e5560000, 0x00000000e5560000, 0x00000000e6ab0000)
 concurrent mark-sweep generation total 393216K, used 92500K [0x00000000e8000000, 0x0000000100000000, 0x0000000100000000)
 Metaspace       used 56442K, capacity 58270K, committed 58388K, reserved 1101824K
  class space    used 6557K, capacity 6952K, committed 6976K, reserved 1048576K
}
2020-05-19T14:29:05.143+0000: 13902.080: Total time for which application threads were stopped: 0.0147497 seconds, Stopping threads took: 0.0000613 seconds
2020-05-19T14:29:05.143+0000: 13902.080: Total time for which application threads were stopped: 0.0001742 seconds, Stopping threads took: 0.0000628 seconds
2020-05-19T14:29:06.143+0000: 13903.080: Total time for which application threads were stopped: 0.0001255 seconds, Stopping threads took: 0.0000474 seconds
2020-05-19T14:29:06.254+0000: 13903.190: Total time for which application threads were stopped: 0.0001752 seconds, Stopping threads took: 0.0001103 seconds
2020-05-19T14:29:06.254+0000: 13903.190: Total time for which application threads were stopped: 0.0001315 seconds, Stopping threads took: 0.0000775 seconds
2020-05-19T14:29:06.254+0000: 13903.191: Total time for which application threads were stopped: 0.0001316 seconds, Stopping threads took: 0.0000947 seconds
2020-05-19T14:29:06.255+0000: 13903.192: Total time for which application threads were stopped: 0.0001341 seconds, Stopping threads took: 0.0000510 seconds
2020-05-19T14:29:06.256+0000: 13903.193: Total time for which application threads were stopped: 0.0000991 seconds, Stopping threads took: 0.0000416 seconds
2020-05-19T14:29:06.256+0000: 13903.193: Total time for which application threads were stopped: 0.0000481 seconds, Stopping threads took: 0.0000177 seconds
2020-05-19T14:29:06.256+0000: 13903.193: Total time for which application threads were stopped: 0.0000455 seconds, Stopping threads took: 0.0000157 seconds
2020-05-19T14:29:10.148+0000: 13907.085: Total time for which application threads were stopped: 0.0001651 seconds, Stopping threads took: 0.0001039 seconds
2020-05-19T14:29:10.151+0000: 13907.088: Total time for which application threads were stopped: 0.0004666 seconds, Stopping threads took: 0.0000629 seconds
2020-05-19T14:29:10.160+0000: 13907.096: Total time for which application threads were stopped: 0.0001551 seconds, Stopping threads took: 0.0000717 seconds
2020-05-19T14:29:10.162+0000: 13907.098: Total time for which application threads were stopped: 0.0001323 seconds, Stopping threads took: 0.0000561 seconds
2020-05-19T14:29:10.216+0000: 13907.152: Total time for which application threads were stopped: 0.0001754 seconds, Stopping threads took: 0.0000866 seconds
{Heap before GC invocations=241 (full 14):
 par new generation   total 109248K, used 109197K [0x00000000e0000000, 0x00000000e8000000, 0x00000000e8000000)
  eden space 87424K,  99% used [0x00000000e0000000, 0x00000000e5553450, 0x00000000e5560000)
  from space 21824K, 100% used [0x00000000e6ab0000, 0x00000000e8000000, 0x00000000e8000000)
  to   space 21824K,   0% used [0x00000000e5560000, 0x00000000e5560000, 0x00000000e6ab0000)
 concurrent mark-sweep generation total 393216K, used 92500K [0x00000000e8000000, 0x0000000100000000, 0x0000000100000000)
 Metaspace       used 56450K, capacity 58270K, committed 58388K, reserved 1101824K
  class space    used 6557K, capacity 6952K, committed 6976K, reserved 1048576K
2020-05-19T14:29:10.218+0000: 13907.155: [GC (Allocation Failure) 2020-05-19T14:29:10.218+0000: 13907.155: [ParNew
Desired survivor size 20112992 bytes, new threshold 8 (max 8)
- age   1:    5876528 bytes,    5876528 total
- age   2:    2905232 bytes,    8781760 total
- age   3:    4913432 bytes,   13695192 total
- age   4:      90688 bytes,   13785880 total
- age   5:    4942936 bytes,   18728816 total
- age   6:    1103504 bytes,   19832320 total
: 109197K->21824K(109248K), 0.0131086 secs] 201697K->117897K(502464K), 0.0131761 secs] [Times: user=0.00 sys=0.00, real=0.01 secs] 
Heap after GC invocations=242 (full 14):
 par new generation   total 109248K, used 21824K [0x00000000e0000000, 0x00000000e8000000, 0x00000000e8000000)
  eden space 87424K,   0% used [0x00000000e0000000, 0x00000000e0000000, 0x00000000e5560000)
  from space 21824K, 100% used [0x00000000e5560000, 0x00000000e6ab0000, 0x00000000e6ab0000)
  to   space 21824K,   0% used [0x00000000e6ab0000, 0x00000000e6ab0000, 0x00000000e8000000)
 concurrent mark-sweep generation total 393216K, used 96073K [0x00000000e8000000, 0x0000000100000000, 0x0000000100000000)
 Metaspace       used 56450K, capacity 58270K, committed 58388K, reserved 1101824K
  class space    used 6557K, capacity 6952K, committed 6976K, reserved 1048576K
}
2020-05-19T14:29:10.231+0000: 13907.168: Total time for which application threads were stopped: 0.0133771 seconds, Stopping threads took: 0.0000419 seconds
2020-05-19T14:29:10.231+0000: 13907.168: Total time for which application threads were stopped: 0.0001252 seconds, Stopping threads took: 0.0000602 seconds
2020-05-19T14:29:10.231+0000: 13907.168: Total time for which application threads were stopped: 0.0001052 seconds, Stopping threads took: 0.0000395 seconds
{Heap before GC invocations=242 (full 14):
 par new generation   total 109248K, used 109248K [0x00000000e0000000, 0x00000000e8000000, 0x00000000e8000000)
  eden space 87424K, 100% used [0x00000000e0000000, 0x00000000e5560000, 0x00000000e5560000)
  from space 21824K, 100% used [0x00000000e5560000, 0x00000000e6ab0000, 0x00000000e6ab0000)
  to   space 21824K,   0% used [0x00000000e6ab0000, 0x00000000e6ab0000, 0x00000000e8000000)
 concurrent mark-sweep generation total 393216K, used 96073K [0x00000000e8000000, 0x0000000100000000, 0x0000000100000000)
 Metaspace       used 56450K, capacity 58270K, committed 58388K, reserved 1101824K
  class space    used 6557K, capacity 6952K, committed 6976K, reserved 1048576K
2020-05-19T14:29:10.310+0000: 13907.247: [GC (Allocation Failure) 2020-05-19T14:29:10.310+0000: 13907.247: [ParNew
Desired survivor size 20112992 bytes, new threshold 6 (max 8)
- age   1:    5403936 bytes,    5403936 total
- age   2:    2528760 bytes,    7932696 total
- age   3:    2899536 bytes,   10832232 total
- age   4:    4825216 bytes,   15657448 total
- age   5:      90688 bytes,   15748136 total
- age   6:    4942936 bytes,   20691072 total
- age   7:    1103464 bytes,   21794536 total
: 109248K->21824K(109248K), 0.0137281 secs] 205321K->120723K(502464K), 0.0137879 secs] [Times: user=0.06 sys=0.00, real=0.01 secs] 
Heap after GC invocations=243 (full 14):
 par new generation   total 109248K, used 21824K [0x00000000e0000000, 0x00000000e8000000, 0x00000000e8000000)
  eden space 87424K,   0% used [0x00000000e0000000, 0x00000000e0000000, 0x00000000e5560000)
  from space 21824K, 100% used [0x00000000e6ab0000, 0x00000000e8000000, 0x00000000e8000000)
  to   space 21824K,   0% used [0x00000000e5560000, 0x00000000e5560000, 0x00000000e6ab0000)
 concurrent mark-sweep generation total 393216K, used 98899K [0x00000000e8000000, 0x0000000100000000, 0x0000000100000000)
 Metaspace       used 56450K, capacity 58270K, committed 58388K, reserved 1101824K
  class space    used 6557K, capacity 6952K, committed 6976K, reserved 1048576K
}
2020-05-19T14:29:10.324+0000: 13907.261: Total time for which application threads were stopped: 0.0140475 seconds, Stopping threads took: 0.0000898 seconds
2020-05-19T14:29:10.324+0000: 13907.261: Total time for which application threads were stopped: 0.0001734 seconds, Stopping threads took: 0.0000621 seconds
2020-05-19T14:29:10.324+0000: 13907.261: Total time for which application threads were stopped: 0.0001182 seconds, Stopping threads took: 0.0000467 seconds
2020-05-19T14:29:10.324+0000: 13907.261: Total time for which application threads were stopped: 0.0001951 seconds, Stopping threads took: 0.0000470 seconds
2020-05-19T14:29:10.326+0000: 13907.263: Total time for which application threads were stopped: 0.0000848 seconds, Stopping threads took: 0.0000314 seconds
{Heap before GC invocations=243 (full 14):
 par new generation   total 109248K, used 109248K [0x00000000e0000000, 0x00000000e8000000, 0x00000000e8000000)
  eden space 87424K, 100% used [0x00000000e0000000, 0x00000000e5560000, 0x00000000e5560000)
  from space 21824K, 100% used [0x00000000e6ab0000, 0x00000000e8000000, 0x00000000e8000000)
  to   space 21824K,   0% used [0x00000000e5560000, 0x00000000e5560000, 0x00000000e6ab0000)
 concurrent mark-sweep generation total 393216K, used 98899K [0x00000000e8000000, 0x0000000100000000, 0x0000000100000000)
 Metaspace       used 56450K, capacity 58270K, committed 58388K, reserved 1101824K
  class space    used 6557K, capacity 6952K, committed 6976K, reserved 1048576K
2020-05-19T14:29:10.401+0000: 13907.338: [GC (Allocation Failure) 2020-05-19T14:29:10.401+0000: 13907.338: [ParNew
Desired survivor size 20112992 bytes, new threshold 5 (max 8)
- age   1:    6437584 bytes,    6437584 total
- age   2:    4655952 bytes,   11093536 total
- age   3:    2528432 bytes,   13621968 total
- age   4:    2899536 bytes,   16521504 total
- age   5:    4825072 bytes,   21346576 total
- age   6:      90688 bytes,   21437264 total
: 109248K->21824K(109248K), 0.0159552 secs] 208147K->128889K(502464K), 0.0160282 secs] [Times: user=0.06 sys=0.00, real=0.02 secs] 
Heap after GC invocations=244 (full 14):
 par new generation   total 109248K, used 21824K [0x00000000e0000000, 0x00000000e8000000, 0x00000000e8000000)
  eden space 87424K,   0% used [0x00000000e0000000, 0x00000000e0000000, 0x00000000e5560000)
  from space 21824K, 100% used [0x00000000e5560000, 0x00000000e6ab0000, 0x00000000e6ab0000)
  to   space 21824K,   0% used [0x00000000e6ab0000, 0x00000000e6ab0000, 0x00000000e8000000)
 concurrent mark-sweep generation total 393216K, used 107065K [0x00000000e8000000, 0x0000000100000000, 0x0000000100000000)
 Metaspace       used 56450K, capacity 58270K, committed 58388K, reserved 1101824K
  class space    used 6557K, capacity 6952K, committed 6976K, reserved 1048576K
}
2020-05-19T14:29:10.418+0000: 13907.354: Total time for which application threads were stopped: 0.0163163 seconds, Stopping threads took: 0.0000923 seconds
2020-05-19T14:29:10.418+0000: 13907.355: Total time for which application threads were stopped: 0.0001613 seconds, Stopping threads took: 0.0000665 seconds
2020-05-19T14:29:11.129+0000: 13908.066: Total time for which application threads were stopped: 0.0001901 seconds, Stopping threads took: 0.0001186 seconds
2020-05-19T14:29:11.129+0000: 13908.066: Total time for which application threads were stopped: 0.0000573 seconds, Stopping threads took: 0.0000167 seconds
2020-05-19T14:29:11.129+0000: 13908.066: Total time for which application threads were stopped: 0.0000403 seconds, Stopping threads took: 0.0000107 seconds
2020-05-19T14:29:11.130+0000: 13908.067: Total time for which application threads were stopped: 0.0001532 seconds, Stopping threads took: 0.0000613 seconds
2020-05-19T14:29:11.130+0000: 13908.067: Total time for which application threads were stopped: 0.0001958 seconds, Stopping threads took: 0.0001383 seconds
2020-05-19T14:29:11.131+0000: 13908.068: Total time for which application threads were stopped: 0.0001644 seconds, Stopping threads took: 0.0001009 seconds
2020-05-19T14:29:11.131+0000: 13908.068: Total time for which application threads were stopped: 0.0000938 seconds, Stopping threads took: 0.0000429 seconds
2020-05-19T14:29:11.132+0000: 13908.068: Total time for which application threads were stopped: 0.0000891 seconds, Stopping threads took: 0.0000513 seconds
2020-05-19T14:29:11.132+0000: 13908.069: Total time for which application threads were stopped: 0.0001425 seconds, Stopping threads took: 0.0001058 seconds
2020-05-19T14:29:11.751+0000: 13908.688: Total time for which application threads were stopped: 0.0002001 seconds, Stopping threads took: 0.0001384 seconds
2020-05-19T14:29:11.754+0000: 13908.691: Total time for which application threads were stopped: 0.0002094 seconds, Stopping threads took: 0.0001245 seconds
2020-05-19T14:29:11.755+0000: 13908.693: Total time for which application threads were stopped: 0.0001555 seconds, Stopping threads took: 0.0000631 seconds
2020-05-19T14:29:11.889+0000: 13908.826: Total time for which application threads were stopped: 0.0001474 seconds, Stopping threads took: 0.0000586 seconds
{Heap before GC invocations=244 (full 14):
 par new generation   total 109248K, used 109248K [0x00000000e0000000, 0x00000000e8000000, 0x00000000e8000000)
  eden space 87424K, 100% used [0x00000000e0000000, 0x00000000e5560000, 0x00000000e5560000)
  from space 21824K, 100% used [0x00000000e5560000, 0x00000000e6ab0000, 0x00000000e6ab0000)
  to   space 21824K,   0% used [0x00000000e6ab0000, 0x00000000e6ab0000, 0x00000000e8000000)
 concurrent mark-sweep generation total 393216K, used 107065K [0x00000000e8000000, 0x0000000100000000, 0x0000000100000000)
 Metaspace       used 56457K, capacity 58270K, committed 58388K, reserved 1101824K
  class space    used 6557K, capacity 6952K, committed 6976K, reserved 1048576K
2020-05-19T14:29:11.933+0000: 13908.870: [GC (Allocation Failure) 2020-05-19T14:29:11.933+0000: 13908.870: [ParNew
Desired survivor size 20112992 bytes, new threshold 8 (max 8)
- age   1:    7889600 bytes,    7889600 total
- age   2:    2657648 bytes,   10547248 total
- age   3:    4496216 bytes,   15043464 total
- age   4:    1962400 bytes,   17005864 total
- age   5:    2899536 bytes,   19905400 total
: 109248K->21824K(109248K), 0.0152580 secs] 216313K->136381K(502464K), 0.0153387 secs] [Times: user=0.03 sys=0.00, real=0.01 secs] 
Heap after GC invocations=245 (full 14):
 par new generation   total 109248K, used 21824K [0x00000000e0000000, 0x00000000e8000000, 0x00000000e8000000)
  eden space 87424K,   0% used [0x00000000e0000000, 0x00000000e0000000, 0x00000000e5560000)
  from space 21824K, 100% used [0x00000000e6ab0000, 0x00000000e8000000, 0x00000000e8000000)
  to   space 21824K,   0% used [0x00000000e5560000, 0x00000000e5560000, 0x00000000e6ab0000)
 concurrent mark-sweep generation total 393216K, used 114557K [0x00000000e8000000, 0x0000000100000000, 0x0000000100000000)
 Metaspace       used 56457K, capacity 58270K, committed 58388K, reserved 1101824K
  class space    used 6557K, capacity 6952K, committed 6976K, reserved 1048576K
}
2020-05-19T14:29:11.948+0000: 13908.885: Total time for which application threads were stopped: 0.0155793 seconds, Stopping threads took: 0.0000614 seconds
2020-05-19T14:29:11.949+0000: 13908.885: Total time for which application threads were stopped: 0.0001746 seconds, Stopping threads took: 0.0000610 seconds
2020-05-19T14:29:11.949+0000: 13908.885: Total time for which application threads were stopped: 0.0001283 seconds, Stopping threads took: 0.0000495 seconds
2020-05-19T14:29:11.949+0000: 13908.886: Total time for which application threads were stopped: 0.0000923 seconds, Stopping threads took: 0.0000378 seconds
{Heap before GC invocations=245 (full 14):
 par new generation   total 109248K, used 109248K [0x00000000e0000000, 0x00000000e8000000, 0x00000000e8000000)
  eden space 87424K, 100% used [0x00000000e0000000, 0x00000000e5560000, 0x00000000e5560000)
  from space 21824K, 100% used [0x00000000e6ab0000, 0x00000000e8000000, 0x00000000e8000000)
  to   space 21824K,   0% used [0x00000000e5560000, 0x00000000e5560000, 0x00000000e6ab0000)
 concurrent mark-sweep generation total 393216K, used 114557K [0x00000000e8000000, 0x0000000100000000, 0x0000000100000000)
 Metaspace       used 56457K, capacity 58270K, committed 58388K, reserved 1101824K
  class space    used 6557K, capacity 6952K, committed 6976K, reserved 1048576K
2020-05-19T14:29:12.030+0000: 13908.967: [GC (Allocation Failure) 2020-05-19T14:29:12.030+0000: 13908.967: [ParNew
Desired survivor size 20112992 bytes, new threshold 6 (max 8)
- age   1:    4119872 bytes,    4119872 total
- age   2:    6161800 bytes,   10281672 total
- age   3:    2657408 bytes,   12939080 total
- age   4:    4496216 bytes,   17435296 total
- age   5:    1962112 bytes,   19397408 total
- age   6:    2899536 bytes,   22296944 total
: 109248K->21824K(109248K), 0.0135127 secs] 223805K->142774K(502464K), 0.0136026 secs] [Times: user=0.06 sys=0.00, real=0.01 secs] 
Heap after GC invocations=246 (full 14):
 par new generation   total 109248K, used 21824K [0x00000000e0000000, 0x00000000e8000000, 0x00000000e8000000)
  eden space 87424K,   0% used [0x00000000e0000000, 0x00000000e0000000, 0x00000000e5560000)
  from space 21824K, 100% used [0x00000000e5560000, 0x00000000e6ab0000, 0x00000000e6ab0000)
  to   space 21824K,   0% used [0x00000000e6ab0000, 0x00000000e6ab0000, 0x00000000e8000000)
 concurrent mark-sweep generation total 393216K, used 120950K [0x00000000e8000000, 0x0000000100000000, 0x0000000100000000)
 Metaspace       used 56457K, capacity 58270K, committed 58388K, reserved 1101824K
  class space    used 6557K, capacity 6952K, committed 6976K, reserved 1048576K
}
2020-05-19T14:29:12.043+0000: 13908.981: Total time for which application threads were stopped: 0.0139998 seconds, Stopping threads took: 0.0000578 seconds
2020-05-19T14:29:12.044+0000: 13908.981: Total time for which application threads were stopped: 0.0001501 seconds, Stopping threads took: 0.0000607 seconds
2020-05-19T14:29:13.045+0000: 13909.981: Total time for which application threads were stopped: 0.0001221 seconds, Stopping threads took: 0.0000553 seconds
2020-05-19T14:29:13.113+0000: 13910.049: Total time for which application threads were stopped: 0.0002017 seconds, Stopping threads took: 0.0001073 seconds
2020-05-19T14:29:13.113+0000: 13910.049: Total time for which application threads were stopped: 0.0000559 seconds, Stopping threads took: 0.0000116 seconds
2020-05-19T14:29:13.114+0000: 13910.051: Total time for which application threads were stopped: 0.0001228 seconds, Stopping threads took: 0.0000495 seconds
2020-05-19T14:29:13.114+0000: 13910.051: Total time for which application threads were stopped: 0.0001346 seconds, Stopping threads took: 0.0000726 seconds
2020-05-19T14:29:13.115+0000: 13910.051: Total time for which application threads were stopped: 0.0000566 seconds, Stopping threads took: 0.0000150 seconds
2020-05-19T14:29:13.115+0000: 13910.051: Total time for which application threads were stopped: 0.0000446 seconds, Stopping threads took: 0.0000096 seconds
2020-05-19T14:29:13.115+0000: 13910.051: Total time for which application threads were stopped: 0.0001698 seconds, Stopping threads took: 0.0000323 seconds
2020-05-19T14:29:26.784+0000: 13923.721: Total time for which application threads were stopped: 0.0000803 seconds, Stopping threads took: 0.0000224 seconds
2020-05-19T14:29:46.092+0000: 13943.028: Total time for which application threads were stopped: 0.0002044 seconds, Stopping threads took: 0.0001268 seconds
2020-05-19T14:29:46.094+0000: 13943.030: Total time for which application threads were stopped: 0.0002968 seconds, Stopping threads took: 0.0000412 seconds
2020-05-19T14:29:46.095+0000: 13943.031: Total time for which application threads were stopped: 0.0001408 seconds, Stopping threads took: 0.0000549 seconds
2020-05-19T14:29:46.096+0000: 13943.032: Total time for which application threads were stopped: 0.0001645 seconds, Stopping threads took: 0.0000514 seconds
{Heap before GC invocations=246 (full 14):
 par new generation   total 109248K, used 109248K [0x00000000e0000000, 0x00000000e8000000, 0x00000000e8000000)
  eden space 87424K, 100% used [0x00000000e0000000, 0x00000000e5560000, 0x00000000e5560000)
  from space 21824K, 100% used [0x00000000e5560000, 0x00000000e6ab0000, 0x00000000e6ab0000)
  to   space 21824K,   0% used [0x00000000e6ab0000, 0x00000000e6ab0000, 0x00000000e8000000)
 concurrent mark-sweep generation total 393216K, used 120950K [0x00000000e8000000, 0x0000000100000000, 0x0000000100000000)
 Metaspace       used 56477K, capacity 58270K, committed 58388K, reserved 1101824K
  class space    used 6557K, capacity 6952K, committed 6976K, reserved 1048576K
2020-05-19T14:29:46.172+0000: 13943.109: [GC (Allocation Failure) 2020-05-19T14:29:46.172+0000: 13943.109: [ParNew
Desired survivor size 20112992 bytes, new threshold 6 (max 8)
- age   1:    5397848 bytes,    5397848 total
- age   2:    1788096 bytes,    7185944 total
- age   3:    5547712 bytes,   12733656 total
- age   4:    2657408 bytes,   15391064 total
- age   5:    4496216 bytes,   19887280 total
- age   6:    1961272 bytes,   21848552 total
: 109248K->21824K(109248K), 0.0165258 secs] 230198K->150265K(502464K), 0.0166086 secs] [Times: user=0.06 sys=0.00, real=0.02 secs] 
Heap after GC invocations=247 (full 14):
 par new generation   total 109248K, used 21824K [0x00000000e0000000, 0x00000000e8000000, 0x00000000e8000000)
  eden space 87424K,   0% used [0x00000000e0000000, 0x00000000e0000000, 0x00000000e5560000)
  from space 21824K, 100% used [0x00000000e6ab0000, 0x00000000e8000000, 0x00000000e8000000)
  to   space 21824K,   0% used [0x00000000e5560000, 0x00000000e5560000, 0x00000000e6ab0000)
 concurrent mark-sweep generation total 393216K, used 128441K [0x00000000e8000000, 0x0000000100000000, 0x0000000100000000)
 Metaspace       used 56477K, capacity 58270K, committed 58388K, reserved 1101824K
  class space    used 6557K, capacity 6952K, committed 6976K, reserved 1048576K
}
2020-05-19T14:29:46.189+0000: 13943.126: Total time for which application threads were stopped: 0.0168818 seconds, Stopping threads took: 0.0000638 seconds
2020-05-19T14:29:46.189+0000: 13943.126: Total time for which application threads were stopped: 0.0001819 seconds, Stopping threads took: 0.0000691 seconds
2020-05-19T14:29:46.189+0000: 13943.127: Total time for which application threads were stopped: 0.0001417 seconds, Stopping threads took: 0.0000574 seconds
2020-05-19T14:29:46.195+0000: 13943.132: Total time for which application threads were stopped: 0.0001489 seconds, Stopping threads took: 0.0000657 seconds
{Heap before GC invocations=247 (full 14):
 par new generation   total 109248K, used 109248K [0x00000000e0000000, 0x00000000e8000000, 0x00000000e8000000)
  eden space 87424K, 100% used [0x00000000e0000000, 0x00000000e5560000, 0x00000000e5560000)
  from space 21824K, 100% used [0x00000000e6ab0000, 0x00000000e8000000, 0x00000000e8000000)
  to   space 21824K,   0% used [0x00000000e5560000, 0x00000000e5560000, 0x00000000e6ab0000)
 concurrent mark-sweep generation total 393216K, used 128441K [0x00000000e8000000, 0x0000000100000000, 0x0000000100000000)
 Metaspace       used 56482K, capacity 58270K, committed 58388K, reserved 1101824K
  class space    used 6557K, capacity 6952K, committed 6976K, reserved 1048576K
2020-05-19T14:29:46.284+0000: 13943.221: [GC (Allocation Failure) 2020-05-19T14:29:46.284+0000: 13943.221: [ParNew
Desired survivor size 20112992 bytes, new threshold 6 (max 8)
- age   1:    4633872 bytes,    4633872 total
- age   2:    3458808 bytes,    8092680 total
- age   3:    1681208 bytes,    9773888 total
- age   4:    5257680 bytes,   15031568 total
- age   5:    2628208 bytes,   17659776 total
- age   6:    4494576 bytes,   22154352 total
: 109248K->21824K(109248K), 0.0158674 secs] 237689K->158933K(502464K), 0.0159646 secs] [Times: user=0.06 sys=0.00, real=0.02 secs] 
Heap after GC invocations=248 (full 14):
 par new generation   total 109248K, used 21824K [0x00000000e0000000, 0x00000000e8000000, 0x00000000e8000000)
  eden space 87424K,   0% used [0x00000000e0000000, 0x00000000e0000000, 0x00000000e5560000)
  from space 21824K, 100% used [0x00000000e5560000, 0x00000000e6ab0000, 0x00000000e6ab0000)
  to   space 21824K,   0% used [0x00000000e6ab0000, 0x00000000e6ab0000, 0x00000000e8000000)
 concurrent mark-sweep generation total 393216K, used 137109K [0x00000000e8000000, 0x0000000100000000, 0x0000000100000000)
 Metaspace       used 56482K, capacity 58270K, committed 58388K, reserved 1101824K
  class space    used 6557K, capacity 6952K, committed 6976K, reserved 1048576K
}
2020-05-19T14:29:46.300+0000: 13943.237: Total time for which application threads were stopped: 0.0163401 seconds, Stopping threads took: 0.0000870 seconds
2020-05-19T14:29:46.301+0000: 13943.238: Total time for which application threads were stopped: 0.0001689 seconds, Stopping threads took: 0.0000567 seconds
2020-05-19T14:29:46.301+0000: 13943.238: Total time for which application threads were stopped: 0.0001405 seconds, Stopping threads took: 0.0000455 seconds
{Heap before GC invocations=248 (full 14):
 par new generation   total 109248K, used 109248K [0x00000000e0000000, 0x00000000e8000000, 0x00000000e8000000)
  eden space 87424K, 100% used [0x00000000e0000000, 0x00000000e5560000, 0x00000000e5560000)
  from space 21824K, 100% used [0x00000000e5560000, 0x00000000e6ab0000, 0x00000000e6ab0000)
  to   space 21824K,   0% used [0x00000000e6ab0000, 0x00000000e6ab0000, 0x00000000e8000000)
 concurrent mark-sweep generation total 393216K, used 137109K [0x00000000e8000000, 0x0000000100000000, 0x0000000100000000)
 Metaspace       used 56482K, capacity 58270K, committed 58388K, reserved 1101824K
  class space    used 6557K, capacity 6952K, committed 6976K, reserved 1048576K
2020-05-19T14:29:46.416+0000: 13943.352: [GC (Allocation Failure) 2020-05-19T14:29:46.416+0000: 13943.353: [ParNew
Desired survivor size 20112992 bytes, new threshold 6 (max 8)
- age   1:    3982664 bytes,    3982664 total
- age   2:    4401264 bytes,    8383928 total
- age   3:    3458584 bytes,   11842512 total
- age   4:    1681208 bytes,   13523720 total
- age   5:    5257680 bytes,   18781400 total
- age   6:    2628208 bytes,   21409608 total
: 109248K->21824K(109248K), 0.0196892 secs] 246357K->170079K(502464K), 0.0199284 secs] [Times: user=0.06 sys=0.00, real=0.02 secs] 
Heap after GC invocations=249 (full 14):
 par new generation   total 109248K, used 21824K [0x00000000e0000000, 0x00000000e8000000, 0x00000000e8000000)
  eden space 87424K,   0% used [0x00000000e0000000, 0x00000000e0000000, 0x00000000e5560000)
  from space 21824K, 100% used [0x00000000e6ab0000, 0x00000000e8000000, 0x00000000e8000000)
  to   space 21824K,   0% used [0x00000000e5560000, 0x00000000e5560000, 0x00000000e6ab0000)
 concurrent mark-sweep generation total 393216K, used 148255K [0x00000000e8000000, 0x0000000100000000, 0x0000000100000000)
 Metaspace       used 56482K, capacity 58270K, committed 58388K, reserved 1101824K
  class space    used 6557K, capacity 6952K, committed 6976K, reserved 1048576K
}
2020-05-19T14:29:46.436+0000: 13943.373: Total time for which application threads were stopped: 0.0202266 seconds, Stopping threads took: 0.0000865 seconds
2020-05-19T14:29:46.436+0000: 13943.373: Total time for which application threads were stopped: 0.0001752 seconds, Stopping threads took: 0.0000848 seconds
2020-05-19T14:29:46.436+0000: 13943.373: Total time for which application threads were stopped: 0.0000696 seconds, Stopping threads took: 0.0000180 seconds
2020-05-19T14:29:47.200+0000: 13944.136: Total time for which application threads were stopped: 0.0001431 seconds, Stopping threads took: 0.0000672 seconds
2020-05-19T14:29:47.200+0000: 13944.136: Total time for which application threads were stopped: 0.0000562 seconds, Stopping threads took: 0.0000149 seconds
2020-05-19T14:29:47.202+0000: 13944.138: Total time for which application threads were stopped: 0.0001454 seconds, Stopping threads took: 0.0000574 seconds
2020-05-19T14:29:47.202+0000: 13944.138: Total time for which application threads were stopped: 0.0000969 seconds, Stopping threads took: 0.0000310 seconds
2020-05-19T14:29:48.202+0000: 13945.139: Total time for which application threads were stopped: 0.0001499 seconds, Stopping threads took: 0.0000852 seconds
2020-05-19T14:29:51.726+0000: 13948.662: Total time for which application threads were stopped: 0.0002520 seconds, Stopping threads took: 0.0001875 seconds
2020-05-19T14:29:51.729+0000: 13948.665: Total time for which application threads were stopped: 0.0001444 seconds, Stopping threads took: 0.0000655 seconds
2020-05-19T14:29:51.729+0000: 13948.666: Total time for which application threads were stopped: 0.0001718 seconds, Stopping threads took: 0.0000935 seconds
2020-05-19T14:29:51.818+0000: 13948.755: Total time for which application threads were stopped: 0.0007167 seconds, Stopping threads took: 0.0002531 seconds
{Heap before GC invocations=249 (full 14):
 par new generation   total 109248K, used 109248K [0x00000000e0000000, 0x00000000e8000000, 0x00000000e8000000)
  eden space 87424K, 100% used [0x00000000e0000000, 0x00000000e5560000, 0x00000000e5560000)
  from space 21824K, 100% used [0x00000000e6ab0000, 0x00000000e8000000, 0x00000000e8000000)
  to   space 21824K,   0% used [0x00000000e5560000, 0x00000000e5560000, 0x00000000e6ab0000)
 concurrent mark-sweep generation total 393216K, used 148255K [0x00000000e8000000, 0x0000000100000000, 0x0000000100000000)
 Metaspace       used 56484K, capacity 58270K, committed 58388K, reserved 1101824K
  class space    used 6557K, capacity 6952K, committed 6976K, reserved 1048576K
2020-05-19T14:29:51.863+0000: 13948.800: [GC (Allocation Failure) 2020-05-19T14:29:51.863+0000: 13948.800: [ParNew
Desired survivor size 20112992 bytes, new threshold 8 (max 8)
- age   1:    2047520 bytes,    2047520 total
- age   2:    2972400 bytes,    5019920 total
- age   3:    4400624 bytes,    9420544 total
- age   4:    3378568 bytes,   12799112 total
- age   5:    1588480 bytes,   14387592 total
- age   6:    5232312 bytes,   19619904 total
: 109248K->21824K(109248K), 0.0167194 secs] 257503K->179502K(502464K), 0.0167964 secs] [Times: user=0.06 sys=0.00, real=0.02 secs] 
Heap after GC invocations=250 (full 14):
 par new generation   total 109248K, used 21824K [0x00000000e0000000, 0x00000000e8000000, 0x00000000e8000000)
  eden space 87424K,   0% used [0x00000000e0000000, 0x00000000e0000000, 0x00000000e5560000)
  from space 21824K, 100% used [0x00000000e5560000, 0x00000000e6ab0000, 0x00000000e6ab0000)
  to   space 21824K,   0% used [0x00000000e6ab0000, 0x00000000e6ab0000, 0x00000000e8000000)
 concurrent mark-sweep generation total 393216K, used 157678K [0x00000000e8000000, 0x0000000100000000, 0x0000000100000000)
 Metaspace       used 56484K, capacity 58270K, committed 58388K, reserved 1101824K
  class space    used 6557K, capacity 6952K, committed 6976K, reserved 1048576K
}
2020-05-19T14:29:51.879+0000: 13948.817: Total time for which application threads were stopped: 0.0170414 seconds, Stopping threads took: 0.0000656 seconds
2020-05-19T14:29:51.880+0000: 13948.817: Total time for which application threads were stopped: 0.0001714 seconds, Stopping threads took: 0.0000613 seconds
2020-05-19T14:29:51.880+0000: 13948.817: Total time for which application threads were stopped: 0.0001062 seconds, Stopping threads took: 0.0000440 seconds
2020-05-19T14:29:51.880+0000: 13948.817: Total time for which application threads were stopped: 0.0000955 seconds, Stopping threads took: 0.0000433 seconds
{Heap before GC invocations=250 (full 14):
 par new generation   total 109248K, used 109248K [0x00000000e0000000, 0x00000000e8000000, 0x00000000e8000000)
  eden space 87424K, 100% used [0x00000000e0000000, 0x00000000e5560000, 0x00000000e5560000)
  from space 21824K, 100% used [0x00000000e5560000, 0x00000000e6ab0000, 0x00000000e6ab0000)
  to   space 21824K,   0% used [0x00000000e6ab0000, 0x00000000e6ab0000, 0x00000000e8000000)
 concurrent mark-sweep generation total 393216K, used 157678K [0x00000000e8000000, 0x0000000100000000, 0x0000000100000000)
 Metaspace       used 56484K, capacity 58270K, committed 58388K, reserved 1101824K
  class space    used 6557K, capacity 6952K, committed 6976K, reserved 1048576K
2020-05-19T14:29:51.980+0000: 13948.917: [GC (Allocation Failure) 2020-05-19T14:29:51.980+0000: 13948.917: [ParNew
Desired survivor size 20112992 bytes, new threshold 7 (max 8)
- age   1:    3689208 bytes,    3689208 total
- age   2:    1315624 bytes,    5004832 total
- age   3:    2905504 bytes,    7910336 total
- age   4:    4399856 bytes,   12310192 total
- age   5:    3364192 bytes,   15674384 total
- age   6:    1471280 bytes,   17145664 total
- age   7:    5194672 bytes,   22340336 total
: 109248K->21824K(109248K), 0.0167131 secs] 266926K->187004K(502464K), 0.0167900 secs] [Times: user=0.05 sys=0.02, real=0.02 secs] 
Heap after GC invocations=251 (full 14):
 par new generation   total 109248K, used 21824K [0x00000000e0000000, 0x00000000e8000000, 0x00000000e8000000)
  eden space 87424K,   0% used [0x00000000e0000000, 0x00000000e0000000, 0x00000000e5560000)
  from space 21824K, 100% used [0x00000000e6ab0000, 0x00000000e8000000, 0x00000000e8000000)
  to   space 21824K,   0% used [0x00000000e5560000, 0x00000000e5560000, 0x00000000e6ab0000)
 concurrent mark-sweep generation total 393216K, used 165180K [0x00000000e8000000, 0x0000000100000000, 0x0000000100000000)
 Metaspace       used 56484K, capacity 58270K, committed 58388K, reserved 1101824K
  class space    used 6557K, capacity 6952K, committed 6976K, reserved 1048576K
}
2020-05-19T14:29:51.997+0000: 13948.934: Total time for which application threads were stopped: 0.0170655 seconds, Stopping threads took: 0.0000609 seconds
2020-05-19T14:29:51.997+0000: 13948.934: Total time for which application threads were stopped: 0.0001752 seconds, Stopping threads took: 0.0000657 seconds
2020-05-19T14:29:52.840+0000: 13949.777: Total time for which application threads were stopped: 0.0001463 seconds, Stopping threads took: 0.0000529 seconds
2020-05-19T14:29:52.841+0000: 13949.777: Total time for which application threads were stopped: 0.0001230 seconds, Stopping threads took: 0.0000485 seconds
2020-05-19T14:29:52.841+0000: 13949.777: Total time for which application threads were stopped: 0.0000620 seconds, Stopping threads took: 0.0000136 seconds
2020-05-19T14:29:52.841+0000: 13949.778: Total time for which application threads were stopped: 0.0000918 seconds, Stopping threads took: 0.0000428 seconds
2020-05-19T14:29:52.841+0000: 13949.778: Total time for which application threads were stopped: 0.0000909 seconds, Stopping threads took: 0.0000395 seconds
2020-05-19T14:30:15.684+0000: 13972.621: Total time for which application threads were stopped: 0.0002684 seconds, Stopping threads took: 0.0001621 seconds
2020-05-19T14:30:15.688+0000: 13972.625: Total time for which application threads were stopped: 0.0001612 seconds, Stopping threads took: 0.0000313 seconds
2020-05-19T14:30:15.689+0000: 13972.626: Total time for which application threads were stopped: 0.0001961 seconds, Stopping threads took: 0.0000481 seconds
{Heap before GC invocations=251 (full 14):
 par new generation   total 109248K, used 109248K [0x00000000e0000000, 0x00000000e8000000, 0x00000000e8000000)
  eden space 87424K, 100% used [0x00000000e0000000, 0x00000000e5560000, 0x00000000e5560000)
  from space 21824K, 100% used [0x00000000e6ab0000, 0x00000000e8000000, 0x00000000e8000000)
  to   space 21824K,   0% used [0x00000000e5560000, 0x00000000e5560000, 0x00000000e6ab0000)
 concurrent mark-sweep generation total 393216K, used 165180K [0x00000000e8000000, 0x0000000100000000, 0x0000000100000000)
 Metaspace       used 56487K, capacity 58270K, committed 58388K, reserved 1101824K
  class space    used 6557K, capacity 6952K, committed 6976K, reserved 1048576K
2020-05-19T14:30:15.769+0000: 13972.706: [GC (Allocation Failure) 2020-05-19T14:30:15.769+0000: 13972.706: [ParNew
Desired survivor size 20112992 bytes, new threshold 6 (max 8)
- age   1:    5839136 bytes,    5839136 total
- age   2:    2744488 bytes,    8583624 total
- age   3:    1054520 bytes,    9638144 total
- age   4:    2878288 bytes,   12516432 total
- age   5:    4395352 bytes,   16911784 total
- age   6:    3240008 bytes,   20151792 total
- age   7:    1291736 bytes,   21443528 total
: 109248K->21824K(109248K), 0.0211531 secs] 274428K->197264K(502464K), 0.0212212 secs] [Times: user=0.08 sys=0.00, real=0.02 secs] 
Heap after GC invocations=252 (full 14):
 par new generation   total 109248K, used 21824K [0x00000000e0000000, 0x00000000e8000000, 0x00000000e8000000)
  eden space 87424K,   0% used [0x00000000e0000000, 0x00000000e0000000, 0x00000000e5560000)
  from space 21824K, 100% used [0x00000000e5560000, 0x00000000e6ab0000, 0x00000000e6ab0000)
  to   space 21824K,   0% used [0x00000000e6ab0000, 0x00000000e6ab0000, 0x00000000e8000000)
 concurrent mark-sweep generation total 393216K, used 175440K [0x00000000e8000000, 0x0000000100000000, 0x0000000100000000)
 Metaspace       used 56487K, capacity 58270K, committed 58388K, reserved 1101824K
  class space    used 6557K, capacity 6952K, committed 6976K, reserved 1048576K
}
2020-05-19T14:30:15.791+0000: 13972.727: Total time for which application threads were stopped: 0.0215326 seconds, Stopping threads took: 0.0000628 seconds
2020-05-19T14:30:15.791+0000: 13972.728: Total time for which application threads were stopped: 0.0003635 seconds, Stopping threads took: 0.0002035 seconds
2020-05-19T14:30:15.791+0000: 13972.728: Total time for which application threads were stopped: 0.0002069 seconds, Stopping threads took: 0.0000536 seconds
2020-05-19T14:30:15.806+0000: 13972.743: Total time for which application threads were stopped: 0.0002263 seconds, Stopping threads took: 0.0000621 seconds
{Heap before GC invocations=252 (full 14):
 par new generation   total 109248K, used 109248K [0x00000000e0000000, 0x00000000e8000000, 0x00000000e8000000)
  eden space 87424K, 100% used [0x00000000e0000000, 0x00000000e5560000, 0x00000000e5560000)
  from space 21824K, 100% used [0x00000000e5560000, 0x00000000e6ab0000, 0x00000000e6ab0000)
  to   space 21824K,   0% used [0x00000000e6ab0000, 0x00000000e6ab0000, 0x00000000e8000000)
 concurrent mark-sweep generation total 393216K, used 175440K [0x00000000e8000000, 0x0000000100000000, 0x0000000100000000)
 Metaspace       used 56487K, capacity 58270K, committed 58388K, reserved 1101824K
  class space    used 6557K, capacity 6952K, committed 6976K, reserved 1048576K
2020-05-19T14:30:15.914+0000: 13972.852: [GC (Allocation Failure) 2020-05-19T14:30:15.914+0000: 13972.852: [ParNew
Desired survivor size 20112992 bytes, new threshold 6 (max 8)
- age   1:    7034296 bytes,    7034296 total
- age   2:    3992608 bytes,   11026904 total
- age   3:    2740048 bytes,   13766952 total
- age   4:    1054400 bytes,   14821352 total
- age   5:    2878288 bytes,   17699640 total
- age   6:    4395312 bytes,   22094952 total
: 109248K->21824K(109248K), 0.0201047 secs] 284688K->206411K(502464K), 0.0201953 secs] [Times: user=0.06 sys=0.00, real=0.02 secs] 
Heap after GC invocations=253 (full 14):
 par new generation   total 109248K, used 21824K [0x00000000e0000000, 0x00000000e8000000, 0x00000000e8000000)
  eden space 87424K,   0% used [0x00000000e0000000, 0x00000000e0000000, 0x00000000e5560000)
  from space 21824K, 100% used [0x00000000e6ab0000, 0x00000000e8000000, 0x00000000e8000000)
  to   space 21824K,   0% used [0x00000000e5560000, 0x00000000e5560000, 0x00000000e6ab0000)
 concurrent mark-sweep generation total 393216K, used 184587K [0x00000000e8000000, 0x0000000100000000, 0x0000000100000000)
 Metaspace       used 56487K, capacity 58270K, committed 58388K, reserved 1101824K
  class space    used 6557K, capacity 6952K, committed 6976K, reserved 1048576K
}
2020-05-19T14:30:15.935+0000: 13972.872: Total time for which application threads were stopped: 0.0204665 seconds, Stopping threads took: 0.0000586 seconds
2020-05-19T14:30:15.935+0000: 13972.873: Total time for which application threads were stopped: 0.0005628 seconds, Stopping threads took: 0.0000856 seconds
2020-05-19T14:30:15.936+0000: 13972.873: Total time for which application threads were stopped: 0.0002381 seconds, Stopping threads took: 0.0001175 seconds
{Heap before GC invocations=253 (full 14):
 par new generation   total 109248K, used 109248K [0x00000000e0000000, 0x00000000e8000000, 0x00000000e8000000)
  eden space 87424K, 100% used [0x00000000e0000000, 0x00000000e5560000, 0x00000000e5560000)
  from space 21824K, 100% used [0x00000000e6ab0000, 0x00000000e8000000, 0x00000000e8000000)
  to   space 21824K,   0% used [0x00000000e5560000, 0x00000000e5560000, 0x00000000e6ab0000)
 concurrent mark-sweep generation total 393216K, used 184587K [0x00000000e8000000, 0x0000000100000000, 0x0000000100000000)
 Metaspace       used 56487K, capacity 58270K, committed 58388K, reserved 1101824K
  class space    used 6557K, capacity 6952K, committed 6976K, reserved 1048576K
2020-05-19T14:30:16.078+0000: 13973.015: [GC (Allocation Failure) 2020-05-19T14:30:16.078+0000: 13973.015: [ParNew
Desired survivor size 20112992 bytes, new threshold 6 (max 8)
- age   1:    6596880 bytes,    6596880 total
- age   2:    4127608 bytes,   10724488 total
- age   3:    3123200 bytes,   13847688 total
- age   4:    2740048 bytes,   16587736 total
- age   5:    1054400 bytes,   17642136 total
- age   6:    2878288 bytes,   20520424 total
: 109248K->21824K(109248K), 0.0177570 secs] 293835K->216400K(502464K), 0.0179175 secs] [Times: user=0.06 sys=0.00, real=0.02 secs] 
Heap after GC invocations=254 (full 14):
 par new generation   total 109248K, used 21824K [0x00000000e0000000, 0x00000000e8000000, 0x00000000e8000000)
  eden space 87424K,   0% used [0x00000000e0000000, 0x00000000e0000000, 0x00000000e5560000)
  from space 21824K, 100% used [0x00000000e5560000, 0x00000000e6ab0000, 0x00000000e6ab0000)
  to   space 21824K,   0% used [0x00000000e6ab0000, 0x00000000e6ab0000, 0x00000000e8000000)
 concurrent mark-sweep generation total 393216K, used 194576K [0x00000000e8000000, 0x0000000100000000, 0x0000000100000000)
 Metaspace       used 56487K, capacity 58270K, committed 58388K, reserved 1101824K
  class space    used 6557K, capacity 6952K, committed 6976K, reserved 1048576K
}
2020-05-19T14:30:16.096+0000: 13973.033: Total time for which application threads were stopped: 0.0186162 seconds, Stopping threads took: 0.0000886 seconds
2020-05-19T14:30:16.096+0000: 13973.033: Total time for which application threads were stopped: 0.0001495 seconds, Stopping threads took: 0.0000594 seconds
2020-05-19T14:30:16.096+0000: 13973.033: Total time for which application threads were stopped: 0.0001570 seconds, Stopping threads took: 0.0000462 seconds
2020-05-19T14:30:17.096+0000: 13974.033: Total time for which application threads were stopped: 0.0001215 seconds, Stopping threads took: 0.0000547 seconds
2020-05-19T14:30:17.366+0000: 13974.303: Total time for which application threads were stopped: 0.0001553 seconds, Stopping threads took: 0.0000833 seconds
2020-05-19T14:30:17.366+0000: 13974.303: Total time for which application threads were stopped: 0.0000604 seconds, Stopping threads took: 0.0000161 seconds
2020-05-19T14:30:17.367+0000: 13974.304: Total time for which application threads were stopped: 0.0001101 seconds, Stopping threads took: 0.0000374 seconds
2020-05-19T14:30:17.368+0000: 13974.304: Total time for which application threads were stopped: 0.0000949 seconds, Stopping threads took: 0.0000321 seconds
2020-05-19T14:30:17.368+0000: 13974.304: Total time for which application threads were stopped: 0.0000840 seconds, Stopping threads took: 0.0000378 seconds
2020-05-19T14:30:17.368+0000: 13974.304: Total time for which application threads were stopped: 0.0000489 seconds, Stopping threads took: 0.0000122 seconds
2020-05-19T14:30:17.368+0000: 13974.305: Total time for which application threads were stopped: 0.0000456 seconds, Stopping threads took: 0.0000095 seconds
2020-05-19T14:30:24.809+0000: 13981.746: Total time for which application threads were stopped: 0.0002781 seconds, Stopping threads took: 0.0002099 seconds
2020-05-19T14:30:24.811+0000: 13981.749: Total time for which application threads were stopped: 0.0001928 seconds, Stopping threads took: 0.0001147 seconds
2020-05-19T14:30:24.821+0000: 13981.758: Total time for which application threads were stopped: 0.0001137 seconds, Stopping threads took: 0.0000479 seconds
2020-05-19T14:30:24.822+0000: 13981.759: Total time for which application threads were stopped: 0.0001067 seconds, Stopping threads took: 0.0000460 seconds
2020-05-19T14:30:24.870+0000: 13981.807: Total time for which application threads were stopped: 0.0001399 seconds, Stopping threads took: 0.0000570 seconds
{Heap before GC invocations=254 (full 14):
 par new generation   total 109248K, used 109248K [0x00000000e0000000, 0x00000000e8000000, 0x00000000e8000000)
  eden space 87424K, 100% used [0x00000000e0000000, 0x00000000e5560000, 0x00000000e5560000)
  from space 21824K, 100% used [0x00000000e5560000, 0x00000000e6ab0000, 0x00000000e6ab0000)
  to   space 21824K,   0% used [0x00000000e6ab0000, 0x00000000e6ab0000, 0x00000000e8000000)
 concurrent mark-sweep generation total 393216K, used 194576K [0x00000000e8000000, 0x0000000100000000, 0x0000000100000000)
 Metaspace       used 56491K, capacity 58270K, committed 58388K, reserved 1101824K
  class space    used 6557K, capacity 6952K, committed 6976K, reserved 1048576K
2020-05-19T14:30:24.908+0000: 13981.845: [GC (Allocation Failure) 2020-05-19T14:30:24.908+0000: 13981.845: [ParNew
Desired survivor size 20112992 bytes, new threshold 5 (max 8)
- age   1:    7354744 bytes,    7354744 total
- age   2:    3416248 bytes,   10770992 total
- age   3:    3877864 bytes,   14648856 total
- age   4:    3049920 bytes,   17698776 total
- age   5:    2740048 bytes,   20438824 total
- age   6:    1054304 bytes,   21493128 total
: 109248K->21824K(109248K), 0.0139147 secs] 303824K->219240K(502464K), 0.0139848 secs] [Times: user=0.05 sys=0.02, real=0.01 secs] 
Heap after GC invocations=255 (full 14):
 par new generation   total 109248K, used 21824K [0x00000000e0000000, 0x00000000e8000000, 0x00000000e8000000)
  eden space 87424K,   0% used [0x00000000e0000000, 0x00000000e0000000, 0x00000000e5560000)
  from space 21824K, 100% used [0x00000000e6ab0000, 0x00000000e8000000, 0x00000000e8000000)
  to   space 21824K,   0% used [0x00000000e5560000, 0x00000000e5560000, 0x00000000e6ab0000)
 concurrent mark-sweep generation total 393216K, used 197416K [0x00000000e8000000, 0x0000000100000000, 0x0000000100000000)
 Metaspace       used 56491K, capacity 58270K, committed 58388K, reserved 1101824K
  class space    used 6557K, capacity 6952K, committed 6976K, reserved 1048576K
}
2020-05-19T14:30:24.922+0000: 13981.859: Total time for which application threads were stopped: 0.0142241 seconds, Stopping threads took: 0.0000544 seconds
2020-05-19T14:30:24.922+0000: 13981.859: [GC (CMS Initial Mark) [1 CMS-initial-mark: 197416K(393216K)] 220131K(502464K), 0.0036652 secs] [Times: user=0.00 sys=0.00, real=0.00 secs] 
2020-05-19T14:30:24.926+0000: 13981.863: Total time for which application threads were stopped: 0.0038212 seconds, Stopping threads took: 0.0000524 seconds
2020-05-19T14:30:24.926+0000: 13981.863: [CMS-concurrent-mark-start]
2020-05-19T14:30:24.952+0000: 13981.889: Total time for which application threads were stopped: 0.0002660 seconds, Stopping threads took: 0.0001158 seconds
2020-05-19T14:30:24.952+0000: 13981.889: Total time for which application threads were stopped: 0.0001360 seconds, Stopping threads took: 0.0000380 seconds
2020-05-19T14:30:24.954+0000: 13981.891: [CMS-concurrent-mark: 0.026/0.028 secs] [Times: user=0.13 sys=0.00, real=0.03 secs] 
2020-05-19T14:30:24.954+0000: 13981.891: [CMS-concurrent-preclean-start]
2020-05-19T14:30:24.955+0000: 13981.892: [CMS-concurrent-preclean: 0.001/0.001 secs] [Times: user=0.00 sys=0.00, real=0.00 secs] 
2020-05-19T14:30:24.955+0000: 13981.892: [CMS-concurrent-abortable-preclean-start]
{Heap before GC invocations=255 (full 15):
 par new generation   total 109248K, used 109248K [0x00000000e0000000, 0x00000000e8000000, 0x00000000e8000000)
  eden space 87424K, 100% used [0x00000000e0000000, 0x00000000e5560000, 0x00000000e5560000)
  from space 21824K, 100% used [0x00000000e6ab0000, 0x00000000e8000000, 0x00000000e8000000)
  to   space 21824K,   0% used [0x00000000e5560000, 0x00000000e5560000, 0x00000000e6ab0000)
 concurrent mark-sweep generation total 393216K, used 197416K [0x00000000e8000000, 0x0000000100000000, 0x0000000100000000)
 Metaspace       used 56491K, capacity 58270K, committed 58388K, reserved 1101824K
  class space    used 6557K, capacity 6952K, committed 6976K, reserved 1048576K
2020-05-19T14:30:25.076+0000: 13982.013: [GC (Allocation Failure) 2020-05-19T14:30:25.076+0000: 13982.013: [ParNew
Desired survivor size 20112992 bytes, new threshold 8 (max 8)
- age   1:    8451752 bytes,    8451752 total
- age   2:     624608 bytes,    9076360 total
- age   3:    3334584 bytes,   12410944 total
- age   4:    3877528 bytes,   16288472 total
- age   5:    2975624 bytes,   19264096 total
: 109248K->21824K(109248K), 0.0149678 secs] 306664K->226762K(502464K), 0.0150442 secs] [Times: user=0.06 sys=0.00, real=0.02 secs] 
Heap after GC invocations=256 (full 15):
 par new generation   total 109248K, used 21824K [0x00000000e0000000, 0x00000000e8000000, 0x00000000e8000000)
  eden space 87424K,   0% used [0x00000000e0000000, 0x00000000e0000000, 0x00000000e5560000)
  from space 21824K, 100% used [0x00000000e5560000, 0x00000000e6ab0000, 0x00000000e6ab0000)
  to   space 21824K,   0% used [0x00000000e6ab0000, 0x00000000e6ab0000, 0x00000000e8000000)
 concurrent mark-sweep generation total 393216K, used 204938K [0x00000000e8000000, 0x0000000100000000, 0x0000000100000000)
 Metaspace       used 56491K, capacity 58270K, committed 58388K, reserved 1101824K
  class space    used 6557K, capacity 6952K, committed 6976K, reserved 1048576K
}
2020-05-19T14:30:25.092+0000: 13982.028: Total time for which application threads were stopped: 0.0152755 seconds, Stopping threads took: 0.0000573 seconds
2020-05-19T14:30:25.092+0000: 13982.028: [CMS-concurrent-abortable-preclean: 0.066/0.136 secs] [Times: user=0.36 sys=0.02, real=0.14 secs] 
2020-05-19T14:30:25.092+0000: 13982.028: Total time for which application threads were stopped: 0.0001546 seconds, Stopping threads took: 0.0000566 seconds
2020-05-19T14:30:25.092+0000: 13982.029: [GC (CMS Final Remark) [YG occupancy: 23041 K (109248 K)]{Heap before GC invocations=256 (full 15):
 par new generation   total 109248K, used 23041K [0x00000000e0000000, 0x00000000e8000000, 0x00000000e8000000)
  eden space 87424K,   1% used [0x00000000e0000000, 0x00000000e0130510, 0x00000000e5560000)
  from space 21824K, 100% used [0x00000000e5560000, 0x00000000e6ab0000, 0x00000000e6ab0000)
  to   space 21824K,   0% used [0x00000000e6ab0000, 0x00000000e6ab0000, 0x00000000e8000000)
 concurrent mark-sweep generation total 393216K, used 204938K [0x00000000e8000000, 0x0000000100000000, 0x0000000100000000)
 Metaspace       used 56491K, capacity 58270K, committed 58388K, reserved 1101824K
  class space    used 6557K, capacity 6952K, committed 6976K, reserved 1048576K
2020-05-19T14:30:25.092+0000: 13982.029: [GC (CMS Final Remark) 2020-05-19T14:30:25.092+0000: 13982.029: [ParNew
Desired survivor size 20112992 bytes, new threshold 8 (max 8)
- age   1:      33904 bytes,      33904 total
- age   2:    8364384 bytes,    8398288 total
- age   3:     624608 bytes,    9022896 total
- age   4:    3334584 bytes,   12357480 total
- age   5:    3877528 bytes,   16235008 total
- age   6:    2975624 bytes,   19210632 total
: 23041K->21824K(109248K), 0.0091707 secs] 227979K->226762K(502464K), 0.0092184 secs] [Times: user=0.00 sys=0.00, real=0.01 secs] 
Heap after GC invocations=257 (full 15):
 par new generation   total 109248K, used 21824K [0x00000000e0000000, 0x00000000e8000000, 0x00000000e8000000)
  eden space 87424K,   0% used [0x00000000e0000000, 0x00000000e0000000, 0x00000000e5560000)
  from space 21824K, 100% used [0x00000000e6ab0000, 0x00000000e8000000, 0x00000000e8000000)
  to   space 21824K,   0% used [0x00000000e5560000, 0x00000000e5560000, 0x00000000e6ab0000)
 concurrent mark-sweep generation total 393216K, used 204938K [0x00000000e8000000, 0x0000000100000000, 0x0000000100000000)
 Metaspace       used 56491K, capacity 58270K, committed 58388K, reserved 1101824K
  class space    used 6557K, capacity 6952K, committed 6976K, reserved 1048576K
}
2020-05-19T14:30:25.101+0000: 13982.038: [Rescan (parallel) , 0.0052479 secs]2020-05-19T14:30:25.107+0000: 13982.043: [weak refs processing, 0.0030733 secs]2020-05-19T14:30:25.110+0000: 13982.046: [class unloading, 0.0093204 secs]2020-05-19T14:30:25.119+0000: 13982.056: [scrub symbol table, 0.0088228 secs]2020-05-19T14:30:25.128+0000: 13982.064: [scrub string table, 0.0005863 secs][1 CMS-remark: 204938K(393216K)] 226762K(502464K), 0.0366157 secs] [Times: user=0.08 sys=0.00, real=0.04 secs] 
2020-05-19T14:30:25.129+0000: 13982.065: Total time for which application threads were stopped: 0.0367536 seconds, Stopping threads took: 0.0000593 seconds
2020-05-19T14:30:25.129+0000: 13982.065: [CMS-concurrent-sweep-start]
2020-05-19T14:30:25.129+0000: 13982.066: Total time for which application threads were stopped: 0.0002367 seconds, Stopping threads took: 0.0000590 seconds
2020-05-19T14:30:25.130+0000: 13982.066: Total time for which application threads were stopped: 0.0000963 seconds, Stopping threads took: 0.0000484 seconds
2020-05-19T14:30:25.130+0000: 13982.066: Total time for which application threads were stopped: 0.0000778 seconds, Stopping threads took: 0.0000404 seconds
2020-05-19T14:30:25.130+0000: 13982.067: Total time for which application threads were stopped: 0.0000786 seconds, Stopping threads took: 0.0000393 seconds
2020-05-19T14:30:25.130+0000: 13982.067: Total time for which application threads were stopped: 0.0000857 seconds, Stopping threads took: 0.0000380 seconds
2020-05-19T14:30:25.130+0000: 13982.067: Total time for which application threads were stopped: 0.0000794 seconds, Stopping threads took: 0.0000366 seconds
2020-05-19T14:30:25.130+0000: 13982.067: Total time for which application threads were stopped: 0.0000821 seconds, Stopping threads took: 0.0000446 seconds
2020-05-19T14:30:25.131+0000: 13982.067: Total time for which application threads were stopped: 0.0000784 seconds, Stopping threads took: 0.0000438 seconds
2020-05-19T14:30:25.131+0000: 13982.067: Total time for which application threads were stopped: 0.0000763 seconds, Stopping threads took: 0.0000395 seconds
2020-05-19T14:30:25.131+0000: 13982.068: Total time for which application threads were stopped: 0.0000737 seconds, Stopping threads took: 0.0000388 seconds
2020-05-19T14:30:25.131+0000: 13982.068: Total time for which application threads were stopped: 0.0000763 seconds, Stopping threads took: 0.0000397 seconds
2020-05-19T14:30:25.131+0000: 13982.068: Total time for which application threads were stopped: 0.0000755 seconds, Stopping threads took: 0.0000401 seconds
2020-05-19T14:30:25.191+0000: 13982.129: [CMS-concurrent-sweep: 0.062/0.064 secs] [Times: user=0.19 sys=0.00, real=0.06 secs] 
2020-05-19T14:30:25.191+0000: 13982.129: [CMS-concurrent-reset-start]
2020-05-19T14:30:25.193+0000: 13982.130: [CMS-concurrent-reset: 0.001/0.001 secs] [Times: user=0.00 sys=0.00, real=0.00 secs] 
2020-05-19T14:30:26.067+0000: 13983.004: Total time for which application threads were stopped: 0.0002087 seconds, Stopping threads took: 0.0000748 seconds
2020-05-19T14:30:26.069+0000: 13983.006: Total time for which application threads were stopped: 0.0002384 seconds, Stopping threads took: 0.0000916 seconds
2020-05-19T14:30:26.069+0000: 13983.006: Total time for which application threads were stopped: 0.0001325 seconds, Stopping threads took: 0.0000258 seconds
2020-05-19T14:30:26.070+0000: 13983.007: Total time for which application threads were stopped: 0.0001965 seconds, Stopping threads took: 0.0000672 seconds
2020-05-19T14:30:26.071+0000: 13983.008: Total time for which application threads were stopped: 0.0002811 seconds, Stopping threads took: 0.0002124 seconds
2020-05-19T14:30:26.071+0000: 13983.008: Total time for which application threads were stopped: 0.0000910 seconds, Stopping threads took: 0.0000355 seconds
2020-05-19T14:30:26.071+0000: 13983.008: Total time for which application threads were stopped: 0.0000786 seconds, Stopping threads took: 0.0000379 seconds
2020-05-19T14:30:35.348+0000: 13992.285: Total time for which application threads were stopped: 0.0002755 seconds, Stopping threads took: 0.0002033 seconds
2020-05-19T14:30:35.350+0000: 13992.288: Total time for which application threads were stopped: 0.0001466 seconds, Stopping threads took: 0.0000658 seconds
2020-05-19T14:30:35.351+0000: 13992.288: Total time for which application threads were stopped: 0.0001316 seconds, Stopping threads took: 0.0000586 seconds
2020-05-19T14:30:35.361+0000: 13992.298: Total time for which application threads were stopped: 0.0001819 seconds, Stopping threads took: 0.0000880 seconds
2020-05-19T14:30:35.362+0000: 13992.299: Total time for which application threads were stopped: 0.0001495 seconds, Stopping threads took: 0.0000512 seconds
{Heap before GC invocations=257 (full 15):
 par new generation   total 109248K, used 109248K [0x00000000e0000000, 0x00000000e8000000, 0x00000000e8000000)
  eden space 87424K, 100% used [0x00000000e0000000, 0x00000000e5560000, 0x00000000e5560000)
  from space 21824K, 100% used [0x00000000e6ab0000, 0x00000000e8000000, 0x00000000e8000000)
  to   space 21824K,   0% used [0x00000000e5560000, 0x00000000e5560000, 0x00000000e6ab0000)
 concurrent mark-sweep generation total 393216K, used 78448K [0x00000000e8000000, 0x0000000100000000, 0x0000000100000000)
 Metaspace       used 56501K, capacity 58334K, committed 58388K, reserved 1101824K
  class space    used 6557K, capacity 6952K, committed 6976K, reserved 1048576K
2020-05-19T14:30:35.401+0000: 13992.338: [GC (Allocation Failure) 2020-05-19T14:30:35.401+0000: 13992.339: [ParNew
Desired survivor size 20112992 bytes, new threshold 7 (max 8)
- age   1:    7471024 bytes,    7471024 total
- age   3:    3289728 bytes,   10760752 total
- age   4:     241864 bytes,   11002616 total
- age   5:    3110752 bytes,   14113368 total
- age   6:    3376592 bytes,   17489960 total
- age   7:    2801536 bytes,   20291496 total
: 109248K->21824K(109248K), 0.0107876 secs] 187696K->101820K(502464K), 0.0108716 secs] [Times: user=0.00 sys=0.00, real=0.01 secs] 
Heap after GC invocations=258 (full 15):
 par new generation   total 109248K, used 21824K [0x00000000e0000000, 0x00000000e8000000, 0x00000000e8000000)
  eden space 87424K,   0% used [0x00000000e0000000, 0x00000000e0000000, 0x00000000e5560000)
  from space 21824K, 100% used [0x00000000e5560000, 0x00000000e6ab0000, 0x00000000e6ab0000)
  to   space 21824K,   0% used [0x00000000e6ab0000, 0x00000000e6ab0000, 0x00000000e8000000)
 concurrent mark-sweep generation total 393216K, used 79996K [0x00000000e8000000, 0x0000000100000000, 0x0000000100000000)
 Metaspace       used 56501K, capacity 58334K, committed 58388K, reserved 1101824K
  class space    used 6557K, capacity 6952K, committed 6976K, reserved 1048576K
}
2020-05-19T14:30:35.412+0000: 13992.349: Total time for which application threads were stopped: 0.0111420 seconds, Stopping threads took: 0.0000573 seconds
2020-05-19T14:30:35.413+0000: 13992.350: Total time for which application threads were stopped: 0.0001535 seconds, Stopping threads took: 0.0000657 seconds
2020-05-19T14:30:35.413+0000: 13992.350: Total time for which application threads were stopped: 0.0001478 seconds, Stopping threads took: 0.0000506 seconds
2020-05-19T14:30:35.433+0000: 13992.370: Total time for which application threads were stopped: 0.0001842 seconds, Stopping threads took: 0.0000668 seconds
{Heap before GC invocations=258 (full 15):
 par new generation   total 109248K, used 109248K [0x00000000e0000000, 0x00000000e8000000, 0x00000000e8000000)
  eden space 87424K, 100% used [0x00000000e0000000, 0x00000000e5560000, 0x00000000e5560000)
  from space 21824K, 100% used [0x00000000e5560000, 0x00000000e6ab0000, 0x00000000e6ab0000)
  to   space 21824K,   0% used [0x00000000e6ab0000, 0x00000000e6ab0000, 0x00000000e8000000)
 concurrent mark-sweep generation total 393216K, used 79996K [0x00000000e8000000, 0x0000000100000000, 0x0000000100000000)
 Metaspace       used 56501K, capacity 58334K, committed 58388K, reserved 1101824K
  class space    used 6557K, capacity 6952K, committed 6976K, reserved 1048576K
2020-05-19T14:30:35.515+0000: 13992.452: [GC (Allocation Failure) 2020-05-19T14:30:35.515+0000: 13992.452: [ParNew
Desired survivor size 20112992 bytes, new threshold 8 (max 8)
- age   1:    8766736 bytes,    8766736 total
- age   2:    1485240 bytes,   10251976 total
- age   4:    3178984 bytes,   13430960 total
- age   5:     157264 bytes,   13588224 total
- age   6:    3110752 bytes,   16698976 total
- age   7:    3376592 bytes,   20075568 total
: 109248K->21824K(109248K), 0.0134480 secs] 189244K->107970K(502464K), 0.0135256 secs] [Times: user=0.06 sys=0.00, real=0.01 secs] 
Heap after GC invocations=259 (full 15):
 par new generation   total 109248K, used 21824K [0x00000000e0000000, 0x00000000e8000000, 0x00000000e8000000)
  eden space 87424K,   0% used [0x00000000e0000000, 0x00000000e0000000, 0x00000000e5560000)
  from space 21824K, 100% used [0x00000000e6ab0000, 0x00000000e8000000, 0x00000000e8000000)
  to   space 21824K,   0% used [0x00000000e5560000, 0x00000000e5560000, 0x00000000e6ab0000)
 concurrent mark-sweep generation total 393216K, used 86146K [0x00000000e8000000, 0x0000000100000000, 0x0000000100000000)
 Metaspace       used 56501K, capacity 58334K, committed 58388K, reserved 1101824K
  class space    used 6557K, capacity 6952K, committed 6976K, reserved 1048576K
}
2020-05-19T14:30:35.529+0000: 13992.466: Total time for which application threads were stopped: 0.0137854 seconds, Stopping threads took: 0.0000596 seconds
2020-05-19T14:30:35.529+0000: 13992.466: Total time for which application threads were stopped: 0.0001471 seconds, Stopping threads took: 0.0000504 seconds
2020-05-19T14:30:35.529+0000: 13992.466: Total time for which application threads were stopped: 0.0001051 seconds, Stopping threads took: 0.0000370 seconds
2020-05-19T14:30:35.529+0000: 13992.466: Total time for which application threads were stopped: 0.0000733 seconds, Stopping threads took: 0.0000363 seconds
2020-05-19T14:30:35.530+0000: 13992.466: Total time for which application threads were stopped: 0.0000761 seconds, Stopping threads took: 0.0000389 seconds
{Heap before GC invocations=259 (full 15):
 par new generation   total 109248K, used 109248K [0x00000000e0000000, 0x00000000e8000000, 0x00000000e8000000)
  eden space 87424K, 100% used [0x00000000e0000000, 0x00000000e5560000, 0x00000000e5560000)
  from space 21824K, 100% used [0x00000000e6ab0000, 0x00000000e8000000, 0x00000000e8000000)
  to   space 21824K,   0% used [0x00000000e5560000, 0x00000000e5560000, 0x00000000e6ab0000)
 concurrent mark-sweep generation total 393216K, used 86146K [0x00000000e8000000, 0x0000000100000000, 0x0000000100000000)
 Metaspace       used 56501K, capacity 58334K, committed 58388K, reserved 1101824K
  class space    used 6557K, capacity 6952K, committed 6976K, reserved 1048576K
2020-05-19T14:30:35.618+0000: 13992.554: [GC (Allocation Failure) 2020-05-19T14:30:35.618+0000: 13992.554: [ParNew
Desired survivor size 20112992 bytes, new threshold 8 (max 8)
- age   1:    8205568 bytes,    8205568 total
- age   2:    3481384 bytes,   11686952 total
- age   3:     782784 bytes,   12469736 total
- age   5:    3178984 bytes,   15648720 total
- age   6:     157120 bytes,   15805840 total
- age   7:    3110752 bytes,   18916592 total
- age   8:    3376592 bytes,   22293184 total
: 109248K->21824K(109248K), 0.0115275 secs] 195394K->109838K(502464K), 0.0115895 secs] [Times: user=0.00 sys=0.00, real=0.01 secs] 
Heap after GC invocations=260 (full 15):
 par new generation   total 109248K, used 21824K [0x00000000e0000000, 0x00000000e8000000, 0x00000000e8000000)
  eden space 87424K,   0% used [0x00000000e0000000, 0x00000000e0000000, 0x00000000e5560000)
  from space 21824K, 100% used [0x00000000e5560000, 0x00000000e6ab0000, 0x00000000e6ab0000)
  to   space 21824K,   0% used [0x00000000e6ab0000, 0x00000000e6ab0000, 0x00000000e8000000)
 concurrent mark-sweep generation total 393216K, used 88014K [0x00000000e8000000, 0x0000000100000000, 0x0000000100000000)
 Metaspace       used 56501K, capacity 58334K, committed 58388K, reserved 1101824K
  class space    used 6557K, capacity 6952K, committed 6976K, reserved 1048576K
}
2020-05-19T14:30:35.629+0000: 13992.566: Total time for which application threads were stopped: 0.0118773 seconds, Stopping threads took: 0.0000920 seconds
2020-05-19T14:30:35.630+0000: 13992.566: Total time for which application threads were stopped: 0.0001616 seconds, Stopping threads took: 0.0000649 seconds
2020-05-19T14:30:35.630+0000: 13992.566: Total time for which application threads were stopped: 0.0001126 seconds, Stopping threads took: 0.0000443 seconds
2020-05-19T14:30:36.596+0000: 13993.533: Total time for which application threads were stopped: 0.0001356 seconds, Stopping threads took: 0.0000718 seconds
2020-05-19T14:30:36.596+0000: 13993.533: Total time for which application threads were stopped: 0.0001558 seconds, Stopping threads took: 0.0001080 seconds
2020-05-19T14:30:36.597+0000: 13993.533: Total time for which application threads were stopped: 0.0000734 seconds, Stopping threads took: 0.0000389 seconds
2020-05-19T14:30:36.597+0000: 13993.534: Total time for which application threads were stopped: 0.0001565 seconds, Stopping threads took: 0.0000424 seconds
2020-05-19T14:30:36.598+0000: 13993.534: Total time for which application threads were stopped: 0.0000958 seconds, Stopping threads took: 0.0000416 seconds
2020-05-19T14:30:36.598+0000: 13993.535: Total time for which application threads were stopped: 0.0000786 seconds, Stopping threads took: 0.0000353 seconds
2020-05-19T14:30:36.598+0000: 13993.535: Total time for which application threads were stopped: 0.0000583 seconds, Stopping threads took: 0.0000305 seconds
2020-05-19T14:30:36.598+0000: 13993.535: Total time for which application threads were stopped: 0.0000369 seconds, Stopping threads took: 0.0000098 seconds
2020-05-19T14:30:37.598+0000: 13994.535: Total time for which application threads were stopped: 0.0001111 seconds, Stopping threads took: 0.0000423 seconds
2020-05-19T14:30:43.721+0000: 14000.659: Total time for which application threads were stopped: 0.0002304 seconds, Stopping threads took: 0.0001587 seconds
2020-05-19T14:30:43.724+0000: 14000.661: Total time for which application threads were stopped: 0.0001377 seconds, Stopping threads took: 0.0000478 seconds
2020-05-19T14:30:43.730+0000: 14000.668: Total time for which application threads were stopped: 0.0001407 seconds, Stopping threads took: 0.0000525 seconds
2020-05-19T14:30:43.732+0000: 14000.669: Total time for which application threads were stopped: 0.0001733 seconds, Stopping threads took: 0.0000801 seconds
2020-05-19T14:30:43.793+0000: 14000.730: Total time for which application threads were stopped: 0.0002108 seconds, Stopping threads took: 0.0000684 seconds
{Heap before GC invocations=260 (full 15):
 par new generation   total 109248K, used 109248K [0x00000000e0000000, 0x00000000e8000000, 0x00000000e8000000)
  eden space 87424K, 100% used [0x00000000e0000000, 0x00000000e5560000, 0x00000000e5560000)
  from space 21824K, 100% used [0x00000000e5560000, 0x00000000e6ab0000, 0x00000000e6ab0000)
  to   space 21824K,   0% used [0x00000000e6ab0000, 0x00000000e6ab0000, 0x00000000e8000000)
 concurrent mark-sweep generation total 393216K, used 88014K [0x00000000e8000000, 0x0000000100000000, 0x0000000100000000)
 Metaspace       used 56503K, capacity 58334K, committed 58388K, reserved 1101824K
  class space    used 6557K, capacity 6952K, committed 6976K, reserved 1048576K
2020-05-19T14:30:43.830+0000: 14000.768: [GC (Allocation Failure) 2020-05-19T14:30:43.831+0000: 14000.768: [ParNew
Desired survivor size 20112992 bytes, new threshold 8 (max 8)
- age   1:    6897664 bytes,    6897664 total
- age   2:    4672720 bytes,   11570384 total
- age   3:    2982120 bytes,   14552504 total
- age   4:     528536 bytes,   15081040 total
- age   6:    3178984 bytes,   18260024 total
- age   7:     156320 bytes,   18416344 total
- age   8:    3110752 bytes,   21527096 total
: 109248K->21824K(109248K), 0.0128346 secs] 197262K->115622K(502464K), 0.0129245 secs] [Times: user=0.06 sys=0.00, real=0.01 secs] 
Heap after GC invocations=261 (full 15):
 par new generation   total 109248K, used 21824K [0x00000000e0000000, 0x00000000e8000000, 0x00000000e8000000)
  eden space 87424K,   0% used [0x00000000e0000000, 0x00000000e0000000, 0x00000000e5560000)
  from space 21824K, 100% used [0x00000000e6ab0000, 0x00000000e8000000, 0x00000000e8000000)
  to   space 21824K,   0% used [0x00000000e5560000, 0x00000000e5560000, 0x00000000e6ab0000)
 concurrent mark-sweep generation total 393216K, used 93798K [0x00000000e8000000, 0x0000000100000000, 0x0000000100000000)
 Metaspace       used 56503K, capacity 58334K, committed 58388K, reserved 1101824K
  class space    used 6557K, capacity 6952K, committed 6976K, reserved 1048576K
}
2020-05-19T14:30:43.843+0000: 14000.781: Total time for which application threads were stopped: 0.0131762 seconds, Stopping threads took: 0.0000564 seconds
2020-05-19T14:30:43.844+0000: 14000.781: Total time for which application threads were stopped: 0.0001992 seconds, Stopping threads took: 0.0000909 seconds
2020-05-19T14:30:43.844+0000: 14000.781: Total time for which application threads were stopped: 0.0001361 seconds, Stopping threads took: 0.0000692 seconds
{Heap before GC invocations=261 (full 15):
 par new generation   total 109248K, used 109248K [0x00000000e0000000, 0x00000000e8000000, 0x00000000e8000000)
  eden space 87424K, 100% used [0x00000000e0000000, 0x00000000e5560000, 0x00000000e5560000)
  from space 21824K, 100% used [0x00000000e6ab0000, 0x00000000e8000000, 0x00000000e8000000)
  to   space 21824K,   0% used [0x00000000e5560000, 0x00000000e5560000, 0x00000000e6ab0000)
 concurrent mark-sweep generation total 393216K, used 93798K [0x00000000e8000000, 0x0000000100000000, 0x0000000100000000)
 Metaspace       used 56503K, capacity 58334K, committed 58388K, reserved 1101824K
  class space    used 6557K, capacity 6952K, committed 6976K, reserved 1048576K
2020-05-19T14:30:43.928+0000: 14000.865: [GC (Allocation Failure) 2020-05-19T14:30:43.928+0000: 14000.866: [ParNew
Desired survivor size 20112992 bytes, new threshold 7 (max 8)
- age   1:    7263488 bytes,    7263488 total
- age   2:    2419640 bytes,    9683128 total
- age   3:    4606192 bytes,   14289320 total
- age   4:    2981784 bytes,   17271104 total
- age   5:     438984 bytes,   17710088 total
- age   7:    3178984 bytes,   20889072 total
- age   8:     156200 bytes,   21045272 total
: 109248K->21824K(109248K), 0.0154014 secs] 203046K->124121K(502464K), 0.0154709 secs] [Times: user=0.06 sys=0.00, real=0.02 secs] 
Heap after GC invocations=262 (full 15):
 par new generation   total 109248K, used 21824K [0x00000000e0000000, 0x00000000e8000000, 0x00000000e8000000)
  eden space 87424K,   0% used [0x00000000e0000000, 0x00000000e0000000, 0x00000000e5560000)
  from space 21824K, 100% used [0x00000000e5560000, 0x00000000e6ab0000, 0x00000000e6ab0000)
  to   space 21824K,   0% used [0x00000000e6ab0000, 0x00000000e6ab0000, 0x00000000e8000000)
 concurrent mark-sweep generation total 393216K, used 102297K [0x00000000e8000000, 0x0000000100000000, 0x0000000100000000)
 Metaspace       used 56503K, capacity 58334K, committed 58388K, reserved 1101824K
  class space    used 6557K, capacity 6952K, committed 6976K, reserved 1048576K
}
2020-05-19T14:30:43.944+0000: 14000.881: Total time for which application threads were stopped: 0.0157087 seconds, Stopping threads took: 0.0000632 seconds
2020-05-19T14:30:43.944+0000: 14000.881: Total time for which application threads were stopped: 0.0001596 seconds, Stopping threads took: 0.0000663 seconds
2020-05-19T14:30:43.944+0000: 14000.881: Total time for which application threads were stopped: 0.0000942 seconds, Stopping threads took: 0.0000517 seconds
2020-05-19T14:30:43.945+0000: 14000.882: Total time for which application threads were stopped: 0.0000840 seconds, Stopping threads took: 0.0000515 seconds
2020-05-19T14:30:43.945+0000: 14000.882: Total time for which application threads were stopped: 0.0000956 seconds, Stopping threads took: 0.0000369 seconds
2020-05-19T14:30:44.650+0000: 14001.587: Total time for which application threads were stopped: 0.0001748 seconds, Stopping threads took: 0.0000872 seconds
2020-05-19T14:30:44.650+0000: 14001.587: Total time for which application threads were stopped: 0.0001074 seconds, Stopping threads took: 0.0000529 seconds
2020-05-19T14:30:44.651+0000: 14001.588: Total time for which application threads were stopped: 0.0001041 seconds, Stopping threads took: 0.0000446 seconds
2020-05-19T14:30:44.651+0000: 14001.588: Total time for which application threads were stopped: 0.0000699 seconds, Stopping threads took: 0.0000255 seconds
2020-05-19T14:30:44.651+0000: 14001.588: Total time for which application threads were stopped: 0.0001559 seconds, Stopping threads took: 0.0000137 seconds
2020-05-19T14:30:45.651+0000: 14002.588: Total time for which application threads were stopped: 0.0001263 seconds, Stopping threads took: 0.0000540 seconds
2020-05-19T14:30:48.707+0000: 14005.643: Total time for which application threads were stopped: 0.0003036 seconds, Stopping threads took: 0.0002365 seconds
{Heap before GC invocations=262 (full 15):
 par new generation   total 109248K, used 109248K [0x00000000e0000000, 0x00000000e8000000, 0x00000000e8000000)
  eden space 87424K, 100% used [0x00000000e0000000, 0x00000000e5560000, 0x00000000e5560000)
  from space 21824K, 100% used [0x00000000e5560000, 0x00000000e6ab0000, 0x00000000e6ab0000)
  to   space 21824K,   0% used [0x00000000e6ab0000, 0x00000000e6ab0000, 0x00000000e8000000)
 concurrent mark-sweep generation total 393216K, used 102297K [0x00000000e8000000, 0x0000000100000000, 0x0000000100000000)
 Metaspace       used 56544K, capacity 58338K, committed 58388K, reserved 1101824K
  class space    used 6561K, capacity 6954K, committed 6976K, reserved 1048576K
2020-05-19T14:30:48.787+0000: 14005.725: [GC (Allocation Failure) 2020-05-19T14:30:48.787+0000: 14005.725: [ParNew
Desired survivor size 20112992 bytes, new threshold 5 (max 8)
- age   1:    7056496 bytes,    7056496 total
- age   2:    3747888 bytes,   10804384 total
- age   3:    2073616 bytes,   12878000 total
- age   4:    4606192 bytes,   17484192 total
- age   5:    2981480 bytes,   20465672 total
- age   6:     438416 bytes,   20904088 total
: 109248K->21824K(109248K), 0.0131964 secs] 211545K->128459K(502464K), 0.0133028 secs] [Times: user=0.06 sys=0.00, real=0.01 secs] 
Heap after GC invocations=263 (full 15):
 par new generation   total 109248K, used 21824K [0x00000000e0000000, 0x00000000e8000000, 0x00000000e8000000)
  eden space 87424K,   0% used [0x00000000e0000000, 0x00000000e0000000, 0x00000000e5560000)
  from space 21824K, 100% used [0x00000000e6ab0000, 0x00000000e8000000, 0x00000000e8000000)
  to   space 21824K,   0% used [0x00000000e5560000, 0x00000000e5560000, 0x00000000e6ab0000)
 concurrent mark-sweep generation total 393216K, used 106635K [0x00000000e8000000, 0x0000000100000000, 0x0000000100000000)
 Metaspace       used 56544K, capacity 58338K, committed 58388K, reserved 1101824K
  class space    used 6561K, capacity 6954K, committed 6976K, reserved 1048576K
}
2020-05-19T14:30:48.801+0000: 14005.738: Total time for which application threads were stopped: 0.0137395 seconds, Stopping threads took: 0.0000689 seconds
2020-05-19T14:30:48.801+0000: 14005.738: Total time for which application threads were stopped: 0.0002186 seconds, Stopping threads took: 0.0000509 seconds
2020-05-19T14:30:48.801+0000: 14005.739: Total time for which application threads were stopped: 0.0001602 seconds, Stopping threads took: 0.0000439 seconds
2020-05-19T14:30:48.824+0000: 14005.761: Total time for which application threads were stopped: 0.0002637 seconds, Stopping threads took: 0.0000730 seconds
2020-05-19T14:30:48.845+0000: 14005.783: Total time for which application threads were stopped: 0.0002434 seconds, Stopping threads took: 0.0000711 seconds
{Heap before GC invocations=263 (full 15):
 par new generation   total 109248K, used 109248K [0x00000000e0000000, 0x00000000e8000000, 0x00000000e8000000)
  eden space 87424K, 100% used [0x00000000e0000000, 0x00000000e5560000, 0x00000000e5560000)
  from space 21824K, 100% used [0x00000000e6ab0000, 0x00000000e8000000, 0x00000000e8000000)
  to   space 21824K,   0% used [0x00000000e5560000, 0x00000000e5560000, 0x00000000e6ab0000)
 concurrent mark-sweep generation total 393216K, used 106635K [0x00000000e8000000, 0x0000000100000000, 0x0000000100000000)
 Metaspace       used 56567K, capacity 58348K, committed 58644K, reserved 1101824K
  class space    used 6565K, capacity 6957K, committed 6976K, reserved 1048576K
2020-05-19T14:30:48.997+0000: 14005.934: [GC (Allocation Failure) 2020-05-19T14:30:48.997+0000: 14005.934: [ParNew
Desired survivor size 20112992 bytes, new threshold 5 (max 8)
- age   1:    7812800 bytes,    7812800 total
- age   2:    2151008 bytes,    9963808 total
- age   3:    3747040 bytes,   13710848 total
- age   4:    1990568 bytes,   15701416 total
- age   5:    4606192 bytes,   20307608 total
: 109248K->21824K(109248K), 0.0137369 secs] 215883K->136339K(502464K), 0.0138583 secs] [Times: user=0.06 sys=0.00, real=0.01 secs] 
Heap after GC invocations=264 (full 15):
 par new generation   total 109248K, used 21824K [0x00000000e0000000, 0x00000000e8000000, 0x00000000e8000000)
  eden space 87424K,   0% used [0x00000000e0000000, 0x00000000e0000000, 0x00000000e5560000)
  from space 21824K, 100% used [0x00000000e5560000, 0x00000000e6ab0000, 0x00000000e6ab0000)
  to   space 21824K,   0% used [0x00000000e6ab0000, 0x00000000e6ab0000, 0x00000000e8000000)
 concurrent mark-sweep generation total 393216K, used 114515K [0x00000000e8000000, 0x0000000100000000, 0x0000000100000000)
 Metaspace       used 56567K, capacity 58348K, committed 58644K, reserved 1101824K
  class space    used 6565K, capacity 6957K, committed 6976K, reserved 1048576K
}
2020-05-19T14:30:49.011+0000: 14005.948: Total time for which application threads were stopped: 0.0141978 seconds, Stopping threads took: 0.0000630 seconds
2020-05-19T14:30:49.011+0000: 14005.948: Total time for which application threads were stopped: 0.0001771 seconds, Stopping threads took: 0.0000428 seconds
2020-05-19T14:30:49.012+0000: 14005.948: Total time for which application threads were stopped: 0.0001208 seconds, Stopping threads took: 0.0000255 seconds
2020-05-19T14:30:49.012+0000: 14005.949: Total time for which application threads were stopped: 0.0001390 seconds, Stopping threads took: 0.0000474 seconds
2020-05-19T14:30:49.035+0000: 14005.972: Total time for which application threads were stopped: 0.0019121 seconds, Stopping threads took: 0.0017515 seconds
{Heap before GC invocations=264 (full 15):
 par new generation   total 109248K, used 109248K [0x00000000e0000000, 0x00000000e8000000, 0x00000000e8000000)
  eden space 87424K, 100% used [0x00000000e0000000, 0x00000000e5560000, 0x00000000e5560000)
  from space 21824K, 100% used [0x00000000e5560000, 0x00000000e6ab0000, 0x00000000e6ab0000)
  to   space 21824K,   0% used [0x00000000e6ab0000, 0x00000000e6ab0000, 0x00000000e8000000)
 concurrent mark-sweep generation total 393216K, used 114515K [0x00000000e8000000, 0x0000000100000000, 0x0000000100000000)
 Metaspace       used 56567K, capacity 58348K, committed 58644K, reserved 1101824K
  class space    used 6565K, capacity 6957K, committed 6976K, reserved 1048576K
2020-05-19T14:30:49.177+0000: 14006.114: [GC (Allocation Failure) 2020-05-19T14:30:49.177+0000: 14006.114: [ParNew
Desired survivor size 20112992 bytes, new threshold 8 (max 8)
- age   1:    7463920 bytes,    7463920 total
- age   2:    3956312 bytes,   11420232 total
- age   3:    2146184 bytes,   13566416 total
- age   4:    3747040 bytes,   17313456 total
- age   5:    1990424 bytes,   19303880 total
: 109248K->21824K(109248K), 0.0132401 secs] 223763K->141933K(502464K), 0.0133239 secs] [Times: user=0.06 sys=0.00, real=0.01 secs] 
Heap after GC invocations=265 (full 15):
 par new generation   total 109248K, used 21824K [0x00000000e0000000, 0x00000000e8000000, 0x00000000e8000000)
  eden space 87424K,   0% used [0x00000000e0000000, 0x00000000e0000000, 0x00000000e5560000)
  from space 21824K, 100% used [0x00000000e6ab0000, 0x00000000e8000000, 0x00000000e8000000)
  to   space 21824K,   0% used [0x00000000e5560000, 0x00000000e5560000, 0x00000000e6ab0000)
 concurrent mark-sweep generation total 393216K, used 120109K [0x00000000e8000000, 0x0000000100000000, 0x0000000100000000)
 Metaspace       used 56567K, capacity 58348K, committed 58644K, reserved 1101824K
  class space    used 6565K, capacity 6957K, committed 6976K, reserved 1048576K
}
2020-05-19T14:30:49.190+0000: 14006.128: Total time for which application threads were stopped: 0.0135945 seconds, Stopping threads took: 0.0000610 seconds
2020-05-19T14:30:49.191+0000: 14006.128: Total time for which application threads were stopped: 0.0001835 seconds, Stopping threads took: 0.0000810 seconds
2020-05-19T14:30:49.191+0000: 14006.128: Total time for which application threads were stopped: 0.0001127 seconds, Stopping threads took: 0.0000405 seconds
2020-05-19T14:30:50.192+0000: 14007.128: Total time for which application threads were stopped: 0.0001563 seconds, Stopping threads took: 0.0000523 seconds
2020-05-19T14:30:50.196+0000: 14007.133: Total time for which application threads were stopped: 0.0001604 seconds, Stopping threads took: 0.0000841 seconds
2020-05-19T14:30:50.197+0000: 14007.134: Total time for which application threads were stopped: 0.0001179 seconds, Stopping threads took: 0.0000468 seconds
2020-05-19T14:30:50.197+0000: 14007.134: Total time for which application threads were stopped: 0.0001049 seconds, Stopping threads took: 0.0000390 seconds
2020-05-19T14:31:03.748+0000: 14020.685: Total time for which application threads were stopped: 0.0000893 seconds, Stopping threads took: 0.0000240 seconds
2020-05-19T14:31:47.235+0000: 14064.172: Total time for which application threads were stopped: 0.0001625 seconds, Stopping threads took: 0.0000819 seconds
2020-05-19T14:31:47.236+0000: 14064.172: Total time for which application threads were stopped: 0.0001618 seconds, Stopping threads took: 0.0000650 seconds
2020-05-19T14:31:48.236+0000: 14065.173: Total time for which application threads were stopped: 0.0003693 seconds, Stopping threads took: 0.0001667 seconds
2020-05-19T14:33:47.295+0000: 14184.231: Total time for which application threads were stopped: 0.0001598 seconds, Stopping threads took: 0.0000596 seconds
2020-05-19T14:36:46.378+0000: 14363.314: Total time for which application threads were stopped: 0.0001964 seconds, Stopping threads took: 0.0000716 seconds
2020-05-19T14:37:19.393+0000: 14396.330: Total time for which application threads were stopped: 0.0001577 seconds, Stopping threads took: 0.0000417 seconds
2020-05-19T14:37:46.406+0000: 14423.343: Total time for which application threads were stopped: 0.0001704 seconds, Stopping threads took: 0.0000587 seconds
2020-05-19T14:39:57.051+0000: 14553.988: Total time for which application threads were stopped: 0.0003771 seconds, Stopping threads took: 0.0002550 seconds
2020-05-19T14:39:57.067+0000: 14554.004: Total time for which application threads were stopped: 0.0001817 seconds, Stopping threads took: 0.0001021 seconds
2020-05-19T14:39:57.068+0000: 14554.005: Total time for which application threads were stopped: 0.0001344 seconds, Stopping threads took: 0.0000454 seconds
2020-05-19T14:39:57.141+0000: 14554.078: Total time for which application threads were stopped: 0.0001930 seconds, Stopping threads took: 0.0000826 seconds
{Heap before GC invocations=265 (full 15):
 par new generation   total 109248K, used 109248K [0x00000000e0000000, 0x00000000e8000000, 0x00000000e8000000)
  eden space 87424K, 100% used [0x00000000e0000000, 0x00000000e5560000, 0x00000000e5560000)
  from space 21824K, 100% used [0x00000000e6ab0000, 0x00000000e8000000, 0x00000000e8000000)
  to   space 21824K,   0% used [0x00000000e5560000, 0x00000000e5560000, 0x00000000e6ab0000)
 concurrent mark-sweep generation total 393216K, used 120109K [0x00000000e8000000, 0x0000000100000000, 0x0000000100000000)
 Metaspace       used 56582K, capacity 58348K, committed 58644K, reserved 1101824K
  class space    used 6565K, capacity 6957K, committed 6976K, reserved 1048576K
2020-05-19T14:39:57.196+0000: 14554.133: [GC (Allocation Failure) 2020-05-19T14:39:57.196+0000: 14554.133: [ParNew
Desired survivor size 20112992 bytes, new threshold 6 (max 8)
- age   1:    6219520 bytes,    6219520 total
- age   2:    4228584 bytes,   10448104 total
- age   3:    3464128 bytes,   13912232 total
- age   4:    2042280 bytes,   15954512 total
- age   5:    3747040 bytes,   19701552 total
- age   6:    1989560 bytes,   21691112 total
: 109248K->21824K(109248K), 0.0134994 secs] 229357K->144922K(502464K), 0.0135991 secs] [Times: user=0.00 sys=0.00, real=0.01 secs] 
Heap after GC invocations=266 (full 15):
 par new generation   total 109248K, used 21824K [0x00000000e0000000, 0x00000000e8000000, 0x00000000e8000000)
  eden space 87424K,   0% used [0x00000000e0000000, 0x00000000e0000000, 0x00000000e5560000)
  from space 21824K, 100% used [0x00000000e5560000, 0x00000000e6ab0000, 0x00000000e6ab0000)
  to   space 21824K,   0% used [0x00000000e6ab0000, 0x00000000e6ab0000, 0x00000000e8000000)
 concurrent mark-sweep generation total 393216K, used 123098K [0x00000000e8000000, 0x0000000100000000, 0x0000000100000000)
 Metaspace       used 56582K, capacity 58348K, committed 58644K, reserved 1101824K
  class space    used 6565K, capacity 6957K, committed 6976K, reserved 1048576K
}
2020-05-19T14:39:57.210+0000: 14554.146: Total time for which application threads were stopped: 0.0144279 seconds, Stopping threads took: 0.0005092 seconds
2020-05-19T14:39:57.210+0000: 14554.147: Total time for which application threads were stopped: 0.0005254 seconds, Stopping threads took: 0.0003430 seconds
2020-05-19T14:39:57.211+0000: 14554.148: Total time for which application threads were stopped: 0.0003718 seconds, Stopping threads took: 0.0002260 seconds
{Heap before GC invocations=266 (full 15):
 par new generation   total 109248K, used 109248K [0x00000000e0000000, 0x00000000e8000000, 0x00000000e8000000)
  eden space 87424K, 100% used [0x00000000e0000000, 0x00000000e5560000, 0x00000000e5560000)
  from space 21824K, 100% used [0x00000000e5560000, 0x00000000e6ab0000, 0x00000000e6ab0000)
  to   space 21824K,   0% used [0x00000000e6ab0000, 0x00000000e6ab0000, 0x00000000e8000000)
 concurrent mark-sweep generation total 393216K, used 123098K [0x00000000e8000000, 0x0000000100000000, 0x0000000100000000)
 Metaspace       used 56582K, capacity 58348K, committed 58644K, reserved 1101824K
  class space    used 6565K, capacity 6957K, committed 6976K, reserved 1048576K
2020-05-19T14:39:57.310+0000: 14554.247: [GC (Allocation Failure) 2020-05-19T14:39:57.310+0000: 14554.247: [ParNew
Desired survivor size 20112992 bytes, new threshold 6 (max 8)
- age   1:    6279104 bytes,    6279104 total
- age   2:    2857288 bytes,    9136392 total
- age   3:    4090504 bytes,   13226896 total
- age   4:    3453152 bytes,   16680048 total
- age   5:    1907056 bytes,   18587104 total
- age   6:    3747080 bytes,   22334184 total
: 109248K->21824K(109248K), 0.0160143 secs] 232346K->151649K(502464K), 0.0160832 secs] [Times: user=0.06 sys=0.00, real=0.02 secs] 
Heap after GC invocations=267 (full 15):
 par new generation   total 109248K, used 21824K [0x00000000e0000000, 0x00000000e8000000, 0x00000000e8000000)
  eden space 87424K,   0% used [0x00000000e0000000, 0x00000000e0000000, 0x00000000e5560000)
  from space 21824K, 100% used [0x00000000e6ab0000, 0x00000000e8000000, 0x00000000e8000000)
  to   space 21824K,   0% used [0x00000000e5560000, 0x00000000e5560000, 0x00000000e6ab0000)
 concurrent mark-sweep generation total 393216K, used 129825K [0x00000000e8000000, 0x0000000100000000, 0x0000000100000000)
 Metaspace       used 56582K, capacity 58348K, committed 58644K, reserved 1101824K
  class space    used 6565K, capacity 6957K, committed 6976K, reserved 1048576K
}
2020-05-19T14:39:57.326+0000: 14554.263: Total time for which application threads were stopped: 0.0163234 seconds, Stopping threads took: 0.0000504 seconds
2020-05-19T14:39:57.326+0000: 14554.263: Total time for which application threads were stopped: 0.0001622 seconds, Stopping threads took: 0.0000679 seconds
2020-05-19T14:39:57.326+0000: 14554.264: Total time for which application threads were stopped: 0.0002119 seconds, Stopping threads took: 0.0000353 seconds
2020-05-19T14:39:57.326+0000: 14554.264: Total time for which application threads were stopped: 0.0001937 seconds, Stopping threads took: 0.0000546 seconds
2020-05-19T14:39:57.855+0000: 14554.791: Total time for which application threads were stopped: 0.0001839 seconds, Stopping threads took: 0.0001176 seconds
2020-05-19T14:39:57.855+0000: 14554.792: Total time for which application threads were stopped: 0.0000521 seconds, Stopping threads took: 0.0000137 seconds
2020-05-19T14:39:57.855+0000: 14554.792: Total time for which application threads were stopped: 0.0001322 seconds, Stopping threads took: 0.0000560 seconds
2020-05-19T14:39:57.856+0000: 14554.793: Total time for which application threads were stopped: 0.0001803 seconds, Stopping threads took: 0.0001057 seconds
2020-05-19T14:39:57.856+0000: 14554.793: Total time for which application threads were stopped: 0.0000852 seconds, Stopping threads took: 0.0000373 seconds
2020-05-19T14:39:57.856+0000: 14554.793: Total time for which application threads were stopped: 0.0000472 seconds, Stopping threads took: 0.0000133 seconds
2020-05-19T14:39:57.856+0000: 14554.793: Total time for which application threads were stopped: 0.0000418 seconds, Stopping threads took: 0.0000096 seconds
2020-05-19T14:39:58.857+0000: 14555.793: Total time for which application threads were stopped: 0.0001099 seconds, Stopping threads took: 0.0000441 seconds
2020-05-19T14:39:59.268+0000: 14556.205: Total time for which application threads were stopped: 0.0003255 seconds, Stopping threads took: 0.0001924 seconds
{Heap before GC invocations=267 (full 15):
 par new generation   total 109248K, used 109248K [0x00000000e0000000, 0x00000000e8000000, 0x00000000e8000000)
  eden space 87424K, 100% used [0x00000000e0000000, 0x00000000e5560000, 0x00000000e5560000)
  from space 21824K, 100% used [0x00000000e6ab0000, 0x00000000e8000000, 0x00000000e8000000)
  to   space 21824K,   0% used [0x00000000e5560000, 0x00000000e5560000, 0x00000000e6ab0000)
 concurrent mark-sweep generation total 393216K, used 129825K [0x00000000e8000000, 0x0000000100000000, 0x0000000100000000)
 Metaspace       used 56596K, capacity 58348K, committed 58644K, reserved 1101824K
  class space    used 6565K, capacity 6957K, committed 6976K, reserved 1048576K
2020-05-19T14:39:59.346+0000: 14556.284: [GC (Allocation Failure) 2020-05-19T14:39:59.346+0000: 14556.284: [ParNew
Desired survivor size 20112992 bytes, new threshold 8 (max 8)
- age   1:    2776688 bytes,    2776688 total
- age   2:    3169864 bytes,    5946552 total
- age   3:    2394656 bytes,    8341208 total
- age   4:    4078312 bytes,   12419520 total
- age   5:    2903328 bytes,   15322848 total
- age   6:    1889112 bytes,   17211960 total
: 109248K->21824K(109248K), 0.0129686 secs] 239073K->157457K(502464K), 0.0130690 secs] [Times: user=0.06 sys=0.00, real=0.01 secs] 
Heap after GC invocations=268 (full 15):
 par new generation   total 109248K, used 21824K [0x00000000e0000000, 0x00000000e8000000, 0x00000000e8000000)
  eden space 87424K,   0% used [0x00000000e0000000, 0x00000000e0000000, 0x00000000e5560000)
  from space 21824K, 100% used [0x00000000e5560000, 0x00000000e6ab0000, 0x00000000e6ab0000)
  to   space 21824K,   0% used [0x00000000e6ab0000, 0x00000000e6ab0000, 0x00000000e8000000)
 concurrent mark-sweep generation total 393216K, used 135633K [0x00000000e8000000, 0x0000000100000000, 0x0000000100000000)
 Metaspace       used 56596K, capacity 58348K, committed 58644K, reserved 1101824K
  class space    used 6565K, capacity 6957K, committed 6976K, reserved 1048576K
}
2020-05-19T14:39:59.359+0000: 14556.297: Total time for which application threads were stopped: 0.0144611 seconds, Stopping threads took: 0.0010803 seconds
2020-05-19T14:39:59.360+0000: 14556.297: Total time for which application threads were stopped: 0.0002192 seconds, Stopping threads took: 0.0000647 seconds
2020-05-19T14:39:59.397+0000: 14556.334: Total time for which application threads were stopped: 0.0001310 seconds, Stopping threads took: 0.0000502 seconds
{Heap before GC invocations=268 (full 15):
 par new generation   total 109248K, used 109248K [0x00000000e0000000, 0x00000000e8000000, 0x00000000e8000000)
  eden space 87424K, 100% used [0x00000000e0000000, 0x00000000e5560000, 0x00000000e5560000)
  from space 21824K, 100% used [0x00000000e5560000, 0x00000000e6ab0000, 0x00000000e6ab0000)
  to   space 21824K,   0% used [0x00000000e6ab0000, 0x00000000e6ab0000, 0x00000000e8000000)
 concurrent mark-sweep generation total 393216K, used 135633K [0x00000000e8000000, 0x0000000100000000, 0x0000000100000000)
 Metaspace       used 56596K, capacity 58412K, committed 58644K, reserved 1101824K
  class space    used 6565K, capacity 6957K, committed 6976K, reserved 1048576K
2020-05-19T14:39:59.464+0000: 14556.401: [GC (Allocation Failure) 2020-05-19T14:39:59.464+0000: 14556.401: [ParNew
Desired survivor size 20112992 bytes, new threshold 6 (max 8)
- age   1:    6175024 bytes,    6175024 total
- age   2:    1733712 bytes,    7908736 total
- age   3:    3165344 bytes,   11074080 total
- age   4:    2392760 bytes,   13466840 total
- age   5:    4078272 bytes,   17545112 total
- age   6:    2903328 bytes,   20448440 total
- age   7:    1889112 bytes,   22337552 total
: 109248K->21824K(109248K), 0.0149414 secs] 244881K->163498K(502464K), 0.0150162 secs] [Times: user=0.03 sys=0.00, real=0.02 secs] 
Heap after GC invocations=269 (full 15):
 par new generation   total 109248K, used 21824K [0x00000000e0000000, 0x00000000e8000000, 0x00000000e8000000)
  eden space 87424K,   0% used [0x00000000e0000000, 0x00000000e0000000, 0x00000000e5560000)
  from space 21824K, 100% used [0x00000000e6ab0000, 0x00000000e8000000, 0x00000000e8000000)
  to   space 21824K,   0% used [0x00000000e5560000, 0x00000000e5560000, 0x00000000e6ab0000)
 concurrent mark-sweep generation total 393216K, used 141674K [0x00000000e8000000, 0x0000000100000000, 0x0000000100000000)
 Metaspace       used 56596K, capacity 58412K, committed 58644K, reserved 1101824K
  class space    used 6565K, capacity 6957K, committed 6976K, reserved 1048576K
}
2020-05-19T14:39:59.479+0000: 14556.416: Total time for which application threads were stopped: 0.0153288 seconds, Stopping threads took: 0.0000579 seconds
2020-05-19T14:39:59.480+0000: 14556.417: Total time for which application threads were stopped: 0.0001596 seconds, Stopping threads took: 0.0000580 seconds
2020-05-19T14:39:59.480+0000: 14556.417: Total time for which application threads were stopped: 0.0001149 seconds, Stopping threads took: 0.0000420 seconds
2020-05-19T14:39:59.480+0000: 14556.417: Total time for which application threads were stopped: 0.0001137 seconds, Stopping threads took: 0.0000528 seconds
{Heap before GC invocations=269 (full 15):
 par new generation   total 109248K, used 109248K [0x00000000e0000000, 0x00000000e8000000, 0x00000000e8000000)
  eden space 87424K, 100% used [0x00000000e0000000, 0x00000000e5560000, 0x00000000e5560000)
  from space 21824K, 100% used [0x00000000e6ab0000, 0x00000000e8000000, 0x00000000e8000000)
  to   space 21824K,   0% used [0x00000000e5560000, 0x00000000e5560000, 0x00000000e6ab0000)
 concurrent mark-sweep generation total 393216K, used 141674K [0x00000000e8000000, 0x0000000100000000, 0x0000000100000000)
 Metaspace       used 56596K, capacity 58412K, committed 58644K, reserved 1101824K
  class space    used 6565K, capacity 6957K, committed 6976K, reserved 1048576K
2020-05-19T14:39:59.566+0000: 14556.503: [GC (Allocation Failure) 2020-05-19T14:39:59.566+0000: 14556.503: [ParNew
Desired survivor size 20112992 bytes, new threshold 8 (max 8)
- age   1:    4975440 bytes,    4975440 total
- age   2:    3335432 bytes,    8310872 total
- age   3:    1733672 bytes,   10044544 total
- age   4:    3165344 bytes,   13209888 total
- age   5:    2392760 bytes,   15602648 total
- age   6:    4078272 bytes,   19680920 total
: 109248K->21824K(109248K), 0.0135729 secs] 250922K->169251K(502464K), 0.0136338 secs] [Times: user=0.06 sys=0.00, real=0.01 secs] 
Heap after GC invocations=270 (full 15):
 par new generation   total 109248K, used 21824K [0x00000000e0000000, 0x00000000e8000000, 0x00000000e8000000)
  eden space 87424K,   0% used [0x00000000e0000000, 0x00000000e0000000, 0x00000000e5560000)
  from space 21824K, 100% used [0x00000000e5560000, 0x00000000e6ab0000, 0x00000000e6ab0000)
  to   space 21824K,   0% used [0x00000000e6ab0000, 0x00000000e6ab0000, 0x00000000e8000000)
 concurrent mark-sweep generation total 393216K, used 147427K [0x00000000e8000000, 0x0000000100000000, 0x0000000100000000)
 Metaspace       used 56596K, capacity 58412K, committed 58644K, reserved 1101824K
  class space    used 6565K, capacity 6957K, committed 6976K, reserved 1048576K
}
2020-05-19T14:39:59.580+0000: 14556.517: Total time for which application threads were stopped: 0.0139079 seconds, Stopping threads took: 0.0000925 seconds
2020-05-19T14:39:59.580+0000: 14556.517: Total time for which application threads were stopped: 0.0001457 seconds, Stopping threads took: 0.0000553 seconds
2020-05-19T14:39:59.581+0000: 14556.517: Total time for which application threads were stopped: 0.0001143 seconds, Stopping threads took: 0.0000484 seconds
2020-05-19T14:40:00.362+0000: 14557.299: Total time for which application threads were stopped: 0.0003030 seconds, Stopping threads took: 0.0001800 seconds
2020-05-19T14:40:00.529+0000: 14557.465: Total time for which application threads were stopped: 0.0001515 seconds, Stopping threads took: 0.0000786 seconds
2020-05-19T14:40:00.529+0000: 14557.465: Total time for which application threads were stopped: 0.0001017 seconds, Stopping threads took: 0.0000520 seconds
2020-05-19T14:40:00.529+0000: 14557.466: Total time for which application threads were stopped: 0.0001435 seconds, Stopping threads took: 0.0000375 seconds
2020-05-19T14:40:00.531+0000: 14557.467: Total time for which application threads were stopped: 0.0001422 seconds, Stopping threads took: 0.0000479 seconds
2020-05-19T14:40:00.531+0000: 14557.467: Total time for which application threads were stopped: 0.0001086 seconds, Stopping threads took: 0.0000454 seconds
2020-05-19T14:40:00.531+0000: 14557.467: Total time for which application threads were stopped: 0.0000806 seconds, Stopping threads took: 0.0000356 seconds
2020-05-19T14:40:00.531+0000: 14557.468: Total time for which application threads were stopped: 0.0000875 seconds, Stopping threads took: 0.0000411 seconds
2020-05-19T14:40:00.531+0000: 14557.468: Total time for which application threads were stopped: 0.0000900 seconds, Stopping threads took: 0.0000457 seconds
2020-05-19T14:40:04.132+0000: 14561.069: Total time for which application threads were stopped: 0.0002523 seconds, Stopping threads took: 0.0000648 seconds
2020-05-19T14:40:04.143+0000: 14561.080: Total time for which application threads were stopped: 0.0001794 seconds, Stopping threads took: 0.0000966 seconds
2020-05-19T14:40:04.144+0000: 14561.081: Total time for which application threads were stopped: 0.0001443 seconds, Stopping threads took: 0.0000520 seconds
2020-05-19T14:40:04.203+0000: 14561.140: Total time for which application threads were stopped: 0.0001431 seconds, Stopping threads took: 0.0000559 seconds
{Heap before GC invocations=270 (full 15):
 par new generation   total 109248K, used 109248K [0x00000000e0000000, 0x00000000e8000000, 0x00000000e8000000)
  eden space 87424K, 100% used [0x00000000e0000000, 0x00000000e5560000, 0x00000000e5560000)
  from space 21824K, 100% used [0x00000000e5560000, 0x00000000e6ab0000, 0x00000000e6ab0000)
  to   space 21824K,   0% used [0x00000000e6ab0000, 0x00000000e6ab0000, 0x00000000e8000000)
 concurrent mark-sweep generation total 393216K, used 147427K [0x00000000e8000000, 0x0000000100000000, 0x0000000100000000)
 Metaspace       used 56625K, capacity 58412K, committed 58644K, reserved 1101824K
  class space    used 6565K, capacity 6957K, committed 6976K, reserved 1048576K
2020-05-19T14:40:04.217+0000: 14561.154: [GC (Allocation Failure) 2020-05-19T14:40:04.217+0000: 14561.154: [ParNew
Desired survivor size 20112992 bytes, new threshold 7 (max 8)
- age   1:    4763448 bytes,    4763448 total
- age   2:    3476448 bytes,    8239896 total
- age   3:    2839648 bytes,   11079544 total
- age   4:    1630016 bytes,   12709560 total
- age   5:    3165344 bytes,   15874904 total
- age   6:    2387960 bytes,   18262864 total
- age   7:    4078272 bytes,   22341136 total
: 109248K->21824K(109248K), 0.0144818 secs] 256675K->173243K(502464K), 0.0145802 secs] [Times: user=0.01 sys=0.00, real=0.02 secs] 
Heap after GC invocations=271 (full 15):
 par new generation   total 109248K, used 21824K [0x00000000e0000000, 0x00000000e8000000, 0x00000000e8000000)
  eden space 87424K,   0% used [0x00000000e0000000, 0x00000000e0000000, 0x00000000e5560000)
  from space 21824K, 100% used [0x00000000e6ab0000, 0x00000000e8000000, 0x00000000e8000000)
  to   space 21824K,   0% used [0x00000000e5560000, 0x00000000e5560000, 0x00000000e6ab0000)
 concurrent mark-sweep generation total 393216K, used 151419K [0x00000000e8000000, 0x0000000100000000, 0x0000000100000000)
 Metaspace       used 56625K, capacity 58412K, committed 58644K, reserved 1101824K
  class space    used 6565K, capacity 6957K, committed 6976K, reserved 1048576K
}
2020-05-19T14:40:04.232+0000: 14561.168: Total time for which application threads were stopped: 0.0148468 seconds, Stopping threads took: 0.0000556 seconds
2020-05-19T14:40:04.234+0000: 14561.171: Total time for which application threads were stopped: 0.0002245 seconds, Stopping threads took: 0.0000639 seconds
2020-05-19T14:40:04.234+0000: 14561.171: Total time for which application threads were stopped: 0.0001742 seconds, Stopping threads took: 0.0000502 seconds
{Heap before GC invocations=271 (full 15):
 par new generation   total 109248K, used 109248K [0x00000000e0000000, 0x00000000e8000000, 0x00000000e8000000)
  eden space 87424K, 100% used [0x00000000e0000000, 0x00000000e5560000, 0x00000000e5560000)
  from space 21824K, 100% used [0x00000000e6ab0000, 0x00000000e8000000, 0x00000000e8000000)
  to   space 21824K,   0% used [0x00000000e5560000, 0x00000000e5560000, 0x00000000e6ab0000)
 concurrent mark-sweep generation total 393216K, used 151419K [0x00000000e8000000, 0x0000000100000000, 0x0000000100000000)
 Metaspace       used 56625K, capacity 58412K, committed 58644K, reserved 1101824K
  class space    used 6565K, capacity 6957K, committed 6976K, reserved 1048576K
2020-05-19T14:40:04.327+0000: 14561.264: [GC (Allocation Failure) 2020-05-19T14:40:04.327+0000: 14561.264: [ParNew
Desired survivor size 20112992 bytes, new threshold 7 (max 8)
- age   1:    4681688 bytes,    4681688 total
- age   2:    2599792 bytes,    7281480 total
- age   3:    3475024 bytes,   10756504 total
- age   4:    2796280 bytes,   13552784 total
- age   5:    1572512 bytes,   15125296 total
- age   6:    3165200 bytes,   18290496 total
- age   7:    2329272 bytes,   20619768 total
: 109248K->21824K(109248K), 0.0160551 secs] 260667K->183551K(502464K), 0.0161139 secs] [Times: user=0.06 sys=0.00, real=0.02 secs] 
Heap after GC invocations=272 (full 15):
 par new generation   total 109248K, used 21824K [0x00000000e0000000, 0x00000000e8000000, 0x00000000e8000000)
  eden space 87424K,   0% used [0x00000000e0000000, 0x00000000e0000000, 0x00000000e5560000)
  from space 21824K, 100% used [0x00000000e5560000, 0x00000000e6ab0000, 0x00000000e6ab0000)
  to   space 21824K,   0% used [0x00000000e6ab0000, 0x00000000e6ab0000, 0x00000000e8000000)
 concurrent mark-sweep generation total 393216K, used 161727K [0x00000000e8000000, 0x0000000100000000, 0x0000000100000000)
 Metaspace       used 56625K, capacity 58412K, committed 58644K, reserved 1101824K
  class space    used 6565K, capacity 6957K, committed 6976K, reserved 1048576K
}
2020-05-19T14:40:04.343+0000: 14561.280: Total time for which application threads were stopped: 0.0163455 seconds, Stopping threads took: 0.0000563 seconds
2020-05-19T14:40:04.343+0000: 14561.280: Total time for which application threads were stopped: 0.0001628 seconds, Stopping threads took: 0.0000642 seconds
2020-05-19T14:40:04.343+0000: 14561.281: Total time for which application threads were stopped: 0.0001130 seconds, Stopping threads took: 0.0000424 seconds
2020-05-19T14:40:05.292+0000: 14562.228: Total time for which application threads were stopped: 0.0001930 seconds, Stopping threads took: 0.0001102 seconds
2020-05-19T14:40:05.292+0000: 14562.228: Total time for which application threads were stopped: 0.0001033 seconds, Stopping threads took: 0.0000468 seconds
2020-05-19T14:40:05.292+0000: 14562.229: Total time for which application threads were stopped: 0.0001403 seconds, Stopping threads took: 0.0000556 seconds
2020-05-19T14:40:05.293+0000: 14562.230: Total time for which application threads were stopped: 0.0001311 seconds, Stopping threads took: 0.0000632 seconds
2020-05-19T14:40:05.293+0000: 14562.230: Total time for which application threads were stopped: 0.0000949 seconds, Stopping threads took: 0.0000448 seconds
2020-05-19T14:40:05.294+0000: 14562.230: Total time for which application threads were stopped: 0.0000787 seconds, Stopping threads took: 0.0000408 seconds
2020-05-19T14:40:05.294+0000: 14562.231: Total time for which application threads were stopped: 0.0000711 seconds, Stopping threads took: 0.0000377 seconds
2020-05-19T14:40:10.127+0000: 14567.064: Total time for which application threads were stopped: 0.0003460 seconds, Stopping threads took: 0.0001529 seconds
2020-05-19T14:40:10.136+0000: 14567.073: Total time for which application threads were stopped: 0.0001136 seconds, Stopping threads took: 0.0000460 seconds
2020-05-19T14:40:10.137+0000: 14567.074: Total time for which application threads were stopped: 0.0001029 seconds, Stopping threads took: 0.0000394 seconds
{Heap before GC invocations=272 (full 15):
 par new generation   total 109248K, used 109248K [0x00000000e0000000, 0x00000000e8000000, 0x00000000e8000000)
  eden space 87424K, 100% used [0x00000000e0000000, 0x00000000e5560000, 0x00000000e5560000)
  from space 21824K, 100% used [0x00000000e5560000, 0x00000000e6ab0000, 0x00000000e6ab0000)
  to   space 21824K,   0% used [0x00000000e6ab0000, 0x00000000e6ab0000, 0x00000000e8000000)
 concurrent mark-sweep generation total 393216K, used 161727K [0x00000000e8000000, 0x0000000100000000, 0x0000000100000000)
 Metaspace       used 56633K, capacity 58412K, committed 58644K, reserved 1101824K
  class space    used 6565K, capacity 6957K, committed 6976K, reserved 1048576K
2020-05-19T14:40:10.143+0000: 14567.080: [GC (Allocation Failure) 2020-05-19T14:40:10.143+0000: 14567.080: [ParNew
Desired survivor size 20112992 bytes, new threshold 8 (max 8)
- age   1:    3272264 bytes,    3272264 total
- age   2:    2720576 bytes,    5992840 total
- age   3:    2207848 bytes,    8200688 total
- age   4:    3475024 bytes,   11675712 total
- age   5:    2796280 bytes,   14471992 total
- age   6:    1572256 bytes,   16044248 total
- age   7:    3165200 bytes,   19209448 total
: 109248K->21824K(109248K), 0.0109775 secs] 270975K->186252K(502464K), 0.0111688 secs] [Times: user=0.06 sys=0.00, real=0.01 secs] 
Heap after GC invocations=273 (full 15):
 par new generation   total 109248K, used 21824K [0x00000000e0000000, 0x00000000e8000000, 0x00000000e8000000)
  eden space 87424K,   0% used [0x00000000e0000000, 0x00000000e0000000, 0x00000000e5560000)
  from space 21824K, 100% used [0x00000000e6ab0000, 0x00000000e8000000, 0x00000000e8000000)
  to   space 21824K,   0% used [0x00000000e5560000, 0x00000000e5560000, 0x00000000e6ab0000)
 concurrent mark-sweep generation total 393216K, used 164428K [0x00000000e8000000, 0x0000000100000000, 0x0000000100000000)
 Metaspace       used 56633K, capacity 58412K, committed 58644K, reserved 1101824K
  class space    used 6565K, capacity 6957K, committed 6976K, reserved 1048576K
}
2020-05-19T14:40:10.154+0000: 14567.091: Total time for which application threads were stopped: 0.0114039 seconds, Stopping threads took: 0.0000603 seconds
2020-05-19T14:40:10.155+0000: 14567.092: Total time for which application threads were stopped: 0.0005023 seconds, Stopping threads took: 0.0002770 seconds
2020-05-19T14:40:10.221+0000: 14567.158: Total time for which application threads were stopped: 0.0001428 seconds, Stopping threads took: 0.0000453 seconds
{Heap before GC invocations=273 (full 15):
 par new generation   total 109248K, used 109248K [0x00000000e0000000, 0x00000000e8000000, 0x00000000e8000000)
  eden space 87424K, 100% used [0x00000000e0000000, 0x00000000e5560000, 0x00000000e5560000)
  from space 21824K, 100% used [0x00000000e6ab0000, 0x00000000e8000000, 0x00000000e8000000)
  to   space 21824K,   0% used [0x00000000e5560000, 0x00000000e5560000, 0x00000000e6ab0000)
 concurrent mark-sweep generation total 393216K, used 164428K [0x00000000e8000000, 0x0000000100000000, 0x0000000100000000)
 Metaspace       used 56638K, capacity 58412K, committed 58644K, reserved 1101824K
  class space    used 6565K, capacity 6957K, committed 6976K, reserved 1048576K
2020-05-19T14:40:10.285+0000: 14567.221: [GC (Allocation Failure) 2020-05-19T14:40:10.285+0000: 14567.222: [ParNew
Desired survivor size 20112992 bytes, new threshold 8 (max 8)
- age   1:    3796704 bytes,    3796704 total
- age   2:    2647960 bytes,    6444664 total
- age   3:    2719296 bytes,    9163960 total
- age   4:    2205360 bytes,   11369320 total
- age   5:    3475024 bytes,   14844344 total
- age   6:    2794672 bytes,   17639016 total
- age   7:    1571296 bytes,   19210312 total
- age   8:    3132304 bytes,   22342616 total
: 109248K->21824K(109248K), 0.0173158 secs] 273676K->195205K(502464K), 0.0174478 secs] [Times: user=0.06 sys=0.00, real=0.02 secs] 
Heap after GC invocations=274 (full 15):
 par new generation   total 109248K, used 21824K [0x00000000e0000000, 0x00000000e8000000, 0x00000000e8000000)
  eden space 87424K,   0% used [0x00000000e0000000, 0x00000000e0000000, 0x00000000e5560000)
  from space 21824K, 100% used [0x00000000e5560000, 0x00000000e6ab0000, 0x00000000e6ab0000)
  to   space 21824K,   0% used [0x00000000e6ab0000, 0x00000000e6ab0000, 0x00000000e8000000)
 concurrent mark-sweep generation total 393216K, used 173381K [0x00000000e8000000, 0x0000000100000000, 0x0000000100000000)
 Metaspace       used 56638K, capacity 58412K, committed 58644K, reserved 1101824K
  class space    used 6565K, capacity 6957K, committed 6976K, reserved 1048576K
}
2020-05-19T14:40:10.302+0000: 14567.239: Total time for which application threads were stopped: 0.0178273 seconds, Stopping threads took: 0.0000748 seconds
2020-05-19T14:40:10.303+0000: 14567.239: Total time for which application threads were stopped: 0.0002082 seconds, Stopping threads took: 0.0000689 seconds
2020-05-19T14:40:10.303+0000: 14567.240: Total time for which application threads were stopped: 0.0001614 seconds, Stopping threads took: 0.0000549 seconds
2020-05-19T14:40:10.303+0000: 14567.240: Total time for which application threads were stopped: 0.0001402 seconds, Stopping threads took: 0.0000439 seconds
{Heap before GC invocations=274 (full 15):
 par new generation   total 109248K, used 109248K [0x00000000e0000000, 0x00000000e8000000, 0x00000000e8000000)
  eden space 87424K, 100% used [0x00000000e0000000, 0x00000000e5560000, 0x00000000e5560000)
  from space 21824K, 100% used [0x00000000e5560000, 0x00000000e6ab0000, 0x00000000e6ab0000)
  to   space 21824K,   0% used [0x00000000e6ab0000, 0x00000000e6ab0000, 0x00000000e8000000)
 concurrent mark-sweep generation total 393216K, used 173381K [0x00000000e8000000, 0x0000000100000000, 0x0000000100000000)
 Metaspace       used 56638K, capacity 58412K, committed 58644K, reserved 1101824K
  class space    used 6565K, capacity 6957K, committed 6976K, reserved 1048576K
2020-05-19T14:40:10.383+0000: 14567.320: [GC (Allocation Failure) 2020-05-19T14:40:10.383+0000: 14567.320: [ParNew
Desired survivor size 20112992 bytes, new threshold 7 (max 8)
- age   1:    4811744 bytes,    4811744 total
- age   2:    2138904 bytes,    6950648 total
- age   3:    2637208 bytes,    9587856 total
- age   4:    2719296 bytes,   12307152 total
- age   5:    2186936 bytes,   14494088 total
- age   6:    3475024 bytes,   17969112 total
- age   7:    2794672 bytes,   20763784 total
- age   8:    1562096 bytes,   22325880 total
: 109248K->21824K(109248K), 0.0173139 secs] 282629K->204286K(502464K), 0.0173910 secs] [Times: user=0.02 sys=0.00, real=0.02 secs] 
Heap after GC invocations=275 (full 15):
 par new generation   total 109248K, used 21824K [0x00000000e0000000, 0x00000000e8000000, 0x00000000e8000000)
  eden space 87424K,   0% used [0x00000000e0000000, 0x00000000e0000000, 0x00000000e5560000)
  from space 21824K, 100% used [0x00000000e6ab0000, 0x00000000e8000000, 0x00000000e8000000)
  to   space 21824K,   0% used [0x00000000e5560000, 0x00000000e5560000, 0x00000000e6ab0000)
 concurrent mark-sweep generation total 393216K, used 182462K [0x00000000e8000000, 0x0000000100000000, 0x0000000100000000)
 Metaspace       used 56638K, capacity 58412K, committed 58644K, reserved 1101824K
  class space    used 6565K, capacity 6957K, committed 6976K, reserved 1048576K
}
2020-05-19T14:40:10.400+0000: 14567.337: Total time for which application threads were stopped: 0.0176338 seconds, Stopping threads took: 0.0000602 seconds
2020-05-19T14:40:10.401+0000: 14567.338: Total time for which application threads were stopped: 0.0001692 seconds, Stopping threads took: 0.0000809 seconds
2020-05-19T14:40:10.438+0000: 14567.375: Total time for which application threads were stopped: 0.0002945 seconds, Stopping threads took: 0.0000584 seconds
2020-05-19T14:40:11.438+0000: 14568.375: Total time for which application threads were stopped: 0.0001195 seconds, Stopping threads took: 0.0000444 seconds
2020-05-19T14:40:11.680+0000: 14568.617: Total time for which application threads were stopped: 0.0001921 seconds, Stopping threads took: 0.0000880 seconds
2020-05-19T14:40:11.680+0000: 14568.617: Total time for which application threads were stopped: 0.0001181 seconds, Stopping threads took: 0.0000484 seconds
2020-05-19T14:40:11.681+0000: 14568.618: Total time for which application threads were stopped: 0.0001987 seconds, Stopping threads took: 0.0000476 seconds
2020-05-19T14:40:11.682+0000: 14568.619: Total time for which application threads were stopped: 0.0001396 seconds, Stopping threads took: 0.0000588 seconds
2020-05-19T14:40:11.683+0000: 14568.619: Total time for which application threads were stopped: 0.0001094 seconds, Stopping threads took: 0.0000492 seconds
2020-05-19T14:40:11.683+0000: 14568.619: Total time for which application threads were stopped: 0.0001127 seconds, Stopping threads took: 0.0000431 seconds
2020-05-19T14:40:11.683+0000: 14568.620: Total time for which application threads were stopped: 0.0000902 seconds, Stopping threads took: 0.0000397 seconds
2020-05-19T14:40:25.138+0000: 14582.075: Total time for which application threads were stopped: 0.0001422 seconds, Stopping threads took: 0.0000510 seconds
2020-05-19T14:40:34.007+0000: 14590.943: Total time for which application threads were stopped: 0.0010526 seconds, Stopping threads took: 0.0006620 seconds
2020-05-19T14:40:34.021+0000: 14590.957: Total time for which application threads were stopped: 0.0006909 seconds, Stopping threads took: 0.0002202 seconds
2020-05-19T14:40:34.115+0000: 14591.052: Total time for which application threads were stopped: 0.0001456 seconds, Stopping threads took: 0.0000533 seconds
{Heap before GC invocations=275 (full 15):
 par new generation   total 109248K, used 109248K [0x00000000e0000000, 0x00000000e8000000, 0x00000000e8000000)
  eden space 87424K, 100% used [0x00000000e0000000, 0x00000000e5560000, 0x00000000e5560000)
  from space 21824K, 100% used [0x00000000e6ab0000, 0x00000000e8000000, 0x00000000e8000000)
  to   space 21824K,   0% used [0x00000000e5560000, 0x00000000e5560000, 0x00000000e6ab0000)
 concurrent mark-sweep generation total 393216K, used 182462K [0x00000000e8000000, 0x0000000100000000, 0x0000000100000000)
 Metaspace       used 56655K, capacity 58476K, committed 58644K, reserved 1101824K
  class space    used 6565K, capacity 6957K, committed 6976K, reserved 1048576K
2020-05-19T14:40:34.122+0000: 14591.059: [GC (Allocation Failure) 2020-05-19T14:40:34.122+0000: 14591.059: [ParNew
Desired survivor size 20112992 bytes, new threshold 7 (max 8)
- age   1:    6715000 bytes,    6715000 total
- age   2:    2220448 bytes,    8935448 total
- age   3:    1840056 bytes,   10775504 total
- age   4:    2570856 bytes,   13346360 total
- age   5:    2719296 bytes,   16065656 total
- age   6:    2186432 bytes,   18252088 total
- age   7:    3475024 bytes,   21727112 total
: 109248K->21824K(109248K), 0.0152979 secs] 291710K->210739K(502464K), 0.0153780 secs] [Times: user=0.06 sys=0.00, real=0.02 secs] 
Heap after GC invocations=276 (full 15):
 par new generation   total 109248K, used 21824K [0x00000000e0000000, 0x00000000e8000000, 0x00000000e8000000)
  eden space 87424K,   0% used [0x00000000e0000000, 0x00000000e0000000, 0x00000000e5560000)
  from space 21824K, 100% used [0x00000000e5560000, 0x00000000e6ab0000, 0x00000000e6ab0000)
  to   space 21824K,   0% used [0x00000000e6ab0000, 0x00000000e6ab0000, 0x00000000e8000000)
 concurrent mark-sweep generation total 393216K, used 188915K [0x00000000e8000000, 0x0000000100000000, 0x0000000100000000)
 Metaspace       used 56655K, capacity 58476K, committed 58644K, reserved 1101824K
  class space    used 6565K, capacity 6957K, committed 6976K, reserved 1048576K
}
2020-05-19T14:40:34.137+0000: 14591.074: Total time for which application threads were stopped: 0.0156338 seconds, Stopping threads took: 0.0000595 seconds
2020-05-19T14:40:34.137+0000: 14591.075: Total time for which application threads were stopped: 0.0002564 seconds, Stopping threads took: 0.0000546 seconds
2020-05-19T14:40:34.138+0000: 14591.075: Total time for which application threads were stopped: 0.0001299 seconds, Stopping threads took: 0.0000443 seconds
{Heap before GC invocations=276 (full 15):
 par new generation   total 109248K, used 109248K [0x00000000e0000000, 0x00000000e8000000, 0x00000000e8000000)
  eden space 87424K, 100% used [0x00000000e0000000, 0x00000000e5560000, 0x00000000e5560000)
  from space 21824K, 100% used [0x00000000e5560000, 0x00000000e6ab0000, 0x00000000e6ab0000)
  to   space 21824K,   0% used [0x00000000e6ab0000, 0x00000000e6ab0000, 0x00000000e8000000)
 concurrent mark-sweep generation total 393216K, used 188915K [0x00000000e8000000, 0x0000000100000000, 0x0000000100000000)
 Metaspace       used 56655K, capacity 58476K, committed 58644K, reserved 1101824K
  class space    used 6565K, capacity 6957K, committed 6976K, reserved 1048576K
2020-05-19T14:40:34.240+0000: 14591.177: [GC (Allocation Failure) 2020-05-19T14:40:34.240+0000: 14591.177: [ParNew
Desired survivor size 20112992 bytes, new threshold 7 (max 8)
- age   1:    5537704 bytes,    5537704 total
- age   2:    4809808 bytes,   10347512 total
- age   3:    2206184 bytes,   12553696 total
- age   4:    1745184 bytes,   14298880 total
- age   5:    2467648 bytes,   16766528 total
- age   6:    2716592 bytes,   19483120 total
- age   7:    2186392 bytes,   21669512 total
: 109248K->21824K(109248K), 0.0143125 secs] 298163K->217569K(502464K), 0.0143988 secs] [Times: user=0.06 sys=0.00, real=0.01 secs] 
Heap after GC invocations=277 (full 15):
 par new generation   total 109248K, used 21824K [0x00000000e0000000, 0x00000000e8000000, 0x00000000e8000000)
  eden space 87424K,   0% used [0x00000000e0000000, 0x00000000e0000000, 0x00000000e5560000)
  from space 21824K, 100% used [0x00000000e6ab0000, 0x00000000e8000000, 0x00000000e8000000)
  to   space 21824K,   0% used [0x00000000e5560000, 0x00000000e5560000, 0x00000000e6ab0000)
 concurrent mark-sweep generation total 393216K, used 195745K [0x00000000e8000000, 0x0000000100000000, 0x0000000100000000)
 Metaspace       used 56655K, capacity 58476K, committed 58644K, reserved 1101824K
  class space    used 6565K, capacity 6957K, committed 6976K, reserved 1048576K
}
2020-05-19T14:40:34.254+0000: 14591.191: Total time for which application threads were stopped: 0.0146919 seconds, Stopping threads took: 0.0000622 seconds
2020-05-19T14:40:34.254+0000: 14591.191: Total time for which application threads were stopped: 0.0001905 seconds, Stopping threads took: 0.0000666 seconds
2020-05-19T14:40:34.255+0000: 14591.192: Total time for which application threads were stopped: 0.0001581 seconds, Stopping threads took: 0.0000507 seconds
2020-05-19T14:40:34.255+0000: 14591.192: Total time for which application threads were stopped: 0.0001479 seconds, Stopping threads took: 0.0000454 seconds
2020-05-19T14:40:34.255+0000: 14591.192: Total time for which application threads were stopped: 0.0001187 seconds, Stopping threads took: 0.0000382 seconds
2020-05-19T14:40:34.957+0000: 14591.894: Total time for which application threads were stopped: 0.0001333 seconds, Stopping threads took: 0.0000574 seconds
2020-05-19T14:40:34.957+0000: 14591.894: Total time for which application threads were stopped: 0.0000554 seconds, Stopping threads took: 0.0000183 seconds
2020-05-19T14:40:34.958+0000: 14591.895: Total time for which application threads were stopped: 0.0001242 seconds, Stopping threads took: 0.0000588 seconds
2020-05-19T14:40:34.959+0000: 14591.896: Total time for which application threads were stopped: 0.0002219 seconds, Stopping threads took: 0.0001421 seconds
2020-05-19T14:40:34.959+0000: 14591.896: Total time for which application threads were stopped: 0.0001935 seconds, Stopping threads took: 0.0001289 seconds
2020-05-19T14:40:34.959+0000: 14591.897: Total time for which application threads were stopped: 0.0001076 seconds, Stopping threads took: 0.0000594 seconds
2020-05-19T14:40:34.960+0000: 14591.897: Total time for which application threads were stopped: 0.0002388 seconds, Stopping threads took: 0.0001911 seconds
2020-05-19T14:40:34.960+0000: 14591.897: Total time for which application threads were stopped: 0.0002630 seconds, Stopping threads took: 0.0001070 seconds
2020-05-19T14:40:39.661+0000: 14596.598: Total time for which application threads were stopped: 0.0002653 seconds, Stopping threads took: 0.0001918 seconds
2020-05-19T14:40:39.665+0000: 14596.602: Total time for which application threads were stopped: 0.0001593 seconds, Stopping threads took: 0.0000614 seconds
{Heap before GC invocations=277 (full 15):
 par new generation   total 109248K, used 109248K [0x00000000e0000000, 0x00000000e8000000, 0x00000000e8000000)
  eden space 87424K, 100% used [0x00000000e0000000, 0x00000000e5560000, 0x00000000e5560000)
  from space 21824K, 100% used [0x00000000e6ab0000, 0x00000000e8000000, 0x00000000e8000000)
  to   space 21824K,   0% used [0x00000000e5560000, 0x00000000e5560000, 0x00000000e6ab0000)
 concurrent mark-sweep generation total 393216K, used 195745K [0x00000000e8000000, 0x0000000100000000, 0x0000000100000000)
 Metaspace       used 56664K, capacity 58476K, committed 58644K, reserved 1101824K
  class space    used 6565K, capacity 6957K, committed 6976K, reserved 1048576K
2020-05-19T14:40:39.667+0000: 14596.605: [GC (Allocation Failure) 2020-05-19T14:40:39.667+0000: 14596.605: [ParNew
Desired survivor size 20112992 bytes, new threshold 7 (max 8)
- age   1:    3342760 bytes,    3342760 total
- age   2:    3757136 bytes,    7099896 total
- age   3:    4478416 bytes,   11578312 total
- age   4:    2206184 bytes,   13784496 total
- age   5:    1744664 bytes,   15529160 total
- age   6:    2467584 bytes,   17996744 total
- age   7:    2716592 bytes,   20713336 total
: 109248K->21824K(109248K), 0.0130078 secs] 304993K->220203K(502464K), 0.0130829 secs] [Times: user=0.01 sys=0.00, real=0.01 secs] 
Heap after GC invocations=278 (full 15):
 par new generation   total 109248K, used 21824K [0x00000000e0000000, 0x00000000e8000000, 0x00000000e8000000)
  eden space 87424K,   0% used [0x00000000e0000000, 0x00000000e0000000, 0x00000000e5560000)
  from space 21824K, 100% used [0x00000000e5560000, 0x00000000e6ab0000, 0x00000000e6ab0000)
  to   space 21824K,   0% used [0x00000000e6ab0000, 0x00000000e6ab0000, 0x00000000e8000000)
 concurrent mark-sweep generation total 393216K, used 198379K [0x00000000e8000000, 0x0000000100000000, 0x0000000100000000)
 Metaspace       used 56664K, capacity 58476K, committed 58644K, reserved 1101824K
  class space    used 6565K, capacity 6957K, committed 6976K, reserved 1048576K
}
2020-05-19T14:40:39.680+0000: 14596.618: Total time for which application threads were stopped: 0.0133899 seconds, Stopping threads took: 0.0001021 seconds
2020-05-19T14:40:39.680+0000: 14596.618: [GC (CMS Initial Mark) [1 CMS-initial-mark: 198379K(393216K)] 220204K(502464K), 0.0057510 secs] [Times: user=0.00 sys=0.00, real=0.01 secs] 
2020-05-19T14:40:39.686+0000: 14596.624: Total time for which application threads were stopped: 0.0060143 seconds, Stopping threads took: 0.0001193 seconds
2020-05-19T14:40:39.686+0000: 14596.624: [CMS-concurrent-mark-start]
2020-05-19T14:40:39.713+0000: 14596.650: [CMS-concurrent-mark: 0.026/0.026 secs] [Times: user=0.11 sys=0.00, real=0.03 secs] 
2020-05-19T14:40:39.713+0000: 14596.650: [CMS-concurrent-preclean-start]
2020-05-19T14:40:39.713+0000: 14596.650: Total time for which application threads were stopped: 0.0001870 seconds, Stopping threads took: 0.0000782 seconds
2020-05-19T14:40:39.714+0000: 14596.652: [CMS-concurrent-preclean: 0.001/0.002 secs] [Times: user=0.00 sys=0.00, real=0.00 secs] 
2020-05-19T14:40:39.715+0000: 14596.652: [GC (CMS Final Remark) [YG occupancy: 22293 K (109248 K)]{Heap before GC invocations=278 (full 16):
 par new generation   total 109248K, used 22293K [0x00000000e0000000, 0x00000000e8000000, 0x00000000e8000000)
  eden space 87424K,   0% used [0x00000000e0000000, 0x00000000e0075710, 0x00000000e5560000)
  from space 21824K, 100% used [0x00000000e5560000, 0x00000000e6ab0000, 0x00000000e6ab0000)
  to   space 21824K,   0% used [0x00000000e6ab0000, 0x00000000e6ab0000, 0x00000000e8000000)
 concurrent mark-sweep generation total 393216K, used 198379K [0x00000000e8000000, 0x0000000100000000, 0x0000000100000000)
 Metaspace       used 56664K, capacity 58476K, committed 58644K, reserved 1101824K
  class space    used 6565K, capacity 6957K, committed 6976K, reserved 1048576K
2020-05-19T14:40:39.715+0000: 14596.652: [GC (CMS Final Remark) 2020-05-19T14:40:39.715+0000: 14596.652: [ParNew
Desired survivor size 20112992 bytes, new threshold 8 (max 8)
- age   1:        816 bytes,        816 total
- age   2:    2096784 bytes,    2097600 total
- age   3:    3127376 bytes,    5224976 total
- age   4:    3835888 bytes,    9060864 total
- age   5:    2206184 bytes,   11267048 total
- age   6:    1744664 bytes,   13011712 total
- age   7:    2467584 bytes,   15479296 total
: 22293K->21824K(109248K), 0.0107914 secs] 220673K->223503K(502464K), 0.0108593 secs] [Times: user=0.00 sys=0.00, real=0.01 secs] 
Heap after GC invocations=279 (full 16):
 par new generation   total 109248K, used 21824K [0x00000000e0000000, 0x00000000e8000000, 0x00000000e8000000)
  eden space 87424K,   0% used [0x00000000e0000000, 0x00000000e0000000, 0x00000000e5560000)
  from space 21824K, 100% used [0x00000000e6ab0000, 0x00000000e8000000, 0x00000000e8000000)
  to   space 21824K,   0% used [0x00000000e5560000, 0x00000000e5560000, 0x00000000e6ab0000)
 concurrent mark-sweep generation total 393216K, used 201679K [0x00000000e8000000, 0x0000000100000000, 0x0000000100000000)
 Metaspace       used 56664K, capacity 58476K, committed 58644K, reserved 1101824K
  class space    used 6565K, capacity 6957K, committed 6976K, reserved 1048576K
}
2020-05-19T14:40:39.726+0000: 14596.663: [Rescan (parallel) , 0.0041777 secs]2020-05-19T14:40:39.730+0000: 14596.667: [weak refs processing, 0.0022065 secs]2020-05-19T14:40:39.732+0000: 14596.669: [class unloading, 0.0165880 secs]2020-05-19T14:40:39.749+0000: 14596.686: [scrub symbol table, 0.0091419 secs]2020-05-19T14:40:39.758+0000: 14596.695: [scrub string table, 0.0005799 secs][1 CMS-remark: 201679K(393216K)] 223503K(502464K), 0.0442188 secs] [Times: user=0.09 sys=0.00, real=0.05 secs] 
2020-05-19T14:40:39.760+0000: 14596.696: Total time for which application threads were stopped: 0.0444059 seconds, Stopping threads took: 0.0000526 seconds
2020-05-19T14:40:39.760+0000: 14596.696: [CMS-concurrent-sweep-start]
2020-05-19T14:40:39.760+0000: 14596.697: Total time for which application threads were stopped: 0.0001867 seconds, Stopping threads took: 0.0001161 seconds
2020-05-19T14:40:39.761+0000: 14596.697: Total time for which application threads were stopped: 0.0000859 seconds, Stopping threads took: 0.0000313 seconds
2020-05-19T14:40:39.761+0000: 14596.697: Total time for which application threads were stopped: 0.0000763 seconds, Stopping threads took: 0.0000383 seconds
2020-05-19T14:40:39.761+0000: 14596.698: Total time for which application threads were stopped: 0.0000703 seconds, Stopping threads took: 0.0000360 seconds
2020-05-19T14:40:39.767+0000: 14596.704: Total time for which application threads were stopped: 0.0001591 seconds, Stopping threads took: 0.0000808 seconds
2020-05-19T14:40:39.824+0000: 14596.762: [CMS-concurrent-sweep: 0.065/0.065 secs] [Times: user=0.19 sys=0.00, real=0.06 secs] 
2020-05-19T14:40:39.824+0000: 14596.762: [CMS-concurrent-reset-start]
2020-05-19T14:40:39.825+0000: 14596.762: [CMS-concurrent-reset: 0.001/0.001 secs] [Times: user=0.00 sys=0.00, real=0.00 secs] 
2020-05-19T14:40:39.829+0000: 14596.766: Total time for which application threads were stopped: 0.0002321 seconds, Stopping threads took: 0.0000700 seconds
{Heap before GC invocations=279 (full 16):
 par new generation   total 109248K, used 109248K [0x00000000e0000000, 0x00000000e8000000, 0x00000000e8000000)
  eden space 87424K, 100% used [0x00000000e0000000, 0x00000000e5560000, 0x00000000e5560000)
  from space 21824K, 100% used [0x00000000e6ab0000, 0x00000000e8000000, 0x00000000e8000000)
  to   space 21824K,   0% used [0x00000000e5560000, 0x00000000e5560000, 0x00000000e6ab0000)
 concurrent mark-sweep generation total 393216K, used 67364K [0x00000000e8000000, 0x0000000100000000, 0x0000000100000000)
 Metaspace       used 56660K, capacity 58464K, committed 58644K, reserved 1101824K
  class space    used 6564K, capacity 6955K, committed 6976K, reserved 1048576K
2020-05-19T14:40:39.876+0000: 14596.814: [GC (Allocation Failure) 2020-05-19T14:40:39.876+0000: 14596.814: [ParNew
Desired survivor size 20112992 bytes, new threshold 8 (max 8)
- age   1:    7153136 bytes,    7153136 total
- age   2:         32 bytes,    7153168 total
- age   3:    2093760 bytes,    9246928 total
- age   4:    3074960 bytes,   12321888 total
- age   5:    3636936 bytes,   15958824 total
- age   6:    2184720 bytes,   18143544 total
- age   7:    1741832 bytes,   19885376 total
- age   8:    2445936 bytes,   22331312 total
: 109248K->21824K(109248K), 0.0145006 secs] 176612K->94244K(502464K), 0.0145626 secs] [Times: user=0.06 sys=0.00, real=0.02 secs] 
Heap after GC invocations=280 (full 16):
 par new generation   total 109248K, used 21824K [0x00000000e0000000, 0x00000000e8000000, 0x00000000e8000000)
  eden space 87424K,   0% used [0x00000000e0000000, 0x00000000e0000000, 0x00000000e5560000)
  from space 21824K, 100% used [0x00000000e5560000, 0x00000000e6ab0000, 0x00000000e6ab0000)
  to   space 21824K,   0% used [0x00000000e6ab0000, 0x00000000e6ab0000, 0x00000000e8000000)
 concurrent mark-sweep generation total 393216K, used 72420K [0x00000000e8000000, 0x0000000100000000, 0x0000000100000000)
 Metaspace       used 56660K, capacity 58464K, committed 58644K, reserved 1101824K
  class space    used 6564K, capacity 6955K, committed 6976K, reserved 1048576K
}
2020-05-19T14:40:39.891+0000: 14596.828: Total time for which application threads were stopped: 0.0148104 seconds, Stopping threads took: 0.0000566 seconds
2020-05-19T14:40:39.891+0000: 14596.829: Total time for which application threads were stopped: 0.0001850 seconds, Stopping threads took: 0.0000850 seconds
2020-05-19T14:40:39.892+0000: 14596.829: Total time for which application threads were stopped: 0.0001000 seconds, Stopping threads took: 0.0000381 seconds
2020-05-19T14:40:39.892+0000: 14596.829: Total time for which application threads were stopped: 0.0000826 seconds, Stopping threads took: 0.0000360 seconds
{Heap before GC invocations=280 (full 16):
 par new generation   total 109248K, used 109248K [0x00000000e0000000, 0x00000000e8000000, 0x00000000e8000000)
  eden space 87424K, 100% used [0x00000000e0000000, 0x00000000e5560000, 0x00000000e5560000)
  from space 21824K, 100% used [0x00000000e5560000, 0x00000000e6ab0000, 0x00000000e6ab0000)
  to   space 21824K,   0% used [0x00000000e6ab0000, 0x00000000e6ab0000, 0x00000000e8000000)
 concurrent mark-sweep generation total 393216K, used 72420K [0x00000000e8000000, 0x0000000100000000, 0x0000000100000000)
 Metaspace       used 56660K, capacity 58464K, committed 58644K, reserved 1101824K
  class space    used 6564K, capacity 6955K, committed 6976K, reserved 1048576K
2020-05-19T14:40:39.967+0000: 14596.904: [GC (Allocation Failure) 2020-05-19T14:40:39.967+0000: 14596.904: [ParNew
Desired survivor size 20112992 bytes, new threshold 7 (max 8)
- age   1:    5937256 bytes,    5937256 total
- age   2:    3675624 bytes,    9612880 total
- age   3:         32 bytes,    9612912 total
- age   4:    2093840 bytes,   11706752 total
- age   5:    3074960 bytes,   14781712 total
- age   6:    3636896 bytes,   18418608 total
- age   7:    2184720 bytes,   20603328 total
- age   8:    1741712 bytes,   22345040 total
: 109248K->21824K(109248K), 0.0139243 secs] 181668K->100882K(502464K), 0.0139988 secs] [Times: user=0.06 sys=0.00, real=0.01 secs] 
Heap after GC invocations=281 (full 16):
 par new generation   total 109248K, used 21824K [0x00000000e0000000, 0x00000000e8000000, 0x00000000e8000000)
  eden space 87424K,   0% used [0x00000000e0000000, 0x00000000e0000000, 0x00000000e5560000)
  from space 21824K, 100% used [0x00000000e6ab0000, 0x00000000e8000000, 0x00000000e8000000)
  to   space 21824K,   0% used [0x00000000e5560000, 0x00000000e5560000, 0x00000000e6ab0000)
 concurrent mark-sweep generation total 393216K, used 79058K [0x00000000e8000000, 0x0000000100000000, 0x0000000100000000)
 Metaspace       used 56660K, capacity 58464K, committed 58644K, reserved 1101824K
  class space    used 6564K, capacity 6955K, committed 6976K, reserved 1048576K
}
2020-05-19T14:40:39.981+0000: 14596.918: Total time for which application threads were stopped: 0.0142736 seconds, Stopping threads took: 0.0000963 seconds
2020-05-19T14:40:39.981+0000: 14596.918: Total time for which application threads were stopped: 0.0001675 seconds, Stopping threads took: 0.0000685 seconds
2020-05-19T14:40:40.566+0000: 14597.503: Total time for which application threads were stopped: 0.0001932 seconds, Stopping threads took: 0.0000737 seconds
2020-05-19T14:40:40.567+0000: 14597.504: Total time for which application threads were stopped: 0.0002640 seconds, Stopping threads took: 0.0000670 seconds
2020-05-19T14:40:40.567+0000: 14597.504: Total time for which application threads were stopped: 0.0000944 seconds, Stopping threads took: 0.0000344 seconds
2020-05-19T14:40:41.509+0000: 14598.446: Total time for which application threads were stopped: 0.0001711 seconds, Stopping threads took: 0.0000991 seconds
2020-05-19T14:40:41.514+0000: 14598.451: Total time for which application threads were stopped: 0.0003062 seconds, Stopping threads took: 0.0001428 seconds
2020-05-19T14:40:41.527+0000: 14598.464: Total time for which application threads were stopped: 0.0001685 seconds, Stopping threads took: 0.0000961 seconds
2020-05-19T14:40:41.529+0000: 14598.465: Total time for which application threads were stopped: 0.0001381 seconds, Stopping threads took: 0.0000678 seconds
2020-05-19T14:40:41.574+0000: 14598.511: Total time for which application threads were stopped: 0.0001468 seconds, Stopping threads took: 0.0000498 seconds
{Heap before GC invocations=281 (full 16):
 par new generation   total 109248K, used 109248K [0x00000000e0000000, 0x00000000e8000000, 0x00000000e8000000)
  eden space 87424K, 100% used [0x00000000e0000000, 0x00000000e5560000, 0x00000000e5560000)
  from space 21824K, 100% used [0x00000000e6ab0000, 0x00000000e8000000, 0x00000000e8000000)
  to   space 21824K,   0% used [0x00000000e5560000, 0x00000000e5560000, 0x00000000e6ab0000)
 concurrent mark-sweep generation total 393216K, used 79058K [0x00000000e8000000, 0x0000000100000000, 0x0000000100000000)
 Metaspace       used 56663K, capacity 58528K, committed 58644K, reserved 1101824K
  class space    used 6564K, capacity 6955K, committed 6976K, reserved 1048576K
2020-05-19T14:40:41.580+0000: 14598.517: [GC (Allocation Failure) 2020-05-19T14:40:41.580+0000: 14598.517: [ParNew
Desired survivor size 20112992 bytes, new threshold 8 (max 8)
- age   1:    4156240 bytes,    4156240 total
- age   2:    3966536 bytes,    8122776 total
- age   3:    3368808 bytes,   11491584 total
- age   4:         32 bytes,   11491616 total
- age   5:    2021512 bytes,   13513128 total
- age   6:    2832240 bytes,   16345368 total
- age   7:    3632736 bytes,   19978104 total
: 109248K->21824K(109248K), 0.0159162 secs] 188306K->109699K(502464K), 0.0159921 secs] [Times: user=0.06 sys=0.00, real=0.02 secs] 
Heap after GC invocations=282 (full 16):
 par new generation   total 109248K, used 21824K [0x00000000e0000000, 0x00000000e8000000, 0x00000000e8000000)
  eden space 87424K,   0% used [0x00000000e0000000, 0x00000000e0000000, 0x00000000e5560000)
  from space 21824K, 100% used [0x00000000e5560000, 0x00000000e6ab0000, 0x00000000e6ab0000)
  to   space 21824K,   0% used [0x00000000e6ab0000, 0x00000000e6ab0000, 0x00000000e8000000)
 concurrent mark-sweep generation total 393216K, used 87875K [0x00000000e8000000, 0x0000000100000000, 0x0000000100000000)
 Metaspace       used 56663K, capacity 58528K, committed 58644K, reserved 1101824K
  class space    used 6564K, capacity 6955K, committed 6976K, reserved 1048576K
}
2020-05-19T14:40:41.596+0000: 14598.533: Total time for which application threads were stopped: 0.0162778 seconds, Stopping threads took: 0.0000789 seconds
2020-05-19T14:40:41.596+0000: 14598.533: Total time for which application threads were stopped: 0.0001966 seconds, Stopping threads took: 0.0001177 seconds
2020-05-19T14:40:41.597+0000: 14598.533: Total time for which application threads were stopped: 0.0001447 seconds, Stopping threads took: 0.0000481 seconds
2020-05-19T14:40:41.597+0000: 14598.533: Total time for which application threads were stopped: 0.0000988 seconds, Stopping threads took: 0.0000445 seconds
{Heap before GC invocations=282 (full 16):
 par new generation   total 109248K, used 109248K [0x00000000e0000000, 0x00000000e8000000, 0x00000000e8000000)
  eden space 87424K, 100% used [0x00000000e0000000, 0x00000000e5560000, 0x00000000e5560000)
  from space 21824K, 100% used [0x00000000e5560000, 0x00000000e6ab0000, 0x00000000e6ab0000)
  to   space 21824K,   0% used [0x00000000e6ab0000, 0x00000000e6ab0000, 0x00000000e8000000)
 concurrent mark-sweep generation total 393216K, used 87875K [0x00000000e8000000, 0x0000000100000000, 0x0000000100000000)
 Metaspace       used 56663K, capacity 58528K, committed 58644K, reserved 1101824K
  class space    used 6564K, capacity 6955K, committed 6976K, reserved 1048576K
2020-05-19T14:40:41.682+0000: 14598.620: [GC (Allocation Failure) 2020-05-19T14:40:41.682+0000: 14598.620: [ParNew
Desired survivor size 20112992 bytes, new threshold 8 (max 8)
- age   1:    3282024 bytes,    3282024 total
- age   2:    2926584 bytes,    6208608 total
- age   3:    3739792 bytes,    9948400 total
- age   4:    1599528 bytes,   11547928 total
- age   5:         32 bytes,   11547960 total
- age   6:    2003296 bytes,   13551256 total
- age   7:    2832160 bytes,   16383416 total
- age   8:    3632272 bytes,   20015688 total
: 109248K->21824K(109248K), 0.0143899 secs] 197123K->116119K(502464K), 0.0144786 secs] [Times: user=0.06 sys=0.00, real=0.02 secs] 
Heap after GC invocations=283 (full 16):
 par new generation   total 109248K, used 21824K [0x00000000e0000000, 0x00000000e8000000, 0x00000000e8000000)
  eden space 87424K,   0% used [0x00000000e0000000, 0x00000000e0000000, 0x00000000e5560000)
  from space 21824K, 100% used [0x00000000e6ab0000, 0x00000000e8000000, 0x00000000e8000000)
  to   space 21824K,   0% used [0x00000000e5560000, 0x00000000e5560000, 0x00000000e6ab0000)
 concurrent mark-sweep generation total 393216K, used 94295K [0x00000000e8000000, 0x0000000100000000, 0x0000000100000000)
 Metaspace       used 56663K, capacity 58528K, committed 58644K, reserved 1101824K
  class space    used 6564K, capacity 6955K, committed 6976K, reserved 1048576K
}
2020-05-19T14:40:41.697+0000: 14598.634: Total time for which application threads were stopped: 0.0147982 seconds, Stopping threads took: 0.0000775 seconds
2020-05-19T14:40:41.697+0000: 14598.634: Total time for which application threads were stopped: 0.0002154 seconds, Stopping threads took: 0.0000759 seconds
2020-05-19T14:40:41.697+0000: 14598.635: Total time for which application threads were stopped: 0.0001754 seconds, Stopping threads took: 0.0000584 seconds
2020-05-19T14:40:41.698+0000: 14598.635: Total time for which application threads were stopped: 0.0001024 seconds, Stopping threads took: 0.0000533 seconds
{Heap before GC invocations=283 (full 16):
 par new generation   total 109248K, used 109248K [0x00000000e0000000, 0x00000000e8000000, 0x00000000e8000000)
  eden space 87424K, 100% used [0x00000000e0000000, 0x00000000e5560000, 0x00000000e5560000)
  from space 21824K, 100% used [0x00000000e6ab0000, 0x00000000e8000000, 0x00000000e8000000)
  to   space 21824K,   0% used [0x00000000e5560000, 0x00000000e5560000, 0x00000000e6ab0000)
 concurrent mark-sweep generation total 393216K, used 94295K [0x00000000e8000000, 0x0000000100000000, 0x0000000100000000)
 Metaspace       used 56663K, capacity 58528K, committed 58644K, reserved 1101824K
  class space    used 6564K, capacity 6955K, committed 6976K, reserved 1048576K
2020-05-19T14:40:42.558+0000: 14599.495: [GC (Allocation Failure) 2020-05-19T14:40:42.558+0000: 14599.495: [ParNew
Desired survivor size 20112992 bytes, new threshold 8 (max 8)
- age   1:    3911456 bytes,    3911456 total
- age   2:    2752312 bytes,    6663768 total
- age   3:    2613808 bytes,    9277576 total
- age   4:    3739792 bytes,   13017368 total
- age   5:    1599384 bytes,   14616752 total
- age   6:         32 bytes,   14616784 total
- age   7:    2003296 bytes,   16620080 total
- age   8:    2832160 bytes,   19452240 total
: 109248K->21824K(109248K), 0.0132245 secs] 203543K->119834K(502464K), 0.0132880 secs] [Times: user=0.00 sys=0.00, real=0.01 secs] 
Heap after GC invocations=284 (full 16):
 par new generation   total 109248K, used 21824K [0x00000000e0000000, 0x00000000e8000000, 0x00000000e8000000)
  eden space 87424K,   0% used [0x00000000e0000000, 0x00000000e0000000, 0x00000000e5560000)
  from space 21824K, 100% used [0x00000000e5560000, 0x00000000e6ab0000, 0x00000000e6ab0000)
  to   space 21824K,   0% used [0x00000000e6ab0000, 0x00000000e6ab0000, 0x00000000e8000000)
 concurrent mark-sweep generation total 393216K, used 98010K [0x00000000e8000000, 0x0000000100000000, 0x0000000100000000)
 Metaspace       used 56663K, capacity 58528K, committed 58644K, reserved 1101824K
  class space    used 6564K, capacity 6955K, committed 6976K, reserved 1048576K
}
2020-05-19T14:40:42.571+0000: 14599.508: Total time for which application threads were stopped: 0.0134928 seconds, Stopping threads took: 0.0000461 seconds
2020-05-19T14:40:42.571+0000: 14599.508: Total time for which application threads were stopped: 0.0001352 seconds, Stopping threads took: 0.0000552 seconds
2020-05-19T14:40:42.572+0000: 14599.509: Total time for which application threads were stopped: 0.0001200 seconds, Stopping threads took: 0.0000439 seconds
2020-05-19T14:40:42.667+0000: 14599.603: Total time for which application threads were stopped: 0.0002396 seconds, Stopping threads took: 0.0000884 seconds
2020-05-19T14:40:42.667+0000: 14599.604: Total time for which application threads were stopped: 0.0001549 seconds, Stopping threads took: 0.0001034 seconds
2020-05-19T14:40:42.667+0000: 14599.604: Total time for which application threads were stopped: 0.0001826 seconds, Stopping threads took: 0.0001452 seconds
2020-05-19T14:40:42.678+0000: 14599.616: Total time for which application threads were stopped: 0.0001794 seconds, Stopping threads took: 0.0000504 seconds
2020-05-19T14:40:42.678+0000: 14599.616: Total time for which application threads were stopped: 0.0001168 seconds, Stopping threads took: 0.0000347 seconds
2020-05-19T14:40:42.679+0000: 14599.616: Total time for which application threads were stopped: 0.0001066 seconds, Stopping threads took: 0.0000361 seconds
2020-05-19T14:40:43.349+0000: 14600.286: Total time for which application threads were stopped: 0.0001616 seconds, Stopping threads took: 0.0000515 seconds
2020-05-19T14:40:43.364+0000: 14600.300: Total time for which application threads were stopped: 0.0001628 seconds, Stopping threads took: 0.0000729 seconds
2020-05-19T14:40:43.365+0000: 14600.301: Total time for which application threads were stopped: 0.0001258 seconds, Stopping threads took: 0.0000560 seconds
2020-05-19T14:40:43.409+0000: 14600.346: Total time for which application threads were stopped: 0.0001829 seconds, Stopping threads took: 0.0000957 seconds
{Heap before GC invocations=284 (full 16):
 par new generation   total 109248K, used 109248K [0x00000000e0000000, 0x00000000e8000000, 0x00000000e8000000)
  eden space 87424K, 100% used [0x00000000e0000000, 0x00000000e5560000, 0x00000000e5560000)
  from space 21824K, 100% used [0x00000000e5560000, 0x00000000e6ab0000, 0x00000000e6ab0000)
  to   space 21824K,   0% used [0x00000000e6ab0000, 0x00000000e6ab0000, 0x00000000e8000000)
 concurrent mark-sweep generation total 393216K, used 98010K [0x00000000e8000000, 0x0000000100000000, 0x0000000100000000)
 Metaspace       used 56684K, capacity 58528K, committed 58644K, reserved 1101824K
  class space    used 6564K, capacity 6955K, committed 6976K, reserved 1048576K
2020-05-19T14:40:43.454+0000: 14600.391: [GC (Allocation Failure) 2020-05-19T14:40:43.454+0000: 14600.391: [ParNew
Desired survivor size 20112992 bytes, new threshold 8 (max 8)
- age   1:    5774136 bytes,    5774136 total
- age   2:    3252440 bytes,    9026576 total
- age   3:    2751776 bytes,   11778352 total
- age   4:    2535456 bytes,   14313808 total
- age   5:    3739792 bytes,   18053600 total
- age   6:    1597472 bytes,   19651072 total
- age   8:    2002680 bytes,   21653752 total
: 109248K->21824K(109248K), 0.0154960 secs] 207258K->128178K(502464K), 0.0155583 secs] [Times: user=0.06 sys=0.00, real=0.02 secs] 
Heap after GC invocations=285 (full 16):
 par new generation   total 109248K, used 21824K [0x00000000e0000000, 0x00000000e8000000, 0x00000000e8000000)
  eden space 87424K,   0% used [0x00000000e0000000, 0x00000000e0000000, 0x00000000e5560000)
  from space 21824K, 100% used [0x00000000e6ab0000, 0x00000000e8000000, 0x00000000e8000000)
  to   space 21824K,   0% used [0x00000000e5560000, 0x00000000e5560000, 0x00000000e6ab0000)
 concurrent mark-sweep generation total 393216K, used 106354K [0x00000000e8000000, 0x0000000100000000, 0x0000000100000000)
 Metaspace       used 56684K, capacity 58528K, committed 58644K, reserved 1101824K
  class space    used 6564K, capacity 6955K, committed 6976K, reserved 1048576K
}
2020-05-19T14:40:43.470+0000: 14600.407: Total time for which application threads were stopped: 0.0158638 seconds, Stopping threads took: 0.0001221 seconds
2020-05-19T14:40:43.471+0000: 14600.407: Total time for which application threads were stopped: 0.0001598 seconds, Stopping threads took: 0.0000528 seconds
2020-05-19T14:40:43.471+0000: 14600.408: Total time for which application threads were stopped: 0.0001890 seconds, Stopping threads took: 0.0001210 seconds
2020-05-19T14:40:43.471+0000: 14600.408: Total time for which application threads were stopped: 0.0001009 seconds, Stopping threads took: 0.0000470 seconds
{Heap before GC invocations=285 (full 16):
 par new generation   total 109248K, used 109248K [0x00000000e0000000, 0x00000000e8000000, 0x00000000e8000000)
  eden space 87424K, 100% used [0x00000000e0000000, 0x00000000e5560000, 0x00000000e5560000)
  from space 21824K, 100% used [0x00000000e6ab0000, 0x00000000e8000000, 0x00000000e8000000)
  to   space 21824K,   0% used [0x00000000e5560000, 0x00000000e5560000, 0x00000000e6ab0000)
 concurrent mark-sweep generation total 393216K, used 106354K [0x00000000e8000000, 0x0000000100000000, 0x0000000100000000)
 Metaspace       used 56685K, capacity 58528K, committed 58644K, reserved 1101824K
  class space    used 6564K, capacity 6955K, committed 6976K, reserved 1048576K
2020-05-19T14:40:43.543+0000: 14600.481: [GC (Allocation Failure) 2020-05-19T14:40:43.543+0000: 14600.481: [ParNew
Desired survivor size 20112992 bytes, new threshold 6 (max 8)
- age   1:    6145168 bytes,    6145168 total
- age   2:    4292448 bytes,   10437616 total
- age   3:    2081592 bytes,   12519208 total
- age   4:    2751600 bytes,   15270808 total
- age   5:    2439304 bytes,   17710112 total
- age   6:    3717912 bytes,   21428024 total
- age   7:     868976 bytes,   22297000 total
: 109248K->21824K(109248K), 0.0158466 secs] 215602K->138021K(502464K), 0.0159353 secs] [Times: user=0.06 sys=0.00, real=0.02 secs] 
Heap after GC invocations=286 (full 16):
 par new generation   total 109248K, used 21824K [0x00000000e0000000, 0x00000000e8000000, 0x00000000e8000000)
  eden space 87424K,   0% used [0x00000000e0000000, 0x00000000e0000000, 0x00000000e5560000)
  from space 21824K, 100% used [0x00000000e5560000, 0x00000000e6ab0000, 0x00000000e6ab0000)
  to   space 21824K,   0% used [0x00000000e6ab0000, 0x00000000e6ab0000, 0x00000000e8000000)
 concurrent mark-sweep generation total 393216K, used 116197K [0x00000000e8000000, 0x0000000100000000, 0x0000000100000000)
 Metaspace       used 56685K, capacity 58528K, committed 58644K, reserved 1101824K
  class space    used 6564K, capacity 6955K, committed 6976K, reserved 1048576K
}
2020-05-19T14:40:43.559+0000: 14600.497: Total time for which application threads were stopped: 0.0162384 seconds, Stopping threads took: 0.0000938 seconds
2020-05-19T14:40:43.560+0000: 14600.497: Total time for which application threads were stopped: 0.0002721 seconds, Stopping threads took: 0.0001415 seconds
2020-05-19T14:40:43.561+0000: 14600.498: Total time for which application threads were stopped: 0.0002404 seconds, Stopping threads took: 0.0001340 seconds
2020-05-19T14:40:43.562+0000: 14600.500: Total time for which application threads were stopped: 0.0002343 seconds, Stopping threads took: 0.0001263 seconds
2020-05-19T14:40:43.565+0000: 14600.503: Total time for which application threads were stopped: 0.0001734 seconds, Stopping threads took: 0.0000716 seconds
2020-05-19T14:40:44.403+0000: 14601.340: Total time for which application threads were stopped: 0.0001454 seconds, Stopping threads took: 0.0000504 seconds
2020-05-19T14:40:44.404+0000: 14601.340: Total time for which application threads were stopped: 0.0001412 seconds, Stopping threads took: 0.0000840 seconds
2020-05-19T14:40:44.405+0000: 14601.342: Total time for which application threads were stopped: 0.0001169 seconds, Stopping threads took: 0.0000531 seconds
2020-05-19T14:40:44.405+0000: 14601.342: Total time for which application threads were stopped: 0.0000992 seconds, Stopping threads took: 0.0000486 seconds
2020-05-19T14:40:44.405+0000: 14601.342: Total time for which application threads were stopped: 0.0000429 seconds, Stopping threads took: 0.0000136 seconds
2020-05-19T14:40:44.405+0000: 14601.342: Total time for which application threads were stopped: 0.0000384 seconds, Stopping threads took: 0.0000101 seconds
2020-05-19T14:40:46.406+0000: 14603.343: Total time for which application threads were stopped: 0.0001163 seconds, Stopping threads took: 0.0000472 seconds
2020-05-19T14:40:49.089+0000: 14606.025: Total time for which application threads were stopped: 0.0001964 seconds, Stopping threads took: 0.0000706 seconds
2020-05-19T14:40:49.091+0000: 14606.027: Total time for which application threads were stopped: 0.0002636 seconds, Stopping threads took: 0.0001165 seconds
2020-05-19T14:40:49.153+0000: 14606.089: Total time for which application threads were stopped: 0.0002077 seconds, Stopping threads took: 0.0001053 seconds
{Heap before GC invocations=286 (full 16):
 par new generation   total 109248K, used 109248K [0x00000000e0000000, 0x00000000e8000000, 0x00000000e8000000)
  eden space 87424K, 100% used [0x00000000e0000000, 0x00000000e5560000, 0x00000000e5560000)
  from space 21824K, 100% used [0x00000000e5560000, 0x00000000e6ab0000, 0x00000000e6ab0000)
  to   space 21824K,   0% used [0x00000000e6ab0000, 0x00000000e6ab0000, 0x00000000e8000000)
 concurrent mark-sweep generation total 393216K, used 116197K [0x00000000e8000000, 0x0000000100000000, 0x0000000100000000)
 Metaspace       used 56698K, capacity 58528K, committed 58644K, reserved 1101824K
  class space    used 6564K, capacity 6955K, committed 6976K, reserved 1048576K
2020-05-19T14:40:49.155+0000: 14606.092: [GC (Allocation Failure) 2020-05-19T14:40:49.155+0000: 14606.092: [ParNew
Desired survivor size 20112992 bytes, new threshold 8 (max 8)
- age   1:    3806056 bytes,    3806056 total
- age   2:    4775192 bytes,    8581248 total
- age   3:    4181824 bytes,   12763072 total
- age   4:    2077920 bytes,   14840992 total
- age   5:    2751600 bytes,   17592592 total
- age   6:    2438824 bytes,   20031416 total
: 109248K->21824K(109248K), 0.0159911 secs] 225445K->145875K(502464K), 0.0160596 secs] [Times: user=0.06 sys=0.00, real=0.02 secs] 
Heap after GC invocations=287 (full 16):
 par new generation   total 109248K, used 21824K [0x00000000e0000000, 0x00000000e8000000, 0x00000000e8000000)
  eden space 87424K,   0% used [0x00000000e0000000, 0x00000000e0000000, 0x00000000e5560000)
  from space 21824K, 100% used [0x00000000e6ab0000, 0x00000000e8000000, 0x00000000e8000000)
  to   space 21824K,   0% used [0x00000000e5560000, 0x00000000e5560000, 0x00000000e6ab0000)
 concurrent mark-sweep generation total 393216K, used 124051K [0x00000000e8000000, 0x0000000100000000, 0x0000000100000000)
 Metaspace       used 56698K, capacity 58528K, committed 58644K, reserved 1101824K
  class space    used 6564K, capacity 6955K, committed 6976K, reserved 1048576K
}
2020-05-19T14:40:49.171+0000: 14606.108: Total time for which application threads were stopped: 0.0162697 seconds, Stopping threads took: 0.0000473 seconds
2020-05-19T14:40:49.171+0000: 14606.108: Total time for which application threads were stopped: 0.0001580 seconds, Stopping threads took: 0.0000776 seconds
2020-05-19T14:40:49.171+0000: 14606.108: Total time for which application threads were stopped: 0.0001932 seconds, Stopping threads took: 0.0000407 seconds
{Heap before GC invocations=287 (full 16):
 par new generation   total 109248K, used 109248K [0x00000000e0000000, 0x00000000e8000000, 0x00000000e8000000)
  eden space 87424K, 100% used [0x00000000e0000000, 0x00000000e5560000, 0x00000000e5560000)
  from space 21824K, 100% used [0x00000000e6ab0000, 0x00000000e8000000, 0x00000000e8000000)
  to   space 21824K,   0% used [0x00000000e5560000, 0x00000000e5560000, 0x00000000e6ab0000)
 concurrent mark-sweep generation total 393216K, used 124051K [0x00000000e8000000, 0x0000000100000000, 0x0000000100000000)
 Metaspace       used 56698K, capacity 58528K, committed 58644K, reserved 1101824K
  class space    used 6564K, capacity 6955K, committed 6976K, reserved 1048576K
2020-05-19T14:40:49.249+0000: 14606.186: [GC (Allocation Failure) 2020-05-19T14:40:49.249+0000: 14606.186: [ParNew
Desired survivor size 20112992 bytes, new threshold 7 (max 8)
- age   1:    2857064 bytes,    2857064 total
- age   2:    3394328 bytes,    6251392 total
- age   3:    4772536 bytes,   11023928 total
- age   4:    4140408 bytes,   15164336 total
- age   5:    2077592 bytes,   17241928 total
- age   6:    2659464 bytes,   19901392 total
- age   7:    2438744 bytes,   22340136 total
: 109248K->21824K(109248K), 0.0146512 secs] 233299K->150524K(502464K), 0.0147128 secs] [Times: user=0.06 sys=0.00, real=0.02 secs] 
Heap after GC invocations=288 (full 16):
 par new generation   total 109248K, used 21824K [0x00000000e0000000, 0x00000000e8000000, 0x00000000e8000000)
  eden space 87424K,   0% used [0x00000000e0000000, 0x00000000e0000000, 0x00000000e5560000)
  from space 21824K, 100% used [0x00000000e5560000, 0x00000000e6ab0000, 0x00000000e6ab0000)
  to   space 21824K,   0% used [0x00000000e6ab0000, 0x00000000e6ab0000, 0x00000000e8000000)
 concurrent mark-sweep generation total 393216K, used 128700K [0x00000000e8000000, 0x0000000100000000, 0x0000000100000000)
 Metaspace       used 56698K, capacity 58528K, committed 58644K, reserved 1101824K
  class space    used 6564K, capacity 6955K, committed 6976K, reserved 1048576K
}
2020-05-19T14:40:49.265+0000: 14606.201: Total time for which application threads were stopped: 0.0149556 seconds, Stopping threads took: 0.0000556 seconds
{Heap before GC invocations=288 (full 16):
 par new generation   total 109248K, used 109248K [0x00000000e0000000, 0x00000000e8000000, 0x00000000e8000000)
  eden space 87424K, 100% used [0x00000000e0000000, 0x00000000e5560000, 0x00000000e5560000)
  from space 21824K, 100% used [0x00000000e5560000, 0x00000000e6ab0000, 0x00000000e6ab0000)
  to   space 21824K,   0% used [0x00000000e6ab0000, 0x00000000e6ab0000, 0x00000000e8000000)
 concurrent mark-sweep generation total 393216K, used 128700K [0x00000000e8000000, 0x0000000100000000, 0x0000000100000000)
 Metaspace       used 56698K, capacity 58528K, committed 58644K, reserved 1101824K
  class space    used 6564K, capacity 6955K, committed 6976K, reserved 1048576K
2020-05-19T14:40:49.342+0000: 14606.280: [GC (Allocation Failure) 2020-05-19T14:40:49.342+0000: 14606.280: [ParNew
Desired survivor size 20112992 bytes, new threshold 7 (max 8)
- age   1:    1620456 bytes,    1620456 total
- age   2:    2536352 bytes,    4156808 total
- age   3:    3393048 bytes,    7549856 total
- age   4:    4636840 bytes,   12186696 total
- age   5:    3449480 bytes,   15636176 total
- age   6:    2077592 bytes,   17713768 total
- age   7:    2659464 bytes,   20373232 total
: 109248K->21824K(109248K), 0.0148395 secs] 237948K->156353K(502464K), 0.0149065 secs] [Times: user=0.06 sys=0.00, real=0.02 secs] 
Heap after GC invocations=289 (full 16):
 par new generation   total 109248K, used 21824K [0x00000000e0000000, 0x00000000e8000000, 0x00000000e8000000)
  eden space 87424K,   0% used [0x00000000e0000000, 0x00000000e0000000, 0x00000000e5560000)
  from space 21824K, 100% used [0x00000000e6ab0000, 0x00000000e8000000, 0x00000000e8000000)
  to   space 21824K,   0% used [0x00000000e5560000, 0x00000000e5560000, 0x00000000e6ab0000)
 concurrent mark-sweep generation total 393216K, used 134529K [0x00000000e8000000, 0x0000000100000000, 0x0000000100000000)
 Metaspace       used 56698K, capacity 58528K, committed 58644K, reserved 1101824K
  class space    used 6564K, capacity 6955K, committed 6976K, reserved 1048576K
}
2020-05-19T14:40:49.357+0000: 14606.295: Total time for which application threads were stopped: 0.0151912 seconds, Stopping threads took: 0.0000843 seconds
2020-05-19T14:40:50.375+0000: 14607.312: Total time for which application threads were stopped: 0.0001792 seconds, Stopping threads took: 0.0000960 seconds
2020-05-19T14:40:50.376+0000: 14607.312: Total time for which application threads were stopped: 0.0001108 seconds, Stopping threads took: 0.0000335 seconds
2020-05-19T14:40:50.376+0000: 14607.313: Total time for which application threads were stopped: 0.0000724 seconds, Stopping threads took: 0.0000279 seconds
2020-05-19T14:40:50.376+0000: 14607.313: Total time for which application threads were stopped: 0.0000511 seconds, Stopping threads took: 0.0000148 seconds
2020-05-19T14:40:50.376+0000: 14607.313: Total time for which application threads were stopped: 0.0000446 seconds, Stopping threads took: 0.0000096 seconds
2020-05-19T14:41:01.356+0000: 14618.294: Total time for which application threads were stopped: 0.0001755 seconds, Stopping threads took: 0.0001059 seconds
2020-05-19T14:41:01.360+0000: 14618.297: Total time for which application threads were stopped: 0.0002344 seconds, Stopping threads took: 0.0000985 seconds
2020-05-19T14:41:01.362+0000: 14618.298: Total time for which application threads were stopped: 0.0003321 seconds, Stopping threads took: 0.0001040 seconds
2020-05-19T14:41:01.427+0000: 14618.364: Total time for which application threads were stopped: 0.0001516 seconds, Stopping threads took: 0.0000552 seconds
{Heap before GC invocations=289 (full 16):
 par new generation   total 109248K, used 109248K [0x00000000e0000000, 0x00000000e8000000, 0x00000000e8000000)
  eden space 87424K, 100% used [0x00000000e0000000, 0x00000000e5560000, 0x00000000e5560000)
  from space 21824K, 100% used [0x00000000e6ab0000, 0x00000000e8000000, 0x00000000e8000000)
  to   space 21824K,   0% used [0x00000000e5560000, 0x00000000e5560000, 0x00000000e6ab0000)
 concurrent mark-sweep generation total 393216K, used 134529K [0x00000000e8000000, 0x0000000100000000, 0x0000000100000000)
 Metaspace       used 56891K, capacity 58720K, committed 58900K, reserved 1101824K
  class space    used 6564K, capacity 6955K, committed 6976K, reserved 1048576K
2020-05-19T14:41:01.478+0000: 14618.415: [GC (Allocation Failure) 2020-05-19T14:41:01.478+0000: 14618.415: [ParNew
Desired survivor size 20112992 bytes, new threshold 7 (max 8)
- age   1:    5540288 bytes,    5540288 total
- age   2:    1255080 bytes,    6795368 total
- age   3:    2289544 bytes,    9084912 total
- age   4:    2890808 bytes,   11975720 total
- age   5:    4636840 bytes,   16612560 total
- age   6:    3449152 bytes,   20061712 total
- age   7:    2077592 bytes,   22139304 total
: 109248K->21824K(109248K), 0.0172158 secs] 243777K->163829K(502464K), 0.0172853 secs] [Times: user=0.05 sys=0.00, real=0.02 secs] 
Heap after GC invocations=290 (full 16):
 par new generation   total 109248K, used 21824K [0x00000000e0000000, 0x00000000e8000000, 0x00000000e8000000)
  eden space 87424K,   0% used [0x00000000e0000000, 0x00000000e0000000, 0x00000000e5560000)
  from space 21824K, 100% used [0x00000000e5560000, 0x00000000e6ab0000, 0x00000000e6ab0000)
  to   space 21824K,   0% used [0x00000000e6ab0000, 0x00000000e6ab0000, 0x00000000e8000000)
 concurrent mark-sweep generation total 393216K, used 142005K [0x00000000e8000000, 0x0000000100000000, 0x0000000100000000)
 Metaspace       used 56891K, capacity 58720K, committed 58900K, reserved 1101824K
  class space    used 6564K, capacity 6955K, committed 6976K, reserved 1048576K
}
2020-05-19T14:41:01.496+0000: 14618.433: Total time for which application threads were stopped: 0.0175292 seconds, Stopping threads took: 0.0000524 seconds
{Heap before GC invocations=290 (full 16):
 par new generation   total 109248K, used 109248K [0x00000000e0000000, 0x00000000e8000000, 0x00000000e8000000)
  eden space 87424K, 100% used [0x00000000e0000000, 0x00000000e5560000, 0x00000000e5560000)
  from space 21824K, 100% used [0x00000000e5560000, 0x00000000e6ab0000, 0x00000000e6ab0000)
  to   space 21824K,   0% used [0x00000000e6ab0000, 0x00000000e6ab0000, 0x00000000e8000000)
 concurrent mark-sweep generation total 393216K, used 142005K [0x00000000e8000000, 0x0000000100000000, 0x0000000100000000)
 Metaspace       used 56891K, capacity 58720K, committed 58900K, reserved 1101824K
  class space    used 6564K, capacity 6955K, committed 6976K, reserved 1048576K
2020-05-19T14:41:01.582+0000: 14618.518: [GC (Allocation Failure) 2020-05-19T14:41:01.582+0000: 14618.518: [ParNew
Desired survivor size 20112992 bytes, new threshold 7 (max 8)
- age   1:    4635920 bytes,    4635920 total
- age   2:    3970936 bytes,    8606856 total
- age   3:    1255080 bytes,    9861936 total
- age   4:    2289544 bytes,   12151480 total
- age   5:    2889544 bytes,   15041024 total
- age   6:    3813600 bytes,   18854624 total
- age   7:    3405192 bytes,   22259816 total
: 109248K->21824K(109248K), 0.0182216 secs] 251253K->172565K(502464K), 0.0182873 secs] [Times: user=0.06 sys=0.00, real=0.02 secs] 
Heap after GC invocations=291 (full 16):
 par new generation   total 109248K, used 21824K [0x00000000e0000000, 0x00000000e8000000, 0x00000000e8000000)
  eden space 87424K,   0% used [0x00000000e0000000, 0x00000000e0000000, 0x00000000e5560000)
  from space 21824K, 100% used [0x00000000e6ab0000, 0x00000000e8000000, 0x00000000e8000000)
  to   space 21824K,   0% used [0x00000000e5560000, 0x00000000e5560000, 0x00000000e6ab0000)
 concurrent mark-sweep generation total 393216K, used 150741K [0x00000000e8000000, 0x0000000100000000, 0x0000000100000000)
 Metaspace       used 56891K, capacity 58720K, committed 58900K, reserved 1101824K
  class space    used 6564K, capacity 6955K, committed 6976K, reserved 1048576K
}
2020-05-19T14:41:01.600+0000: 14618.537: Total time for which application threads were stopped: 0.0185378 seconds, Stopping threads took: 0.0000611 seconds
2020-05-19T14:41:02.320+0000: 14619.257: Total time for which application threads were stopped: 0.0002897 seconds, Stopping threads took: 0.0001819 seconds
2020-05-19T14:41:02.320+0000: 14619.257: Total time for which application threads were stopped: 0.0001211 seconds, Stopping threads took: 0.0000395 seconds
2020-05-19T14:41:02.321+0000: 14619.258: Total time for which application threads were stopped: 0.0001196 seconds, Stopping threads took: 0.0000482 seconds
2020-05-19T14:41:02.321+0000: 14619.258: Total time for which application threads were stopped: 0.0001030 seconds, Stopping threads took: 0.0000438 seconds
2020-05-19T14:41:02.321+0000: 14619.258: Total time for which application threads were stopped: 0.0000845 seconds, Stopping threads took: 0.0000375 seconds
2020-05-19T14:41:02.322+0000: 14619.259: Total time for which application threads were stopped: 0.0000888 seconds, Stopping threads took: 0.0000391 seconds
2020-05-19T14:41:02.322+0000: 14619.259: Total time for which application threads were stopped: 0.0000885 seconds, Stopping threads took: 0.0000461 seconds
2020-05-19T14:41:16.371+0000: 14633.308: Total time for which application threads were stopped: 0.0000861 seconds, Stopping threads took: 0.0000221 seconds
2020-05-19T14:41:17.211+0000: 14634.149: Total time for which application threads were stopped: 0.0002448 seconds, Stopping threads took: 0.0001786 seconds
2020-05-19T14:41:17.224+0000: 14634.161: Total time for which application threads were stopped: 0.0003003 seconds, Stopping threads took: 0.0002096 seconds
{Heap before GC invocations=291 (full 16):
 par new generation   total 109248K, used 109248K [0x00000000e0000000, 0x00000000e8000000, 0x00000000e8000000)
  eden space 87424K, 100% used [0x00000000e0000000, 0x00000000e5560000, 0x00000000e5560000)
  from space 21824K, 100% used [0x00000000e6ab0000, 0x00000000e8000000, 0x00000000e8000000)
  to   space 21824K,   0% used [0x00000000e5560000, 0x00000000e5560000, 0x00000000e6ab0000)
 concurrent mark-sweep generation total 393216K, used 150741K [0x00000000e8000000, 0x0000000100000000, 0x0000000100000000)
 Metaspace       used 56918K, capacity 58720K, committed 58900K, reserved 1101824K
  class space    used 6564K, capacity 6955K, committed 6976K, reserved 1048576K
2020-05-19T14:41:17.275+0000: 14634.212: [GC (Allocation Failure) 2020-05-19T14:41:17.275+0000: 14634.212: [ParNew
Desired survivor size 20112992 bytes, new threshold 7 (max 8)
- age   1:    4659632 bytes,    4659632 total
- age   2:    3357432 bytes,    8017064 total
- age   3:    3355136 bytes,   11372200 total
- age   4:    1255080 bytes,   12627280 total
- age   5:    2289544 bytes,   14916824 total
- age   6:    2824600 bytes,   17741424 total
- age   7:    3687392 bytes,   21428816 total
: 109248K->21824K(109248K), 0.0159522 secs] 259989K->181241K(502464K), 0.0160264 secs] [Times: user=0.02 sys=0.02, real=0.02 secs] 
Heap after GC invocations=292 (full 16):
 par new generation   total 109248K, used 21824K [0x00000000e0000000, 0x00000000e8000000, 0x00000000e8000000)
  eden space 87424K,   0% used [0x00000000e0000000, 0x00000000e0000000, 0x00000000e5560000)
  from space 21824K, 100% used [0x00000000e5560000, 0x00000000e6ab0000, 0x00000000e6ab0000)
  to   space 21824K,   0% used [0x00000000e6ab0000, 0x00000000e6ab0000, 0x00000000e8000000)
 concurrent mark-sweep generation total 393216K, used 159417K [0x00000000e8000000, 0x0000000100000000, 0x0000000100000000)
 Metaspace       used 56918K, capacity 58720K, committed 58900K, reserved 1101824K
  class space    used 6564K, capacity 6955K, committed 6976K, reserved 1048576K
}
2020-05-19T14:41:17.292+0000: 14634.229: Total time for which application threads were stopped: 0.0162598 seconds, Stopping threads took: 0.0000555 seconds
2020-05-19T14:41:17.295+0000: 14634.232: Total time for which application threads were stopped: 0.0001373 seconds, Stopping threads took: 0.0000499 seconds
{Heap before GC invocations=292 (full 16):
 par new generation   total 109248K, used 109248K [0x00000000e0000000, 0x00000000e8000000, 0x00000000e8000000)
  eden space 87424K, 100% used [0x00000000e0000000, 0x00000000e5560000, 0x00000000e5560000)
  from space 21824K, 100% used [0x00000000e5560000, 0x00000000e6ab0000, 0x00000000e6ab0000)
  to   space 21824K,   0% used [0x00000000e6ab0000, 0x00000000e6ab0000, 0x00000000e8000000)
 concurrent mark-sweep generation total 393216K, used 159417K [0x00000000e8000000, 0x0000000100000000, 0x0000000100000000)
 Metaspace       used 56922K, capacity 58728K, committed 58900K, reserved 1101824K
  class space    used 6564K, capacity 6955K, committed 6976K, reserved 1048576K
2020-05-19T14:41:17.370+0000: 14634.306: [GC (Allocation Failure) 2020-05-19T14:41:17.370+0000: 14634.306: [ParNew
Desired survivor size 20112992 bytes, new threshold 7 (max 8)
- age   1:    5455232 bytes,    5455232 total
- age   2:    3808832 bytes,    9264064 total
- age   3:    3357392 bytes,   12621456 total
- age   4:    3353240 bytes,   15974696 total
- age   5:    1255080 bytes,   17229776 total
- age   6:    2289544 bytes,   19519320 total
- age   7:    2824600 bytes,   22343920 total
: 109248K->21824K(109248K), 0.0160066 secs] 268665K->190451K(502464K), 0.0161268 secs] [Times: user=0.05 sys=0.00, real=0.02 secs] 
Heap after GC invocations=293 (full 16):
 par new generation   total 109248K, used 21824K [0x00000000e0000000, 0x00000000e8000000, 0x00000000e8000000)
  eden space 87424K,   0% used [0x00000000e0000000, 0x00000000e0000000, 0x00000000e5560000)
  from space 21824K, 100% used [0x00000000e6ab0000, 0x00000000e8000000, 0x00000000e8000000)
  to   space 21824K,   0% used [0x00000000e5560000, 0x00000000e5560000, 0x00000000e6ab0000)
 concurrent mark-sweep generation total 393216K, used 168627K [0x00000000e8000000, 0x0000000100000000, 0x0000000100000000)
 Metaspace       used 56922K, capacity 58728K, committed 58900K, reserved 1101824K
  class space    used 6564K, capacity 6955K, committed 6976K, reserved 1048576K
}
2020-05-19T14:41:17.386+0000: 14634.323: Total time for which application threads were stopped: 0.0164385 seconds, Stopping threads took: 0.0001299 seconds
{Heap before GC invocations=293 (full 16):
 par new generation   total 109248K, used 109248K [0x00000000e0000000, 0x00000000e8000000, 0x00000000e8000000)
  eden space 87424K, 100% used [0x00000000e0000000, 0x00000000e5560000, 0x00000000e5560000)
  from space 21824K, 100% used [0x00000000e6ab0000, 0x00000000e8000000, 0x00000000e8000000)
  to   space 21824K,   0% used [0x00000000e5560000, 0x00000000e5560000, 0x00000000e6ab0000)
 concurrent mark-sweep generation total 393216K, used 168627K [0x00000000e8000000, 0x0000000100000000, 0x0000000100000000)
 Metaspace       used 56922K, capacity 58728K, committed 58900K, reserved 1101824K
  class space    used 6564K, capacity 6955K, committed 6976K, reserved 1048576K
2020-05-19T14:41:17.466+0000: 14634.403: [GC (Allocation Failure) 2020-05-19T14:41:17.466+0000: 14634.403: [ParNew
Desired survivor size 20112992 bytes, new threshold 7 (max 8)
- age   1:    4414368 bytes,    4414368 total
- age   2:    2926080 bytes,    7340448 total
- age   3:    3808792 bytes,   11149240 total
- age   4:    3357392 bytes,   14506632 total
- age   5:    3353240 bytes,   17859872 total
- age   6:    1255080 bytes,   19114952 total
- age   7:    2289544 bytes,   21404496 total
: 109248K->21824K(109248K), 0.0149727 secs] 277875K->199440K(502464K), 0.0150480 secs] [Times: user=0.06 sys=0.00, real=0.02 secs] 
Heap after GC invocations=294 (full 16):
 par new generation   total 109248K, used 21824K [0x00000000e0000000, 0x00000000e8000000, 0x00000000e8000000)
  eden space 87424K,   0% used [0x00000000e0000000, 0x00000000e0000000, 0x00000000e5560000)
  from space 21824K, 100% used [0x00000000e5560000, 0x00000000e6ab0000, 0x00000000e6ab0000)
  to   space 21824K,   0% used [0x00000000e6ab0000, 0x00000000e6ab0000, 0x00000000e8000000)
 concurrent mark-sweep generation total 393216K, used 177616K [0x00000000e8000000, 0x0000000100000000, 0x0000000100000000)
 Metaspace       used 56922K, capacity 58728K, committed 58900K, reserved 1101824K
  class space    used 6564K, capacity 6955K, committed 6976K, reserved 1048576K
}
2020-05-19T14:41:17.482+0000: 14634.418: Total time for which application threads were stopped: 0.0153387 seconds, Stopping threads took: 0.0000647 seconds
2020-05-19T14:41:18.016+0000: 14634.953: Total time for which application threads were stopped: 0.0001643 seconds, Stopping threads took: 0.0000547 seconds
2020-05-19T14:41:18.016+0000: 14634.953: Total time for which application threads were stopped: 0.0000632 seconds, Stopping threads took: 0.0000146 seconds
2020-05-19T14:41:18.017+0000: 14634.954: Total time for which application threads were stopped: 0.0001512 seconds, Stopping threads took: 0.0000616 seconds
2020-05-19T14:41:18.017+0000: 14634.955: Total time for which application threads were stopped: 0.0001055 seconds, Stopping threads took: 0.0000390 seconds
2020-05-19T14:41:18.018+0000: 14634.955: Total time for which application threads were stopped: 0.0001052 seconds, Stopping threads took: 0.0000509 seconds
2020-05-19T14:41:18.018+0000: 14634.955: Total time for which application threads were stopped: 0.0000512 seconds, Stopping threads took: 0.0000122 seconds
2020-05-19T14:41:18.018+0000: 14634.955: Total time for which application threads were stopped: 0.0000474 seconds, Stopping threads took: 0.0000100 seconds
2020-05-19T14:41:18.018+0000: 14634.955: Total time for which application threads were stopped: 0.0000468 seconds, Stopping threads took: 0.0000099 seconds
2020-05-19T14:41:20.758+0000: 14637.695: Total time for which application threads were stopped: 0.0008159 seconds, Stopping threads took: 0.0006954 seconds
2020-05-19T14:41:20.761+0000: 14637.697: Total time for which application threads were stopped: 0.0004959 seconds, Stopping threads took: 0.0000704 seconds
2020-05-19T14:41:20.762+0000: 14637.699: Total time for which application threads were stopped: 0.0002505 seconds, Stopping threads took: 0.0000733 seconds
2020-05-19T14:41:20.881+0000: 14637.818: Total time for which application threads were stopped: 0.0002294 seconds, Stopping threads took: 0.0000702 seconds
{Heap before GC invocations=294 (full 16):
 par new generation   total 109248K, used 109248K [0x00000000e0000000, 0x00000000e8000000, 0x00000000e8000000)
  eden space 87424K, 100% used [0x00000000e0000000, 0x00000000e5560000, 0x00000000e5560000)
  from space 21824K, 100% used [0x00000000e5560000, 0x00000000e6ab0000, 0x00000000e6ab0000)
  to   space 21824K,   0% used [0x00000000e6ab0000, 0x00000000e6ab0000, 0x00000000e8000000)
 concurrent mark-sweep generation total 393216K, used 177616K [0x00000000e8000000, 0x0000000100000000, 0x0000000100000000)
 Metaspace       used 56928K, capacity 58728K, committed 58900K, reserved 1101824K
  class space    used 6564K, capacity 6955K, committed 6976K, reserved 1048576K
2020-05-19T14:41:20.928+0000: 14637.866: [GC (Allocation Failure) 2020-05-19T14:41:20.928+0000: 14637.866: [ParNew
Desired survivor size 20112992 bytes, new threshold 7 (max 8)
- age   1:    4423536 bytes,    4423536 total
- age   2:    2539240 bytes,    6962776 total
- age   3:    2679200 bytes,    9641976 total
- age   4:    3342848 bytes,   12984824 total
- age   5:    3357000 bytes,   16341824 total
- age   6:    3351768 bytes,   19693592 total
- age   7:    1251168 bytes,   20944760 total
: 109248K->21824K(109248K), 0.0153988 secs] 286864K->206916K(502464K), 0.0155168 secs] [Times: user=0.06 sys=0.00, real=0.02 secs] 
Heap after GC invocations=295 (full 16):
 par new generation   total 109248K, used 21824K [0x00000000e0000000, 0x00000000e8000000, 0x00000000e8000000)
  eden space 87424K,   0% used [0x00000000e0000000, 0x00000000e0000000, 0x00000000e5560000)
  from space 21824K, 100% used [0x00000000e6ab0000, 0x00000000e8000000, 0x00000000e8000000)
  to   space 21824K,   0% used [0x00000000e5560000, 0x00000000e5560000, 0x00000000e6ab0000)
 concurrent mark-sweep generation total 393216K, used 185092K [0x00000000e8000000, 0x0000000100000000, 0x0000000100000000)
 Metaspace       used 56928K, capacity 58728K, committed 58900K, reserved 1101824K
  class space    used 6564K, capacity 6955K, committed 6976K, reserved 1048576K
}
2020-05-19T14:41:20.944+0000: 14637.881: Total time for which application threads were stopped: 0.0157568 seconds, Stopping threads took: 0.0000612 seconds
{Heap before GC invocations=295 (full 16):
 par new generation   total 109248K, used 109248K [0x00000000e0000000, 0x00000000e8000000, 0x00000000e8000000)
  eden space 87424K, 100% used [0x00000000e0000000, 0x00000000e5560000, 0x00000000e5560000)
  from space 21824K, 100% used [0x00000000e6ab0000, 0x00000000e8000000, 0x00000000e8000000)
  to   space 21824K,   0% used [0x00000000e5560000, 0x00000000e5560000, 0x00000000e6ab0000)
 concurrent mark-sweep generation total 393216K, used 185092K [0x00000000e8000000, 0x0000000100000000, 0x0000000100000000)
 Metaspace       used 56928K, capacity 58728K, committed 58900K, reserved 1101824K
  class space    used 6564K, capacity 6955K, committed 6976K, reserved 1048576K
2020-05-19T14:41:21.029+0000: 14637.965: [GC (Allocation Failure) 2020-05-19T14:41:21.029+0000: 14637.965: [ParNew
Desired survivor size 20112992 bytes, new threshold 7 (max 8)
- age   1:    4483312 bytes,    4483312 total
- age   2:    2770592 bytes,    7253904 total
- age   3:    1555440 bytes,    8809344 total
- age   4:    2505688 bytes,   11315032 total
- age   5:    3112064 bytes,   14427096 total
- age   6:    3247824 bytes,   17674920 total
- age   7:    3332864 bytes,   21007784 total
: 109248K->21824K(109248K), 0.0171454 secs] 294340K->215322K(502464K), 0.0172083 secs] [Times: user=0.05 sys=0.00, real=0.02 secs] 
Heap after GC invocations=296 (full 16):
 par new generation   total 109248K, used 21824K [0x00000000e0000000, 0x00000000e8000000, 0x00000000e8000000)
  eden space 87424K,   0% used [0x00000000e0000000, 0x00000000e0000000, 0x00000000e5560000)
  from space 21824K, 100% used [0x00000000e5560000, 0x00000000e6ab0000, 0x00000000e6ab0000)
  to   space 21824K,   0% used [0x00000000e6ab0000, 0x00000000e6ab0000, 0x00000000e8000000)
 concurrent mark-sweep generation total 393216K, used 193498K [0x00000000e8000000, 0x0000000100000000, 0x0000000100000000)
 Metaspace       used 56928K, capacity 58728K, committed 58900K, reserved 1101824K
  class space    used 6564K, capacity 6955K, committed 6976K, reserved 1048576K
}
2020-05-19T14:41:21.046+0000: 14637.983: Total time for which application threads were stopped: 0.0175096 seconds, Stopping threads took: 0.0001255 seconds
2020-05-19T14:41:21.911+0000: 14638.848: Total time for which application threads were stopped: 0.0003843 seconds, Stopping threads took: 0.0001110 seconds
2020-05-19T14:41:21.911+0000: 14638.848: Total time for which application threads were stopped: 0.0000620 seconds, Stopping threads took: 0.0000137 seconds
2020-05-19T14:41:21.912+0000: 14638.848: Total time for which application threads were stopped: 0.0001916 seconds, Stopping threads took: 0.0000720 seconds
2020-05-19T14:41:21.913+0000: 14638.850: Total time for which application threads were stopped: 0.0001258 seconds, Stopping threads took: 0.0000494 seconds
2020-05-19T14:41:21.913+0000: 14638.850: Total time for which application threads were stopped: 0.0001000 seconds, Stopping threads took: 0.0000398 seconds
2020-05-19T14:41:21.913+0000: 14638.850: Total time for which application threads were stopped: 0.0000512 seconds, Stopping threads took: 0.0000120 seconds
2020-05-19T14:41:21.913+0000: 14638.850: Total time for which application threads were stopped: 0.0000522 seconds, Stopping threads took: 0.0000144 seconds
2020-05-19T14:41:21.913+0000: 14638.850: Total time for which application threads were stopped: 0.0000784 seconds, Stopping threads took: 0.0000356 seconds
2020-05-19T14:41:28.968+0000: 14645.904: Total time for which application threads were stopped: 0.0002201 seconds, Stopping threads took: 0.0001444 seconds
2020-05-19T14:41:28.971+0000: 14645.907: Total time for which application threads were stopped: 0.0002035 seconds, Stopping threads took: 0.0000560 seconds
2020-05-19T14:41:28.979+0000: 14645.916: Total time for which application threads were stopped: 0.0001357 seconds, Stopping threads took: 0.0000618 seconds
2020-05-19T14:41:28.981+0000: 14645.917: Total time for which application threads were stopped: 0.0001424 seconds, Stopping threads took: 0.0000643 seconds
{Heap before GC invocations=296 (full 16):
 par new generation   total 109248K, used 109248K [0x00000000e0000000, 0x00000000e8000000, 0x00000000e8000000)
  eden space 87424K, 100% used [0x00000000e0000000, 0x00000000e5560000, 0x00000000e5560000)
  from space 21824K, 100% used [0x00000000e5560000, 0x00000000e6ab0000, 0x00000000e6ab0000)
  to   space 21824K,   0% used [0x00000000e6ab0000, 0x00000000e6ab0000, 0x00000000e8000000)
 concurrent mark-sweep generation total 393216K, used 193498K [0x00000000e8000000, 0x0000000100000000, 0x0000000100000000)
 Metaspace       used 56929K, capacity 58728K, committed 58900K, reserved 1101824K
  class space    used 6564K, capacity 6955K, committed 6976K, reserved 1048576K
2020-05-19T14:41:29.029+0000: 14645.966: [GC (Allocation Failure) 2020-05-19T14:41:29.029+0000: 14645.966: [ParNew
Desired survivor size 20112992 bytes, new threshold 7 (max 8)
- age   1:    5384520 bytes,    5384520 total
- age   2:    4152552 bytes,    9537072 total
- age   3:    2384920 bytes,   11921992 total
- age   4:    1555440 bytes,   13477432 total
- age   5:    2505688 bytes,   15983120 total
- age   6:    3111896 bytes,   19095016 total
- age   7:    3247824 bytes,   22342840 total
: 109248K->21824K(109248K), 0.0158827 secs] 302746K->223328K(502464K), 0.0159895 secs] [Times: user=0.05 sys=0.02, real=0.02 secs] 
Heap after GC invocations=297 (full 16):
 par new generation   total 109248K, used 21824K [0x00000000e0000000, 0x00000000e8000000, 0x00000000e8000000)
  eden space 87424K,   0% used [0x00000000e0000000, 0x00000000e0000000, 0x00000000e5560000)
  from space 21824K, 100% used [0x00000000e6ab0000, 0x00000000e8000000, 0x00000000e8000000)
  to   space 21824K,   0% used [0x00000000e5560000, 0x00000000e5560000, 0x00000000e6ab0000)
 concurrent mark-sweep generation total 393216K, used 201504K [0x00000000e8000000, 0x0000000100000000, 0x0000000100000000)
 Metaspace       used 56929K, capacity 58728K, committed 58900K, reserved 1101824K
  class space    used 6564K, capacity 6955K, committed 6976K, reserved 1048576K
}
2020-05-19T14:41:29.045+0000: 14645.982: Total time for which application threads were stopped: 0.0162262 seconds, Stopping threads took: 0.0000582 seconds
2020-05-19T14:41:29.046+0000: 14645.982: [GC (CMS Initial Mark) [1 CMS-initial-mark: 201504K(393216K)] 223795K(502464K), 0.0036060 secs] [Times: user=0.00 sys=0.00, real=0.00 secs] 
2020-05-19T14:41:29.049+0000: 14645.986: Total time for which application threads were stopped: 0.0038858 seconds, Stopping threads took: 0.0001761 seconds
2020-05-19T14:41:29.049+0000: 14645.986: [CMS-concurrent-mark-start]
2020-05-19T14:41:29.075+0000: 14646.012: [CMS-concurrent-mark: 0.026/0.026 secs] [Times: user=0.13 sys=0.00, real=0.03 secs] 
2020-05-19T14:41:29.075+0000: 14646.012: [CMS-concurrent-preclean-start]
2020-05-19T14:41:29.077+0000: 14646.014: [CMS-concurrent-preclean: 0.002/0.002 secs] [Times: user=0.00 sys=0.00, real=0.00 secs] 
2020-05-19T14:41:29.077+0000: 14646.014: [GC (CMS Final Remark) [YG occupancy: 23224 K (109248 K)]{Heap before GC invocations=297 (full 17):
 par new generation   total 109248K, used 23224K [0x00000000e0000000, 0x00000000e8000000, 0x00000000e8000000)
  eden space 87424K,   1% used [0x00000000e0000000, 0x00000000e015e280, 0x00000000e5560000)
  from space 21824K, 100% used [0x00000000e6ab0000, 0x00000000e8000000, 0x00000000e8000000)
  to   space 21824K,   0% used [0x00000000e5560000, 0x00000000e5560000, 0x00000000e6ab0000)
 concurrent mark-sweep generation total 393216K, used 201504K [0x00000000e8000000, 0x0000000100000000, 0x0000000100000000)
 Metaspace       used 56929K, capacity 58728K, committed 58900K, reserved 1101824K
  class space    used 6564K, capacity 6955K, committed 6976K, reserved 1048576K
2020-05-19T14:41:29.077+0000: 14646.014: [GC (CMS Final Remark) 2020-05-19T14:41:29.077+0000: 14646.014: [ParNew
Desired survivor size 20112992 bytes, new threshold 8 (max 8)
- age   1:      65224 bytes,      65224 total
- age   2:    4876592 bytes,    4941816 total
- age   3:    4152552 bytes,    9094368 total
- age   4:    2384840 bytes,   11479208 total
- age   5:    1555440 bytes,   13034648 total
- age   6:    2505688 bytes,   15540336 total
- age   7:    3111896 bytes,   18652232 total
: 23224K->21824K(109248K), 0.0105585 secs] 224729K->226653K(502464K), 0.0106580 secs] [Times: user=0.06 sys=0.00, real=0.01 secs] 
Heap after GC invocations=298 (full 17):
 par new generation   total 109248K, used 21824K [0x00000000e0000000, 0x00000000e8000000, 0x00000000e8000000)
  eden space 87424K,   0% used [0x00000000e0000000, 0x00000000e0000000, 0x00000000e5560000)
  from space 21824K, 100% used [0x00000000e5560000, 0x00000000e6ab0000, 0x00000000e6ab0000)
  to   space 21824K,   0% used [0x00000000e6ab0000, 0x00000000e6ab0000, 0x00000000e8000000)
 concurrent mark-sweep generation total 393216K, used 204829K [0x00000000e8000000, 0x0000000100000000, 0x0000000100000000)
 Metaspace       used 56929K, capacity 58728K, committed 58900K, reserved 1101824K
  class space    used 6564K, capacity 6955K, committed 6976K, reserved 1048576K
}
2020-05-19T14:41:29.088+0000: 14646.025: [Rescan (parallel) , 0.0045061 secs]2020-05-19T14:41:29.093+0000: 14646.029: [weak refs processing, 0.0048243 secs]2020-05-19T14:41:29.096+0000: 14646.034: [class unloading, 0.0107695 secs]2020-05-19T14:41:29.107+0000: 14646.045: [scrub symbol table, 0.0091834 secs]2020-05-19T14:41:29.117+0000: 14646.054: [scrub string table, 0.0007732 secs][1 CMS-remark: 204829K(393216K)] 226653K(502464K), 0.0411785 secs] [Times: user=0.08 sys=0.02, real=0.04 secs] 
2020-05-19T14:41:29.118+0000: 14646.055: Total time for which application threads were stopped: 0.0413481 seconds, Stopping threads took: 0.0000594 seconds
2020-05-19T14:41:29.118+0000: 14646.055: [CMS-concurrent-sweep-start]
2020-05-19T14:41:29.118+0000: 14646.056: Total time for which application threads were stopped: 0.0001456 seconds, Stopping threads took: 0.0000668 seconds
2020-05-19T14:41:29.118+0000: 14646.056: Total time for which application threads were stopped: 0.0001240 seconds, Stopping threads took: 0.0000408 seconds
2020-05-19T14:41:29.119+0000: 14646.056: Total time for which application threads were stopped: 0.0000950 seconds, Stopping threads took: 0.0000390 seconds
2020-05-19T14:41:29.119+0000: 14646.056: Total time for which application threads were stopped: 0.0000853 seconds, Stopping threads took: 0.0000366 seconds
2020-05-19T14:41:29.119+0000: 14646.057: Total time for which application threads were stopped: 0.0000866 seconds, Stopping threads took: 0.0000427 seconds
2020-05-19T14:41:29.119+0000: 14646.057: Total time for which application threads were stopped: 0.0000776 seconds, Stopping threads took: 0.0000355 seconds
2020-05-19T14:41:29.127+0000: 14646.064: Total time for which application threads were stopped: 0.0004220 seconds, Stopping threads took: 0.0000646 seconds
2020-05-19T14:41:29.195+0000: 14646.132: [CMS-concurrent-sweep: 0.076/0.077 secs] [Times: user=0.19 sys=0.02, real=0.08 secs] 
2020-05-19T14:41:29.195+0000: 14646.132: [CMS-concurrent-reset-start]
2020-05-19T14:41:29.196+0000: 14646.133: [CMS-concurrent-reset: 0.001/0.001 secs] [Times: user=0.00 sys=0.00, real=0.00 secs] 
{Heap before GC invocations=298 (full 17):
 par new generation   total 109248K, used 109248K [0x00000000e0000000, 0x00000000e8000000, 0x00000000e8000000)
  eden space 87424K, 100% used [0x00000000e0000000, 0x00000000e5560000, 0x00000000e5560000)
  from space 21824K, 100% used [0x00000000e5560000, 0x00000000e6ab0000, 0x00000000e6ab0000)
  to   space 21824K,   0% used [0x00000000e6ab0000, 0x00000000e6ab0000, 0x00000000e8000000)
 concurrent mark-sweep generation total 393216K, used 87546K [0x00000000e8000000, 0x0000000100000000, 0x0000000100000000)
 Metaspace       used 56929K, capacity 58728K, committed 58900K, reserved 1101824K
  class space    used 6564K, capacity 6955K, committed 6976K, reserved 1048576K
2020-05-19T14:41:29.243+0000: 14646.180: [GC (Allocation Failure) 2020-05-19T14:41:29.243+0000: 14646.181: [ParNew
Desired survivor size 20112992 bytes, new threshold 8 (max 8)
- age   1:    7106848 bytes,    7106848 total
- age   2:        560 bytes,    7107408 total
- age   3:    2971216 bytes,   10078624 total
- age   4:    3557432 bytes,   13636056 total
- age   5:    2344592 bytes,   15980648 total
- age   6:    1490096 bytes,   17470744 total
- age   7:    2137336 bytes,   19608080 total
- age   8:    2731400 bytes,   22339480 total
: 109248K->21824K(109248K), 0.0120934 secs] 196794K->112934K(502464K), 0.0121651 secs] [Times: user=0.00 sys=0.00, real=0.01 secs] 
Heap after GC invocations=299 (full 17):
 par new generation   total 109248K, used 21824K [0x00000000e0000000, 0x00000000e8000000, 0x00000000e8000000)
  eden space 87424K,   0% used [0x00000000e0000000, 0x00000000e0000000, 0x00000000e5560000)
  from space 21824K, 100% used [0x00000000e6ab0000, 0x00000000e8000000, 0x00000000e8000000)
  to   space 21824K,   0% used [0x00000000e5560000, 0x00000000e5560000, 0x00000000e6ab0000)
 concurrent mark-sweep generation total 393216K, used 91110K [0x00000000e8000000, 0x0000000100000000, 0x0000000100000000)
 Metaspace       used 56929K, capacity 58728K, committed 58900K, reserved 1101824K
  class space    used 6564K, capacity 6955K, committed 6976K, reserved 1048576K
}
2020-05-19T14:41:29.256+0000: 14646.193: Total time for which application threads were stopped: 0.0124130 seconds, Stopping threads took: 0.0000621 seconds
{Heap before GC invocations=299 (full 17):
 par new generation   total 109248K, used 109248K [0x00000000e0000000, 0x00000000e8000000, 0x00000000e8000000)
  eden space 87424K, 100% used [0x00000000e0000000, 0x00000000e5560000, 0x00000000e5560000)
  from space 21824K, 100% used [0x00000000e6ab0000, 0x00000000e8000000, 0x00000000e8000000)
  to   space 21824K,   0% used [0x00000000e5560000, 0x00000000e5560000, 0x00000000e6ab0000)
 concurrent mark-sweep generation total 393216K, used 91110K [0x00000000e8000000, 0x0000000100000000, 0x0000000100000000)
 Metaspace       used 56929K, capacity 58728K, committed 58900K, reserved 1101824K
  class space    used 6564K, capacity 6955K, committed 6976K, reserved 1048576K
2020-05-19T14:41:29.334+0000: 14646.271: [GC (Allocation Failure) 2020-05-19T14:41:29.334+0000: 14646.271: [ParNew
Desired survivor size 20112992 bytes, new threshold 7 (max 8)
- age   1:    6205456 bytes,    6205456 total
- age   2:    3566104 bytes,    9771560 total
- age   3:        520 bytes,    9772080 total
- age   4:    2971064 bytes,   12743144 total
- age   5:    3557432 bytes,   16300576 total
- age   6:    2344520 bytes,   18645096 total
- age   7:    1489816 bytes,   20134912 total
- age   8:    2137272 bytes,   22272184 total
: 109248K->21824K(109248K), 0.0141116 secs] 200358K->120075K(502464K), 0.0141804 secs] [Times: user=0.06 sys=0.00, real=0.01 secs] 
Heap after GC invocations=300 (full 17):
 par new generation   total 109248K, used 21824K [0x00000000e0000000, 0x00000000e8000000, 0x00000000e8000000)
  eden space 87424K,   0% used [0x00000000e0000000, 0x00000000e0000000, 0x00000000e5560000)
  from space 21824K, 100% used [0x00000000e5560000, 0x00000000e6ab0000, 0x00000000e6ab0000)
  to   space 21824K,   0% used [0x00000000e6ab0000, 0x00000000e6ab0000, 0x00000000e8000000)
 concurrent mark-sweep generation total 393216K, used 98251K [0x00000000e8000000, 0x0000000100000000, 0x0000000100000000)
 Metaspace       used 56929K, capacity 58728K, committed 58900K, reserved 1101824K
  class space    used 6564K, capacity 6955K, committed 6976K, reserved 1048576K
}
2020-05-19T14:41:29.348+0000: 14646.285: Total time for which application threads were stopped: 0.0144155 seconds, Stopping threads took: 0.0000564 seconds
2020-05-19T14:41:29.939+0000: 14646.876: Total time for which application threads were stopped: 0.0003241 seconds, Stopping threads took: 0.0001160 seconds
2020-05-19T14:41:29.940+0000: 14646.877: Total time for which application threads were stopped: 0.0001482 seconds, Stopping threads took: 0.0000587 seconds
2020-05-19T14:41:29.941+0000: 14646.878: Total time for which application threads were stopped: 0.0001656 seconds, Stopping threads took: 0.0001026 seconds
2020-05-19T14:41:29.941+0000: 14646.878: Total time for which application threads were stopped: 0.0000811 seconds, Stopping threads took: 0.0000365 seconds
2020-05-19T14:41:29.941+0000: 14646.878: Total time for which application threads were stopped: 0.0000413 seconds, Stopping threads took: 0.0000139 seconds
2020-05-19T14:41:29.941+0000: 14646.878: Total time for which application threads were stopped: 0.0000361 seconds, Stopping threads took: 0.0000093 seconds
2020-05-19T14:41:30.229+0000: 14647.166: Total time for which application threads were stopped: 0.0017488 seconds, Stopping threads took: 0.0016539 seconds
2020-05-19T14:41:30.232+0000: 14647.169: Total time for which application threads were stopped: 0.0002048 seconds, Stopping threads took: 0.0000659 seconds
2020-05-19T14:41:30.304+0000: 14647.240: Total time for which application threads were stopped: 0.0001758 seconds, Stopping threads took: 0.0000857 seconds
{Heap before GC invocations=300 (full 17):
 par new generation   total 109248K, used 109248K [0x00000000e0000000, 0x00000000e8000000, 0x00000000e8000000)
  eden space 87424K, 100% used [0x00000000e0000000, 0x00000000e5560000, 0x00000000e5560000)
  from space 21824K, 100% used [0x00000000e5560000, 0x00000000e6ab0000, 0x00000000e6ab0000)
  to   space 21824K,   0% used [0x00000000e6ab0000, 0x00000000e6ab0000, 0x00000000e8000000)
 concurrent mark-sweep generation total 393216K, used 98251K [0x00000000e8000000, 0x0000000100000000, 0x0000000100000000)
 Metaspace       used 56932K, capacity 58728K, committed 58900K, reserved 1101824K
  class space    used 6564K, capacity 6955K, committed 6976K, reserved 1048576K
2020-05-19T14:41:30.345+0000: 14647.282: [GC (Allocation Failure) 2020-05-19T14:41:30.345+0000: 14647.282: [ParNew
Desired survivor size 20112992 bytes, new threshold 7 (max 8)
- age   1:    7192832 bytes,    7192832 total
- age   2:    2053248 bytes,    9246080 total
- age   3:    3324984 bytes,   12571064 total
- age   4:        520 bytes,   12571584 total
- age   5:    2763384 bytes,   15334968 total
- age   6:    3557432 bytes,   18892400 total
- age   7:    2344016 bytes,   21236416 total
: 109248K->21824K(109248K), 0.0142233 secs] 207499K->125741K(502464K), 0.0142995 secs] [Times: user=0.06 sys=0.00, real=0.01 secs] 
Heap after GC invocations=301 (full 17):
 par new generation   total 109248K, used 21824K [0x00000000e0000000, 0x00000000e8000000, 0x00000000e8000000)
  eden space 87424K,   0% used [0x00000000e0000000, 0x00000000e0000000, 0x00000000e5560000)
  from space 21824K, 100% used [0x00000000e6ab0000, 0x00000000e8000000, 0x00000000e8000000)
  to   space 21824K,   0% used [0x00000000e5560000, 0x00000000e5560000, 0x00000000e6ab0000)
 concurrent mark-sweep generation total 393216K, used 103917K [0x00000000e8000000, 0x0000000100000000, 0x0000000100000000)
 Metaspace       used 56932K, capacity 58728K, committed 58900K, reserved 1101824K
  class space    used 6564K, capacity 6955K, committed 6976K, reserved 1048576K
}
2020-05-19T14:41:30.359+0000: 14647.296: Total time for which application threads were stopped: 0.0145728 seconds, Stopping threads took: 0.0000666 seconds
{Heap before GC invocations=301 (full 17):
 par new generation   total 109248K, used 109248K [0x00000000e0000000, 0x00000000e8000000, 0x00000000e8000000)
  eden space 87424K, 100% used [0x00000000e0000000, 0x00000000e5560000, 0x00000000e5560000)
  from space 21824K, 100% used [0x00000000e6ab0000, 0x00000000e8000000, 0x00000000e8000000)
  to   space 21824K,   0% used [0x00000000e5560000, 0x00000000e5560000, 0x00000000e6ab0000)
 concurrent mark-sweep generation total 393216K, used 103917K [0x00000000e8000000, 0x0000000100000000, 0x0000000100000000)
 Metaspace       used 56932K, capacity 58728K, committed 58900K, reserved 1101824K
  class space    used 6564K, capacity 6955K, committed 6976K, reserved 1048576K
2020-05-19T14:41:30.436+0000: 14647.373: [GC (Allocation Failure) 2020-05-19T14:41:30.436+0000: 14647.373: [ParNew
Desired survivor size 20112992 bytes, new threshold 7 (max 8)
- age   1:    4623328 bytes,    4623328 total
- age   2:    6002008 bytes,   10625336 total
- age   3:    2044712 bytes,   12670048 total
- age   4:    3324880 bytes,   15994928 total
- age   5:        520 bytes,   15995448 total
- age   6:    2763160 bytes,   18758608 total
- age   7:    3557432 bytes,   22316040 total
: 109248K->21824K(109248K), 0.0147642 secs] 213165K->134166K(502464K), 0.0148380 secs] [Times: user=0.06 sys=0.00, real=0.01 secs] 
Heap after GC invocations=302 (full 17):
 par new generation   total 109248K, used 21824K [0x00000000e0000000, 0x00000000e8000000, 0x00000000e8000000)
  eden space 87424K,   0% used [0x00000000e0000000, 0x00000000e0000000, 0x00000000e5560000)
  from space 21824K, 100% used [0x00000000e5560000, 0x00000000e6ab0000, 0x00000000e6ab0000)
  to   space 21824K,   0% used [0x00000000e6ab0000, 0x00000000e6ab0000, 0x00000000e8000000)
 concurrent mark-sweep generation total 393216K, used 112342K [0x00000000e8000000, 0x0000000100000000, 0x0000000100000000)
 Metaspace       used 56932K, capacity 58728K, committed 58900K, reserved 1101824K
  class space    used 6564K, capacity 6955K, committed 6976K, reserved 1048576K
}
2020-05-19T14:41:30.452+0000: 14647.388: Total time for which application threads were stopped: 0.0151377 seconds, Stopping threads took: 0.0000797 seconds
2020-05-19T14:41:31.358+0000: 14648.295: Total time for which application threads were stopped: 0.0001671 seconds, Stopping threads took: 0.0000724 seconds
2020-05-19T14:41:31.359+0000: 14648.296: Total time for which application threads were stopped: 0.0001454 seconds, Stopping threads took: 0.0000513 seconds
2020-05-19T14:41:31.359+0000: 14648.296: Total time for which application threads were stopped: 0.0000898 seconds, Stopping threads took: 0.0000376 seconds
2020-05-19T14:41:31.359+0000: 14648.297: Total time for which application threads were stopped: 0.0000516 seconds, Stopping threads took: 0.0000130 seconds
2020-05-19T14:41:31.360+0000: 14648.297: Total time for which application threads were stopped: 0.0000704 seconds, Stopping threads took: 0.0000275 seconds
2020-05-19T14:41:31.360+0000: 14648.297: Total time for which application threads were stopped: 0.0001662 seconds, Stopping threads took: 0.0000142 seconds
2020-05-19T14:41:39.088+0000: 14656.025: Total time for which application threads were stopped: 0.0002143 seconds, Stopping threads took: 0.0001493 seconds
2020-05-19T14:41:39.090+0000: 14656.027: Total time for which application threads were stopped: 0.0001435 seconds, Stopping threads took: 0.0000639 seconds
2020-05-19T14:41:39.091+0000: 14656.029: Total time for which application threads were stopped: 0.0001392 seconds, Stopping threads took: 0.0000572 seconds
{Heap before GC invocations=302 (full 17):
 par new generation   total 109248K, used 109248K [0x00000000e0000000, 0x00000000e8000000, 0x00000000e8000000)
  eden space 87424K, 100% used [0x00000000e0000000, 0x00000000e5560000, 0x00000000e5560000)
  from space 21824K, 100% used [0x00000000e5560000, 0x00000000e6ab0000, 0x00000000e6ab0000)
  to   space 21824K,   0% used [0x00000000e6ab0000, 0x00000000e6ab0000, 0x00000000e8000000)
 concurrent mark-sweep generation total 393216K, used 112342K [0x00000000e8000000, 0x0000000100000000, 0x0000000100000000)
 Metaspace       used 56944K, capacity 58728K, committed 58900K, reserved 1101824K
  class space    used 6564K, capacity 6955K, committed 6976K, reserved 1048576K
2020-05-19T14:41:39.145+0000: 14656.082: [GC (Allocation Failure) 2020-05-19T14:41:39.145+0000: 14656.082: [ParNew
Desired survivor size 20112992 bytes, new threshold 7 (max 8)
- age   1:    4478080 bytes,    4478080 total
- age   2:    3805272 bytes,    8283352 total
- age   3:    5528352 bytes,   13811704 total
- age   4:    2044712 bytes,   15856416 total
- age   5:    3324576 bytes,   19180992 total
- age   6:        520 bytes,   19181512 total
- age   7:    2762696 bytes,   21944208 total
: 109248K->21824K(109248K), 0.0154538 secs] 221590K->143135K(502464K), 0.0155201 secs] [Times: user=0.06 sys=0.00, real=0.02 secs] 
Heap after GC invocations=303 (full 17):
 par new generation   total 109248K, used 21824K [0x00000000e0000000, 0x00000000e8000000, 0x00000000e8000000)
  eden space 87424K,   0% used [0x00000000e0000000, 0x00000000e0000000, 0x00000000e5560000)
  from space 21824K, 100% used [0x00000000e6ab0000, 0x00000000e8000000, 0x00000000e8000000)
  to   space 21824K,   0% used [0x00000000e5560000, 0x00000000e5560000, 0x00000000e6ab0000)
 concurrent mark-sweep generation total 393216K, used 121311K [0x00000000e8000000, 0x0000000100000000, 0x0000000100000000)
 Metaspace       used 56944K, capacity 58728K, committed 58900K, reserved 1101824K
  class space    used 6564K, capacity 6955K, committed 6976K, reserved 1048576K
}
2020-05-19T14:41:39.161+0000: 14656.098: Total time for which application threads were stopped: 0.0157670 seconds, Stopping threads took: 0.0000635 seconds
2020-05-19T14:41:39.171+0000: 14656.108: Total time for which application threads were stopped: 0.0001462 seconds, Stopping threads took: 0.0000573 seconds
{Heap before GC invocations=303 (full 17):
 par new generation   total 109248K, used 109248K [0x00000000e0000000, 0x00000000e8000000, 0x00000000e8000000)
  eden space 87424K, 100% used [0x00000000e0000000, 0x00000000e5560000, 0x00000000e5560000)
  from space 21824K, 100% used [0x00000000e6ab0000, 0x00000000e8000000, 0x00000000e8000000)
  to   space 21824K,   0% used [0x00000000e5560000, 0x00000000e5560000, 0x00000000e6ab0000)
 concurrent mark-sweep generation total 393216K, used 121311K [0x00000000e8000000, 0x0000000100000000, 0x0000000100000000)
 Metaspace       used 56944K, capacity 58728K, committed 58900K, reserved 1101824K
  class space    used 6564K, capacity 6955K, committed 6976K, reserved 1048576K
2020-05-19T14:41:39.255+0000: 14656.192: [GC (Allocation Failure) 2020-05-19T14:41:39.255+0000: 14656.192: [ParNew
Desired survivor size 20112992 bytes, new threshold 8 (max 8)
- age   1:    3613896 bytes,    3613896 total
- age   2:    3425640 bytes,    7039536 total
- age   3:    2923176 bytes,    9962712 total
- age   4:    4229456 bytes,   14192168 total
- age   5:    2043008 bytes,   16235176 total
- age   6:    3282176 bytes,   19517352 total
- age   7:        144 bytes,   19517496 total
: 109248K->21824K(109248K), 0.0158627 secs] 230559K->155256K(502464K), 0.0159408 secs] [Times: user=0.06 sys=0.00, real=0.01 secs] 
Heap after GC invocations=304 (full 17):
 par new generation   total 109248K, used 21824K [0x00000000e0000000, 0x00000000e8000000, 0x00000000e8000000)
  eden space 87424K,   0% used [0x00000000e0000000, 0x00000000e0000000, 0x00000000e5560000)
  from space 21824K, 100% used [0x00000000e5560000, 0x00000000e6ab0000, 0x00000000e6ab0000)
  to   space 21824K,   0% used [0x00000000e6ab0000, 0x00000000e6ab0000, 0x00000000e8000000)
 concurrent mark-sweep generation total 393216K, used 133432K [0x00000000e8000000, 0x0000000100000000, 0x0000000100000000)
 Metaspace       used 56944K, capacity 58728K, committed 58900K, reserved 1101824K
  class space    used 6564K, capacity 6955K, committed 6976K, reserved 1048576K
}
2020-05-19T14:41:39.270+0000: 14656.208: Total time for which application threads were stopped: 0.0162056 seconds, Stopping threads took: 0.0000722 seconds
{Heap before GC invocations=304 (full 17):
 par new generation   total 109248K, used 109248K [0x00000000e0000000, 0x00000000e8000000, 0x00000000e8000000)
  eden space 87424K, 100% used [0x00000000e0000000, 0x00000000e5560000, 0x00000000e5560000)
  from space 21824K, 100% used [0x00000000e5560000, 0x00000000e6ab0000, 0x00000000e6ab0000)
  to   space 21824K,   0% used [0x00000000e6ab0000, 0x00000000e6ab0000, 0x00000000e8000000)
 concurrent mark-sweep generation total 393216K, used 133432K [0x00000000e8000000, 0x0000000100000000, 0x0000000100000000)
 Metaspace       used 56944K, capacity 58728K, committed 58900K, reserved 1101824K
  class space    used 6564K, capacity 6955K, committed 6976K, reserved 1048576K
2020-05-19T14:41:39.369+0000: 14656.306: [GC (Allocation Failure) 2020-05-19T14:41:39.369+0000: 14656.306: [ParNew
Desired survivor size 20112992 bytes, new threshold 7 (max 8)
- age   1:    3260208 bytes,    3260208 total
- age   2:    3174624 bytes,    6434832 total
- age   3:    3425432 bytes,    9860264 total
- age   4:    2923176 bytes,   12783440 total
- age   5:    4229456 bytes,   17012896 total
- age   6:    2043008 bytes,   19055904 total
- age   7:    3282176 bytes,   22338080 total
- age   8:        144 bytes,   22338224 total
: 109248K->21824K(109248K), 0.0156657 secs] 242680K->162616K(502464K), 0.0157410 secs] [Times: user=0.06 sys=0.00, real=0.02 secs] 
Heap after GC invocations=305 (full 17):
 par new generation   total 109248K, used 21824K [0x00000000e0000000, 0x00000000e8000000, 0x00000000e8000000)
  eden space 87424K,   0% used [0x00000000e0000000, 0x00000000e0000000, 0x00000000e5560000)
  from space 21824K, 100% used [0x00000000e6ab0000, 0x00000000e8000000, 0x00000000e8000000)
  to   space 21824K,   0% used [0x00000000e5560000, 0x00000000e5560000, 0x00000000e6ab0000)
 concurrent mark-sweep generation total 393216K, used 140792K [0x00000000e8000000, 0x0000000100000000, 0x0000000100000000)
 Metaspace       used 56944K, capacity 58728K, committed 58900K, reserved 1101824K
  class space    used 6564K, capacity 6955K, committed 6976K, reserved 1048576K
}
2020-05-19T14:41:39.385+0000: 14656.322: Total time for which application threads were stopped: 0.0159926 seconds, Stopping threads took: 0.0000676 seconds
2020-05-19T14:41:40.385+0000: 14657.322: Total time for which application threads were stopped: 0.0001311 seconds, Stopping threads took: 0.0000556 seconds
2020-05-19T14:41:40.930+0000: 14657.867: Total time for which application threads were stopped: 0.0004483 seconds, Stopping threads took: 0.0000777 seconds
2020-05-19T14:41:40.931+0000: 14657.868: Total time for which application threads were stopped: 0.0001737 seconds, Stopping threads took: 0.0000533 seconds
2020-05-19T14:41:40.931+0000: 14657.868: Total time for which application threads were stopped: 0.0001505 seconds, Stopping threads took: 0.0000444 seconds
2020-05-19T14:41:41.931+0000: 14658.868: Total time for which application threads were stopped: 0.0001436 seconds, Stopping threads took: 0.0000790 seconds
2020-05-19T14:41:45.933+0000: 14662.869: Total time for which application threads were stopped: 0.0001375 seconds, Stopping threads took: 0.0000757 seconds
2020-05-19T14:41:57.992+0000: 14674.928: Total time for which application threads were stopped: 0.0002734 seconds, Stopping threads took: 0.0000711 seconds
2020-05-19T14:41:57.993+0000: 14674.930: Total time for which application threads were stopped: 0.0002560 seconds, Stopping threads took: 0.0001390 seconds
2020-05-19T14:41:58.993+0000: 14675.930: Total time for which application threads were stopped: 0.0004065 seconds, Stopping threads took: 0.0001159 seconds
2020-05-19T14:42:12.348+0000: 14689.285: Total time for which application threads were stopped: 0.0007343 seconds, Stopping threads took: 0.0004494 seconds
2020-05-19T14:42:12.379+0000: 14689.316: Total time for which application threads were stopped: 0.0001660 seconds, Stopping threads took: 0.0000397 seconds
2020-05-19T14:42:12.381+0000: 14689.318: Total time for which application threads were stopped: 0.0001259 seconds, Stopping threads took: 0.0000370 seconds
2020-05-19T14:42:12.443+0000: 14689.380: Total time for which application threads were stopped: 0.0001261 seconds, Stopping threads took: 0.0000425 seconds
{Heap before GC invocations=305 (full 17):
 par new generation   total 109248K, used 109248K [0x00000000e0000000, 0x00000000e8000000, 0x00000000e8000000)
  eden space 87424K, 100% used [0x00000000e0000000, 0x00000000e5560000, 0x00000000e5560000)
  from space 21824K, 100% used [0x00000000e6ab0000, 0x00000000e8000000, 0x00000000e8000000)
  to   space 21824K,   0% used [0x00000000e5560000, 0x00000000e5560000, 0x00000000e6ab0000)
 concurrent mark-sweep generation total 393216K, used 140792K [0x00000000e8000000, 0x0000000100000000, 0x0000000100000000)
 Metaspace       used 56947K, capacity 58728K, committed 58900K, reserved 1101824K
  class space    used 6564K, capacity 6955K, committed 6976K, reserved 1048576K
2020-05-19T14:42:12.474+0000: 14689.410: [GC (Allocation Failure) 2020-05-19T14:42:12.474+0000: 14689.411: [ParNew
Desired survivor size 20112992 bytes, new threshold 7 (max 8)
- age   1:    3150696 bytes,    3150696 total
- age   2:    2835528 bytes,    5986224 total
- age   3:    2947400 bytes,    8933624 total
- age   4:    3353136 bytes,   12286760 total
- age   5:    2903272 bytes,   15190032 total
- age   6:    4229064 bytes,   19419096 total
- age   7:    2043008 bytes,   21462104 total
: 109248K->21824K(109248K), 0.0139605 secs] 250040K->169174K(502464K), 0.0140224 secs] [Times: user=0.06 sys=0.00, real=0.01 secs] 
Heap after GC invocations=306 (full 17):
 par new generation   total 109248K, used 21824K [0x00000000e0000000, 0x00000000e8000000, 0x00000000e8000000)
  eden space 87424K,   0% used [0x00000000e0000000, 0x00000000e0000000, 0x00000000e5560000)
  from space 21824K, 100% used [0x00000000e5560000, 0x00000000e6ab0000, 0x00000000e6ab0000)
  to   space 21824K,   0% used [0x00000000e6ab0000, 0x00000000e6ab0000, 0x00000000e8000000)
 concurrent mark-sweep generation total 393216K, used 147350K [0x00000000e8000000, 0x0000000100000000, 0x0000000100000000)
 Metaspace       used 56947K, capacity 58728K, committed 58900K, reserved 1101824K
  class space    used 6564K, capacity 6955K, committed 6976K, reserved 1048576K
}
2020-05-19T14:42:12.488+0000: 14689.425: Total time for which application threads were stopped: 0.0142762 seconds, Stopping threads took: 0.0000826 seconds
{Heap before GC invocations=306 (full 17):
 par new generation   total 109248K, used 109248K [0x00000000e0000000, 0x00000000e8000000, 0x00000000e8000000)
  eden space 87424K, 100% used [0x00000000e0000000, 0x00000000e5560000, 0x00000000e5560000)
  from space 21824K, 100% used [0x00000000e5560000, 0x00000000e6ab0000, 0x00000000e6ab0000)
  to   space 21824K,   0% used [0x00000000e6ab0000, 0x00000000e6ab0000, 0x00000000e8000000)
 concurrent mark-sweep generation total 393216K, used 147350K [0x00000000e8000000, 0x0000000100000000, 0x0000000100000000)
 Metaspace       used 56947K, capacity 58728K, committed 58900K, reserved 1101824K
  class space    used 6564K, capacity 6955K, committed 6976K, reserved 1048576K
2020-05-19T14:42:12.560+0000: 14689.497: [GC (Allocation Failure) 2020-05-19T14:42:12.560+0000: 14689.497: [ParNew
Desired survivor size 20112992 bytes, new threshold 7 (max 8)
- age   1:    3127928 bytes,    3127928 total
- age   2:    2586944 bytes,    5714872 total
- age   3:    2835288 bytes,    8550160 total
- age   4:    2945456 bytes,   11495616 total
- age   5:    3284288 bytes,   14779904 total
- age   6:    2903272 bytes,   17683176 total
- age   7:    4229024 bytes,   21912200 total
: 109248K->21824K(109248K), 0.0177808 secs] 256598K->180215K(502464K), 0.0178498 secs] [Times: user=0.06 sys=0.00, real=0.02 secs] 
Heap after GC invocations=307 (full 17):
 par new generation   total 109248K, used 21824K [0x00000000e0000000, 0x00000000e8000000, 0x00000000e8000000)
  eden space 87424K,   0% used [0x00000000e0000000, 0x00000000e0000000, 0x00000000e5560000)
  from space 21824K, 100% used [0x00000000e6ab0000, 0x00000000e8000000, 0x00000000e8000000)
  to   space 21824K,   0% used [0x00000000e5560000, 0x00000000e5560000, 0x00000000e6ab0000)
 concurrent mark-sweep generation total 393216K, used 158391K [0x00000000e8000000, 0x0000000100000000, 0x0000000100000000)
 Metaspace       used 56947K, capacity 58728K, committed 58900K, reserved 1101824K
  class space    used 6564K, capacity 6955K, committed 6976K, reserved 1048576K
}
2020-05-19T14:42:12.579+0000: 14689.515: Total time for which application threads were stopped: 0.0181257 seconds, Stopping threads took: 0.0000907 seconds
2020-05-19T14:42:13.274+0000: 14690.210: Total time for which application threads were stopped: 0.0002318 seconds, Stopping threads took: 0.0001319 seconds
2020-05-19T14:42:13.275+0000: 14690.212: Total time for which application threads were stopped: 0.0001115 seconds, Stopping threads took: 0.0000505 seconds
2020-05-19T14:42:13.275+0000: 14690.212: Total time for which application threads were stopped: 0.0000904 seconds, Stopping threads took: 0.0000395 seconds
2020-05-19T14:42:13.275+0000: 14690.212: Total time for which application threads were stopped: 0.0000429 seconds, Stopping threads took: 0.0000125 seconds
2020-05-19T14:42:13.275+0000: 14690.212: Total time for which application threads were stopped: 0.0000427 seconds, Stopping threads took: 0.0000135 seconds
2020-05-19T14:42:14.048+0000: 14690.985: Total time for which application threads were stopped: 0.0009418 seconds, Stopping threads took: 0.0007954 seconds
2020-05-19T14:42:14.064+0000: 14691.000: Total time for which application threads were stopped: 0.0007882 seconds, Stopping threads took: 0.0006720 seconds
2020-05-19T14:42:14.064+0000: 14691.001: Total time for which application threads were stopped: 0.0001627 seconds, Stopping threads took: 0.0000482 seconds
2020-05-19T14:42:14.084+0000: 14691.021: Total time for which application threads were stopped: 0.0001767 seconds, Stopping threads took: 0.0000621 seconds
2020-05-19T14:42:14.086+0000: 14691.022: Total time for which application threads were stopped: 0.0001573 seconds, Stopping threads took: 0.0000481 seconds
{Heap before GC invocations=307 (full 17):
 par new generation   total 109248K, used 109248K [0x00000000e0000000, 0x00000000e8000000, 0x00000000e8000000)
  eden space 87424K, 100% used [0x00000000e0000000, 0x00000000e5560000, 0x00000000e5560000)
  from space 21824K, 100% used [0x00000000e6ab0000, 0x00000000e8000000, 0x00000000e8000000)
  to   space 21824K,   0% used [0x00000000e5560000, 0x00000000e5560000, 0x00000000e6ab0000)
 concurrent mark-sweep generation total 393216K, used 158391K [0x00000000e8000000, 0x0000000100000000, 0x0000000100000000)
 Metaspace       used 56961K, capacity 58728K, committed 58900K, reserved 1101824K
  class space    used 6564K, capacity 6955K, committed 6976K, reserved 1048576K
2020-05-19T14:42:14.125+0000: 14691.062: [GC (Allocation Failure) 2020-05-19T14:42:14.125+0000: 14691.062: [ParNew
Desired survivor size 20112992 bytes, new threshold 8 (max 8)
- age   1:    4395760 bytes,    4395760 total
- age   2:    1940016 bytes,    6335776 total
- age   3:    1887488 bytes,    8223264 total
- age   4:    2834800 bytes,   11058064 total
- age   5:    2943272 bytes,   14001336 total
- age   6:    3096520 bytes,   17097856 total
- age   7:    2575896 bytes,   19673752 total
: 109248K->21824K(109248K), 0.0155731 secs] 267639K->189515K(502464K), 0.0156420 secs] [Times: user=0.06 sys=0.00, real=0.02 secs] 
Heap after GC invocations=308 (full 17):
 par new generation   total 109248K, used 21824K [0x00000000e0000000, 0x00000000e8000000, 0x00000000e8000000)
  eden space 87424K,   0% used [0x00000000e0000000, 0x00000000e0000000, 0x00000000e5560000)
  from space 21824K, 100% used [0x00000000e5560000, 0x00000000e6ab0000, 0x00000000e6ab0000)
  to   space 21824K,   0% used [0x00000000e6ab0000, 0x00000000e6ab0000, 0x00000000e8000000)
 concurrent mark-sweep generation total 393216K, used 167691K [0x00000000e8000000, 0x0000000100000000, 0x0000000100000000)
 Metaspace       used 56961K, capacity 58728K, committed 58900K, reserved 1101824K
  class space    used 6564K, capacity 6955K, committed 6976K, reserved 1048576K
}
2020-05-19T14:42:14.141+0000: 14691.078: Total time for which application threads were stopped: 0.0158755 seconds, Stopping threads took: 0.0000548 seconds
2020-05-19T14:42:14.154+0000: 14691.091: Total time for which application threads were stopped: 0.0001388 seconds, Stopping threads took: 0.0000505 seconds
{Heap before GC invocations=308 (full 17):
 par new generation   total 109248K, used 109248K [0x00000000e0000000, 0x00000000e8000000, 0x00000000e8000000)
  eden space 87424K, 100% used [0x00000000e0000000, 0x00000000e5560000, 0x00000000e5560000)
  from space 21824K, 100% used [0x00000000e5560000, 0x00000000e6ab0000, 0x00000000e6ab0000)
  to   space 21824K,   0% used [0x00000000e6ab0000, 0x00000000e6ab0000, 0x00000000e8000000)
 concurrent mark-sweep generation total 393216K, used 167691K [0x00000000e8000000, 0x0000000100000000, 0x0000000100000000)
 Metaspace       used 56961K, capacity 58728K, committed 58900K, reserved 1101824K
  class space    used 6564K, capacity 6955K, committed 6976K, reserved 1048576K
2020-05-19T14:42:14.220+0000: 14691.157: [GC (Allocation Failure) 2020-05-19T14:42:14.220+0000: 14691.157: [ParNew
Desired survivor size 20112992 bytes, new threshold 8 (max 8)
- age   1:    3710600 bytes,    3710600 total
- age   2:    3360224 bytes,    7070824 total
- age   3:    1939856 bytes,    9010680 total
- age   4:    1880768 bytes,   10891448 total
- age   5:    2834680 bytes,   13726128 total
- age   6:    2943232 bytes,   16669360 total
- age   7:    3095760 bytes,   19765120 total
- age   8:    2575896 bytes,   22341016 total
: 109248K->21824K(109248K), 0.0156482 secs] 276939K->196229K(502464K), 0.0157147 secs] [Times: user=0.06 sys=0.00, real=0.01 secs] 
Heap after GC invocations=309 (full 17):
 par new generation   total 109248K, used 21824K [0x00000000e0000000, 0x00000000e8000000, 0x00000000e8000000)
  eden space 87424K,   0% used [0x00000000e0000000, 0x00000000e0000000, 0x00000000e5560000)
  from space 21824K, 100% used [0x00000000e6ab0000, 0x00000000e8000000, 0x00000000e8000000)
  to   space 21824K,   0% used [0x00000000e5560000, 0x00000000e5560000, 0x00000000e6ab0000)
 concurrent mark-sweep generation total 393216K, used 174405K [0x00000000e8000000, 0x0000000100000000, 0x0000000100000000)
 Metaspace       used 56961K, capacity 58728K, committed 58900K, reserved 1101824K
  class space    used 6564K, capacity 6955K, committed 6976K, reserved 1048576K
}
2020-05-19T14:42:14.235+0000: 14691.173: Total time for which application threads were stopped: 0.0159566 seconds, Stopping threads took: 0.0000650 seconds
{Heap before GC invocations=309 (full 17):
 par new generation   total 109248K, used 109245K [0x00000000e0000000, 0x00000000e8000000, 0x00000000e8000000)
  eden space 87424K,  99% used [0x00000000e0000000, 0x00000000e555f6d0, 0x00000000e5560000)
  from space 21824K, 100% used [0x00000000e6ab0000, 0x00000000e8000000, 0x00000000e8000000)
  to   space 21824K,   0% used [0x00000000e5560000, 0x00000000e5560000, 0x00000000e6ab0000)
 concurrent mark-sweep generation total 393216K, used 174405K [0x00000000e8000000, 0x0000000100000000, 0x0000000100000000)
 Metaspace       used 56961K, capacity 58728K, committed 58900K, reserved 1101824K
  class space    used 6564K, capacity 6955K, committed 6976K, reserved 1048576K
2020-05-19T14:42:14.317+0000: 14691.254: [GC (Allocation Failure) 2020-05-19T14:42:14.317+0000: 14691.254: [ParNew
Desired survivor size 20112992 bytes, new threshold 8 (max 8)
- age   1:    4546680 bytes,    4546680 total
- age   2:    2536192 bytes,    7082872 total
- age   3:    2475576 bytes,    9558448 total
- age   4:    1939600 bytes,   11498048 total
- age   5:    1880456 bytes,   13378504 total
- age   6:    2834680 bytes,   16213184 total
- age   7:    2943232 bytes,   19156416 total
- age   8:    3095760 bytes,   22252176 total
: 109245K->21824K(109248K), 0.0173964 secs] 283651K->205797K(502464K), 0.0174638 secs] [Times: user=0.06 sys=0.00, real=0.02 secs] 
Heap after GC invocations=310 (full 17):
 par new generation   total 109248K, used 21824K [0x00000000e0000000, 0x00000000e8000000, 0x00000000e8000000)
  eden space 87424K,   0% used [0x00000000e0000000, 0x00000000e0000000, 0x00000000e5560000)
  from space 21824K, 100% used [0x00000000e5560000, 0x00000000e6ab0000, 0x00000000e6ab0000)
  to   space 21824K,   0% used [0x00000000e6ab0000, 0x00000000e6ab0000, 0x00000000e8000000)
 concurrent mark-sweep generation total 393216K, used 183973K [0x00000000e8000000, 0x0000000100000000, 0x0000000100000000)
 Metaspace       used 56961K, capacity 58728K, committed 58900K, reserved 1101824K
  class space    used 6564K, capacity 6955K, committed 6976K, reserved 1048576K
}
2020-05-19T14:42:14.335+0000: 14691.271: Total time for which application threads were stopped: 0.0177175 seconds, Stopping threads took: 0.0000611 seconds
2020-05-19T14:42:14.724+0000: 14691.661: Total time for which application threads were stopped: 0.0001220 seconds, Stopping threads took: 0.0000348 seconds
2020-05-19T14:42:15.120+0000: 14692.057: Total time for which application threads were stopped: 0.0001871 seconds, Stopping threads took: 0.0000877 seconds
2020-05-19T14:42:15.148+0000: 14692.085: Total time for which application threads were stopped: 0.0005360 seconds, Stopping threads took: 0.0004542 seconds
2020-05-19T14:42:15.158+0000: 14692.094: Total time for which application threads were stopped: 0.0001515 seconds, Stopping threads took: 0.0000568 seconds
2020-05-19T14:42:15.158+0000: 14692.095: Total time for which application threads were stopped: 0.0001657 seconds, Stopping threads took: 0.0000640 seconds
2020-05-19T14:42:15.159+0000: 14692.095: Total time for which application threads were stopped: 0.0001706 seconds, Stopping threads took: 0.0000872 seconds
2020-05-19T14:42:15.165+0000: 14692.102: Total time for which application threads were stopped: 0.0002119 seconds, Stopping threads took: 0.0000670 seconds
2020-05-19T14:42:15.166+0000: 14692.102: Total time for which application threads were stopped: 0.0002354 seconds, Stopping threads took: 0.0000436 seconds
2020-05-19T14:42:15.456+0000: 14692.393: Total time for which application threads were stopped: 0.0001970 seconds, Stopping threads took: 0.0000549 seconds
{Heap before GC invocations=310 (full 17):
 par new generation   total 109248K, used 109248K [0x00000000e0000000, 0x00000000e8000000, 0x00000000e8000000)
  eden space 87424K, 100% used [0x00000000e0000000, 0x00000000e5560000, 0x00000000e5560000)
  from space 21824K, 100% used [0x00000000e5560000, 0x00000000e6ab0000, 0x00000000e6ab0000)
  to   space 21824K,   0% used [0x00000000e6ab0000, 0x00000000e6ab0000, 0x00000000e8000000)
 concurrent mark-sweep generation total 393216K, used 183973K [0x00000000e8000000, 0x0000000100000000, 0x0000000100000000)
 Metaspace       used 56970K, capacity 58792K, committed 58900K, reserved 1101824K
  class space    used 6564K, capacity 6955K, committed 6976K, reserved 1048576K
2020-05-19T14:42:15.483+0000: 14692.420: [GC (Allocation Failure) 2020-05-19T14:42:15.483+0000: 14692.420: [ParNew
Desired survivor size 20112992 bytes, new threshold 8 (max 8)
- age   1:    5432872 bytes,    5432872 total
- age   2:    2707232 bytes,    8140104 total
- age   3:    1857248 bytes,    9997352 total
- age   4:    1883144 bytes,   11880496 total
- age   5:    1932120 bytes,   13812616 total
- age   6:    1846240 bytes,   15658856 total
- age   7:    2827280 bytes,   18486136 total
- age   8:    2880824 bytes,   21366960 total
: 109248K->21824K(109248K), 0.0165331 secs] 293221K->214599K(502464K), 0.0166214 secs] [Times: user=0.06 sys=0.00, real=0.02 secs] 
Heap after GC invocations=311 (full 17):
 par new generation   total 109248K, used 21824K [0x00000000e0000000, 0x00000000e8000000, 0x00000000e8000000)
  eden space 87424K,   0% used [0x00000000e0000000, 0x00000000e0000000, 0x00000000e5560000)
  from space 21824K, 100% used [0x00000000e6ab0000, 0x00000000e8000000, 0x00000000e8000000)
  to   space 21824K,   0% used [0x00000000e5560000, 0x00000000e5560000, 0x00000000e6ab0000)
 concurrent mark-sweep generation total 393216K, used 192775K [0x00000000e8000000, 0x0000000100000000, 0x0000000100000000)
 Metaspace       used 56970K, capacity 58792K, committed 58900K, reserved 1101824K
  class space    used 6564K, capacity 6955K, committed 6976K, reserved 1048576K
}
2020-05-19T14:42:15.500+0000: 14692.437: Total time for which application threads were stopped: 0.0168874 seconds, Stopping threads took: 0.0000599 seconds
2020-05-19T14:42:15.605+0000: 14692.542: Total time for which application threads were stopped: 0.0002476 seconds, Stopping threads took: 0.0000720 seconds
{Heap before GC invocations=311 (full 17):
 par new generation   total 109248K, used 109248K [0x00000000e0000000, 0x00000000e8000000, 0x00000000e8000000)
  eden space 87424K, 100% used [0x00000000e0000000, 0x00000000e5560000, 0x00000000e5560000)
  from space 21824K, 100% used [0x00000000e6ab0000, 0x00000000e8000000, 0x00000000e8000000)
  to   space 21824K,   0% used [0x00000000e5560000, 0x00000000e5560000, 0x00000000e6ab0000)
 concurrent mark-sweep generation total 393216K, used 192775K [0x00000000e8000000, 0x0000000100000000, 0x0000000100000000)
 Metaspace       used 56970K, capacity 58792K, committed 58900K, reserved 1101824K
  class space    used 6564K, capacity 6955K, committed 6976K, reserved 1048576K
2020-05-19T14:42:15.617+0000: 14692.554: [GC (Allocation Failure) 2020-05-19T14:42:15.617+0000: 14692.554: [ParNew
Desired survivor size 20112992 bytes, new threshold 8 (max 8)
- age   1:    6113624 bytes,    6113624 total
- age   2:    3296848 bytes,    9410472 total
- age   3:    2657128 bytes,   12067600 total
- age   4:    1855008 bytes,   13922608 total
- age   5:    1849360 bytes,   15771968 total
- age   6:    1931792 bytes,   17703760 total
- age   7:    1599696 bytes,   19303456 total
- age   8:    2827280 bytes,   22130736 total
: 109248K->21824K(109248K), 0.0181141 secs] 302023K->224206K(502464K), 0.0182512 secs] [Times: user=0.13 sys=0.00, real=0.02 secs] 
Heap after GC invocations=312 (full 17):
 par new generation   total 109248K, used 21824K [0x00000000e0000000, 0x00000000e8000000, 0x00000000e8000000)
  eden space 87424K,   0% used [0x00000000e0000000, 0x00000000e0000000, 0x00000000e5560000)
  from space 21824K, 100% used [0x00000000e5560000, 0x00000000e6ab0000, 0x00000000e6ab0000)
  to   space 21824K,   0% used [0x00000000e6ab0000, 0x00000000e6ab0000, 0x00000000e8000000)
 concurrent mark-sweep generation total 393216K, used 202382K [0x00000000e8000000, 0x0000000100000000, 0x0000000100000000)
 Metaspace       used 56970K, capacity 58792K, committed 58900K, reserved 1101824K
  class space    used 6564K, capacity 6955K, committed 6976K, reserved 1048576K
}
2020-05-19T14:42:15.635+0000: 14692.572: Total time for which application threads were stopped: 0.0186208 seconds, Stopping threads took: 0.0000679 seconds
2020-05-19T14:42:15.635+0000: 14692.572: [GC (CMS Initial Mark) [1 CMS-initial-mark: 202382K(393216K)] 224206K(502464K), 0.0034705 secs] [Times: user=0.00 sys=0.00, real=0.00 secs] 
2020-05-19T14:42:15.638+0000: 14692.576: Total time for which application threads were stopped: 0.0036988 seconds, Stopping threads took: 0.0000611 seconds
2020-05-19T14:42:15.638+0000: 14692.576: [CMS-concurrent-mark-start]
2020-05-19T14:42:15.666+0000: 14692.603: [CMS-concurrent-mark: 0.027/0.027 secs] [Times: user=0.13 sys=0.00, real=0.03 secs] 
2020-05-19T14:42:15.666+0000: 14692.603: [CMS-concurrent-preclean-start]
2020-05-19T14:42:15.667+0000: 14692.604: [CMS-concurrent-preclean: 0.001/0.001 secs] [Times: user=0.00 sys=0.00, real=0.00 secs] 
2020-05-19T14:42:15.667+0000: 14692.605: [GC (CMS Final Remark) [YG occupancy: 22993 K (109248 K)]{Heap before GC invocations=312 (full 18):
 par new generation   total 109248K, used 22993K [0x00000000e0000000, 0x00000000e8000000, 0x00000000e8000000)
  eden space 87424K,   1% used [0x00000000e0000000, 0x00000000e01244c0, 0x00000000e5560000)
  from space 21824K, 100% used [0x00000000e5560000, 0x00000000e6ab0000, 0x00000000e6ab0000)
  to   space 21824K,   0% used [0x00000000e6ab0000, 0x00000000e6ab0000, 0x00000000e8000000)
 concurrent mark-sweep generation total 393216K, used 202382K [0x00000000e8000000, 0x0000000100000000, 0x0000000100000000)
 Metaspace       used 56970K, capacity 58792K, committed 58900K, reserved 1101824K
  class space    used 6564K, capacity 6955K, committed 6976K, reserved 1048576K
2020-05-19T14:42:15.668+0000: 14692.605: [GC (CMS Final Remark) 2020-05-19T14:42:15.668+0000: 14692.605: [ParNew
Desired survivor size 20112992 bytes, new threshold 8 (max 8)
- age   1:      18840 bytes,      18840 total
- age   2:    5514288 bytes,    5533128 total
- age   3:    2851632 bytes,    8384760 total
- age   4:    2644184 bytes,   11028944 total
- age   5:    1848768 bytes,   12877712 total
- age   6:    1843944 bytes,   14721656 total
- age   7:    1931792 bytes,   16653448 total
- age   8:    1262416 bytes,   17915864 total
: 22993K->21824K(109248K), 0.0107707 secs] 225375K->228278K(502464K), 0.0108550 secs] [Times: user=0.00 sys=0.00, real=0.01 secs] 
Heap after GC invocations=313 (full 18):
 par new generation   total 109248K, used 21824K [0x00000000e0000000, 0x00000000e8000000, 0x00000000e8000000)
  eden space 87424K,   0% used [0x00000000e0000000, 0x00000000e0000000, 0x00000000e5560000)
  from space 21824K, 100% used [0x00000000e6ab0000, 0x00000000e8000000, 0x00000000e8000000)
  to   space 21824K,   0% used [0x00000000e5560000, 0x00000000e5560000, 0x00000000e6ab0000)
 concurrent mark-sweep generation total 393216K, used 206454K [0x00000000e8000000, 0x0000000100000000, 0x0000000100000000)
 Metaspace       used 56970K, capacity 58792K, committed 58900K, reserved 1101824K
  class space    used 6564K, capacity 6955K, committed 6976K, reserved 1048576K
}
2020-05-19T14:42:15.678+0000: 14692.616: [Rescan (parallel) , 0.0044414 secs]2020-05-19T14:42:15.683+0000: 14692.620: [weak refs processing, 0.0042956 secs]2020-05-19T14:42:15.687+0000: 14692.625: [class unloading, 0.0127897 secs]2020-05-19T14:42:15.700+0000: 14692.637: [scrub symbol table, 0.0096668 secs]2020-05-19T14:42:15.710+0000: 14692.647: [scrub string table, 0.0006123 secs][1 CMS-remark: 206454K(393216K)] 228278K(502464K), 0.0431284 secs] [Times: user=0.11 sys=0.00, real=0.04 secs] 
2020-05-19T14:42:15.711+0000: 14692.648: Total time for which application threads were stopped: 0.0433409 seconds, Stopping threads took: 0.0000630 seconds
2020-05-19T14:42:15.711+0000: 14692.648: [CMS-concurrent-sweep-start]
2020-05-19T14:42:15.716+0000: 14692.653: Total time for which application threads were stopped: 0.0001508 seconds, Stopping threads took: 0.0000672 seconds
2020-05-19T14:42:15.716+0000: 14692.653: Total time for which application threads were stopped: 0.0001111 seconds, Stopping threads took: 0.0000482 seconds
2020-05-19T14:42:15.716+0000: 14692.654: Total time for which application threads were stopped: 0.0001181 seconds, Stopping threads took: 0.0000460 seconds
2020-05-19T14:42:15.716+0000: 14692.654: Total time for which application threads were stopped: 0.0001161 seconds, Stopping threads took: 0.0000458 seconds
2020-05-19T14:42:15.717+0000: 14692.654: Total time for which application threads were stopped: 0.0000980 seconds, Stopping threads took: 0.0000428 seconds
2020-05-19T14:42:15.717+0000: 14692.654: Total time for which application threads were stopped: 0.0001324 seconds, Stopping threads took: 0.0000418 seconds
2020-05-19T14:42:15.717+0000: 14692.654: Total time for which application threads were stopped: 0.0000819 seconds, Stopping threads took: 0.0000365 seconds
2020-05-19T14:42:15.717+0000: 14692.655: Total time for which application threads were stopped: 0.0000848 seconds, Stopping threads took: 0.0000415 seconds
2020-05-19T14:42:15.718+0000: 14692.655: Total time for which application threads were stopped: 0.0000835 seconds, Stopping threads took: 0.0000415 seconds
2020-05-19T14:42:15.718+0000: 14692.655: Total time for which application threads were stopped: 0.0000818 seconds, Stopping threads took: 0.0000402 seconds
2020-05-19T14:42:15.718+0000: 14692.655: Total time for which application threads were stopped: 0.0001024 seconds, Stopping threads took: 0.0000400 seconds
2020-05-19T14:42:15.718+0000: 14692.655: Total time for which application threads were stopped: 0.0000992 seconds, Stopping threads took: 0.0000424 seconds
2020-05-19T14:42:15.718+0000: 14692.656: Total time for which application threads were stopped: 0.0000844 seconds, Stopping threads took: 0.0000410 seconds
2020-05-19T14:42:15.718+0000: 14692.656: Total time for which application threads were stopped: 0.0000788 seconds, Stopping threads took: 0.0000330 seconds
2020-05-19T14:42:15.778+0000: 14692.715: [CMS-concurrent-sweep: 0.065/0.066 secs] [Times: user=0.19 sys=0.00, real=0.07 secs] 
2020-05-19T14:42:15.778+0000: 14692.715: [CMS-concurrent-reset-start]
2020-05-19T14:42:15.778+0000: 14692.715: [CMS-concurrent-reset: 0.001/0.001 secs] [Times: user=0.00 sys=0.00, real=0.00 secs] 
2020-05-19T14:42:16.713+0000: 14693.650: Total time for which application threads were stopped: 0.0002092 seconds, Stopping threads took: 0.0001120 seconds
2020-05-19T14:42:16.714+0000: 14693.650: Total time for which application threads were stopped: 0.0001248 seconds, Stopping threads took: 0.0000431 seconds
2020-05-19T14:42:16.714+0000: 14693.650: Total time for which application threads were stopped: 0.0000555 seconds, Stopping threads took: 0.0000120 seconds
2020-05-19T14:42:16.714+0000: 14693.650: Total time for which application threads were stopped: 0.0000503 seconds, Stopping threads took: 0.0000104 seconds
2020-05-19T14:42:16.714+0000: 14693.650: Total time for which application threads were stopped: 0.0000525 seconds, Stopping threads took: 0.0000141 seconds
2020-05-19T14:42:30.407+0000: 14707.344: Total time for which application threads were stopped: 0.0000960 seconds, Stopping threads took: 0.0000251 seconds
2020-05-19T14:42:32.775+0000: 14709.712: Total time for which application threads were stopped: 0.0007294 seconds, Stopping threads took: 0.0000589 seconds
2020-05-19T14:42:32.792+0000: 14709.729: Total time for which application threads were stopped: 0.0003996 seconds, Stopping threads took: 0.0001025 seconds
2020-05-19T14:42:32.793+0000: 14709.730: Total time for which application threads were stopped: 0.0001518 seconds, Stopping threads took: 0.0000486 seconds
2020-05-19T14:42:32.793+0000: 14709.731: Total time for which application threads were stopped: 0.0002557 seconds, Stopping threads took: 0.0001100 seconds
2020-05-19T14:42:32.794+0000: 14709.731: Total time for which application threads were stopped: 0.0002136 seconds, Stopping threads took: 0.0001357 seconds
{Heap before GC invocations=313 (full 18):
 par new generation   total 109248K, used 109248K [0x00000000e0000000, 0x00000000e8000000, 0x00000000e8000000)
  eden space 87424K, 100% used [0x00000000e0000000, 0x00000000e5560000, 0x00000000e5560000)
  from space 21824K, 100% used [0x00000000e6ab0000, 0x00000000e8000000, 0x00000000e8000000)
  to   space 21824K,   0% used [0x00000000e5560000, 0x00000000e5560000, 0x00000000e6ab0000)
 concurrent mark-sweep generation total 393216K, used 93120K [0x00000000e8000000, 0x0000000100000000, 0x0000000100000000)
 Metaspace       used 56982K, capacity 58792K, committed 58900K, reserved 1101824K
  class space    used 6564K, capacity 6955K, committed 6976K, reserved 1048576K
2020-05-19T14:42:32.829+0000: 14709.766: [GC (Allocation Failure) 2020-05-19T14:42:32.829+0000: 14709.766: [ParNew
Desired survivor size 20112992 bytes, new threshold 8 (max 8)
- age   1:    4386072 bytes,    4386072 total
- age   2:        320 bytes,    4386392 total
- age   3:    4764424 bytes,    9150816 total
- age   4:    2750216 bytes,   11901032 total
- age   5:    2332968 bytes,   14234000 total
- age   6:    1846232 bytes,   16080232 total
- age   7:    1419456 bytes,   17499688 total
- age   8:    1905392 bytes,   19405080 total
: 109248K->21824K(109248K), 0.0138642 secs] 202368K->120852K(502464K), 0.0139447 secs] [Times: user=0.06 sys=0.00, real=0.01 secs] 
Heap after GC invocations=314 (full 18):
 par new generation   total 109248K, used 21824K [0x00000000e0000000, 0x00000000e8000000, 0x00000000e8000000)
  eden space 87424K,   0% used [0x00000000e0000000, 0x00000000e0000000, 0x00000000e5560000)
  from space 21824K, 100% used [0x00000000e5560000, 0x00000000e6ab0000, 0x00000000e6ab0000)
  to   space 21824K,   0% used [0x00000000e6ab0000, 0x00000000e6ab0000, 0x00000000e8000000)
 concurrent mark-sweep generation total 393216K, used 99028K [0x00000000e8000000, 0x0000000100000000, 0x0000000100000000)
 Metaspace       used 56982K, capacity 58792K, committed 58900K, reserved 1101824K
  class space    used 6564K, capacity 6955K, committed 6976K, reserved 1048576K
}
2020-05-19T14:42:32.842+0000: 14709.780: Total time for which application threads were stopped: 0.0142255 seconds, Stopping threads took: 0.0000864 seconds
2020-05-19T14:42:32.878+0000: 14709.815: Total time for which application threads were stopped: 0.0001973 seconds, Stopping threads took: 0.0000799 seconds
{Heap before GC invocations=314 (full 18):
 par new generation   total 109248K, used 109248K [0x00000000e0000000, 0x00000000e8000000, 0x00000000e8000000)
  eden space 87424K, 100% used [0x00000000e0000000, 0x00000000e5560000, 0x00000000e5560000)
  from space 21824K, 100% used [0x00000000e5560000, 0x00000000e6ab0000, 0x00000000e6ab0000)
  to   space 21824K,   0% used [0x00000000e6ab0000, 0x00000000e6ab0000, 0x00000000e8000000)
 concurrent mark-sweep generation total 393216K, used 99028K [0x00000000e8000000, 0x0000000100000000, 0x0000000100000000)
 Metaspace       used 56982K, capacity 58792K, committed 58900K, reserved 1101824K
  class space    used 6564K, capacity 6955K, committed 6976K, reserved 1048576K
2020-05-19T14:42:32.951+0000: 14709.888: [GC (Allocation Failure) 2020-05-19T14:42:32.951+0000: 14709.888: [ParNew
Desired survivor size 20112992 bytes, new threshold 7 (max 8)
- age   1:    5658808 bytes,    5658808 total
- age   2:    3554152 bytes,    9212960 total
- age   3:        320 bytes,    9213280 total
- age   4:    4724712 bytes,   13937992 total
- age   5:    2748616 bytes,   16686608 total
- age   6:    2326744 bytes,   19013352 total
- age   7:    1844512 bytes,   20857864 total
- age   8:    1418440 bytes,   22276304 total
: 109248K->21824K(109248K), 0.0156111 secs] 208276K->130051K(502464K), 0.0156794 secs] [Times: user=0.06 sys=0.00, real=0.02 secs] 
Heap after GC invocations=315 (full 18):
 par new generation   total 109248K, used 21824K [0x00000000e0000000, 0x00000000e8000000, 0x00000000e8000000)
  eden space 87424K,   0% used [0x00000000e0000000, 0x00000000e0000000, 0x00000000e5560000)
  from space 21824K, 100% used [0x00000000e6ab0000, 0x00000000e8000000, 0x00000000e8000000)
  to   space 21824K,   0% used [0x00000000e5560000, 0x00000000e5560000, 0x00000000e6ab0000)
 concurrent mark-sweep generation total 393216K, used 108227K [0x00000000e8000000, 0x0000000100000000, 0x0000000100000000)
 Metaspace       used 56982K, capacity 58792K, committed 58900K, reserved 1101824K
  class space    used 6564K, capacity 6955K, committed 6976K, reserved 1048576K
}
2020-05-19T14:42:32.967+0000: 14709.904: Total time for which application threads were stopped: 0.0159191 seconds, Stopping threads took: 0.0000562 seconds
{Heap before GC invocations=315 (full 18):
 par new generation   total 109248K, used 109248K [0x00000000e0000000, 0x00000000e8000000, 0x00000000e8000000)
  eden space 87424K, 100% used [0x00000000e0000000, 0x00000000e5560000, 0x00000000e5560000)
  from space 21824K, 100% used [0x00000000e6ab0000, 0x00000000e8000000, 0x00000000e8000000)
  to   space 21824K,   0% used [0x00000000e5560000, 0x00000000e5560000, 0x00000000e6ab0000)
 concurrent mark-sweep generation total 393216K, used 108227K [0x00000000e8000000, 0x0000000100000000, 0x0000000100000000)
 Metaspace       used 56982K, capacity 58792K, committed 58900K, reserved 1101824K
  class space    used 6564K, capacity 6955K, committed 6976K, reserved 1048576K
2020-05-19T14:42:33.039+0000: 14709.976: [GC (Allocation Failure) 2020-05-19T14:42:33.039+0000: 14709.976: [ParNew
Desired survivor size 20112992 bytes, new threshold 7 (max 8)
- age   1:    3888448 bytes,    3888448 total
- age   2:    4938184 bytes,    8826632 total
- age   3:    3554072 bytes,   12380704 total
- age   4:        320 bytes,   12381024 total
- age   5:    4724712 bytes,   17105736 total
- age   6:    2748616 bytes,   19854352 total
- age   7:    2326744 bytes,   22181096 total
: 109248K->21824K(109248K), 0.0134294 secs] 217475K->138100K(502464K), 0.0134989 secs] [Times: user=0.02 sys=0.01, real=0.01 secs] 
Heap after GC invocations=316 (full 18):
 par new generation   total 109248K, used 21824K [0x00000000e0000000, 0x00000000e8000000, 0x00000000e8000000)
  eden space 87424K,   0% used [0x00000000e0000000, 0x00000000e0000000, 0x00000000e5560000)
  from space 21824K, 100% used [0x00000000e5560000, 0x00000000e6ab0000, 0x00000000e6ab0000)
  to   space 21824K,   0% used [0x00000000e6ab0000, 0x00000000e6ab0000, 0x00000000e8000000)
 concurrent mark-sweep generation total 393216K, used 116276K [0x00000000e8000000, 0x0000000100000000, 0x0000000100000000)
 Metaspace       used 56982K, capacity 58792K, committed 58900K, reserved 1101824K
  class space    used 6564K, capacity 6955K, committed 6976K, reserved 1048576K
}
2020-05-19T14:42:33.053+0000: 14709.990: Total time for which application threads were stopped: 0.0137263 seconds, Stopping threads took: 0.0000558 seconds
2020-05-19T14:42:33.948+0000: 14710.885: Total time for which application threads were stopped: 0.0001733 seconds, Stopping threads took: 0.0000588 seconds
2020-05-19T14:42:33.949+0000: 14710.886: Total time for which application threads were stopped: 0.0001520 seconds, Stopping threads took: 0.0000529 seconds
2020-05-19T14:42:33.950+0000: 14710.886: Total time for which application threads were stopped: 0.0001130 seconds, Stopping threads took: 0.0000370 seconds
2020-05-19T14:42:33.950+0000: 14710.886: Total time for which application threads were stopped: 0.0000870 seconds, Stopping threads took: 0.0000339 seconds
2020-05-19T14:42:33.950+0000: 14710.887: Total time for which application threads were stopped: 0.0000839 seconds, Stopping threads took: 0.0000409 seconds
2020-05-19T14:42:40.126+0000: 14717.064: Total time for which application threads were stopped: 0.0001750 seconds, Stopping threads took: 0.0001106 seconds
2020-05-19T14:42:40.140+0000: 14717.077: Total time for which application threads were stopped: 0.0001726 seconds, Stopping threads took: 0.0000731 seconds
2020-05-19T14:42:40.217+0000: 14717.154: Total time for which application threads were stopped: 0.0001631 seconds, Stopping threads took: 0.0000708 seconds
{Heap before GC invocations=316 (full 18):
 par new generation   total 109248K, used 109248K [0x00000000e0000000, 0x00000000e8000000, 0x00000000e8000000)
  eden space 87424K, 100% used [0x00000000e0000000, 0x00000000e5560000, 0x00000000e5560000)
  from space 21824K, 100% used [0x00000000e5560000, 0x00000000e6ab0000, 0x00000000e6ab0000)
  to   space 21824K,   0% used [0x00000000e6ab0000, 0x00000000e6ab0000, 0x00000000e8000000)
 concurrent mark-sweep generation total 393216K, used 116276K [0x00000000e8000000, 0x0000000100000000, 0x0000000100000000)
 Metaspace       used 57006K, capacity 58792K, committed 58900K, reserved 1101824K
  class space    used 6564K, capacity 6955K, committed 6976K, reserved 1048576K
2020-05-19T14:42:40.246+0000: 14717.183: [GC (Allocation Failure) 2020-05-19T14:42:40.246+0000: 14717.183: [ParNew
Desired survivor size 20112992 bytes, new threshold 7 (max 8)
- age   1:    4733448 bytes,    4733448 total
- age   2:    1766592 bytes,    6500040 total
- age   3:    4710208 bytes,   11210248 total
- age   4:    3401416 bytes,   14611664 total
- age   5:        320 bytes,   14611984 total
- age   6:    4724712 bytes,   19336696 total
- age   7:    2748328 bytes,   22085024 total
: 109248K->21824K(109248K), 0.0169315 secs] 225524K->145113K(502464K), 0.0170126 secs] [Times: user=0.06 sys=0.00, real=0.02 secs] 
Heap after GC invocations=317 (full 18):
 par new generation   total 109248K, used 21824K [0x00000000e0000000, 0x00000000e8000000, 0x00000000e8000000)
  eden space 87424K,   0% used [0x00000000e0000000, 0x00000000e0000000, 0x00000000e5560000)
  from space 21824K, 100% used [0x00000000e6ab0000, 0x00000000e8000000, 0x00000000e8000000)
  to   space 21824K,   0% used [0x00000000e5560000, 0x00000000e5560000, 0x00000000e6ab0000)
 concurrent mark-sweep generation total 393216K, used 123289K [0x00000000e8000000, 0x0000000100000000, 0x0000000100000000)
 Metaspace       used 57006K, capacity 58792K, committed 58900K, reserved 1101824K
  class space    used 6564K, capacity 6955K, committed 6976K, reserved 1048576K
}
2020-05-19T14:42:40.263+0000: 14717.200: Total time for which application threads were stopped: 0.0172916 seconds, Stopping threads took: 0.0000704 seconds
{Heap before GC invocations=317 (full 18):
 par new generation   total 109248K, used 109248K [0x00000000e0000000, 0x00000000e8000000, 0x00000000e8000000)
  eden space 87424K, 100% used [0x00000000e0000000, 0x00000000e5560000, 0x00000000e5560000)
  from space 21824K, 100% used [0x00000000e6ab0000, 0x00000000e8000000, 0x00000000e8000000)
  to   space 21824K,   0% used [0x00000000e5560000, 0x00000000e5560000, 0x00000000e6ab0000)
 concurrent mark-sweep generation total 393216K, used 123289K [0x00000000e8000000, 0x0000000100000000, 0x0000000100000000)
 Metaspace       used 57006K, capacity 58792K, committed 58900K, reserved 1101824K
  class space    used 6564K, capacity 6955K, committed 6976K, reserved 1048576K
2020-05-19T14:42:40.381+0000: 14717.318: [GC (Allocation Failure) 2020-05-19T14:42:40.381+0000: 14717.318: [ParNew
Desired survivor size 20112992 bytes, new threshold 7 (max 8)
- age   1:    4131560 bytes,    4131560 total
- age   2:    3716352 bytes,    7847912 total
- age   3:    1747864 bytes,    9595776 total
- age   4:    4700736 bytes,   14296512 total
- age   5:    3310808 bytes,   17607320 total
- age   6:        320 bytes,   17607640 total
- age   7:    4724712 bytes,   22332352 total
: 109248K->21824K(109248K), 0.0162969 secs] 232537K->155134K(502464K), 0.0163818 secs] [Times: user=0.06 sys=0.00, real=0.02 secs] 
Heap after GC invocations=318 (full 18):
 par new generation   total 109248K, used 21824K [0x00000000e0000000, 0x00000000e8000000, 0x00000000e8000000)
  eden space 87424K,   0% used [0x00000000e0000000, 0x00000000e0000000, 0x00000000e5560000)
  from space 21824K, 100% used [0x00000000e5560000, 0x00000000e6ab0000, 0x00000000e6ab0000)
  to   space 21824K,   0% used [0x00000000e6ab0000, 0x00000000e6ab0000, 0x00000000e8000000)
 concurrent mark-sweep generation total 393216K, used 133310K [0x00000000e8000000, 0x0000000100000000, 0x0000000100000000)
 Metaspace       used 57006K, capacity 58792K, committed 58900K, reserved 1101824K
  class space    used 6564K, capacity 6955K, committed 6976K, reserved 1048576K
}
2020-05-19T14:42:40.397+0000: 14717.335: Total time for which application threads were stopped: 0.0166605 seconds, Stopping threads took: 0.0000679 seconds
2020-05-19T14:42:41.127+0000: 14718.064: Total time for which application threads were stopped: 0.0001788 seconds, Stopping threads took: 0.0000817 seconds
2020-05-19T14:42:41.128+0000: 14718.064: Total time for which application threads were stopped: 0.0000961 seconds, Stopping threads took: 0.0000310 seconds
2020-05-19T14:42:41.128+0000: 14718.064: Total time for which application threads were stopped: 0.0000526 seconds, Stopping threads took: 0.0000127 seconds
2020-05-19T14:42:41.128+0000: 14718.065: Total time for which application threads were stopped: 0.0000521 seconds, Stopping threads took: 0.0000137 seconds
2020-05-19T14:42:41.128+0000: 14718.065: Total time for which application threads were stopped: 0.0001639 seconds, Stopping threads took: 0.0000134 seconds
2020-05-19T14:42:45.958+0000: 14722.894: Total time for which application threads were stopped: 0.0001934 seconds, Stopping threads took: 0.0001160 seconds
2020-05-19T14:42:45.960+0000: 14722.897: Total time for which application threads were stopped: 0.0001889 seconds, Stopping threads took: 0.0000712 seconds
2020-05-19T14:42:45.971+0000: 14722.908: Total time for which application threads were stopped: 0.0002058 seconds, Stopping threads took: 0.0001373 seconds
{Heap before GC invocations=318 (full 18):
 par new generation   total 109248K, used 109248K [0x00000000e0000000, 0x00000000e8000000, 0x00000000e8000000)
  eden space 87424K, 100% used [0x00000000e0000000, 0x00000000e5560000, 0x00000000e5560000)
  from space 21824K, 100% used [0x00000000e5560000, 0x00000000e6ab0000, 0x00000000e6ab0000)
  to   space 21824K,   0% used [0x00000000e6ab0000, 0x00000000e6ab0000, 0x00000000e8000000)
 concurrent mark-sweep generation total 393216K, used 133310K [0x00000000e8000000, 0x0000000100000000, 0x0000000100000000)
 Metaspace       used 57035K, capacity 58856K, committed 59156K, reserved 1101824K
  class space    used 6564K, capacity 6955K, committed 6976K, reserved 1048576K
2020-05-19T14:42:46.000+0000: 14722.937: [GC (Allocation Failure) 2020-05-19T14:42:46.000+0000: 14722.937: [ParNew
Desired survivor size 20112992 bytes, new threshold 8 (max 8)
- age   1:    3680656 bytes,    3680656 total
- age   2:    3280056 bytes,    6960712 total
- age   3:    3351016 bytes,   10311728 total
- age   4:    1746784 bytes,   12058512 total
- age   5:    4658560 bytes,   16717072 total
- age   6:    3134432 bytes,   19851504 total
- age   7:         96 bytes,   19851600 total
: 109248K->21824K(109248K), 0.0146992 secs] 242558K->164643K(502464K), 0.0147728 secs] [Times: user=0.06 sys=0.00, real=0.01 secs] 
Heap after GC invocations=319 (full 18):
 par new generation   total 109248K, used 21824K [0x00000000e0000000, 0x00000000e8000000, 0x00000000e8000000)
  eden space 87424K,   0% used [0x00000000e0000000, 0x00000000e0000000, 0x00000000e5560000)
  from space 21824K, 100% used [0x00000000e6ab0000, 0x00000000e8000000, 0x00000000e8000000)
  to   space 21824K,   0% used [0x00000000e5560000, 0x00000000e5560000, 0x00000000e6ab0000)
 concurrent mark-sweep generation total 393216K, used 142819K [0x00000000e8000000, 0x0000000100000000, 0x0000000100000000)
 Metaspace       used 57035K, capacity 58856K, committed 59156K, reserved 1101824K
  class space    used 6564K, capacity 6955K, committed 6976K, reserved 1048576K
}
2020-05-19T14:42:46.014+0000: 14722.952: Total time for which application threads were stopped: 0.0150525 seconds, Stopping threads took: 0.0000914 seconds
2020-05-19T14:42:46.038+0000: 14722.975: Total time for which application threads were stopped: 0.0001385 seconds, Stopping threads took: 0.0000512 seconds
{Heap before GC invocations=319 (full 18):
 par new generation   total 109248K, used 109248K [0x00000000e0000000, 0x00000000e8000000, 0x00000000e8000000)
  eden space 87424K, 100% used [0x00000000e0000000, 0x00000000e5560000, 0x00000000e5560000)
  from space 21824K, 100% used [0x00000000e6ab0000, 0x00000000e8000000, 0x00000000e8000000)
  to   space 21824K,   0% used [0x00000000e5560000, 0x00000000e5560000, 0x00000000e6ab0000)
 concurrent mark-sweep generation total 393216K, used 142819K [0x00000000e8000000, 0x0000000100000000, 0x0000000100000000)
 Metaspace       used 57035K, capacity 58856K, committed 59156K, reserved 1101824K
  class space    used 6564K, capacity 6955K, committed 6976K, reserved 1048576K
2020-05-19T14:42:46.105+0000: 14723.042: [GC (Allocation Failure) 2020-05-19T14:42:46.105+0000: 14723.042: [ParNew
Desired survivor size 20112992 bytes, new threshold 7 (max 8)
- age   1:    3722496 bytes,    3722496 total
- age   2:    3048808 bytes,    6771304 total
- age   3:    2767864 bytes,    9539168 total
- age   4:    3253872 bytes,   12793040 total
- age   5:    1746784 bytes,   14539824 total
- age   6:    4658560 bytes,   19198384 total
- age   7:    3134392 bytes,   22332776 total
- age   8:         96 bytes,   22332872 total
: 109248K->21824K(109248K), 0.0158284 secs] 252067K->172225K(502464K), 0.0158997 secs] [Times: user=0.00 sys=0.00, real=0.02 secs] 
Heap after GC invocations=320 (full 18):
 par new generation   total 109248K, used 21824K [0x00000000e0000000, 0x00000000e8000000, 0x00000000e8000000)
  eden space 87424K,   0% used [0x00000000e0000000, 0x00000000e0000000, 0x00000000e5560000)
  from space 21824K, 100% used [0x00000000e5560000, 0x00000000e6ab0000, 0x00000000e6ab0000)
  to   space 21824K,   0% used [0x00000000e6ab0000, 0x00000000e6ab0000, 0x00000000e8000000)
 concurrent mark-sweep generation total 393216K, used 150401K [0x00000000e8000000, 0x0000000100000000, 0x0000000100000000)
 Metaspace       used 57035K, capacity 58856K, committed 59156K, reserved 1101824K
  class space    used 6564K, capacity 6955K, committed 6976K, reserved 1048576K
}
2020-05-19T14:42:46.122+0000: 14723.058: Total time for which application threads were stopped: 0.0161396 seconds, Stopping threads took: 0.0000586 seconds
2020-05-19T14:42:46.122+0000: 14723.058: Total time for which application threads were stopped: 0.0001311 seconds, Stopping threads took: 0.0000597 seconds
2020-05-19T14:42:46.122+0000: 14723.058: Total time for which application threads were stopped: 0.0000508 seconds, Stopping threads took: 0.0000128 seconds
{Heap before GC invocations=320 (full 18):
 par new generation   total 109248K, used 109248K [0x00000000e0000000, 0x00000000e8000000, 0x00000000e8000000)
  eden space 87424K, 100% used [0x00000000e0000000, 0x00000000e5560000, 0x00000000e5560000)
  from space 21824K, 100% used [0x00000000e5560000, 0x00000000e6ab0000, 0x00000000e6ab0000)
  to   space 21824K,   0% used [0x00000000e6ab0000, 0x00000000e6ab0000, 0x00000000e8000000)
 concurrent mark-sweep generation total 393216K, used 150401K [0x00000000e8000000, 0x0000000100000000, 0x0000000100000000)
 Metaspace       used 57035K, capacity 58856K, committed 59156K, reserved 1101824K
  class space    used 6564K, capacity 6955K, committed 6976K, reserved 1048576K
2020-05-19T14:42:46.192+0000: 14723.129: [GC (Allocation Failure) 2020-05-19T14:42:46.192+0000: 14723.129: [ParNew
Desired survivor size 20112992 bytes, new threshold 7 (max 8)
- age   1:    3922568 bytes,    3922568 total
- age   2:    2250096 bytes,    6172664 total
- age   3:    3048728 bytes,    9221392 total
- age   4:    2767864 bytes,   11989256 total
- age   5:    3253728 bytes,   15242984 total
- age   6:    1746824 bytes,   16989808 total
- age   7:    4658560 bytes,   21648368 total
: 109248K->21824K(109248K), 0.0157889 secs] 259649K->178917K(502464K), 0.0158566 secs] [Times: user=0.06 sys=0.00, real=0.02 secs] 
Heap after GC invocations=321 (full 18):
 par new generation   total 109248K, used 21824K [0x00000000e0000000, 0x00000000e8000000, 0x00000000e8000000)
  eden space 87424K,   0% used [0x00000000e0000000, 0x00000000e0000000, 0x00000000e5560000)
  from space 21824K, 100% used [0x00000000e6ab0000, 0x00000000e8000000, 0x00000000e8000000)
  to   space 21824K,   0% used [0x00000000e5560000, 0x00000000e5560000, 0x00000000e6ab0000)
 concurrent mark-sweep generation total 393216K, used 157093K [0x00000000e8000000, 0x0000000100000000, 0x0000000100000000)
 Metaspace       used 57035K, capacity 58856K, committed 59156K, reserved 1101824K
  class space    used 6564K, capacity 6955K, committed 6976K, reserved 1048576K
}
2020-05-19T14:42:46.207+0000: 14723.145: Total time for which application threads were stopped: 0.0161056 seconds, Stopping threads took: 0.0000735 seconds
2020-05-19T14:42:46.766+0000: 14723.703: Total time for which application threads were stopped: 0.0001367 seconds, Stopping threads took: 0.0000514 seconds
2020-05-19T14:42:46.905+0000: 14723.843: Total time for which application threads were stopped: 0.0001973 seconds, Stopping threads took: 0.0001342 seconds
2020-05-19T14:42:46.906+0000: 14723.844: Total time for which application threads were stopped: 0.0001401 seconds, Stopping threads took: 0.0000768 seconds
2020-05-19T14:42:46.907+0000: 14723.844: Total time for which application threads were stopped: 0.0001703 seconds, Stopping threads took: 0.0001011 seconds
2020-05-19T14:42:47.235+0000: 14724.171: Total time for which application threads were stopped: 0.0002307 seconds, Stopping threads took: 0.0001446 seconds
2020-05-19T14:42:47.251+0000: 14724.188: Total time for which application threads were stopped: 0.0001202 seconds, Stopping threads took: 0.0000433 seconds
2020-05-19T14:42:47.252+0000: 14724.189: Total time for which application threads were stopped: 0.0000983 seconds, Stopping threads took: 0.0000359 seconds
2020-05-19T14:42:47.316+0000: 14724.253: Total time for which application threads were stopped: 0.0001554 seconds, Stopping threads took: 0.0000600 seconds
{Heap before GC invocations=321 (full 18):
 par new generation   total 109248K, used 109248K [0x00000000e0000000, 0x00000000e8000000, 0x00000000e8000000)
  eden space 87424K, 100% used [0x00000000e0000000, 0x00000000e5560000, 0x00000000e5560000)
  from space 21824K, 100% used [0x00000000e6ab0000, 0x00000000e8000000, 0x00000000e8000000)
  to   space 21824K,   0% used [0x00000000e5560000, 0x00000000e5560000, 0x00000000e6ab0000)
 concurrent mark-sweep generation total 393216K, used 157093K [0x00000000e8000000, 0x0000000100000000, 0x0000000100000000)
 Metaspace       used 57089K, capacity 58924K, committed 59156K, reserved 1101824K
  class space    used 6565K, capacity 6955K, committed 6976K, reserved 1048576K
2020-05-19T14:42:47.339+0000: 14724.276: [GC (Allocation Failure) 2020-05-19T14:42:47.339+0000: 14724.276: [ParNew
Desired survivor size 20112992 bytes, new threshold 7 (max 8)
- age   1:    5651696 bytes,    5651696 total
- age   2:    2776088 bytes,    8427784 total
- age   3:    2009216 bytes,   10437000 total
- age   4:    2937136 bytes,   13374136 total
- age   5:    2767864 bytes,   16142000 total
- age   6:    3252808 bytes,   19394808 total
- age   7:    1746784 bytes,   21141592 total
: 109248K->21824K(109248K), 0.0157729 secs] 266341K->186898K(502464K), 0.0158348 secs] [Times: user=0.06 sys=0.00, real=0.02 secs] 
Heap after GC invocations=322 (full 18):
 par new generation   total 109248K, used 21824K [0x00000000e0000000, 0x00000000e8000000, 0x00000000e8000000)
  eden space 87424K,   0% used [0x00000000e0000000, 0x00000000e0000000, 0x00000000e5560000)
  from space 21824K, 100% used [0x00000000e5560000, 0x00000000e6ab0000, 0x00000000e6ab0000)
  to   space 21824K,   0% used [0x00000000e6ab0000, 0x00000000e6ab0000, 0x00000000e8000000)
 concurrent mark-sweep generation total 393216K, used 165074K [0x00000000e8000000, 0x0000000100000000, 0x0000000100000000)
 Metaspace       used 57089K, capacity 58924K, committed 59156K, reserved 1101824K
  class space    used 6565K, capacity 6955K, committed 6976K, reserved 1048576K
}
2020-05-19T14:42:47.355+0000: 14724.292: Total time for which application threads were stopped: 0.0161236 seconds, Stopping threads took: 0.0001232 seconds
2020-05-19T14:42:47.411+0000: 14724.347: Total time for which application threads were stopped: 0.0002370 seconds, Stopping threads took: 0.0001251 seconds
{Heap before GC invocations=322 (full 18):
 par new generation   total 109248K, used 109248K [0x00000000e0000000, 0x00000000e8000000, 0x00000000e8000000)
  eden space 87424K, 100% used [0x00000000e0000000, 0x00000000e5560000, 0x00000000e5560000)
  from space 21824K, 100% used [0x00000000e5560000, 0x00000000e6ab0000, 0x00000000e6ab0000)
  to   space 21824K,   0% used [0x00000000e6ab0000, 0x00000000e6ab0000, 0x00000000e8000000)
 concurrent mark-sweep generation total 393216K, used 165074K [0x00000000e8000000, 0x0000000100000000, 0x0000000100000000)
 Metaspace       used 57103K, capacity 58924K, committed 59156K, reserved 1101824K
  class space    used 6565K, capacity 6955K, committed 6976K, reserved 1048576K
2020-05-19T14:42:47.441+0000: 14724.377: [GC (Allocation Failure) 2020-05-19T14:42:47.441+0000: 14724.378: [ParNew
Desired survivor size 20112992 bytes, new threshold 7 (max 8)
- age   1:    4916472 bytes,    4916472 total
- age   2:    2408096 bytes,    7324568 total
- age   3:    2775968 bytes,   10100536 total
- age   4:    2009152 bytes,   12109688 total
- age   5:    2936992 bytes,   15046680 total
- age   6:    2767864 bytes,   17814544 total
- age   7:    3252808 bytes,   21067352 total
: 109248K->21824K(109248K), 0.0159547 secs] 274322K->194487K(502464K), 0.0160267 secs] [Times: user=0.06 sys=0.00, real=0.02 secs] 
Heap after GC invocations=323 (full 18):
 par new generation   total 109248K, used 21824K [0x00000000e0000000, 0x00000000e8000000, 0x00000000e8000000)
  eden space 87424K,   0% used [0x00000000e0000000, 0x00000000e0000000, 0x00000000e5560000)
  from space 21824K, 100% used [0x00000000e6ab0000, 0x00000000e8000000, 0x00000000e8000000)
  to   space 21824K,   0% used [0x00000000e5560000, 0x00000000e5560000, 0x00000000e6ab0000)
 concurrent mark-sweep generation total 393216K, used 172663K [0x00000000e8000000, 0x0000000100000000, 0x0000000100000000)
 Metaspace       used 57103K, capacity 58924K, committed 59156K, reserved 1101824K
  class space    used 6565K, capacity 6955K, committed 6976K, reserved 1048576K
}
2020-05-19T14:42:47.457+0000: 14724.394: Total time for which application threads were stopped: 0.0162893 seconds, Stopping threads took: 0.0000530 seconds
2020-05-19T14:42:48.457+0000: 14725.394: Total time for which application threads were stopped: 0.0001466 seconds, Stopping threads took: 0.0000432 seconds
2020-05-19T14:42:48.510+0000: 14725.447: Total time for which application threads were stopped: 0.0001869 seconds, Stopping threads took: 0.0001206 seconds
2020-05-19T14:42:48.512+0000: 14725.448: Total time for which application threads were stopped: 0.0001481 seconds, Stopping threads took: 0.0000683 seconds
2020-05-19T14:42:48.512+0000: 14725.449: Total time for which application threads were stopped: 0.0001031 seconds, Stopping threads took: 0.0000421 seconds
2020-05-19T14:42:48.512+0000: 14725.449: Total time for which application threads were stopped: 0.0000856 seconds, Stopping threads took: 0.0000385 seconds
2020-05-19T14:42:48.512+0000: 14725.449: Total time for which application threads were stopped: 0.0001515 seconds, Stopping threads took: 0.0001148 seconds
2020-05-19T14:42:48.895+0000: 14725.832: Total time for which application threads were stopped: 0.0001524 seconds, Stopping threads took: 0.0000619 seconds
2020-05-19T14:42:48.910+0000: 14725.846: Total time for which application threads were stopped: 0.0001083 seconds, Stopping threads took: 0.0000456 seconds
2020-05-19T14:42:48.911+0000: 14725.847: Total time for which application threads were stopped: 0.0001216 seconds, Stopping threads took: 0.0000506 seconds
{Heap before GC invocations=323 (full 18):
 par new generation   total 109248K, used 109248K [0x00000000e0000000, 0x00000000e8000000, 0x00000000e8000000)
  eden space 87424K, 100% used [0x00000000e0000000, 0x00000000e5560000, 0x00000000e5560000)
  from space 21824K, 100% used [0x00000000e6ab0000, 0x00000000e8000000, 0x00000000e8000000)
  to   space 21824K,   0% used [0x00000000e5560000, 0x00000000e5560000, 0x00000000e6ab0000)
 concurrent mark-sweep generation total 393216K, used 172663K [0x00000000e8000000, 0x0000000100000000, 0x0000000100000000)
 Metaspace       used 57154K, capacity 58928K, committed 59156K, reserved 1101824K
  class space    used 6565K, capacity 6955K, committed 6976K, reserved 1048576K
2020-05-19T14:42:48.932+0000: 14725.869: [GC (Allocation Failure) 2020-05-19T14:42:48.932+0000: 14725.869: [ParNew
Desired survivor size 20112992 bytes, new threshold 8 (max 8)
- age   1:    4320024 bytes,    4320024 total
- age   2:    2761392 bytes,    7081416 total
- age   3:    2081880 bytes,    9163296 total
- age   4:    2775968 bytes,   11939264 total
- age   5:    2008848 bytes,   13948112 total
- age   6:    2936960 bytes,   16885072 total
- age   7:    2767864 bytes,   19652936 total
: 109248K->21824K(109248K), 0.0134631 secs] 281911K->197830K(502464K), 0.0135241 secs] [Times: user=0.00 sys=0.00, real=0.01 secs] 
Heap after GC invocations=324 (full 18):
 par new generation   total 109248K, used 21824K [0x00000000e0000000, 0x00000000e8000000, 0x00000000e8000000)
  eden space 87424K,   0% used [0x00000000e0000000, 0x00000000e0000000, 0x00000000e5560000)
  from space 21824K, 100% used [0x00000000e5560000, 0x00000000e6ab0000, 0x00000000e6ab0000)
  to   space 21824K,   0% used [0x00000000e6ab0000, 0x00000000e6ab0000, 0x00000000e8000000)
 concurrent mark-sweep generation total 393216K, used 176006K [0x00000000e8000000, 0x0000000100000000, 0x0000000100000000)
 Metaspace       used 57154K, capacity 58928K, committed 59156K, reserved 1101824K
  class space    used 6565K, capacity 6955K, committed 6976K, reserved 1048576K
}
2020-05-19T14:42:48.946+0000: 14725.882: Total time for which application threads were stopped: 0.0137401 seconds, Stopping threads took: 0.0000458 seconds
2020-05-19T14:42:48.976+0000: 14725.913: Total time for which application threads were stopped: 0.0001374 seconds, Stopping threads took: 0.0000506 seconds
{Heap before GC invocations=324 (full 18):
 par new generation   total 109248K, used 109248K [0x00000000e0000000, 0x00000000e8000000, 0x00000000e8000000)
  eden space 87424K, 100% used [0x00000000e0000000, 0x00000000e5560000, 0x00000000e5560000)
  from space 21824K, 100% used [0x00000000e5560000, 0x00000000e6ab0000, 0x00000000e6ab0000)
  to   space 21824K,   0% used [0x00000000e6ab0000, 0x00000000e6ab0000, 0x00000000e8000000)
 concurrent mark-sweep generation total 393216K, used 176006K [0x00000000e8000000, 0x0000000100000000, 0x0000000100000000)
 Metaspace       used 57154K, capacity 58928K, committed 59156K, reserved 1101824K
  class space    used 6565K, capacity 6955K, committed 6976K, reserved 1048576K
2020-05-19T14:42:49.032+0000: 14725.969: [GC (Allocation Failure) 2020-05-19T14:42:49.033+0000: 14725.969: [ParNew
Desired survivor size 20112992 bytes, new threshold 8 (max 8)
- age   1:    4697240 bytes,    4697240 total
- age   2:    2413968 bytes,    7111208 total
- age   3:    2756064 bytes,    9867272 total
- age   4:    1984184 bytes,   11851456 total
- age   5:    2775968 bytes,   14627424 total
- age   6:    2007240 bytes,   16634664 total
- age   7:    2936960 bytes,   19571624 total
- age   8:    2767864 bytes,   22339488 total
: 109248K->21824K(109248K), 0.0174481 secs] 285254K->205746K(502464K), 0.0175222 secs] [Times: user=0.06 sys=0.00, real=0.02 secs] 
Heap after GC invocations=325 (full 18):
 par new generation   total 109248K, used 21824K [0x00000000e0000000, 0x00000000e8000000, 0x00000000e8000000)
  eden space 87424K,   0% used [0x00000000e0000000, 0x00000000e0000000, 0x00000000e5560000)
  from space 21824K, 100% used [0x00000000e6ab0000, 0x00000000e8000000, 0x00000000e8000000)
  to   space 21824K,   0% used [0x00000000e5560000, 0x00000000e5560000, 0x00000000e6ab0000)
 concurrent mark-sweep generation total 393216K, used 183922K [0x00000000e8000000, 0x0000000100000000, 0x0000000100000000)
 Metaspace       used 57154K, capacity 58928K, committed 59156K, reserved 1101824K
  class space    used 6565K, capacity 6955K, committed 6976K, reserved 1048576K
}
2020-05-19T14:42:49.050+0000: 14725.987: Total time for which application threads were stopped: 0.0177545 seconds, Stopping threads took: 0.0000597 seconds
2020-05-19T14:42:49.050+0000: 14725.987: Total time for which application threads were stopped: 0.0001539 seconds, Stopping threads took: 0.0000841 seconds
2020-05-19T14:42:49.050+0000: 14725.987: Total time for which application threads were stopped: 0.0000533 seconds, Stopping threads took: 0.0000142 seconds
{Heap before GC invocations=325 (full 18):
 par new generation   total 109248K, used 109248K [0x00000000e0000000, 0x00000000e8000000, 0x00000000e8000000)
  eden space 87424K, 100% used [0x00000000e0000000, 0x00000000e5560000, 0x00000000e5560000)
  from space 21824K, 100% used [0x00000000e6ab0000, 0x00000000e8000000, 0x00000000e8000000)
  to   space 21824K,   0% used [0x00000000e5560000, 0x00000000e5560000, 0x00000000e6ab0000)
 concurrent mark-sweep generation total 393216K, used 183922K [0x00000000e8000000, 0x0000000100000000, 0x0000000100000000)
 Metaspace       used 57154K, capacity 58928K, committed 59156K, reserved 1101824K
  class space    used 6565K, capacity 6955K, committed 6976K, reserved 1048576K
2020-05-19T14:42:49.127+0000: 14726.063: [GC (Allocation Failure) 2020-05-19T14:42:49.127+0000: 14726.063: [ParNew
Desired survivor size 20112992 bytes, new threshold 8 (max 8)
- age   1:    4086776 bytes,    4086776 total
- age   2:    3490728 bytes,    7577504 total
- age   3:    2372528 bytes,    9950032 total
- age   4:    2756064 bytes,   12706096 total
- age   5:    1984040 bytes,   14690136 total
- age   6:    2775904 bytes,   17466040 total
- age   7:    1935720 bytes,   19401760 total
- age   8:    2936760 bytes,   22338520 total
: 109248K->21824K(109248K), 0.0148936 secs] 293170K->211027K(502464K), 0.0149582 secs] [Times: user=0.06 sys=0.00, real=0.01 secs] 
Heap after GC invocations=326 (full 18):
 par new generation   total 109248K, used 21824K [0x00000000e0000000, 0x00000000e8000000, 0x00000000e8000000)
  eden space 87424K,   0% used [0x00000000e0000000, 0x00000000e0000000, 0x00000000e5560000)
  from space 21824K, 100% used [0x00000000e5560000, 0x00000000e6ab0000, 0x00000000e6ab0000)
  to   space 21824K,   0% used [0x00000000e6ab0000, 0x00000000e6ab0000, 0x00000000e8000000)
 concurrent mark-sweep generation total 393216K, used 189203K [0x00000000e8000000, 0x0000000100000000, 0x0000000100000000)
 Metaspace       used 57154K, capacity 58928K, committed 59156K, reserved 1101824K
  class space    used 6565K, capacity 6955K, committed 6976K, reserved 1048576K
}
2020-05-19T14:42:49.142+0000: 14726.078: Total time for which application threads were stopped: 0.0152230 seconds, Stopping threads took: 0.0000871 seconds
2020-05-19T14:42:49.605+0000: 14726.542: Total time for which application threads were stopped: 0.0004032 seconds, Stopping threads took: 0.0000721 seconds
2020-05-19T14:42:49.606+0000: 14726.542: Total time for which application threads were stopped: 0.0001554 seconds, Stopping threads took: 0.0000457 seconds
2020-05-19T14:42:49.979+0000: 14726.915: Total time for which application threads were stopped: 0.0002109 seconds, Stopping threads took: 0.0001279 seconds
2020-05-19T14:42:49.979+0000: 14726.916: Total time for which application threads were stopped: 0.0001115 seconds, Stopping threads took: 0.0000541 seconds
2020-05-19T14:42:49.981+0000: 14726.917: Total time for which application threads were stopped: 0.0001590 seconds, Stopping threads took: 0.0000766 seconds
2020-05-19T14:42:49.981+0000: 14726.918: Total time for which application threads were stopped: 0.0001158 seconds, Stopping threads took: 0.0000592 seconds
2020-05-19T14:42:49.981+0000: 14726.918: Total time for which application threads were stopped: 0.0001088 seconds, Stopping threads took: 0.0000522 seconds
2020-05-19T14:42:49.981+0000: 14726.918: Total time for which application threads were stopped: 0.0001160 seconds, Stopping threads took: 0.0000702 seconds
2020-05-19T14:42:50.981+0000: 14727.918: Total time for which application threads were stopped: 0.0001221 seconds, Stopping threads took: 0.0000567 seconds
2020-05-19T14:42:59.085+0000: 14736.022: Total time for which application threads were stopped: 0.0002107 seconds, Stopping threads took: 0.0001173 seconds
2020-05-19T14:42:59.086+0000: 14736.023: Total time for which application threads were stopped: 0.0001804 seconds, Stopping threads took: 0.0001022 seconds
2020-05-19T14:42:59.160+0000: 14736.097: Total time for which application threads were stopped: 0.0001437 seconds, Stopping threads took: 0.0000468 seconds
{Heap before GC invocations=326 (full 18):
 par new generation   total 109248K, used 109248K [0x00000000e0000000, 0x00000000e8000000, 0x00000000e8000000)
  eden space 87424K, 100% used [0x00000000e0000000, 0x00000000e5560000, 0x00000000e5560000)
  from space 21824K, 100% used [0x00000000e5560000, 0x00000000e6ab0000, 0x00000000e6ab0000)
  to   space 21824K,   0% used [0x00000000e6ab0000, 0x00000000e6ab0000, 0x00000000e8000000)
 concurrent mark-sweep generation total 393216K, used 189203K [0x00000000e8000000, 0x0000000100000000, 0x0000000100000000)
 Metaspace       used 57184K, capacity 58992K, committed 59156K, reserved 1101824K
  class space    used 6566K, capacity 6955K, committed 6976K, reserved 1048576K
2020-05-19T14:42:59.174+0000: 14736.111: [GC (Allocation Failure) 2020-05-19T14:42:59.174+0000: 14736.111: [ParNew
Desired survivor size 20112992 bytes, new threshold 8 (max 8)
- age   1:    4548808 bytes,    4548808 total
- age   2:    2143872 bytes,    6692680 total
- age   3:    3389528 bytes,   10082208 total
- age   4:    2233360 bytes,   12315568 total
- age   5:    2756064 bytes,   15071632 total
- age   6:    1983704 bytes,   17055336 total
- age   7:    2775904 bytes,   19831240 total
- age   8:    1935760 bytes,   21767000 total
: 109248K->21824K(109248K), 0.0172723 secs] 298451K->219747K(502464K), 0.0173479 secs] [Times: user=0.06 sys=0.00, real=0.02 secs] 
Heap after GC invocations=327 (full 18):
 par new generation   total 109248K, used 21824K [0x00000000e0000000, 0x00000000e8000000, 0x00000000e8000000)
  eden space 87424K,   0% used [0x00000000e0000000, 0x00000000e0000000, 0x00000000e5560000)
  from space 21824K, 100% used [0x00000000e6ab0000, 0x00000000e8000000, 0x00000000e8000000)
  to   space 21824K,   0% used [0x00000000e5560000, 0x00000000e5560000, 0x00000000e6ab0000)
 concurrent mark-sweep generation total 393216K, used 197923K [0x00000000e8000000, 0x0000000100000000, 0x0000000100000000)
 Metaspace       used 57184K, capacity 58992K, committed 59156K, reserved 1101824K
  class space    used 6566K, capacity 6955K, committed 6976K, reserved 1048576K
}
2020-05-19T14:42:59.191+0000: 14736.128: Total time for which application threads were stopped: 0.0175698 seconds, Stopping threads took: 0.0000512 seconds
2020-05-19T14:42:59.192+0000: 14736.128: [GC (CMS Initial Mark) [1 CMS-initial-mark: 197923K(393216K)] 220437K(502464K), 0.0037949 secs] [Times: user=0.00 sys=0.00, real=0.00 secs] 
2020-05-19T14:42:59.196+0000: 14736.132: Total time for which application threads were stopped: 0.0040719 seconds, Stopping threads took: 0.0001759 seconds
2020-05-19T14:42:59.196+0000: 14736.132: [CMS-concurrent-mark-start]
2020-05-19T14:42:59.220+0000: 14736.157: [CMS-concurrent-mark: 0.024/0.024 secs] [Times: user=0.06 sys=0.00, real=0.02 secs] 
2020-05-19T14:42:59.220+0000: 14736.157: [CMS-concurrent-preclean-start]
2020-05-19T14:42:59.221+0000: 14736.158: [CMS-concurrent-preclean: 0.001/0.001 secs] [Times: user=0.00 sys=0.00, real=0.00 secs] 
2020-05-19T14:42:59.221+0000: 14736.158: [GC (CMS Final Remark) [YG occupancy: 23388 K (109248 K)]{Heap before GC invocations=327 (full 19):
 par new generation   total 109248K, used 23388K [0x00000000e0000000, 0x00000000e8000000, 0x00000000e8000000)
  eden space 87424K,   1% used [0x00000000e0000000, 0x00000000e0187248, 0x00000000e5560000)
  from space 21824K, 100% used [0x00000000e6ab0000, 0x00000000e8000000, 0x00000000e8000000)
  to   space 21824K,   0% used [0x00000000e5560000, 0x00000000e5560000, 0x00000000e6ab0000)
 concurrent mark-sweep generation total 393216K, used 197923K [0x00000000e8000000, 0x0000000100000000, 0x0000000100000000)
 Metaspace       used 57184K, capacity 58992K, committed 59156K, reserved 1101824K
  class space    used 6566K, capacity 6955K, committed 6976K, reserved 1048576K
2020-05-19T14:42:59.221+0000: 14736.158: [GC (CMS Final Remark) 2020-05-19T14:42:59.221+0000: 14736.158: [ParNew
Desired survivor size 20112992 bytes, new threshold 8 (max 8)
- age   1:     340128 bytes,     340128 total
- age   2:    4194120 bytes,    4534248 total
- age   3:    2141080 bytes,    6675328 total
- age   4:    3388864 bytes,   10064192 total
- age   5:    2188736 bytes,   12252928 total
- age   6:    2754608 bytes,   15007536 total
- age   7:    1363336 bytes,   16370872 total
- age   8:    2602184 bytes,   18973056 total
: 23388K->21824K(109248K), 0.0119472 secs] 221312K->222650K(502464K), 0.0120101 secs] [Times: user=0.06 sys=0.00, real=0.01 secs] 
Heap after GC invocations=328 (full 19):
 par new generation   total 109248K, used 21824K [0x00000000e0000000, 0x00000000e8000000, 0x00000000e8000000)
  eden space 87424K,   0% used [0x00000000e0000000, 0x00000000e0000000, 0x00000000e5560000)
  from space 21824K, 100% used [0x00000000e5560000, 0x00000000e6ab0000, 0x00000000e6ab0000)
  to   space 21824K,   0% used [0x00000000e6ab0000, 0x00000000e6ab0000, 0x00000000e8000000)
 concurrent mark-sweep generation total 393216K, used 200826K [0x00000000e8000000, 0x0000000100000000, 0x0000000100000000)
 Metaspace       used 57184K, capacity 58992K, committed 59156K, reserved 1101824K
  class space    used 6566K, capacity 6955K, committed 6976K, reserved 1048576K
}
2020-05-19T14:42:59.234+0000: 14736.170: [Rescan (parallel) , 0.0050602 secs]2020-05-19T14:42:59.239+0000: 14736.175: [weak refs processing, 0.0048214 secs]2020-05-19T14:42:59.244+0000: 14736.180: [class unloading, 0.0104319 secs]2020-05-19T14:42:59.254+0000: 14736.191: [scrub symbol table, 0.0092856 secs]2020-05-19T14:42:59.263+0000: 14736.200: [scrub string table, 0.0005944 secs][1 CMS-remark: 200826K(393216K)] 222650K(502464K), 0.0426892 secs] [Times: user=0.14 sys=0.00, real=0.04 secs] 
2020-05-19T14:42:59.264+0000: 14736.201: Total time for which application threads were stopped: 0.0428510 seconds, Stopping threads took: 0.0000508 seconds
2020-05-19T14:42:59.264+0000: 14736.201: [CMS-concurrent-sweep-start]
2020-05-19T14:42:59.265+0000: 14736.202: Total time for which application threads were stopped: 0.0001657 seconds, Stopping threads took: 0.0001021 seconds
2020-05-19T14:42:59.265+0000: 14736.202: Total time for which application threads were stopped: 0.0000547 seconds, Stopping threads took: 0.0000141 seconds
2020-05-19T14:42:59.266+0000: 14736.202: Total time for which application threads were stopped: 0.0000963 seconds, Stopping threads took: 0.0000522 seconds
2020-05-19T14:42:59.266+0000: 14736.202: Total time for which application threads were stopped: 0.0000837 seconds, Stopping threads took: 0.0000429 seconds
2020-05-19T14:42:59.318+0000: 14736.255: [CMS-concurrent-sweep: 0.054/0.054 secs] [Times: user=0.14 sys=0.00, real=0.05 secs] 
2020-05-19T14:42:59.318+0000: 14736.255: [CMS-concurrent-reset-start]
2020-05-19T14:42:59.318+0000: 14736.256: [CMS-concurrent-reset: 0.001/0.001 secs] [Times: user=0.00 sys=0.00, real=0.00 secs] 
{Heap before GC invocations=328 (full 19):
 par new generation   total 109248K, used 109248K [0x00000000e0000000, 0x00000000e8000000, 0x00000000e8000000)
  eden space 87424K, 100% used [0x00000000e0000000, 0x00000000e5560000, 0x00000000e5560000)
  from space 21824K, 100% used [0x00000000e5560000, 0x00000000e6ab0000, 0x00000000e6ab0000)
  to   space 21824K,   0% used [0x00000000e6ab0000, 0x00000000e6ab0000, 0x00000000e8000000)
 concurrent mark-sweep generation total 393216K, used 87011K [0x00000000e8000000, 0x0000000100000000, 0x0000000100000000)
 Metaspace       used 57184K, capacity 58992K, committed 59156K, reserved 1101824K
  class space    used 6566K, capacity 6955K, committed 6976K, reserved 1048576K
2020-05-19T14:42:59.353+0000: 14736.291: [GC (Allocation Failure) 2020-05-19T14:42:59.354+0000: 14736.291: [ParNew
Desired survivor size 20112992 bytes, new threshold 8 (max 8)
- age   1:    8682384 bytes,    8682384 total
- age   2:     297920 bytes,    8980304 total
- age   3:    3433488 bytes,   12413792 total
- age   4:     256072 bytes,   12669864 total
- age   5:    2199864 bytes,   14869728 total
- age   6:    2185936 bytes,   17055664 total
- age   7:    2741320 bytes,   19796984 total
- age   8:    1258112 bytes,   21055096 total
: 109248K->21824K(109248K), 0.0123233 secs] 196259K->112212K(502464K), 0.0123880 secs] [Times: user=0.00 sys=0.00, real=0.01 secs] 
Heap after GC invocations=329 (full 19):
 par new generation   total 109248K, used 21824K [0x00000000e0000000, 0x00000000e8000000, 0x00000000e8000000)
  eden space 87424K,   0% used [0x00000000e0000000, 0x00000000e0000000, 0x00000000e5560000)
  from space 21824K, 100% used [0x00000000e6ab0000, 0x00000000e8000000, 0x00000000e8000000)
  to   space 21824K,   0% used [0x00000000e5560000, 0x00000000e5560000, 0x00000000e6ab0000)
 concurrent mark-sweep generation total 393216K, used 90388K [0x00000000e8000000, 0x0000000100000000, 0x0000000100000000)
 Metaspace       used 57184K, capacity 58992K, committed 59156K, reserved 1101824K
  class space    used 6566K, capacity 6955K, committed 6976K, reserved 1048576K
}
2020-05-19T14:42:59.366+0000: 14736.303: Total time for which application threads were stopped: 0.0126167 seconds, Stopping threads took: 0.0000498 seconds
2020-05-19T14:43:00.265+0000: 14737.202: Total time for which application threads were stopped: 0.0001427 seconds, Stopping threads took: 0.0000617 seconds
2020-05-19T14:43:00.266+0000: 14737.202: Total time for which application threads were stopped: 0.0001339 seconds, Stopping threads took: 0.0000374 seconds
2020-05-19T14:43:00.268+0000: 14737.205: Total time for which application threads were stopped: 0.0001416 seconds, Stopping threads took: 0.0000549 seconds
2020-05-19T14:43:00.268+0000: 14737.205: Total time for which application threads were stopped: 0.0001202 seconds, Stopping threads took: 0.0000436 seconds
2020-05-19T14:43:00.269+0000: 14737.205: Total time for which application threads were stopped: 0.0001013 seconds, Stopping threads took: 0.0000456 seconds
2020-05-19T14:43:00.269+0000: 14737.206: Total time for which application threads were stopped: 0.0000571 seconds, Stopping threads took: 0.0000153 seconds
2020-05-19T14:43:00.269+0000: 14737.206: Total time for which application threads were stopped: 0.0000531 seconds, Stopping threads took: 0.0000131 seconds
2020-05-19T14:43:08.213+0000: 14745.150: Total time for which application threads were stopped: 0.0003099 seconds, Stopping threads took: 0.0001266 seconds
2020-05-19T14:43:08.216+0000: 14745.153: Total time for which application threads were stopped: 0.0001806 seconds, Stopping threads took: 0.0000865 seconds
2020-05-19T14:43:08.217+0000: 14745.153: Total time for which application threads were stopped: 0.0002779 seconds, Stopping threads took: 0.0000744 seconds
{Heap before GC invocations=329 (full 19):
 par new generation   total 109248K, used 109248K [0x00000000e0000000, 0x00000000e8000000, 0x00000000e8000000)
  eden space 87424K, 100% used [0x00000000e0000000, 0x00000000e5560000, 0x00000000e5560000)
  from space 21824K, 100% used [0x00000000e6ab0000, 0x00000000e8000000, 0x00000000e8000000)
  to   space 21824K,   0% used [0x00000000e5560000, 0x00000000e5560000, 0x00000000e6ab0000)
 concurrent mark-sweep generation total 393216K, used 90388K [0x00000000e8000000, 0x0000000100000000, 0x0000000100000000)
 Metaspace       used 57205K, capacity 58992K, committed 59156K, reserved 1101824K
  class space    used 6566K, capacity 6955K, committed 6976K, reserved 1048576K
2020-05-19T14:43:08.243+0000: 14745.179: [GC (Allocation Failure) 2020-05-19T14:43:08.243+0000: 14745.179: [ParNew
Desired survivor size 20112992 bytes, new threshold 8 (max 8)
- age   1:    3298320 bytes,    3298320 total
- age   2:    6220096 bytes,    9518416 total
- age   3:     297920 bytes,    9816336 total
- age   4:    3146592 bytes,   12962928 total
- age   5:     256072 bytes,   13219000 total
- age   6:    2199544 bytes,   15418544 total
- age   7:    2185576 bytes,   17604120 total
- age   8:    2741040 bytes,   20345160 total
: 109248K->21824K(109248K), 0.0111866 secs] 199636K->113548K(502464K), 0.0112538 secs] [Times: user=0.00 sys=0.00, real=0.01 secs] 
Heap after GC invocations=330 (full 19):
 par new generation   total 109248K, used 21824K [0x00000000e0000000, 0x00000000e8000000, 0x00000000e8000000)
  eden space 87424K,   0% used [0x00000000e0000000, 0x00000000e0000000, 0x00000000e5560000)
  from space 21824K, 100% used [0x00000000e5560000, 0x00000000e6ab0000, 0x00000000e6ab0000)
  to   space 21824K,   0% used [0x00000000e6ab0000, 0x00000000e6ab0000, 0x00000000e8000000)
 concurrent mark-sweep generation total 393216K, used 91724K [0x00000000e8000000, 0x0000000100000000, 0x0000000100000000)
 Metaspace       used 57205K, capacity 58992K, committed 59156K, reserved 1101824K
  class space    used 6566K, capacity 6955K, committed 6976K, reserved 1048576K
}
2020-05-19T14:43:08.254+0000: 14745.191: Total time for which application threads were stopped: 0.0116535 seconds, Stopping threads took: 0.0001057 seconds
2020-05-19T14:43:08.297+0000: 14745.235: Total time for which application threads were stopped: 0.0001492 seconds, Stopping threads took: 0.0000506 seconds
{Heap before GC invocations=330 (full 19):
 par new generation   total 109248K, used 109248K [0x00000000e0000000, 0x00000000e8000000, 0x00000000e8000000)
  eden space 87424K, 100% used [0x00000000e0000000, 0x00000000e5560000, 0x00000000e5560000)
  from space 21824K, 100% used [0x00000000e5560000, 0x00000000e6ab0000, 0x00000000e6ab0000)
  to   space 21824K,   0% used [0x00000000e6ab0000, 0x00000000e6ab0000, 0x00000000e8000000)
 concurrent mark-sweep generation total 393216K, used 91724K [0x00000000e8000000, 0x0000000100000000, 0x0000000100000000)
 Metaspace       used 57205K, capacity 58992K, committed 59156K, reserved 1101824K
  class space    used 6566K, capacity 6955K, committed 6976K, reserved 1048576K
2020-05-19T14:43:08.357+0000: 14745.294: [GC (Allocation Failure) 2020-05-19T14:43:08.357+0000: 14745.294: [ParNew
Desired survivor size 20112992 bytes, new threshold 7 (max 8)
- age   1:    5778896 bytes,    5778896 total
- age   2:    2617688 bytes,    8396584 total
- age   3:    5933936 bytes,   14330520 total
- age   4:     297920 bytes,   14628440 total
- age   5:    3051960 bytes,   17680400 total
- age   6:     256072 bytes,   17936472 total
- age   7:    2199544 bytes,   20136016 total
- age   8:    2185576 bytes,   22321592 total
: 109248K->21824K(109248K), 0.0174227 secs] 200972K->123109K(502464K), 0.0176711 secs] [Times: user=0.06 sys=0.00, real=0.02 secs] 
Heap after GC invocations=331 (full 19):
 par new generation   total 109248K, used 21824K [0x00000000e0000000, 0x00000000e8000000, 0x00000000e8000000)
  eden space 87424K,   0% used [0x00000000e0000000, 0x00000000e0000000, 0x00000000e5560000)
  from space 21824K, 100% used [0x00000000e6ab0000, 0x00000000e8000000, 0x00000000e8000000)
  to   space 21824K,   0% used [0x00000000e5560000, 0x00000000e5560000, 0x00000000e6ab0000)
 concurrent mark-sweep generation total 393216K, used 101285K [0x00000000e8000000, 0x0000000100000000, 0x0000000100000000)
 Metaspace       used 57205K, capacity 58992K, committed 59156K, reserved 1101824K
  class space    used 6566K, capacity 6955K, committed 6976K, reserved 1048576K
}
2020-05-19T14:43:08.375+0000: 14745.312: Total time for which application threads were stopped: 0.0181373 seconds, Stopping threads took: 0.0000660 seconds
2020-05-19T14:43:08.400+0000: 14745.337: Total time for which application threads were stopped: 0.0010968 seconds, Stopping threads took: 0.0006372 seconds
2020-05-19T14:43:08.414+0000: 14745.351: Total time for which application threads were stopped: 0.0020003 seconds, Stopping threads took: 0.0016672 seconds
{Heap before GC invocations=331 (full 19):
 par new generation   total 109248K, used 109248K [0x00000000e0000000, 0x00000000e8000000, 0x00000000e8000000)
  eden space 87424K, 100% used [0x00000000e0000000, 0x00000000e5560000, 0x00000000e5560000)
  from space 21824K, 100% used [0x00000000e6ab0000, 0x00000000e8000000, 0x00000000e8000000)
  to   space 21824K,   0% used [0x00000000e5560000, 0x00000000e5560000, 0x00000000e6ab0000)
 concurrent mark-sweep generation total 393216K, used 101285K [0x00000000e8000000, 0x0000000100000000, 0x0000000100000000)
 Metaspace       used 57206K, capacity 58992K, committed 59156K, reserved 1101824K
  class space    used 6566K, capacity 6955K, committed 6976K, reserved 1048576K
2020-05-19T14:43:08.488+0000: 14745.425: [GC (Allocation Failure) 2020-05-19T14:43:08.488+0000: 14745.425: [ParNew
Desired survivor size 20112992 bytes, new threshold 8 (max 8)
- age   1:    4039368 bytes,    4039368 total
- age   2:    4490576 bytes,    8529944 total
- age   3:    2530936 bytes,   11060880 total
- age   4:    5714688 bytes,   16775568 total
- age   5:      77560 bytes,   16853128 total
- age   6:    2923640 bytes,   19776768 total
- age   7:     256072 bytes,   20032840 total
: 109248K->21824K(109248K), 0.0137966 secs] 210533K->128908K(502464K), 0.0138810 secs] [Times: user=0.05 sys=0.00, real=0.01 secs] 
Heap after GC invocations=332 (full 19):
 par new generation   total 109248K, used 21824K [0x00000000e0000000, 0x00000000e8000000, 0x00000000e8000000)
  eden space 87424K,   0% used [0x00000000e0000000, 0x00000000e0000000, 0x00000000e5560000)
  from space 21824K, 100% used [0x00000000e5560000, 0x00000000e6ab0000, 0x00000000e6ab0000)
  to   space 21824K,   0% used [0x00000000e6ab0000, 0x00000000e6ab0000, 0x00000000e8000000)
 concurrent mark-sweep generation total 393216K, used 107084K [0x00000000e8000000, 0x0000000100000000, 0x0000000100000000)
 Metaspace       used 57206K, capacity 58992K, committed 59156K, reserved 1101824K
  class space    used 6566K, capacity 6955K, committed 6976K, reserved 1048576K
}
2020-05-19T14:43:08.502+0000: 14745.439: Total time for which application threads were stopped: 0.0141580 seconds, Stopping threads took: 0.0000559 seconds
2020-05-19T14:43:08.540+0000: 14745.476: Total time for which application threads were stopped: 0.0002314 seconds, Stopping threads took: 0.0000459 seconds
2020-05-19T14:43:09.294+0000: 14746.231: Total time for which application threads were stopped: 0.0002297 seconds, Stopping threads took: 0.0001568 seconds
2020-05-19T14:43:09.294+0000: 14746.231: Total time for which application threads were stopped: 0.0001077 seconds, Stopping threads took: 0.0000532 seconds
2020-05-19T14:43:09.295+0000: 14746.232: Total time for which application threads were stopped: 0.0001413 seconds, Stopping threads took: 0.0000418 seconds
2020-05-19T14:43:09.295+0000: 14746.232: Total time for which application threads were stopped: 0.0001360 seconds, Stopping threads took: 0.0000622 seconds
2020-05-19T14:43:09.296+0000: 14746.233: Total time for which application threads were stopped: 0.0001345 seconds, Stopping threads took: 0.0000434 seconds
2020-05-19T14:43:09.296+0000: 14746.233: Total time for which application threads were stopped: 0.0000964 seconds, Stopping threads took: 0.0000334 seconds
2020-05-19T14:43:09.296+0000: 14746.233: Total time for which application threads were stopped: 0.0000582 seconds, Stopping threads took: 0.0000164 seconds
2020-05-19T14:43:09.297+0000: 14746.233: Total time for which application threads were stopped: 0.0000943 seconds, Stopping threads took: 0.0000404 seconds
2020-05-19T14:43:09.297+0000: 14746.233: Total time for which application threads were stopped: 0.0000941 seconds, Stopping threads took: 0.0000400 seconds
2020-05-19T14:43:14.845+0000: 14751.782: Total time for which application threads were stopped: 0.0002322 seconds, Stopping threads took: 0.0001616 seconds
2020-05-19T14:43:14.848+0000: 14751.785: Total time for which application threads were stopped: 0.0001591 seconds, Stopping threads took: 0.0000695 seconds
2020-05-19T14:43:14.860+0000: 14751.797: Total time for which application threads were stopped: 0.0001797 seconds, Stopping threads took: 0.0000842 seconds
2020-05-19T14:43:14.863+0000: 14751.800: Total time for which application threads were stopped: 0.0001342 seconds, Stopping threads took: 0.0000653 seconds
2020-05-19T14:43:14.928+0000: 14751.865: Total time for which application threads were stopped: 0.0001552 seconds, Stopping threads took: 0.0000580 seconds
{Heap before GC invocations=332 (full 19):
 par new generation   total 109248K, used 109248K [0x00000000e0000000, 0x00000000e8000000, 0x00000000e8000000)
  eden space 87424K, 100% used [0x00000000e0000000, 0x00000000e5560000, 0x00000000e5560000)
  from space 21824K, 100% used [0x00000000e5560000, 0x00000000e6ab0000, 0x00000000e6ab0000)
  to   space 21824K,   0% used [0x00000000e6ab0000, 0x00000000e6ab0000, 0x00000000e8000000)
 concurrent mark-sweep generation total 393216K, used 107084K [0x00000000e8000000, 0x0000000100000000, 0x0000000100000000)
 Metaspace       used 57242K, capacity 58992K, committed 59156K, reserved 1101824K
  class space    used 6566K, capacity 6955K, committed 6976K, reserved 1048576K
2020-05-19T14:43:14.938+0000: 14751.874: [GC (Allocation Failure) 2020-05-19T14:43:14.938+0000: 14751.874: [ParNew
Desired survivor size 20112992 bytes, new threshold 7 (max 8)
- age   1:    3951856 bytes,    3951856 total
- age   2:    3300416 bytes,    7252272 total
- age   3:    4228208 bytes,   11480480 total
- age   4:    2347352 bytes,   13827832 total
- age   5:    5501056 bytes,   19328888 total
- age   6:      69952 bytes,   19398840 total
- age   7:    2734624 bytes,   22133464 total
- age   8:     202808 bytes,   22336272 total
: 109248K->21824K(109248K), 0.0145635 secs] 216332K->135183K(502464K), 0.0146343 secs] [Times: user=0.06 sys=0.00, real=0.01 secs] 
Heap after GC invocations=333 (full 19):
 par new generation   total 109248K, used 21824K [0x00000000e0000000, 0x00000000e8000000, 0x00000000e8000000)
  eden space 87424K,   0% used [0x00000000e0000000, 0x00000000e0000000, 0x00000000e5560000)
  from space 21824K, 100% used [0x00000000e6ab0000, 0x00000000e8000000, 0x00000000e8000000)
  to   space 21824K,   0% used [0x00000000e5560000, 0x00000000e5560000, 0x00000000e6ab0000)
 concurrent mark-sweep generation total 393216K, used 113359K [0x00000000e8000000, 0x0000000100000000, 0x0000000100000000)
 Metaspace       used 57242K, capacity 58992K, committed 59156K, reserved 1101824K
  class space    used 6566K, capacity 6955K, committed 6976K, reserved 1048576K
}
2020-05-19T14:43:14.952+0000: 14751.889: Total time for which application threads were stopped: 0.0148532 seconds, Stopping threads took: 0.0000528 seconds
{Heap before GC invocations=333 (full 19):
 par new generation   total 109248K, used 109248K [0x00000000e0000000, 0x00000000e8000000, 0x00000000e8000000)
  eden space 87424K, 100% used [0x00000000e0000000, 0x00000000e5560000, 0x00000000e5560000)
  from space 21824K, 100% used [0x00000000e6ab0000, 0x00000000e8000000, 0x00000000e8000000)
  to   space 21824K,   0% used [0x00000000e5560000, 0x00000000e5560000, 0x00000000e6ab0000)
 concurrent mark-sweep generation total 393216K, used 113359K [0x00000000e8000000, 0x0000000100000000, 0x0000000100000000)
 Metaspace       used 57242K, capacity 58992K, committed 59156K, reserved 1101824K
  class space    used 6566K, capacity 6955K, committed 6976K, reserved 1048576K
2020-05-19T14:43:15.027+0000: 14751.965: [GC (Allocation Failure) 2020-05-19T14:43:15.027+0000: 14751.965: [ParNew
Desired survivor size 20112992 bytes, new threshold 6 (max 8)
- age   1:    6408800 bytes,    6408800 total
- age   2:    2678224 bytes,    9087024 total
- age   3:    2973656 bytes,   12060680 total
- age   4:    2519448 bytes,   14580128 total
- age   5:    2333032 bytes,   16913160 total
- age   6:    5054464 bytes,   21967624 total
- age   7:      69928 bytes,   22037552 total
: 109248K->21824K(109248K), 0.0163040 secs] 222607K->145040K(502464K), 0.0163734 secs] [Times: user=0.06 sys=0.00, real=0.02 secs] 
Heap after GC invocations=334 (full 19):
 par new generation   total 109248K, used 21824K [0x00000000e0000000, 0x00000000e8000000, 0x00000000e8000000)
  eden space 87424K,   0% used [0x00000000e0000000, 0x00000000e0000000, 0x00000000e5560000)
  from space 21824K, 100% used [0x00000000e5560000, 0x00000000e6ab0000, 0x00000000e6ab0000)
  to   space 21824K,   0% used [0x00000000e6ab0000, 0x00000000e6ab0000, 0x00000000e8000000)
 concurrent mark-sweep generation total 393216K, used 123216K [0x00000000e8000000, 0x0000000100000000, 0x0000000100000000)
 Metaspace       used 57242K, capacity 58992K, committed 59156K, reserved 1101824K
  class space    used 6566K, capacity 6955K, committed 6976K, reserved 1048576K
}
2020-05-19T14:43:15.044+0000: 14751.981: Total time for which application threads were stopped: 0.0166327 seconds, Stopping threads took: 0.0000900 seconds
2020-05-19T14:43:16.015+0000: 14752.951: Total time for which application threads were stopped: 0.0001632 seconds, Stopping threads took: 0.0000631 seconds
2020-05-19T14:43:16.015+0000: 14752.952: Total time for which application threads were stopped: 0.0001089 seconds, Stopping threads took: 0.0000522 seconds
2020-05-19T14:43:16.015+0000: 14752.952: Total time for which application threads were stopped: 0.0001777 seconds, Stopping threads took: 0.0000567 seconds
2020-05-19T14:43:16.017+0000: 14752.954: Total time for which application threads were stopped: 0.0001760 seconds, Stopping threads took: 0.0001083 seconds
2020-05-19T14:43:16.017+0000: 14752.954: Total time for which application threads were stopped: 0.0000869 seconds, Stopping threads took: 0.0000374 seconds
2020-05-19T14:43:16.017+0000: 14752.954: Total time for which application threads were stopped: 0.0000421 seconds, Stopping threads took: 0.0000133 seconds
2020-05-19T14:43:16.017+0000: 14752.954: Total time for which application threads were stopped: 0.0000372 seconds, Stopping threads took: 0.0000096 seconds
2020-05-19T14:43:17.017+0000: 14753.954: Total time for which application threads were stopped: 0.0001161 seconds, Stopping threads took: 0.0000454 seconds
2020-05-19T14:43:29.864+0000: 14766.801: Total time for which application threads were stopped: 0.0000810 seconds, Stopping threads took: 0.0000222 seconds
2020-05-19T14:43:46.870+0000: 14783.807: Total time for which application threads were stopped: 0.0001158 seconds, Stopping threads took: 0.0000298 seconds
2020-05-19T14:45:17.549+0000: 14874.486: Total time for which application threads were stopped: 0.0004442 seconds, Stopping threads took: 0.0002950 seconds
2020-05-19T14:45:17.553+0000: 14874.490: Total time for which application threads were stopped: 0.0002849 seconds, Stopping threads took: 0.0001530 seconds
{Heap before GC invocations=334 (full 19):
 par new generation   total 109248K, used 109248K [0x00000000e0000000, 0x00000000e8000000, 0x00000000e8000000)
  eden space 87424K, 100% used [0x00000000e0000000, 0x00000000e5560000, 0x00000000e5560000)
  from space 21824K, 100% used [0x00000000e5560000, 0x00000000e6ab0000, 0x00000000e6ab0000)
  to   space 21824K,   0% used [0x00000000e6ab0000, 0x00000000e6ab0000, 0x00000000e8000000)
 concurrent mark-sweep generation total 393216K, used 123216K [0x00000000e8000000, 0x0000000100000000, 0x0000000100000000)
 Metaspace       used 57249K, capacity 58992K, committed 59156K, reserved 1101824K
  class space    used 6566K, capacity 6955K, committed 6976K, reserved 1048576K
2020-05-19T14:45:17.567+0000: 14874.503: [GC (Allocation Failure) 2020-05-19T14:45:17.567+0000: 14874.503: [ParNew
Desired survivor size 20112992 bytes, new threshold 8 (max 8)
- age   1:    2338808 bytes,    2338808 total
- age   2:    4680040 bytes,    7018848 total
- age   3:    2605544 bytes,    9624392 total
- age   4:    2973656 bytes,   12598048 total
- age   5:    2519448 bytes,   15117496 total
- age   6:    2332912 bytes,   17450408 total
: 109248K->21824K(109248K), 0.0141061 secs] 232464K->151177K(502464K), 0.0142291 secs] [Times: user=0.06 sys=0.00, real=0.01 secs] 
Heap after GC invocations=335 (full 19):
 par new generation   total 109248K, used 21824K [0x00000000e0000000, 0x00000000e8000000, 0x00000000e8000000)
  eden space 87424K,   0% used [0x00000000e0000000, 0x00000000e0000000, 0x00000000e5560000)
  from space 21824K, 100% used [0x00000000e6ab0000, 0x00000000e8000000, 0x00000000e8000000)
  to   space 21824K,   0% used [0x00000000e5560000, 0x00000000e5560000, 0x00000000e6ab0000)
 concurrent mark-sweep generation total 393216K, used 129353K [0x00000000e8000000, 0x0000000100000000, 0x0000000100000000)
 Metaspace       used 57249K, capacity 58992K, committed 59156K, reserved 1101824K
  class space    used 6566K, capacity 6955K, committed 6976K, reserved 1048576K
}
2020-05-19T14:45:17.581+0000: 14874.518: Total time for which application threads were stopped: 0.0144215 seconds, Stopping threads took: 0.0000240 seconds
2020-05-19T14:45:17.647+0000: 14874.584: Total time for which application threads were stopped: 0.0001735 seconds, Stopping threads took: 0.0000756 seconds
{Heap before GC invocations=335 (full 19):
 par new generation   total 109248K, used 109248K [0x00000000e0000000, 0x00000000e8000000, 0x00000000e8000000)
  eden space 87424K, 100% used [0x00000000e0000000, 0x00000000e5560000, 0x00000000e5560000)
  from space 21824K, 100% used [0x00000000e6ab0000, 0x00000000e8000000, 0x00000000e8000000)
  to   space 21824K,   0% used [0x00000000e5560000, 0x00000000e5560000, 0x00000000e6ab0000)
 concurrent mark-sweep generation total 393216K, used 129353K [0x00000000e8000000, 0x0000000100000000, 0x0000000100000000)
 Metaspace       used 57252K, capacity 58992K, committed 59156K, reserved 1101824K
  class space    used 6566K, capacity 6955K, committed 6976K, reserved 1048576K
2020-05-19T14:45:17.709+0000: 14874.646: [GC (Allocation Failure) 2020-05-19T14:45:17.709+0000: 14874.646: [ParNew
Desired survivor size 20112992 bytes, new threshold 6 (max 8)
- age   1:    6415992 bytes,    6415992 total
- age   2:    1080200 bytes,    7496192 total
- age   3:    4658960 bytes,   12155152 total
- age   4:    2509112 bytes,   14664264 total
- age   5:    2973696 bytes,   17637960 total
- age   6:    2519448 bytes,   20157408 total
- age   7:    2180352 bytes,   22337760 total
: 109248K->21824K(109248K), 0.0150063 secs] 238601K->157821K(502464K), 0.0151113 secs] [Times: user=0.06 sys=0.00, real=0.01 secs] 
Heap after GC invocations=336 (full 19):
 par new generation   total 109248K, used 21824K [0x00000000e0000000, 0x00000000e8000000, 0x00000000e8000000)
  eden space 87424K,   0% used [0x00000000e0000000, 0x00000000e0000000, 0x00000000e5560000)
  from space 21824K, 100% used [0x00000000e5560000, 0x00000000e6ab0000, 0x00000000e6ab0000)
  to   space 21824K,   0% used [0x00000000e6ab0000, 0x00000000e6ab0000, 0x00000000e8000000)
 concurrent mark-sweep generation total 393216K, used 135997K [0x00000000e8000000, 0x0000000100000000, 0x0000000100000000)
 Metaspace       used 57252K, capacity 58992K, committed 59156K, reserved 1101824K
  class space    used 6566K, capacity 6955K, committed 6976K, reserved 1048576K
}
2020-05-19T14:45:17.725+0000: 14874.661: Total time for which application threads were stopped: 0.0154087 seconds, Stopping threads took: 0.0000922 seconds
2020-05-19T14:45:17.725+0000: 14874.662: Total time for which application threads were stopped: 0.0003046 seconds, Stopping threads took: 0.0002140 seconds
2020-05-19T14:45:17.725+0000: 14874.662: Total time for which application threads were stopped: 0.0001542 seconds, Stopping threads took: 0.0000861 seconds
{Heap before GC invocations=336 (full 19):
 par new generation   total 109248K, used 109248K [0x00000000e0000000, 0x00000000e8000000, 0x00000000e8000000)
  eden space 87424K, 100% used [0x00000000e0000000, 0x00000000e5560000, 0x00000000e5560000)
  from space 21824K, 100% used [0x00000000e5560000, 0x00000000e6ab0000, 0x00000000e6ab0000)
  to   space 21824K,   0% used [0x00000000e6ab0000, 0x00000000e6ab0000, 0x00000000e8000000)
 concurrent mark-sweep generation total 393216K, used 135997K [0x00000000e8000000, 0x0000000100000000, 0x0000000100000000)
 Metaspace       used 57252K, capacity 58992K, committed 59156K, reserved 1101824K
  class space    used 6566K, capacity 6955K, committed 6976K, reserved 1048576K
2020-05-19T14:45:17.796+0000: 14874.733: [GC (Allocation Failure) 2020-05-19T14:45:17.796+0000: 14874.733: [ParNew
Desired survivor size 20112992 bytes, new threshold 6 (max 8)
- age   1:    6792408 bytes,    6792408 total
- age   2:    4324856 bytes,   11117264 total
- age   3:    1080040 bytes,   12197304 total
- age   4:    4658960 bytes,   16856264 total
- age   5:    2508968 bytes,   19365232 total
- age   6:    2973656 bytes,   22338888 total
: 109248K->21824K(109248K), 0.0148095 secs] 245245K->166957K(502464K), 0.0149122 secs] [Times: user=0.06 sys=0.00, real=0.02 secs] 
Heap after GC invocations=337 (full 19):
 par new generation   total 109248K, used 21824K [0x00000000e0000000, 0x00000000e8000000, 0x00000000e8000000)
  eden space 87424K,   0% used [0x00000000e0000000, 0x00000000e0000000, 0x00000000e5560000)
  from space 21824K, 100% used [0x00000000e6ab0000, 0x00000000e8000000, 0x00000000e8000000)
  to   space 21824K,   0% used [0x00000000e5560000, 0x00000000e5560000, 0x00000000e6ab0000)
 concurrent mark-sweep generation total 393216K, used 145133K [0x00000000e8000000, 0x0000000100000000, 0x0000000100000000)
 Metaspace       used 57252K, capacity 58992K, committed 59156K, reserved 1101824K
  class space    used 6566K, capacity 6955K, committed 6976K, reserved 1048576K
}
2020-05-19T14:45:17.811+0000: 14874.748: Total time for which application threads were stopped: 0.0151467 seconds, Stopping threads took: 0.0000579 seconds
2020-05-19T14:45:18.593+0000: 14875.530: Total time for which application threads were stopped: 0.0001292 seconds, Stopping threads took: 0.0000542 seconds
2020-05-19T14:45:18.593+0000: 14875.530: Total time for which application threads were stopped: 0.0000903 seconds, Stopping threads took: 0.0000419 seconds
2020-05-19T14:45:18.594+0000: 14875.532: Total time for which application threads were stopped: 0.0001645 seconds, Stopping threads took: 0.0000586 seconds
2020-05-19T14:45:18.595+0000: 14875.532: Total time for which application threads were stopped: 0.0001372 seconds, Stopping threads took: 0.0000607 seconds
2020-05-19T14:45:18.595+0000: 14875.532: Total time for which application threads were stopped: 0.0001445 seconds, Stopping threads took: 0.0000576 seconds
2020-05-19T14:45:18.595+0000: 14875.533: Total time for which application threads were stopped: 0.0001214 seconds, Stopping threads took: 0.0000613 seconds
2020-05-19T14:45:18.595+0000: 14875.533: Total time for which application threads were stopped: 0.0001103 seconds, Stopping threads took: 0.0000606 seconds
2020-05-19T14:45:18.596+0000: 14875.533: Total time for which application threads were stopped: 0.0001010 seconds, Stopping threads took: 0.0000500 seconds
2020-05-19T14:45:19.597+0000: 14876.533: Total time for which application threads were stopped: 0.0001039 seconds, Stopping threads took: 0.0000417 seconds
2020-05-19T14:45:32.583+0000: 14889.520: Total time for which application threads were stopped: 0.0000784 seconds, Stopping threads took: 0.0000217 seconds
2020-05-19T14:47:21.049+0000: 14997.986: Total time for which application threads were stopped: 0.0002910 seconds, Stopping threads took: 0.0001846 seconds
2020-05-19T14:47:21.052+0000: 14997.990: Total time for which application threads were stopped: 0.0001492 seconds, Stopping threads took: 0.0000461 seconds
2020-05-19T14:47:21.063+0000: 14998.001: Total time for which application threads were stopped: 0.0001173 seconds, Stopping threads took: 0.0000448 seconds
2020-05-19T14:47:21.065+0000: 14998.002: Total time for which application threads were stopped: 0.0001191 seconds, Stopping threads took: 0.0000443 seconds
{Heap before GC invocations=337 (full 19):
 par new generation   total 109248K, used 109178K [0x00000000e0000000, 0x00000000e8000000, 0x00000000e8000000)
  eden space 87424K,  99% used [0x00000000e0000000, 0x00000000e554e938, 0x00000000e5560000)
  from space 21824K, 100% used [0x00000000e6ab0000, 0x00000000e8000000, 0x00000000e8000000)
  to   space 21824K,   0% used [0x00000000e5560000, 0x00000000e5560000, 0x00000000e6ab0000)
 concurrent mark-sweep generation total 393216K, used 145133K [0x00000000e8000000, 0x0000000100000000, 0x0000000100000000)
 Metaspace       used 57287K, capacity 59120K, committed 59412K, reserved 1101824K
  class space    used 6567K, capacity 6955K, committed 6976K, reserved 1048576K
2020-05-19T14:47:21.187+0000: 14998.124: [GC (Allocation Failure) 2020-05-19T14:47:21.187+0000: 14998.124: [ParNew
Desired survivor size 20112992 bytes, new threshold 6 (max 8)
- age   1:    6894400 bytes,    6894400 total
- age   2:    3198432 bytes,   10092832 total
- age   3:    4018112 bytes,   14110944 total
- age   4:    1010608 bytes,   15121552 total
- age   5:    4658960 bytes,   19780512 total
- age   6:    2508792 bytes,   22289304 total
: 109178K->21824K(109248K), 0.0161621 secs] 254311K->173633K(502464K), 0.0162892 secs] [Times: user=0.06 sys=0.00, real=0.02 secs] 
Heap after GC invocations=338 (full 19):
 par new generation   total 109248K, used 21824K [0x00000000e0000000, 0x00000000e8000000, 0x00000000e8000000)
  eden space 87424K,   0% used [0x00000000e0000000, 0x00000000e0000000, 0x00000000e5560000)
  from space 21824K, 100% used [0x00000000e5560000, 0x00000000e6ab0000, 0x00000000e6ab0000)
  to   space 21824K,   0% used [0x00000000e6ab0000, 0x00000000e6ab0000, 0x00000000e8000000)
 concurrent mark-sweep generation total 393216K, used 151809K [0x00000000e8000000, 0x0000000100000000, 0x0000000100000000)
 Metaspace       used 57287K, capacity 59120K, committed 59412K, reserved 1101824K
  class space    used 6567K, capacity 6955K, committed 6976K, reserved 1048576K
}
2020-05-19T14:47:21.204+0000: 14998.141: Total time for which application threads were stopped: 0.0165986 seconds, Stopping threads took: 0.0000946 seconds
2020-05-19T14:47:21.263+0000: 14998.200: Total time for which application threads were stopped: 0.0001543 seconds, Stopping threads took: 0.0000485 seconds
{Heap before GC invocations=338 (full 19):
 par new generation   total 109248K, used 109248K [0x00000000e0000000, 0x00000000e8000000, 0x00000000e8000000)
  eden space 87424K, 100% used [0x00000000e0000000, 0x00000000e5560000, 0x00000000e5560000)
  from space 21824K, 100% used [0x00000000e5560000, 0x00000000e6ab0000, 0x00000000e6ab0000)
  to   space 21824K,   0% used [0x00000000e6ab0000, 0x00000000e6ab0000, 0x00000000e8000000)
 concurrent mark-sweep generation total 393216K, used 151809K [0x00000000e8000000, 0x0000000100000000, 0x0000000100000000)
 Metaspace       used 57287K, capacity 59120K, committed 59412K, reserved 1101824K
  class space    used 6567K, capacity 6955K, committed 6976K, reserved 1048576K
2020-05-19T14:47:21.336+0000: 14998.274: [GC (Allocation Failure) 2020-05-19T14:47:21.336+0000: 14998.274: [ParNew
Desired survivor size 20112992 bytes, new threshold 6 (max 8)
- age   1:    4929416 bytes,    4929416 total
- age   2:    5387400 bytes,   10316816 total
- age   3:    2988432 bytes,   13305248 total
- age   4:    3074352 bytes,   16379600 total
- age   5:     985400 bytes,   17365000 total
- age   6:    4658960 bytes,   22023960 total
: 109248K->21824K(109248K), 0.0188842 secs] 261057K->183657K(502464K), 0.0189992 secs] [Times: user=0.06 sys=0.00, real=0.02 secs] 
Heap after GC invocations=339 (full 19):
 par new generation   total 109248K, used 21824K [0x00000000e0000000, 0x00000000e8000000, 0x00000000e8000000)
  eden space 87424K,   0% used [0x00000000e0000000, 0x00000000e0000000, 0x00000000e5560000)
  from space 21824K, 100% used [0x00000000e6ab0000, 0x00000000e8000000, 0x00000000e8000000)
  to   space 21824K,   0% used [0x00000000e5560000, 0x00000000e5560000, 0x00000000e6ab0000)
 concurrent mark-sweep generation total 393216K, used 161833K [0x00000000e8000000, 0x0000000100000000, 0x0000000100000000)
 Metaspace       used 57287K, capacity 59120K, committed 59412K, reserved 1101824K
  class space    used 6567K, capacity 6955K, committed 6976K, reserved 1048576K
}
2020-05-19T14:47:21.356+0000: 14998.293: Total time for which application threads were stopped: 0.0194492 seconds, Stopping threads took: 0.0001158 seconds
{Heap before GC invocations=339 (full 19):
 par new generation   total 109248K, used 109248K [0x00000000e0000000, 0x00000000e8000000, 0x00000000e8000000)
  eden space 87424K, 100% used [0x00000000e0000000, 0x00000000e5560000, 0x00000000e5560000)
  from space 21824K, 100% used [0x00000000e6ab0000, 0x00000000e8000000, 0x00000000e8000000)
  to   space 21824K,   0% used [0x00000000e5560000, 0x00000000e5560000, 0x00000000e6ab0000)
 concurrent mark-sweep generation total 393216K, used 161833K [0x00000000e8000000, 0x0000000100000000, 0x0000000100000000)
 Metaspace       used 57287K, capacity 59120K, committed 59412K, reserved 1101824K
  class space    used 6567K, capacity 6955K, committed 6976K, reserved 1048576K
2020-05-19T14:47:21.476+0000: 14998.413: [GC (Allocation Failure) 2020-05-19T14:47:21.476+0000: 14998.414: [ParNew
Desired survivor size 20112992 bytes, new threshold 5 (max 8)
- age   1:    6177000 bytes,    6177000 total
- age   2:    3962968 bytes,   10139968 total
- age   3:    5384240 bytes,   15524208 total
- age   4:    2986912 bytes,   18511120 total
- age   5:    2523152 bytes,   21034272 total
- age   6:     985288 bytes,   22019560 total
: 109248K->21824K(109248K), 0.0182645 secs] 271081K->193847K(502464K), 0.0183885 secs] [Times: user=0.06 sys=0.00, real=0.02 secs] 
Heap after GC invocations=340 (full 19):
 par new generation   total 109248K, used 21824K [0x00000000e0000000, 0x00000000e8000000, 0x00000000e8000000)
  eden space 87424K,   0% used [0x00000000e0000000, 0x00000000e0000000, 0x00000000e5560000)
  from space 21824K, 100% used [0x00000000e5560000, 0x00000000e6ab0000, 0x00000000e6ab0000)
  to   space 21824K,   0% used [0x00000000e6ab0000, 0x00000000e6ab0000, 0x00000000e8000000)
 concurrent mark-sweep generation total 393216K, used 172023K [0x00000000e8000000, 0x0000000100000000, 0x0000000100000000)
 Metaspace       used 57287K, capacity 59120K, committed 59412K, reserved 1101824K
  class space    used 6567K, capacity 6955K, committed 6976K, reserved 1048576K
}
2020-05-19T14:47:21.495+0000: 14998.432: Total time for which application threads were stopped: 0.0186601 seconds, Stopping threads took: 0.0000651 seconds
2020-05-19T14:47:22.297+0000: 14999.234: Total time for which application threads were stopped: 0.0001422 seconds, Stopping threads took: 0.0000593 seconds
2020-05-19T14:47:22.298+0000: 14999.235: Total time for which application threads were stopped: 0.0002263 seconds, Stopping threads took: 0.0001604 seconds
2020-05-19T14:47:22.299+0000: 14999.236: Total time for which application threads were stopped: 0.0001130 seconds, Stopping threads took: 0.0000461 seconds
2020-05-19T14:47:22.299+0000: 14999.236: Total time for which application threads were stopped: 0.0000885 seconds, Stopping threads took: 0.0000355 seconds
2020-05-19T14:47:22.299+0000: 14999.236: Total time for which application threads were stopped: 0.0000426 seconds, Stopping threads took: 0.0000096 seconds
2020-05-19T14:47:22.299+0000: 14999.236: Total time for which application threads were stopped: 0.0000417 seconds, Stopping threads took: 0.0000094 seconds
2020-05-19T14:47:23.299+0000: 15000.236: Total time for which application threads were stopped: 0.0001115 seconds, Stopping threads took: 0.0000455 seconds
2020-05-19T14:47:28.235+0000: 15005.172: Total time for which application threads were stopped: 0.0001770 seconds, Stopping threads took: 0.0001109 seconds
2020-05-19T14:47:28.237+0000: 15005.174: Total time for which application threads were stopped: 0.0001504 seconds, Stopping threads took: 0.0000585 seconds
2020-05-19T14:47:28.238+0000: 15005.175: Total time for which application threads were stopped: 0.0001407 seconds, Stopping threads took: 0.0000456 seconds
2020-05-19T14:47:28.246+0000: 15005.184: Total time for which application threads were stopped: 0.0001433 seconds, Stopping threads took: 0.0000731 seconds
2020-05-19T14:47:28.247+0000: 15005.185: Total time for which application threads were stopped: 0.0001132 seconds, Stopping threads took: 0.0000447 seconds
{Heap before GC invocations=340 (full 19):
 par new generation   total 109248K, used 109248K [0x00000000e0000000, 0x00000000e8000000, 0x00000000e8000000)
  eden space 87424K, 100% used [0x00000000e0000000, 0x00000000e5560000, 0x00000000e5560000)
  from space 21824K, 100% used [0x00000000e5560000, 0x00000000e6ab0000, 0x00000000e6ab0000)
  to   space 21824K,   0% used [0x00000000e6ab0000, 0x00000000e6ab0000, 0x00000000e8000000)
 concurrent mark-sweep generation total 393216K, used 172023K [0x00000000e8000000, 0x0000000100000000, 0x0000000100000000)
 Metaspace       used 57303K, capacity 59120K, committed 59412K, reserved 1101824K
  class space    used 6567K, capacity 6955K, committed 6976K, reserved 1048576K
2020-05-19T14:47:28.272+0000: 15005.209: [GC (Allocation Failure) 2020-05-19T14:47:28.272+0000: 15005.209: [ParNew
Desired survivor size 20112992 bytes, new threshold 8 (max 8)
- age   1:    5670928 bytes,    5670928 total
- age   2:    3296304 bytes,    8967232 total
- age   3:    3184496 bytes,   12151728 total
- age   4:    4894504 bytes,   17046232 total
- age   5:    2971024 bytes,   20017256 total
: 109248K->21824K(109248K), 0.0162061 secs] 281271K->200777K(502464K), 0.0163102 secs] [Times: user=0.05 sys=0.00, real=0.02 secs] 
Heap after GC invocations=341 (full 19):
 par new generation   total 109248K, used 21824K [0x00000000e0000000, 0x00000000e8000000, 0x00000000e8000000)
  eden space 87424K,   0% used [0x00000000e0000000, 0x00000000e0000000, 0x00000000e5560000)
  from space 21824K, 100% used [0x00000000e6ab0000, 0x00000000e8000000, 0x00000000e8000000)
  to   space 21824K,   0% used [0x00000000e5560000, 0x00000000e5560000, 0x00000000e6ab0000)
 concurrent mark-sweep generation total 393216K, used 178953K [0x00000000e8000000, 0x0000000100000000, 0x0000000100000000)
 Metaspace       used 57303K, capacity 59120K, committed 59412K, reserved 1101824K
  class space    used 6567K, capacity 6955K, committed 6976K, reserved 1048576K
}
2020-05-19T14:47:28.289+0000: 15005.226: Total time for which application threads were stopped: 0.0165169 seconds, Stopping threads took: 0.0000432 seconds
2020-05-19T14:47:28.359+0000: 15005.296: Total time for which application threads were stopped: 0.0001602 seconds, Stopping threads took: 0.0000750 seconds
{Heap before GC invocations=341 (full 19):
 par new generation   total 109248K, used 109248K [0x00000000e0000000, 0x00000000e8000000, 0x00000000e8000000)
  eden space 87424K, 100% used [0x00000000e0000000, 0x00000000e5560000, 0x00000000e5560000)
  from space 21824K, 100% used [0x00000000e6ab0000, 0x00000000e8000000, 0x00000000e8000000)
  to   space 21824K,   0% used [0x00000000e5560000, 0x00000000e5560000, 0x00000000e6ab0000)
 concurrent mark-sweep generation total 393216K, used 178953K [0x00000000e8000000, 0x0000000100000000, 0x0000000100000000)
 Metaspace       used 57311K, capacity 59120K, committed 59412K, reserved 1101824K
  class space    used 6567K, capacity 6955K, committed 6976K, reserved 1048576K
2020-05-19T14:47:28.376+0000: 15005.313: [GC (Allocation Failure) 2020-05-19T14:47:28.376+0000: 15005.313: [ParNew
Desired survivor size 20112992 bytes, new threshold 6 (max 8)
- age   1:    3400112 bytes,    3400112 total
- age   2:    4687272 bytes,    8087384 total
- age   3:    3216288 bytes,   11303672 total
- age   4:    3182432 bytes,   14486104 total
- age   5:    4889240 bytes,   19375344 total
- age   6:    2971024 bytes,   22346368 total
: 109248K->21824K(109248K), 0.0179849 secs] 288201K->208404K(502464K), 0.0180517 secs] [Times: user=0.06 sys=0.00, real=0.02 secs] 
Heap after GC invocations=342 (full 19):
 par new generation   total 109248K, used 21824K [0x00000000e0000000, 0x00000000e8000000, 0x00000000e8000000)
  eden space 87424K,   0% used [0x00000000e0000000, 0x00000000e0000000, 0x00000000e5560000)
  from space 21824K, 100% used [0x00000000e5560000, 0x00000000e6ab0000, 0x00000000e6ab0000)
  to   space 21824K,   0% used [0x00000000e6ab0000, 0x00000000e6ab0000, 0x00000000e8000000)
 concurrent mark-sweep generation total 393216K, used 186580K [0x00000000e8000000, 0x0000000100000000, 0x0000000100000000)
 Metaspace       used 57311K, capacity 59120K, committed 59412K, reserved 1101824K
  class space    used 6567K, capacity 6955K, committed 6976K, reserved 1048576K
}
2020-05-19T14:47:28.395+0000: 15005.331: Total time for which application threads were stopped: 0.0182807 seconds, Stopping threads took: 0.0000527 seconds
{Heap before GC invocations=342 (full 19):
 par new generation   total 109248K, used 109248K [0x00000000e0000000, 0x00000000e8000000, 0x00000000e8000000)
  eden space 87424K, 100% used [0x00000000e0000000, 0x00000000e5560000, 0x00000000e5560000)
  from space 21824K, 100% used [0x00000000e5560000, 0x00000000e6ab0000, 0x00000000e6ab0000)
  to   space 21824K,   0% used [0x00000000e6ab0000, 0x00000000e6ab0000, 0x00000000e8000000)
 concurrent mark-sweep generation total 393216K, used 186580K [0x00000000e8000000, 0x0000000100000000, 0x0000000100000000)
 Metaspace       used 57311K, capacity 59120K, committed 59412K, reserved 1101824K
  class space    used 6567K, capacity 6955K, committed 6976K, reserved 1048576K
2020-05-19T14:47:28.476+0000: 15005.414: [GC (Allocation Failure) 2020-05-19T14:47:28.476+0000: 15005.414: [ParNew
Desired survivor size 20112992 bytes, new threshold 6 (max 8)
- age   1:    4469952 bytes,    4469952 total
- age   2:    2367448 bytes,    6837400 total
- age   3:    4644272 bytes,   11481672 total
- age   4:    3136784 bytes,   14618456 total
- age   5:    2535216 bytes,   17153672 total
- age   6:    4452192 bytes,   21605864 total
: 109248K->21824K(109248K), 0.0170346 secs] 295828K->219792K(502464K), 0.0171583 secs] [Times: user=0.13 sys=0.00, real=0.02 secs] 
Heap after GC invocations=343 (full 19):
 par new generation   total 109248K, used 21824K [0x00000000e0000000, 0x00000000e8000000, 0x00000000e8000000)
  eden space 87424K,   0% used [0x00000000e0000000, 0x00000000e0000000, 0x00000000e5560000)
  from space 21824K, 100% used [0x00000000e6ab0000, 0x00000000e8000000, 0x00000000e8000000)
  to   space 21824K,   0% used [0x00000000e5560000, 0x00000000e5560000, 0x00000000e6ab0000)
 concurrent mark-sweep generation total 393216K, used 197968K [0x00000000e8000000, 0x0000000100000000, 0x0000000100000000)
 Metaspace       used 57311K, capacity 59120K, committed 59412K, reserved 1101824K
  class space    used 6567K, capacity 6955K, committed 6976K, reserved 1048576K
}
2020-05-19T14:47:28.493+0000: 15005.431: Total time for which application threads were stopped: 0.0174379 seconds, Stopping threads took: 0.0001012 seconds
2020-05-19T14:47:28.494+0000: 15005.431: [GC (CMS Initial Mark) [1 CMS-initial-mark: 197968K(393216K)] 220916K(502464K), 0.0035490 secs] [Times: user=0.00 sys=0.00, real=0.00 secs] 
2020-05-19T14:47:28.497+0000: 15005.434: Total time for which application threads were stopped: 0.0037049 seconds, Stopping threads took: 0.0000567 seconds
2020-05-19T14:47:28.497+0000: 15005.434: [CMS-concurrent-mark-start]
2020-05-19T14:47:28.524+0000: 15005.461: [CMS-concurrent-mark: 0.027/0.027 secs] [Times: user=0.13 sys=0.00, real=0.03 secs] 
2020-05-19T14:47:28.524+0000: 15005.461: [CMS-concurrent-preclean-start]
2020-05-19T14:47:28.526+0000: 15005.463: [CMS-concurrent-preclean: 0.001/0.001 secs] [Times: user=0.00 sys=0.00, real=0.00 secs] 
2020-05-19T14:47:28.526+0000: 15005.463: [CMS-concurrent-abortable-preclean-start]
2020-05-19T14:47:28.588+0000: 15005.526: [CMS-concurrent-abortable-preclean: 0.063/0.063 secs] [Times: user=0.20 sys=0.00, real=0.06 secs] 
2020-05-19T14:47:28.589+0000: 15005.526: [GC (CMS Final Remark) [YG occupancy: 74633 K (109248 K)]{Heap before GC invocations=343 (full 20):
 par new generation   total 109248K, used 74633K [0x00000000e0000000, 0x00000000e8000000, 0x00000000e8000000)
  eden space 87424K,  60% used [0x00000000e0000000, 0x00000000e33925d0, 0x00000000e5560000)
  from space 21824K, 100% used [0x00000000e6ab0000, 0x00000000e8000000, 0x00000000e8000000)
  to   space 21824K,   0% used [0x00000000e5560000, 0x00000000e5560000, 0x00000000e6ab0000)
 concurrent mark-sweep generation total 393216K, used 197968K [0x00000000e8000000, 0x0000000100000000, 0x0000000100000000)
 Metaspace       used 57311K, capacity 59120K, committed 59412K, reserved 1101824K
  class space    used 6567K, capacity 6955K, committed 6976K, reserved 1048576K
2020-05-19T14:47:28.589+0000: 15005.526: [GC (CMS Final Remark) 2020-05-19T14:47:28.589+0000: 15005.526: [ParNew
Desired survivor size 20112992 bytes, new threshold 6 (max 8)
- age   1:    5161936 bytes,    5161936 total
- age   2:    3726400 bytes,    8888336 total
- age   3:    2113016 bytes,   11001352 total
- age   4:    4644248 bytes,   15645600 total
- age   5:    3136784 bytes,   18782384 total
- age   6:    2518048 bytes,   21300432 total
: 74633K->21824K(109248K), 0.0208057 secs] 272601K->228825K(502464K), 0.0209285 secs] [Times: user=0.06 sys=0.00, real=0.02 secs] 
Heap after GC invocations=344 (full 20):
 par new generation   total 109248K, used 21824K [0x00000000e0000000, 0x00000000e8000000, 0x00000000e8000000)
  eden space 87424K,   0% used [0x00000000e0000000, 0x00000000e0000000, 0x00000000e5560000)
  from space 21824K, 100% used [0x00000000e5560000, 0x00000000e6ab0000, 0x00000000e6ab0000)
  to   space 21824K,   0% used [0x00000000e6ab0000, 0x00000000e6ab0000, 0x00000000e8000000)
 concurrent mark-sweep generation total 393216K, used 207001K [0x00000000e8000000, 0x0000000100000000, 0x0000000100000000)
 Metaspace       used 57311K, capacity 59120K, committed 59412K, reserved 1101824K
  class space    used 6567K, capacity 6955K, committed 6976K, reserved 1048576K
}
2020-05-19T14:47:28.610+0000: 15005.547: [Rescan (parallel) , 0.0057192 secs]2020-05-19T14:47:28.616+0000: 15005.553: [weak refs processing, 0.0037180 secs]2020-05-19T14:47:28.619+0000: 15005.556: [class unloading, 0.0112023 secs]2020-05-19T14:47:28.631+0000: 15005.568: [scrub symbol table, 0.0091305 secs]2020-05-19T14:47:28.640+0000: 15005.577: [scrub string table, 0.0005895 secs][1 CMS-remark: 207001K(393216K)] 228825K(502464K), 0.0517518 secs] [Times: user=0.14 sys=0.00, real=0.05 secs] 
2020-05-19T14:47:28.641+0000: 15005.578: Total time for which application threads were stopped: 0.0520101 seconds, Stopping threads took: 0.0000733 seconds
2020-05-19T14:47:28.641+0000: 15005.578: [CMS-concurrent-sweep-start]
2020-05-19T14:47:28.734+0000: 15005.671: [CMS-concurrent-sweep: 0.093/0.093 secs] [Times: user=0.31 sys=0.00, real=0.09 secs] 
2020-05-19T14:47:28.734+0000: 15005.671: [CMS-concurrent-reset-start]
2020-05-19T14:47:28.735+0000: 15005.672: [CMS-concurrent-reset: 0.001/0.001 secs] [Times: user=0.00 sys=0.00, real=0.00 secs] 
2020-05-19T14:47:29.641+0000: 15006.578: Total time for which application threads were stopped: 0.0001264 seconds, Stopping threads took: 0.0000435 seconds
2020-05-19T14:47:30.148+0000: 15007.085: Total time for which application threads were stopped: 0.0002181 seconds, Stopping threads took: 0.0001520 seconds
2020-05-19T14:47:30.148+0000: 15007.085: Total time for which application threads were stopped: 0.0000520 seconds, Stopping threads took: 0.0000135 seconds
2020-05-19T14:47:30.148+0000: 15007.085: Total time for which application threads were stopped: 0.0000402 seconds, Stopping threads took: 0.0000130 seconds
2020-05-19T14:47:30.148+0000: 15007.085: Total time for which application threads were stopped: 0.0001110 seconds, Stopping threads took: 0.0000563 seconds
2020-05-19T14:47:30.150+0000: 15007.087: Total time for which application threads were stopped: 0.0002401 seconds, Stopping threads took: 0.0001701 seconds
2020-05-19T14:47:30.150+0000: 15007.087: Total time for which application threads were stopped: 0.0001202 seconds, Stopping threads took: 0.0000701 seconds
2020-05-19T14:47:30.151+0000: 15007.088: Total time for which application threads were stopped: 0.0000859 seconds, Stopping threads took: 0.0000506 seconds
2020-05-19T14:47:30.151+0000: 15007.088: Total time for which application threads were stopped: 0.0001602 seconds, Stopping threads took: 0.0000150 seconds
2020-05-19T14:47:31.151+0000: 15008.088: Total time for which application threads were stopped: 0.0001336 seconds, Stopping threads took: 0.0000542 seconds
2020-05-19T14:47:43.248+0000: 15020.185: Total time for which application threads were stopped: 0.0000811 seconds, Stopping threads took: 0.0000231 seconds
2020-05-19T14:47:45.146+0000: 15022.083: Total time for which application threads were stopped: 0.0002176 seconds, Stopping threads took: 0.0001534 seconds
2020-05-19T14:47:45.154+0000: 15022.091: Total time for which application threads were stopped: 0.0000830 seconds, Stopping threads took: 0.0000210 seconds
2020-05-19T14:47:45.159+0000: 15022.095: Total time for which application threads were stopped: 0.0001913 seconds, Stopping threads took: 0.0000918 seconds
2020-05-19T14:47:45.160+0000: 15022.096: Total time for which application threads were stopped: 0.0001447 seconds, Stopping threads took: 0.0000610 seconds
{Heap before GC invocations=344 (full 20):
 par new generation   total 109248K, used 109248K [0x00000000e0000000, 0x00000000e8000000, 0x00000000e8000000)
  eden space 87424K, 100% used [0x00000000e0000000, 0x00000000e5560000, 0x00000000e5560000)
  from space 21824K, 100% used [0x00000000e5560000, 0x00000000e6ab0000, 0x00000000e6ab0000)
  to   space 21824K,   0% used [0x00000000e6ab0000, 0x00000000e6ab0000, 0x00000000e8000000)
 concurrent mark-sweep generation total 393216K, used 90600K [0x00000000e8000000, 0x0000000100000000, 0x0000000100000000)
 Metaspace       used 57328K, capacity 59120K, committed 59412K, reserved 1101824K
  class space    used 6567K, capacity 6955K, committed 6976K, reserved 1048576K
2020-05-19T14:47:45.196+0000: 15022.134: [GC (Allocation Failure) 2020-05-19T14:47:45.196+0000: 15022.134: [ParNew
Desired survivor size 20112992 bytes, new threshold 6 (max 8)
- age   1:    6049952 bytes,    6049952 total
- age   2:    1532456 bytes,    7582408 total
- age   3:    3611448 bytes,   11193856 total
- age   4:    1885488 bytes,   13079344 total
- age   5:    4438160 bytes,   17517504 total
- age   6:    3113352 bytes,   20630856 total
: 109248K->21824K(109248K), 0.0139452 secs] 199848K->117216K(502464K), 0.0140683 secs] [Times: user=0.00 sys=0.00, real=0.01 secs] 
Heap after GC invocations=345 (full 20):
 par new generation   total 109248K, used 21824K [0x00000000e0000000, 0x00000000e8000000, 0x00000000e8000000)
  eden space 87424K,   0% used [0x00000000e0000000, 0x00000000e0000000, 0x00000000e5560000)
  from space 21824K, 100% used [0x00000000e6ab0000, 0x00000000e8000000, 0x00000000e8000000)
  to   space 21824K,   0% used [0x00000000e5560000, 0x00000000e5560000, 0x00000000e6ab0000)
 concurrent mark-sweep generation total 393216K, used 95392K [0x00000000e8000000, 0x0000000100000000, 0x0000000100000000)
 Metaspace       used 57328K, capacity 59120K, committed 59412K, reserved 1101824K
  class space    used 6567K, capacity 6955K, committed 6976K, reserved 1048576K
}
2020-05-19T14:47:45.211+0000: 15022.148: Total time for which application threads were stopped: 0.0143653 seconds, Stopping threads took: 0.0000891 seconds
2020-05-19T14:47:45.269+0000: 15022.206: Total time for which application threads were stopped: 0.0002213 seconds, Stopping threads took: 0.0001338 seconds
{Heap before GC invocations=345 (full 20):
 par new generation   total 109248K, used 109248K [0x00000000e0000000, 0x00000000e8000000, 0x00000000e8000000)
  eden space 87424K, 100% used [0x00000000e0000000, 0x00000000e5560000, 0x00000000e5560000)
  from space 21824K, 100% used [0x00000000e6ab0000, 0x00000000e8000000, 0x00000000e8000000)
  to   space 21824K,   0% used [0x00000000e5560000, 0x00000000e5560000, 0x00000000e6ab0000)
 concurrent mark-sweep generation total 393216K, used 95392K [0x00000000e8000000, 0x0000000100000000, 0x0000000100000000)
 Metaspace       used 57345K, capacity 59120K, committed 59412K, reserved 1101824K
  class space    used 6567K, capacity 6955K, committed 6976K, reserved 1048576K
2020-05-19T14:47:45.310+0000: 15022.248: [GC (Allocation Failure) 2020-05-19T14:47:45.310+0000: 15022.248: [ParNew
Desired survivor size 20112992 bytes, new threshold 6 (max 8)
- age   1:    5244448 bytes,    5244448 total
- age   2:    5044752 bytes,   10289200 total
- age   3:    1363936 bytes,   11653136 total
- age   4:    3611448 bytes,   15264584 total
- age   5:    1885448 bytes,   17150032 total
- age   6:    4438160 bytes,   21588192 total
: 109248K->21824K(109248K), 0.0133970 secs] 204640K->121617K(502464K), 0.0134602 secs] [Times: user=0.06 sys=0.00, real=0.01 secs] 
Heap after GC invocations=346 (full 20):
 par new generation   total 109248K, used 21824K [0x00000000e0000000, 0x00000000e8000000, 0x00000000e8000000)
  eden space 87424K,   0% used [0x00000000e0000000, 0x00000000e0000000, 0x00000000e5560000)
  from space 21824K, 100% used [0x00000000e5560000, 0x00000000e6ab0000, 0x00000000e6ab0000)
  to   space 21824K,   0% used [0x00000000e6ab0000, 0x00000000e6ab0000, 0x00000000e8000000)
 concurrent mark-sweep generation total 393216K, used 99793K [0x00000000e8000000, 0x0000000100000000, 0x0000000100000000)
 Metaspace       used 57345K, capacity 59120K, committed 59412K, reserved 1101824K
  class space    used 6567K, capacity 6955K, committed 6976K, reserved 1048576K
}
2020-05-19T14:47:45.324+0000: 15022.261: Total time for which application threads were stopped: 0.0136865 seconds, Stopping threads took: 0.0000573 seconds
{Heap before GC invocations=346 (full 20):
 par new generation   total 109248K, used 109248K [0x00000000e0000000, 0x00000000e8000000, 0x00000000e8000000)
  eden space 87424K, 100% used [0x00000000e0000000, 0x00000000e5560000, 0x00000000e5560000)
  from space 21824K, 100% used [0x00000000e5560000, 0x00000000e6ab0000, 0x00000000e6ab0000)
  to   space 21824K,   0% used [0x00000000e6ab0000, 0x00000000e6ab0000, 0x00000000e8000000)
 concurrent mark-sweep generation total 393216K, used 99793K [0x00000000e8000000, 0x0000000100000000, 0x0000000100000000)
 Metaspace       used 57345K, capacity 59120K, committed 59412K, reserved 1101824K
  class space    used 6567K, capacity 6955K, committed 6976K, reserved 1048576K
2020-05-19T14:47:45.407+0000: 15022.344: [GC (Allocation Failure) 2020-05-19T14:47:45.407+0000: 15022.344: [ParNew
Desired survivor size 20112992 bytes, new threshold 5 (max 8)
- age   1:    6200528 bytes,    6200528 total
- age   2:    4609640 bytes,   10810168 total
- age   3:    4672792 bytes,   15482960 total
- age   4:    1363936 bytes,   16846896 total
- age   5:    3611448 bytes,   20458344 total
- age   6:    1885448 bytes,   22343792 total
: 109248K->21824K(109248K), 0.0149653 secs] 209041K->126919K(502464K), 0.0150660 secs] [Times: user=0.06 sys=0.00, real=0.01 secs] 
Heap after GC invocations=347 (full 20):
 par new generation   total 109248K, used 21824K [0x00000000e0000000, 0x00000000e8000000, 0x00000000e8000000)
  eden space 87424K,   0% used [0x00000000e0000000, 0x00000000e0000000, 0x00000000e5560000)
  from space 21824K, 100% used [0x00000000e6ab0000, 0x00000000e8000000, 0x00000000e8000000)
  to   space 21824K,   0% used [0x00000000e5560000, 0x00000000e5560000, 0x00000000e6ab0000)
 concurrent mark-sweep generation total 393216K, used 105095K [0x00000000e8000000, 0x0000000100000000, 0x0000000100000000)
 Metaspace       used 57345K, capacity 59120K, committed 59412K, reserved 1101824K
  class space    used 6567K, capacity 6955K, committed 6976K, reserved 1048576K
}
2020-05-19T14:47:45.423+0000: 15022.359: Total time for which application threads were stopped: 0.0153570 seconds, Stopping threads took: 0.0000555 seconds
{Heap before GC invocations=347 (full 20):
 par new generation   total 109248K, used 109248K [0x00000000e0000000, 0x00000000e8000000, 0x00000000e8000000)
  eden space 87424K, 100% used [0x00000000e0000000, 0x00000000e5560000, 0x00000000e5560000)
  from space 21824K, 100% used [0x00000000e6ab0000, 0x00000000e8000000, 0x00000000e8000000)
  to   space 21824K,   0% used [0x00000000e5560000, 0x00000000e5560000, 0x00000000e6ab0000)
 concurrent mark-sweep generation total 393216K, used 105095K [0x00000000e8000000, 0x0000000100000000, 0x0000000100000000)
 Metaspace       used 57350K, capacity 59120K, committed 59412K, reserved 1101824K
  class space    used 6567K, capacity 6955K, committed 6976K, reserved 1048576K
2020-05-19T14:47:45.521+0000: 15022.458: [GC (Allocation Failure) 2020-05-19T14:47:45.521+0000: 15022.458: [ParNew
Desired survivor size 20112992 bytes, new threshold 8 (max 8)
- age   1:    4257392 bytes,    4257392 total
- age   2:    5308280 bytes,    9565672 total
- age   3:    4462216 bytes,   14027888 total
- age   4:    4662304 bytes,   18690192 total
- age   5:    1363936 bytes,   20054128 total
: 109248K->21824K(109248K), 0.0144104 secs] 214343K->132368K(502464K), 0.0144864 secs] [Times: user=0.06 sys=0.00, real=0.02 secs] 
Heap after GC invocations=348 (full 20):
 par new generation   total 109248K, used 21824K [0x00000000e0000000, 0x00000000e8000000, 0x00000000e8000000)
  eden space 87424K,   0% used [0x00000000e0000000, 0x00000000e0000000, 0x00000000e5560000)
  from space 21824K, 100% used [0x00000000e5560000, 0x00000000e6ab0000, 0x00000000e6ab0000)
  to   space 21824K,   0% used [0x00000000e6ab0000, 0x00000000e6ab0000, 0x00000000e8000000)
 concurrent mark-sweep generation total 393216K, used 110544K [0x00000000e8000000, 0x0000000100000000, 0x0000000100000000)
 Metaspace       used 57350K, capacity 59120K, committed 59412K, reserved 1101824K
  class space    used 6567K, capacity 6955K, committed 6976K, reserved 1048576K
}
2020-05-19T14:47:45.536+0000: 15022.472: Total time for which application threads were stopped: 0.0148106 seconds, Stopping threads took: 0.0000609 seconds
2020-05-19T14:47:46.140+0000: 15023.077: Total time for which application threads were stopped: 0.0001555 seconds, Stopping threads took: 0.0000598 seconds
2020-05-19T14:47:46.282+0000: 15023.218: Total time for which application threads were stopped: 0.0002431 seconds, Stopping threads took: 0.0001667 seconds
2020-05-19T14:47:46.282+0000: 15023.219: Total time for which application threads were stopped: 0.0002092 seconds, Stopping threads took: 0.0001514 seconds
2020-05-19T14:47:46.282+0000: 15023.219: Total time for which application threads were stopped: 0.0001279 seconds, Stopping threads took: 0.0000573 seconds
2020-05-19T14:47:46.283+0000: 15023.221: Total time for which application threads were stopped: 0.0002993 seconds, Stopping threads took: 0.0001121 seconds
2020-05-19T14:47:46.284+0000: 15023.221: Total time for which application threads were stopped: 0.0001066 seconds, Stopping threads took: 0.0000517 seconds
2020-05-19T14:47:46.876+0000: 15023.813: Total time for which application threads were stopped: 0.0001561 seconds, Stopping threads took: 0.0000664 seconds
2020-05-19T14:47:46.877+0000: 15023.814: Total time for which application threads were stopped: 0.0001421 seconds, Stopping threads took: 0.0000598 seconds
2020-05-19T14:47:47.036+0000: 15023.973: Total time for which application threads were stopped: 0.0002612 seconds, Stopping threads took: 0.0000561 seconds
{Heap before GC invocations=348 (full 20):
 par new generation   total 109248K, used 109248K [0x00000000e0000000, 0x00000000e8000000, 0x00000000e8000000)
  eden space 87424K, 100% used [0x00000000e0000000, 0x00000000e5560000, 0x00000000e5560000)
  from space 21824K, 100% used [0x00000000e5560000, 0x00000000e6ab0000, 0x00000000e6ab0000)
  to   space 21824K,   0% used [0x00000000e6ab0000, 0x00000000e6ab0000, 0x00000000e8000000)
 concurrent mark-sweep generation total 393216K, used 110544K [0x00000000e8000000, 0x0000000100000000, 0x0000000100000000)
 Metaspace       used 57372K, capacity 59120K, committed 59412K, reserved 1101824K
  class space    used 6567K, capacity 6955K, committed 6976K, reserved 1048576K
2020-05-19T14:47:47.037+0000: 15023.974: [GC (Allocation Failure) 2020-05-19T14:47:47.037+0000: 15023.974: [ParNew
Desired survivor size 20112992 bytes, new threshold 6 (max 8)
- age   1:    5928208 bytes,    5928208 total
- age   2:    2077976 bytes,    8006184 total
- age   3:    3138096 bytes,   11144280 total
- age   4:    4352136 bytes,   15496416 total
- age   5:    4355240 bytes,   19851656 total
- age   6:    1363936 bytes,   21215592 total
: 109248K->21824K(109248K), 0.0129320 secs] 219792K->132408K(502464K), 0.0130058 secs] [Times: user=0.06 sys=0.00, real=0.01 secs] 
Heap after GC invocations=349 (full 20):
 par new generation   total 109248K, used 21824K [0x00000000e0000000, 0x00000000e8000000, 0x00000000e8000000)
  eden space 87424K,   0% used [0x00000000e0000000, 0x00000000e0000000, 0x00000000e5560000)
  from space 21824K, 100% used [0x00000000e6ab0000, 0x00000000e8000000, 0x00000000e8000000)
  to   space 21824K,   0% used [0x00000000e5560000, 0x00000000e5560000, 0x00000000e6ab0000)
 concurrent mark-sweep generation total 393216K, used 110584K [0x00000000e8000000, 0x0000000100000000, 0x0000000100000000)
 Metaspace       used 57372K, capacity 59120K, committed 59412K, reserved 1101824K
  class space    used 6567K, capacity 6955K, committed 6976K, reserved 1048576K
}
2020-05-19T14:47:47.050+0000: 15023.987: Total time for which application threads were stopped: 0.0132225 seconds, Stopping threads took: 0.0000507 seconds
{Heap before GC invocations=349 (full 20):
 par new generation   total 109248K, used 109248K [0x00000000e0000000, 0x00000000e8000000, 0x00000000e8000000)
  eden space 87424K, 100% used [0x00000000e0000000, 0x00000000e5560000, 0x00000000e5560000)
  from space 21824K, 100% used [0x00000000e6ab0000, 0x00000000e8000000, 0x00000000e8000000)
  to   space 21824K,   0% used [0x00000000e5560000, 0x00000000e5560000, 0x00000000e6ab0000)
 concurrent mark-sweep generation total 393216K, used 110584K [0x00000000e8000000, 0x0000000100000000, 0x0000000100000000)
 Metaspace       used 57372K, capacity 59120K, committed 59412K, reserved 1101824K
  class space    used 6567K, capacity 6955K, committed 6976K, reserved 1048576K
2020-05-19T14:47:47.134+0000: 15024.071: [GC (Allocation Failure) 2020-05-19T14:47:47.134+0000: 15024.071: [ParNew
Desired survivor size 20112992 bytes, new threshold 6 (max 8)
- age   1:    3200816 bytes,    3200816 total
- age   2:    5167456 bytes,    8368272 total
- age   3:    2077496 bytes,   10445768 total
- age   4:    3137920 bytes,   13583688 total
- age   5:    4351800 bytes,   17935488 total
- age   6:    4259336 bytes,   22194824 total
: 109248K->21824K(109248K), 0.0187410 secs] 219832K->143031K(502464K), 0.0188101 secs] [Times: user=0.05 sys=0.02, real=0.02 secs] 
Heap after GC invocations=350 (full 20):
 par new generation   total 109248K, used 21824K [0x00000000e0000000, 0x00000000e8000000, 0x00000000e8000000)
  eden space 87424K,   0% used [0x00000000e0000000, 0x00000000e0000000, 0x00000000e5560000)
  from space 21824K, 100% used [0x00000000e5560000, 0x00000000e6ab0000, 0x00000000e6ab0000)
  to   space 21824K,   0% used [0x00000000e6ab0000, 0x00000000e6ab0000, 0x00000000e8000000)
 concurrent mark-sweep generation total 393216K, used 121207K [0x00000000e8000000, 0x0000000100000000, 0x0000000100000000)
 Metaspace       used 57372K, capacity 59120K, committed 59412K, reserved 1101824K
  class space    used 6567K, capacity 6955K, committed 6976K, reserved 1048576K
}
2020-05-19T14:47:47.153+0000: 15024.090: Total time for which application threads were stopped: 0.0190514 seconds, Stopping threads took: 0.0000649 seconds
2020-05-19T14:47:47.153+0000: 15024.090: Total time for which application threads were stopped: 0.0002562 seconds, Stopping threads took: 0.0001483 seconds
2020-05-19T14:47:47.153+0000: 15024.090: Total time for which application threads were stopped: 0.0001034 seconds, Stopping threads took: 0.0000384 seconds
{Heap before GC invocations=350 (full 20):
 par new generation   total 109248K, used 109248K [0x00000000e0000000, 0x00000000e8000000, 0x00000000e8000000)
  eden space 87424K, 100% used [0x00000000e0000000, 0x00000000e5560000, 0x00000000e5560000)
  from space 21824K, 100% used [0x00000000e5560000, 0x00000000e6ab0000, 0x00000000e6ab0000)
  to   space 21824K,   0% used [0x00000000e6ab0000, 0x00000000e6ab0000, 0x00000000e8000000)
 concurrent mark-sweep generation total 393216K, used 121207K [0x00000000e8000000, 0x0000000100000000, 0x0000000100000000)
 Metaspace       used 57372K, capacity 59120K, committed 59412K, reserved 1101824K
  class space    used 6567K, capacity 6955K, committed 6976K, reserved 1048576K
2020-05-19T14:47:47.238+0000: 15024.174: [GC (Allocation Failure) 2020-05-19T14:47:47.238+0000: 15024.174: [ParNew
Desired survivor size 20112992 bytes, new threshold 8 (max 8)
- age   1:    4825472 bytes,    4825472 total
- age   2:     789640 bytes,    5615112 total
- age   3:    5165968 bytes,   10781080 total
- age   4:     745632 bytes,   11526712 total
- age   5:    3137920 bytes,   14664632 total
- age   6:    4156800 bytes,   18821432 total
: 109248K->21824K(109248K), 0.0148660 secs] 230455K->150738K(502464K), 0.0149318 secs] [Times: user=0.06 sys=0.00, real=0.02 secs] 
Heap after GC invocations=351 (full 20):
 par new generation   total 109248K, used 21824K [0x00000000e0000000, 0x00000000e8000000, 0x00000000e8000000)
  eden space 87424K,   0% used [0x00000000e0000000, 0x00000000e0000000, 0x00000000e5560000)
  from space 21824K, 100% used [0x00000000e6ab0000, 0x00000000e8000000, 0x00000000e8000000)
  to   space 21824K,   0% used [0x00000000e5560000, 0x00000000e5560000, 0x00000000e6ab0000)
 concurrent mark-sweep generation total 393216K, used 128914K [0x00000000e8000000, 0x0000000100000000, 0x0000000100000000)
 Metaspace       used 57372K, capacity 59120K, committed 59412K, reserved 1101824K
  class space    used 6567K, capacity 6955K, committed 6976K, reserved 1048576K
}
2020-05-19T14:47:47.253+0000: 15024.189: Total time for which application threads were stopped: 0.0151775 seconds, Stopping threads took: 0.0000803 seconds
2020-05-19T14:47:47.832+0000: 15024.769: Total time for which application threads were stopped: 0.0001925 seconds, Stopping threads took: 0.0001081 seconds
2020-05-19T14:47:47.832+0000: 15024.769: Total time for which application threads were stopped: 0.0000727 seconds, Stopping threads took: 0.0000135 seconds
2020-05-19T14:47:47.834+0000: 15024.771: Total time for which application threads were stopped: 0.0001353 seconds, Stopping threads took: 0.0000449 seconds
2020-05-19T14:47:47.834+0000: 15024.771: Total time for which application threads were stopped: 0.0002659 seconds, Stopping threads took: 0.0001963 seconds
2020-05-19T14:47:47.834+0000: 15024.771: Total time for which application threads were stopped: 0.0001496 seconds, Stopping threads took: 0.0000988 seconds
2020-05-19T14:47:47.834+0000: 15024.771: Total time for which application threads were stopped: 0.0001371 seconds, Stopping threads took: 0.0000880 seconds
2020-05-19T14:47:48.834+0000: 15025.771: Total time for which application threads were stopped: 0.0001290 seconds, Stopping threads took: 0.0000511 seconds
2020-05-19T14:47:50.957+0000: 15027.894: Total time for which application threads were stopped: 0.0001838 seconds, Stopping threads took: 0.0001134 seconds
2020-05-19T14:47:50.959+0000: 15027.896: Total time for which application threads were stopped: 0.0001416 seconds, Stopping threads took: 0.0000526 seconds
{Heap before GC invocations=351 (full 20):
 par new generation   total 109248K, used 109248K [0x00000000e0000000, 0x00000000e8000000, 0x00000000e8000000)
  eden space 87424K, 100% used [0x00000000e0000000, 0x00000000e5560000, 0x00000000e5560000)
  from space 21824K, 100% used [0x00000000e6ab0000, 0x00000000e8000000, 0x00000000e8000000)
  to   space 21824K,   0% used [0x00000000e5560000, 0x00000000e5560000, 0x00000000e6ab0000)
 concurrent mark-sweep generation total 393216K, used 128914K [0x00000000e8000000, 0x0000000100000000, 0x0000000100000000)
 Metaspace       used 57375K, capacity 59120K, committed 59412K, reserved 1101824K
  class space    used 6567K, capacity 6955K, committed 6976K, reserved 1048576K
2020-05-19T14:47:51.034+0000: 15027.972: [GC (Allocation Failure) 2020-05-19T14:47:51.034+0000: 15027.972: [ParNew
Desired survivor size 20112992 bytes, new threshold 7 (max 8)
- age   1:    5084728 bytes,    5084728 total
- age   2:    3923464 bytes,    9008192 total
- age   3:     697680 bytes,    9705872 total
- age   4:    4587072 bytes,   14292944 total
- age   5:     745048 bytes,   15037992 total
- age   6:    3137920 bytes,   18175912 total
- age   7:    4156496 bytes,   22332408 total
: 109248K->21824K(109248K), 0.0169059 secs] 238162K->156247K(502464K), 0.0169740 secs] [Times: user=0.06 sys=0.00, real=0.02 secs] 
Heap after GC invocations=352 (full 20):
 par new generation   total 109248K, used 21824K [0x00000000e0000000, 0x00000000e8000000, 0x00000000e8000000)
  eden space 87424K,   0% used [0x00000000e0000000, 0x00000000e0000000, 0x00000000e5560000)
  from space 21824K, 100% used [0x00000000e5560000, 0x00000000e6ab0000, 0x00000000e6ab0000)
  to   space 21824K,   0% used [0x00000000e6ab0000, 0x00000000e6ab0000, 0x00000000e8000000)
 concurrent mark-sweep generation total 393216K, used 134423K [0x00000000e8000000, 0x0000000100000000, 0x0000000100000000)
 Metaspace       used 57375K, capacity 59120K, committed 59412K, reserved 1101824K
  class space    used 6567K, capacity 6955K, committed 6976K, reserved 1048576K
}
2020-05-19T14:47:51.052+0000: 15027.989: Total time for which application threads were stopped: 0.0172271 seconds, Stopping threads took: 0.0000619 seconds
2020-05-19T14:47:51.084+0000: 15028.021: Total time for which application threads were stopped: 0.0001394 seconds, Stopping threads took: 0.0000604 seconds
{Heap before GC invocations=352 (full 20):
 par new generation   total 109248K, used 109248K [0x00000000e0000000, 0x00000000e8000000, 0x00000000e8000000)
  eden space 87424K, 100% used [0x00000000e0000000, 0x00000000e5560000, 0x00000000e5560000)
  from space 21824K, 100% used [0x00000000e5560000, 0x00000000e6ab0000, 0x00000000e6ab0000)
  to   space 21824K,   0% used [0x00000000e6ab0000, 0x00000000e6ab0000, 0x00000000e8000000)
 concurrent mark-sweep generation total 393216K, used 134423K [0x00000000e8000000, 0x0000000100000000, 0x0000000100000000)
 Metaspace       used 57376K, capacity 59120K, committed 59412K, reserved 1101824K
  class space    used 6567K, capacity 6955K, committed 6976K, reserved 1048576K
2020-05-19T14:47:51.134+0000: 15028.070: [GC (Allocation Failure) 2020-05-19T14:47:51.134+0000: 15028.070: [ParNew
Desired survivor size 20112992 bytes, new threshold 7 (max 8)
- age   1:    6320792 bytes,    6320792 total
- age   2:    2845000 bytes,    9165792 total
- age   3:    3922936 bytes,   13088728 total
- age   4:     638136 bytes,   13726864 total
- age   5:    4585176 bytes,   18312040 total
- age   6:     744672 bytes,   19056712 total
- age   7:    3137152 bytes,   22193864 total
: 109248K->21824K(109248K), 0.0174486 secs] 243671K->166094K(502464K), 0.0175141 secs] [Times: user=0.05 sys=0.00, real=0.02 secs] 
Heap after GC invocations=353 (full 20):
 par new generation   total 109248K, used 21824K [0x00000000e0000000, 0x00000000e8000000, 0x00000000e8000000)
  eden space 87424K,   0% used [0x00000000e0000000, 0x00000000e0000000, 0x00000000e5560000)
  from space 21824K, 100% used [0x00000000e6ab0000, 0x00000000e8000000, 0x00000000e8000000)
  to   space 21824K,   0% used [0x00000000e5560000, 0x00000000e5560000, 0x00000000e6ab0000)
 concurrent mark-sweep generation total 393216K, used 144270K [0x00000000e8000000, 0x0000000100000000, 0x0000000100000000)
 Metaspace       used 57376K, capacity 59120K, committed 59412K, reserved 1101824K
  class space    used 6567K, capacity 6955K, committed 6976K, reserved 1048576K
}
2020-05-19T14:47:51.151+0000: 15028.088: Total time for which application threads were stopped: 0.0177911 seconds, Stopping threads took: 0.0000943 seconds
{Heap before GC invocations=353 (full 20):
 par new generation   total 109248K, used 109248K [0x00000000e0000000, 0x00000000e8000000, 0x00000000e8000000)
  eden space 87424K, 100% used [0x00000000e0000000, 0x00000000e5560000, 0x00000000e5560000)
  from space 21824K, 100% used [0x00000000e6ab0000, 0x00000000e8000000, 0x00000000e8000000)
  to   space 21824K,   0% used [0x00000000e5560000, 0x00000000e5560000, 0x00000000e6ab0000)
 concurrent mark-sweep generation total 393216K, used 144270K [0x00000000e8000000, 0x0000000100000000, 0x0000000100000000)
 Metaspace       used 57376K, capacity 59120K, committed 59412K, reserved 1101824K
  class space    used 6567K, capacity 6955K, committed 6976K, reserved 1048576K
2020-05-19T14:47:51.236+0000: 15028.172: [GC (Allocation Failure) 2020-05-19T14:47:51.236+0000: 15028.172: [ParNew
Desired survivor size 20112992 bytes, new threshold 6 (max 8)
- age   1:    5716328 bytes,    5716328 total
- age   2:    2916720 bytes,    8633048 total
- age   3:    2845000 bytes,   11478048 total
- age   4:    3922936 bytes,   15400984 total
- age   5:     638136 bytes,   16039120 total
- age   6:    4585176 bytes,   20624296 total
- age   7:     744672 bytes,   21368968 total
: 109248K->21824K(109248K), 0.0169844 secs] 253518K->175711K(502464K), 0.0170473 secs] [Times: user=0.06 sys=0.00, real=0.02 secs] 
Heap after GC invocations=354 (full 20):
 par new generation   total 109248K, used 21824K [0x00000000e0000000, 0x00000000e8000000, 0x00000000e8000000)
  eden space 87424K,   0% used [0x00000000e0000000, 0x00000000e0000000, 0x00000000e5560000)
  from space 21824K, 100% used [0x00000000e5560000, 0x00000000e6ab0000, 0x00000000e6ab0000)
  to   space 21824K,   0% used [0x00000000e6ab0000, 0x00000000e6ab0000, 0x00000000e8000000)
 concurrent mark-sweep generation total 393216K, used 153887K [0x00000000e8000000, 0x0000000100000000, 0x0000000100000000)
 Metaspace       used 57376K, capacity 59120K, committed 59412K, reserved 1101824K
  class space    used 6567K, capacity 6955K, committed 6976K, reserved 1048576K
}
2020-05-19T14:47:51.253+0000: 15028.189: Total time for which application threads were stopped: 0.0172924 seconds, Stopping threads took: 0.0000735 seconds
2020-05-19T14:47:52.024+0000: 15028.961: Total time for which application threads were stopped: 0.0001488 seconds, Stopping threads took: 0.0000650 seconds
2020-05-19T14:47:52.025+0000: 15028.962: Total time for which application threads were stopped: 0.0001963 seconds, Stopping threads took: 0.0001057 seconds
2020-05-19T14:47:52.025+0000: 15028.962: Total time for which application threads were stopped: 0.0000978 seconds, Stopping threads took: 0.0000391 seconds
2020-05-19T14:47:52.025+0000: 15028.962: Total time for which application threads were stopped: 0.0000512 seconds, Stopping threads took: 0.0000117 seconds
2020-05-19T14:47:52.026+0000: 15028.962: Total time for which application threads were stopped: 0.0000805 seconds, Stopping threads took: 0.0000353 seconds
2020-05-19T14:47:52.026+0000: 15028.962: Total time for which application threads were stopped: 0.0000478 seconds, Stopping threads took: 0.0000098 seconds
2020-05-19T14:47:55.143+0000: 15032.080: Total time for which application threads were stopped: 0.0002618 seconds, Stopping threads took: 0.0001887 seconds
2020-05-19T14:47:55.145+0000: 15032.082: Total time for which application threads were stopped: 0.0002336 seconds, Stopping threads took: 0.0000498 seconds
2020-05-19T14:47:55.146+0000: 15032.083: Total time for which application threads were stopped: 0.0001391 seconds, Stopping threads took: 0.0000519 seconds
2020-05-19T14:47:55.156+0000: 15032.093: Total time for which application threads were stopped: 0.0001879 seconds, Stopping threads took: 0.0001106 seconds
2020-05-19T14:47:55.157+0000: 15032.094: Total time for which application threads were stopped: 0.0001473 seconds, Stopping threads took: 0.0000520 seconds
{Heap before GC invocations=354 (full 20):
 par new generation   total 109248K, used 109248K [0x00000000e0000000, 0x00000000e8000000, 0x00000000e8000000)
  eden space 87424K, 100% used [0x00000000e0000000, 0x00000000e5560000, 0x00000000e5560000)
  from space 21824K, 100% used [0x00000000e5560000, 0x00000000e6ab0000, 0x00000000e6ab0000)
  to   space 21824K,   0% used [0x00000000e6ab0000, 0x00000000e6ab0000, 0x00000000e8000000)
 concurrent mark-sweep generation total 393216K, used 153887K [0x00000000e8000000, 0x0000000100000000, 0x0000000100000000)
 Metaspace       used 57383K, capacity 59184K, committed 59412K, reserved 1101824K
  class space    used 6567K, capacity 6955K, committed 6976K, reserved 1048576K
2020-05-19T14:47:55.186+0000: 15032.123: [GC (Allocation Failure) 2020-05-19T14:47:55.186+0000: 15032.123: [ParNew
Desired survivor size 20112992 bytes, new threshold 8 (max 8)
- age   1:    3809464 bytes,    3809464 total
- age   2:    4543104 bytes,    8352568 total
- age   3:    2383208 bytes,   10735776 total
- age   4:    2697288 bytes,   13433064 total
- age   5:    3914088 bytes,   17347152 total
- age   6:     614192 bytes,   17961344 total
: 109248K->21824K(109248K), 0.0150343 secs] 263135K->183788K(502464K), 0.0151057 secs] [Times: user=0.06 sys=0.00, real=0.01 secs] 
Heap after GC invocations=355 (full 20):
 par new generation   total 109248K, used 21824K [0x00000000e0000000, 0x00000000e8000000, 0x00000000e8000000)
  eden space 87424K,   0% used [0x00000000e0000000, 0x00000000e0000000, 0x00000000e5560000)
  from space 21824K, 100% used [0x00000000e6ab0000, 0x00000000e8000000, 0x00000000e8000000)
  to   space 21824K,   0% used [0x00000000e5560000, 0x00000000e5560000, 0x00000000e6ab0000)
 concurrent mark-sweep generation total 393216K, used 161964K [0x00000000e8000000, 0x0000000100000000, 0x0000000100000000)
 Metaspace       used 57383K, capacity 59184K, committed 59412K, reserved 1101824K
  class space    used 6567K, capacity 6955K, committed 6976K, reserved 1048576K
}
2020-05-19T14:47:55.202+0000: 15032.138: Total time for which application threads were stopped: 0.0153435 seconds, Stopping threads took: 0.0000633 seconds
2020-05-19T14:47:55.272+0000: 15032.209: Total time for which application threads were stopped: 0.0001304 seconds, Stopping threads took: 0.0000471 seconds
{Heap before GC invocations=355 (full 20):
 par new generation   total 109248K, used 109212K [0x00000000e0000000, 0x00000000e8000000, 0x00000000e8000000)
  eden space 87424K,  99% used [0x00000000e0000000, 0x00000000e5557170, 0x00000000e5560000)
  from space 21824K, 100% used [0x00000000e6ab0000, 0x00000000e8000000, 0x00000000e8000000)
  to   space 21824K,   0% used [0x00000000e5560000, 0x00000000e5560000, 0x00000000e6ab0000)
 concurrent mark-sweep generation total 393216K, used 161964K [0x00000000e8000000, 0x0000000100000000, 0x0000000100000000)
 Metaspace       used 57383K, capacity 59184K, committed 59412K, reserved 1101824K
  class space    used 6567K, capacity 6955K, committed 6976K, reserved 1048576K
2020-05-19T14:47:55.289+0000: 15032.227: [GC (Allocation Failure) 2020-05-19T14:47:55.289+0000: 15032.227: [ParNew
Desired survivor size 20112992 bytes, new threshold 6 (max 8)
- age   1:    4929720 bytes,    4929720 total
- age   2:    3201032 bytes,    8130752 total
- age   3:    4357088 bytes,   12487840 total
- age   4:    2225808 bytes,   14713648 total
- age   5:    2538288 bytes,   17251936 total
- age   6:    3827760 bytes,   21079696 total
- age   7:     614192 bytes,   21693888 total
: 109212K->21824K(109248K), 0.0158172 secs] 271177K->189108K(502464K), 0.0158844 secs] [Times: user=0.01 sys=0.00, real=0.02 secs] 
Heap after GC invocations=356 (full 20):
 par new generation   total 109248K, used 21824K [0x00000000e0000000, 0x00000000e8000000, 0x00000000e8000000)
  eden space 87424K,   0% used [0x00000000e0000000, 0x00000000e0000000, 0x00000000e5560000)
  from space 21824K, 100% used [0x00000000e5560000, 0x00000000e6ab0000, 0x00000000e6ab0000)
  to   space 21824K,   0% used [0x00000000e6ab0000, 0x00000000e6ab0000, 0x00000000e8000000)
 concurrent mark-sweep generation total 393216K, used 167284K [0x00000000e8000000, 0x0000000100000000, 0x0000000100000000)
 Metaspace       used 57383K, capacity 59184K, committed 59412K, reserved 1101824K
  class space    used 6567K, capacity 6955K, committed 6976K, reserved 1048576K
}
2020-05-19T14:47:55.306+0000: 15032.243: Total time for which application threads were stopped: 0.0161140 seconds, Stopping threads took: 0.0000550 seconds
2020-05-19T14:47:55.306+0000: 15032.243: Total time for which application threads were stopped: 0.0001711 seconds, Stopping threads took: 0.0000987 seconds
2020-05-19T14:47:55.306+0000: 15032.243: Total time for which application threads were stopped: 0.0000545 seconds, Stopping threads took: 0.0000135 seconds
{Heap before GC invocations=356 (full 20):
 par new generation   total 109248K, used 109248K [0x00000000e0000000, 0x00000000e8000000, 0x00000000e8000000)
  eden space 87424K, 100% used [0x00000000e0000000, 0x00000000e5560000, 0x00000000e5560000)
  from space 21824K, 100% used [0x00000000e5560000, 0x00000000e6ab0000, 0x00000000e6ab0000)
  to   space 21824K,   0% used [0x00000000e6ab0000, 0x00000000e6ab0000, 0x00000000e8000000)
 concurrent mark-sweep generation total 393216K, used 167284K [0x00000000e8000000, 0x0000000100000000, 0x0000000100000000)
 Metaspace       used 57383K, capacity 59184K, committed 59412K, reserved 1101824K
  class space    used 6567K, capacity 6955K, committed 6976K, reserved 1048576K
2020-05-19T14:47:55.385+0000: 15032.322: [GC (Allocation Failure) 2020-05-19T14:47:55.385+0000: 15032.322: [ParNew
Desired survivor size 20112992 bytes, new threshold 6 (max 8)
- age   1:    5675264 bytes,    5675264 total
- age   2:    4122520 bytes,    9797784 total
- age   3:    3157656 bytes,   12955440 total
- age   4:    3710944 bytes,   16666384 total
- age   5:    2205496 bytes,   18871880 total
- age   6:    2500768 bytes,   21372648 total
: 109248K->21824K(109248K), 0.0173934 secs] 276532K->200339K(502464K), 0.0174919 secs] [Times: user=0.06 sys=0.00, real=0.02 secs] 
Heap after GC invocations=357 (full 20):
 par new generation   total 109248K, used 21824K [0x00000000e0000000, 0x00000000e8000000, 0x00000000e8000000)
  eden space 87424K,   0% used [0x00000000e0000000, 0x00000000e0000000, 0x00000000e5560000)
  from space 21824K, 100% used [0x00000000e6ab0000, 0x00000000e8000000, 0x00000000e8000000)
  to   space 21824K,   0% used [0x00000000e5560000, 0x00000000e5560000, 0x00000000e6ab0000)
 concurrent mark-sweep generation total 393216K, used 178515K [0x00000000e8000000, 0x0000000100000000, 0x0000000100000000)
 Metaspace       used 57383K, capacity 59184K, committed 59412K, reserved 1101824K
  class space    used 6567K, capacity 6955K, committed 6976K, reserved 1048576K
}
2020-05-19T14:47:55.403+0000: 15032.340: Total time for which application threads were stopped: 0.0177268 seconds, Stopping threads took: 0.0000603 seconds
{Heap before GC invocations=357 (full 20):
 par new generation   total 109248K, used 109248K [0x00000000e0000000, 0x00000000e8000000, 0x00000000e8000000)
  eden space 87424K, 100% used [0x00000000e0000000, 0x00000000e5560000, 0x00000000e5560000)
  from space 21824K, 100% used [0x00000000e6ab0000, 0x00000000e8000000, 0x00000000e8000000)
  to   space 21824K,   0% used [0x00000000e5560000, 0x00000000e5560000, 0x00000000e6ab0000)
 concurrent mark-sweep generation total 393216K, used 178515K [0x00000000e8000000, 0x0000000100000000, 0x0000000100000000)
 Metaspace       used 57383K, capacity 59184K, committed 59412K, reserved 1101824K
  class space    used 6567K, capacity 6955K, committed 6976K, reserved 1048576K
2020-05-19T14:47:55.483+0000: 15032.420: [GC (Allocation Failure) 2020-05-19T14:47:55.483+0000: 15032.420: [ParNew
Desired survivor size 20112992 bytes, new threshold 6 (max 8)
- age   1:    3845000 bytes,    3845000 total
- age   2:    4845952 bytes,    8690952 total
- age   3:    4066232 bytes,   12757184 total
- age   4:    3157656 bytes,   15914840 total
- age   5:    3710944 bytes,   19625784 total
- age   6:    2205496 bytes,   21831280 total
: 109248K->21824K(109248K), 0.0176714 secs] 287763K->209301K(502464K), 0.0177358 secs] [Times: user=0.06 sys=0.00, real=0.02 secs] 
Heap after GC invocations=358 (full 20):
 par new generation   total 109248K, used 21824K [0x00000000e0000000, 0x00000000e8000000, 0x00000000e8000000)
  eden space 87424K,   0% used [0x00000000e0000000, 0x00000000e0000000, 0x00000000e5560000)
  from space 21824K, 100% used [0x00000000e5560000, 0x00000000e6ab0000, 0x00000000e6ab0000)
  to   space 21824K,   0% used [0x00000000e6ab0000, 0x00000000e6ab0000, 0x00000000e8000000)
 concurrent mark-sweep generation total 393216K, used 187477K [0x00000000e8000000, 0x0000000100000000, 0x0000000100000000)
 Metaspace       used 57383K, capacity 59184K, committed 59412K, reserved 1101824K
  class space    used 6567K, capacity 6955K, committed 6976K, reserved 1048576K
}
2020-05-19T14:47:55.501+0000: 15032.438: Total time for which application threads were stopped: 0.0179975 seconds, Stopping threads took: 0.0000906 seconds
2020-05-19T14:47:56.166+0000: 15033.103: Total time for which application threads were stopped: 0.0001494 seconds, Stopping threads took: 0.0000730 seconds
2020-05-19T14:47:56.167+0000: 15033.103: Total time for which application threads were stopped: 0.0000537 seconds, Stopping threads took: 0.0000147 seconds
2020-05-19T14:47:56.167+0000: 15033.104: Total time for which application threads were stopped: 0.0001512 seconds, Stopping threads took: 0.0000604 seconds
2020-05-19T14:47:56.168+0000: 15033.105: Total time for which application threads were stopped: 0.0001277 seconds, Stopping threads took: 0.0000505 seconds
2020-05-19T14:47:56.168+0000: 15033.105: Total time for which application threads were stopped: 0.0001072 seconds, Stopping threads took: 0.0000414 seconds
2020-05-19T14:47:56.169+0000: 15033.105: Total time for which application threads were stopped: 0.0001231 seconds, Stopping threads took: 0.0000851 seconds
2020-05-19T14:47:56.169+0000: 15033.105: Total time for which application threads were stopped: 0.0000833 seconds, Stopping threads took: 0.0000386 seconds
2020-05-19T14:48:12.770+0000: 15049.707: Total time for which application threads were stopped: 0.0006937 seconds, Stopping threads took: 0.0004437 seconds
2020-05-19T14:48:12.778+0000: 15049.715: Total time for which application threads were stopped: 0.0003318 seconds, Stopping threads took: 0.0000710 seconds
2020-05-19T14:48:12.780+0000: 15049.717: Total time for which application threads were stopped: 0.0004680 seconds, Stopping threads took: 0.0002737 seconds
2020-05-19T14:48:12.794+0000: 15049.730: Total time for which application threads were stopped: 0.0001655 seconds, Stopping threads took: 0.0000379 seconds
2020-05-19T14:48:12.795+0000: 15049.732: Total time for which application threads were stopped: 0.0001417 seconds, Stopping threads took: 0.0000339 seconds
{Heap before GC invocations=358 (full 20):
 par new generation   total 109248K, used 109248K [0x00000000e0000000, 0x00000000e8000000, 0x00000000e8000000)
  eden space 87424K, 100% used [0x00000000e0000000, 0x00000000e5560000, 0x00000000e5560000)
  from space 21824K, 100% used [0x00000000e5560000, 0x00000000e6ab0000, 0x00000000e6ab0000)
  to   space 21824K,   0% used [0x00000000e6ab0000, 0x00000000e6ab0000, 0x00000000e8000000)
 concurrent mark-sweep generation total 393216K, used 187477K [0x00000000e8000000, 0x0000000100000000, 0x0000000100000000)
 Metaspace       used 57395K, capacity 59184K, committed 59412K, reserved 1101824K
  class space    used 6567K, capacity 6955K, committed 6976K, reserved 1048576K
2020-05-19T14:48:12.881+0000: 15049.818: [GC (Allocation Failure) 2020-05-19T14:48:12.881+0000: 15049.818: [ParNew
Desired survivor size 20112992 bytes, new threshold 6 (max 8)
- age   1:    4565696 bytes,    4565696 total
- age   2:    2848304 bytes,    7414000 total
- age   3:    4801680 bytes,   12215680 total
- age   4:    3361296 bytes,   15576976 total
- age   5:    3013344 bytes,   18590320 total
- age   6:    3710944 bytes,   22301264 total
: 109248K->21824K(109248K), 0.0185631 secs] 296725K->218023K(502464K), 0.0186319 secs] [Times: user=0.08 sys=0.03, real=0.02 secs] 
Heap after GC invocations=359 (full 20):
 par new generation   total 109248K, used 21824K [0x00000000e0000000, 0x00000000e8000000, 0x00000000e8000000)
  eden space 87424K,   0% used [0x00000000e0000000, 0x00000000e0000000, 0x00000000e5560000)
  from space 21824K, 100% used [0x00000000e6ab0000, 0x00000000e8000000, 0x00000000e8000000)
  to   space 21824K,   0% used [0x00000000e5560000, 0x00000000e5560000, 0x00000000e6ab0000)
 concurrent mark-sweep generation total 393216K, used 196199K [0x00000000e8000000, 0x0000000100000000, 0x0000000100000000)
 Metaspace       used 57395K, capacity 59184K, committed 59412K, reserved 1101824K
  class space    used 6567K, capacity 6955K, committed 6976K, reserved 1048576K
}
2020-05-19T14:48:12.899+0000: 15049.837: Total time for which application threads were stopped: 0.0188572 seconds, Stopping threads took: 0.0000470 seconds
2020-05-19T14:48:12.916+0000: 15049.854: Total time for which application threads were stopped: 0.0001459 seconds, Stopping threads took: 0.0000543 seconds
{Heap before GC invocations=359 (full 20):
 par new generation   total 109248K, used 109248K [0x00000000e0000000, 0x00000000e8000000, 0x00000000e8000000)
  eden space 87424K, 100% used [0x00000000e0000000, 0x00000000e5560000, 0x00000000e5560000)
  from space 21824K, 100% used [0x00000000e6ab0000, 0x00000000e8000000, 0x00000000e8000000)
  to   space 21824K,   0% used [0x00000000e5560000, 0x00000000e5560000, 0x00000000e6ab0000)
 concurrent mark-sweep generation total 393216K, used 196199K [0x00000000e8000000, 0x0000000100000000, 0x0000000100000000)
 Metaspace       used 57428K, capacity 59184K, committed 59412K, reserved 1101824K
  class space    used 6567K, capacity 6955K, committed 6976K, reserved 1048576K
2020-05-19T14:48:12.993+0000: 15049.930: [GC (Allocation Failure) 2020-05-19T14:48:12.993+0000: 15049.930: [ParNew
Desired survivor size 20112992 bytes, new threshold 6 (max 8)
- age   1:    5083872 bytes,    5083872 total
- age   2:    3225944 bytes,    8309816 total
- age   3:    2847184 bytes,   11157000 total
- age   4:    4801488 bytes,   15958488 total
- age   5:    3361256 bytes,   19319744 total
- age   6:    3013264 bytes,   22333008 total
: 109248K->21824K(109248K), 0.0186038 secs] 305447K->228513K(502464K), 0.0186671 secs] [Times: user=0.06 sys=0.00, real=0.02 secs] 
Heap after GC invocations=360 (full 20):
 par new generation   total 109248K, used 21824K [0x00000000e0000000, 0x00000000e8000000, 0x00000000e8000000)
  eden space 87424K,   0% used [0x00000000e0000000, 0x00000000e0000000, 0x00000000e5560000)
  from space 21824K, 100% used [0x00000000e5560000, 0x00000000e6ab0000, 0x00000000e6ab0000)
  to   space 21824K,   0% used [0x00000000e6ab0000, 0x00000000e6ab0000, 0x00000000e8000000)
 concurrent mark-sweep generation total 393216K, used 206689K [0x00000000e8000000, 0x0000000100000000, 0x0000000100000000)
 Metaspace       used 57428K, capacity 59184K, committed 59412K, reserved 1101824K
  class space    used 6567K, capacity 6955K, committed 6976K, reserved 1048576K
}
2020-05-19T14:48:13.012+0000: 15049.949: Total time for which application threads were stopped: 0.0189179 seconds, Stopping threads took: 0.0000584 seconds
2020-05-19T14:48:13.012+0000: 15049.949: [GC (CMS Initial Mark) [1 CMS-initial-mark: 206689K(393216K)] 229760K(502464K), 0.0038788 secs] [Times: user=0.00 sys=0.00, real=0.00 secs] 
2020-05-19T14:48:13.016+0000: 15049.953: Total time for which application threads were stopped: 0.0040357 seconds, Stopping threads took: 0.0000564 seconds
2020-05-19T14:48:13.016+0000: 15049.953: [CMS-concurrent-mark-start]
2020-05-19T14:48:13.043+0000: 15049.980: [CMS-concurrent-mark: 0.027/0.027 secs] [Times: user=0.13 sys=0.00, real=0.03 secs] 
2020-05-19T14:48:13.043+0000: 15049.980: [CMS-concurrent-preclean-start]
2020-05-19T14:48:13.045+0000: 15049.982: [CMS-concurrent-preclean: 0.001/0.001 secs] [Times: user=0.00 sys=0.00, real=0.00 secs] 
2020-05-19T14:48:13.045+0000: 15049.982: [CMS-concurrent-abortable-preclean-start]
{Heap before GC invocations=360 (full 21):
 par new generation   total 109248K, used 109248K [0x00000000e0000000, 0x00000000e8000000, 0x00000000e8000000)
  eden space 87424K, 100% used [0x00000000e0000000, 0x00000000e5560000, 0x00000000e5560000)
  from space 21824K, 100% used [0x00000000e5560000, 0x00000000e6ab0000, 0x00000000e6ab0000)
  to   space 21824K,   0% used [0x00000000e6ab0000, 0x00000000e6ab0000, 0x00000000e8000000)
 concurrent mark-sweep generation total 393216K, used 206689K [0x00000000e8000000, 0x0000000100000000, 0x0000000100000000)
 Metaspace       used 57428K, capacity 59184K, committed 59412K, reserved 1101824K
  class space    used 6567K, capacity 6955K, committed 6976K, reserved 1048576K
2020-05-19T14:48:13.158+0000: 15050.094: [GC (Allocation Failure) 2020-05-19T14:48:13.158+0000: 15050.094: [ParNew
Desired survivor size 20112992 bytes, new threshold 6 (max 8)
- age   1:    5114640 bytes,    5114640 total
- age   2:    3154320 bytes,    8268960 total
- age   3:    3141320 bytes,   11410280 total
- age   4:    2847184 bytes,   14257464 total
- age   5:    4801472 bytes,   19058936 total
- age   6:    3255856 bytes,   22314792 total
: 109248K->21824K(109248K), 0.0199642 secs] 315937K->236949K(502464K), 0.0200365 secs] [Times: user=0.06 sys=0.00, real=0.02 secs] 
Heap after GC invocations=361 (full 21):
 par new generation   total 109248K, used 21824K [0x00000000e0000000, 0x00000000e8000000, 0x00000000e8000000)
  eden space 87424K,   0% used [0x00000000e0000000, 0x00000000e0000000, 0x00000000e5560000)
  from space 21824K, 100% used [0x00000000e6ab0000, 0x00000000e8000000, 0x00000000e8000000)
  to   space 21824K,   0% used [0x00000000e5560000, 0x00000000e5560000, 0x00000000e6ab0000)
 concurrent mark-sweep generation total 393216K, used 215125K [0x00000000e8000000, 0x0000000100000000, 0x0000000100000000)
 Metaspace       used 57428K, capacity 59184K, committed 59412K, reserved 1101824K
  class space    used 6567K, capacity 6955K, committed 6976K, reserved 1048576K
}
2020-05-19T14:48:13.178+0000: 15050.114: Total time for which application threads were stopped: 0.0202819 seconds, Stopping threads took: 0.0000607 seconds
2020-05-19T14:48:13.178+0000: 15050.114: [CMS-concurrent-abortable-preclean: 0.078/0.133 secs] [Times: user=0.42 sys=0.00, real=0.13 secs] 
2020-05-19T14:48:13.178+0000: 15050.115: [GC (CMS Final Remark) [YG occupancy: 23246 K (109248 K)]{Heap before GC invocations=361 (full 21):
 par new generation   total 109248K, used 23246K [0x00000000e0000000, 0x00000000e8000000, 0x00000000e8000000)
  eden space 87424K,   1% used [0x00000000e0000000, 0x00000000e01639a0, 0x00000000e5560000)
  from space 21824K, 100% used [0x00000000e6ab0000, 0x00000000e8000000, 0x00000000e8000000)
  to   space 21824K,   0% used [0x00000000e5560000, 0x00000000e5560000, 0x00000000e6ab0000)
 concurrent mark-sweep generation total 393216K, used 215125K [0x00000000e8000000, 0x0000000100000000, 0x0000000100000000)
 Metaspace       used 57428K, capacity 59184K, committed 59412K, reserved 1101824K
  class space    used 6567K, capacity 6955K, committed 6976K, reserved 1048576K
2020-05-19T14:48:13.178+0000: 15050.115: [GC (CMS Final Remark) 2020-05-19T14:48:13.178+0000: 15050.115: [ParNew
Desired survivor size 20112992 bytes, new threshold 8 (max 8)
- age   1:        568 bytes,        568 total
- age   2:    4528048 bytes,    4528616 total
- age   3:    3154288 bytes,    7682904 total
- age   4:    2988024 bytes,   10670928 total
- age   5:    2821184 bytes,   13492112 total
- age   6:    4791072 bytes,   18283184 total
: 23246K->21824K(109248K), 0.0137380 secs] 238372K->240926K(502464K), 0.0137902 secs] [Times: user=0.06 sys=0.00, real=0.01 secs] 
Heap after GC invocations=362 (full 21):
 par new generation   total 109248K, used 21824K [0x00000000e0000000, 0x00000000e8000000, 0x00000000e8000000)
  eden space 87424K,   0% used [0x00000000e0000000, 0x00000000e0000000, 0x00000000e5560000)
  from space 21824K, 100% used [0x00000000e5560000, 0x00000000e6ab0000, 0x00000000e6ab0000)
  to   space 21824K,   0% used [0x00000000e6ab0000, 0x00000000e6ab0000, 0x00000000e8000000)
 concurrent mark-sweep generation total 393216K, used 219102K [0x00000000e8000000, 0x0000000100000000, 0x0000000100000000)
 Metaspace       used 57428K, capacity 59184K, committed 59412K, reserved 1101824K
  class space    used 6567K, capacity 6955K, committed 6976K, reserved 1048576K
}
2020-05-19T14:48:13.192+0000: 15050.128: [Rescan (parallel) , 0.0069933 secs]2020-05-19T14:48:13.199+0000: 15050.135: [weak refs processing, 0.0071160 secs]2020-05-19T14:48:13.206+0000: 15050.143: [class unloading, 0.0106006 secs]2020-05-19T14:48:13.217+0000: 15050.153: [scrub symbol table, 0.0090821 secs]2020-05-19T14:48:13.226+0000: 15050.162: [scrub string table, 0.0005851 secs][1 CMS-remark: 219102K(393216K)] 240926K(502464K), 0.0485863 secs] [Times: user=0.14 sys=0.01, real=0.05 secs] 
2020-05-19T14:48:13.226+0000: 15050.163: Total time for which application threads were stopped: 0.0487713 seconds, Stopping threads took: 0.0000652 seconds
2020-05-19T14:48:13.226+0000: 15050.163: [CMS-concurrent-sweep-start]
2020-05-19T14:48:13.227+0000: 15050.165: Total time for which application threads were stopped: 0.0001781 seconds, Stopping threads took: 0.0000826 seconds
2020-05-19T14:48:13.228+0000: 15050.165: Total time for which application threads were stopped: 0.0001096 seconds, Stopping threads took: 0.0000474 seconds
2020-05-19T14:48:13.228+0000: 15050.166: Total time for which application threads were stopped: 0.0001017 seconds, Stopping threads took: 0.0000509 seconds
2020-05-19T14:48:13.228+0000: 15050.166: Total time for which application threads were stopped: 0.0000510 seconds, Stopping threads took: 0.0000162 seconds
2020-05-19T14:48:13.295+0000: 15050.232: [CMS-concurrent-sweep: 0.068/0.069 secs] [Times: user=0.19 sys=0.00, real=0.07 secs] 
2020-05-19T14:48:13.295+0000: 15050.232: [CMS-concurrent-reset-start]
2020-05-19T14:48:13.296+0000: 15050.233: [CMS-concurrent-reset: 0.001/0.001 secs] [Times: user=0.00 sys=0.00, real=0.00 secs] 
2020-05-19T14:48:13.897+0000: 15050.833: Total time for which application threads were stopped: 0.0001372 seconds, Stopping threads took: 0.0000553 seconds
2020-05-19T14:48:13.897+0000: 15050.833: Total time for which application threads were stopped: 0.0001231 seconds, Stopping threads took: 0.0000538 seconds
2020-05-19T14:48:13.897+0000: 15050.834: Total time for which application threads were stopped: 0.0001454 seconds, Stopping threads took: 0.0000510 seconds
2020-05-19T14:48:13.898+0000: 15050.835: Total time for which application threads were stopped: 0.0001514 seconds, Stopping threads took: 0.0000619 seconds
2020-05-19T14:48:13.898+0000: 15050.835: Total time for which application threads were stopped: 0.0001039 seconds, Stopping threads took: 0.0000427 seconds
2020-05-19T14:48:13.899+0000: 15050.835: Total time for which application threads were stopped: 0.0000879 seconds, Stopping threads took: 0.0000381 seconds
2020-05-19T14:48:13.899+0000: 15050.835: Total time for which application threads were stopped: 0.0000825 seconds, Stopping threads took: 0.0000387 seconds
2020-05-19T14:48:22.715+0000: 15059.652: Total time for which application threads were stopped: 0.0002531 seconds, Stopping threads took: 0.0001808 seconds
2020-05-19T14:48:22.717+0000: 15059.655: Total time for which application threads were stopped: 0.0002279 seconds, Stopping threads took: 0.0001344 seconds
2020-05-19T14:48:22.719+0000: 15059.656: Total time for which application threads were stopped: 0.0002433 seconds, Stopping threads took: 0.0001475 seconds
2020-05-19T14:48:22.732+0000: 15059.670: Total time for which application threads were stopped: 0.0001517 seconds, Stopping threads took: 0.0000590 seconds
2020-05-19T14:48:22.733+0000: 15059.671: Total time for which application threads were stopped: 0.0001804 seconds, Stopping threads took: 0.0000818 seconds
{Heap before GC invocations=362 (full 21):
 par new generation   total 109248K, used 109248K [0x00000000e0000000, 0x00000000e8000000, 0x00000000e8000000)
  eden space 87424K, 100% used [0x00000000e0000000, 0x00000000e5560000, 0x00000000e5560000)
  from space 21824K, 100% used [0x00000000e5560000, 0x00000000e6ab0000, 0x00000000e6ab0000)
  to   space 21824K,   0% used [0x00000000e6ab0000, 0x00000000e6ab0000, 0x00000000e8000000)
 concurrent mark-sweep generation total 393216K, used 104945K [0x00000000e8000000, 0x0000000100000000, 0x0000000100000000)
 Metaspace       used 57432K, capacity 59184K, committed 59412K, reserved 1101824K
  class space    used 6567K, capacity 6955K, committed 6976K, reserved 1048576K
2020-05-19T14:48:22.793+0000: 15059.730: [GC (Allocation Failure) 2020-05-19T14:48:22.793+0000: 15059.730: [ParNew
Desired survivor size 20112992 bytes, new threshold 7 (max 8)
- age   1:    6913016 bytes,    6913016 total
- age   3:    3846912 bytes,   10759928 total
- age   4:    2830680 bytes,   13590608 total
- age   5:    2389392 bytes,   15980000 total
- age   6:    1567608 bytes,   17547608 total
- age   7:    4790904 bytes,   22338512 total
: 109248K->21824K(109248K), 0.0150430 secs] 214193K->128802K(502464K), 0.0151253 secs] [Times: user=0.02 sys=0.00, real=0.02 secs] 
Heap after GC invocations=363 (full 21):
 par new generation   total 109248K, used 21824K [0x00000000e0000000, 0x00000000e8000000, 0x00000000e8000000)
  eden space 87424K,   0% used [0x00000000e0000000, 0x00000000e0000000, 0x00000000e5560000)
  from space 21824K, 100% used [0x00000000e6ab0000, 0x00000000e8000000, 0x00000000e8000000)
  to   space 21824K,   0% used [0x00000000e5560000, 0x00000000e5560000, 0x00000000e6ab0000)
 concurrent mark-sweep generation total 393216K, used 106978K [0x00000000e8000000, 0x0000000100000000, 0x0000000100000000)
 Metaspace       used 57432K, capacity 59184K, committed 59412K, reserved 1101824K
  class space    used 6567K, capacity 6955K, committed 6976K, reserved 1048576K
}
2020-05-19T14:48:22.808+0000: 15059.745: Total time for which application threads were stopped: 0.0155258 seconds, Stopping threads took: 0.0001280 seconds
2020-05-19T14:48:22.860+0000: 15059.797: Total time for which application threads were stopped: 0.0001431 seconds, Stopping threads took: 0.0000533 seconds
{Heap before GC invocations=363 (full 21):
 par new generation   total 109248K, used 109248K [0x00000000e0000000, 0x00000000e8000000, 0x00000000e8000000)
  eden space 87424K, 100% used [0x00000000e0000000, 0x00000000e5560000, 0x00000000e5560000)
  from space 21824K, 100% used [0x00000000e6ab0000, 0x00000000e8000000, 0x00000000e8000000)
  to   space 21824K,   0% used [0x00000000e5560000, 0x00000000e5560000, 0x00000000e6ab0000)
 concurrent mark-sweep generation total 393216K, used 106978K [0x00000000e8000000, 0x0000000100000000, 0x0000000100000000)
 Metaspace       used 57432K, capacity 59184K, committed 59412K, reserved 1101824K
  class space    used 6567K, capacity 6955K, committed 6976K, reserved 1048576K
2020-05-19T14:48:22.895+0000: 15059.832: [GC (Allocation Failure) 2020-05-19T14:48:22.895+0000: 15059.832: [ParNew
Desired survivor size 20112992 bytes, new threshold 7 (max 8)
- age   1:    5778848 bytes,    5778848 total
- age   2:    4014456 bytes,    9793304 total
- age   4:    3846912 bytes,   13640216 total
- age   5:    2829008 bytes,   16469224 total
- age   6:    2274464 bytes,   18743688 total
- age   7:    1567528 bytes,   20311216 total
: 109248K->21824K(109248K), 0.0163464 secs] 216226K->136691K(502464K), 0.0164092 secs] [Times: user=0.06 sys=0.00, real=0.02 secs] 
Heap after GC invocations=364 (full 21):
 par new generation   total 109248K, used 21824K [0x00000000e0000000, 0x00000000e8000000, 0x00000000e8000000)
  eden space 87424K,   0% used [0x00000000e0000000, 0x00000000e0000000, 0x00000000e5560000)
  from space 21824K, 100% used [0x00000000e5560000, 0x00000000e6ab0000, 0x00000000e6ab0000)
  to   space 21824K,   0% used [0x00000000e6ab0000, 0x00000000e6ab0000, 0x00000000e8000000)
 concurrent mark-sweep generation total 393216K, used 114867K [0x00000000e8000000, 0x0000000100000000, 0x0000000100000000)
 Metaspace       used 57432K, capacity 59184K, committed 59412K, reserved 1101824K
  class space    used 6567K, capacity 6955K, committed 6976K, reserved 1048576K
}
2020-05-19T14:48:22.911+0000: 15059.848: Total time for which application threads were stopped: 0.0166319 seconds, Stopping threads took: 0.0000528 seconds
{Heap before GC invocations=364 (full 21):
 par new generation   total 109248K, used 109248K [0x00000000e0000000, 0x00000000e8000000, 0x00000000e8000000)
  eden space 87424K, 100% used [0x00000000e0000000, 0x00000000e5560000, 0x00000000e5560000)
  from space 21824K, 100% used [0x00000000e5560000, 0x00000000e6ab0000, 0x00000000e6ab0000)
  to   space 21824K,   0% used [0x00000000e6ab0000, 0x00000000e6ab0000, 0x00000000e8000000)
 concurrent mark-sweep generation total 393216K, used 114867K [0x00000000e8000000, 0x0000000100000000, 0x0000000100000000)
 Metaspace       used 57432K, capacity 59184K, committed 59412K, reserved 1101824K
  class space    used 6567K, capacity 6955K, committed 6976K, reserved 1048576K
2020-05-19T14:48:23.005+0000: 15059.942: [GC (Allocation Failure) 2020-05-19T14:48:23.005+0000: 15059.942: [ParNew
Desired survivor size 20112992 bytes, new threshold 7 (max 8)
- age   1:    3665112 bytes,    3665112 total
- age   2:    4760160 bytes,    8425272 total
- age   3:    3980440 bytes,   12405712 total
- age   5:    3433520 bytes,   15839232 total
- age   6:    2829008 bytes,   18668240 total
- age   7:    2274120 bytes,   20942360 total
: 109248K->21824K(109248K), 0.0156465 secs] 224115K->143447K(502464K), 0.0157674 secs] [Times: user=0.06 sys=0.00, real=0.01 secs] 
Heap after GC invocations=365 (full 21):
 par new generation   total 109248K, used 21824K [0x00000000e0000000, 0x00000000e8000000, 0x00000000e8000000)
  eden space 87424K,   0% used [0x00000000e0000000, 0x00000000e0000000, 0x00000000e5560000)
  from space 21824K, 100% used [0x00000000e6ab0000, 0x00000000e8000000, 0x00000000e8000000)
  to   space 21824K,   0% used [0x00000000e5560000, 0x00000000e5560000, 0x00000000e6ab0000)
 concurrent mark-sweep generation total 393216K, used 121623K [0x00000000e8000000, 0x0000000100000000, 0x0000000100000000)
 Metaspace       used 57432K, capacity 59184K, committed 59412K, reserved 1101824K
  class space    used 6567K, capacity 6955K, committed 6976K, reserved 1048576K
}
2020-05-19T14:48:23.020+0000: 15059.958: Total time for which application threads were stopped: 0.0161329 seconds, Stopping threads took: 0.0000728 seconds
2020-05-19T14:48:23.928+0000: 15060.865: Total time for which application threads were stopped: 0.0001527 seconds, Stopping threads took: 0.0000647 seconds
2020-05-19T14:48:23.929+0000: 15060.866: Total time for which application threads were stopped: 0.0000985 seconds, Stopping threads took: 0.0000400 seconds
2020-05-19T14:48:23.929+0000: 15060.866: Total time for which application threads were stopped: 0.0001420 seconds, Stopping threads took: 0.0001000 seconds
2020-05-19T14:48:23.929+0000: 15060.866: Total time for which application threads were stopped: 0.0000697 seconds, Stopping threads took: 0.0000341 seconds
2020-05-19T14:48:23.929+0000: 15060.866: Total time for which application threads were stopped: 0.0000687 seconds, Stopping threads took: 0.0000332 seconds
2020-05-19T14:48:37.734+0000: 15074.671: Total time for which application threads were stopped: 0.0001101 seconds, Stopping threads took: 0.0000320 seconds
2020-05-19T14:48:55.762+0000: 15092.699: Total time for which application threads were stopped: 0.0004802 seconds, Stopping threads took: 0.0003537 seconds
2020-05-19T14:48:55.765+0000: 15092.702: Total time for which application threads were stopped: 0.0001962 seconds, Stopping threads took: 0.0000466 seconds
2020-05-19T14:48:55.766+0000: 15092.703: Total time for which application threads were stopped: 0.0001562 seconds, Stopping threads took: 0.0000364 seconds
{Heap before GC invocations=365 (full 21):
 par new generation   total 109248K, used 109244K [0x00000000e0000000, 0x00000000e8000000, 0x00000000e8000000)
  eden space 87424K,  99% used [0x00000000e0000000, 0x00000000e555f1b0, 0x00000000e5560000)
  from space 21824K, 100% used [0x00000000e6ab0000, 0x00000000e8000000, 0x00000000e8000000)
  to   space 21824K,   0% used [0x00000000e5560000, 0x00000000e5560000, 0x00000000e6ab0000)
 concurrent mark-sweep generation total 393216K, used 121623K [0x00000000e8000000, 0x0000000100000000, 0x0000000100000000)
 Metaspace       used 57435K, capacity 59184K, committed 59412K, reserved 1101824K
  class space    used 6567K, capacity 6955K, committed 6976K, reserved 1048576K
2020-05-19T14:48:55.770+0000: 15092.707: [GC (Allocation Failure) 2020-05-19T14:48:55.770+0000: 15092.707: [ParNew
Desired survivor size 20112992 bytes, new threshold 8 (max 8)
- age   1:    3049048 bytes,    3049048 total
- age   2:    2324728 bytes,    5373776 total
- age   3:    3656032 bytes,    9029808 total
- age   4:    3686112 bytes,   12715920 total
- age   6:    3433520 bytes,   16149440 total
- age   7:    2828704 bytes,   18978144 total
: 109244K->21824K(109248K), 0.0142369 secs] 230867K->147128K(502464K), 0.0144574 secs] [Times: user=0.06 sys=0.00, real=0.01 secs] 
Heap after GC invocations=366 (full 21):
 par new generation   total 109248K, used 21824K [0x00000000e0000000, 0x00000000e8000000, 0x00000000e8000000)
  eden space 87424K,   0% used [0x00000000e0000000, 0x00000000e0000000, 0x00000000e5560000)
  from space 21824K, 100% used [0x00000000e5560000, 0x00000000e6ab0000, 0x00000000e6ab0000)
  to   space 21824K,   0% used [0x00000000e6ab0000, 0x00000000e6ab0000, 0x00000000e8000000)
 concurrent mark-sweep generation total 393216K, used 125304K [0x00000000e8000000, 0x0000000100000000, 0x0000000100000000)
 Metaspace       used 57435K, capacity 59184K, committed 59412K, reserved 1101824K
  class space    used 6567K, capacity 6955K, committed 6976K, reserved 1048576K
}
2020-05-19T14:48:55.784+0000: 15092.721: Total time for which application threads were stopped: 0.0149347 seconds, Stopping threads took: 0.0001539 seconds
2020-05-19T14:48:55.796+0000: 15092.733: Total time for which application threads were stopped: 0.0001161 seconds, Stopping threads took: 0.0000322 seconds
2020-05-19T14:48:55.797+0000: 15092.734: Total time for which application threads were stopped: 0.0001054 seconds, Stopping threads took: 0.0000275 seconds
2020-05-19T14:48:55.940+0000: 15092.878: Total time for which application threads were stopped: 0.0001668 seconds, Stopping threads took: 0.0000557 seconds
{Heap before GC invocations=366 (full 21):
 par new generation   total 109248K, used 109248K [0x00000000e0000000, 0x00000000e8000000, 0x00000000e8000000)
  eden space 87424K, 100% used [0x00000000e0000000, 0x00000000e5560000, 0x00000000e5560000)
  from space 21824K, 100% used [0x00000000e5560000, 0x00000000e6ab0000, 0x00000000e6ab0000)
  to   space 21824K,   0% used [0x00000000e6ab0000, 0x00000000e6ab0000, 0x00000000e8000000)
 concurrent mark-sweep generation total 393216K, used 125304K [0x00000000e8000000, 0x0000000100000000, 0x0000000100000000)
 Metaspace       used 57436K, capacity 59184K, committed 59412K, reserved 1101824K
  class space    used 6567K, capacity 6955K, committed 6976K, reserved 1048576K
2020-05-19T14:48:55.947+0000: 15092.885: [GC (Allocation Failure) 2020-05-19T14:48:55.947+0000: 15092.885: [ParNew
Desired survivor size 20112992 bytes, new threshold 8 (max 8)
- age   1:    3885288 bytes,    3885288 total
- age   2:    2737120 bytes,    6622408 total
- age   3:    2118616 bytes,    8741024 total
- age   4:    3655128 bytes,   12396152 total
- age   5:    3684688 bytes,   16080840 total
- age   7:    3433464 bytes,   19514304 total
- age   8:    2828704 bytes,   22343008 total
: 109248K->21824K(109248K), 0.0178705 secs] 234552K->151564K(502464K), 0.0179532 secs] [Times: user=0.03 sys=0.00, real=0.02 secs] 
Heap after GC invocations=367 (full 21):
 par new generation   total 109248K, used 21824K [0x00000000e0000000, 0x00000000e8000000, 0x00000000e8000000)
  eden space 87424K,   0% used [0x00000000e0000000, 0x00000000e0000000, 0x00000000e5560000)
  from space 21824K, 100% used [0x00000000e6ab0000, 0x00000000e8000000, 0x00000000e8000000)
  to   space 21824K,   0% used [0x00000000e5560000, 0x00000000e5560000, 0x00000000e6ab0000)
 concurrent mark-sweep generation total 393216K, used 129740K [0x00000000e8000000, 0x0000000100000000, 0x0000000100000000)
 Metaspace       used 57436K, capacity 59184K, committed 59412K, reserved 1101824K
  class space    used 6567K, capacity 6955K, committed 6976K, reserved 1048576K
}
2020-05-19T14:48:55.965+0000: 15092.903: Total time for which application threads were stopped: 0.0182164 seconds, Stopping threads took: 0.0000601 seconds
{Heap before GC invocations=367 (full 21):
 par new generation   total 109248K, used 109248K [0x00000000e0000000, 0x00000000e8000000, 0x00000000e8000000)
  eden space 87424K, 100% used [0x00000000e0000000, 0x00000000e5560000, 0x00000000e5560000)
  from space 21824K, 100% used [0x00000000e6ab0000, 0x00000000e8000000, 0x00000000e8000000)
  to   space 21824K,   0% used [0x00000000e5560000, 0x00000000e5560000, 0x00000000e6ab0000)
 concurrent mark-sweep generation total 393216K, used 129740K [0x00000000e8000000, 0x0000000100000000, 0x0000000100000000)
 Metaspace       used 57436K, capacity 59184K, committed 59412K, reserved 1101824K
  class space    used 6567K, capacity 6955K, committed 6976K, reserved 1048576K
2020-05-19T14:48:56.077+0000: 15093.014: [GC (Allocation Failure) 2020-05-19T14:48:56.077+0000: 15093.014: [ParNew
Desired survivor size 20112992 bytes, new threshold 8 (max 8)
- age   1:    4853960 bytes,    4853960 total
- age   2:    3011272 bytes,    7865232 total
- age   3:    2724752 bytes,   10589984 total
- age   4:    2095488 bytes,   12685472 total
- age   5:    2462104 bytes,   15147576 total
- age   6:    3551432 bytes,   18699008 total
- age   8:    3425184 bytes,   22124192 total
: 109248K->21824K(109248K), 0.0180345 secs] 238988K->161482K(502464K), 0.0181349 secs] [Times: user=0.06 sys=0.00, real=0.02 secs] 
Heap after GC invocations=368 (full 21):
 par new generation   total 109248K, used 21824K [0x00000000e0000000, 0x00000000e8000000, 0x00000000e8000000)
  eden space 87424K,   0% used [0x00000000e0000000, 0x00000000e0000000, 0x00000000e5560000)
  from space 21824K, 100% used [0x00000000e5560000, 0x00000000e6ab0000, 0x00000000e6ab0000)
  to   space 21824K,   0% used [0x00000000e6ab0000, 0x00000000e6ab0000, 0x00000000e8000000)
 concurrent mark-sweep generation total 393216K, used 139658K [0x00000000e8000000, 0x0000000100000000, 0x0000000100000000)
 Metaspace       used 57436K, capacity 59184K, committed 59412K, reserved 1101824K
  class space    used 6567K, capacity 6955K, committed 6976K, reserved 1048576K
}
2020-05-19T14:48:56.095+0000: 15093.032: Total time for which application threads were stopped: 0.0184379 seconds, Stopping threads took: 0.0000746 seconds
{Heap before GC invocations=368 (full 21):
 par new generation   total 109248K, used 109248K [0x00000000e0000000, 0x00000000e8000000, 0x00000000e8000000)
  eden space 87424K, 100% used [0x00000000e0000000, 0x00000000e5560000, 0x00000000e5560000)
  from space 21824K, 100% used [0x00000000e5560000, 0x00000000e6ab0000, 0x00000000e6ab0000)
  to   space 21824K,   0% used [0x00000000e6ab0000, 0x00000000e6ab0000, 0x00000000e8000000)
 concurrent mark-sweep generation total 393216K, used 139658K [0x00000000e8000000, 0x0000000100000000, 0x0000000100000000)
 Metaspace       used 57436K, capacity 59184K, committed 59412K, reserved 1101824K
  class space    used 6567K, capacity 6955K, committed 6976K, reserved 1048576K
2020-05-19T14:48:56.184+0000: 15093.120: [GC (Allocation Failure) 2020-05-19T14:48:56.184+0000: 15093.121: [ParNew
Desired survivor size 20112992 bytes, new threshold 7 (max 8)
- age   1:    6353456 bytes,    6353456 total
- age   2:    2695120 bytes,    9048576 total
- age   3:    2916392 bytes,   11964968 total
- age   4:    2723512 bytes,   14688480 total
- age   5:    1606160 bytes,   16294640 total
- age   6:    2456504 bytes,   18751144 total
- age   7:    3150984 bytes,   21902128 total
: 109248K->21824K(109248K), 0.0155335 secs] 248906K->166598K(502464K), 0.0155999 secs] [Times: user=0.06 sys=0.00, real=0.01 secs] 
Heap after GC invocations=369 (full 21):
 par new generation   total 109248K, used 21824K [0x00000000e0000000, 0x00000000e8000000, 0x00000000e8000000)
  eden space 87424K,   0% used [0x00000000e0000000, 0x00000000e0000000, 0x00000000e5560000)
  from space 21824K, 100% used [0x00000000e6ab0000, 0x00000000e8000000, 0x00000000e8000000)
  to   space 21824K,   0% used [0x00000000e5560000, 0x00000000e5560000, 0x00000000e6ab0000)
 concurrent mark-sweep generation total 393216K, used 144774K [0x00000000e8000000, 0x0000000100000000, 0x0000000100000000)
 Metaspace       used 57436K, capacity 59184K, committed 59412K, reserved 1101824K
  class space    used 6567K, capacity 6955K, committed 6976K, reserved 1048576K
}
2020-05-19T14:48:56.199+0000: 15093.136: Total time for which application threads were stopped: 0.0158365 seconds, Stopping threads took: 0.0000601 seconds
2020-05-19T14:48:56.983+0000: 15093.920: Total time for which application threads were stopped: 0.0001070 seconds, Stopping threads took: 0.0000378 seconds
2020-05-19T14:48:56.983+0000: 15093.920: Total time for which application threads were stopped: 0.0000986 seconds, Stopping threads took: 0.0000357 seconds
2020-05-19T14:48:56.984+0000: 15093.921: Total time for which application threads were stopped: 0.0000681 seconds, Stopping threads took: 0.0000331 seconds
2020-05-19T14:48:56.984+0000: 15093.921: Total time for which application threads were stopped: 0.0000433 seconds, Stopping threads took: 0.0000124 seconds
2020-05-19T14:48:57.984+0000: 15094.921: Total time for which application threads were stopped: 0.0001477 seconds, Stopping threads took: 0.0000552 seconds
2020-05-19T14:49:01.891+0000: 15098.828: Total time for which application threads were stopped: 0.0003154 seconds, Stopping threads took: 0.0002222 seconds
{Heap before GC invocations=369 (full 21):
 par new generation   total 109248K, used 109248K [0x00000000e0000000, 0x00000000e8000000, 0x00000000e8000000)
  eden space 87424K, 100% used [0x00000000e0000000, 0x00000000e5560000, 0x00000000e5560000)
  from space 21824K, 100% used [0x00000000e6ab0000, 0x00000000e8000000, 0x00000000e8000000)
  to   space 21824K,   0% used [0x00000000e5560000, 0x00000000e5560000, 0x00000000e6ab0000)
 concurrent mark-sweep generation total 393216K, used 144774K [0x00000000e8000000, 0x0000000100000000, 0x0000000100000000)
 Metaspace       used 57444K, capacity 59184K, committed 59412K, reserved 1101824K
  class space    used 6567K, capacity 6955K, committed 6976K, reserved 1048576K
2020-05-19T14:49:01.983+0000: 15098.920: [GC (Allocation Failure) 2020-05-19T14:49:01.983+0000: 15098.920: [ParNew
Desired survivor size 20112992 bytes, new threshold 7 (max 8)
- age   1:    5530792 bytes,    5530792 total
- age   2:    4640048 bytes,   10170840 total
- age   3:    2659936 bytes,   12830776 total
- age   4:    2547232 bytes,   15378008 total
- age   5:    2671784 bytes,   18049792 total
- age   6:    1606160 bytes,   19655952 total
- age   7:    2456504 bytes,   22112456 total
: 109248K->21824K(109248K), 0.0179678 secs] 254022K->173998K(502464K), 0.0180515 secs] [Times: user=0.06 sys=0.00, real=0.02 secs] 
Heap after GC invocations=370 (full 21):
 par new generation   total 109248K, used 21824K [0x00000000e0000000, 0x00000000e8000000, 0x00000000e8000000)
  eden space 87424K,   0% used [0x00000000e0000000, 0x00000000e0000000, 0x00000000e5560000)
  from space 21824K, 100% used [0x00000000e5560000, 0x00000000e6ab0000, 0x00000000e6ab0000)
  to   space 21824K,   0% used [0x00000000e6ab0000, 0x00000000e6ab0000, 0x00000000e8000000)
 concurrent mark-sweep generation total 393216K, used 152174K [0x00000000e8000000, 0x0000000100000000, 0x0000000100000000)
 Metaspace       used 57444K, capacity 59184K, committed 59412K, reserved 1101824K
  class space    used 6567K, capacity 6955K, committed 6976K, reserved 1048576K
}
2020-05-19T14:49:02.001+0000: 15098.938: Total time for which application threads were stopped: 0.0185203 seconds, Stopping threads took: 0.0001513 seconds
2020-05-19T14:49:02.033+0000: 15098.970: Total time for which application threads were stopped: 0.0001534 seconds, Stopping threads took: 0.0000602 seconds
{Heap before GC invocations=370 (full 21):
 par new generation   total 109248K, used 109248K [0x00000000e0000000, 0x00000000e8000000, 0x00000000e8000000)
  eden space 87424K, 100% used [0x00000000e0000000, 0x00000000e5560000, 0x00000000e5560000)
  from space 21824K, 100% used [0x00000000e5560000, 0x00000000e6ab0000, 0x00000000e6ab0000)
  to   space 21824K,   0% used [0x00000000e6ab0000, 0x00000000e6ab0000, 0x00000000e8000000)
 concurrent mark-sweep generation total 393216K, used 152174K [0x00000000e8000000, 0x0000000100000000, 0x0000000100000000)
 Metaspace       used 57444K, capacity 59184K, committed 59412K, reserved 1101824K
  class space    used 6567K, capacity 6955K, committed 6976K, reserved 1048576K
2020-05-19T14:49:02.094+0000: 15099.031: [GC (Allocation Failure) 2020-05-19T14:49:02.094+0000: 15099.031: [ParNew
Desired survivor size 20112992 bytes, new threshold 6 (max 8)
- age   1:    6162768 bytes,    6162768 total
- age   2:    1853976 bytes,    8016744 total
- age   3:    4639776 bytes,   12656520 total
- age   4:    2659936 bytes,   15316456 total
- age   5:    2545416 bytes,   17861872 total
- age   6:    2671784 bytes,   20533656 total
- age   7:    1606160 bytes,   22139816 total
: 109248K->21824K(109248K), 0.0152867 secs] 261422K->179921K(502464K), 0.0153533 secs] [Times: user=0.06 sys=0.00, real=0.01 secs] 
Heap after GC invocations=371 (full 21):
 par new generation   total 109248K, used 21824K [0x00000000e0000000, 0x00000000e8000000, 0x00000000e8000000)
  eden space 87424K,   0% used [0x00000000e0000000, 0x00000000e0000000, 0x00000000e5560000)
  from space 21824K, 100% used [0x00000000e6ab0000, 0x00000000e8000000, 0x00000000e8000000)
  to   space 21824K,   0% used [0x00000000e5560000, 0x00000000e5560000, 0x00000000e6ab0000)
 concurrent mark-sweep generation total 393216K, used 158097K [0x00000000e8000000, 0x0000000100000000, 0x0000000100000000)
 Metaspace       used 57444K, capacity 59184K, committed 59412K, reserved 1101824K
  class space    used 6567K, capacity 6955K, committed 6976K, reserved 1048576K
}
2020-05-19T14:49:02.109+0000: 15099.046: Total time for which application threads were stopped: 0.0155982 seconds, Stopping threads took: 0.0000668 seconds
{Heap before GC invocations=371 (full 21):
 par new generation   total 109248K, used 109248K [0x00000000e0000000, 0x00000000e8000000, 0x00000000e8000000)
  eden space 87424K, 100% used [0x00000000e0000000, 0x00000000e5560000, 0x00000000e5560000)
  from space 21824K, 100% used [0x00000000e6ab0000, 0x00000000e8000000, 0x00000000e8000000)
  to   space 21824K,   0% used [0x00000000e5560000, 0x00000000e5560000, 0x00000000e6ab0000)
 concurrent mark-sweep generation total 393216K, used 158097K [0x00000000e8000000, 0x0000000100000000, 0x0000000100000000)
 Metaspace       used 57444K, capacity 59184K, committed 59412K, reserved 1101824K
  class space    used 6567K, capacity 6955K, committed 6976K, reserved 1048576K
2020-05-19T14:49:02.185+0000: 15099.122: [GC (Allocation Failure) 2020-05-19T14:49:02.185+0000: 15099.122: [ParNew
Desired survivor size 20112992 bytes, new threshold 6 (max 8)
- age   1:    6325880 bytes,    6325880 total
- age   2:    4534832 bytes,   10860712 total
- age   3:    1850288 bytes,   12711000 total
- age   4:    4639776 bytes,   17350776 total
- age   5:    2361368 bytes,   19712144 total
- age   6:    2393272 bytes,   22105416 total
: 109248K->21824K(109248K), 0.0177494 secs] 267345K->190541K(502464K), 0.0178165 secs] [Times: user=0.06 sys=0.00, real=0.02 secs] 
Heap after GC invocations=372 (full 21):
 par new generation   total 109248K, used 21824K [0x00000000e0000000, 0x00000000e8000000, 0x00000000e8000000)
  eden space 87424K,   0% used [0x00000000e0000000, 0x00000000e0000000, 0x00000000e5560000)
  from space 21824K, 100% used [0x00000000e5560000, 0x00000000e6ab0000, 0x00000000e6ab0000)
  to   space 21824K,   0% used [0x00000000e6ab0000, 0x00000000e6ab0000, 0x00000000e8000000)
 concurrent mark-sweep generation total 393216K, used 168717K [0x00000000e8000000, 0x0000000100000000, 0x0000000100000000)
 Metaspace       used 57444K, capacity 59184K, committed 59412K, reserved 1101824K
  class space    used 6567K, capacity 6955K, committed 6976K, reserved 1048576K
}
2020-05-19T14:49:02.203+0000: 15099.140: Total time for which application threads were stopped: 0.0180516 seconds, Stopping threads took: 0.0000591 seconds
2020-05-19T14:49:02.788+0000: 15099.726: Total time for which application threads were stopped: 0.0002031 seconds, Stopping threads took: 0.0000820 seconds
2020-05-19T14:49:02.790+0000: 15099.727: Total time for which application threads were stopped: 0.0001323 seconds, Stopping threads took: 0.0000552 seconds
2020-05-19T14:49:02.790+0000: 15099.727: Total time for which application threads were stopped: 0.0002025 seconds, Stopping threads took: 0.0001318 seconds
2020-05-19T14:49:02.790+0000: 15099.728: Total time for which application threads were stopped: 0.0001571 seconds, Stopping threads took: 0.0001129 seconds
2020-05-19T14:49:02.790+0000: 15099.728: Total time for which application threads were stopped: 0.0000789 seconds, Stopping threads took: 0.0000356 seconds
2020-05-19T14:49:02.791+0000: 15099.728: Total time for which application threads were stopped: 0.0002750 seconds, Stopping threads took: 0.0000780 seconds
2020-05-19T14:49:03.792+0000: 15100.728: Total time for which application threads were stopped: 0.0001355 seconds, Stopping threads took: 0.0000513 seconds
2020-05-19T14:49:16.905+0000: 15113.842: Total time for which application threads were stopped: 0.0000857 seconds, Stopping threads took: 0.0000225 seconds
2020-05-19T14:49:18.775+0000: 15115.712: Total time for which application threads were stopped: 0.0002123 seconds, Stopping threads took: 0.0001173 seconds
2020-05-19T14:49:18.778+0000: 15115.714: Total time for which application threads were stopped: 0.0001888 seconds, Stopping threads took: 0.0000744 seconds
2020-05-19T14:49:18.779+0000: 15115.716: Total time for which application threads were stopped: 0.0002091 seconds, Stopping threads took: 0.0000722 seconds
{Heap before GC invocations=372 (full 21):
 par new generation   total 109248K, used 109248K [0x00000000e0000000, 0x00000000e8000000, 0x00000000e8000000)
  eden space 87424K, 100% used [0x00000000e0000000, 0x00000000e5560000, 0x00000000e5560000)
  from space 21824K, 100% used [0x00000000e5560000, 0x00000000e6ab0000, 0x00000000e6ab0000)
  to   space 21824K,   0% used [0x00000000e6ab0000, 0x00000000e6ab0000, 0x00000000e8000000)
 concurrent mark-sweep generation total 393216K, used 168717K [0x00000000e8000000, 0x0000000100000000, 0x0000000100000000)
 Metaspace       used 57448K, capacity 59184K, committed 59412K, reserved 1101824K
  class space    used 6567K, capacity 6955K, committed 6976K, reserved 1048576K
2020-05-19T14:49:18.835+0000: 15115.772: [GC (Allocation Failure) 2020-05-19T14:49:18.835+0000: 15115.772: [ParNew
Desired survivor size 20112992 bytes, new threshold 6 (max 8)
- age   1:    3480408 bytes,    3480408 total
- age   2:    5441720 bytes,    8922128 total
- age   3:    3292000 bytes,   12214128 total
- age   4:    1327320 bytes,   13541448 total
- age   5:    4636448 bytes,   18177896 total
- age   6:    2330688 bytes,   20508584 total
: 109248K->21824K(109248K), 0.0152641 secs] 277965K->198617K(502464K), 0.0153456 secs] [Times: user=0.06 sys=0.00, real=0.01 secs] 
Heap after GC invocations=373 (full 21):
 par new generation   total 109248K, used 21824K [0x00000000e0000000, 0x00000000e8000000, 0x00000000e8000000)
  eden space 87424K,   0% used [0x00000000e0000000, 0x00000000e0000000, 0x00000000e5560000)
  from space 21824K, 100% used [0x00000000e6ab0000, 0x00000000e8000000, 0x00000000e8000000)
  to   space 21824K,   0% used [0x00000000e5560000, 0x00000000e5560000, 0x00000000e6ab0000)
 concurrent mark-sweep generation total 393216K, used 176793K [0x00000000e8000000, 0x0000000100000000, 0x0000000100000000)
 Metaspace       used 57448K, capacity 59184K, committed 59412K, reserved 1101824K
  class space    used 6567K, capacity 6955K, committed 6976K, reserved 1048576K
}
2020-05-19T14:49:18.850+0000: 15115.788: Total time for which application threads were stopped: 0.0156289 seconds, Stopping threads took: 0.0001042 seconds
2020-05-19T14:49:18.938+0000: 15115.875: Total time for which application threads were stopped: 0.0001794 seconds, Stopping threads took: 0.0000942 seconds
{Heap before GC invocations=373 (full 21):
 par new generation   total 109248K, used 109248K [0x00000000e0000000, 0x00000000e8000000, 0x00000000e8000000)
  eden space 87424K, 100% used [0x00000000e0000000, 0x00000000e5560000, 0x00000000e5560000)
  from space 21824K, 100% used [0x00000000e6ab0000, 0x00000000e8000000, 0x00000000e8000000)
  to   space 21824K,   0% used [0x00000000e5560000, 0x00000000e5560000, 0x00000000e6ab0000)
 concurrent mark-sweep generation total 393216K, used 176793K [0x00000000e8000000, 0x0000000100000000, 0x0000000100000000)
 Metaspace       used 57448K, capacity 59184K, committed 59412K, reserved 1101824K
  class space    used 6567K, capacity 6955K, committed 6976K, reserved 1048576K
2020-05-19T14:49:18.964+0000: 15115.901: [GC (Allocation Failure) 2020-05-19T14:49:18.964+0000: 15115.901: [ParNew
Desired survivor size 20112992 bytes, new threshold 6 (max 8)
- age   1:    4158976 bytes,    4158976 total
- age   2:    2105960 bytes,    6264936 total
- age   3:    5439712 bytes,   11704648 total
- age   4:    3286072 bytes,   14990720 total
- age   5:    1292208 bytes,   16282928 total
- age   6:    4635808 bytes,   20918736 total
: 109248K->21824K(109248K), 0.0167337 secs] 286041K->206968K(502464K), 0.0168003 secs] [Times: user=0.06 sys=0.00, real=0.02 secs] 
Heap after GC invocations=374 (full 21):
 par new generation   total 109248K, used 21824K [0x00000000e0000000, 0x00000000e8000000, 0x00000000e8000000)
  eden space 87424K,   0% used [0x00000000e0000000, 0x00000000e0000000, 0x00000000e5560000)
  from space 21824K, 100% used [0x00000000e5560000, 0x00000000e6ab0000, 0x00000000e6ab0000)
  to   space 21824K,   0% used [0x00000000e6ab0000, 0x00000000e6ab0000, 0x00000000e8000000)
 concurrent mark-sweep generation total 393216K, used 185144K [0x00000000e8000000, 0x0000000100000000, 0x0000000100000000)
 Metaspace       used 57448K, capacity 59184K, committed 59412K, reserved 1101824K
  class space    used 6567K, capacity 6955K, committed 6976K, reserved 1048576K
}
2020-05-19T14:49:18.981+0000: 15115.918: Total time for which application threads were stopped: 0.0170674 seconds, Stopping threads took: 0.0000912 seconds
{Heap before GC invocations=374 (full 21):
 par new generation   total 109248K, used 109248K [0x00000000e0000000, 0x00000000e8000000, 0x00000000e8000000)
  eden space 87424K, 100% used [0x00000000e0000000, 0x00000000e5560000, 0x00000000e5560000)
  from space 21824K, 100% used [0x00000000e5560000, 0x00000000e6ab0000, 0x00000000e6ab0000)
  to   space 21824K,   0% used [0x00000000e6ab0000, 0x00000000e6ab0000, 0x00000000e8000000)
 concurrent mark-sweep generation total 393216K, used 185144K [0x00000000e8000000, 0x0000000100000000, 0x0000000100000000)
 Metaspace       used 57448K, capacity 59184K, committed 59412K, reserved 1101824K
  class space    used 6567K, capacity 6955K, committed 6976K, reserved 1048576K
2020-05-19T14:49:19.062+0000: 15115.998: [GC (Allocation Failure) 2020-05-19T14:49:19.062+0000: 15115.999: [ParNew
Desired survivor size 20112992 bytes, new threshold 5 (max 8)
- age   1:    6191960 bytes,    6191960 total
- age   2:    3901360 bytes,   10093320 total
- age   3:    2104992 bytes,   12198312 total
- age   4:    5439712 bytes,   17638024 total
- age   5:    3286072 bytes,   20924096 total
- age   6:    1292208 bytes,   22216304 total
: 109248K->21824K(109248K), 0.0171977 secs] 294392K->216201K(502464K), 0.0172668 secs] [Times: user=0.06 sys=0.00, real=0.02 secs] 
Heap after GC invocations=375 (full 21):
 par new generation   total 109248K, used 21824K [0x00000000e0000000, 0x00000000e8000000, 0x00000000e8000000)
  eden space 87424K,   0% used [0x00000000e0000000, 0x00000000e0000000, 0x00000000e5560000)
  from space 21824K, 100% used [0x00000000e6ab0000, 0x00000000e8000000, 0x00000000e8000000)
  to   space 21824K,   0% used [0x00000000e5560000, 0x00000000e5560000, 0x00000000e6ab0000)
 concurrent mark-sweep generation total 393216K, used 194377K [0x00000000e8000000, 0x0000000100000000, 0x0000000100000000)
 Metaspace       used 57448K, capacity 59184K, committed 59412K, reserved 1101824K
  class space    used 6567K, capacity 6955K, committed 6976K, reserved 1048576K
}
2020-05-19T14:49:19.079+0000: 15116.016: Total time for which application threads were stopped: 0.0175647 seconds, Stopping threads took: 0.0000645 seconds
{Heap before GC invocations=375 (full 21):
 par new generation   total 109248K, used 109248K [0x00000000e0000000, 0x00000000e8000000, 0x00000000e8000000)
  eden space 87424K, 100% used [0x00000000e0000000, 0x00000000e5560000, 0x00000000e5560000)
  from space 21824K, 100% used [0x00000000e6ab0000, 0x00000000e8000000, 0x00000000e8000000)
  to   space 21824K,   0% used [0x00000000e5560000, 0x00000000e5560000, 0x00000000e6ab0000)
 concurrent mark-sweep generation total 393216K, used 194377K [0x00000000e8000000, 0x0000000100000000, 0x0000000100000000)
 Metaspace       used 57448K, capacity 59184K, committed 59412K, reserved 1101824K
  class space    used 6567K, capacity 6955K, committed 6976K, reserved 1048576K
2020-05-19T14:49:19.159+0000: 15116.095: [GC (Allocation Failure) 2020-05-19T14:49:19.159+0000: 15116.095: [ParNew
Desired survivor size 20112992 bytes, new threshold 5 (max 8)
- age   1:    7196000 bytes,    7196000 total
- age   2:    3348144 bytes,   10544144 total
- age   3:    3900976 bytes,   14445120 total
- age   4:    2102496 bytes,   16547616 total
- age   5:    4886216 bytes,   21433832 total
: 109248K->21824K(109248K), 0.0164062 secs] 303625K->224845K(502464K), 0.0164805 secs] [Times: user=0.06 sys=0.00, real=0.02 secs] 
Heap after GC invocations=376 (full 21):
 par new generation   total 109248K, used 21824K [0x00000000e0000000, 0x00000000e8000000, 0x00000000e8000000)
  eden space 87424K,   0% used [0x00000000e0000000, 0x00000000e0000000, 0x00000000e5560000)
  from space 21824K, 100% used [0x00000000e5560000, 0x00000000e6ab0000, 0x00000000e6ab0000)
  to   space 21824K,   0% used [0x00000000e6ab0000, 0x00000000e6ab0000, 0x00000000e8000000)
 concurrent mark-sweep generation total 393216K, used 203021K [0x00000000e8000000, 0x0000000100000000, 0x0000000100000000)
 Metaspace       used 57448K, capacity 59184K, committed 59412K, reserved 1101824K
  class space    used 6567K, capacity 6955K, committed 6976K, reserved 1048576K
}
2020-05-19T14:49:19.175+0000: 15116.112: Total time for which application threads were stopped: 0.0167234 seconds, Stopping threads took: 0.0000623 seconds
2020-05-19T14:49:19.175+0000: 15116.112: [GC (CMS Initial Mark) [1 CMS-initial-mark: 203021K(393216K)] 226228K(502464K), 0.0044339 secs] [Times: user=0.02 sys=0.00, real=0.01 secs] 
2020-05-19T14:49:19.180+0000: 15116.116: Total time for which application threads were stopped: 0.0046196 seconds, Stopping threads took: 0.0000853 seconds
2020-05-19T14:49:19.180+0000: 15116.116: [CMS-concurrent-mark-start]
2020-05-19T14:49:19.202+0000: 15116.139: [CMS-concurrent-mark: 0.022/0.022 secs] [Times: user=0.06 sys=0.00, real=0.02 secs] 
2020-05-19T14:49:19.202+0000: 15116.139: [CMS-concurrent-preclean-start]
2020-05-19T14:49:19.204+0000: 15116.140: [CMS-concurrent-preclean: 0.001/0.001 secs] [Times: user=0.00 sys=0.00, real=0.00 secs] 
2020-05-19T14:49:19.204+0000: 15116.140: [CMS-concurrent-abortable-preclean-start]
2020-05-19T14:49:20.061+0000: 15116.999: Total time for which application threads were stopped: 0.0001438 seconds, Stopping threads took: 0.0000511 seconds
2020-05-19T14:49:20.062+0000: 15116.999: Total time for which application threads were stopped: 0.0001162 seconds, Stopping threads took: 0.0000440 seconds
2020-05-19T14:49:20.071+0000: 15117.008: Total time for which application threads were stopped: 0.0001331 seconds, Stopping threads took: 0.0000658 seconds
2020-05-19T14:49:20.071+0000: 15117.008: Total time for which application threads were stopped: 0.0000860 seconds, Stopping threads took: 0.0000320 seconds
2020-05-19T14:49:20.071+0000: 15117.008: Total time for which application threads were stopped: 0.0001189 seconds, Stopping threads took: 0.0000386 seconds
 CMS: abort preclean due to time 2020-05-19T14:49:25.279+0000: 15122.216: [CMS-concurrent-abortable-preclean: 2.462/6.076 secs] [Times: user=8.45 sys=0.00, real=6.08 secs] 
2020-05-19T14:49:25.279+0000: 15122.216: [GC (CMS Final Remark) [YG occupancy: 34460 K (109248 K)]{Heap before GC invocations=376 (full 22):
 par new generation   total 109248K, used 34460K [0x00000000e0000000, 0x00000000e8000000, 0x00000000e8000000)
  eden space 87424K,  14% used [0x00000000e0000000, 0x00000000e0c57110, 0x00000000e5560000)
  from space 21824K, 100% used [0x00000000e5560000, 0x00000000e6ab0000, 0x00000000e6ab0000)
  to   space 21824K,   0% used [0x00000000e6ab0000, 0x00000000e6ab0000, 0x00000000e8000000)
 concurrent mark-sweep generation total 393216K, used 203021K [0x00000000e8000000, 0x0000000100000000, 0x0000000100000000)
 Metaspace       used 57450K, capacity 59184K, committed 59412K, reserved 1101824K
  class space    used 6567K, capacity 6955K, committed 6976K, reserved 1048576K
2020-05-19T14:49:25.279+0000: 15122.216: [GC (CMS Final Remark) 2020-05-19T14:49:25.279+0000: 15122.216: [ParNew
Desired survivor size 20112992 bytes, new threshold 8 (max 8)
- age   1:     170552 bytes,     170552 total
- age   2:    5714424 bytes,    5884976 total
- age   3:    3167592 bytes,    9052568 total
- age   4:    3702824 bytes,   12755392 total
- age   5:    2045432 bytes,   14800824 total
: 34460K->21043K(109248K), 0.0121022 secs] 237481K->228860K(502464K), 0.0121500 secs] [Times: user=0.06 sys=0.00, real=0.01 secs] 
Heap after GC invocations=377 (full 22):
 par new generation   total 109248K, used 21043K [0x00000000e0000000, 0x00000000e8000000, 0x00000000e8000000)
  eden space 87424K,   0% used [0x00000000e0000000, 0x00000000e0000000, 0x00000000e5560000)
  from space 21824K,  96% used [0x00000000e6ab0000, 0x00000000e7f3cc40, 0x00000000e8000000)
  to   space 21824K,   0% used [0x00000000e5560000, 0x00000000e5560000, 0x00000000e6ab0000)
 concurrent mark-sweep generation total 393216K, used 207817K [0x00000000e8000000, 0x0000000100000000, 0x0000000100000000)
 Metaspace       used 57450K, capacity 59184K, committed 59412K, reserved 1101824K
  class space    used 6567K, capacity 6955K, committed 6976K, reserved 1048576K
}
2020-05-19T14:49:25.291+0000: 15122.228: [Rescan (parallel) , 0.0045548 secs]2020-05-19T14:49:25.296+0000: 15122.233: [weak refs processing, 0.0045581 secs]2020-05-19T14:49:25.300+0000: 15122.238: [class unloading, 0.0113115 secs]2020-05-19T14:49:25.312+0000: 15122.249: [scrub symbol table, 0.0090845 secs]2020-05-19T14:49:25.321+0000: 15122.258: [scrub string table, 0.0005797 secs][1 CMS-remark: 207817K(393216K)] 228860K(502464K), 0.0428432 secs] [Times: user=0.09 sys=0.00, real=0.04 secs] 
2020-05-19T14:49:25.322+0000: 15122.259: Total time for which application threads were stopped: 0.0430200 seconds, Stopping threads took: 0.0000790 seconds
2020-05-19T14:49:25.323+0000: 15122.259: [CMS-concurrent-sweep-start]
2020-05-19T14:49:25.323+0000: 15122.260: Total time for which application threads were stopped: 0.0002520 seconds, Stopping threads took: 0.0001948 seconds
2020-05-19T14:49:25.323+0000: 15122.260: Total time for which application threads were stopped: 0.0000477 seconds, Stopping threads took: 0.0000129 seconds
2020-05-19T14:49:25.324+0000: 15122.261: Total time for which application threads were stopped: 0.0000708 seconds, Stopping threads took: 0.0000264 seconds
2020-05-19T14:49:25.324+0000: 15122.261: Total time for which application threads were stopped: 0.0000478 seconds, Stopping threads took: 0.0000143 seconds
2020-05-19T14:49:25.324+0000: 15122.261: Total time for which application threads were stopped: 0.0000666 seconds, Stopping threads took: 0.0000358 seconds
2020-05-19T14:49:25.324+0000: 15122.261: Total time for which application threads were stopped: 0.0000354 seconds, Stopping threads took: 0.0000109 seconds
2020-05-19T14:49:25.324+0000: 15122.261: Total time for which application threads were stopped: 0.0000717 seconds, Stopping threads took: 0.0000362 seconds
2020-05-19T14:49:25.324+0000: 15122.261: Total time for which application threads were stopped: 0.0000388 seconds, Stopping threads took: 0.0000094 seconds
2020-05-19T14:49:25.324+0000: 15122.261: Total time for which application threads were stopped: 0.0000710 seconds, Stopping threads took: 0.0000302 seconds
2020-05-19T14:49:25.324+0000: 15122.261: Total time for which application threads were stopped: 0.0000342 seconds, Stopping threads took: 0.0000095 seconds
2020-05-19T14:49:25.325+0000: 15122.262: Total time for which application threads were stopped: 0.0000651 seconds, Stopping threads took: 0.0000360 seconds
2020-05-19T14:49:25.325+0000: 15122.262: Total time for which application threads were stopped: 0.0000387 seconds, Stopping threads took: 0.0000143 seconds
2020-05-19T14:49:25.379+0000: 15122.316: [CMS-concurrent-sweep: 0.055/0.057 secs] [Times: user=0.09 sys=0.00, real=0.06 secs] 
2020-05-19T14:49:25.379+0000: 15122.316: [CMS-concurrent-reset-start]
2020-05-19T14:49:25.379+0000: 15122.316: [CMS-concurrent-reset: 0.000/0.000 secs] [Times: user=0.00 sys=0.00, real=0.00 secs] 
2020-05-19T14:49:33.795+0000: 15130.732: Total time for which application threads were stopped: 0.0000851 seconds, Stopping threads took: 0.0000222 seconds
2020-05-19T14:50:18.604+0000: 15175.541: Total time for which application threads were stopped: 0.0002898 seconds, Stopping threads took: 0.0001974 seconds
2020-05-19T14:50:18.607+0000: 15175.544: Total time for which application threads were stopped: 0.0003281 seconds, Stopping threads took: 0.0000316 seconds
2020-05-19T14:50:18.743+0000: 15175.679: Total time for which application threads were stopped: 0.0001937 seconds, Stopping threads took: 0.0000568 seconds
{Heap before GC invocations=377 (full 22):
 par new generation   total 109248K, used 108467K [0x00000000e0000000, 0x00000000e8000000, 0x00000000e8000000)
  eden space 87424K, 100% used [0x00000000e0000000, 0x00000000e5560000, 0x00000000e5560000)
  from space 21824K,  96% used [0x00000000e6ab0000, 0x00000000e7f3cc40, 0x00000000e8000000)
  to   space 21824K,   0% used [0x00000000e5560000, 0x00000000e5560000, 0x00000000e6ab0000)
 concurrent mark-sweep generation total 393216K, used 78207K [0x00000000e8000000, 0x0000000100000000, 0x0000000100000000)
 Metaspace       used 57452K, capacity 59184K, committed 59412K, reserved 1101824K
  class space    used 6567K, capacity 6955K, committed 6976K, reserved 1048576K
2020-05-19T14:50:18.747+0000: 15175.683: [GC (Allocation Failure) 2020-05-19T14:50:18.747+0000: 15175.683: [ParNew
Desired survivor size 20112992 bytes, new threshold 6 (max 8)
- age   1:    6235656 bytes,    6235656 total
- age   2:      84576 bytes,    6320232 total
- age   3:    5710056 bytes,   12030288 total
- age   4:    3167256 bytes,   15197544 total
- age   5:    3261224 bytes,   18458768 total
- age   6:    2014440 bytes,   20473208 total
: 108467K->21824K(109248K), 0.0135245 secs] 186674K->101805K(502464K), 0.0135994 secs] [Times: user=0.06 sys=0.00, real=0.01 secs] 
Heap after GC invocations=378 (full 22):
 par new generation   total 109248K, used 21824K [0x00000000e0000000, 0x00000000e8000000, 0x00000000e8000000)
  eden space 87424K,   0% used [0x00000000e0000000, 0x00000000e0000000, 0x00000000e5560000)
  from space 21824K, 100% used [0x00000000e5560000, 0x00000000e6ab0000, 0x00000000e6ab0000)
  to   space 21824K,   0% used [0x00000000e6ab0000, 0x00000000e6ab0000, 0x00000000e8000000)
 concurrent mark-sweep generation total 393216K, used 79981K [0x00000000e8000000, 0x0000000100000000, 0x0000000100000000)
 Metaspace       used 57452K, capacity 59184K, committed 59412K, reserved 1101824K
  class space    used 6567K, capacity 6955K, committed 6976K, reserved 1048576K
}
2020-05-19T14:50:18.760+0000: 15175.697: Total time for which application threads were stopped: 0.0139660 seconds, Stopping threads took: 0.0000898 seconds
{Heap before GC invocations=378 (full 22):
 par new generation   total 109248K, used 109248K [0x00000000e0000000, 0x00000000e8000000, 0x00000000e8000000)
  eden space 87424K, 100% used [0x00000000e0000000, 0x00000000e5560000, 0x00000000e5560000)
  from space 21824K, 100% used [0x00000000e5560000, 0x00000000e6ab0000, 0x00000000e6ab0000)
  to   space 21824K,   0% used [0x00000000e6ab0000, 0x00000000e6ab0000, 0x00000000e8000000)
 concurrent mark-sweep generation total 393216K, used 79981K [0x00000000e8000000, 0x0000000100000000, 0x0000000100000000)
 Metaspace       used 57452K, capacity 59184K, committed 59412K, reserved 1101824K
  class space    used 6567K, capacity 6955K, committed 6976K, reserved 1048576K
2020-05-19T14:50:18.857+0000: 15175.794: [GC (Allocation Failure) 2020-05-19T14:50:18.857+0000: 15175.794: [ParNew
Desired survivor size 20112992 bytes, new threshold 6 (max 8)
- age   1:    6585008 bytes,    6585008 total
- age   2:    3530240 bytes,   10115248 total
- age   3:      84576 bytes,   10199824 total
- age   4:    5710056 bytes,   15909880 total
- age   5:    3167256 bytes,   19077136 total
- age   6:    3261224 bytes,   22338360 total
: 109248K->21824K(109248K), 0.0193277 secs] 189229K->109690K(502464K), 0.0194461 secs] [Times: user=0.06 sys=0.00, real=0.02 secs] 
Heap after GC invocations=379 (full 22):
 par new generation   total 109248K, used 21824K [0x00000000e0000000, 0x00000000e8000000, 0x00000000e8000000)
  eden space 87424K,   0% used [0x00000000e0000000, 0x00000000e0000000, 0x00000000e5560000)
  from space 21824K, 100% used [0x00000000e6ab0000, 0x00000000e8000000, 0x00000000e8000000)
  to   space 21824K,   0% used [0x00000000e5560000, 0x00000000e5560000, 0x00000000e6ab0000)
 concurrent mark-sweep generation total 393216K, used 87866K [0x00000000e8000000, 0x0000000100000000, 0x0000000100000000)
 Metaspace       used 57452K, capacity 59184K, committed 59412K, reserved 1101824K
  class space    used 6567K, capacity 6955K, committed 6976K, reserved 1048576K
}
2020-05-19T14:50:18.876+0000: 15175.814: Total time for which application threads were stopped: 0.0196864 seconds, Stopping threads took: 0.0000566 seconds
{Heap before GC invocations=379 (full 22):
 par new generation   total 109248K, used 109248K [0x00000000e0000000, 0x00000000e8000000, 0x00000000e8000000)
  eden space 87424K, 100% used [0x00000000e0000000, 0x00000000e5560000, 0x00000000e5560000)
  from space 21824K, 100% used [0x00000000e6ab0000, 0x00000000e8000000, 0x00000000e8000000)
  to   space 21824K,   0% used [0x00000000e5560000, 0x00000000e5560000, 0x00000000e6ab0000)
 concurrent mark-sweep generation total 393216K, used 87866K [0x00000000e8000000, 0x0000000100000000, 0x0000000100000000)
 Metaspace       used 57452K, capacity 59184K, committed 59412K, reserved 1101824K
  class space    used 6567K, capacity 6955K, committed 6976K, reserved 1048576K
2020-05-19T14:50:18.967+0000: 15175.904: [GC (Allocation Failure) 2020-05-19T14:50:18.967+0000: 15175.904: [ParNew
Desired survivor size 20112992 bytes, new threshold 6 (max 8)
- age   1:    4727392 bytes,    4727392 total
- age   2:    4440056 bytes,    9167448 total
- age   3:    3420832 bytes,   12588280 total
- age   4:      79480 bytes,   12667760 total
- age   5:    5087248 bytes,   17755008 total
- age   6:    3075248 bytes,   20830256 total
: 109248K->21824K(109248K), 0.0185324 secs] 197114K->115752K(502464K), 0.0186066 secs] [Times: user=0.06 sys=0.00, real=0.02 secs] 
Heap after GC invocations=380 (full 22):
 par new generation   total 109248K, used 21824K [0x00000000e0000000, 0x00000000e8000000, 0x00000000e8000000)
  eden space 87424K,   0% used [0x00000000e0000000, 0x00000000e0000000, 0x00000000e5560000)
  from space 21824K, 100% used [0x00000000e5560000, 0x00000000e6ab0000, 0x00000000e6ab0000)
  to   space 21824K,   0% used [0x00000000e6ab0000, 0x00000000e6ab0000, 0x00000000e8000000)
 concurrent mark-sweep generation total 393216K, used 93928K [0x00000000e8000000, 0x0000000100000000, 0x0000000100000000)
 Metaspace       used 57452K, capacity 59184K, committed 59412K, reserved 1101824K
  class space    used 6567K, capacity 6955K, committed 6976K, reserved 1048576K
}
2020-05-19T14:50:18.986+0000: 15175.923: Total time for which application threads were stopped: 0.0190115 seconds, Stopping threads took: 0.0001286 seconds
2020-05-19T14:50:19.683+0000: 15176.620: Total time for which application threads were stopped: 0.0001476 seconds, Stopping threads took: 0.0000559 seconds
2020-05-19T14:50:19.683+0000: 15176.620: Total time for which application threads were stopped: 0.0000884 seconds, Stopping threads took: 0.0000351 seconds
2020-05-19T14:50:19.684+0000: 15176.621: Total time for which application threads were stopped: 0.0001381 seconds, Stopping threads took: 0.0000425 seconds
2020-05-19T14:50:19.684+0000: 15176.621: Total time for which application threads were stopped: 0.0001222 seconds, Stopping threads took: 0.0000645 seconds
2020-05-19T14:50:19.685+0000: 15176.622: Total time for which application threads were stopped: 0.0001061 seconds, Stopping threads took: 0.0000376 seconds
2020-05-19T14:50:19.685+0000: 15176.622: Total time for which application threads were stopped: 0.0000783 seconds, Stopping threads took: 0.0000252 seconds
2020-05-19T14:50:19.685+0000: 15176.622: Total time for which application threads were stopped: 0.0000800 seconds, Stopping threads took: 0.0000324 seconds
2020-05-19T14:50:19.685+0000: 15176.622: Total time for which application threads were stopped: 0.0000761 seconds, Stopping threads took: 0.0000344 seconds
2020-05-19T14:50:19.685+0000: 15176.622: Total time for which application threads were stopped: 0.0000742 seconds, Stopping threads took: 0.0000319 seconds
2020-05-19T14:50:24.932+0000: 15181.870: Total time for which application threads were stopped: 0.0002057 seconds, Stopping threads took: 0.0001410 seconds
2020-05-19T14:50:24.935+0000: 15181.872: Total time for which application threads were stopped: 0.0001375 seconds, Stopping threads took: 0.0000507 seconds
{Heap before GC invocations=380 (full 22):
 par new generation   total 109248K, used 109248K [0x00000000e0000000, 0x00000000e8000000, 0x00000000e8000000)
  eden space 87424K, 100% used [0x00000000e0000000, 0x00000000e5560000, 0x00000000e5560000)
  from space 21824K, 100% used [0x00000000e5560000, 0x00000000e6ab0000, 0x00000000e6ab0000)
  to   space 21824K,   0% used [0x00000000e6ab0000, 0x00000000e6ab0000, 0x00000000e8000000)
 concurrent mark-sweep generation total 393216K, used 93928K [0x00000000e8000000, 0x0000000100000000, 0x0000000100000000)
 Metaspace       used 57452K, capacity 59184K, committed 59412K, reserved 1101824K
  class space    used 6567K, capacity 6955K, committed 6976K, reserved 1048576K
2020-05-19T14:50:25.009+0000: 15181.946: [GC (Allocation Failure) 2020-05-19T14:50:25.009+0000: 15181.946: [ParNew
Desired survivor size 20112992 bytes, new threshold 6 (max 8)
- age   1:    5983792 bytes,    5983792 total
- age   2:    4055512 bytes,   10039304 total
- age   3:    4312232 bytes,   14351536 total
- age   4:    2869480 bytes,   17221016 total
- age   5:      35840 bytes,   17256856 total
- age   6:    5087248 bytes,   22344104 total
: 109248K->21824K(109248K), 0.0178240 secs] 203176K->122839K(502464K), 0.0181787 secs] [Times: user=0.06 sys=0.00, real=0.02 secs] 
Heap after GC invocations=381 (full 22):
 par new generation   total 109248K, used 21824K [0x00000000e0000000, 0x00000000e8000000, 0x00000000e8000000)
  eden space 87424K,   0% used [0x00000000e0000000, 0x00000000e0000000, 0x00000000e5560000)
  from space 21824K, 100% used [0x00000000e6ab0000, 0x00000000e8000000, 0x00000000e8000000)
  to   space 21824K,   0% used [0x00000000e5560000, 0x00000000e5560000, 0x00000000e6ab0000)
 concurrent mark-sweep generation total 393216K, used 101015K [0x00000000e8000000, 0x0000000100000000, 0x0000000100000000)
 Metaspace       used 57452K, capacity 59184K, committed 59412K, reserved 1101824K
  class space    used 6567K, capacity 6955K, committed 6976K, reserved 1048576K
}
2020-05-19T14:50:25.027+0000: 15181.964: Total time for which application threads were stopped: 0.0185152 seconds, Stopping threads took: 0.0000914 seconds
2020-05-19T14:50:25.057+0000: 15181.994: Total time for which application threads were stopped: 0.0001779 seconds, Stopping threads took: 0.0000849 seconds
{Heap before GC invocations=381 (full 22):
 par new generation   total 109248K, used 109248K [0x00000000e0000000, 0x00000000e8000000, 0x00000000e8000000)
  eden space 87424K, 100% used [0x00000000e0000000, 0x00000000e5560000, 0x00000000e5560000)
  from space 21824K, 100% used [0x00000000e6ab0000, 0x00000000e8000000, 0x00000000e8000000)
  to   space 21824K,   0% used [0x00000000e5560000, 0x00000000e5560000, 0x00000000e6ab0000)
 concurrent mark-sweep generation total 393216K, used 101015K [0x00000000e8000000, 0x0000000100000000, 0x0000000100000000)
 Metaspace       used 57452K, capacity 59184K, committed 59412K, reserved 1101824K
  class space    used 6567K, capacity 6955K, committed 6976K, reserved 1048576K
2020-05-19T14:50:25.112+0000: 15182.049: [GC (Allocation Failure) 2020-05-19T14:50:25.112+0000: 15182.049: [ParNew
Desired survivor size 20112992 bytes, new threshold 5 (max 8)
- age   1:    6039576 bytes,    6039576 total
- age   2:    3571744 bytes,    9611320 total
- age   3:    3983136 bytes,   13594456 total
- age   4:    4312232 bytes,   17906688 total
- age   5:    2869360 bytes,   20776048 total
- age   6:      35760 bytes,   20811808 total
: 109248K->21824K(109248K), 0.0169547 secs] 210263K->133703K(502464K), 0.0170786 secs] [Times: user=0.06 sys=0.00, real=0.02 secs] 
Heap after GC invocations=382 (full 22):
 par new generation   total 109248K, used 21824K [0x00000000e0000000, 0x00000000e8000000, 0x00000000e8000000)
  eden space 87424K,   0% used [0x00000000e0000000, 0x00000000e0000000, 0x00000000e5560000)
  from space 21824K, 100% used [0x00000000e5560000, 0x00000000e6ab0000, 0x00000000e6ab0000)
  to   space 21824K,   0% used [0x00000000e6ab0000, 0x00000000e6ab0000, 0x00000000e8000000)
 concurrent mark-sweep generation total 393216K, used 111879K [0x00000000e8000000, 0x0000000100000000, 0x0000000100000000)
 Metaspace       used 57452K, capacity 59184K, committed 59412K, reserved 1101824K
  class space    used 6567K, capacity 6955K, committed 6976K, reserved 1048576K
}
2020-05-19T14:50:25.130+0000: 15182.066: Total time for which application threads were stopped: 0.0173617 seconds, Stopping threads took: 0.0000937 seconds
{Heap before GC invocations=382 (full 22):
 par new generation   total 109248K, used 109248K [0x00000000e0000000, 0x00000000e8000000, 0x00000000e8000000)
  eden space 87424K, 100% used [0x00000000e0000000, 0x00000000e5560000, 0x00000000e5560000)
  from space 21824K, 100% used [0x00000000e5560000, 0x00000000e6ab0000, 0x00000000e6ab0000)
  to   space 21824K,   0% used [0x00000000e6ab0000, 0x00000000e6ab0000, 0x00000000e8000000)
 concurrent mark-sweep generation total 393216K, used 111879K [0x00000000e8000000, 0x0000000100000000, 0x0000000100000000)
 Metaspace       used 57452K, capacity 59184K, committed 59412K, reserved 1101824K
  class space    used 6567K, capacity 6955K, committed 6976K, reserved 1048576K
2020-05-19T14:50:25.209+0000: 15182.146: [GC (Allocation Failure) 2020-05-19T14:50:25.209+0000: 15182.146: [ParNew
Desired survivor size 20112992 bytes, new threshold 5 (max 8)
- age   1:    6489368 bytes,    6489368 total
- age   2:    3961184 bytes,   10450552 total
- age   3:    3571696 bytes,   14022248 total
- age   4:    3983136 bytes,   18005384 total
- age   5:    4312232 bytes,   22317616 total
: 109248K->21824K(109248K), 0.0188252 secs] 221127K->142962K(502464K), 0.0188898 secs] [Times: user=0.09 sys=0.00, real=0.02 secs] 
Heap after GC invocations=383 (full 22):
 par new generation   total 109248K, used 21824K [0x00000000e0000000, 0x00000000e8000000, 0x00000000e8000000)
  eden space 87424K,   0% used [0x00000000e0000000, 0x00000000e0000000, 0x00000000e5560000)
  from space 21824K, 100% used [0x00000000e6ab0000, 0x00000000e8000000, 0x00000000e8000000)
  to   space 21824K,   0% used [0x00000000e5560000, 0x00000000e5560000, 0x00000000e6ab0000)
 concurrent mark-sweep generation total 393216K, used 121138K [0x00000000e8000000, 0x0000000100000000, 0x0000000100000000)
 Metaspace       used 57452K, capacity 59184K, committed 59412K, reserved 1101824K
  class space    used 6567K, capacity 6955K, committed 6976K, reserved 1048576K
}
2020-05-19T14:50:25.228+0000: 15182.165: Total time for which application threads were stopped: 0.0191254 seconds, Stopping threads took: 0.0000581 seconds
2020-05-19T14:50:25.890+0000: 15182.827: Total time for which application threads were stopped: 0.0001318 seconds, Stopping threads took: 0.0000462 seconds
2020-05-19T14:50:25.890+0000: 15182.828: Total time for which application threads were stopped: 0.0000924 seconds, Stopping threads took: 0.0000297 seconds
2020-05-19T14:50:25.891+0000: 15182.828: Total time for which application threads were stopped: 0.0001176 seconds, Stopping threads took: 0.0000612 seconds
2020-05-19T14:50:25.891+0000: 15182.828: Total time for which application threads were stopped: 0.0001104 seconds, Stopping threads took: 0.0000673 seconds
2020-05-19T14:50:25.891+0000: 15182.828: Total time for which application threads were stopped: 0.0000527 seconds, Stopping threads took: 0.0000144 seconds
2020-05-19T14:50:26.328+0000: 15183.265: Total time for which application threads were stopped: 0.0001996 seconds, Stopping threads took: 0.0001294 seconds
2020-05-19T14:50:26.332+0000: 15183.268: Total time for which application threads were stopped: 0.0002229 seconds, Stopping threads took: 0.0001199 seconds
{Heap before GC invocations=383 (full 22):
 par new generation   total 109248K, used 109248K [0x00000000e0000000, 0x00000000e8000000, 0x00000000e8000000)
  eden space 87424K, 100% used [0x00000000e0000000, 0x00000000e5560000, 0x00000000e5560000)
  from space 21824K, 100% used [0x00000000e6ab0000, 0x00000000e8000000, 0x00000000e8000000)
  to   space 21824K,   0% used [0x00000000e5560000, 0x00000000e5560000, 0x00000000e6ab0000)
 concurrent mark-sweep generation total 393216K, used 121138K [0x00000000e8000000, 0x0000000100000000, 0x0000000100000000)
 Metaspace       used 57453K, capacity 59184K, committed 59412K, reserved 1101824K
  class space    used 6567K, capacity 6955K, committed 6976K, reserved 1048576K
2020-05-19T14:50:26.379+0000: 15183.316: [GC (Allocation Failure) 2020-05-19T14:50:26.379+0000: 15183.316: [ParNew
Desired survivor size 20112992 bytes, new threshold 5 (max 8)
- age   1:    6048296 bytes,    6048296 total
- age   2:    4683976 bytes,   10732272 total
- age   3:    3657952 bytes,   14390224 total
- age   4:    3352344 bytes,   17742568 total
- age   5:    3983136 bytes,   21725704 total
: 109248K->21824K(109248K), 0.0137569 secs] 230386K->149053K(502464K), 0.0138206 secs] [Times: user=0.06 sys=0.00, real=0.01 secs] 
Heap after GC invocations=384 (full 22):
 par new generation   total 109248K, used 21824K [0x00000000e0000000, 0x00000000e8000000, 0x00000000e8000000)
  eden space 87424K,   0% used [0x00000000e0000000, 0x00000000e0000000, 0x00000000e5560000)
  from space 21824K, 100% used [0x00000000e5560000, 0x00000000e6ab0000, 0x00000000e6ab0000)
  to   space 21824K,   0% used [0x00000000e6ab0000, 0x00000000e6ab0000, 0x00000000e8000000)
 concurrent mark-sweep generation total 393216K, used 127229K [0x00000000e8000000, 0x0000000100000000, 0x0000000100000000)
 Metaspace       used 57453K, capacity 59184K, committed 59412K, reserved 1101824K
  class space    used 6567K, capacity 6955K, committed 6976K, reserved 1048576K
}
2020-05-19T14:50:26.392+0000: 15183.330: Total time for which application threads were stopped: 0.0140839 seconds, Stopping threads took: 0.0000613 seconds
2020-05-19T14:50:26.456+0000: 15183.393: Total time for which application threads were stopped: 0.0001340 seconds, Stopping threads took: 0.0000468 seconds
{Heap before GC invocations=384 (full 22):
 par new generation   total 109248K, used 109248K [0x00000000e0000000, 0x00000000e8000000, 0x00000000e8000000)
  eden space 87424K, 100% used [0x00000000e0000000, 0x00000000e5560000, 0x00000000e5560000)
  from space 21824K, 100% used [0x00000000e5560000, 0x00000000e6ab0000, 0x00000000e6ab0000)
  to   space 21824K,   0% used [0x00000000e6ab0000, 0x00000000e6ab0000, 0x00000000e8000000)
 concurrent mark-sweep generation total 393216K, used 127229K [0x00000000e8000000, 0x0000000100000000, 0x0000000100000000)
 Metaspace       used 57453K, capacity 59184K, committed 59412K, reserved 1101824K
  class space    used 6567K, capacity 6955K, committed 6976K, reserved 1048576K
2020-05-19T14:50:26.478+0000: 15183.416: [GC (Allocation Failure) 2020-05-19T14:50:26.479+0000: 15183.416: [ParNew
Desired survivor size 20112992 bytes, new threshold 5 (max 8)
- age   1:    7254760 bytes,    7254760 total
- age   2:    3533136 bytes,   10787896 total
- age   3:    4682520 bytes,   15470416 total
- age   4:    3195736 bytes,   18666152 total
- age   5:    3352120 bytes,   22018272 total
: 109248K->21824K(109248K), 0.0177242 secs] 236477K->156760K(502464K), 0.0177902 secs] [Times: user=0.06 sys=0.00, real=0.02 secs] 
Heap after GC invocations=385 (full 22):
 par new generation   total 109248K, used 21824K [0x00000000e0000000, 0x00000000e8000000, 0x00000000e8000000)
  eden space 87424K,   0% used [0x00000000e0000000, 0x00000000e0000000, 0x00000000e5560000)
  from space 21824K, 100% used [0x00000000e6ab0000, 0x00000000e8000000, 0x00000000e8000000)
  to   space 21824K,   0% used [0x00000000e5560000, 0x00000000e5560000, 0x00000000e6ab0000)
 concurrent mark-sweep generation total 393216K, used 134936K [0x00000000e8000000, 0x0000000100000000, 0x0000000100000000)
 Metaspace       used 57453K, capacity 59184K, committed 59412K, reserved 1101824K
  class space    used 6567K, capacity 6955K, committed 6976K, reserved 1048576K
}
2020-05-19T14:50:26.497+0000: 15183.434: Total time for which application threads were stopped: 0.0180277 seconds, Stopping threads took: 0.0000562 seconds
{Heap before GC invocations=385 (full 22):
 par new generation   total 109248K, used 109248K [0x00000000e0000000, 0x00000000e8000000, 0x00000000e8000000)
  eden space 87424K, 100% used [0x00000000e0000000, 0x00000000e5560000, 0x00000000e5560000)
  from space 21824K, 100% used [0x00000000e6ab0000, 0x00000000e8000000, 0x00000000e8000000)
  to   space 21824K,   0% used [0x00000000e5560000, 0x00000000e5560000, 0x00000000e6ab0000)
 concurrent mark-sweep generation total 393216K, used 134936K [0x00000000e8000000, 0x0000000100000000, 0x0000000100000000)
 Metaspace       used 57453K, capacity 59184K, committed 59412K, reserved 1101824K
  class space    used 6567K, capacity 6955K, committed 6976K, reserved 1048576K
2020-05-19T14:50:26.576+0000: 15183.513: [GC (Allocation Failure) 2020-05-19T14:50:26.576+0000: 15183.513: [ParNew
Desired survivor size 20112992 bytes, new threshold 5 (max 8)
- age   1:    7240768 bytes,    7240768 total
- age   2:    4008320 bytes,   11249088 total
- age   3:    3330144 bytes,   14579232 total
- age   4:    4324008 bytes,   18903240 total
- age   5:    3195736 bytes,   22098976 total
: 109248K->21824K(109248K), 0.0151551 secs] 244184K->163877K(502464K), 0.0152204 secs] [Times: user=0.06 sys=0.00, real=0.02 secs] 
Heap after GC invocations=386 (full 22):
 par new generation   total 109248K, used 21824K [0x00000000e0000000, 0x00000000e8000000, 0x00000000e8000000)
  eden space 87424K,   0% used [0x00000000e0000000, 0x00000000e0000000, 0x00000000e5560000)
  from space 21824K, 100% used [0x00000000e5560000, 0x00000000e6ab0000, 0x00000000e6ab0000)
  to   space 21824K,   0% used [0x00000000e6ab0000, 0x00000000e6ab0000, 0x00000000e8000000)
 concurrent mark-sweep generation total 393216K, used 142053K [0x00000000e8000000, 0x0000000100000000, 0x0000000100000000)
 Metaspace       used 57453K, capacity 59184K, committed 59412K, reserved 1101824K
  class space    used 6567K, capacity 6955K, committed 6976K, reserved 1048576K
}
2020-05-19T14:50:26.592+0000: 15183.528: Total time for which application threads were stopped: 0.0154742 seconds, Stopping threads took: 0.0000651 seconds
{Heap before GC invocations=386 (full 22):
 par new generation   total 109248K, used 109248K [0x00000000e0000000, 0x00000000e8000000, 0x00000000e8000000)
  eden space 87424K, 100% used [0x00000000e0000000, 0x00000000e5560000, 0x00000000e5560000)
  from space 21824K, 100% used [0x00000000e5560000, 0x00000000e6ab0000, 0x00000000e6ab0000)
  to   space 21824K,   0% used [0x00000000e6ab0000, 0x00000000e6ab0000, 0x00000000e8000000)
 concurrent mark-sweep generation total 393216K, used 142053K [0x00000000e8000000, 0x0000000100000000, 0x0000000100000000)
 Metaspace       used 57453K, capacity 59184K, committed 59412K, reserved 1101824K
  class space    used 6567K, capacity 6955K, committed 6976K, reserved 1048576K
2020-05-19T14:50:26.823+0000: 15183.760: [GC (Allocation Failure) 2020-05-19T14:50:26.823+0000: 15183.760: [ParNew
Desired survivor size 20112992 bytes, new threshold 5 (max 8)
- age   1:    7406560 bytes,    7406560 total
- age   2:    3300824 bytes,   10707384 total
- age   3:    3951912 bytes,   14659296 total
- age   4:    3330008 bytes,   17989304 total
- age   5:    4324008 bytes,   22313312 total
: 109248K->21824K(109248K), 0.0149329 secs] 251301K->170321K(502464K), 0.0150337 secs] [Times: user=0.06 sys=0.00, real=0.02 secs] 
Heap after GC invocations=387 (full 22):
 par new generation   total 109248K, used 21824K [0x00000000e0000000, 0x00000000e8000000, 0x00000000e8000000)
  eden space 87424K,   0% used [0x00000000e0000000, 0x00000000e0000000, 0x00000000e5560000)
  from space 21824K, 100% used [0x00000000e6ab0000, 0x00000000e8000000, 0x00000000e8000000)
  to   space 21824K,   0% used [0x00000000e5560000, 0x00000000e5560000, 0x00000000e6ab0000)
 concurrent mark-sweep generation total 393216K, used 148497K [0x00000000e8000000, 0x0000000100000000, 0x0000000100000000)
 Metaspace       used 57453K, capacity 59184K, committed 59412K, reserved 1101824K
  class space    used 6567K, capacity 6955K, committed 6976K, reserved 1048576K
}
2020-05-19T14:50:26.838+0000: 15183.775: Total time for which application threads were stopped: 0.0153560 seconds, Stopping threads took: 0.0000577 seconds
2020-05-19T14:50:27.096+0000: 15184.033: Total time for which application threads were stopped: 0.0001526 seconds, Stopping threads took: 0.0000561 seconds
2020-05-19T14:50:27.545+0000: 15184.482: Total time for which application threads were stopped: 0.0001692 seconds, Stopping threads took: 0.0000792 seconds
2020-05-19T14:50:27.545+0000: 15184.482: Total time for which application threads were stopped: 0.0001003 seconds, Stopping threads took: 0.0000382 seconds
2020-05-19T14:50:27.545+0000: 15184.482: Total time for which application threads were stopped: 0.0000777 seconds, Stopping threads took: 0.0000323 seconds
2020-05-19T14:50:27.545+0000: 15184.482: Total time for which application threads were stopped: 0.0000770 seconds, Stopping threads took: 0.0000321 seconds
2020-05-19T14:50:27.545+0000: 15184.482: Total time for which application threads were stopped: 0.0000722 seconds, Stopping threads took: 0.0000276 seconds
2020-05-19T14:50:27.715+0000: 15184.652: Total time for which application threads were stopped: 0.0001540 seconds, Stopping threads took: 0.0000580 seconds
{Heap before GC invocations=387 (full 22):
 par new generation   total 109248K, used 109248K [0x00000000e0000000, 0x00000000e8000000, 0x00000000e8000000)
  eden space 87424K, 100% used [0x00000000e0000000, 0x00000000e5560000, 0x00000000e5560000)
  from space 21824K, 100% used [0x00000000e6ab0000, 0x00000000e8000000, 0x00000000e8000000)
  to   space 21824K,   0% used [0x00000000e5560000, 0x00000000e5560000, 0x00000000e6ab0000)
 concurrent mark-sweep generation total 393216K, used 148497K [0x00000000e8000000, 0x0000000100000000, 0x0000000100000000)
 Metaspace       used 57460K, capacity 59184K, committed 59412K, reserved 1101824K
  class space    used 6567K, capacity 6955K, committed 6976K, reserved 1048576K
2020-05-19T14:50:27.809+0000: 15184.746: [GC (Allocation Failure) 2020-05-19T14:50:27.809+0000: 15184.746: [ParNew
Desired survivor size 20112992 bytes, new threshold 5 (max 8)
- age   1:    6049080 bytes,    6049080 total
- age   2:    4190296 bytes,   10239376 total
- age   3:    3255648 bytes,   13495024 total
- age   4:    3712136 bytes,   17207160 total
- age   5:    3211904 bytes,   20419064 total
: 109248K->21824K(109248K), 0.0151670 secs] 257745K->178696K(502464K), 0.0152473 secs] [Times: user=0.06 sys=0.00, real=0.01 secs] 
Heap after GC invocations=388 (full 22):
 par new generation   total 109248K, used 21824K [0x00000000e0000000, 0x00000000e8000000, 0x00000000e8000000)
  eden space 87424K,   0% used [0x00000000e0000000, 0x00000000e0000000, 0x00000000e5560000)
  from space 21824K, 100% used [0x00000000e5560000, 0x00000000e6ab0000, 0x00000000e6ab0000)
  to   space 21824K,   0% used [0x00000000e6ab0000, 0x00000000e6ab0000, 0x00000000e8000000)
 concurrent mark-sweep generation total 393216K, used 156872K [0x00000000e8000000, 0x0000000100000000, 0x0000000100000000)
 Metaspace       used 57460K, capacity 59184K, committed 59412K, reserved 1101824K
  class space    used 6567K, capacity 6955K, committed 6976K, reserved 1048576K
}
2020-05-19T14:50:27.824+0000: 15184.761: Total time for which application threads were stopped: 0.0155246 seconds, Stopping threads took: 0.0000919 seconds
2020-05-19T14:50:27.834+0000: 15184.772: Total time for which application threads were stopped: 0.0001393 seconds, Stopping threads took: 0.0000517 seconds
{Heap before GC invocations=388 (full 22):
 par new generation   total 109248K, used 109232K [0x00000000e0000000, 0x00000000e8000000, 0x00000000e8000000)
  eden space 87424K,  99% used [0x00000000e0000000, 0x00000000e555c148, 0x00000000e5560000)
  from space 21824K, 100% used [0x00000000e5560000, 0x00000000e6ab0000, 0x00000000e6ab0000)
  to   space 21824K,   0% used [0x00000000e6ab0000, 0x00000000e6ab0000, 0x00000000e8000000)
 concurrent mark-sweep generation total 393216K, used 156872K [0x00000000e8000000, 0x0000000100000000, 0x0000000100000000)
 Metaspace       used 57460K, capacity 59184K, committed 59412K, reserved 1101824K
  class space    used 6567K, capacity 6955K, committed 6976K, reserved 1048576K
2020-05-19T14:50:27.946+0000: 15184.883: [GC (Allocation Failure) 2020-05-19T14:50:27.946+0000: 15184.883: [ParNew
Desired survivor size 20112992 bytes, new threshold 5 (max 8)
- age   1:    6033248 bytes,    6033248 total
- age   2:    5166496 bytes,   11199744 total
- age   3:    4180288 bytes,   15380032 total
- age   4:    3255648 bytes,   18635680 total
- age   5:    3710464 bytes,   22346144 total
: 109232K->21824K(109248K), 0.0160212 secs] 266104K->187802K(502464K), 0.0160853 secs] [Times: user=0.06 sys=0.00, real=0.02 secs] 
Heap after GC invocations=389 (full 22):
 par new generation   total 109248K, used 21824K [0x00000000e0000000, 0x00000000e8000000, 0x00000000e8000000)
  eden space 87424K,   0% used [0x00000000e0000000, 0x00000000e0000000, 0x00000000e5560000)
  from space 21824K, 100% used [0x00000000e6ab0000, 0x00000000e8000000, 0x00000000e8000000)
  to   space 21824K,   0% used [0x00000000e5560000, 0x00000000e5560000, 0x00000000e6ab0000)
 concurrent mark-sweep generation total 393216K, used 165978K [0x00000000e8000000, 0x0000000100000000, 0x0000000100000000)
 Metaspace       used 57460K, capacity 59184K, committed 59412K, reserved 1101824K
  class space    used 6567K, capacity 6955K, committed 6976K, reserved 1048576K
}
2020-05-19T14:50:27.962+0000: 15184.900: Total time for which application threads were stopped: 0.0163319 seconds, Stopping threads took: 0.0000574 seconds
{Heap before GC invocations=389 (full 22):
 par new generation   total 109248K, used 109248K [0x00000000e0000000, 0x00000000e8000000, 0x00000000e8000000)
  eden space 87424K, 100% used [0x00000000e0000000, 0x00000000e5560000, 0x00000000e5560000)
  from space 21824K, 100% used [0x00000000e6ab0000, 0x00000000e8000000, 0x00000000e8000000)
  to   space 21824K,   0% used [0x00000000e5560000, 0x00000000e5560000, 0x00000000e6ab0000)
 concurrent mark-sweep generation total 393216K, used 165978K [0x00000000e8000000, 0x0000000100000000, 0x0000000100000000)
 Metaspace       used 57460K, capacity 59184K, committed 59412K, reserved 1101824K
  class space    used 6567K, capacity 6955K, committed 6976K, reserved 1048576K
2020-05-19T14:50:28.038+0000: 15184.975: [GC (Allocation Failure) 2020-05-19T14:50:28.039+0000: 15184.975: [ParNew
Desired survivor size 20112992 bytes, new threshold 5 (max 8)
- age   1:    4174504 bytes,    4174504 total
- age   2:    4140504 bytes,    8315008 total
- age   3:    5165560 bytes,   13480568 total
- age   4:    4165760 bytes,   17646328 total
- age   5:    3254416 bytes,   20900744 total
: 109248K->21824K(109248K), 0.0171820 secs] 275226K->199115K(502464K), 0.0172510 secs] [Times: user=0.13 sys=0.00, real=0.02 secs] 
Heap after GC invocations=390 (full 22):
 par new generation   total 109248K, used 21824K [0x00000000e0000000, 0x00000000e8000000, 0x00000000e8000000)
  eden space 87424K,   0% used [0x00000000e0000000, 0x00000000e0000000, 0x00000000e5560000)
  from space 21824K, 100% used [0x00000000e5560000, 0x00000000e6ab0000, 0x00000000e6ab0000)
  to   space 21824K,   0% used [0x00000000e6ab0000, 0x00000000e6ab0000, 0x00000000e8000000)
 concurrent mark-sweep generation total 393216K, used 177291K [0x00000000e8000000, 0x0000000100000000, 0x0000000100000000)
 Metaspace       used 57460K, capacity 59184K, committed 59412K, reserved 1101824K
  class space    used 6567K, capacity 6955K, committed 6976K, reserved 1048576K
}
2020-05-19T14:50:28.056+0000: 15184.993: Total time for which application threads were stopped: 0.0174769 seconds, Stopping threads took: 0.0000539 seconds
2020-05-19T14:50:29.212+0000: 15186.149: Total time for which application threads were stopped: 0.0002071 seconds, Stopping threads took: 0.0000778 seconds
2020-05-19T14:50:29.213+0000: 15186.150: Total time for which application threads were stopped: 0.0001403 seconds, Stopping threads took: 0.0000510 seconds
2020-05-19T14:50:29.213+0000: 15186.150: Total time for which application threads were stopped: 0.0001011 seconds, Stopping threads took: 0.0000326 seconds
2020-05-19T14:50:29.213+0000: 15186.150: Total time for which application threads were stopped: 0.0000966 seconds, Stopping threads took: 0.0000397 seconds
2020-05-19T14:50:29.213+0000: 15186.150: Total time for which application threads were stopped: 0.0000874 seconds, Stopping threads took: 0.0000389 seconds
2020-05-19T14:50:29.213+0000: 15186.150: Total time for which application threads were stopped: 0.0000837 seconds, Stopping threads took: 0.0000360 seconds
2020-05-19T14:50:35.730+0000: 15192.666: Total time for which application threads were stopped: 0.0002196 seconds, Stopping threads took: 0.0001316 seconds
2020-05-19T14:50:35.732+0000: 15192.669: Total time for which application threads were stopped: 0.0001989 seconds, Stopping threads took: 0.0001088 seconds
2020-05-19T14:50:35.741+0000: 15192.677: Total time for which application threads were stopped: 0.0001273 seconds, Stopping threads took: 0.0000536 seconds
2020-05-19T14:50:35.742+0000: 15192.678: Total time for which application threads were stopped: 0.0001055 seconds, Stopping threads took: 0.0000348 seconds
{Heap before GC invocations=390 (full 22):
 par new generation   total 109248K, used 109248K [0x00000000e0000000, 0x00000000e8000000, 0x00000000e8000000)
  eden space 87424K, 100% used [0x00000000e0000000, 0x00000000e5560000, 0x00000000e5560000)
  from space 21824K, 100% used [0x00000000e5560000, 0x00000000e6ab0000, 0x00000000e6ab0000)
  to   space 21824K,   0% used [0x00000000e6ab0000, 0x00000000e6ab0000, 0x00000000e8000000)
 concurrent mark-sweep generation total 393216K, used 177291K [0x00000000e8000000, 0x0000000100000000, 0x0000000100000000)
 Metaspace       used 57460K, capacity 59184K, committed 59412K, reserved 1101824K
  class space    used 6567K, capacity 6955K, committed 6976K, reserved 1048576K
2020-05-19T14:50:35.783+0000: 15192.721: [GC (Allocation Failure) 2020-05-19T14:50:35.783+0000: 15192.721: [ParNew
Desired survivor size 20112992 bytes, new threshold 5 (max 8)
- age   1:    5717168 bytes,    5717168 total
- age   2:    1851464 bytes,    7568632 total
- age   3:    3839224 bytes,   11407856 total
- age   4:    5034384 bytes,   16442240 total
- age   5:    4165760 bytes,   20608000 total
: 109248K->21824K(109248K), 0.0168956 secs] 286539K->206336K(502464K), 0.0169661 secs] [Times: user=0.06 sys=0.00, real=0.02 secs] 
Heap after GC invocations=391 (full 22):
 par new generation   total 109248K, used 21824K [0x00000000e0000000, 0x00000000e8000000, 0x00000000e8000000)
  eden space 87424K,   0% used [0x00000000e0000000, 0x00000000e0000000, 0x00000000e5560000)
  from space 21824K, 100% used [0x00000000e6ab0000, 0x00000000e8000000, 0x00000000e8000000)
  to   space 21824K,   0% used [0x00000000e5560000, 0x00000000e5560000, 0x00000000e6ab0000)
 concurrent mark-sweep generation total 393216K, used 184512K [0x00000000e8000000, 0x0000000100000000, 0x0000000100000000)
 Metaspace       used 57460K, capacity 59184K, committed 59412K, reserved 1101824K
  class space    used 6567K, capacity 6955K, committed 6976K, reserved 1048576K
}
2020-05-19T14:50:35.801+0000: 15192.738: Total time for which application threads were stopped: 0.0171943 seconds, Stopping threads took: 0.0000506 seconds
2020-05-19T14:50:35.845+0000: 15192.783: Total time for which application threads were stopped: 0.0001363 seconds, Stopping threads took: 0.0000466 seconds
{Heap before GC invocations=391 (full 22):
 par new generation   total 109248K, used 109248K [0x00000000e0000000, 0x00000000e8000000, 0x00000000e8000000)
  eden space 87424K, 100% used [0x00000000e0000000, 0x00000000e5560000, 0x00000000e5560000)
  from space 21824K, 100% used [0x00000000e6ab0000, 0x00000000e8000000, 0x00000000e8000000)
  to   space 21824K,   0% used [0x00000000e5560000, 0x00000000e5560000, 0x00000000e6ab0000)
 concurrent mark-sweep generation total 393216K, used 184512K [0x00000000e8000000, 0x0000000100000000, 0x0000000100000000)
 Metaspace       used 57460K, capacity 59184K, committed 59412K, reserved 1101824K
  class space    used 6567K, capacity 6955K, committed 6976K, reserved 1048576K
2020-05-19T14:50:35.893+0000: 15192.830: [GC (Allocation Failure) 2020-05-19T14:50:35.893+0000: 15192.830: [ParNew
Desired survivor size 20112992 bytes, new threshold 5 (max 8)
- age   1:    5469392 bytes,    5469392 total
- age   2:    4028184 bytes,    9497576 total
- age   3:    1851344 bytes,   11348920 total
- age   4:    3837552 bytes,   15186472 total
- age   5:    5033312 bytes,   20219784 total
: 109248K->21824K(109248K), 0.0153095 secs] 293760K->213322K(502464K), 0.0153764 secs] [Times: user=0.06 sys=0.00, real=0.02 secs] 
Heap after GC invocations=392 (full 22):
 par new generation   total 109248K, used 21824K [0x00000000e0000000, 0x00000000e8000000, 0x00000000e8000000)
  eden space 87424K,   0% used [0x00000000e0000000, 0x00000000e0000000, 0x00000000e5560000)
  from space 21824K, 100% used [0x00000000e5560000, 0x00000000e6ab0000, 0x00000000e6ab0000)
  to   space 21824K,   0% used [0x00000000e6ab0000, 0x00000000e6ab0000, 0x00000000e8000000)
 concurrent mark-sweep generation total 393216K, used 191498K [0x00000000e8000000, 0x0000000100000000, 0x0000000100000000)
 Metaspace       used 57460K, capacity 59184K, committed 59412K, reserved 1101824K
  class space    used 6567K, capacity 6955K, committed 6976K, reserved 1048576K
}
2020-05-19T14:50:35.908+0000: 15192.845: Total time for which application threads were stopped: 0.0156094 seconds, Stopping threads took: 0.0000602 seconds
{Heap before GC invocations=392 (full 22):
 par new generation   total 109248K, used 109248K [0x00000000e0000000, 0x00000000e8000000, 0x00000000e8000000)
  eden space 87424K, 100% used [0x00000000e0000000, 0x00000000e5560000, 0x00000000e5560000)
  from space 21824K, 100% used [0x00000000e5560000, 0x00000000e6ab0000, 0x00000000e6ab0000)
  to   space 21824K,   0% used [0x00000000e6ab0000, 0x00000000e6ab0000, 0x00000000e8000000)
 concurrent mark-sweep generation total 393216K, used 191498K [0x00000000e8000000, 0x0000000100000000, 0x0000000100000000)
 Metaspace       used 57460K, capacity 59184K, committed 59412K, reserved 1101824K
  class space    used 6567K, capacity 6955K, committed 6976K, reserved 1048576K
2020-05-19T14:50:35.986+0000: 15192.923: [GC (Allocation Failure) 2020-05-19T14:50:35.987+0000: 15192.923: [ParNew
Desired survivor size 20112992 bytes, new threshold 5 (max 8)
- age   1:    8753104 bytes,    8753104 total
- age   2:    2694600 bytes,   11447704 total
- age   3:    3866168 bytes,   15313872 total
- age   4:    1851344 bytes,   17165216 total
- age   5:    3837552 bytes,   21002768 total
: 109248K->21824K(109248K), 0.0153017 secs] 300746K->218775K(502464K), 0.0153766 secs] [Times: user=0.06 sys=0.00, real=0.02 secs] 
Heap after GC invocations=393 (full 22):
 par new generation   total 109248K, used 21824K [0x00000000e0000000, 0x00000000e8000000, 0x00000000e8000000)
  eden space 87424K,   0% used [0x00000000e0000000, 0x00000000e0000000, 0x00000000e5560000)
  from space 21824K, 100% used [0x00000000e6ab0000, 0x00000000e8000000, 0x00000000e8000000)
  to   space 21824K,   0% used [0x00000000e5560000, 0x00000000e5560000, 0x00000000e6ab0000)
 concurrent mark-sweep generation total 393216K, used 196951K [0x00000000e8000000, 0x0000000100000000, 0x0000000100000000)
 Metaspace       used 57460K, capacity 59184K, committed 59412K, reserved 1101824K
  class space    used 6567K, capacity 6955K, committed 6976K, reserved 1048576K
}
2020-05-19T14:50:36.002+0000: 15192.939: Total time for which application threads were stopped: 0.0156293 seconds, Stopping threads took: 0.0000596 seconds
2020-05-19T14:50:36.002+0000: 15192.939: [GC (CMS Initial Mark) [1 CMS-initial-mark: 196951K(393216K)] 220070K(502464K), 0.0035609 secs] [Times: user=0.00 sys=0.00, real=0.00 secs] 
2020-05-19T14:50:36.006+0000: 15192.942: Total time for which application threads were stopped: 0.0037460 seconds, Stopping threads took: 0.0000711 seconds
2020-05-19T14:50:36.006+0000: 15192.942: [CMS-concurrent-mark-start]
2020-05-19T14:50:36.030+0000: 15192.966: [CMS-concurrent-mark: 0.024/0.024 secs] [Times: user=0.13 sys=0.00, real=0.02 secs] 
2020-05-19T14:50:36.030+0000: 15192.966: [CMS-concurrent-preclean-start]
2020-05-19T14:50:36.031+0000: 15192.968: [CMS-concurrent-preclean: 0.001/0.001 secs] [Times: user=0.00 sys=0.00, real=0.00 secs] 
2020-05-19T14:50:36.031+0000: 15192.968: [GC (CMS Final Remark) [YG occupancy: 23119 K (109248 K)]{Heap before GC invocations=393 (full 23):
 par new generation   total 109248K, used 23119K [0x00000000e0000000, 0x00000000e8000000, 0x00000000e8000000)
  eden space 87424K,   1% used [0x00000000e0000000, 0x00000000e0143c40, 0x00000000e5560000)
  from space 21824K, 100% used [0x00000000e6ab0000, 0x00000000e8000000, 0x00000000e8000000)
  to   space 21824K,   0% used [0x00000000e5560000, 0x00000000e5560000, 0x00000000e6ab0000)
 concurrent mark-sweep generation total 393216K, used 196951K [0x00000000e8000000, 0x0000000100000000, 0x0000000100000000)
 Metaspace       used 57460K, capacity 59184K, committed 59412K, reserved 1101824K
  class space    used 6567K, capacity 6955K, committed 6976K, reserved 1048576K
2020-05-19T14:50:36.031+0000: 15192.968: [GC (CMS Final Remark) 2020-05-19T14:50:36.031+0000: 15192.968: [ParNew
Desired survivor size 20112992 bytes, new threshold 8 (max 8)
- age   1:     722136 bytes,     722136 total
- age   2:    7764056 bytes,    8486192 total
- age   3:    2574688 bytes,   11060880 total
- age   4:    3866168 bytes,   14927048 total
- age   5:    1851344 bytes,   16778392 total
: 23119K->21824K(109248K), 0.0114675 secs] 220070K->222585K(502464K), 0.0115099 secs] [Times: user=0.06 sys=0.00, real=0.01 secs] 
Heap after GC invocations=394 (full 23):
 par new generation   total 109248K, used 21824K [0x00000000e0000000, 0x00000000e8000000, 0x00000000e8000000)
  eden space 87424K,   0% used [0x00000000e0000000, 0x00000000e0000000, 0x00000000e5560000)
  from space 21824K, 100% used [0x00000000e5560000, 0x00000000e6ab0000, 0x00000000e6ab0000)
  to   space 21824K,   0% used [0x00000000e6ab0000, 0x00000000e6ab0000, 0x00000000e8000000)
 concurrent mark-sweep generation total 393216K, used 200761K [0x00000000e8000000, 0x0000000100000000, 0x0000000100000000)
 Metaspace       used 57460K, capacity 59184K, committed 59412K, reserved 1101824K
  class space    used 6567K, capacity 6955K, committed 6976K, reserved 1048576K
}
2020-05-19T14:50:36.043+0000: 15192.980: [Rescan (parallel) , 0.0045090 secs]2020-05-19T14:50:36.047+0000: 15192.984: [weak refs processing, 0.0059811 secs]2020-05-19T14:50:36.053+0000: 15192.990: [class unloading, 0.0108611 secs]2020-05-19T14:50:36.064+0000: 15193.001: [scrub symbol table, 0.0088445 secs]2020-05-19T14:50:36.073+0000: 15193.010: [scrub string table, 0.0005897 secs][1 CMS-remark: 200761K(393216K)] 222585K(502464K), 0.0428928 secs] [Times: user=0.09 sys=0.00, real=0.04 secs] 
2020-05-19T14:50:36.074+0000: 15193.011: Total time for which application threads were stopped: 0.0431821 seconds, Stopping threads took: 0.0001455 seconds
2020-05-19T14:50:36.074+0000: 15193.011: [CMS-concurrent-sweep-start]
2020-05-19T14:50:36.075+0000: 15193.012: Total time for which application threads were stopped: 0.0001450 seconds, Stopping threads took: 0.0000774 seconds
2020-05-19T14:50:36.075+0000: 15193.012: Total time for which application threads were stopped: 0.0000881 seconds, Stopping threads took: 0.0000396 seconds
2020-05-19T14:50:36.075+0000: 15193.012: Total time for which application threads were stopped: 0.0000796 seconds, Stopping threads took: 0.0000395 seconds
2020-05-19T14:50:36.075+0000: 15193.013: Total time for which application threads were stopped: 0.0000733 seconds, Stopping threads took: 0.0000391 seconds
2020-05-19T14:50:36.076+0000: 15193.013: Total time for which application threads were stopped: 0.0000742 seconds, Stopping threads took: 0.0000370 seconds
2020-05-19T14:50:36.076+0000: 15193.013: Total time for which application threads were stopped: 0.0000736 seconds, Stopping threads took: 0.0000398 seconds
2020-05-19T14:50:36.076+0000: 15193.013: Total time for which application threads were stopped: 0.0000722 seconds, Stopping threads took: 0.0000391 seconds
2020-05-19T14:50:36.076+0000: 15193.013: Total time for which application threads were stopped: 0.0000778 seconds, Stopping threads took: 0.0000432 seconds
2020-05-19T14:50:36.076+0000: 15193.014: Total time for which application threads were stopped: 0.0000777 seconds, Stopping threads took: 0.0000421 seconds
2020-05-19T14:50:36.076+0000: 15193.014: Total time for which application threads were stopped: 0.0000758 seconds, Stopping threads took: 0.0000412 seconds
2020-05-19T14:50:36.135+0000: 15193.072: [CMS-concurrent-sweep: 0.060/0.061 secs] [Times: user=0.19 sys=0.00, real=0.06 secs] 
2020-05-19T14:50:36.135+0000: 15193.072: [CMS-concurrent-reset-start]
2020-05-19T14:50:36.135+0000: 15193.073: [CMS-concurrent-reset: 0.001/0.001 secs] [Times: user=0.00 sys=0.00, real=0.00 secs] 
2020-05-19T14:50:36.573+0000: 15193.510: Total time for which application threads were stopped: 0.0001349 seconds, Stopping threads took: 0.0000417 seconds
2020-05-19T14:50:37.016+0000: 15193.953: Total time for which application threads were stopped: 0.0001768 seconds, Stopping threads took: 0.0001001 seconds
2020-05-19T14:50:37.017+0000: 15193.953: Total time for which application threads were stopped: 0.0000849 seconds, Stopping threads took: 0.0000339 seconds
2020-05-19T14:50:37.017+0000: 15193.954: Total time for which application threads were stopped: 0.0002234 seconds, Stopping threads took: 0.0000448 seconds
2020-05-19T14:50:37.018+0000: 15193.955: Total time for which application threads were stopped: 0.0001497 seconds, Stopping threads took: 0.0001012 seconds
2020-05-19T14:50:37.018+0000: 15193.955: Total time for which application threads were stopped: 0.0000726 seconds, Stopping threads took: 0.0000363 seconds
2020-05-19T14:50:37.018+0000: 15193.955: Total time for which application threads were stopped: 0.0000412 seconds, Stopping threads took: 0.0000137 seconds
2020-05-19T14:50:37.018+0000: 15193.955: Total time for which application threads were stopped: 0.0001409 seconds, Stopping threads took: 0.0000093 seconds
2020-05-19T14:50:37.215+0000: 15194.152: Total time for which application threads were stopped: 0.0001328 seconds, Stopping threads took: 0.0000467 seconds
2020-05-19T14:50:37.230+0000: 15194.167: Total time for which application threads were stopped: 0.0001328 seconds, Stopping threads took: 0.0000510 seconds
{Heap before GC invocations=394 (full 23):
 par new generation   total 109248K, used 109248K [0x00000000e0000000, 0x00000000e8000000, 0x00000000e8000000)
  eden space 87424K, 100% used [0x00000000e0000000, 0x00000000e5560000, 0x00000000e5560000)
  from space 21824K, 100% used [0x00000000e5560000, 0x00000000e6ab0000, 0x00000000e6ab0000)
  to   space 21824K,   0% used [0x00000000e6ab0000, 0x00000000e6ab0000, 0x00000000e8000000)
 concurrent mark-sweep generation total 393216K, used 81818K [0x00000000e8000000, 0x0000000100000000, 0x0000000100000000)
 Metaspace       used 57462K, capacity 59184K, committed 59412K, reserved 1101824K
  class space    used 6567K, capacity 6955K, committed 6976K, reserved 1048576K
2020-05-19T14:50:37.243+0000: 15194.180: [GC (Allocation Failure) 2020-05-19T14:50:37.243+0000: 15194.180: [ParNew
Desired survivor size 20112992 bytes, new threshold 8 (max 8)
- age   1:    3293184 bytes,    3293184 total
- age   2:      21952 bytes,    3315136 total
- age   3:    5954224 bytes,    9269360 total
- age   4:    2252664 bytes,   11522024 total
- age   5:    3643424 bytes,   15165448 total
- age   6:    1837960 bytes,   17003408 total
: 109248K->21824K(109248K), 0.0108710 secs] 191066K->103642K(502464K), 0.0109927 secs] [Times: user=0.00 sys=0.00, real=0.01 secs] 
Heap after GC invocations=395 (full 23):
 par new generation   total 109248K, used 21824K [0x00000000e0000000, 0x00000000e8000000, 0x00000000e8000000)
  eden space 87424K,   0% used [0x00000000e0000000, 0x00000000e0000000, 0x00000000e5560000)
  from space 21824K, 100% used [0x00000000e6ab0000, 0x00000000e8000000, 0x00000000e8000000)
  to   space 21824K,   0% used [0x00000000e5560000, 0x00000000e5560000, 0x00000000e6ab0000)
 concurrent mark-sweep generation total 393216K, used 81818K [0x00000000e8000000, 0x0000000100000000, 0x0000000100000000)
 Metaspace       used 57462K, capacity 59184K, committed 59412K, reserved 1101824K
  class space    used 6567K, capacity 6955K, committed 6976K, reserved 1048576K
}
2020-05-19T14:50:37.254+0000: 15194.191: Total time for which application threads were stopped: 0.0113434 seconds, Stopping threads took: 0.0000625 seconds
2020-05-19T14:50:37.367+0000: 15194.303: Total time for which application threads were stopped: 0.0001423 seconds, Stopping threads took: 0.0000548 seconds
{Heap before GC invocations=395 (full 23):
 par new generation   total 109248K, used 109081K [0x00000000e0000000, 0x00000000e8000000, 0x00000000e8000000)
  eden space 87424K,  99% used [0x00000000e0000000, 0x00000000e5536798, 0x00000000e5560000)
  from space 21824K, 100% used [0x00000000e6ab0000, 0x00000000e8000000, 0x00000000e8000000)
  to   space 21824K,   0% used [0x00000000e5560000, 0x00000000e5560000, 0x00000000e6ab0000)
 concurrent mark-sweep generation total 393216K, used 81818K [0x00000000e8000000, 0x0000000100000000, 0x0000000100000000)
 Metaspace       used 57462K, capacity 59184K, committed 59412K, reserved 1101824K
  class space    used 6567K, capacity 6955K, committed 6976K, reserved 1048576K
2020-05-19T14:50:37.377+0000: 15194.314: [GC (Allocation Failure) 2020-05-19T14:50:37.377+0000: 15194.314: [ParNew
Desired survivor size 20112992 bytes, new threshold 7 (max 8)
- age   1:    7888280 bytes,    7888280 total
- age   2:     501352 bytes,    8389632 total
- age   3:      17808 bytes,    8407440 total
- age   4:    5695752 bytes,   14103192 total
- age   5:    2250720 bytes,   16353912 total
- age   6:    3566480 bytes,   19920392 total
- age   7:    1837960 bytes,   21758352 total
: 109081K->21824K(109248K), 0.0123261 secs] 190900K->105959K(502464K), 0.0124113 secs] [Times: user=0.06 sys=0.00, real=0.01 secs] 
Heap after GC invocations=396 (full 23):
 par new generation   total 109248K, used 21824K [0x00000000e0000000, 0x00000000e8000000, 0x00000000e8000000)
  eden space 87424K,   0% used [0x00000000e0000000, 0x00000000e0000000, 0x00000000e5560000)
  from space 21824K, 100% used [0x00000000e5560000, 0x00000000e6ab0000, 0x00000000e6ab0000)
  to   space 21824K,   0% used [0x00000000e6ab0000, 0x00000000e6ab0000, 0x00000000e8000000)
 concurrent mark-sweep generation total 393216K, used 84135K [0x00000000e8000000, 0x0000000100000000, 0x0000000100000000)
 Metaspace       used 57462K, capacity 59184K, committed 59412K, reserved 1101824K
  class space    used 6567K, capacity 6955K, committed 6976K, reserved 1048576K
}
2020-05-19T14:50:37.390+0000: 15194.326: Total time for which application threads were stopped: 0.0126801 seconds, Stopping threads took: 0.0000507 seconds
2020-05-19T14:50:37.390+0000: 15194.327: Total time for which application threads were stopped: 0.0001416 seconds, Stopping threads took: 0.0000686 seconds
2020-05-19T14:50:37.390+0000: 15194.327: Total time for which application threads were stopped: 0.0000893 seconds, Stopping threads took: 0.0000385 seconds
{Heap before GC invocations=396 (full 23):
 par new generation   total 109248K, used 109248K [0x00000000e0000000, 0x00000000e8000000, 0x00000000e8000000)
  eden space 87424K, 100% used [0x00000000e0000000, 0x00000000e5560000, 0x00000000e5560000)
  from space 21824K, 100% used [0x00000000e5560000, 0x00000000e6ab0000, 0x00000000e6ab0000)
  to   space 21824K,   0% used [0x00000000e6ab0000, 0x00000000e6ab0000, 0x00000000e8000000)
 concurrent mark-sweep generation total 393216K, used 84135K [0x00000000e8000000, 0x0000000100000000, 0x0000000100000000)
 Metaspace       used 57462K, capacity 59184K, committed 59412K, reserved 1101824K
  class space    used 6567K, capacity 6955K, committed 6976K, reserved 1048576K
2020-05-19T14:50:37.474+0000: 15194.412: [GC (Allocation Failure) 2020-05-19T14:50:37.474+0000: 15194.412: [ParNew
Desired survivor size 20112992 bytes, new threshold 7 (max 8)
- age   1:    6151288 bytes,    6151288 total
- age   2:    2940984 bytes,    9092272 total
- age   3:     289208 bytes,    9381480 total
- age   4:      17808 bytes,    9399288 total
- age   5:    5597464 bytes,   14996752 total
- age   6:    2250704 bytes,   17247456 total
- age   7:    3419608 bytes,   20667064 total
: 109248K->21824K(109248K), 0.0151779 secs] 193383K->114298K(502464K), 0.0152451 secs] [Times: user=0.05 sys=0.02, real=0.02 secs] 
Heap after GC invocations=397 (full 23):
 par new generation   total 109248K, used 21824K [0x00000000e0000000, 0x00000000e8000000, 0x00000000e8000000)
  eden space 87424K,   0% used [0x00000000e0000000, 0x00000000e0000000, 0x00000000e5560000)
  from space 21824K, 100% used [0x00000000e6ab0000, 0x00000000e8000000, 0x00000000e8000000)
  to   space 21824K,   0% used [0x00000000e5560000, 0x00000000e5560000, 0x00000000e6ab0000)
 concurrent mark-sweep generation total 393216K, used 92474K [0x00000000e8000000, 0x0000000100000000, 0x0000000100000000)
 Metaspace       used 57462K, capacity 59184K, committed 59412K, reserved 1101824K
  class space    used 6567K, capacity 6955K, committed 6976K, reserved 1048576K
}
2020-05-19T14:50:37.490+0000: 15194.427: Total time for which application threads were stopped: 0.0154821 seconds, Stopping threads took: 0.0000579 seconds
{Heap before GC invocations=397 (full 23):
 par new generation   total 109248K, used 109248K [0x00000000e0000000, 0x00000000e8000000, 0x00000000e8000000)
  eden space 87424K, 100% used [0x00000000e0000000, 0x00000000e5560000, 0x00000000e5560000)
  from space 21824K, 100% used [0x00000000e6ab0000, 0x00000000e8000000, 0x00000000e8000000)
  to   space 21824K,   0% used [0x00000000e5560000, 0x00000000e5560000, 0x00000000e6ab0000)
 concurrent mark-sweep generation total 393216K, used 92474K [0x00000000e8000000, 0x0000000100000000, 0x0000000100000000)
 Metaspace       used 57462K, capacity 59184K, committed 59412K, reserved 1101824K
  class space    used 6567K, capacity 6955K, committed 6976K, reserved 1048576K
2020-05-19T14:50:37.573+0000: 15194.510: [GC (Allocation Failure) 2020-05-19T14:50:37.573+0000: 15194.510: [ParNew
Desired survivor size 20112992 bytes, new threshold 7 (max 8)
- age   1:    6821616 bytes,    6821616 total
- age   2:    2699768 bytes,    9521384 total
- age   3:    2880136 bytes,   12401520 total
- age   4:     289208 bytes,   12690728 total
- age   5:      17808 bytes,   12708536 total
- age   6:    5597464 bytes,   18306000 total
- age   7:    2250704 bytes,   20556704 total
: 109248K->21824K(109248K), 0.0145025 secs] 201722K->119809K(502464K), 0.0145836 secs] [Times: user=0.06 sys=0.00, real=0.02 secs] 
Heap after GC invocations=398 (full 23):
 par new generation   total 109248K, used 21824K [0x00000000e0000000, 0x00000000e8000000, 0x00000000e8000000)
  eden space 87424K,   0% used [0x00000000e0000000, 0x00000000e0000000, 0x00000000e5560000)
  from space 21824K, 100% used [0x00000000e5560000, 0x00000000e6ab0000, 0x00000000e6ab0000)
  to   space 21824K,   0% used [0x00000000e6ab0000, 0x00000000e6ab0000, 0x00000000e8000000)
 concurrent mark-sweep generation total 393216K, used 97985K [0x00000000e8000000, 0x0000000100000000, 0x0000000100000000)
 Metaspace       used 57462K, capacity 59184K, committed 59412K, reserved 1101824K
  class space    used 6567K, capacity 6955K, committed 6976K, reserved 1048576K
}
2020-05-19T14:50:37.588+0000: 15194.524: Total time for which application threads were stopped: 0.0148606 seconds, Stopping threads took: 0.0000896 seconds
2020-05-19T14:50:37.684+0000: 15194.622: Total time for which application threads were stopped: 0.0001397 seconds, Stopping threads took: 0.0000438 seconds
2020-05-19T14:50:38.447+0000: 15195.384: Total time for which application threads were stopped: 0.0001575 seconds, Stopping threads took: 0.0000669 seconds
2020-05-19T14:50:38.447+0000: 15195.384: Total time for which application threads were stopped: 0.0000901 seconds, Stopping threads took: 0.0000404 seconds
2020-05-19T14:50:38.447+0000: 15195.384: Total time for which application threads were stopped: 0.0000811 seconds, Stopping threads took: 0.0000456 seconds
2020-05-19T14:50:38.448+0000: 15195.386: Total time for which application threads were stopped: 0.0001085 seconds, Stopping threads took: 0.0000451 seconds
2020-05-19T14:50:38.448+0000: 15195.386: Total time for which application threads were stopped: 0.0000990 seconds, Stopping threads took: 0.0000369 seconds
2020-05-19T14:50:38.586+0000: 15195.523: Total time for which application threads were stopped: 0.0002510 seconds, Stopping threads took: 0.0001551 seconds
2020-05-19T14:50:38.597+0000: 15195.534: Total time for which application threads were stopped: 0.0001075 seconds, Stopping threads took: 0.0000462 seconds
2020-05-19T14:50:38.598+0000: 15195.535: Total time for which application threads were stopped: 0.0001190 seconds, Stopping threads took: 0.0000451 seconds
{Heap before GC invocations=398 (full 23):
 par new generation   total 109248K, used 109248K [0x00000000e0000000, 0x00000000e8000000, 0x00000000e8000000)
  eden space 87424K, 100% used [0x00000000e0000000, 0x00000000e5560000, 0x00000000e5560000)
  from space 21824K, 100% used [0x00000000e5560000, 0x00000000e6ab0000, 0x00000000e6ab0000)
  to   space 21824K,   0% used [0x00000000e6ab0000, 0x00000000e6ab0000, 0x00000000e8000000)
 concurrent mark-sweep generation total 393216K, used 97985K [0x00000000e8000000, 0x0000000100000000, 0x0000000100000000)
 Metaspace       used 57492K, capacity 59248K, committed 59412K, reserved 1101824K
  class space    used 6567K, capacity 6955K, committed 6976K, reserved 1048576K
2020-05-19T14:50:38.664+0000: 15195.600: [GC (Allocation Failure) 2020-05-19T14:50:38.664+0000: 15195.600: [ParNew
Desired survivor size 20112992 bytes, new threshold 7 (max 8)
- age   1:    5426928 bytes,    5426928 total
- age   2:    5170976 bytes,   10597904 total
- age   3:    2655008 bytes,   13252912 total
- age   4:    2640320 bytes,   15893232 total
- age   5:     242712 bytes,   16135944 total
- age   6:      17808 bytes,   16153752 total
- age   7:    5597464 bytes,   21751216 total
: 109248K->21824K(109248K), 0.0166484 secs] 207233K->126133K(502464K), 0.0167164 secs] [Times: user=0.08 sys=0.00, real=0.02 secs] 
Heap after GC invocations=399 (full 23):
 par new generation   total 109248K, used 21824K [0x00000000e0000000, 0x00000000e8000000, 0x00000000e8000000)
  eden space 87424K,   0% used [0x00000000e0000000, 0x00000000e0000000, 0x00000000e5560000)
  from space 21824K, 100% used [0x00000000e6ab0000, 0x00000000e8000000, 0x00000000e8000000)
  to   space 21824K,   0% used [0x00000000e5560000, 0x00000000e5560000, 0x00000000e6ab0000)
 concurrent mark-sweep generation total 393216K, used 104309K [0x00000000e8000000, 0x0000000100000000, 0x0000000100000000)
 Metaspace       used 57492K, capacity 59248K, committed 59412K, reserved 1101824K
  class space    used 6567K, capacity 6955K, committed 6976K, reserved 1048576K
}
2020-05-19T14:50:38.680+0000: 15195.617: Total time for which application threads were stopped: 0.0169757 seconds, Stopping threads took: 0.0000723 seconds
2020-05-19T14:50:38.705+0000: 15195.642: Total time for which application threads were stopped: 0.0001407 seconds, Stopping threads took: 0.0000509 seconds
{Heap before GC invocations=399 (full 23):
 par new generation   total 109248K, used 109248K [0x00000000e0000000, 0x00000000e8000000, 0x00000000e8000000)
  eden space 87424K, 100% used [0x00000000e0000000, 0x00000000e5560000, 0x00000000e5560000)
  from space 21824K, 100% used [0x00000000e6ab0000, 0x00000000e8000000, 0x00000000e8000000)
  to   space 21824K,   0% used [0x00000000e5560000, 0x00000000e5560000, 0x00000000e6ab0000)
 concurrent mark-sweep generation total 393216K, used 104309K [0x00000000e8000000, 0x0000000100000000, 0x0000000100000000)
 Metaspace       used 57492K, capacity 59248K, committed 59412K, reserved 1101824K
  class space    used 6567K, capacity 6955K, committed 6976K, reserved 1048576K
2020-05-19T14:50:38.769+0000: 15195.706: [GC (Allocation Failure) 2020-05-19T14:50:38.769+0000: 15195.706: [ParNew
Desired survivor size 20112992 bytes, new threshold 5 (max 8)
- age   1:    6292856 bytes,    6292856 total
- age   2:    3646200 bytes,    9939056 total
- age   3:    5170664 bytes,   15109720 total
- age   4:    2655008 bytes,   17764728 total
- age   5:    2638712 bytes,   20403440 total
- age   6:     242712 bytes,   20646152 total
- age   7:      17808 bytes,   20663960 total
: 109248K->21824K(109248K), 0.0152689 secs] 213557K->134233K(502464K), 0.0153455 secs] [Times: user=0.05 sys=0.00, real=0.01 secs] 
Heap after GC invocations=400 (full 23):
 par new generation   total 109248K, used 21824K [0x00000000e0000000, 0x00000000e8000000, 0x00000000e8000000)
  eden space 87424K,   0% used [0x00000000e0000000, 0x00000000e0000000, 0x00000000e5560000)
  from space 21824K, 100% used [0x00000000e5560000, 0x00000000e6ab0000, 0x00000000e6ab0000)
  to   space 21824K,   0% used [0x00000000e6ab0000, 0x00000000e6ab0000, 0x00000000e8000000)
 concurrent mark-sweep generation total 393216K, used 112409K [0x00000000e8000000, 0x0000000100000000, 0x0000000100000000)
 Metaspace       used 57492K, capacity 59248K, committed 59412K, reserved 1101824K
  class space    used 6567K, capacity 6955K, committed 6976K, reserved 1048576K
}
2020-05-19T14:50:38.784+0000: 15195.721: Total time for which application threads were stopped: 0.0155661 seconds, Stopping threads took: 0.0000474 seconds
{Heap before GC invocations=400 (full 23):
 par new generation   total 109248K, used 109248K [0x00000000e0000000, 0x00000000e8000000, 0x00000000e8000000)
  eden space 87424K, 100% used [0x00000000e0000000, 0x00000000e5560000, 0x00000000e5560000)
  from space 21824K, 100% used [0x00000000e5560000, 0x00000000e6ab0000, 0x00000000e6ab0000)
  to   space 21824K,   0% used [0x00000000e6ab0000, 0x00000000e6ab0000, 0x00000000e8000000)
 concurrent mark-sweep generation total 393216K, used 112409K [0x00000000e8000000, 0x0000000100000000, 0x0000000100000000)
 Metaspace       used 57492K, capacity 59248K, committed 59412K, reserved 1101824K
  class space    used 6567K, capacity 6955K, committed 6976K, reserved 1048576K
2020-05-19T14:50:38.870+0000: 15195.807: [GC (Allocation Failure) 2020-05-19T14:50:38.870+0000: 15195.807: [ParNew
Desired survivor size 20112992 bytes, new threshold 5 (max 8)
- age   1:    7188056 bytes,    7188056 total
- age   2:    3629400 bytes,   10817456 total
- age   3:    3239280 bytes,   14056736 total
- age   4:    5118096 bytes,   19174832 total
- age   5:    2577432 bytes,   21752264 total
: 109248K->21824K(109248K), 0.0186645 secs] 221657K->142873K(502464K), 0.0187534 secs] [Times: user=0.06 sys=0.00, real=0.02 secs] 
Heap after GC invocations=401 (full 23):
 par new generation   total 109248K, used 21824K [0x00000000e0000000, 0x00000000e8000000, 0x00000000e8000000)
  eden space 87424K,   0% used [0x00000000e0000000, 0x00000000e0000000, 0x00000000e5560000)
  from space 21824K, 100% used [0x00000000e6ab0000, 0x00000000e8000000, 0x00000000e8000000)
  to   space 21824K,   0% used [0x00000000e5560000, 0x00000000e5560000, 0x00000000e6ab0000)
 concurrent mark-sweep generation total 393216K, used 121049K [0x00000000e8000000, 0x0000000100000000, 0x0000000100000000)
 Metaspace       used 57492K, capacity 59248K, committed 59412K, reserved 1101824K
  class space    used 6567K, capacity 6955K, committed 6976K, reserved 1048576K
}
2020-05-19T14:50:38.889+0000: 15195.826: Total time for which application threads were stopped: 0.0190809 seconds, Stopping threads took: 0.0000877 seconds
2020-05-19T14:50:39.716+0000: 15196.653: Total time for which application threads were stopped: 0.0001734 seconds, Stopping threads took: 0.0000955 seconds
2020-05-19T14:50:39.717+0000: 15196.653: Total time for which application threads were stopped: 0.0000574 seconds, Stopping threads took: 0.0000132 seconds
2020-05-19T14:50:39.717+0000: 15196.654: Total time for which application threads were stopped: 0.0000393 seconds, Stopping threads took: 0.0000103 seconds
2020-05-19T14:50:39.718+0000: 15196.655: Total time for which application threads were stopped: 0.0000961 seconds, Stopping threads took: 0.0000353 seconds
2020-05-19T14:50:39.718+0000: 15196.655: Total time for which application threads were stopped: 0.0001646 seconds, Stopping threads took: 0.0000333 seconds
2020-05-19T14:50:39.718+0000: 15196.655: Total time for which application threads were stopped: 0.0000936 seconds, Stopping threads took: 0.0000370 seconds
2020-05-19T14:50:39.718+0000: 15196.655: Total time for which application threads were stopped: 0.0000605 seconds, Stopping threads took: 0.0000158 seconds
2020-05-19T14:50:52.158+0000: 15209.094: Total time for which application threads were stopped: 0.0003682 seconds, Stopping threads took: 0.0001229 seconds
2020-05-19T14:50:52.169+0000: 15209.105: Total time for which application threads were stopped: 0.0001795 seconds, Stopping threads took: 0.0000596 seconds
{Heap before GC invocations=401 (full 23):
 par new generation   total 109248K, used 109248K [0x00000000e0000000, 0x00000000e8000000, 0x00000000e8000000)
  eden space 87424K, 100% used [0x00000000e0000000, 0x00000000e5560000, 0x00000000e5560000)
  from space 21824K, 100% used [0x00000000e6ab0000, 0x00000000e8000000, 0x00000000e8000000)
  to   space 21824K,   0% used [0x00000000e5560000, 0x00000000e5560000, 0x00000000e6ab0000)
 concurrent mark-sweep generation total 393216K, used 121049K [0x00000000e8000000, 0x0000000100000000, 0x0000000100000000)
 Metaspace       used 57496K, capacity 59248K, committed 59412K, reserved 1101824K
  class space    used 6567K, capacity 6955K, committed 6976K, reserved 1048576K
2020-05-19T14:50:52.214+0000: 15209.150: [GC (Allocation Failure) 2020-05-19T14:50:52.214+0000: 15209.150: [ParNew
Desired survivor size 20112992 bytes, new threshold 5 (max 8)
- age   1:    5580976 bytes,    5580976 total
- age   2:    5040040 bytes,   10621016 total
- age   3:    3317640 bytes,   13938656 total
- age   4:    3070576 bytes,   17009232 total
- age   5:    5118096 bytes,   22127328 total
: 109248K->21824K(109248K), 0.0165539 secs] 230297K->148706K(502464K), 0.0166609 secs] [Times: user=0.06 sys=0.00, real=0.02 secs] 
Heap after GC invocations=402 (full 23):
 par new generation   total 109248K, used 21824K [0x00000000e0000000, 0x00000000e8000000, 0x00000000e8000000)
  eden space 87424K,   0% used [0x00000000e0000000, 0x00000000e0000000, 0x00000000e5560000)
  from space 21824K, 100% used [0x00000000e5560000, 0x00000000e6ab0000, 0x00000000e6ab0000)
  to   space 21824K,   0% used [0x00000000e6ab0000, 0x00000000e6ab0000, 0x00000000e8000000)
 concurrent mark-sweep generation total 393216K, used 126882K [0x00000000e8000000, 0x0000000100000000, 0x0000000100000000)
 Metaspace       used 57496K, capacity 59248K, committed 59412K, reserved 1101824K
  class space    used 6567K, capacity 6955K, committed 6976K, reserved 1048576K
}
2020-05-19T14:50:52.229+0000: 15209.167: Total time for which application threads were stopped: 0.0169746 seconds, Stopping threads took: 0.0000616 seconds
2020-05-19T14:50:52.305+0000: 15209.243: Total time for which application threads were stopped: 0.0001750 seconds, Stopping threads took: 0.0000659 seconds
{Heap before GC invocations=402 (full 23):
 par new generation   total 109248K, used 109248K [0x00000000e0000000, 0x00000000e8000000, 0x00000000e8000000)
  eden space 87424K, 100% used [0x00000000e0000000, 0x00000000e5560000, 0x00000000e5560000)
  from space 21824K, 100% used [0x00000000e5560000, 0x00000000e6ab0000, 0x00000000e6ab0000)
  to   space 21824K,   0% used [0x00000000e6ab0000, 0x00000000e6ab0000, 0x00000000e8000000)
 concurrent mark-sweep generation total 393216K, used 126882K [0x00000000e8000000, 0x0000000100000000, 0x0000000100000000)
 Metaspace       used 57496K, capacity 59248K, committed 59412K, reserved 1101824K
  class space    used 6567K, capacity 6955K, committed 6976K, reserved 1048576K
2020-05-19T14:50:52.334+0000: 15209.271: [GC (Allocation Failure) 2020-05-19T14:50:52.334+0000: 15209.271: [ParNew
Desired survivor size 20112992 bytes, new threshold 5 (max 8)
- age   1:    6615456 bytes,    6615456 total
- age   2:    4050560 bytes,   10666016 total
- age   3:    4995616 bytes,   15661632 total
- age   4:    3317464 bytes,   18979096 total
- age   5:    3070328 bytes,   22049424 total
: 109248K->21824K(109248K), 0.0167100 secs] 236130K->157355K(502464K), 0.0167721 secs] [Times: user=0.06 sys=0.00, real=0.02 secs] 
Heap after GC invocations=403 (full 23):
 par new generation   total 109248K, used 21824K [0x00000000e0000000, 0x00000000e8000000, 0x00000000e8000000)
  eden space 87424K,   0% used [0x00000000e0000000, 0x00000000e0000000, 0x00000000e5560000)
  from space 21824K, 100% used [0x00000000e6ab0000, 0x00000000e8000000, 0x00000000e8000000)
  to   space 21824K,   0% used [0x00000000e5560000, 0x00000000e5560000, 0x00000000e6ab0000)
 concurrent mark-sweep generation total 393216K, used 135531K [0x00000000e8000000, 0x0000000100000000, 0x0000000100000000)
 Metaspace       used 57496K, capacity 59248K, committed 59412K, reserved 1101824K
  class space    used 6567K, capacity 6955K, committed 6976K, reserved 1048576K
}
2020-05-19T14:50:52.351+0000: 15209.288: Total time for which application threads were stopped: 0.0170074 seconds, Stopping threads took: 0.0000600 seconds
{Heap before GC invocations=403 (full 23):
 par new generation   total 109248K, used 109248K [0x00000000e0000000, 0x00000000e8000000, 0x00000000e8000000)
  eden space 87424K, 100% used [0x00000000e0000000, 0x00000000e5560000, 0x00000000e5560000)
  from space 21824K, 100% used [0x00000000e6ab0000, 0x00000000e8000000, 0x00000000e8000000)
  to   space 21824K,   0% used [0x00000000e5560000, 0x00000000e5560000, 0x00000000e6ab0000)
 concurrent mark-sweep generation total 393216K, used 135531K [0x00000000e8000000, 0x0000000100000000, 0x0000000100000000)
 Metaspace       used 57496K, capacity 59248K, committed 59412K, reserved 1101824K
  class space    used 6567K, capacity 6955K, committed 6976K, reserved 1048576K
2020-05-19T14:50:52.428+0000: 15209.364: [GC (Allocation Failure) 2020-05-19T14:50:52.428+0000: 15209.364: [ParNew
Desired survivor size 20112992 bytes, new threshold 5 (max 8)
- age   1:    4471096 bytes,    4471096 total
- age   2:    5646032 bytes,   10117128 total
- age   3:    4033704 bytes,   14150832 total
- age   4:    4994392 bytes,   19145224 total
- age   5:    3195728 bytes,   22340952 total
: 109248K->21824K(109248K), 0.0158547 secs] 244779K->163834K(502464K), 0.0159184 secs] [Times: user=0.06 sys=0.00, real=0.02 secs] 
Heap after GC invocations=404 (full 23):
 par new generation   total 109248K, used 21824K [0x00000000e0000000, 0x00000000e8000000, 0x00000000e8000000)
  eden space 87424K,   0% used [0x00000000e0000000, 0x00000000e0000000, 0x00000000e5560000)
  from space 21824K, 100% used [0x00000000e5560000, 0x00000000e6ab0000, 0x00000000e6ab0000)
  to   space 21824K,   0% used [0x00000000e6ab0000, 0x00000000e6ab0000, 0x00000000e8000000)
 concurrent mark-sweep generation total 393216K, used 142010K [0x00000000e8000000, 0x0000000100000000, 0x0000000100000000)
 Metaspace       used 57496K, capacity 59248K, committed 59412K, reserved 1101824K
  class space    used 6567K, capacity 6955K, committed 6976K, reserved 1048576K
}
2020-05-19T14:50:52.444+0000: 15209.380: Total time for which application threads were stopped: 0.0161380 seconds, Stopping threads took: 0.0000518 seconds
{Heap before GC invocations=404 (full 23):
 par new generation   total 109248K, used 109248K [0x00000000e0000000, 0x00000000e8000000, 0x00000000e8000000)
  eden space 87424K, 100% used [0x00000000e0000000, 0x00000000e5560000, 0x00000000e5560000)
  from space 21824K, 100% used [0x00000000e5560000, 0x00000000e6ab0000, 0x00000000e6ab0000)
  to   space 21824K,   0% used [0x00000000e6ab0000, 0x00000000e6ab0000, 0x00000000e8000000)
 concurrent mark-sweep generation total 393216K, used 142010K [0x00000000e8000000, 0x0000000100000000, 0x0000000100000000)
 Metaspace       used 57496K, capacity 59248K, committed 59412K, reserved 1101824K
  class space    used 6567K, capacity 6955K, committed 6976K, reserved 1048576K
2020-05-19T14:50:52.562+0000: 15209.499: [GC (Allocation Failure) 2020-05-19T14:50:52.562+0000: 15209.499: [ParNew
Desired survivor size 20112992 bytes, new threshold 5 (max 8)
- age   1:    3678752 bytes,    3678752 total
- age   2:    3991952 bytes,    7670704 total
- age   3:    5645928 bytes,   13316632 total
- age   4:    4033568 bytes,   17350200 total
- age   5:    4994352 bytes,   22344552 total
: 109248K->21824K(109248K), 0.0168690 secs] 251258K->172531K(502464K), 0.0169373 secs] [Times: user=0.06 sys=0.00, real=0.02 secs] 
Heap after GC invocations=405 (full 23):
 par new generation   total 109248K, used 21824K [0x00000000e0000000, 0x00000000e8000000, 0x00000000e8000000)
  eden space 87424K,   0% used [0x00000000e0000000, 0x00000000e0000000, 0x00000000e5560000)
  from space 21824K, 100% used [0x00000000e6ab0000, 0x00000000e8000000, 0x00000000e8000000)
  to   space 21824K,   0% used [0x00000000e5560000, 0x00000000e5560000, 0x00000000e6ab0000)
 concurrent mark-sweep generation total 393216K, used 150707K [0x00000000e8000000, 0x0000000100000000, 0x0000000100000000)
 Metaspace       used 57496K, capacity 59248K, committed 59412K, reserved 1101824K
  class space    used 6567K, capacity 6955K, committed 6976K, reserved 1048576K
}
2020-05-19T14:50:52.579+0000: 15209.516: Total time for which application threads were stopped: 0.0172478 seconds, Stopping threads took: 0.0000828 seconds
2020-05-19T14:50:52.582+0000: 15209.519: Total time for which application threads were stopped: 0.0002373 seconds, Stopping threads took: 0.0000498 seconds
2020-05-19T14:50:53.241+0000: 15210.177: Total time for which application threads were stopped: 0.0002196 seconds, Stopping threads took: 0.0001323 seconds
2020-05-19T14:50:53.241+0000: 15210.178: Total time for which application threads were stopped: 0.0001065 seconds, Stopping threads took: 0.0000448 seconds
2020-05-19T14:50:53.241+0000: 15210.178: Total time for which application threads were stopped: 0.0000824 seconds, Stopping threads took: 0.0000359 seconds
2020-05-19T14:50:53.241+0000: 15210.178: Total time for which application threads were stopped: 0.0000881 seconds, Stopping threads took: 0.0000381 seconds
2020-05-19T14:50:53.241+0000: 15210.178: Total time for which application threads were stopped: 0.0000542 seconds, Stopping threads took: 0.0000151 seconds
2020-05-19T14:50:54.140+0000: 15211.078: Total time for which application threads were stopped: 0.0020787 seconds, Stopping threads took: 0.0018930 seconds
2020-05-19T14:50:54.144+0000: 15211.081: Total time for which application threads were stopped: 0.0002325 seconds, Stopping threads took: 0.0000607 seconds
{Heap before GC invocations=405 (full 23):
 par new generation   total 109248K, used 109248K [0x00000000e0000000, 0x00000000e8000000, 0x00000000e8000000)
  eden space 87424K, 100% used [0x00000000e0000000, 0x00000000e5560000, 0x00000000e5560000)
  from space 21824K, 100% used [0x00000000e6ab0000, 0x00000000e8000000, 0x00000000e8000000)
  to   space 21824K,   0% used [0x00000000e5560000, 0x00000000e5560000, 0x00000000e6ab0000)
 concurrent mark-sweep generation total 393216K, used 150707K [0x00000000e8000000, 0x0000000100000000, 0x0000000100000000)
 Metaspace       used 57505K, capacity 59248K, committed 59412K, reserved 1101824K
  class space    used 6567K, capacity 6955K, committed 6976K, reserved 1048576K
2020-05-19T14:50:54.261+0000: 15211.198: [GC (Allocation Failure) 2020-05-19T14:50:54.261+0000: 15211.198: [ParNew
Desired survivor size 20112992 bytes, new threshold 5 (max 8)
- age   1:    6775584 bytes,    6775584 total
- age   2:    1849888 bytes,    8625472 total
- age   3:    3860408 bytes,   12485880 total
- age   4:    5313000 bytes,   17798880 total
- age   5:    3931768 bytes,   21730648 total
: 109248K->21824K(109248K), 0.0189440 secs] 259955K->181864K(502464K), 0.0190063 secs] [Times: user=0.06 sys=0.00, real=0.02 secs] 
Heap after GC invocations=406 (full 23):
 par new generation   total 109248K, used 21824K [0x00000000e0000000, 0x00000000e8000000, 0x00000000e8000000)
  eden space 87424K,   0% used [0x00000000e0000000, 0x00000000e0000000, 0x00000000e5560000)
  from space 21824K, 100% used [0x00000000e5560000, 0x00000000e6ab0000, 0x00000000e6ab0000)
  to   space 21824K,   0% used [0x00000000e6ab0000, 0x00000000e6ab0000, 0x00000000e8000000)
 concurrent mark-sweep generation total 393216K, used 160040K [0x00000000e8000000, 0x0000000100000000, 0x0000000100000000)
 Metaspace       used 57505K, capacity 59248K, committed 59412K, reserved 1101824K
  class space    used 6567K, capacity 6955K, committed 6976K, reserved 1048576K
}
2020-05-19T14:50:54.280+0000: 15211.217: Total time for which application threads were stopped: 0.0192629 seconds, Stopping threads took: 0.0000715 seconds
2020-05-19T14:50:54.285+0000: 15211.222: Total time for which application threads were stopped: 0.0001556 seconds, Stopping threads took: 0.0000662 seconds
{Heap before GC invocations=406 (full 23):
 par new generation   total 109248K, used 109248K [0x00000000e0000000, 0x00000000e8000000, 0x00000000e8000000)
  eden space 87424K, 100% used [0x00000000e0000000, 0x00000000e5560000, 0x00000000e5560000)
  from space 21824K, 100% used [0x00000000e5560000, 0x00000000e6ab0000, 0x00000000e6ab0000)
  to   space 21824K,   0% used [0x00000000e6ab0000, 0x00000000e6ab0000, 0x00000000e8000000)
 concurrent mark-sweep generation total 393216K, used 160040K [0x00000000e8000000, 0x0000000100000000, 0x0000000100000000)
 Metaspace       used 57505K, capacity 59248K, committed 59412K, reserved 1101824K
  class space    used 6567K, capacity 6955K, committed 6976K, reserved 1048576K
2020-05-19T14:50:54.369+0000: 15211.306: [GC (Allocation Failure) 2020-05-19T14:50:54.369+0000: 15211.306: [ParNew
Desired survivor size 20112992 bytes, new threshold 5 (max 8)
- age   1:    6882224 bytes,    6882224 total
- age   2:    4429616 bytes,   11311840 total
- age   3:    1751672 bytes,   13063512 total
- age   4:    3860408 bytes,   16923920 total
- age   5:    5311328 bytes,   22235248 total
: 109248K->21824K(109248K), 0.0177782 secs] 269288K->191630K(502464K), 0.0178696 secs] [Times: user=0.01 sys=0.02, real=0.02 secs] 
Heap after GC invocations=407 (full 23):
 par new generation   total 109248K, used 21824K [0x00000000e0000000, 0x00000000e8000000, 0x00000000e8000000)
  eden space 87424K,   0% used [0x00000000e0000000, 0x00000000e0000000, 0x00000000e5560000)
  from space 21824K, 100% used [0x00000000e6ab0000, 0x00000000e8000000, 0x00000000e8000000)
  to   space 21824K,   0% used [0x00000000e5560000, 0x00000000e5560000, 0x00000000e6ab0000)
 concurrent mark-sweep generation total 393216K, used 169806K [0x00000000e8000000, 0x0000000100000000, 0x0000000100000000)
 Metaspace       used 57505K, capacity 59248K, committed 59412K, reserved 1101824K
  class space    used 6567K, capacity 6955K, committed 6976K, reserved 1048576K
}
2020-05-19T14:50:54.387+0000: 15211.324: Total time for which application threads were stopped: 0.0181773 seconds, Stopping threads took: 0.0000882 seconds
{Heap before GC invocations=407 (full 23):
 par new generation   total 109248K, used 109248K [0x00000000e0000000, 0x00000000e8000000, 0x00000000e8000000)
  eden space 87424K, 100% used [0x00000000e0000000, 0x00000000e5560000, 0x00000000e5560000)
  from space 21824K, 100% used [0x00000000e6ab0000, 0x00000000e8000000, 0x00000000e8000000)
  to   space 21824K,   0% used [0x00000000e5560000, 0x00000000e5560000, 0x00000000e6ab0000)
 concurrent mark-sweep generation total 393216K, used 169806K [0x00000000e8000000, 0x0000000100000000, 0x0000000100000000)
 Metaspace       used 57505K, capacity 59248K, committed 59412K, reserved 1101824K
  class space    used 6567K, capacity 6955K, committed 6976K, reserved 1048576K
2020-05-19T14:50:54.467+0000: 15211.403: [GC (Allocation Failure) 2020-05-19T14:50:54.467+0000: 15211.403: [ParNew
Desired survivor size 20112992 bytes, new threshold 5 (max 8)
- age   1:    7243912 bytes,    7243912 total
- age   2:    3323104 bytes,   10567016 total
- age   3:    4429432 bytes,   14996448 total
- age   4:    1751672 bytes,   16748120 total
- age   5:    3860408 bytes,   20608528 total
: 109248K->21824K(109248K), 0.0160120 secs] 279054K->199669K(502464K), 0.0160954 secs] [Times: user=0.06 sys=0.00, real=0.02 secs] 
Heap after GC invocations=408 (full 23):
 par new generation   total 109248K, used 21824K [0x00000000e0000000, 0x00000000e8000000, 0x00000000e8000000)
  eden space 87424K,   0% used [0x00000000e0000000, 0x00000000e0000000, 0x00000000e5560000)
  from space 21824K, 100% used [0x00000000e5560000, 0x00000000e6ab0000, 0x00000000e6ab0000)
  to   space 21824K,   0% used [0x00000000e6ab0000, 0x00000000e6ab0000, 0x00000000e8000000)
 concurrent mark-sweep generation total 393216K, used 177845K [0x00000000e8000000, 0x0000000100000000, 0x0000000100000000)
 Metaspace       used 57505K, capacity 59248K, committed 59412K, reserved 1101824K
  class space    used 6567K, capacity 6955K, committed 6976K, reserved 1048576K
}
2020-05-19T14:50:54.483+0000: 15211.419: Total time for which application threads were stopped: 0.0163288 seconds, Stopping threads took: 0.0000578 seconds
2020-05-19T14:50:55.184+0000: 15212.121: Total time for which application threads were stopped: 0.0001300 seconds, Stopping threads took: 0.0000488 seconds
2020-05-19T14:50:55.184+0000: 15212.121: Total time for which application threads were stopped: 0.0000937 seconds, Stopping threads took: 0.0000323 seconds
2020-05-19T14:50:55.184+0000: 15212.121: Total time for which application threads were stopped: 0.0000757 seconds, Stopping threads took: 0.0000315 seconds
2020-05-19T14:50:55.184+0000: 15212.121: Total time for which application threads were stopped: 0.0000742 seconds, Stopping threads took: 0.0000309 seconds
2020-05-19T14:50:55.184+0000: 15212.122: Total time for which application threads were stopped: 0.0000745 seconds, Stopping threads took: 0.0000311 seconds
2020-05-19T14:50:59.630+0000: 15216.568: Total time for which application threads were stopped: 0.0001962 seconds, Stopping threads took: 0.0001243 seconds
2020-05-19T14:50:59.632+0000: 15216.570: Total time for which application threads were stopped: 0.0001987 seconds, Stopping threads took: 0.0001042 seconds
2020-05-19T14:50:59.642+0000: 15216.580: Total time for which application threads were stopped: 0.0001523 seconds, Stopping threads took: 0.0000849 seconds
2020-05-19T14:50:59.643+0000: 15216.581: Total time for which application threads were stopped: 0.0001217 seconds, Stopping threads took: 0.0000444 seconds
{Heap before GC invocations=408 (full 23):
 par new generation   total 109248K, used 109248K [0x00000000e0000000, 0x00000000e8000000, 0x00000000e8000000)
  eden space 87424K, 100% used [0x00000000e0000000, 0x00000000e5560000, 0x00000000e5560000)
  from space 21824K, 100% used [0x00000000e5560000, 0x00000000e6ab0000, 0x00000000e6ab0000)
  to   space 21824K,   0% used [0x00000000e6ab0000, 0x00000000e6ab0000, 0x00000000e8000000)
 concurrent mark-sweep generation total 393216K, used 177845K [0x00000000e8000000, 0x0000000100000000, 0x0000000100000000)
 Metaspace       used 57511K, capacity 59248K, committed 59412K, reserved 1101824K
  class space    used 6567K, capacity 6955K, committed 6976K, reserved 1048576K
2020-05-19T14:50:59.709+0000: 15216.646: [GC (Allocation Failure) 2020-05-19T14:50:59.709+0000: 15216.646: [ParNew
Desired survivor size 20112992 bytes, new threshold 5 (max 8)
- age   1:    6897864 bytes,    6897864 total
- age   2:    4129528 bytes,   11027392 total
- age   3:    2999416 bytes,   14026808 total
- age   4:    4365392 bytes,   18392200 total
- age   5:    1751672 bytes,   20143872 total
: 109248K->21824K(109248K), 0.0163219 secs] 287093K->208150K(502464K), 0.0163897 secs] [Times: user=0.06 sys=0.00, real=0.02 secs] 
Heap after GC invocations=409 (full 23):
 par new generation   total 109248K, used 21824K [0x00000000e0000000, 0x00000000e8000000, 0x00000000e8000000)
  eden space 87424K,   0% used [0x00000000e0000000, 0x00000000e0000000, 0x00000000e5560000)
  from space 21824K, 100% used [0x00000000e6ab0000, 0x00000000e8000000, 0x00000000e8000000)
  to   space 21824K,   0% used [0x00000000e5560000, 0x00000000e5560000, 0x00000000e6ab0000)
 concurrent mark-sweep generation total 393216K, used 186326K [0x00000000e8000000, 0x0000000100000000, 0x0000000100000000)
 Metaspace       used 57511K, capacity 59248K, committed 59412K, reserved 1101824K
  class space    used 6567K, capacity 6955K, committed 6976K, reserved 1048576K
}
2020-05-19T14:50:59.725+0000: 15216.663: Total time for which application threads were stopped: 0.0166529 seconds, Stopping threads took: 0.0000887 seconds
2020-05-19T14:50:59.762+0000: 15216.699: Total time for which application threads were stopped: 0.0001375 seconds, Stopping threads took: 0.0000498 seconds
{Heap before GC invocations=409 (full 23):
 par new generation   total 109248K, used 109248K [0x00000000e0000000, 0x00000000e8000000, 0x00000000e8000000)
  eden space 87424K, 100% used [0x00000000e0000000, 0x00000000e5560000, 0x00000000e5560000)
  from space 21824K, 100% used [0x00000000e6ab0000, 0x00000000e8000000, 0x00000000e8000000)
  to   space 21824K,   0% used [0x00000000e5560000, 0x00000000e5560000, 0x00000000e6ab0000)
 concurrent mark-sweep generation total 393216K, used 186326K [0x00000000e8000000, 0x0000000100000000, 0x0000000100000000)
 Metaspace       used 57511K, capacity 59248K, committed 59412K, reserved 1101824K
  class space    used 6567K, capacity 6955K, committed 6976K, reserved 1048576K
2020-05-19T14:50:59.810+0000: 15216.746: [GC (Allocation Failure) 2020-05-19T14:50:59.810+0000: 15216.746: [ParNew
Desired survivor size 20112992 bytes, new threshold 5 (max 8)
- age   1:    6744080 bytes,    6744080 total
- age   2:    3810624 bytes,   10554704 total
- age   3:    4062384 bytes,   14617088 total
- age   4:    2997744 bytes,   17614832 total
- age   5:    4365328 bytes,   21980160 total
: 109248K->21824K(109248K), 0.0148159 secs] 295574K->212437K(502464K), 0.0148777 secs] [Times: user=0.02 sys=0.00, real=0.01 secs] 
Heap after GC invocations=410 (full 23):
 par new generation   total 109248K, used 21824K [0x00000000e0000000, 0x00000000e8000000, 0x00000000e8000000)
  eden space 87424K,   0% used [0x00000000e0000000, 0x00000000e0000000, 0x00000000e5560000)
  from space 21824K, 100% used [0x00000000e5560000, 0x00000000e6ab0000, 0x00000000e6ab0000)
  to   space 21824K,   0% used [0x00000000e6ab0000, 0x00000000e6ab0000, 0x00000000e8000000)
 concurrent mark-sweep generation total 393216K, used 190613K [0x00000000e8000000, 0x0000000100000000, 0x0000000100000000)
 Metaspace       used 57511K, capacity 59248K, committed 59412K, reserved 1101824K
  class space    used 6567K, capacity 6955K, committed 6976K, reserved 1048576K
}
2020-05-19T14:50:59.824+0000: 15216.761: Total time for which application threads were stopped: 0.0151544 seconds, Stopping threads took: 0.0000915 seconds
{Heap before GC invocations=410 (full 23):
 par new generation   total 109248K, used 109248K [0x00000000e0000000, 0x00000000e8000000, 0x00000000e8000000)
  eden space 87424K, 100% used [0x00000000e0000000, 0x00000000e5560000, 0x00000000e5560000)
  from space 21824K, 100% used [0x00000000e5560000, 0x00000000e6ab0000, 0x00000000e6ab0000)
  to   space 21824K,   0% used [0x00000000e6ab0000, 0x00000000e6ab0000, 0x00000000e8000000)
 concurrent mark-sweep generation total 393216K, used 190613K [0x00000000e8000000, 0x0000000100000000, 0x0000000100000000)
 Metaspace       used 57511K, capacity 59248K, committed 59412K, reserved 1101824K
  class space    used 6567K, capacity 6955K, committed 6976K, reserved 1048576K
2020-05-19T14:50:59.901+0000: 15216.837: [GC (Allocation Failure) 2020-05-19T14:50:59.901+0000: 15216.837: [ParNew
Desired survivor size 20112992 bytes, new threshold 5 (max 8)
- age   1:    8872232 bytes,    8872232 total
- age   2:    3791664 bytes,   12663896 total
- age   3:    3310960 bytes,   15974856 total
- age   4:    3117528 bytes,   19092384 total
- age   5:    2965192 bytes,   22057576 total
: 109248K->21824K(109248K), 0.0169842 secs] 299861K->220690K(502464K), 0.0170422 secs] [Times: user=0.06 sys=0.00, real=0.02 secs] 
Heap after GC invocations=411 (full 23):
 par new generation   total 109248K, used 21824K [0x00000000e0000000, 0x00000000e8000000, 0x00000000e8000000)
  eden space 87424K,   0% used [0x00000000e0000000, 0x00000000e0000000, 0x00000000e5560000)
  from space 21824K, 100% used [0x00000000e6ab0000, 0x00000000e8000000, 0x00000000e8000000)
  to   space 21824K,   0% used [0x00000000e5560000, 0x00000000e5560000, 0x00000000e6ab0000)
 concurrent mark-sweep generation total 393216K, used 198866K [0x00000000e8000000, 0x0000000100000000, 0x0000000100000000)
 Metaspace       used 57511K, capacity 59248K, committed 59412K, reserved 1101824K
  class space    used 6567K, capacity 6955K, committed 6976K, reserved 1048576K
}
2020-05-19T14:50:59.917+0000: 15216.854: Total time for which application threads were stopped: 0.0172948 seconds, Stopping threads took: 0.0000597 seconds
2020-05-19T14:50:59.917+0000: 15216.854: [GC (CMS Initial Mark) [1 CMS-initial-mark: 198866K(393216K)] 222017K(502464K), 0.0043194 secs] [Times: user=0.00 sys=0.00, real=0.00 secs] 
2020-05-19T14:50:59.921+0000: 15216.859: Total time for which application threads were stopped: 0.0045443 seconds, Stopping threads took: 0.0001103 seconds
2020-05-19T14:50:59.921+0000: 15216.859: [CMS-concurrent-mark-start]
2020-05-19T14:50:59.944+0000: 15216.881: [CMS-concurrent-mark: 0.023/0.023 secs] [Times: user=0.06 sys=0.00, real=0.02 secs] 
2020-05-19T14:50:59.944+0000: 15216.882: [CMS-concurrent-preclean-start]
2020-05-19T14:50:59.946+0000: 15216.883: [CMS-concurrent-preclean: 0.001/0.001 secs] [Times: user=0.05 sys=0.00, real=0.00 secs] 
2020-05-19T14:50:59.946+0000: 15216.883: [GC (CMS Final Remark) [YG occupancy: 23153 K (109248 K)]{Heap before GC invocations=411 (full 24):
 par new generation   total 109248K, used 23153K [0x00000000e0000000, 0x00000000e8000000, 0x00000000e8000000)
  eden space 87424K,   1% used [0x00000000e0000000, 0x00000000e014c510, 0x00000000e5560000)
  from space 21824K, 100% used [0x00000000e6ab0000, 0x00000000e8000000, 0x00000000e8000000)
  to   space 21824K,   0% used [0x00000000e5560000, 0x00000000e5560000, 0x00000000e6ab0000)
 concurrent mark-sweep generation total 393216K, used 198866K [0x00000000e8000000, 0x0000000100000000, 0x0000000100000000)
 Metaspace       used 57511K, capacity 59248K, committed 59412K, reserved 1101824K
  class space    used 6567K, capacity 6955K, committed 6976K, reserved 1048576K
2020-05-19T14:50:59.946+0000: 15216.883: [GC (CMS Final Remark) 2020-05-19T14:50:59.946+0000: 15216.883: [ParNew
Desired survivor size 20112992 bytes, new threshold 8 (max 8)
- age   1:      68768 bytes,      68768 total
- age   2:    8446472 bytes,    8515240 total
- age   3:    3786368 bytes,   12301608 total
- age   4:    3300912 bytes,   15602520 total
- age   5:    3117528 bytes,   18720048 total
: 23153K->21824K(109248K), 0.0113806 secs] 222019K->223839K(502464K), 0.0114327 secs] [Times: user=0.00 sys=0.00, real=0.01 secs] 
Heap after GC invocations=412 (full 24):
 par new generation   total 109248K, used 21824K [0x00000000e0000000, 0x00000000e8000000, 0x00000000e8000000)
  eden space 87424K,   0% used [0x00000000e0000000, 0x00000000e0000000, 0x00000000e5560000)
  from space 21824K, 100% used [0x00000000e5560000, 0x00000000e6ab0000, 0x00000000e6ab0000)
  to   space 21824K,   0% used [0x00000000e6ab0000, 0x00000000e6ab0000, 0x00000000e8000000)
 concurrent mark-sweep generation total 393216K, used 202015K [0x00000000e8000000, 0x0000000100000000, 0x0000000100000000)
 Metaspace       used 57511K, capacity 59248K, committed 59412K, reserved 1101824K
  class space    used 6567K, capacity 6955K, committed 6976K, reserved 1048576K
}
2020-05-19T14:50:59.958+0000: 15216.895: [Rescan (parallel) , 0.0048879 secs]2020-05-19T14:50:59.963+0000: 15216.900: [weak refs processing, 0.0061792 secs]2020-05-19T14:50:59.969+0000: 15216.906: [class unloading, 0.0110051 secs]2020-05-19T14:50:59.980+0000: 15216.917: [scrub symbol table, 0.0092031 secs]2020-05-19T14:50:59.989+0000: 15216.926: [scrub string table, 0.0005933 secs][1 CMS-remark: 202015K(393216K)] 223839K(502464K), 0.0436703 secs] [Times: user=0.08 sys=0.00, real=0.04 secs] 
2020-05-19T14:50:59.990+0000: 15216.927: Total time for which application threads were stopped: 0.0438469 seconds, Stopping threads took: 0.0000714 seconds
2020-05-19T14:50:59.990+0000: 15216.927: [CMS-concurrent-sweep-start]
2020-05-19T14:50:59.991+0000: 15216.928: Total time for which application threads were stopped: 0.0001162 seconds, Stopping threads took: 0.0000488 seconds
2020-05-19T14:50:59.991+0000: 15216.928: Total time for which application threads were stopped: 0.0000825 seconds, Stopping threads took: 0.0000351 seconds
2020-05-19T14:50:59.991+0000: 15216.928: Total time for which application threads were stopped: 0.0000748 seconds, Stopping threads took: 0.0000358 seconds
2020-05-19T14:50:59.991+0000: 15216.928: Total time for which application threads were stopped: 0.0000700 seconds, Stopping threads took: 0.0000342 seconds
2020-05-19T14:50:59.992+0000: 15216.929: Total time for which application threads were stopped: 0.0001975 seconds, Stopping threads took: 0.0000351 seconds
2020-05-19T14:50:59.992+0000: 15216.929: Total time for which application threads were stopped: 0.0001666 seconds, Stopping threads took: 0.0000347 seconds
2020-05-19T14:51:00.075+0000: 15217.012: [CMS-concurrent-sweep: 0.084/0.085 secs] [Times: user=0.27 sys=0.00, real=0.09 secs] 
2020-05-19T14:51:00.075+0000: 15217.012: [CMS-concurrent-reset-start]
2020-05-19T14:51:00.075+0000: 15217.012: [CMS-concurrent-reset: 0.001/0.001 secs] [Times: user=0.00 sys=0.00, real=0.00 secs] 
2020-05-19T14:51:01.185+0000: 15218.122: Total time for which application threads were stopped: 0.0001682 seconds, Stopping threads took: 0.0000733 seconds
2020-05-19T14:51:01.186+0000: 15218.122: Total time for which application threads were stopped: 0.0001128 seconds, Stopping threads took: 0.0000439 seconds
2020-05-19T14:51:01.186+0000: 15218.123: Total time for which application threads were stopped: 0.0001039 seconds, Stopping threads took: 0.0000419 seconds
2020-05-19T14:51:01.187+0000: 15218.124: Total time for which application threads were stopped: 0.0001247 seconds, Stopping threads took: 0.0000565 seconds
2020-05-19T14:51:01.188+0000: 15218.124: Total time for which application threads were stopped: 0.0001036 seconds, Stopping threads took: 0.0000421 seconds
2020-05-19T14:51:01.188+0000: 15218.124: Total time for which application threads were stopped: 0.0000796 seconds, Stopping threads took: 0.0000369 seconds
2020-05-19T14:51:01.188+0000: 15218.125: Total time for which application threads were stopped: 0.0000732 seconds, Stopping threads took: 0.0000361 seconds
2020-05-19T14:51:03.174+0000: 15220.111: Total time for which application threads were stopped: 0.0001996 seconds, Stopping threads took: 0.0001328 seconds
2020-05-19T14:51:03.177+0000: 15220.113: Total time for which application threads were stopped: 0.0001683 seconds, Stopping threads took: 0.0000601 seconds
2020-05-19T14:51:03.186+0000: 15220.123: Total time for which application threads were stopped: 0.0001229 seconds, Stopping threads took: 0.0000547 seconds
2020-05-19T14:51:03.187+0000: 15220.124: Total time for which application threads were stopped: 0.0001027 seconds, Stopping threads took: 0.0000394 seconds
{Heap before GC invocations=412 (full 24):
 par new generation   total 109248K, used 109248K [0x00000000e0000000, 0x00000000e8000000, 0x00000000e8000000)
  eden space 87424K, 100% used [0x00000000e0000000, 0x00000000e5560000, 0x00000000e5560000)
  from space 21824K, 100% used [0x00000000e5560000, 0x00000000e6ab0000, 0x00000000e6ab0000)
  to   space 21824K,   0% used [0x00000000e6ab0000, 0x00000000e6ab0000, 0x00000000e8000000)
 concurrent mark-sweep generation total 393216K, used 77000K [0x00000000e8000000, 0x0000000100000000, 0x0000000100000000)
 Metaspace       used 57514K, capacity 59248K, committed 59412K, reserved 1101824K
  class space    used 6567K, capacity 6955K, committed 6976K, reserved 1048576K
2020-05-19T14:51:03.210+0000: 15220.147: [GC (Allocation Failure) 2020-05-19T14:51:03.210+0000: 15220.147: [ParNew
Desired survivor size 20112992 bytes, new threshold 6 (max 8)
- age   1:    4373048 bytes,    4373048 total
- age   2:       1944 bytes,    4374992 total
- age   3:    7076872 bytes,   11451864 total
- age   4:    3536744 bytes,   14988608 total
- age   5:    3139808 bytes,   18128416 total
- age   6:    3111648 bytes,   21240064 total
: 109248K->21824K(109248K), 0.0122026 secs] 186248K->102039K(502464K), 0.0122712 secs] [Times: user=0.06 sys=0.00, real=0.01 secs] 
Heap after GC invocations=413 (full 24):
 par new generation   total 109248K, used 21824K [0x00000000e0000000, 0x00000000e8000000, 0x00000000e8000000)
  eden space 87424K,   0% used [0x00000000e0000000, 0x00000000e0000000, 0x00000000e5560000)
  from space 21824K, 100% used [0x00000000e6ab0000, 0x00000000e8000000, 0x00000000e8000000)
  to   space 21824K,   0% used [0x00000000e5560000, 0x00000000e5560000, 0x00000000e6ab0000)
 concurrent mark-sweep generation total 393216K, used 80215K [0x00000000e8000000, 0x0000000100000000, 0x0000000100000000)
 Metaspace       used 57514K, capacity 59248K, committed 59412K, reserved 1101824K
  class space    used 6567K, capacity 6955K, committed 6976K, reserved 1048576K
}
2020-05-19T14:51:03.223+0000: 15220.159: Total time for which application threads were stopped: 0.0125513 seconds, Stopping threads took: 0.0000869 seconds
2020-05-19T14:51:03.299+0000: 15220.237: Total time for which application threads were stopped: 0.0001329 seconds, Stopping threads took: 0.0000473 seconds
{Heap before GC invocations=413 (full 24):
 par new generation   total 109248K, used 109248K [0x00000000e0000000, 0x00000000e8000000, 0x00000000e8000000)
  eden space 87424K, 100% used [0x00000000e0000000, 0x00000000e5560000, 0x00000000e5560000)
  from space 21824K, 100% used [0x00000000e6ab0000, 0x00000000e8000000, 0x00000000e8000000)
  to   space 21824K,   0% used [0x00000000e5560000, 0x00000000e5560000, 0x00000000e6ab0000)
 concurrent mark-sweep generation total 393216K, used 80215K [0x00000000e8000000, 0x0000000100000000, 0x0000000100000000)
 Metaspace       used 57514K, capacity 59248K, committed 59412K, reserved 1101824K
  class space    used 6567K, capacity 6955K, committed 6976K, reserved 1048576K
2020-05-19T14:51:03.316+0000: 15220.253: [GC (Allocation Failure) 2020-05-19T14:51:03.316+0000: 15220.253: [ParNew
Desired survivor size 20112992 bytes, new threshold 6 (max 8)
- age   1:    5477368 bytes,    5477368 total
- age   2:    3083880 bytes,    8561248 total
- age   3:       1904 bytes,    8563152 total
- age   4:    6962736 bytes,   15525888 total
- age   5:    3504696 bytes,   19030584 total
- age   6:    3139608 bytes,   22170192 total
: 109248K->21824K(109248K), 0.0169057 secs] 189463K->109983K(502464K), 0.0169750 secs] [Times: user=0.06 sys=0.00, real=0.02 secs] 
Heap after GC invocations=414 (full 24):
 par new generation   total 109248K, used 21824K [0x00000000e0000000, 0x00000000e8000000, 0x00000000e8000000)
  eden space 87424K,   0% used [0x00000000e0000000, 0x00000000e0000000, 0x00000000e5560000)
  from space 21824K, 100% used [0x00000000e5560000, 0x00000000e6ab0000, 0x00000000e6ab0000)
  to   space 21824K,   0% used [0x00000000e6ab0000, 0x00000000e6ab0000, 0x00000000e8000000)
 concurrent mark-sweep generation total 393216K, used 88159K [0x00000000e8000000, 0x0000000100000000, 0x0000000100000000)
 Metaspace       used 57514K, capacity 59248K, committed 59412K, reserved 1101824K
  class space    used 6567K, capacity 6955K, committed 6976K, reserved 1048576K
}
2020-05-19T14:51:03.333+0000: 15220.270: Total time for which application threads were stopped: 0.0172453 seconds, Stopping threads took: 0.0000937 seconds
{Heap before GC invocations=414 (full 24):
 par new generation   total 109248K, used 109248K [0x00000000e0000000, 0x00000000e8000000, 0x00000000e8000000)
  eden space 87424K, 100% used [0x00000000e0000000, 0x00000000e5560000, 0x00000000e5560000)
  from space 21824K, 100% used [0x00000000e5560000, 0x00000000e6ab0000, 0x00000000e6ab0000)
  to   space 21824K,   0% used [0x00000000e6ab0000, 0x00000000e6ab0000, 0x00000000e8000000)
 concurrent mark-sweep generation total 393216K, used 88159K [0x00000000e8000000, 0x0000000100000000, 0x0000000100000000)
 Metaspace       used 57514K, capacity 59248K, committed 59412K, reserved 1101824K
  class space    used 6567K, capacity 6955K, committed 6976K, reserved 1048576K
2020-05-19T14:51:03.441+0000: 15220.378: [GC (Allocation Failure) 2020-05-19T14:51:03.441+0000: 15220.378: [ParNew
Desired survivor size 20112992 bytes, new threshold 6 (max 8)
- age   1:    3968832 bytes,    3968832 total
- age   2:    5244720 bytes,    9213552 total
- age   3:    2259280 bytes,   11472832 total
- age   4:       1736 bytes,   11474568 total
- age   5:    6933944 bytes,   18408512 total
- age   6:    3236520 bytes,   21645032 total
: 109248K->21824K(109248K), 0.0209916 secs] 197407K->122009K(502464K), 0.0210633 secs] [Times: user=0.09 sys=0.00, real=0.02 secs] 
Heap after GC invocations=415 (full 24):
 par new generation   total 109248K, used 21824K [0x00000000e0000000, 0x00000000e8000000, 0x00000000e8000000)
  eden space 87424K,   0% used [0x00000000e0000000, 0x00000000e0000000, 0x00000000e5560000)
  from space 21824K, 100% used [0x00000000e6ab0000, 0x00000000e8000000, 0x00000000e8000000)
  to   space 21824K,   0% used [0x00000000e5560000, 0x00000000e5560000, 0x00000000e6ab0000)
 concurrent mark-sweep generation total 393216K, used 100185K [0x00000000e8000000, 0x0000000100000000, 0x0000000100000000)
 Metaspace       used 57514K, capacity 59248K, committed 59412K, reserved 1101824K
  class space    used 6567K, capacity 6955K, committed 6976K, reserved 1048576K
}
2020-05-19T14:51:03.462+0000: 15220.399: Total time for which application threads were stopped: 0.0213665 seconds, Stopping threads took: 0.0000919 seconds
{Heap before GC invocations=415 (full 24):
 par new generation   total 109248K, used 109248K [0x00000000e0000000, 0x00000000e8000000, 0x00000000e8000000)
  eden space 87424K, 100% used [0x00000000e0000000, 0x00000000e5560000, 0x00000000e5560000)
  from space 21824K, 100% used [0x00000000e6ab0000, 0x00000000e8000000, 0x00000000e8000000)
  to   space 21824K,   0% used [0x00000000e5560000, 0x00000000e5560000, 0x00000000e6ab0000)
 concurrent mark-sweep generation total 393216K, used 100185K [0x00000000e8000000, 0x0000000100000000, 0x0000000100000000)
 Metaspace       used 57514K, capacity 59248K, committed 59412K, reserved 1101824K
  class space    used 6567K, capacity 6955K, committed 6976K, reserved 1048576K
2020-05-19T14:51:03.550+0000: 15220.486: [GC (Allocation Failure) 2020-05-19T14:51:03.550+0000: 15220.486: [ParNew
Desired survivor size 20112992 bytes, new threshold 6 (max 8)
- age   1:    4994920 bytes,    4994920 total
- age   2:    2907856 bytes,    7902776 total
- age   3:    4723472 bytes,   12626248 total
- age   4:    2171424 bytes,   14797672 total
- age   5:       1376 bytes,   14799048 total
- age   6:    6667616 bytes,   21466664 total
: 109248K->21824K(109248K), 0.0158128 secs] 209433K->131956K(502464K), 0.0158800 secs] [Times: user=0.06 sys=0.00, real=0.02 secs] 
Heap after GC invocations=416 (full 24):
 par new generation   total 109248K, used 21824K [0x00000000e0000000, 0x00000000e8000000, 0x00000000e8000000)
  eden space 87424K,   0% used [0x00000000e0000000, 0x00000000e0000000, 0x00000000e5560000)
  from space 21824K, 100% used [0x00000000e5560000, 0x00000000e6ab0000, 0x00000000e6ab0000)
  to   space 21824K,   0% used [0x00000000e6ab0000, 0x00000000e6ab0000, 0x00000000e8000000)
 concurrent mark-sweep generation total 393216K, used 110132K [0x00000000e8000000, 0x0000000100000000, 0x0000000100000000)
 Metaspace       used 57514K, capacity 59248K, committed 59412K, reserved 1101824K
  class space    used 6567K, capacity 6955K, committed 6976K, reserved 1048576K
}
2020-05-19T14:51:03.566+0000: 15220.502: Total time for which application threads were stopped: 0.0161466 seconds, Stopping threads took: 0.0000621 seconds
2020-05-19T14:51:04.241+0000: 15221.178: Total time for which application threads were stopped: 0.0001554 seconds, Stopping threads took: 0.0000830 seconds
2020-05-19T14:51:04.242+0000: 15221.179: Total time for which application threads were stopped: 0.0001067 seconds, Stopping threads took: 0.0000450 seconds
2020-05-19T14:51:04.242+0000: 15221.179: Total time for which application threads were stopped: 0.0000827 seconds, Stopping threads took: 0.0000364 seconds
2020-05-19T14:51:04.242+0000: 15221.179: Total time for which application threads were stopped: 0.0000596 seconds, Stopping threads took: 0.0000288 seconds
2020-05-19T14:51:04.242+0000: 15221.179: Total time for which application threads were stopped: 0.0000398 seconds, Stopping threads took: 0.0000105 seconds
2020-05-19T14:51:07.530+0000: 15224.466: Total time for which application threads were stopped: 0.0003915 seconds, Stopping threads took: 0.0002851 seconds
2020-05-19T14:51:07.533+0000: 15224.469: Total time for which application threads were stopped: 0.0002375 seconds, Stopping threads took: 0.0000857 seconds
2020-05-19T14:51:07.535+0000: 15224.472: Total time for which application threads were stopped: 0.0002043 seconds, Stopping threads took: 0.0000686 seconds
{Heap before GC invocations=416 (full 24):
 par new generation   total 109248K, used 109248K [0x00000000e0000000, 0x00000000e8000000, 0x00000000e8000000)
  eden space 87424K, 100% used [0x00000000e0000000, 0x00000000e5560000, 0x00000000e5560000)
  from space 21824K, 100% used [0x00000000e5560000, 0x00000000e6ab0000, 0x00000000e6ab0000)
  to   space 21824K,   0% used [0x00000000e6ab0000, 0x00000000e6ab0000, 0x00000000e8000000)
 concurrent mark-sweep generation total 393216K, used 110132K [0x00000000e8000000, 0x0000000100000000, 0x0000000100000000)
 Metaspace       used 57518K, capacity 59312K, committed 59412K, reserved 1101824K
  class space    used 6567K, capacity 6955K, committed 6976K, reserved 1048576K
2020-05-19T14:51:07.646+0000: 15224.584: [GC (Allocation Failure) 2020-05-19T14:51:07.646+0000: 15224.584: [ParNew
Desired survivor size 20112992 bytes, new threshold 5 (max 8)
- age   1:    7871792 bytes,    7871792 total
- age   2:    3645216 bytes,   11517008 total
- age   3:    2863080 bytes,   14380088 total
- age   4:    4484488 bytes,   18864576 total
- age   5:    2139968 bytes,   21004544 total
- age   6:       1376 bytes,   21005920 total
: 109248K->21824K(109248K), 0.0172809 secs] 219380K->141370K(502464K), 0.0173495 secs] [Times: user=0.08 sys=0.00, real=0.02 secs] 
Heap after GC invocations=417 (full 24):
 par new generation   total 109248K, used 21824K [0x00000000e0000000, 0x00000000e8000000, 0x00000000e8000000)
  eden space 87424K,   0% used [0x00000000e0000000, 0x00000000e0000000, 0x00000000e5560000)
  from space 21824K, 100% used [0x00000000e6ab0000, 0x00000000e8000000, 0x00000000e8000000)
  to   space 21824K,   0% used [0x00000000e5560000, 0x00000000e5560000, 0x00000000e6ab0000)
 concurrent mark-sweep generation total 393216K, used 119546K [0x00000000e8000000, 0x0000000100000000, 0x0000000100000000)
 Metaspace       used 57518K, capacity 59312K, committed 59412K, reserved 1101824K
  class space    used 6567K, capacity 6955K, committed 6976K, reserved 1048576K
}
2020-05-19T14:51:07.664+0000: 15224.601: Total time for which application threads were stopped: 0.0176414 seconds, Stopping threads took: 0.0000905 seconds
2020-05-19T14:51:07.678+0000: 15224.615: Total time for which application threads were stopped: 0.0002540 seconds, Stopping threads took: 0.0000450 seconds
{Heap before GC invocations=417 (full 24):
 par new generation   total 109248K, used 109248K [0x00000000e0000000, 0x00000000e8000000, 0x00000000e8000000)
  eden space 87424K, 100% used [0x00000000e0000000, 0x00000000e5560000, 0x00000000e5560000)
  from space 21824K, 100% used [0x00000000e6ab0000, 0x00000000e8000000, 0x00000000e8000000)
  to   space 21824K,   0% used [0x00000000e5560000, 0x00000000e5560000, 0x00000000e6ab0000)
 concurrent mark-sweep generation total 393216K, used 119546K [0x00000000e8000000, 0x0000000100000000, 0x0000000100000000)
 Metaspace       used 57518K, capacity 59312K, committed 59412K, reserved 1101824K
  class space    used 6567K, capacity 6955K, committed 6976K, reserved 1048576K
2020-05-19T14:51:07.745+0000: 15224.682: [GC (Allocation Failure) 2020-05-19T14:51:07.745+0000: 15224.682: [ParNew
Desired survivor size 20112992 bytes, new threshold 5 (max 8)
- age   1:    5009208 bytes,    5009208 total
- age   2:    6481120 bytes,   11490328 total
- age   3:    3628264 bytes,   15118592 total
- age   4:    2275576 bytes,   17394168 total
- age   5:    3149728 bytes,   20543896 total
: 109248K->21824K(109248K), 0.0162618 secs] 228794K->151092K(502464K), 0.0163292 secs] [Times: user=0.05 sys=0.00, real=0.02 secs] 
Heap after GC invocations=418 (full 24):
 par new generation   total 109248K, used 21824K [0x00000000e0000000, 0x00000000e8000000, 0x00000000e8000000)
  eden space 87424K,   0% used [0x00000000e0000000, 0x00000000e0000000, 0x00000000e5560000)
  from space 21824K, 100% used [0x00000000e5560000, 0x00000000e6ab0000, 0x00000000e6ab0000)
  to   space 21824K,   0% used [0x00000000e6ab0000, 0x00000000e6ab0000, 0x00000000e8000000)
 concurrent mark-sweep generation total 393216K, used 129268K [0x00000000e8000000, 0x0000000100000000, 0x0000000100000000)
 Metaspace       used 57518K, capacity 59312K, committed 59412K, reserved 1101824K
  class space    used 6567K, capacity 6955K, committed 6976K, reserved 1048576K
}
2020-05-19T14:51:07.762+0000: 15224.698: Total time for which application threads were stopped: 0.0165541 seconds, Stopping threads took: 0.0000554 seconds
{Heap before GC invocations=418 (full 24):
 par new generation   total 109248K, used 109248K [0x00000000e0000000, 0x00000000e8000000, 0x00000000e8000000)
  eden space 87424K, 100% used [0x00000000e0000000, 0x00000000e5560000, 0x00000000e5560000)
  from space 21824K, 100% used [0x00000000e5560000, 0x00000000e6ab0000, 0x00000000e6ab0000)
  to   space 21824K,   0% used [0x00000000e6ab0000, 0x00000000e6ab0000, 0x00000000e8000000)
 concurrent mark-sweep generation total 393216K, used 129268K [0x00000000e8000000, 0x0000000100000000, 0x0000000100000000)
 Metaspace       used 57518K, capacity 59312K, committed 59412K, reserved 1101824K
  class space    used 6567K, capacity 6955K, committed 6976K, reserved 1048576K
2020-05-19T14:51:07.843+0000: 15224.780: [GC (Allocation Failure) 2020-05-19T14:51:07.843+0000: 15224.780: [ParNew
Desired survivor size 20112992 bytes, new threshold 4 (max 8)
- age   1:    6689104 bytes,    6689104 total
- age   2:    3826536 bytes,   10515640 total
- age   3:    6388008 bytes,   16903648 total
- age   4:    3628072 bytes,   20531720 total
- age   5:    1258216 bytes,   21789936 total
: 109248K->21824K(109248K), 0.0174345 secs] 238516K->159312K(502464K), 0.0175053 secs] [Times: user=0.06 sys=0.00, real=0.02 secs] 
Heap after GC invocations=419 (full 24):
 par new generation   total 109248K, used 21824K [0x00000000e0000000, 0x00000000e8000000, 0x00000000e8000000)
  eden space 87424K,   0% used [0x00000000e0000000, 0x00000000e0000000, 0x00000000e5560000)
  from space 21824K, 100% used [0x00000000e6ab0000, 0x00000000e8000000, 0x00000000e8000000)
  to   space 21824K,   0% used [0x00000000e5560000, 0x00000000e5560000, 0x00000000e6ab0000)
 concurrent mark-sweep generation total 393216K, used 137488K [0x00000000e8000000, 0x0000000100000000, 0x0000000100000000)
 Metaspace       used 57518K, capacity 59312K, committed 59412K, reserved 1101824K
  class space    used 6567K, capacity 6955K, committed 6976K, reserved 1048576K
}
2020-05-19T14:51:07.861+0000: 15224.798: Total time for which application threads were stopped: 0.0177856 seconds, Stopping threads took: 0.0000906 seconds
2020-05-19T14:51:08.517+0000: 15225.455: Total time for which application threads were stopped: 0.0001597 seconds, Stopping threads took: 0.0000504 seconds
2020-05-19T14:51:08.517+0000: 15225.455: Total time for which application threads were stopped: 0.0001131 seconds, Stopping threads took: 0.0000450 seconds
2020-05-19T14:51:08.517+0000: 15225.455: Total time for which application threads were stopped: 0.0000571 seconds, Stopping threads took: 0.0000140 seconds
2020-05-19T14:51:08.518+0000: 15225.455: Total time for which application threads were stopped: 0.0000985 seconds, Stopping threads took: 0.0000439 seconds
2020-05-19T14:51:08.518+0000: 15225.455: Total time for which application threads were stopped: 0.0001405 seconds, Stopping threads took: 0.0000820 seconds
2020-05-19T14:51:30.456+0000: 15247.392: Total time for which application threads were stopped: 0.0004844 seconds, Stopping threads took: 0.0003608 seconds
2020-05-19T14:51:30.472+0000: 15247.409: Total time for which application threads were stopped: 0.0001463 seconds, Stopping threads took: 0.0000252 seconds
2020-05-19T14:51:30.473+0000: 15247.410: Total time for which application threads were stopped: 0.0001051 seconds, Stopping threads took: 0.0000224 seconds
{Heap before GC invocations=419 (full 24):
 par new generation   total 109248K, used 109248K [0x00000000e0000000, 0x00000000e8000000, 0x00000000e8000000)
  eden space 87424K, 100% used [0x00000000e0000000, 0x00000000e5560000, 0x00000000e5560000)
  from space 21824K, 100% used [0x00000000e6ab0000, 0x00000000e8000000, 0x00000000e8000000)
  to   space 21824K,   0% used [0x00000000e5560000, 0x00000000e5560000, 0x00000000e6ab0000)
 concurrent mark-sweep generation total 393216K, used 137488K [0x00000000e8000000, 0x0000000100000000, 0x0000000100000000)
 Metaspace       used 57519K, capacity 59312K, committed 59412K, reserved 1101824K
  class space    used 6567K, capacity 6955K, committed 6976K, reserved 1048576K
2020-05-19T14:51:30.532+0000: 15247.469: [GC (Allocation Failure) 2020-05-19T14:51:30.532+0000: 15247.469: [ParNew
Desired survivor size 20112992 bytes, new threshold 4 (max 8)
- age   1:    6504128 bytes,    6504128 total
- age   2:    4452312 bytes,   10956440 total
- age   3:    3503120 bytes,   14459560 total
- age   4:    6097944 bytes,   20557504 total
: 109248K->21824K(109248K), 0.0176206 secs] 246736K->166576K(502464K), 0.0177139 secs] [Times: user=0.06 sys=0.00, real=0.02 secs] 
Heap after GC invocations=420 (full 24):
 par new generation   total 109248K, used 21824K [0x00000000e0000000, 0x00000000e8000000, 0x00000000e8000000)
  eden space 87424K,   0% used [0x00000000e0000000, 0x00000000e0000000, 0x00000000e5560000)
  from space 21824K, 100% used [0x00000000e5560000, 0x00000000e6ab0000, 0x00000000e6ab0000)
  to   space 21824K,   0% used [0x00000000e6ab0000, 0x00000000e6ab0000, 0x00000000e8000000)
 concurrent mark-sweep generation total 393216K, used 144752K [0x00000000e8000000, 0x0000000100000000, 0x0000000100000000)
 Metaspace       used 57519K, capacity 59312K, committed 59412K, reserved 1101824K
  class space    used 6567K, capacity 6955K, committed 6976K, reserved 1048576K
}
2020-05-19T14:51:30.550+0000: 15247.487: Total time for which application threads were stopped: 0.0180132 seconds, Stopping threads took: 0.0000860 seconds
2020-05-19T14:51:30.620+0000: 15247.558: Total time for which application threads were stopped: 0.0001832 seconds, Stopping threads took: 0.0000925 seconds
{Heap before GC invocations=420 (full 24):
 par new generation   total 109248K, used 109248K [0x00000000e0000000, 0x00000000e8000000, 0x00000000e8000000)
  eden space 87424K, 100% used [0x00000000e0000000, 0x00000000e5560000, 0x00000000e5560000)
  from space 21824K, 100% used [0x00000000e5560000, 0x00000000e6ab0000, 0x00000000e6ab0000)
  to   space 21824K,   0% used [0x00000000e6ab0000, 0x00000000e6ab0000, 0x00000000e8000000)
 concurrent mark-sweep generation total 393216K, used 144752K [0x00000000e8000000, 0x0000000100000000, 0x0000000100000000)
 Metaspace       used 57519K, capacity 59312K, committed 59412K, reserved 1101824K
  class space    used 6567K, capacity 6955K, committed 6976K, reserved 1048576K
2020-05-19T14:51:30.655+0000: 15247.592: [GC (Allocation Failure) 2020-05-19T14:51:30.655+0000: 15247.592: [ParNew
Desired survivor size 20112992 bytes, new threshold 8 (max 8)
- age   1:    6633992 bytes,    6633992 total
- age   2:    5108192 bytes,   11742184 total
- age   3:    4452224 bytes,   16194408 total
- age   4:    3502656 bytes,   19697064 total
: 109248K->21824K(109248K), 0.0141418 secs] 254000K->173502K(502464K), 0.0142070 secs] [Times: user=0.06 sys=0.00, real=0.02 secs] 
Heap after GC invocations=421 (full 24):
 par new generation   total 109248K, used 21824K [0x00000000e0000000, 0x00000000e8000000, 0x00000000e8000000)
  eden space 87424K,   0% used [0x00000000e0000000, 0x00000000e0000000, 0x00000000e5560000)
  from space 21824K, 100% used [0x00000000e6ab0000, 0x00000000e8000000, 0x00000000e8000000)
  to   space 21824K,   0% used [0x00000000e5560000, 0x00000000e5560000, 0x00000000e6ab0000)
 concurrent mark-sweep generation total 393216K, used 151678K [0x00000000e8000000, 0x0000000100000000, 0x0000000100000000)
 Metaspace       used 57519K, capacity 59312K, committed 59412K, reserved 1101824K
  class space    used 6567K, capacity 6955K, committed 6976K, reserved 1048576K
}
2020-05-19T14:51:30.670+0000: 15247.607: Total time for which application threads were stopped: 0.0144843 seconds, Stopping threads took: 0.0001061 seconds
{Heap before GC invocations=421 (full 24):
 par new generation   total 109248K, used 109248K [0x00000000e0000000, 0x00000000e8000000, 0x00000000e8000000)
  eden space 87424K, 100% used [0x00000000e0000000, 0x00000000e5560000, 0x00000000e5560000)
  from space 21824K, 100% used [0x00000000e6ab0000, 0x00000000e8000000, 0x00000000e8000000)
  to   space 21824K,   0% used [0x00000000e5560000, 0x00000000e5560000, 0x00000000e6ab0000)
 concurrent mark-sweep generation total 393216K, used 151678K [0x00000000e8000000, 0x0000000100000000, 0x0000000100000000)
 Metaspace       used 57519K, capacity 59312K, committed 59412K, reserved 1101824K
  class space    used 6567K, capacity 6955K, committed 6976K, reserved 1048576K
2020-05-19T14:51:30.776+0000: 15247.712: [GC (Allocation Failure) 2020-05-19T14:51:30.776+0000: 15247.713: [ParNew
Desired survivor size 20112992 bytes, new threshold 5 (max 8)
- age   1:    5585568 bytes,    5585568 total
- age   2:    3509528 bytes,    9095096 total
- age   3:    4555632 bytes,   13650728 total
- age   4:    4452224 bytes,   18102952 total
- age   5:    3502656 bytes,   21605608 total
: 109248K->21824K(109248K), 0.0149708 secs] 260926K->177654K(502464K), 0.0150593 secs] [Times: user=0.06 sys=0.00, real=0.01 secs] 
Heap after GC invocations=422 (full 24):
 par new generation   total 109248K, used 21824K [0x00000000e0000000, 0x00000000e8000000, 0x00000000e8000000)
  eden space 87424K,   0% used [0x00000000e0000000, 0x00000000e0000000, 0x00000000e5560000)
  from space 21824K, 100% used [0x00000000e5560000, 0x00000000e6ab0000, 0x00000000e6ab0000)
  to   space 21824K,   0% used [0x00000000e6ab0000, 0x00000000e6ab0000, 0x00000000e8000000)
 concurrent mark-sweep generation total 393216K, used 155830K [0x00000000e8000000, 0x0000000100000000, 0x0000000100000000)
 Metaspace       used 57519K, capacity 59312K, committed 59412K, reserved 1101824K
  class space    used 6567K, capacity 6955K, committed 6976K, reserved 1048576K
}
2020-05-19T14:51:30.791+0000: 15247.728: Total time for which application threads were stopped: 0.0153455 seconds, Stopping threads took: 0.0000583 seconds
2020-05-19T14:51:31.483+0000: 15248.419: Total time for which application threads were stopped: 0.0001967 seconds, Stopping threads took: 0.0001215 seconds
2020-05-19T14:51:31.483+0000: 15248.420: Total time for which application threads were stopped: 0.0000924 seconds, Stopping threads took: 0.0000378 seconds
2020-05-19T14:51:31.483+0000: 15248.420: Total time for which application threads were stopped: 0.0000779 seconds, Stopping threads took: 0.0000362 seconds
2020-05-19T14:51:31.484+0000: 15248.421: Total time for which application threads were stopped: 0.0001738 seconds, Stopping threads took: 0.0001084 seconds
2020-05-19T14:51:31.484+0000: 15248.421: Total time for which application threads were stopped: 0.0000882 seconds, Stopping threads took: 0.0000368 seconds
2020-05-19T14:51:31.484+0000: 15248.421: Total time for which application threads were stopped: 0.0000435 seconds, Stopping threads took: 0.0000107 seconds
2020-05-19T14:51:31.484+0000: 15248.421: Total time for which application threads were stopped: 0.0000410 seconds, Stopping threads took: 0.0000093 seconds
2020-05-19T14:51:45.474+0000: 15262.411: Total time for which application threads were stopped: 0.0000783 seconds, Stopping threads took: 0.0000220 seconds
2020-05-19T14:51:46.475+0000: 15263.411: Total time for which application threads were stopped: 0.0002606 seconds, Stopping threads took: 0.0000853 seconds
2020-05-19T14:52:10.570+0000: 15287.507: Total time for which application threads were stopped: 0.0001924 seconds, Stopping threads took: 0.0001122 seconds
2020-05-19T14:52:10.572+0000: 15287.509: Total time for which application threads were stopped: 0.0001427 seconds, Stopping threads took: 0.0000501 seconds
2020-05-19T14:52:10.573+0000: 15287.511: Total time for which application threads were stopped: 0.0001937 seconds, Stopping threads took: 0.0000782 seconds
{Heap before GC invocations=422 (full 24):
 par new generation   total 109248K, used 109248K [0x00000000e0000000, 0x00000000e8000000, 0x00000000e8000000)
  eden space 87424K, 100% used [0x00000000e0000000, 0x00000000e5560000, 0x00000000e5560000)
  from space 21824K, 100% used [0x00000000e5560000, 0x00000000e6ab0000, 0x00000000e6ab0000)
  to   space 21824K,   0% used [0x00000000e6ab0000, 0x00000000e6ab0000, 0x00000000e8000000)
 concurrent mark-sweep generation total 393216K, used 155830K [0x00000000e8000000, 0x0000000100000000, 0x0000000100000000)
 Metaspace       used 57525K, capacity 59312K, committed 59412K, reserved 1101824K
  class space    used 6567K, capacity 6955K, committed 6976K, reserved 1048576K
2020-05-19T14:52:10.575+0000: 15287.513: [GC (Allocation Failure) 2020-05-19T14:52:10.575+0000: 15287.513: [ParNew
Desired survivor size 20112992 bytes, new threshold 8 (max 8)
- age   1:    3604112 bytes,    3604112 total
- age   2:    3796432 bytes,    7400544 total
- age   3:    3248136 bytes,   10648680 total
- age   4:    4476088 bytes,   15124768 total
- age   5:    4452224 bytes,   19576992 total
: 109248K->21824K(109248K), 0.0127636 secs] 265078K->181151K(502464K), 0.0128331 secs] [Times: user=0.02 sys=0.05, real=0.01 secs] 
Heap after GC invocations=423 (full 24):
 par new generation   total 109248K, used 21824K [0x00000000e0000000, 0x00000000e8000000, 0x00000000e8000000)
  eden space 87424K,   0% used [0x00000000e0000000, 0x00000000e0000000, 0x00000000e5560000)
  from space 21824K, 100% used [0x00000000e6ab0000, 0x00000000e8000000, 0x00000000e8000000)
  to   space 21824K,   0% used [0x00000000e5560000, 0x00000000e5560000, 0x00000000e6ab0000)
 concurrent mark-sweep generation total 393216K, used 159327K [0x00000000e8000000, 0x0000000100000000, 0x0000000100000000)
 Metaspace       used 57525K, capacity 59312K, committed 59412K, reserved 1101824K
  class space    used 6567K, capacity 6955K, committed 6976K, reserved 1048576K
}
2020-05-19T14:52:10.588+0000: 15287.525: Total time for which application threads were stopped: 0.0131026 seconds, Stopping threads took: 0.0000887 seconds
2020-05-19T14:52:10.722+0000: 15287.659: Total time for which application threads were stopped: 0.0001442 seconds, Stopping threads took: 0.0000560 seconds
{Heap before GC invocations=423 (full 24):
 par new generation   total 109248K, used 109248K [0x00000000e0000000, 0x00000000e8000000, 0x00000000e8000000)
  eden space 87424K, 100% used [0x00000000e0000000, 0x00000000e5560000, 0x00000000e5560000)
  from space 21824K, 100% used [0x00000000e6ab0000, 0x00000000e8000000, 0x00000000e8000000)
  to   space 21824K,   0% used [0x00000000e5560000, 0x00000000e5560000, 0x00000000e6ab0000)
 concurrent mark-sweep generation total 393216K, used 159327K [0x00000000e8000000, 0x0000000100000000, 0x0000000100000000)
 Metaspace       used 57525K, capacity 59312K, committed 59412K, reserved 1101824K
  class space    used 6567K, capacity 6955K, committed 6976K, reserved 1048576K
2020-05-19T14:52:10.729+0000: 15287.666: [GC (Allocation Failure) 2020-05-19T14:52:10.729+0000: 15287.666: [ParNew
Desired survivor size 20112992 bytes, new threshold 6 (max 8)
- age   1:    3775136 bytes,    3775136 total
- age   2:    2849120 bytes,    6624256 total
- age   3:    3082808 bytes,    9707064 total
- age   4:    3194856 bytes,   12901920 total
- age   5:    4463336 bytes,   17365256 total
- age   6:    4450840 bytes,   21816096 total
: 109248K->21824K(109248K), 0.0157756 secs] 268575K->186629K(502464K), 0.0158430 secs] [Times: user=0.06 sys=0.00, real=0.02 secs] 
Heap after GC invocations=424 (full 24):
 par new generation   total 109248K, used 21824K [0x00000000e0000000, 0x00000000e8000000, 0x00000000e8000000)
  eden space 87424K,   0% used [0x00000000e0000000, 0x00000000e0000000, 0x00000000e5560000)
  from space 21824K, 100% used [0x00000000e5560000, 0x00000000e6ab0000, 0x00000000e6ab0000)
  to   space 21824K,   0% used [0x00000000e6ab0000, 0x00000000e6ab0000, 0x00000000e8000000)
 concurrent mark-sweep generation total 393216K, used 164805K [0x00000000e8000000, 0x0000000100000000, 0x0000000100000000)
 Metaspace       used 57525K, capacity 59312K, committed 59412K, reserved 1101824K
  class space    used 6567K, capacity 6955K, committed 6976K, reserved 1048576K
}
2020-05-19T14:52:10.745+0000: 15287.682: Total time for which application threads were stopped: 0.0161125 seconds, Stopping threads took: 0.0000590 seconds
{Heap before GC invocations=424 (full 24):
 par new generation   total 109248K, used 109248K [0x00000000e0000000, 0x00000000e8000000, 0x00000000e8000000)
  eden space 87424K, 100% used [0x00000000e0000000, 0x00000000e5560000, 0x00000000e5560000)
  from space 21824K, 100% used [0x00000000e5560000, 0x00000000e6ab0000, 0x00000000e6ab0000)
  to   space 21824K,   0% used [0x00000000e6ab0000, 0x00000000e6ab0000, 0x00000000e8000000)
 concurrent mark-sweep generation total 393216K, used 164805K [0x00000000e8000000, 0x0000000100000000, 0x0000000100000000)
 Metaspace       used 57525K, capacity 59312K, committed 59412K, reserved 1101824K
  class space    used 6567K, capacity 6955K, committed 6976K, reserved 1048576K
2020-05-19T14:52:10.827+0000: 15287.764: [GC (Allocation Failure) 2020-05-19T14:52:10.827+0000: 15287.764: [ParNew
Desired survivor size 20112992 bytes, new threshold 6 (max 8)
- age   1:    6812272 bytes,    6812272 total
- age   2:    3186128 bytes,    9998400 total
- age   3:    2844168 bytes,   12842568 total
- age   4:    3070992 bytes,   15913560 total
- age   5:    3149056 bytes,   19062616 total
- age   6:    2469832 bytes,   21532448 total
: 109248K->21824K(109248K), 0.0180492 secs] 274053K->196739K(502464K), 0.0181268 secs] [Times: user=0.06 sys=0.00, real=0.02 secs] 
Heap after GC invocations=425 (full 24):
 par new generation   total 109248K, used 21824K [0x00000000e0000000, 0x00000000e8000000, 0x00000000e8000000)
  eden space 87424K,   0% used [0x00000000e0000000, 0x00000000e0000000, 0x00000000e5560000)
  from space 21824K, 100% used [0x00000000e6ab0000, 0x00000000e8000000, 0x00000000e8000000)
  to   space 21824K,   0% used [0x00000000e5560000, 0x00000000e5560000, 0x00000000e6ab0000)
 concurrent mark-sweep generation total 393216K, used 174915K [0x00000000e8000000, 0x0000000100000000, 0x0000000100000000)
 Metaspace       used 57525K, capacity 59312K, committed 59412K, reserved 1101824K
  class space    used 6567K, capacity 6955K, committed 6976K, reserved 1048576K
}
2020-05-19T14:52:10.846+0000: 15287.782: Total time for which application threads were stopped: 0.0184237 seconds, Stopping threads took: 0.0000639 seconds
2020-05-19T14:52:10.846+0000: 15287.782: Total time for which application threads were stopped: 0.0001694 seconds, Stopping threads took: 0.0000753 seconds
2020-05-19T14:52:10.846+0000: 15287.783: Total time for which application threads were stopped: 0.0001844 seconds, Stopping threads took: 0.0001174 seconds
{Heap before GC invocations=425 (full 24):
 par new generation   total 109248K, used 109248K [0x00000000e0000000, 0x00000000e8000000, 0x00000000e8000000)
  eden space 87424K, 100% used [0x00000000e0000000, 0x00000000e5560000, 0x00000000e5560000)
  from space 21824K, 100% used [0x00000000e6ab0000, 0x00000000e8000000, 0x00000000e8000000)
  to   space 21824K,   0% used [0x00000000e5560000, 0x00000000e5560000, 0x00000000e6ab0000)
 concurrent mark-sweep generation total 393216K, used 174915K [0x00000000e8000000, 0x0000000100000000, 0x0000000100000000)
 Metaspace       used 57525K, capacity 59312K, committed 59412K, reserved 1101824K
  class space    used 6567K, capacity 6955K, committed 6976K, reserved 1048576K
2020-05-19T14:52:10.920+0000: 15287.858: [GC (Allocation Failure) 2020-05-19T14:52:10.920+0000: 15287.858: [ParNew
Desired survivor size 20112992 bytes, new threshold 8 (max 8)
- age   1:    2561808 bytes,    2561808 total
- age   2:    4942384 bytes,    7504192 total
- age   3:    2502288 bytes,   10006480 total
- age   4:    2842576 bytes,   12849056 total
- age   5:    3063928 bytes,   15912984 total
- age   6:    3140880 bytes,   19053864 total
: 109248K->21824K(109248K), 0.0161817 secs] 284163K->204691K(502464K), 0.0162427 secs] [Times: user=0.06 sys=0.00, real=0.02 secs] 
Heap after GC invocations=426 (full 24):
 par new generation   total 109248K, used 21824K [0x00000000e0000000, 0x00000000e8000000, 0x00000000e8000000)
  eden space 87424K,   0% used [0x00000000e0000000, 0x00000000e0000000, 0x00000000e5560000)
  from space 21824K, 100% used [0x00000000e5560000, 0x00000000e6ab0000, 0x00000000e6ab0000)
  to   space 21824K,   0% used [0x00000000e6ab0000, 0x00000000e6ab0000, 0x00000000e8000000)
 concurrent mark-sweep generation total 393216K, used 182867K [0x00000000e8000000, 0x0000000100000000, 0x0000000100000000)
 Metaspace       used 57525K, capacity 59312K, committed 59412K, reserved 1101824K
  class space    used 6567K, capacity 6955K, committed 6976K, reserved 1048576K
}
2020-05-19T14:52:10.937+0000: 15287.874: Total time for which application threads were stopped: 0.0165367 seconds, Stopping threads took: 0.0001239 seconds
2020-05-19T14:52:11.891+0000: 15288.828: Total time for which application threads were stopped: 0.0001851 seconds, Stopping threads took: 0.0001087 seconds
2020-05-19T14:52:11.892+0000: 15288.829: Total time for which application threads were stopped: 0.0001095 seconds, Stopping threads took: 0.0000528 seconds
2020-05-19T14:52:11.893+0000: 15288.830: Total time for which application threads were stopped: 0.0001828 seconds, Stopping threads took: 0.0001085 seconds
2020-05-19T14:52:11.893+0000: 15288.830: Total time for which application threads were stopped: 0.0002074 seconds, Stopping threads took: 0.0001324 seconds
2020-05-19T14:52:11.893+0000: 15288.830: Total time for which application threads were stopped: 0.0000516 seconds, Stopping threads took: 0.0000128 seconds
2020-05-19T14:52:11.893+0000: 15288.830: Total time for which application threads were stopped: 0.0000506 seconds, Stopping threads took: 0.0000137 seconds
2020-05-19T14:52:11.893+0000: 15288.830: Total time for which application threads were stopped: 0.0000472 seconds, Stopping threads took: 0.0000110 seconds
2020-05-19T14:52:25.597+0000: 15302.534: Total time for which application threads were stopped: 0.0000905 seconds, Stopping threads took: 0.0000234 seconds
2020-05-19T14:52:25.827+0000: 15302.764: Total time for which application threads were stopped: 0.0002404 seconds, Stopping threads took: 0.0001304 seconds
2020-05-19T14:52:25.840+0000: 15302.777: Total time for which application threads were stopped: 0.0001118 seconds, Stopping threads took: 0.0000305 seconds
2020-05-19T14:52:25.841+0000: 15302.778: Total time for which application threads were stopped: 0.0001298 seconds, Stopping threads took: 0.0000280 seconds
{Heap before GC invocations=426 (full 24):
 par new generation   total 109248K, used 109248K [0x00000000e0000000, 0x00000000e8000000, 0x00000000e8000000)
  eden space 87424K, 100% used [0x00000000e0000000, 0x00000000e5560000, 0x00000000e5560000)
  from space 21824K, 100% used [0x00000000e5560000, 0x00000000e6ab0000, 0x00000000e6ab0000)
  to   space 21824K,   0% used [0x00000000e6ab0000, 0x00000000e6ab0000, 0x00000000e8000000)
 concurrent mark-sweep generation total 393216K, used 182867K [0x00000000e8000000, 0x0000000100000000, 0x0000000100000000)
 Metaspace       used 57525K, capacity 59312K, committed 59412K, reserved 1101824K
  class space    used 6567K, capacity 6955K, committed 6976K, reserved 1048576K
2020-05-19T14:52:25.941+0000: 15302.878: [GC (Allocation Failure) 2020-05-19T14:52:25.941+0000: 15302.879: [ParNew
Desired survivor size 20112992 bytes, new threshold 7 (max 8)
- age   1:    4942696 bytes,    4942696 total
- age   2:    1338720 bytes,    6281416 total
- age   3:    4897368 bytes,   11178784 total
- age   4:    2088352 bytes,   13267136 total
- age   5:    2702176 bytes,   15969312 total
- age   6:    3063928 bytes,   19033240 total
- age   7:    3140880 bytes,   22174120 total
: 109248K->21824K(109248K), 0.0162793 secs] 292115K->209402K(502464K), 0.0164183 secs] [Times: user=0.06 sys=0.00, real=0.02 secs] 
Heap after GC invocations=427 (full 24):
 par new generation   total 109248K, used 21824K [0x00000000e0000000, 0x00000000e8000000, 0x00000000e8000000)
  eden space 87424K,   0% used [0x00000000e0000000, 0x00000000e0000000, 0x00000000e5560000)
  from space 21824K, 100% used [0x00000000e6ab0000, 0x00000000e8000000, 0x00000000e8000000)
  to   space 21824K,   0% used [0x00000000e5560000, 0x00000000e5560000, 0x00000000e6ab0000)
 concurrent mark-sweep generation total 393216K, used 187578K [0x00000000e8000000, 0x0000000100000000, 0x0000000100000000)
 Metaspace       used 57525K, capacity 59312K, committed 59412K, reserved 1101824K
  class space    used 6567K, capacity 6955K, committed 6976K, reserved 1048576K
}
2020-05-19T14:52:25.958+0000: 15302.895: Total time for which application threads were stopped: 0.0166800 seconds, Stopping threads took: 0.0000565 seconds
2020-05-19T14:52:25.993+0000: 15302.930: Total time for which application threads were stopped: 0.0001427 seconds, Stopping threads took: 0.0000540 seconds
{Heap before GC invocations=427 (full 24):
 par new generation   total 109248K, used 109248K [0x00000000e0000000, 0x00000000e8000000, 0x00000000e8000000)
  eden space 87424K, 100% used [0x00000000e0000000, 0x00000000e5560000, 0x00000000e5560000)
  from space 21824K, 100% used [0x00000000e6ab0000, 0x00000000e8000000, 0x00000000e8000000)
  to   space 21824K,   0% used [0x00000000e5560000, 0x00000000e5560000, 0x00000000e6ab0000)
 concurrent mark-sweep generation total 393216K, used 187578K [0x00000000e8000000, 0x0000000100000000, 0x0000000100000000)
 Metaspace       used 57525K, capacity 59312K, committed 59412K, reserved 1101824K
  class space    used 6567K, capacity 6955K, committed 6976K, reserved 1048576K
2020-05-19T14:52:26.048+0000: 15302.985: [GC (Allocation Failure) 2020-05-19T14:52:26.048+0000: 15302.985: [ParNew
Desired survivor size 20112992 bytes, new threshold 7 (max 8)
- age   1:    4879344 bytes,    4879344 total
- age   2:    2817240 bytes,    7696584 total
- age   3:    1279416 bytes,    8976000 total
- age   4:    4897024 bytes,   13873024 total
- age   5:    1902664 bytes,   15775688 total
- age   6:    2655384 bytes,   18431072 total
- age   7:    3063648 bytes,   21494720 total
: 109248K->21824K(109248K), 0.0173608 secs] 296826K->219838K(502464K), 0.0174806 secs] [Times: user=0.06 sys=0.00, real=0.02 secs] 
Heap after GC invocations=428 (full 24):
 par new generation   total 109248K, used 21824K [0x00000000e0000000, 0x00000000e8000000, 0x00000000e8000000)
  eden space 87424K,   0% used [0x00000000e0000000, 0x00000000e0000000, 0x00000000e5560000)
  from space 21824K, 100% used [0x00000000e5560000, 0x00000000e6ab0000, 0x00000000e6ab0000)
  to   space 21824K,   0% used [0x00000000e6ab0000, 0x00000000e6ab0000, 0x00000000e8000000)
 concurrent mark-sweep generation total 393216K, used 198014K [0x00000000e8000000, 0x0000000100000000, 0x0000000100000000)
 Metaspace       used 57525K, capacity 59312K, committed 59412K, reserved 1101824K
  class space    used 6567K, capacity 6955K, committed 6976K, reserved 1048576K
}
2020-05-19T14:52:26.066+0000: 15303.003: Total time for which application threads were stopped: 0.0177198 seconds, Stopping threads took: 0.0000605 seconds
2020-05-19T14:52:26.066+0000: 15303.003: [GC (CMS Initial Mark) [1 CMS-initial-mark: 198014K(393216K)] 220948K(502464K), 0.0042416 secs] [Times: user=0.00 sys=0.00, real=0.00 secs] 
2020-05-19T14:52:26.070+0000: 15303.007: Total time for which application threads were stopped: 0.0044179 seconds, Stopping threads took: 0.0000726 seconds
2020-05-19T14:52:26.070+0000: 15303.007: [CMS-concurrent-mark-start]
2020-05-19T14:52:26.096+0000: 15303.033: [CMS-concurrent-mark: 0.025/0.025 secs] [Times: user=0.13 sys=0.00, real=0.03 secs] 
2020-05-19T14:52:26.096+0000: 15303.033: [CMS-concurrent-preclean-start]
2020-05-19T14:52:26.097+0000: 15303.034: [CMS-concurrent-preclean: 0.001/0.001 secs] [Times: user=0.00 sys=0.00, real=0.00 secs] 
2020-05-19T14:52:26.097+0000: 15303.034: [GC (CMS Final Remark) [YG occupancy: 22933 K (109248 K)]{Heap before GC invocations=428 (full 25):
 par new generation   total 109248K, used 22933K [0x00000000e0000000, 0x00000000e8000000, 0x00000000e8000000)
  eden space 87424K,   1% used [0x00000000e0000000, 0x00000000e0115730, 0x00000000e5560000)
  from space 21824K, 100% used [0x00000000e5560000, 0x00000000e6ab0000, 0x00000000e6ab0000)
  to   space 21824K,   0% used [0x00000000e6ab0000, 0x00000000e6ab0000, 0x00000000e8000000)
 concurrent mark-sweep generation total 393216K, used 198014K [0x00000000e8000000, 0x0000000100000000, 0x0000000100000000)
 Metaspace       used 57525K, capacity 59312K, committed 59412K, reserved 1101824K
  class space    used 6567K, capacity 6955K, committed 6976K, reserved 1048576K
2020-05-19T14:52:26.097+0000: 15303.034: [GC (CMS Final Remark) 2020-05-19T14:52:26.098+0000: 15303.034: [ParNew
Desired survivor size 20112992 bytes, new threshold 8 (max 8)
- age   1:      40360 bytes,      40360 total
- age   2:    2788504 bytes,    2828864 total
- age   3:    2573768 bytes,    5402632 total
- age   4:    1279056 bytes,    6681688 total
- age   5:    4896976 bytes,   11578664 total
- age   6:    1902368 bytes,   13481032 total
- age   7:    2636520 bytes,   16117552 total
: 22933K->21824K(109248K), 0.0123699 secs] 220948K->224415K(502464K), 0.0124828 secs] [Times: user=0.06 sys=0.00, real=0.01 secs] 
Heap after GC invocations=429 (full 25):
 par new generation   total 109248K, used 21824K [0x00000000e0000000, 0x00000000e8000000, 0x00000000e8000000)
  eden space 87424K,   0% used [0x00000000e0000000, 0x00000000e0000000, 0x00000000e5560000)
  from space 21824K, 100% used [0x00000000e6ab0000, 0x00000000e8000000, 0x00000000e8000000)
  to   space 21824K,   0% used [0x00000000e5560000, 0x00000000e5560000, 0x00000000e6ab0000)
 concurrent mark-sweep generation total 393216K, used 202591K [0x00000000e8000000, 0x0000000100000000, 0x0000000100000000)
 Metaspace       used 57525K, capacity 59312K, committed 59412K, reserved 1101824K
  class space    used 6567K, capacity 6955K, committed 6976K, reserved 1048576K
}
2020-05-19T14:52:26.110+0000: 15303.047: [Rescan (parallel) , 0.0049957 secs]2020-05-19T14:52:26.115+0000: 15303.052: [weak refs processing, 0.0059796 secs]2020-05-19T14:52:26.121+0000: 15303.058: [class unloading, 0.0111603 secs]2020-05-19T14:52:26.132+0000: 15303.069: [scrub symbol table, 0.0089033 secs]2020-05-19T14:52:26.141+0000: 15303.078: [scrub string table, 0.0006593 secs][1 CMS-remark: 202591K(393216K)] 224415K(502464K), 0.0445677 secs] [Times: user=0.14 sys=0.00, real=0.05 secs] 
2020-05-19T14:52:26.142+0000: 15303.079: Total time for which application threads were stopped: 0.0447711 seconds, Stopping threads took: 0.0000621 seconds
2020-05-19T14:52:26.142+0000: 15303.079: [CMS-concurrent-sweep-start]
2020-05-19T14:52:26.143+0000: 15303.080: Total time for which application threads were stopped: 0.0001770 seconds, Stopping threads took: 0.0000667 seconds
2020-05-19T14:52:26.144+0000: 15303.081: Total time for which application threads were stopped: 0.0001817 seconds, Stopping threads took: 0.0000622 seconds
2020-05-19T14:52:26.170+0000: 15303.106: Total time for which application threads were stopped: 0.0002564 seconds, Stopping threads took: 0.0000743 seconds
2020-05-19T14:52:26.170+0000: 15303.107: Total time for which application threads were stopped: 0.0001877 seconds, Stopping threads took: 0.0000545 seconds
2020-05-19T14:52:26.236+0000: 15303.174: [CMS-concurrent-sweep: 0.094/0.095 secs] [Times: user=0.27 sys=0.00, real=0.09 secs] 
2020-05-19T14:52:26.236+0000: 15303.174: [CMS-concurrent-reset-start]
2020-05-19T14:52:26.237+0000: 15303.174: [CMS-concurrent-reset: 0.001/0.001 secs] [Times: user=0.00 sys=0.00, real=0.00 secs] 
{Heap before GC invocations=429 (full 25):
 par new generation   total 109248K, used 109248K [0x00000000e0000000, 0x00000000e8000000, 0x00000000e8000000)
  eden space 87424K, 100% used [0x00000000e0000000, 0x00000000e5560000, 0x00000000e5560000)
  from space 21824K, 100% used [0x00000000e6ab0000, 0x00000000e8000000, 0x00000000e8000000)
  to   space 21824K,   0% used [0x00000000e5560000, 0x00000000e5560000, 0x00000000e6ab0000)
 concurrent mark-sweep generation total 393216K, used 89544K [0x00000000e8000000, 0x0000000100000000, 0x0000000100000000)
 Metaspace       used 57525K, capacity 59312K, committed 59412K, reserved 1101824K
  class space    used 6567K, capacity 6955K, committed 6976K, reserved 1048576K
2020-05-19T14:52:26.269+0000: 15303.206: [GC (Allocation Failure) 2020-05-19T14:52:26.269+0000: 15303.206: [ParNew
Desired survivor size 20112992 bytes, new threshold 8 (max 8)
- age   1:    9068888 bytes,    9068888 total
- age   2:       1544 bytes,    9070432 total
- age   3:    2623736 bytes,   11694168 total
- age   4:    2569096 bytes,   14263264 total
- age   5:     987464 bytes,   15250728 total
- age   6:    2854416 bytes,   18105144 total
- age   7:    1571424 bytes,   19676568 total
- age   8:    2631872 bytes,   22308440 total
: 109248K->21824K(109248K), 0.0134680 secs] 198792K->114535K(502464K), 0.0135407 secs] [Times: user=0.06 sys=0.00, real=0.01 secs] 
Heap after GC invocations=430 (full 25):
 par new generation   total 109248K, used 21824K [0x00000000e0000000, 0x00000000e8000000, 0x00000000e8000000)
  eden space 87424K,   0% used [0x00000000e0000000, 0x00000000e0000000, 0x00000000e5560000)
  from space 21824K, 100% used [0x00000000e5560000, 0x00000000e6ab0000, 0x00000000e6ab0000)
  to   space 21824K,   0% used [0x00000000e6ab0000, 0x00000000e6ab0000, 0x00000000e8000000)
 concurrent mark-sweep generation total 393216K, used 92711K [0x00000000e8000000, 0x0000000100000000, 0x0000000100000000)
 Metaspace       used 57525K, capacity 59312K, committed 59412K, reserved 1101824K
  class space    used 6567K, capacity 6955K, committed 6976K, reserved 1048576K
}
2020-05-19T14:52:26.283+0000: 15303.220: Total time for which application threads were stopped: 0.0137974 seconds, Stopping threads took: 0.0000619 seconds
2020-05-19T14:52:27.038+0000: 15303.976: Total time for which application threads were stopped: 0.0001553 seconds, Stopping threads took: 0.0000809 seconds
2020-05-19T14:52:27.039+0000: 15303.976: Total time for which application threads were stopped: 0.0002140 seconds, Stopping threads took: 0.0000389 seconds
2020-05-19T14:52:27.039+0000: 15303.976: Total time for which application threads were stopped: 0.0001194 seconds, Stopping threads took: 0.0000653 seconds
2020-05-19T14:52:27.039+0000: 15303.977: Total time for which application threads were stopped: 0.0001295 seconds, Stopping threads took: 0.0000614 seconds
2020-05-19T14:52:27.040+0000: 15303.978: Total time for which application threads were stopped: 0.0002912 seconds, Stopping threads took: 0.0001060 seconds
2020-05-19T14:52:27.041+0000: 15303.978: Total time for which application threads were stopped: 0.0000897 seconds, Stopping threads took: 0.0000411 seconds
2020-05-19T14:52:27.041+0000: 15303.978: Total time for which application threads were stopped: 0.0000631 seconds, Stopping threads took: 0.0000302 seconds
2020-05-19T14:52:27.041+0000: 15303.978: Total time for which application threads were stopped: 0.0001723 seconds, Stopping threads took: 0.0000357 seconds
2020-05-19T14:52:40.841+0000: 15317.779: Total time for which application threads were stopped: 0.0001069 seconds, Stopping threads took: 0.0000304 seconds
2020-05-19T14:53:46.873+0000: 15383.810: Total time for which application threads were stopped: 0.0004038 seconds, Stopping threads took: 0.0001008 seconds
2020-05-19T14:54:46.900+0000: 15443.837: Total time for which application threads were stopped: 0.0005229 seconds, Stopping threads took: 0.0001164 seconds
2020-05-19T14:55:46.924+0000: 15503.861: Total time for which application threads were stopped: 0.0005293 seconds, Stopping threads took: 0.0001433 seconds
2020-05-19T14:55:58.918+0000: 15515.856: Total time for which application threads were stopped: 0.0002542 seconds, Stopping threads took: 0.0001723 seconds
2020-05-19T14:55:58.929+0000: 15515.867: Total time for which application threads were stopped: 0.0000936 seconds, Stopping threads took: 0.0000284 seconds
{Heap before GC invocations=430 (full 25):
 par new generation   total 109248K, used 109248K [0x00000000e0000000, 0x00000000e8000000, 0x00000000e8000000)
  eden space 87424K, 100% used [0x00000000e0000000, 0x00000000e5560000, 0x00000000e5560000)
  from space 21824K, 100% used [0x00000000e5560000, 0x00000000e6ab0000, 0x00000000e6ab0000)
  to   space 21824K,   0% used [0x00000000e6ab0000, 0x00000000e6ab0000, 0x00000000e8000000)
 concurrent mark-sweep generation total 393216K, used 92711K [0x00000000e8000000, 0x0000000100000000, 0x0000000100000000)
 Metaspace       used 57561K, capacity 59324K, committed 59412K, reserved 1101824K
  class space    used 6568K, capacity 6957K, committed 6976K, reserved 1048576K
2020-05-19T14:55:59.003+0000: 15515.940: [GC (Allocation Failure) 2020-05-19T14:55:59.003+0000: 15515.940: [ParNew
Desired survivor size 20112992 bytes, new threshold 8 (max 8)
- age   1:    4613256 bytes,    4613256 total
- age   2:    4926616 bytes,    9539872 total
- age   3:       1416 bytes,    9541288 total
- age   4:    2378600 bytes,   11919888 total
- age   5:    2399520 bytes,   14319408 total
- age   6:     987464 bytes,   15306872 total
- age   7:    2854416 bytes,   18161288 total
- age   8:    1570896 bytes,   19732184 total
: 109248K->21824K(109248K), 0.0161899 secs] 201959K->119677K(502464K), 0.0162998 secs] [Times: user=0.06 sys=0.00, real=0.02 secs] 
Heap after GC invocations=431 (full 25):
 par new generation   total 109248K, used 21824K [0x00000000e0000000, 0x00000000e8000000, 0x00000000e8000000)
  eden space 87424K,   0% used [0x00000000e0000000, 0x00000000e0000000, 0x00000000e5560000)
  from space 21824K, 100% used [0x00000000e6ab0000, 0x00000000e8000000, 0x00000000e8000000)
  to   space 21824K,   0% used [0x00000000e5560000, 0x00000000e5560000, 0x00000000e6ab0000)
 concurrent mark-sweep generation total 393216K, used 97853K [0x00000000e8000000, 0x0000000100000000, 0x0000000100000000)
 Metaspace       used 57561K, capacity 59324K, committed 59412K, reserved 1101824K
  class space    used 6568K, capacity 6957K, committed 6976K, reserved 1048576K
}
2020-05-19T14:55:59.020+0000: 15515.957: Total time for which application threads were stopped: 0.0171951 seconds, Stopping threads took: 0.0006116 seconds
2020-05-19T14:55:59.128+0000: 15516.065: Total time for which application threads were stopped: 0.0001248 seconds, Stopping threads took: 0.0000423 seconds
{Heap before GC invocations=431 (full 25):
 par new generation   total 109248K, used 109248K [0x00000000e0000000, 0x00000000e8000000, 0x00000000e8000000)
  eden space 87424K, 100% used [0x00000000e0000000, 0x00000000e5560000, 0x00000000e5560000)
  from space 21824K, 100% used [0x00000000e6ab0000, 0x00000000e8000000, 0x00000000e8000000)
  to   space 21824K,   0% used [0x00000000e5560000, 0x00000000e5560000, 0x00000000e6ab0000)
 concurrent mark-sweep generation total 393216K, used 97853K [0x00000000e8000000, 0x0000000100000000, 0x0000000100000000)
 Metaspace       used 57561K, capacity 59324K, committed 59412K, reserved 1101824K
  class space    used 6568K, capacity 6957K, committed 6976K, reserved 1048576K
2020-05-19T14:55:59.154+0000: 15516.090: [GC (Allocation Failure) 2020-05-19T14:55:59.154+0000: 15516.090: [ParNew
Desired survivor size 20112992 bytes, new threshold 8 (max 8)
- age   1:    6018032 bytes,    6018032 total
- age   2:    3035288 bytes,    9053320 total
- age   3:    4593800 bytes,   13647120 total
- age   4:       1416 bytes,   13648536 total
- age   5:    2329424 bytes,   15977960 total
- age   6:    2200264 bytes,   18178224 total
- age   7:     987464 bytes,   19165688 total
- age   8:    2838432 bytes,   22004120 total
: 109248K->21824K(109248K), 0.0173527 secs] 207101K->125632K(502464K), 0.0174251 secs] [Times: user=0.06 sys=0.00, real=0.02 secs] 
Heap after GC invocations=432 (full 25):
 par new generation   total 109248K, used 21824K [0x00000000e0000000, 0x00000000e8000000, 0x00000000e8000000)
  eden space 87424K,   0% used [0x00000000e0000000, 0x00000000e0000000, 0x00000000e5560000)
  from space 21824K, 100% used [0x00000000e5560000, 0x00000000e6ab0000, 0x00000000e6ab0000)
  to   space 21824K,   0% used [0x00000000e6ab0000, 0x00000000e6ab0000, 0x00000000e8000000)
 concurrent mark-sweep generation total 393216K, used 103808K [0x00000000e8000000, 0x0000000100000000, 0x0000000100000000)
 Metaspace       used 57561K, capacity 59324K, committed 59412K, reserved 1101824K
  class space    used 6568K, capacity 6957K, committed 6976K, reserved 1048576K
}
2020-05-19T14:55:59.171+0000: 15516.108: Total time for which application threads were stopped: 0.0176964 seconds, Stopping threads took: 0.0000603 seconds
{Heap before GC invocations=432 (full 25):
 par new generation   total 109248K, used 109248K [0x00000000e0000000, 0x00000000e8000000, 0x00000000e8000000)
  eden space 87424K, 100% used [0x00000000e0000000, 0x00000000e5560000, 0x00000000e5560000)
  from space 21824K, 100% used [0x00000000e5560000, 0x00000000e6ab0000, 0x00000000e6ab0000)
  to   space 21824K,   0% used [0x00000000e6ab0000, 0x00000000e6ab0000, 0x00000000e8000000)
 concurrent mark-sweep generation total 393216K, used 103808K [0x00000000e8000000, 0x0000000100000000, 0x0000000100000000)
 Metaspace       used 57561K, capacity 59324K, committed 59412K, reserved 1101824K
  class space    used 6568K, capacity 6957K, committed 6976K, reserved 1048576K
2020-05-19T14:55:59.252+0000: 15516.189: [GC (Allocation Failure) 2020-05-19T14:55:59.252+0000: 15516.189: [ParNew
Desired survivor size 20112992 bytes, new threshold 7 (max 8)
- age   1:    4137880 bytes,    4137880 total
- age   2:    5206160 bytes,    9344040 total
- age   3:    2742880 bytes,   12086920 total
- age   4:    4476008 bytes,   16562928 total
- age   5:       1416 bytes,   16564344 total
- age   6:    2267680 bytes,   18832024 total
- age   7:    2191800 bytes,   21023824 total
- age   8:     984488 bytes,   22008312 total
: 109248K->21824K(109248K), 0.0174268 secs] 213056K->135316K(502464K), 0.0174991 secs] [Times: user=0.06 sys=0.00, real=0.02 secs] 
Heap after GC invocations=433 (full 25):
 par new generation   total 109248K, used 21824K [0x00000000e0000000, 0x00000000e8000000, 0x00000000e8000000)
  eden space 87424K,   0% used [0x00000000e0000000, 0x00000000e0000000, 0x00000000e5560000)
  from space 21824K, 100% used [0x00000000e6ab0000, 0x00000000e8000000, 0x00000000e8000000)
  to   space 21824K,   0% used [0x00000000e5560000, 0x00000000e5560000, 0x00000000e6ab0000)
 concurrent mark-sweep generation total 393216K, used 113492K [0x00000000e8000000, 0x0000000100000000, 0x0000000100000000)
 Metaspace       used 57561K, capacity 59324K, committed 59412K, reserved 1101824K
  class space    used 6568K, capacity 6957K, committed 6976K, reserved 1048576K
}
2020-05-19T14:55:59.270+0000: 15516.207: Total time for which application threads were stopped: 0.0177755 seconds, Stopping threads took: 0.0000938 seconds
{Heap before GC invocations=433 (full 25):
 par new generation   total 109248K, used 109248K [0x00000000e0000000, 0x00000000e8000000, 0x00000000e8000000)
  eden space 87424K, 100% used [0x00000000e0000000, 0x00000000e5560000, 0x00000000e5560000)
  from space 21824K, 100% used [0x00000000e6ab0000, 0x00000000e8000000, 0x00000000e8000000)
  to   space 21824K,   0% used [0x00000000e5560000, 0x00000000e5560000, 0x00000000e6ab0000)
 concurrent mark-sweep generation total 393216K, used 113492K [0x00000000e8000000, 0x0000000100000000, 0x0000000100000000)
 Metaspace       used 57561K, capacity 59324K, committed 59412K, reserved 1101824K
  class space    used 6568K, capacity 6957K, committed 6976K, reserved 1048576K
2020-05-19T14:55:59.385+0000: 15516.322: [GC (Allocation Failure) 2020-05-19T14:55:59.385+0000: 15516.322: [ParNew
Desired survivor size 20112992 bytes, new threshold 7 (max 8)
- age   1:    4859464 bytes,    4859464 total
- age   2:    2359432 bytes,    7218896 total
- age   3:    5201864 bytes,   12420760 total
- age   4:    2742744 bytes,   15163504 total
- age   5:    4472360 bytes,   19635864 total
- age   6:       1416 bytes,   19637280 total
- age   7:    2206000 bytes,   21843280 total
: 109248K->21824K(109248K), 0.0190769 secs] 222740K->144485K(502464K), 0.0191530 secs] [Times: user=0.06 sys=0.00, real=0.02 secs] 
Heap after GC invocations=434 (full 25):
 par new generation   total 109248K, used 21824K [0x00000000e0000000, 0x00000000e8000000, 0x00000000e8000000)
  eden space 87424K,   0% used [0x00000000e0000000, 0x00000000e0000000, 0x00000000e5560000)
  from space 21824K, 100% used [0x00000000e5560000, 0x00000000e6ab0000, 0x00000000e6ab0000)
  to   space 21824K,   0% used [0x00000000e6ab0000, 0x00000000e6ab0000, 0x00000000e8000000)
 concurrent mark-sweep generation total 393216K, used 122661K [0x00000000e8000000, 0x0000000100000000, 0x0000000100000000)
 Metaspace       used 57561K, capacity 59324K, committed 59412K, reserved 1101824K
  class space    used 6568K, capacity 6957K, committed 6976K, reserved 1048576K
}
2020-05-19T14:55:59.404+0000: 15516.342: Total time for which application threads were stopped: 0.0194147 seconds, Stopping threads took: 0.0000647 seconds
2020-05-19T14:56:00.107+0000: 15517.044: Total time for which application threads were stopped: 0.0002559 seconds, Stopping threads took: 0.0000584 seconds
2020-05-19T14:56:00.108+0000: 15517.045: Total time for which application threads were stopped: 0.0002167 seconds, Stopping threads took: 0.0001387 seconds
2020-05-19T14:56:00.108+0000: 15517.046: Total time for which application threads were stopped: 0.0001424 seconds, Stopping threads took: 0.0000718 seconds
2020-05-19T14:56:01.109+0000: 15518.045: Total time for which application threads were stopped: 0.0001433 seconds, Stopping threads took: 0.0000552 seconds
2020-05-19T14:56:02.748+0000: 15519.685: Total time for which application threads were stopped: 0.0005852 seconds, Stopping threads took: 0.0004667 seconds
2020-05-19T14:56:02.763+0000: 15519.701: Total time for which application threads were stopped: 0.0001335 seconds, Stopping threads took: 0.0000625 seconds
2020-05-19T14:56:02.764+0000: 15519.702: Total time for which application threads were stopped: 0.0001616 seconds, Stopping threads took: 0.0000747 seconds
{Heap before GC invocations=434 (full 25):
 par new generation   total 109248K, used 109248K [0x00000000e0000000, 0x00000000e8000000, 0x00000000e8000000)
  eden space 87424K, 100% used [0x00000000e0000000, 0x00000000e5560000, 0x00000000e5560000)
  from space 21824K, 100% used [0x00000000e5560000, 0x00000000e6ab0000, 0x00000000e6ab0000)
  to   space 21824K,   0% used [0x00000000e6ab0000, 0x00000000e6ab0000, 0x00000000e8000000)
 concurrent mark-sweep generation total 393216K, used 122661K [0x00000000e8000000, 0x0000000100000000, 0x0000000100000000)
 Metaspace       used 57562K, capacity 59324K, committed 59412K, reserved 1101824K
  class space    used 6568K, capacity 6957K, committed 6976K, reserved 1048576K
2020-05-19T14:56:02.870+0000: 15519.807: [GC (Allocation Failure) 2020-05-19T14:56:02.870+0000: 15519.807: [ParNew
Desired survivor size 20112992 bytes, new threshold 6 (max 8)
- age   1:    4099496 bytes,    4099496 total
- age   2:    1830816 bytes,    5930312 total
- age   3:    2358608 bytes,    8288920 total
- age   4:    5200944 bytes,   13489864 total
- age   5:    2670408 bytes,   16160272 total
- age   6:    4472360 bytes,   20632632 total
- age   7:       1416 bytes,   20634048 total
: 109248K->21824K(109248K), 0.0195348 secs] 231909K->152701K(502464K), 0.0197137 secs] [Times: user=0.06 sys=0.00, real=0.02 secs] 
Heap after GC invocations=435 (full 25):
 par new generation   total 109248K, used 21824K [0x00000000e0000000, 0x00000000e8000000, 0x00000000e8000000)
  eden space 87424K,   0% used [0x00000000e0000000, 0x00000000e0000000, 0x00000000e5560000)
  from space 21824K, 100% used [0x00000000e6ab0000, 0x00000000e8000000, 0x00000000e8000000)
  to   space 21824K,   0% used [0x00000000e5560000, 0x00000000e5560000, 0x00000000e6ab0000)
 concurrent mark-sweep generation total 393216K, used 130877K [0x00000000e8000000, 0x0000000100000000, 0x0000000100000000)
 Metaspace       used 57562K, capacity 59324K, committed 59412K, reserved 1101824K
  class space    used 6568K, capacity 6957K, committed 6976K, reserved 1048576K
}
2020-05-19T14:56:02.890+0000: 15519.827: Total time for which application threads were stopped: 0.0201784 seconds, Stopping threads took: 0.0001037 seconds
2020-05-19T14:56:02.904+0000: 15519.841: Total time for which application threads were stopped: 0.0001330 seconds, Stopping threads took: 0.0000487 seconds
{Heap before GC invocations=435 (full 25):
 par new generation   total 109248K, used 109248K [0x00000000e0000000, 0x00000000e8000000, 0x00000000e8000000)
  eden space 87424K, 100% used [0x00000000e0000000, 0x00000000e5560000, 0x00000000e5560000)
  from space 21824K, 100% used [0x00000000e6ab0000, 0x00000000e8000000, 0x00000000e8000000)
  to   space 21824K,   0% used [0x00000000e5560000, 0x00000000e5560000, 0x00000000e6ab0000)
 concurrent mark-sweep generation total 393216K, used 130877K [0x00000000e8000000, 0x0000000100000000, 0x0000000100000000)
 Metaspace       used 57562K, capacity 59324K, committed 59412K, reserved 1101824K
  class space    used 6568K, capacity 6957K, committed 6976K, reserved 1048576K
2020-05-19T14:56:02.984+0000: 15519.921: [GC (Allocation Failure) 2020-05-19T14:56:02.984+0000: 15519.921: [ParNew
Desired survivor size 20112992 bytes, new threshold 6 (max 8)
- age   1:    6151032 bytes,    6151032 total
- age   2:    2294728 bytes,    8445760 total
- age   3:    1830584 bytes,   10276344 total
- age   4:    2358608 bytes,   12634952 total
- age   5:    5200768 bytes,   17835720 total
- age   6:    2670344 bytes,   20506064 total
: 109248K->21824K(109248K), 0.0187787 secs] 240125K->162290K(502464K), 0.0188520 secs] [Times: user=0.06 sys=0.00, real=0.02 secs] 
Heap after GC invocations=436 (full 25):
 par new generation   total 109248K, used 21824K [0x00000000e0000000, 0x00000000e8000000, 0x00000000e8000000)
  eden space 87424K,   0% used [0x00000000e0000000, 0x00000000e0000000, 0x00000000e5560000)
  from space 21824K, 100% used [0x00000000e5560000, 0x00000000e6ab0000, 0x00000000e6ab0000)
  to   space 21824K,   0% used [0x00000000e6ab0000, 0x00000000e6ab0000, 0x00000000e8000000)
 concurrent mark-sweep generation total 393216K, used 140466K [0x00000000e8000000, 0x0000000100000000, 0x0000000100000000)
 Metaspace       used 57562K, capacity 59324K, committed 59412K, reserved 1101824K
  class space    used 6568K, capacity 6957K, committed 6976K, reserved 1048576K
}
2020-05-19T14:56:03.003+0000: 15519.940: Total time for which application threads were stopped: 0.0190776 seconds, Stopping threads took: 0.0000537 seconds
{Heap before GC invocations=436 (full 25):
 par new generation   total 109248K, used 109248K [0x00000000e0000000, 0x00000000e8000000, 0x00000000e8000000)
  eden space 87424K, 100% used [0x00000000e0000000, 0x00000000e5560000, 0x00000000e5560000)
  from space 21824K, 100% used [0x00000000e5560000, 0x00000000e6ab0000, 0x00000000e6ab0000)
  to   space 21824K,   0% used [0x00000000e6ab0000, 0x00000000e6ab0000, 0x00000000e8000000)
 concurrent mark-sweep generation total 393216K, used 140466K [0x00000000e8000000, 0x0000000100000000, 0x0000000100000000)
 Metaspace       used 57567K, capacity 59324K, committed 59412K, reserved 1101824K
  class space    used 6568K, capacity 6957K, committed 6976K, reserved 1048576K
2020-05-19T14:56:03.087+0000: 15520.024: [GC (Allocation Failure) 2020-05-19T14:56:03.087+0000: 15520.024: [ParNew
Desired survivor size 20112992 bytes, new threshold 6 (max 8)
- age   1:    7837200 bytes,    7837200 total
- age   2:    3840776 bytes,   11677976 total
- age   3:    1700424 bytes,   13378400 total
- age   4:    1370568 bytes,   14748968 total
- age   5:    2264896 bytes,   17013864 total
- age   6:    5200728 bytes,   22214592 total
: 109248K->21824K(109248K), 0.0172806 secs] 249714K->170096K(502464K), 0.0173475 secs] [Times: user=0.06 sys=0.00, real=0.02 secs] 
Heap after GC invocations=437 (full 25):
 par new generation   total 109248K, used 21824K [0x00000000e0000000, 0x00000000e8000000, 0x00000000e8000000)
  eden space 87424K,   0% used [0x00000000e0000000, 0x00000000e0000000, 0x00000000e5560000)
  from space 21824K, 100% used [0x00000000e6ab0000, 0x00000000e8000000, 0x00000000e8000000)
  to   space 21824K,   0% used [0x00000000e5560000, 0x00000000e5560000, 0x00000000e6ab0000)
 concurrent mark-sweep generation total 393216K, used 148272K [0x00000000e8000000, 0x0000000100000000, 0x0000000100000000)
 Metaspace       used 57567K, capacity 59324K, committed 59412K, reserved 1101824K
  class space    used 6568K, capacity 6957K, committed 6976K, reserved 1048576K
}
2020-05-19T14:56:03.104+0000: 15520.041: Total time for which application threads were stopped: 0.0175976 seconds, Stopping threads took: 0.0000610 seconds
2020-05-19T14:56:03.559+0000: 15520.496: Total time for which application threads were stopped: 0.0003925 seconds, Stopping threads took: 0.0002091 seconds
2020-05-19T14:56:03.750+0000: 15520.687: Total time for which application threads were stopped: 0.0001625 seconds, Stopping threads took: 0.0000655 seconds
2020-05-19T14:56:03.751+0000: 15520.688: Total time for which application threads were stopped: 0.0000975 seconds, Stopping threads took: 0.0000400 seconds
2020-05-19T14:56:03.751+0000: 15520.688: Total time for which application threads were stopped: 0.0000726 seconds, Stopping threads took: 0.0000373 seconds
2020-05-19T14:56:03.751+0000: 15520.688: Total time for which application threads were stopped: 0.0000472 seconds, Stopping threads took: 0.0000168 seconds
2020-05-19T14:56:03.751+0000: 15520.688: Total time for which application threads were stopped: 0.0000387 seconds, Stopping threads took: 0.0000100 seconds
{Heap before GC invocations=437 (full 25):
 par new generation   total 109248K, used 109248K [0x00000000e0000000, 0x00000000e8000000, 0x00000000e8000000)
  eden space 87424K, 100% used [0x00000000e0000000, 0x00000000e5560000, 0x00000000e5560000)
  from space 21824K, 100% used [0x00000000e6ab0000, 0x00000000e8000000, 0x00000000e8000000)
  to   space 21824K,   0% used [0x00000000e5560000, 0x00000000e5560000, 0x00000000e6ab0000)
 concurrent mark-sweep generation total 393216K, used 148272K [0x00000000e8000000, 0x0000000100000000, 0x0000000100000000)
 Metaspace       used 57590K, capacity 59324K, committed 59412K, reserved 1101824K
  class space    used 6569K, capacity 6957K, committed 6976K, reserved 1048576K
2020-05-19T14:56:04.547+0000: 15521.483: [GC (Allocation Failure) 2020-05-19T14:56:04.547+0000: 15521.483: [ParNew
Desired survivor size 20112992 bytes, new threshold 8 (max 8)
- age   1:    4943920 bytes,    4943920 total
- age   2:    6126320 bytes,   11070240 total
- age   3:    3517440 bytes,   14587680 total
- age   4:    1600920 bytes,   16188600 total
- age   5:    1370568 bytes,   17559168 total
- age   6:    2264896 bytes,   19824064 total
: 109248K->21824K(109248K), 0.0189545 secs] 257520K->180074K(502464K), 0.0190735 secs] [Times: user=0.06 sys=0.00, real=0.02 secs] 
Heap after GC invocations=438 (full 25):
 par new generation   total 109248K, used 21824K [0x00000000e0000000, 0x00000000e8000000, 0x00000000e8000000)
  eden space 87424K,   0% used [0x00000000e0000000, 0x00000000e0000000, 0x00000000e5560000)
  from space 21824K, 100% used [0x00000000e5560000, 0x00000000e6ab0000, 0x00000000e6ab0000)
  to   space 21824K,   0% used [0x00000000e6ab0000, 0x00000000e6ab0000, 0x00000000e8000000)
 concurrent mark-sweep generation total 393216K, used 158250K [0x00000000e8000000, 0x0000000100000000, 0x0000000100000000)
 Metaspace       used 57590K, capacity 59324K, committed 59412K, reserved 1101824K
  class space    used 6569K, capacity 6957K, committed 6976K, reserved 1048576K
}
2020-05-19T14:56:04.565+0000: 15521.502: Total time for which application threads were stopped: 0.0193324 seconds, Stopping threads took: 0.0000617 seconds
2020-05-19T14:56:04.627+0000: 15521.564: Total time for which application threads were stopped: 0.0001819 seconds, Stopping threads took: 0.0000895 seconds
{Heap before GC invocations=438 (full 25):
 par new generation   total 109248K, used 109248K [0x00000000e0000000, 0x00000000e8000000, 0x00000000e8000000)
  eden space 87424K, 100% used [0x00000000e0000000, 0x00000000e5560000, 0x00000000e5560000)
  from space 21824K, 100% used [0x00000000e5560000, 0x00000000e6ab0000, 0x00000000e6ab0000)
  to   space 21824K,   0% used [0x00000000e6ab0000, 0x00000000e6ab0000, 0x00000000e8000000)
 concurrent mark-sweep generation total 393216K, used 158250K [0x00000000e8000000, 0x0000000100000000, 0x0000000100000000)
 Metaspace       used 57590K, capacity 59324K, committed 59412K, reserved 1101824K
  class space    used 6569K, capacity 6957K, committed 6976K, reserved 1048576K
2020-05-19T14:56:04.673+0000: 15521.610: [GC (Allocation Failure) 2020-05-19T14:56:04.673+0000: 15521.610: [ParNew
Desired survivor size 20112992 bytes, new threshold 7 (max 8)
- age   1:    3493920 bytes,    3493920 total
- age   2:    3840272 bytes,    7334192 total
- age   3:    5628776 bytes,   12962968 total
- age   4:    3455848 bytes,   16418816 total
- age   5:    1471536 bytes,   17890352 total
- age   6:    1218728 bytes,   19109080 total
- age   7:    2254088 bytes,   21363168 total
: 109248K->21824K(109248K), 0.0156935 secs] 267498K->186030K(502464K), 0.0157910 secs] [Times: user=0.06 sys=0.00, real=0.01 secs] 
Heap after GC invocations=439 (full 25):
 par new generation   total 109248K, used 21824K [0x00000000e0000000, 0x00000000e8000000, 0x00000000e8000000)
  eden space 87424K,   0% used [0x00000000e0000000, 0x00000000e0000000, 0x00000000e5560000)
  from space 21824K, 100% used [0x00000000e6ab0000, 0x00000000e8000000, 0x00000000e8000000)
  to   space 21824K,   0% used [0x00000000e5560000, 0x00000000e5560000, 0x00000000e6ab0000)
 concurrent mark-sweep generation total 393216K, used 164206K [0x00000000e8000000, 0x0000000100000000, 0x0000000100000000)
 Metaspace       used 57590K, capacity 59324K, committed 59412K, reserved 1101824K
  class space    used 6569K, capacity 6957K, committed 6976K, reserved 1048576K
}
2020-05-19T14:56:04.688+0000: 15521.626: Total time for which application threads were stopped: 0.0161224 seconds, Stopping threads took: 0.0000750 seconds
2020-05-19T14:56:04.690+0000: 15521.627: Total time for which application threads were stopped: 0.0002867 seconds, Stopping threads took: 0.0000775 seconds
2020-05-19T14:56:04.690+0000: 15521.627: Total time for which application threads were stopped: 0.0001508 seconds, Stopping threads took: 0.0000414 seconds
{Heap before GC invocations=439 (full 25):
 par new generation   total 109248K, used 109248K [0x00000000e0000000, 0x00000000e8000000, 0x00000000e8000000)
  eden space 87424K, 100% used [0x00000000e0000000, 0x00000000e5560000, 0x00000000e5560000)
  from space 21824K, 100% used [0x00000000e6ab0000, 0x00000000e8000000, 0x00000000e8000000)
  to   space 21824K,   0% used [0x00000000e5560000, 0x00000000e5560000, 0x00000000e6ab0000)
 concurrent mark-sweep generation total 393216K, used 164206K [0x00000000e8000000, 0x0000000100000000, 0x0000000100000000)
 Metaspace       used 57590K, capacity 59324K, committed 59412K, reserved 1101824K
  class space    used 6569K, capacity 6957K, committed 6976K, reserved 1048576K
2020-05-19T14:56:04.764+0000: 15521.701: [GC (Allocation Failure) 2020-05-19T14:56:04.765+0000: 15521.701: [ParNew
Desired survivor size 20112992 bytes, new threshold 7 (max 8)
- age   1:    3144112 bytes,    3144112 total
- age   2:    2759936 bytes,    5904048 total
- age   3:    3832680 bytes,    9736728 total
- age   4:    4295416 bytes,   14032144 total
- age   5:    3447808 bytes,   17479952 total
- age   6:    1465832 bytes,   18945784 total
- age   7:    1206736 bytes,   20152520 total
: 109248K->21824K(109248K), 0.0197217 secs] 273454K->196789K(502464K), 0.0198013 secs] [Times: user=0.06 sys=0.00, real=0.02 secs] 
Heap after GC invocations=440 (full 25):
 par new generation   total 109248K, used 21824K [0x00000000e0000000, 0x00000000e8000000, 0x00000000e8000000)
  eden space 87424K,   0% used [0x00000000e0000000, 0x00000000e0000000, 0x00000000e5560000)
  from space 21824K, 100% used [0x00000000e5560000, 0x00000000e6ab0000, 0x00000000e6ab0000)
  to   space 21824K,   0% used [0x00000000e6ab0000, 0x00000000e6ab0000, 0x00000000e8000000)
 concurrent mark-sweep generation total 393216K, used 174965K [0x00000000e8000000, 0x0000000100000000, 0x0000000100000000)
 Metaspace       used 57590K, capacity 59324K, committed 59412K, reserved 1101824K
  class space    used 6569K, capacity 6957K, committed 6976K, reserved 1048576K
}
2020-05-19T14:56:04.784+0000: 15521.721: Total time for which application threads were stopped: 0.0200641 seconds, Stopping threads took: 0.0000904 seconds
2020-05-19T14:56:05.622+0000: 15522.558: Total time for which application threads were stopped: 0.0001949 seconds, Stopping threads took: 0.0000558 seconds
2020-05-19T14:56:05.622+0000: 15522.559: Total time for which application threads were stopped: 0.0001622 seconds, Stopping threads took: 0.0000532 seconds
2020-05-19T14:56:05.623+0000: 15522.559: Total time for which application threads were stopped: 0.0001236 seconds, Stopping threads took: 0.0000473 seconds
2020-05-19T14:56:05.623+0000: 15522.560: Total time for which application threads were stopped: 0.0001241 seconds, Stopping threads took: 0.0000476 seconds
2020-05-19T14:56:05.623+0000: 15522.560: Total time for which application threads were stopped: 0.0000914 seconds, Stopping threads took: 0.0000424 seconds
2020-05-19T14:56:05.623+0000: 15522.560: Total time for which application threads were stopped: 0.0000996 seconds, Stopping threads took: 0.0000375 seconds
2020-05-19T14:56:07.845+0000: 15524.782: Total time for which application threads were stopped: 0.0001946 seconds, Stopping threads took: 0.0001136 seconds
{Heap before GC invocations=440 (full 25):
 par new generation   total 109248K, used 109248K [0x00000000e0000000, 0x00000000e8000000, 0x00000000e8000000)
  eden space 87424K, 100% used [0x00000000e0000000, 0x00000000e5560000, 0x00000000e5560000)
  from space 21824K, 100% used [0x00000000e5560000, 0x00000000e6ab0000, 0x00000000e6ab0000)
  to   space 21824K,   0% used [0x00000000e6ab0000, 0x00000000e6ab0000, 0x00000000e8000000)
 concurrent mark-sweep generation total 393216K, used 174965K [0x00000000e8000000, 0x0000000100000000, 0x0000000100000000)
 Metaspace       used 57592K, capacity 59324K, committed 59412K, reserved 1101824K
  class space    used 6569K, capacity 6957K, committed 6976K, reserved 1048576K
2020-05-19T14:56:07.871+0000: 15524.808: [GC (Allocation Failure) 2020-05-19T14:56:07.871+0000: 15524.808: [ParNew
Desired survivor size 20112992 bytes, new threshold 7 (max 8)
- age   1:    3143112 bytes,    3143112 total
- age   2:    2202440 bytes,    5345552 total
- age   3:    2503368 bytes,    7848920 total
- age   4:    3753000 bytes,   11601920 total
- age   5:    4295416 bytes,   15897336 total
- age   6:    3447544 bytes,   19344880 total
- age   7:    1461464 bytes,   20806344 total
: 109248K->21824K(109248K), 0.0148739 secs] 284213K->198200K(502464K), 0.0149695 secs] [Times: user=0.03 sys=0.00, real=0.01 secs] 
Heap after GC invocations=441 (full 25):
 par new generation   total 109248K, used 21824K [0x00000000e0000000, 0x00000000e8000000, 0x00000000e8000000)
  eden space 87424K,   0% used [0x00000000e0000000, 0x00000000e0000000, 0x00000000e5560000)
  from space 21824K, 100% used [0x00000000e6ab0000, 0x00000000e8000000, 0x00000000e8000000)
  to   space 21824K,   0% used [0x00000000e5560000, 0x00000000e5560000, 0x00000000e6ab0000)
 concurrent mark-sweep generation total 393216K, used 176376K [0x00000000e8000000, 0x0000000100000000, 0x0000000100000000)
 Metaspace       used 57592K, capacity 59324K, committed 59412K, reserved 1101824K
  class space    used 6569K, capacity 6957K, committed 6976K, reserved 1048576K
}
2020-05-19T14:56:07.887+0000: 15524.823: Total time for which application threads were stopped: 0.0153259 seconds, Stopping threads took: 0.0000624 seconds
2020-05-19T14:56:08.036+0000: 15524.973: Total time for which application threads were stopped: 0.0001674 seconds, Stopping threads took: 0.0000553 seconds
{Heap before GC invocations=441 (full 25):
 par new generation   total 109248K, used 109248K [0x00000000e0000000, 0x00000000e8000000, 0x00000000e8000000)
  eden space 87424K, 100% used [0x00000000e0000000, 0x00000000e5560000, 0x00000000e5560000)
  from space 21824K, 100% used [0x00000000e6ab0000, 0x00000000e8000000, 0x00000000e8000000)
  to   space 21824K,   0% used [0x00000000e5560000, 0x00000000e5560000, 0x00000000e6ab0000)
 concurrent mark-sweep generation total 393216K, used 176376K [0x00000000e8000000, 0x0000000100000000, 0x0000000100000000)
 Metaspace       used 57592K, capacity 59324K, committed 59412K, reserved 1101824K
  class space    used 6569K, capacity 6957K, committed 6976K, reserved 1048576K
2020-05-19T14:56:08.050+0000: 15524.987: [GC (Allocation Failure) 2020-05-19T14:56:08.050+0000: 15524.987: [ParNew
Desired survivor size 20112992 bytes, new threshold 7 (max 8)
- age   1:    3730000 bytes,    3730000 total
- age   2:    2565192 bytes,    6295192 total
- age   3:    2008296 bytes,    8303488 total
- age   4:    2503328 bytes,   10806816 total
- age   5:    3753000 bytes,   14559816 total
- age   6:    4295416 bytes,   18855232 total
- age   7:    3447504 bytes,   22302736 total
: 109248K->21824K(109248K), 0.0195298 secs] 285624K->205652K(502464K), 0.0195964 secs] [Times: user=0.02 sys=0.00, real=0.02 secs] 
Heap after GC invocations=442 (full 25):
 par new generation   total 109248K, used 21824K [0x00000000e0000000, 0x00000000e8000000, 0x00000000e8000000)
  eden space 87424K,   0% used [0x00000000e0000000, 0x00000000e0000000, 0x00000000e5560000)
  from space 21824K, 100% used [0x00000000e5560000, 0x00000000e6ab0000, 0x00000000e6ab0000)
  to   space 21824K,   0% used [0x00000000e6ab0000, 0x00000000e6ab0000, 0x00000000e8000000)
 concurrent mark-sweep generation total 393216K, used 183828K [0x00000000e8000000, 0x0000000100000000, 0x0000000100000000)
 Metaspace       used 57592K, capacity 59324K, committed 59412K, reserved 1101824K
  class space    used 6569K, capacity 6957K, committed 6976K, reserved 1048576K
}
2020-05-19T14:56:08.069+0000: 15525.007: Total time for which application threads were stopped: 0.0198914 seconds, Stopping threads took: 0.0000605 seconds
{Heap before GC invocations=442 (full 25):
 par new generation   total 109248K, used 109248K [0x00000000e0000000, 0x00000000e8000000, 0x00000000e8000000)
  eden space 87424K, 100% used [0x00000000e0000000, 0x00000000e5560000, 0x00000000e5560000)
  from space 21824K, 100% used [0x00000000e5560000, 0x00000000e6ab0000, 0x00000000e6ab0000)
  to   space 21824K,   0% used [0x00000000e6ab0000, 0x00000000e6ab0000, 0x00000000e8000000)
 concurrent mark-sweep generation total 393216K, used 183828K [0x00000000e8000000, 0x0000000100000000, 0x0000000100000000)
 Metaspace       used 57592K, capacity 59324K, committed 59412K, reserved 1101824K
  class space    used 6569K, capacity 6957K, committed 6976K, reserved 1048576K
2020-05-19T14:56:08.193+0000: 15525.130: [GC (Allocation Failure) 2020-05-19T14:56:08.193+0000: 15525.130: [ParNew
Desired survivor size 20112992 bytes, new threshold 7 (max 8)
- age   1:    4150112 bytes,    4150112 total
- age   2:    2935000 bytes,    7085112 total
- age   3:    2564312 bytes,    9649424 total
- age   4:    2008296 bytes,   11657720 total
- age   5:    2503328 bytes,   14161048 total
- age   6:    3753000 bytes,   17914048 total
- age   7:    4295416 bytes,   22209464 total
: 109248K->21824K(109248K), 0.0181861 secs] 293076K->215000K(502464K), 0.0182419 secs] [Times: user=0.06 sys=0.00, real=0.02 secs] 
Heap after GC invocations=443 (full 25):
 par new generation   total 109248K, used 21824K [0x00000000e0000000, 0x00000000e8000000, 0x00000000e8000000)
  eden space 87424K,   0% used [0x00000000e0000000, 0x00000000e0000000, 0x00000000e5560000)
  from space 21824K, 100% used [0x00000000e6ab0000, 0x00000000e8000000, 0x00000000e8000000)
  to   space 21824K,   0% used [0x00000000e5560000, 0x00000000e5560000, 0x00000000e6ab0000)
 concurrent mark-sweep generation total 393216K, used 193176K [0x00000000e8000000, 0x0000000100000000, 0x0000000100000000)
 Metaspace       used 57592K, capacity 59324K, committed 59412K, reserved 1101824K
  class space    used 6569K, capacity 6957K, committed 6976K, reserved 1048576K
}
2020-05-19T14:56:08.211+0000: 15525.148: Total time for which application threads were stopped: 0.0184973 seconds, Stopping threads took: 0.0000561 seconds
{Heap before GC invocations=443 (full 25):
 par new generation   total 109248K, used 109248K [0x00000000e0000000, 0x00000000e8000000, 0x00000000e8000000)
  eden space 87424K, 100% used [0x00000000e0000000, 0x00000000e5560000, 0x00000000e5560000)
  from space 21824K, 100% used [0x00000000e6ab0000, 0x00000000e8000000, 0x00000000e8000000)
  to   space 21824K,   0% used [0x00000000e5560000, 0x00000000e5560000, 0x00000000e6ab0000)
 concurrent mark-sweep generation total 393216K, used 193176K [0x00000000e8000000, 0x0000000100000000, 0x0000000100000000)
 Metaspace       used 57592K, capacity 59324K, committed 59412K, reserved 1101824K
  class space    used 6569K, capacity 6957K, committed 6976K, reserved 1048576K
2020-05-19T14:56:08.322+0000: 15525.259: [GC (Allocation Failure) 2020-05-19T14:56:08.322+0000: 15525.259: [ParNew
Desired survivor size 20112992 bytes, new threshold 7 (max 8)
- age   1:    5246464 bytes,    5246464 total
- age   2:    2777264 bytes,    8023728 total
- age   3:    2828944 bytes,   10852672 total
- age   4:    2564176 bytes,   13416848 total
- age   5:    2008336 bytes,   15425184 total
- age   6:    2503328 bytes,   17928512 total
- age   7:    3753000 bytes,   21681512 total
: 109248K->21824K(109248K), 0.0166363 secs] 302424K->222788K(502464K), 0.0167151 secs] [Times: user=0.06 sys=0.00, real=0.02 secs] 
Heap after GC invocations=444 (full 25):
 par new generation   total 109248K, used 21824K [0x00000000e0000000, 0x00000000e8000000, 0x00000000e8000000)
  eden space 87424K,   0% used [0x00000000e0000000, 0x00000000e0000000, 0x00000000e5560000)
  from space 21824K, 100% used [0x00000000e5560000, 0x00000000e6ab0000, 0x00000000e6ab0000)
  to   space 21824K,   0% used [0x00000000e6ab0000, 0x00000000e6ab0000, 0x00000000e8000000)
 concurrent mark-sweep generation total 393216K, used 200964K [0x00000000e8000000, 0x0000000100000000, 0x0000000100000000)
 Metaspace       used 57592K, capacity 59324K, committed 59412K, reserved 1101824K
  class space    used 6569K, capacity 6957K, committed 6976K, reserved 1048576K
}
2020-05-19T14:56:08.339+0000: 15525.276: Total time for which application threads were stopped: 0.0170202 seconds, Stopping threads took: 0.0000617 seconds
2020-05-19T14:56:08.339+0000: 15525.276: [GC (CMS Initial Mark) [1 CMS-initial-mark: 200964K(393216K)] 224129K(502464K), 0.0050749 secs] [Times: user=0.00 sys=0.00, real=0.01 secs] 
2020-05-19T14:56:08.344+0000: 15525.281: Total time for which application threads were stopped: 0.0052740 seconds, Stopping threads took: 0.0000637 seconds
2020-05-19T14:56:08.344+0000: 15525.281: [CMS-concurrent-mark-start]
2020-05-19T14:56:08.369+0000: 15525.306: [CMS-concurrent-mark: 0.025/0.025 secs] [Times: user=0.13 sys=0.00, real=0.02 secs] 
2020-05-19T14:56:08.369+0000: 15525.306: [CMS-concurrent-preclean-start]
2020-05-19T14:56:08.371+0000: 15525.308: [CMS-concurrent-preclean: 0.001/0.001 secs] [Times: user=0.00 sys=0.00, real=0.00 secs] 
2020-05-19T14:56:08.371+0000: 15525.309: [GC (CMS Final Remark) [YG occupancy: 23165 K (109248 K)]{Heap before GC invocations=444 (full 26):
 par new generation   total 109248K, used 23165K [0x00000000e0000000, 0x00000000e8000000, 0x00000000e8000000)
  eden space 87424K,   1% used [0x00000000e0000000, 0x00000000e014f708, 0x00000000e5560000)
  from space 21824K, 100% used [0x00000000e5560000, 0x00000000e6ab0000, 0x00000000e6ab0000)
  to   space 21824K,   0% used [0x00000000e6ab0000, 0x00000000e6ab0000, 0x00000000e8000000)
 concurrent mark-sweep generation total 393216K, used 200964K [0x00000000e8000000, 0x0000000100000000, 0x0000000100000000)
 Metaspace       used 57592K, capacity 59324K, committed 59412K, reserved 1101824K
  class space    used 6569K, capacity 6957K, committed 6976K, reserved 1048576K
2020-05-19T14:56:08.371+0000: 15525.309: [GC (CMS Final Remark) 2020-05-19T14:56:08.372+0000: 15525.309: [ParNew
Desired survivor size 20112992 bytes, new threshold 8 (max 8)
- age   1:     114728 bytes,     114728 total
- age   2:    4690008 bytes,    4804736 total
- age   3:    2487912 bytes,    7292648 total
- age   4:    2229560 bytes,    9522208 total
- age   5:    2454384 bytes,   11976592 total
- age   6:    1984592 bytes,   13961184 total
- age   7:    2489864 bytes,   16451048 total
: 23165K->21824K(109248K), 0.0138352 secs] 224129K->227930K(502464K), 0.0139188 secs] [Times: user=0.06 sys=0.00, real=0.01 secs] 
Heap after GC invocations=445 (full 26):
 par new generation   total 109248K, used 21824K [0x00000000e0000000, 0x00000000e8000000, 0x00000000e8000000)
  eden space 87424K,   0% used [0x00000000e0000000, 0x00000000e0000000, 0x00000000e5560000)
  from space 21824K, 100% used [0x00000000e6ab0000, 0x00000000e8000000, 0x00000000e8000000)
  to   space 21824K,   0% used [0x00000000e5560000, 0x00000000e5560000, 0x00000000e6ab0000)
 concurrent mark-sweep generation total 393216K, used 206106K [0x00000000e8000000, 0x0000000100000000, 0x0000000100000000)
 Metaspace       used 57592K, capacity 59324K, committed 59412K, reserved 1101824K
  class space    used 6569K, capacity 6957K, committed 6976K, reserved 1048576K
}
2020-05-19T14:56:08.386+0000: 15525.323: [Rescan (parallel) , 0.0067151 secs]2020-05-19T14:56:08.392+0000: 15525.330: [weak refs processing, 0.0059286 secs]2020-05-19T14:56:08.398+0000: 15525.335: [class unloading, 0.0149855 secs]2020-05-19T14:56:08.413+0000: 15525.350: [scrub symbol table, 0.0120477 secs]2020-05-19T14:56:08.425+0000: 15525.363: [scrub string table, 0.0006397 secs][1 CMS-remark: 206106K(393216K)] 227930K(502464K), 0.0546735 secs] [Times: user=0.09 sys=0.00, real=0.06 secs] 
2020-05-19T14:56:08.426+0000: 15525.363: Total time for which application threads were stopped: 0.0548889 seconds, Stopping threads took: 0.0000643 seconds
2020-05-19T14:56:08.426+0000: 15525.363: [CMS-concurrent-sweep-start]
2020-05-19T14:56:08.427+0000: 15525.365: Total time for which application threads were stopped: 0.0001494 seconds, Stopping threads took: 0.0000662 seconds
2020-05-19T14:56:08.428+0000: 15525.365: Total time for which application threads were stopped: 0.0000964 seconds, Stopping threads took: 0.0000334 seconds
2020-05-19T14:56:08.428+0000: 15525.365: Total time for which application threads were stopped: 0.0000910 seconds, Stopping threads took: 0.0000338 seconds
2020-05-19T14:56:08.428+0000: 15525.365: Total time for which application threads were stopped: 0.0000788 seconds, Stopping threads took: 0.0000399 seconds
2020-05-19T14:56:08.428+0000: 15525.365: Total time for which application threads were stopped: 0.0000928 seconds, Stopping threads took: 0.0000329 seconds
2020-05-19T14:56:08.428+0000: 15525.366: Total time for which application threads were stopped: 0.0000816 seconds, Stopping threads took: 0.0000377 seconds
2020-05-19T14:56:08.515+0000: 15525.452: [CMS-concurrent-sweep: 0.088/0.088 secs] [Times: user=0.17 sys=0.00, real=0.09 secs] 
2020-05-19T14:56:08.515+0000: 15525.452: [CMS-concurrent-reset-start]
2020-05-19T14:56:08.516+0000: 15525.453: [CMS-concurrent-reset: 0.001/0.001 secs] [Times: user=0.00 sys=0.00, real=0.00 secs] 
2020-05-19T14:56:09.442+0000: 15526.380: Total time for which application threads were stopped: 0.0001423 seconds, Stopping threads took: 0.0000691 seconds
2020-05-19T14:56:09.443+0000: 15526.381: Total time for which application threads were stopped: 0.0001234 seconds, Stopping threads took: 0.0000508 seconds
2020-05-19T14:56:09.443+0000: 15526.381: Total time for which application threads were stopped: 0.0000844 seconds, Stopping threads took: 0.0000368 seconds
2020-05-19T14:56:09.443+0000: 15526.381: Total time for which application threads were stopped: 0.0000549 seconds, Stopping threads took: 0.0000148 seconds
2020-05-19T14:56:09.443+0000: 15526.381: Total time for which application threads were stopped: 0.0000790 seconds, Stopping threads took: 0.0000359 seconds
2020-05-19T14:56:09.444+0000: 15526.381: Total time for which application threads were stopped: 0.0000765 seconds, Stopping threads took: 0.0000338 seconds
2020-05-19T14:56:22.861+0000: 15539.798: Total time for which application threads were stopped: 0.0000848 seconds, Stopping threads took: 0.0000234 seconds
2020-05-19T14:56:37.755+0000: 15554.692: Total time for which application threads were stopped: 0.0003027 seconds, Stopping threads took: 0.0002019 seconds
2020-05-19T14:56:37.758+0000: 15554.695: Total time for which application threads were stopped: 0.0001667 seconds, Stopping threads took: 0.0000370 seconds
2020-05-19T14:56:37.759+0000: 15554.696: Total time for which application threads were stopped: 0.0002683 seconds, Stopping threads took: 0.0001379 seconds
2020-05-19T14:56:37.770+0000: 15554.707: Total time for which application threads were stopped: 0.0001360 seconds, Stopping threads took: 0.0000478 seconds
2020-05-19T14:56:37.771+0000: 15554.708: Total time for which application threads were stopped: 0.0001585 seconds, Stopping threads took: 0.0000810 seconds
{Heap before GC invocations=445 (full 26):
 par new generation   total 109248K, used 109248K [0x00000000e0000000, 0x00000000e8000000, 0x00000000e8000000)
  eden space 87424K, 100% used [0x00000000e0000000, 0x00000000e5560000, 0x00000000e5560000)
  from space 21824K, 100% used [0x00000000e6ab0000, 0x00000000e8000000, 0x00000000e8000000)
  to   space 21824K,   0% used [0x00000000e5560000, 0x00000000e5560000, 0x00000000e6ab0000)
 concurrent mark-sweep generation total 393216K, used 92421K [0x00000000e8000000, 0x0000000100000000, 0x0000000100000000)
 Metaspace       used 57601K, capacity 59388K, committed 59668K, reserved 1101824K
  class space    used 6569K, capacity 6957K, committed 6976K, reserved 1048576K
2020-05-19T14:56:37.884+0000: 15554.820: [GC (Allocation Failure) 2020-05-19T14:56:37.884+0000: 15554.820: [ParNew
Desired survivor size 20112992 bytes, new threshold 8 (max 8)
- age   1:    7912440 bytes,    7912440 total
- age   2:      70480 bytes,    7982920 total
- age   3:    3370808 bytes,   11353728 total
- age   4:    2311288 bytes,   13665016 total
- age   5:    1840152 bytes,   15505168 total
- age   6:    2365224 bytes,   17870392 total
- age   7:    1982512 bytes,   19852904 total
- age   8:    2489792 bytes,   22342696 total
: 109248K->21824K(109248K), 0.0156409 secs] 201669K->118316K(502464K), 0.0157096 secs] [Times: user=0.02 sys=0.03, real=0.01 secs] 
Heap after GC invocations=446 (full 26):
 par new generation   total 109248K, used 21824K [0x00000000e0000000, 0x00000000e8000000, 0x00000000e8000000)
  eden space 87424K,   0% used [0x00000000e0000000, 0x00000000e0000000, 0x00000000e5560000)
  from space 21824K, 100% used [0x00000000e5560000, 0x00000000e6ab0000, 0x00000000e6ab0000)
  to   space 21824K,   0% used [0x00000000e6ab0000, 0x00000000e6ab0000, 0x00000000e8000000)
 concurrent mark-sweep generation total 393216K, used 96492K [0x00000000e8000000, 0x0000000100000000, 0x0000000100000000)
 Metaspace       used 57601K, capacity 59388K, committed 59668K, reserved 1101824K
  class space    used 6569K, capacity 6957K, committed 6976K, reserved 1048576K
}
2020-05-19T14:56:37.899+0000: 15554.836: Total time for which application threads were stopped: 0.0160317 seconds, Stopping threads took: 0.0001069 seconds
2020-05-19T14:56:37.927+0000: 15554.865: Total time for which application threads were stopped: 0.0001573 seconds, Stopping threads took: 0.0000575 seconds
{Heap before GC invocations=446 (full 26):
 par new generation   total 109248K, used 109248K [0x00000000e0000000, 0x00000000e8000000, 0x00000000e8000000)
  eden space 87424K, 100% used [0x00000000e0000000, 0x00000000e5560000, 0x00000000e5560000)
  from space 21824K, 100% used [0x00000000e5560000, 0x00000000e6ab0000, 0x00000000e6ab0000)
  to   space 21824K,   0% used [0x00000000e6ab0000, 0x00000000e6ab0000, 0x00000000e8000000)
 concurrent mark-sweep generation total 393216K, used 96492K [0x00000000e8000000, 0x0000000100000000, 0x0000000100000000)
 Metaspace       used 57602K, capacity 59388K, committed 59668K, reserved 1101824K
  class space    used 6569K, capacity 6957K, committed 6976K, reserved 1048576K
2020-05-19T14:56:37.989+0000: 15554.926: [GC (Allocation Failure) 2020-05-19T14:56:37.989+0000: 15554.927: [ParNew
Desired survivor size 20112992 bytes, new threshold 7 (max 8)
- age   1:    4530720 bytes,    4530720 total
- age   2:    5704224 bytes,   10234944 total
- age   3:      70480 bytes,   10305424 total
- age   4:    3370736 bytes,   13676160 total
- age   5:    2311288 bytes,   15987448 total
- age   6:    1838480 bytes,   17825928 total
- age   7:    2365088 bytes,   20191016 total
- age   8:    1982512 bytes,   22173528 total
: 109248K->21824K(109248K), 0.0158319 secs] 205740K->124599K(502464K), 0.0158918 secs] [Times: user=0.06 sys=0.00, real=0.02 secs] 
Heap after GC invocations=447 (full 26):
 par new generation   total 109248K, used 21824K [0x00000000e0000000, 0x00000000e8000000, 0x00000000e8000000)
  eden space 87424K,   0% used [0x00000000e0000000, 0x00000000e0000000, 0x00000000e5560000)
  from space 21824K, 100% used [0x00000000e6ab0000, 0x00000000e8000000, 0x00000000e8000000)
  to   space 21824K,   0% used [0x00000000e5560000, 0x00000000e5560000, 0x00000000e6ab0000)
 concurrent mark-sweep generation total 393216K, used 102775K [0x00000000e8000000, 0x0000000100000000, 0x0000000100000000)
 Metaspace       used 57602K, capacity 59388K, committed 59668K, reserved 1101824K
  class space    used 6569K, capacity 6957K, committed 6976K, reserved 1048576K
}
2020-05-19T14:56:38.006+0000: 15554.942: Total time for which application threads were stopped: 0.0161502 seconds, Stopping threads took: 0.0000846 seconds
{Heap before GC invocations=447 (full 26):
 par new generation   total 109248K, used 109248K [0x00000000e0000000, 0x00000000e8000000, 0x00000000e8000000)
  eden space 87424K, 100% used [0x00000000e0000000, 0x00000000e5560000, 0x00000000e5560000)
  from space 21824K, 100% used [0x00000000e6ab0000, 0x00000000e8000000, 0x00000000e8000000)
  to   space 21824K,   0% used [0x00000000e5560000, 0x00000000e5560000, 0x00000000e6ab0000)
 concurrent mark-sweep generation total 393216K, used 102775K [0x00000000e8000000, 0x0000000100000000, 0x0000000100000000)
 Metaspace       used 57602K, capacity 59388K, committed 59668K, reserved 1101824K
  class space    used 6569K, capacity 6957K, committed 6976K, reserved 1048576K
2020-05-19T14:56:38.082+0000: 15555.019: [GC (Allocation Failure) 2020-05-19T14:56:38.082+0000: 15555.019: [ParNew
Desired survivor size 20112992 bytes, new threshold 6 (max 8)
- age   1:    5922752 bytes,    5922752 total
- age   2:    4104528 bytes,   10027280 total
- age   3:    5602480 bytes,   15629760 total
- age   4:      70480 bytes,   15700240 total
- age   5:    3262224 bytes,   18962464 total
- age   6:    1948592 bytes,   20911056 total
- age   7:    1075840 bytes,   21986896 total
: 109248K->21824K(109248K), 0.0173576 secs] 212023K->134714K(502464K), 0.0174261 secs] [Times: user=0.06 sys=0.00, real=0.02 secs] 
Heap after GC invocations=448 (full 26):
 par new generation   total 109248K, used 21824K [0x00000000e0000000, 0x00000000e8000000, 0x00000000e8000000)
  eden space 87424K,   0% used [0x00000000e0000000, 0x00000000e0000000, 0x00000000e5560000)
  from space 21824K, 100% used [0x00000000e5560000, 0x00000000e6ab0000, 0x00000000e6ab0000)
  to   space 21824K,   0% used [0x00000000e6ab0000, 0x00000000e6ab0000, 0x00000000e8000000)
 concurrent mark-sweep generation total 393216K, used 112890K [0x00000000e8000000, 0x0000000100000000, 0x0000000100000000)
 Metaspace       used 57602K, capacity 59388K, committed 59668K, reserved 1101824K
  class space    used 6569K, capacity 6957K, committed 6976K, reserved 1048576K
}
2020-05-19T14:56:38.099+0000: 15555.036: Total time for which application threads were stopped: 0.0176732 seconds, Stopping threads took: 0.0000631 seconds
2020-05-19T14:56:38.932+0000: 15555.869: Total time for which application threads were stopped: 0.0001550 seconds, Stopping threads took: 0.0000642 seconds
2020-05-19T14:56:38.932+0000: 15555.869: Total time for which application threads were stopped: 0.0000979 seconds, Stopping threads took: 0.0000374 seconds
2020-05-19T14:56:38.932+0000: 15555.870: Total time for which application threads were stopped: 0.0000764 seconds, Stopping threads took: 0.0000377 seconds
2020-05-19T14:56:38.932+0000: 15555.870: Total time for which application threads were stopped: 0.0000679 seconds, Stopping threads took: 0.0000344 seconds
2020-05-19T14:56:38.933+0000: 15555.870: Total time for which application threads were stopped: 0.0000692 seconds, Stopping threads took: 0.0000356 seconds
2020-05-19T14:56:47.884+0000: 15564.821: Total time for which application threads were stopped: 0.0002126 seconds, Stopping threads took: 0.0001370 seconds
2020-05-19T14:56:47.886+0000: 15564.823: Total time for which application threads were stopped: 0.0002168 seconds, Stopping threads took: 0.0001229 seconds
2020-05-19T14:56:47.887+0000: 15564.824: Total time for which application threads were stopped: 0.0001462 seconds, Stopping threads took: 0.0000527 seconds
{Heap before GC invocations=448 (full 26):
 par new generation   total 109248K, used 109248K [0x00000000e0000000, 0x00000000e8000000, 0x00000000e8000000)
  eden space 87424K, 100% used [0x00000000e0000000, 0x00000000e5560000, 0x00000000e5560000)
  from space 21824K, 100% used [0x00000000e5560000, 0x00000000e6ab0000, 0x00000000e6ab0000)
  to   space 21824K,   0% used [0x00000000e6ab0000, 0x00000000e6ab0000, 0x00000000e8000000)
 concurrent mark-sweep generation total 393216K, used 112890K [0x00000000e8000000, 0x0000000100000000, 0x0000000100000000)
 Metaspace       used 57610K, capacity 59388K, committed 59668K, reserved 1101824K
  class space    used 6569K, capacity 6957K, committed 6976K, reserved 1048576K
2020-05-19T14:56:47.937+0000: 15564.875: [GC (Allocation Failure) 2020-05-19T14:56:47.937+0000: 15564.875: [ParNew
Desired survivor size 20112992 bytes, new threshold 6 (max 8)
- age   1:    5134224 bytes,    5134224 total
- age   2:    4117232 bytes,    9251456 total
- age   3:    3994192 bytes,   13245648 total
- age   4:    5313680 bytes,   18559328 total
- age   5:      70480 bytes,   18629808 total
- age   6:    3222200 bytes,   21852008 total
: 109248K->21824K(109248K), 0.0154754 secs] 222138K->141171K(502464K), 0.0155767 secs] [Times: user=0.06 sys=0.00, real=0.02 secs] 
Heap after GC invocations=449 (full 26):
 par new generation   total 109248K, used 21824K [0x00000000e0000000, 0x00000000e8000000, 0x00000000e8000000)
  eden space 87424K,   0% used [0x00000000e0000000, 0x00000000e0000000, 0x00000000e5560000)
  from space 21824K, 100% used [0x00000000e6ab0000, 0x00000000e8000000, 0x00000000e8000000)
  to   space 21824K,   0% used [0x00000000e5560000, 0x00000000e5560000, 0x00000000e6ab0000)
 concurrent mark-sweep generation total 393216K, used 119347K [0x00000000e8000000, 0x0000000100000000, 0x0000000100000000)
 Metaspace       used 57610K, capacity 59388K, committed 59668K, reserved 1101824K
  class space    used 6569K, capacity 6957K, committed 6976K, reserved 1048576K
}
2020-05-19T14:56:47.954+0000: 15564.890: Total time for which application threads were stopped: 0.0158163 seconds, Stopping threads took: 0.0000587 seconds
2020-05-19T14:56:48.015+0000: 15564.952: Total time for which application threads were stopped: 0.0002150 seconds, Stopping threads took: 0.0001192 seconds
{Heap before GC invocations=449 (full 26):
 par new generation   total 109248K, used 109248K [0x00000000e0000000, 0x00000000e8000000, 0x00000000e8000000)
  eden space 87424K, 100% used [0x00000000e0000000, 0x00000000e5560000, 0x00000000e5560000)
  from space 21824K, 100% used [0x00000000e6ab0000, 0x00000000e8000000, 0x00000000e8000000)
  to   space 21824K,   0% used [0x00000000e5560000, 0x00000000e5560000, 0x00000000e6ab0000)
 concurrent mark-sweep generation total 393216K, used 119347K [0x00000000e8000000, 0x0000000100000000, 0x0000000100000000)
 Metaspace       used 57610K, capacity 59388K, committed 59668K, reserved 1101824K
  class space    used 6569K, capacity 6957K, committed 6976K, reserved 1048576K
2020-05-19T14:56:48.041+0000: 15564.979: [GC (Allocation Failure) 2020-05-19T14:56:48.041+0000: 15564.979: [ParNew
Desired survivor size 20112992 bytes, new threshold 5 (max 8)
- age   1:    4851392 bytes,    4851392 total
- age   2:    3850600 bytes,    8701992 total
- age   3:    4117192 bytes,   12819184 total
- age   4:    3994016 bytes,   16813200 total
- age   5:    5313536 bytes,   22126736 total
- age   6:      70480 bytes,   22197216 total
: 109248K->21824K(109248K), 0.0166439 secs] 228595K->149262K(502464K), 0.0167065 secs] [Times: user=0.06 sys=0.00, real=0.02 secs] 
Heap after GC invocations=450 (full 26):
 par new generation   total 109248K, used 21824K [0x00000000e0000000, 0x00000000e8000000, 0x00000000e8000000)
  eden space 87424K,   0% used [0x00000000e0000000, 0x00000000e0000000, 0x00000000e5560000)
  from space 21824K, 100% used [0x00000000e5560000, 0x00000000e6ab0000, 0x00000000e6ab0000)
  to   space 21824K,   0% used [0x00000000e6ab0000, 0x00000000e6ab0000, 0x00000000e8000000)
 concurrent mark-sweep generation total 393216K, used 127438K [0x00000000e8000000, 0x0000000100000000, 0x0000000100000000)
 Metaspace       used 57610K, capacity 59388K, committed 59668K, reserved 1101824K
  class space    used 6569K, capacity 6957K, committed 6976K, reserved 1048576K
}
2020-05-19T14:56:48.059+0000: 15564.995: Total time for which application threads were stopped: 0.0169440 seconds, Stopping threads took: 0.0000602 seconds
{Heap before GC invocations=450 (full 26):
 par new generation   total 109248K, used 109248K [0x00000000e0000000, 0x00000000e8000000, 0x00000000e8000000)
  eden space 87424K, 100% used [0x00000000e0000000, 0x00000000e5560000, 0x00000000e5560000)
  from space 21824K, 100% used [0x00000000e5560000, 0x00000000e6ab0000, 0x00000000e6ab0000)
  to   space 21824K,   0% used [0x00000000e6ab0000, 0x00000000e6ab0000, 0x00000000e8000000)
 concurrent mark-sweep generation total 393216K, used 127438K [0x00000000e8000000, 0x0000000100000000, 0x0000000100000000)
 Metaspace       used 57610K, capacity 59388K, committed 59668K, reserved 1101824K
  class space    used 6569K, capacity 6957K, committed 6976K, reserved 1048576K
2020-05-19T14:56:48.139+0000: 15565.076: [GC (Allocation Failure) 2020-05-19T14:56:48.139+0000: 15565.076: [ParNew
Desired survivor size 20112992 bytes, new threshold 5 (max 8)
- age   1:    4549280 bytes,    4549280 total
- age   2:    4408848 bytes,    8958128 total
- age   3:    3825072 bytes,   12783200 total
- age   4:    4113496 bytes,   16896696 total
- age   5:    3993696 bytes,   20890392 total
: 109248K->21824K(109248K), 0.0164026 secs] 236686K->157212K(502464K), 0.0164640 secs] [Times: user=0.06 sys=0.00, real=0.02 secs] 
Heap after GC invocations=451 (full 26):
 par new generation   total 109248K, used 21824K [0x00000000e0000000, 0x00000000e8000000, 0x00000000e8000000)
  eden space 87424K,   0% used [0x00000000e0000000, 0x00000000e0000000, 0x00000000e5560000)
  from space 21824K, 100% used [0x00000000e6ab0000, 0x00000000e8000000, 0x00000000e8000000)
  to   space 21824K,   0% used [0x00000000e5560000, 0x00000000e5560000, 0x00000000e6ab0000)
 concurrent mark-sweep generation total 393216K, used 135388K [0x00000000e8000000, 0x0000000100000000, 0x0000000100000000)
 Metaspace       used 57610K, capacity 59388K, committed 59668K, reserved 1101824K
  class space    used 6569K, capacity 6957K, committed 6976K, reserved 1048576K
}
2020-05-19T14:56:48.155+0000: 15565.092: Total time for which application threads were stopped: 0.0167501 seconds, Stopping threads took: 0.0001171 seconds
{Heap before GC invocations=451 (full 26):
 par new generation   total 109248K, used 109248K [0x00000000e0000000, 0x00000000e8000000, 0x00000000e8000000)
  eden space 87424K, 100% used [0x00000000e0000000, 0x00000000e5560000, 0x00000000e5560000)
  from space 21824K, 100% used [0x00000000e6ab0000, 0x00000000e8000000, 0x00000000e8000000)
  to   space 21824K,   0% used [0x00000000e5560000, 0x00000000e5560000, 0x00000000e6ab0000)
 concurrent mark-sweep generation total 393216K, used 135388K [0x00000000e8000000, 0x0000000100000000, 0x0000000100000000)
 Metaspace       used 57610K, capacity 59388K, committed 59668K, reserved 1101824K
  class space    used 6569K, capacity 6957K, committed 6976K, reserved 1048576K
2020-05-19T14:56:48.239+0000: 15565.177: [GC (Allocation Failure) 2020-05-19T14:56:48.239+0000: 15565.177: [ParNew
Desired survivor size 20112992 bytes, new threshold 5 (max 8)
- age   1:    7890496 bytes,    7890496 total
- age   2:    1771256 bytes,    9661752 total
- age   3:    4404552 bytes,   14066304 total
- age   4:    3825472 bytes,   17891776 total
- age   5:    4113496 bytes,   22005272 total
: 109248K->21824K(109248K), 0.0139577 secs] 244636K->162999K(502464K), 0.0141057 secs] [Times: user=0.06 sys=0.00, real=0.01 secs] 
Heap after GC invocations=452 (full 26):
 par new generation   total 109248K, used 21824K [0x00000000e0000000, 0x00000000e8000000, 0x00000000e8000000)
  eden space 87424K,   0% used [0x00000000e0000000, 0x00000000e0000000, 0x00000000e5560000)
  from space 21824K, 100% used [0x00000000e5560000, 0x00000000e6ab0000, 0x00000000e6ab0000)
  to   space 21824K,   0% used [0x00000000e6ab0000, 0x00000000e6ab0000, 0x00000000e8000000)
 concurrent mark-sweep generation total 393216K, used 141175K [0x00000000e8000000, 0x0000000100000000, 0x0000000100000000)
 Metaspace       used 57610K, capacity 59388K, committed 59668K, reserved 1101824K
  class space    used 6569K, capacity 6957K, committed 6976K, reserved 1048576K
}
2020-05-19T14:56:48.254+0000: 15565.191: Total time for which application threads were stopped: 0.0145229 seconds, Stopping threads took: 0.0000743 seconds
2020-05-19T14:56:49.061+0000: 15565.998: Total time for which application threads were stopped: 0.0001476 seconds, Stopping threads took: 0.0000620 seconds
2020-05-19T14:56:49.063+0000: 15565.999: Total time for which application threads were stopped: 0.0001701 seconds, Stopping threads took: 0.0001013 seconds
2020-05-19T14:56:49.063+0000: 15565.999: Total time for which application threads were stopped: 0.0000941 seconds, Stopping threads took: 0.0000367 seconds
2020-05-19T14:56:49.063+0000: 15565.999: Total time for which application threads were stopped: 0.0000500 seconds, Stopping threads took: 0.0000127 seconds
2020-05-19T14:56:49.063+0000: 15566.000: Total time for which application threads were stopped: 0.0001448 seconds, Stopping threads took: 0.0000096 seconds
2020-05-19T14:56:55.210+0000: 15572.147: Total time for which application threads were stopped: 0.0002781 seconds, Stopping threads took: 0.0001999 seconds
2020-05-19T14:56:55.212+0000: 15572.149: Total time for which application threads were stopped: 0.0001442 seconds, Stopping threads took: 0.0000550 seconds
2020-05-19T14:56:55.213+0000: 15572.151: Total time for which application threads were stopped: 0.0001370 seconds, Stopping threads took: 0.0000538 seconds
{Heap before GC invocations=452 (full 26):
 par new generation   total 109248K, used 109248K [0x00000000e0000000, 0x00000000e8000000, 0x00000000e8000000)
  eden space 87424K, 100% used [0x00000000e0000000, 0x00000000e5560000, 0x00000000e5560000)
  from space 21824K, 100% used [0x00000000e5560000, 0x00000000e6ab0000, 0x00000000e6ab0000)
  to   space 21824K,   0% used [0x00000000e6ab0000, 0x00000000e6ab0000, 0x00000000e8000000)
 concurrent mark-sweep generation total 393216K, used 141175K [0x00000000e8000000, 0x0000000100000000, 0x0000000100000000)
 Metaspace       used 57612K, capacity 59388K, committed 59668K, reserved 1101824K
  class space    used 6569K, capacity 6957K, committed 6976K, reserved 1048576K
2020-05-19T14:56:55.310+0000: 15572.247: [GC (Allocation Failure) 2020-05-19T14:56:55.310+0000: 15572.247: [ParNew
Desired survivor size 20112992 bytes, new threshold 5 (max 8)
- age   1:    8906848 bytes,    8906848 total
- age   2:    3188568 bytes,   12095416 total
- age   3:    1643304 bytes,   13738720 total
- age   4:    4164904 bytes,   17903624 total
- age   5:    3765856 bytes,   21669480 total
: 109248K->21824K(109248K), 0.0155011 secs] 250423K->168952K(502464K), 0.0155723 secs] [Times: user=0.06 sys=0.00, real=0.02 secs] 
Heap after GC invocations=453 (full 26):
 par new generation   total 109248K, used 21824K [0x00000000e0000000, 0x00000000e8000000, 0x00000000e8000000)
  eden space 87424K,   0% used [0x00000000e0000000, 0x00000000e0000000, 0x00000000e5560000)
  from space 21824K, 100% used [0x00000000e6ab0000, 0x00000000e8000000, 0x00000000e8000000)
  to   space 21824K,   0% used [0x00000000e5560000, 0x00000000e5560000, 0x00000000e6ab0000)
 concurrent mark-sweep generation total 393216K, used 147128K [0x00000000e8000000, 0x0000000100000000, 0x0000000100000000)
 Metaspace       used 57612K, capacity 59388K, committed 59668K, reserved 1101824K
  class space    used 6569K, capacity 6957K, committed 6976K, reserved 1048576K
}
2020-05-19T14:56:55.326+0000: 15572.262: Total time for which application threads were stopped: 0.0158804 seconds, Stopping threads took: 0.0000925 seconds
2020-05-19T14:56:55.333+0000: 15572.269: Total time for which application threads were stopped: 0.0001592 seconds, Stopping threads took: 0.0000583 seconds
{Heap before GC invocations=453 (full 26):
 par new generation   total 109248K, used 109248K [0x00000000e0000000, 0x00000000e8000000, 0x00000000e8000000)
  eden space 87424K, 100% used [0x00000000e0000000, 0x00000000e5560000, 0x00000000e5560000)
  from space 21824K, 100% used [0x00000000e6ab0000, 0x00000000e8000000, 0x00000000e8000000)
  to   space 21824K,   0% used [0x00000000e5560000, 0x00000000e5560000, 0x00000000e6ab0000)
 concurrent mark-sweep generation total 393216K, used 147128K [0x00000000e8000000, 0x0000000100000000, 0x0000000100000000)
 Metaspace       used 57612K, capacity 59388K, committed 59668K, reserved 1101824K
  class space    used 6569K, capacity 6957K, committed 6976K, reserved 1048576K
2020-05-19T14:56:55.414+0000: 15572.351: [GC (Allocation Failure) 2020-05-19T14:56:55.414+0000: 15572.351: [ParNew
Desired survivor size 20112992 bytes, new threshold 5 (max 8)
- age   1:    8168288 bytes,    8168288 total
- age   2:    4785448 bytes,   12953736 total
- age   3:    3188328 bytes,   16142064 total
- age   4:    1643304 bytes,   17785368 total
- age   5:    4164864 bytes,   21950232 total
: 109248K->21824K(109248K), 0.0170140 secs] 256376K->177261K(502464K), 0.0170787 secs] [Times: user=0.08 sys=0.00, real=0.02 secs] 
Heap after GC invocations=454 (full 26):
 par new generation   total 109248K, used 21824K [0x00000000e0000000, 0x00000000e8000000, 0x00000000e8000000)
  eden space 87424K,   0% used [0x00000000e0000000, 0x00000000e0000000, 0x00000000e5560000)
  from space 21824K, 100% used [0x00000000e5560000, 0x00000000e6ab0000, 0x00000000e6ab0000)
  to   space 21824K,   0% used [0x00000000e6ab0000, 0x00000000e6ab0000, 0x00000000e8000000)
 concurrent mark-sweep generation total 393216K, used 155437K [0x00000000e8000000, 0x0000000100000000, 0x0000000100000000)
 Metaspace       used 57612K, capacity 59388K, committed 59668K, reserved 1101824K
  class space    used 6569K, capacity 6957K, committed 6976K, reserved 1048576K
}
2020-05-19T14:56:55.431+0000: 15572.368: Total time for which application threads were stopped: 0.0173762 seconds, Stopping threads took: 0.0000907 seconds
{Heap before GC invocations=454 (full 26):
 par new generation   total 109248K, used 109248K [0x00000000e0000000, 0x00000000e8000000, 0x00000000e8000000)
  eden space 87424K, 100% used [0x00000000e0000000, 0x00000000e5560000, 0x00000000e5560000)
  from space 21824K, 100% used [0x00000000e5560000, 0x00000000e6ab0000, 0x00000000e6ab0000)
  to   space 21824K,   0% used [0x00000000e6ab0000, 0x00000000e6ab0000, 0x00000000e8000000)
 concurrent mark-sweep generation total 393216K, used 155437K [0x00000000e8000000, 0x0000000100000000, 0x0000000100000000)
 Metaspace       used 57612K, capacity 59388K, committed 59668K, reserved 1101824K
  class space    used 6569K, capacity 6957K, committed 6976K, reserved 1048576K
2020-05-19T14:56:55.503+0000: 15572.440: [GC (Allocation Failure) 2020-05-19T14:56:55.503+0000: 15572.440: [ParNew
Desired survivor size 20112992 bytes, new threshold 4 (max 8)
- age   1:    7142600 bytes,    7142600 total
- age   2:    5296232 bytes,   12438832 total
- age   3:    4785288 bytes,   17224120 total
- age   4:    3188328 bytes,   20412448 total
- age   5:    1643304 bytes,   22055752 total
: 109248K->21824K(109248K), 0.0145279 secs] 264685K->184309K(502464K), 0.0145999 secs] [Times: user=0.06 sys=0.00, real=0.01 secs] 
Heap after GC invocations=455 (full 26):
 par new generation   total 109248K, used 21824K [0x00000000e0000000, 0x00000000e8000000, 0x00000000e8000000)
  eden space 87424K,   0% used [0x00000000e0000000, 0x00000000e0000000, 0x00000000e5560000)
  from space 21824K, 100% used [0x00000000e6ab0000, 0x00000000e8000000, 0x00000000e8000000)
  to   space 21824K,   0% used [0x00000000e5560000, 0x00000000e5560000, 0x00000000e6ab0000)
 concurrent mark-sweep generation total 393216K, used 162485K [0x00000000e8000000, 0x0000000100000000, 0x0000000100000000)
 Metaspace       used 57612K, capacity 59388K, committed 59668K, reserved 1101824K
  class space    used 6569K, capacity 6957K, committed 6976K, reserved 1048576K
}
2020-05-19T14:56:55.517+0000: 15572.455: Total time for which application threads were stopped: 0.0148641 seconds, Stopping threads took: 0.0000887 seconds
2020-05-19T14:56:56.135+0000: 15573.071: Total time for which application threads were stopped: 0.0001343 seconds, Stopping threads took: 0.0000475 seconds
2020-05-19T14:56:56.135+0000: 15573.072: Total time for which application threads were stopped: 0.0000996 seconds, Stopping threads took: 0.0000348 seconds
2020-05-19T14:56:59.598+0000: 15576.536: Total time for which application threads were stopped: 0.0001722 seconds, Stopping threads took: 0.0001052 seconds
2020-05-19T14:56:59.601+0000: 15576.538: Total time for which application threads were stopped: 0.0002020 seconds, Stopping threads took: 0.0001079 seconds
2020-05-19T14:56:59.639+0000: 15576.577: Total time for which application threads were stopped: 0.0001980 seconds, Stopping threads took: 0.0000995 seconds
2020-05-19T14:56:59.641+0000: 15576.578: Total time for which application threads were stopped: 0.0002188 seconds, Stopping threads took: 0.0000500 seconds
2020-05-19T14:56:59.644+0000: 15576.582: Total time for which application threads were stopped: 0.0002479 seconds, Stopping threads took: 0.0001233 seconds
{Heap before GC invocations=455 (full 26):
 par new generation   total 109248K, used 109248K [0x00000000e0000000, 0x00000000e8000000, 0x00000000e8000000)
  eden space 87424K, 100% used [0x00000000e0000000, 0x00000000e5560000, 0x00000000e5560000)
  from space 21824K, 100% used [0x00000000e6ab0000, 0x00000000e8000000, 0x00000000e8000000)
  to   space 21824K,   0% used [0x00000000e5560000, 0x00000000e5560000, 0x00000000e6ab0000)
 concurrent mark-sweep generation total 393216K, used 162485K [0x00000000e8000000, 0x0000000100000000, 0x0000000100000000)
 Metaspace       used 57661K, capacity 59452K, committed 59668K, reserved 1101824K
  class space    used 6571K, capacity 6957K, committed 6976K, reserved 1048576K
2020-05-19T14:56:59.707+0000: 15576.644: [GC (Allocation Failure) 2020-05-19T14:56:59.707+0000: 15576.644: [ParNew
Desired survivor size 20112992 bytes, new threshold 4 (max 8)
- age   1:    9023704 bytes,    9023704 total
- age   2:    3810280 bytes,   12833984 total
- age   3:    4972512 bytes,   17806496 total
- age   4:    4468024 bytes,   22274520 total
: 109248K->21824K(109248K), 0.0174079 secs] 271733K->190842K(502464K), 0.0174977 secs] [Times: user=0.06 sys=0.00, real=0.02 secs] 
Heap after GC invocations=456 (full 26):
 par new generation   total 109248K, used 21824K [0x00000000e0000000, 0x00000000e8000000, 0x00000000e8000000)
  eden space 87424K,   0% used [0x00000000e0000000, 0x00000000e0000000, 0x00000000e5560000)
  from space 21824K, 100% used [0x00000000e5560000, 0x00000000e6ab0000, 0x00000000e6ab0000)
  to   space 21824K,   0% used [0x00000000e6ab0000, 0x00000000e6ab0000, 0x00000000e8000000)
 concurrent mark-sweep generation total 393216K, used 169018K [0x00000000e8000000, 0x0000000100000000, 0x0000000100000000)
 Metaspace       used 57661K, capacity 59452K, committed 59668K, reserved 1101824K
  class space    used 6571K, capacity 6957K, committed 6976K, reserved 1048576K
}
2020-05-19T14:56:59.725+0000: 15576.662: Total time for which application threads were stopped: 0.0177790 seconds, Stopping threads took: 0.0000569 seconds
2020-05-19T14:56:59.725+0000: 15576.662: Total time for which application threads were stopped: 0.0002182 seconds, Stopping threads took: 0.0001011 seconds
2020-05-19T14:56:59.792+0000: 15576.728: Total time for which application threads were stopped: 0.0001560 seconds, Stopping threads took: 0.0000535 seconds
{Heap before GC invocations=456 (full 26):
 par new generation   total 109248K, used 109248K [0x00000000e0000000, 0x00000000e8000000, 0x00000000e8000000)
  eden space 87424K, 100% used [0x00000000e0000000, 0x00000000e5560000, 0x00000000e5560000)
  from space 21824K, 100% used [0x00000000e5560000, 0x00000000e6ab0000, 0x00000000e6ab0000)
  to   space 21824K,   0% used [0x00000000e6ab0000, 0x00000000e6ab0000, 0x00000000e8000000)
 concurrent mark-sweep generation total 393216K, used 169018K [0x00000000e8000000, 0x0000000100000000, 0x0000000100000000)
 Metaspace       used 57661K, capacity 59452K, committed 59668K, reserved 1101824K
  class space    used 6571K, capacity 6957K, committed 6976K, reserved 1048576K
2020-05-19T14:56:59.852+0000: 15576.789: [GC (Allocation Failure) 2020-05-19T14:56:59.852+0000: 15576.789: [ParNew
Desired survivor size 20112992 bytes, new threshold 4 (max 8)
- age   1:    7901656 bytes,    7901656 total
- age   2:    4739200 bytes,   12640856 total
- age   3:    3520584 bytes,   16161440 total
- age   4:    4559128 bytes,   20720568 total
: 109248K->21824K(109248K), 0.0149552 secs] 278266K->197535K(502464K), 0.0150390 secs] [Times: user=0.00 sys=0.00, real=0.02 secs] 
Heap after GC invocations=457 (full 26):
 par new generation   total 109248K, used 21824K [0x00000000e0000000, 0x00000000e8000000, 0x00000000e8000000)
  eden space 87424K,   0% used [0x00000000e0000000, 0x00000000e0000000, 0x00000000e5560000)
  from space 21824K, 100% used [0x00000000e6ab0000, 0x00000000e8000000, 0x00000000e8000000)
  to   space 21824K,   0% used [0x00000000e5560000, 0x00000000e5560000, 0x00000000e6ab0000)
 concurrent mark-sweep generation total 393216K, used 175711K [0x00000000e8000000, 0x0000000100000000, 0x0000000100000000)
 Metaspace       used 57661K, capacity 59452K, committed 59668K, reserved 1101824K
  class space    used 6571K, capacity 6957K, committed 6976K, reserved 1048576K
}
2020-05-19T14:56:59.867+0000: 15576.804: Total time for which application threads were stopped: 0.0152985 seconds, Stopping threads took: 0.0000569 seconds
{Heap before GC invocations=457 (full 26):
 par new generation   total 109248K, used 109248K [0x00000000e0000000, 0x00000000e8000000, 0x00000000e8000000)
  eden space 87424K, 100% used [0x00000000e0000000, 0x00000000e5560000, 0x00000000e5560000)
  from space 21824K, 100% used [0x00000000e6ab0000, 0x00000000e8000000, 0x00000000e8000000)
  to   space 21824K,   0% used [0x00000000e5560000, 0x00000000e5560000, 0x00000000e6ab0000)
 concurrent mark-sweep generation total 393216K, used 175711K [0x00000000e8000000, 0x0000000100000000, 0x0000000100000000)
 Metaspace       used 57661K, capacity 59452K, committed 59668K, reserved 1101824K
  class space    used 6571K, capacity 6957K, committed 6976K, reserved 1048576K
2020-05-19T14:56:59.961+0000: 15576.897: [GC (Allocation Failure) 2020-05-19T14:56:59.961+0000: 15576.897: [ParNew
Desired survivor size 20112992 bytes, new threshold 4 (max 8)
- age   1:    8264432 bytes,    8264432 total
- age   2:    4380680 bytes,   12645112 total
- age   3:    4734528 bytes,   17379640 total
- age   4:    3520584 bytes,   20900224 total
: 109248K->21824K(109248K), 0.0140473 secs] 284959K->204271K(502464K), 0.0141156 secs] [Times: user=0.06 sys=0.00, real=0.01 secs] 
Heap after GC invocations=458 (full 26):
 par new generation   total 109248K, used 21824K [0x00000000e0000000, 0x00000000e8000000, 0x00000000e8000000)
  eden space 87424K,   0% used [0x00000000e0000000, 0x00000000e0000000, 0x00000000e5560000)
  from space 21824K, 100% used [0x00000000e5560000, 0x00000000e6ab0000, 0x00000000e6ab0000)
  to   space 21824K,   0% used [0x00000000e6ab0000, 0x00000000e6ab0000, 0x00000000e8000000)
 concurrent mark-sweep generation total 393216K, used 182447K [0x00000000e8000000, 0x0000000100000000, 0x0000000100000000)
 Metaspace       used 57661K, capacity 59452K, committed 59668K, reserved 1101824K
  class space    used 6571K, capacity 6957K, committed 6976K, reserved 1048576K
}
2020-05-19T14:56:59.975+0000: 15576.912: Total time for which application threads were stopped: 0.0143814 seconds, Stopping threads took: 0.0000887 seconds
2020-05-19T14:57:00.536+0000: 15577.473: Total time for which application threads were stopped: 0.0002007 seconds, Stopping threads took: 0.0001208 seconds
2020-05-19T14:57:00.537+0000: 15577.474: Total time for which application threads were stopped: 0.0001211 seconds, Stopping threads took: 0.0000543 seconds
2020-05-19T14:57:00.538+0000: 15577.475: Total time for which application threads were stopped: 0.0001557 seconds, Stopping threads took: 0.0000998 seconds
2020-05-19T14:57:00.538+0000: 15577.475: Total time for which application threads were stopped: 0.0000749 seconds, Stopping threads took: 0.0000377 seconds
2020-05-19T14:57:00.538+0000: 15577.475: Total time for which application threads were stopped: 0.0000405 seconds, Stopping threads took: 0.0000105 seconds
2020-05-19T14:57:00.538+0000: 15577.475: Total time for which application threads were stopped: 0.0000387 seconds, Stopping threads took: 0.0000099 seconds
2020-05-19T14:57:08.485+0000: 15585.422: Total time for which application threads were stopped: 0.0001802 seconds, Stopping threads took: 0.0001131 seconds
2020-05-19T14:57:08.498+0000: 15585.434: Total time for which application threads were stopped: 0.0001695 seconds, Stopping threads took: 0.0000608 seconds
2020-05-19T14:57:08.499+0000: 15585.436: Total time for which application threads were stopped: 0.0001476 seconds, Stopping threads took: 0.0000518 seconds
{Heap before GC invocations=458 (full 26):
 par new generation   total 109248K, used 108967K [0x00000000e0000000, 0x00000000e8000000, 0x00000000e8000000)
  eden space 87424K,  99% used [0x00000000e0000000, 0x00000000e5519df8, 0x00000000e5560000)
  from space 21824K, 100% used [0x00000000e5560000, 0x00000000e6ab0000, 0x00000000e6ab0000)
  to   space 21824K,   0% used [0x00000000e6ab0000, 0x00000000e6ab0000, 0x00000000e8000000)
 concurrent mark-sweep generation total 393216K, used 182447K [0x00000000e8000000, 0x0000000100000000, 0x0000000100000000)
 Metaspace       used 57663K, capacity 59452K, committed 59668K, reserved 1101824K
  class space    used 6571K, capacity 6957K, committed 6976K, reserved 1048576K
2020-05-19T14:57:08.522+0000: 15585.459: [GC (Allocation Failure) 2020-05-19T14:57:08.522+0000: 15585.459: [ParNew
Desired survivor size 20112992 bytes, new threshold 8 (max 8)
- age   1:    5131992 bytes,    5131992 total
- age   2:    6153992 bytes,   11285984 total
- age   3:    4107272 bytes,   15393256 total
- age   4:    4441032 bytes,   19834288 total
: 108967K->21824K(109248K), 0.0121718 secs] 291415K->208575K(502464K), 0.0122496 secs] [Times: user=0.06 sys=0.00, real=0.01 secs] 
Heap after GC invocations=459 (full 26):
 par new generation   total 109248K, used 21824K [0x00000000e0000000, 0x00000000e8000000, 0x00000000e8000000)
  eden space 87424K,   0% used [0x00000000e0000000, 0x00000000e0000000, 0x00000000e5560000)
  from space 21824K, 100% used [0x00000000e6ab0000, 0x00000000e8000000, 0x00000000e8000000)
  to   space 21824K,   0% used [0x00000000e5560000, 0x00000000e5560000, 0x00000000e6ab0000)
 concurrent mark-sweep generation total 393216K, used 186751K [0x00000000e8000000, 0x0000000100000000, 0x0000000100000000)
 Metaspace       used 57663K, capacity 59452K, committed 59668K, reserved 1101824K
  class space    used 6571K, capacity 6957K, committed 6976K, reserved 1048576K
}
2020-05-19T14:57:08.535+0000: 15585.471: Total time for which application threads were stopped: 0.0124734 seconds, Stopping threads took: 0.0000543 seconds
2020-05-19T14:57:08.610+0000: 15585.547: Total time for which application threads were stopped: 0.0001457 seconds, Stopping threads took: 0.0000511 seconds
{Heap before GC invocations=459 (full 26):
 par new generation   total 109248K, used 109069K [0x00000000e0000000, 0x00000000e8000000, 0x00000000e8000000)
  eden space 87424K,  99% used [0x00000000e0000000, 0x00000000e5533698, 0x00000000e5560000)
  from space 21824K, 100% used [0x00000000e6ab0000, 0x00000000e8000000, 0x00000000e8000000)
  to   space 21824K,   0% used [0x00000000e5560000, 0x00000000e5560000, 0x00000000e6ab0000)
 concurrent mark-sweep generation total 393216K, used 186751K [0x00000000e8000000, 0x0000000100000000, 0x0000000100000000)
 Metaspace       used 57663K, capacity 59452K, committed 59668K, reserved 1101824K
  class space    used 6571K, capacity 6957K, committed 6976K, reserved 1048576K
2020-05-19T14:57:08.623+0000: 15585.561: [GC (Allocation Failure) 2020-05-19T14:57:08.623+0000: 15585.561: [ParNew
Desired survivor size 20112992 bytes, new threshold 5 (max 8)
- age   1:    2750552 bytes,    2750552 total
- age   2:    4926752 bytes,    7677304 total
- age   3:    6147120 bytes,   13824424 total
- age   4:    4088968 bytes,   17913392 total
- age   5:    4320584 bytes,   22233976 total
: 109069K->21824K(109248K), 0.0171011 secs] 295820K->216826K(502464K), 0.0171703 secs] [Times: user=0.06 sys=0.00, real=0.02 secs] 
Heap after GC invocations=460 (full 26):
 par new generation   total 109248K, used 21824K [0x00000000e0000000, 0x00000000e8000000, 0x00000000e8000000)
  eden space 87424K,   0% used [0x00000000e0000000, 0x00000000e0000000, 0x00000000e5560000)
  from space 21824K, 100% used [0x00000000e5560000, 0x00000000e6ab0000, 0x00000000e6ab0000)
  to   space 21824K,   0% used [0x00000000e6ab0000, 0x00000000e6ab0000, 0x00000000e8000000)
 concurrent mark-sweep generation total 393216K, used 195002K [0x00000000e8000000, 0x0000000100000000, 0x0000000100000000)
 Metaspace       used 57663K, capacity 59452K, committed 59668K, reserved 1101824K
  class space    used 6571K, capacity 6957K, committed 6976K, reserved 1048576K
}
2020-05-19T14:57:08.641+0000: 15585.578: Total time for which application threads were stopped: 0.0174016 seconds, Stopping threads took: 0.0000602 seconds
2020-05-19T14:57:08.641+0000: 15585.578: Total time for which application threads were stopped: 0.0002949 seconds, Stopping threads took: 0.0001392 seconds
2020-05-19T14:57:08.641+0000: 15585.578: Total time for which application threads were stopped: 0.0000848 seconds, Stopping threads took: 0.0000143 seconds
{Heap before GC invocations=460 (full 26):
 par new generation   total 109248K, used 109248K [0x00000000e0000000, 0x00000000e8000000, 0x00000000e8000000)
  eden space 87424K, 100% used [0x00000000e0000000, 0x00000000e5560000, 0x00000000e5560000)
  from space 21824K, 100% used [0x00000000e5560000, 0x00000000e6ab0000, 0x00000000e6ab0000)
  to   space 21824K,   0% used [0x00000000e6ab0000, 0x00000000e6ab0000, 0x00000000e8000000)
 concurrent mark-sweep generation total 393216K, used 195002K [0x00000000e8000000, 0x0000000100000000, 0x0000000100000000)
 Metaspace       used 57663K, capacity 59452K, committed 59668K, reserved 1101824K
  class space    used 6571K, capacity 6957K, committed 6976K, reserved 1048576K
2020-05-19T14:57:08.734+0000: 15585.671: [GC (Allocation Failure) 2020-05-19T14:57:08.734+0000: 15585.671: [ParNew
Desired survivor size 20112992 bytes, new threshold 5 (max 8)
- age   1:    5881800 bytes,    5881800 total
- age   2:    2295608 bytes,    8177408 total
- age   3:    4425872 bytes,   12603280 total
- age   4:    5440128 bytes,   18043408 total
- age   5:    4063232 bytes,   22106640 total
: 109248K->21824K(109248K), 0.0179907 secs] 304250K->228660K(502464K), 0.0180820 secs] [Times: user=0.06 sys=0.00, real=0.02 secs] 
Heap after GC invocations=461 (full 26):
 par new generation   total 109248K, used 21824K [0x00000000e0000000, 0x00000000e8000000, 0x00000000e8000000)
  eden space 87424K,   0% used [0x00000000e0000000, 0x00000000e0000000, 0x00000000e5560000)
  from space 21824K, 100% used [0x00000000e6ab0000, 0x00000000e8000000, 0x00000000e8000000)
  to   space 21824K,   0% used [0x00000000e5560000, 0x00000000e5560000, 0x00000000e6ab0000)
 concurrent mark-sweep generation total 393216K, used 206836K [0x00000000e8000000, 0x0000000100000000, 0x0000000100000000)
 Metaspace       used 57663K, capacity 59452K, committed 59668K, reserved 1101824K
  class space    used 6571K, capacity 6957K, committed 6976K, reserved 1048576K
}
2020-05-19T14:57:08.752+0000: 15585.689: Total time for which application threads were stopped: 0.0183991 seconds, Stopping threads took: 0.0000780 seconds
2020-05-19T14:57:08.753+0000: 15585.689: [GC (CMS Initial Mark) [1 CMS-initial-mark: 206836K(393216K)] 228692K(502464K), 0.0034470 secs] [Times: user=0.00 sys=0.00, real=0.00 secs] 
2020-05-19T14:57:08.756+0000: 15585.693: Total time for which application threads were stopped: 0.0037757 seconds, Stopping threads took: 0.0002032 seconds
2020-05-19T14:57:08.756+0000: 15585.693: [CMS-concurrent-mark-start]
2020-05-19T14:57:08.781+0000: 15585.718: [CMS-concurrent-mark: 0.025/0.025 secs] [Times: user=0.13 sys=0.00, real=0.02 secs] 
2020-05-19T14:57:08.781+0000: 15585.718: [CMS-concurrent-preclean-start]
2020-05-19T14:57:08.783+0000: 15585.719: [CMS-concurrent-preclean: 0.002/0.002 secs] [Times: user=0.00 sys=0.00, real=0.00 secs] 
2020-05-19T14:57:08.783+0000: 15585.719: [GC (CMS Final Remark) [YG occupancy: 22993 K (109248 K)]{Heap before GC invocations=461 (full 27):
 par new generation   total 109248K, used 22993K [0x00000000e0000000, 0x00000000e8000000, 0x00000000e8000000)
  eden space 87424K,   1% used [0x00000000e0000000, 0x00000000e01246f0, 0x00000000e5560000)
  from space 21824K, 100% used [0x00000000e6ab0000, 0x00000000e8000000, 0x00000000e8000000)
  to   space 21824K,   0% used [0x00000000e5560000, 0x00000000e5560000, 0x00000000e6ab0000)
 concurrent mark-sweep generation total 393216K, used 206836K [0x00000000e8000000, 0x0000000100000000, 0x0000000100000000)
 Metaspace       used 57663K, capacity 59452K, committed 59668K, reserved 1101824K
  class space    used 6571K, capacity 6957K, committed 6976K, reserved 1048576K
2020-05-19T14:57:08.783+0000: 15585.719: [GC (CMS Final Remark) 2020-05-19T14:57:08.783+0000: 15585.719: [ParNew
Desired survivor size 20112992 bytes, new threshold 8 (max 8)
- age   1:      78816 bytes,      78816 total
- age   2:    5591696 bytes,    5670512 total
- age   3:    2295608 bytes,    7966120 total
- age   4:    4425872 bytes,   12391992 total
- age   5:    5440128 bytes,   17832120 total
: 22993K->21490K(109248K), 0.0100263 secs] 229829K->232306K(502464K), 0.0100816 secs] [Times: user=0.06 sys=0.00, real=0.01 secs] 
Heap after GC invocations=462 (full 27):
 par new generation   total 109248K, used 21490K [0x00000000e0000000, 0x00000000e8000000, 0x00000000e8000000)
  eden space 87424K,   0% used [0x00000000e0000000, 0x00000000e0000000, 0x00000000e5560000)
  from space 21824K,  98% used [0x00000000e5560000, 0x00000000e6a5c800, 0x00000000e6ab0000)
  to   space 21824K,   0% used [0x00000000e6ab0000, 0x00000000e6ab0000, 0x00000000e8000000)
 concurrent mark-sweep generation total 393216K, used 210816K [0x00000000e8000000, 0x0000000100000000, 0x0000000100000000)
 Metaspace       used 57663K, capacity 59452K, committed 59668K, reserved 1101824K
  class space    used 6571K, capacity 6957K, committed 6976K, reserved 1048576K
}
2020-05-19T14:57:08.793+0000: 15585.730: [Rescan (parallel) , 0.0038913 secs]2020-05-19T14:57:08.797+0000: 15585.734: [weak refs processing, 0.0038962 secs]2020-05-19T14:57:08.801+0000: 15585.737: [class unloading, 0.0126754 secs]2020-05-19T14:57:08.814+0000: 15585.750: [scrub symbol table, 0.0089614 secs]2020-05-19T14:57:08.822+0000: 15585.759: [scrub string table, 0.0005986 secs][1 CMS-remark: 210816K(393216K)] 232306K(502464K), 0.0404547 secs] [Times: user=0.11 sys=0.00, real=0.04 secs] 
2020-05-19T14:57:08.822+0000: 15585.760: Total time for which application threads were stopped: 0.0407000 seconds, Stopping threads took: 0.0000819 seconds
2020-05-19T14:57:08.822+0000: 15585.760: [CMS-concurrent-sweep-start]
2020-05-19T14:57:08.825+0000: 15585.763: Total time for which application threads were stopped: 0.0001843 seconds, Stopping threads took: 0.0000787 seconds
2020-05-19T14:57:08.825+0000: 15585.763: Total time for which application threads were stopped: 0.0001096 seconds, Stopping threads took: 0.0000474 seconds
2020-05-19T14:57:08.826+0000: 15585.763: Total time for which application threads were stopped: 0.0001229 seconds, Stopping threads took: 0.0000475 seconds
2020-05-19T14:57:08.826+0000: 15585.763: Total time for which application threads were stopped: 0.0001072 seconds, Stopping threads took: 0.0000432 seconds
2020-05-19T14:57:08.826+0000: 15585.764: Total time for which application threads were stopped: 0.0001822 seconds, Stopping threads took: 0.0000560 seconds
2020-05-19T14:57:08.826+0000: 15585.764: Total time for which application threads were stopped: 0.0000810 seconds, Stopping threads took: 0.0000416 seconds
2020-05-19T14:57:08.898+0000: 15585.836: [CMS-concurrent-sweep: 0.075/0.076 secs] [Times: user=0.19 sys=0.00, real=0.08 secs] 
2020-05-19T14:57:08.898+0000: 15585.836: [CMS-concurrent-reset-start]
2020-05-19T14:57:08.899+0000: 15585.836: [CMS-concurrent-reset: 0.001/0.001 secs] [Times: user=0.05 sys=0.00, real=0.00 secs] 
{Heap before GC invocations=462 (full 27):
 par new generation   total 109248K, used 108914K [0x00000000e0000000, 0x00000000e8000000, 0x00000000e8000000)
  eden space 87424K, 100% used [0x00000000e0000000, 0x00000000e5560000, 0x00000000e5560000)
  from space 21824K,  98% used [0x00000000e5560000, 0x00000000e6a5c800, 0x00000000e6ab0000)
  to   space 21824K,   0% used [0x00000000e6ab0000, 0x00000000e6ab0000, 0x00000000e8000000)
 concurrent mark-sweep generation total 393216K, used 77558K [0x00000000e8000000, 0x0000000100000000, 0x0000000100000000)
 Metaspace       used 57663K, capacity 59452K, committed 59668K, reserved 1101824K
  class space    used 6571K, capacity 6957K, committed 6976K, reserved 1048576K
2020-05-19T14:57:08.936+0000: 15585.873: [GC (Allocation Failure) 2020-05-19T14:57:08.936+0000: 15585.873: [ParNew
Desired survivor size 20112992 bytes, new threshold 6 (max 8)
- age   1:    8106368 bytes,    8106368 total
- age   2:        272 bytes,    8106640 total
- age   3:    4224736 bytes,   12331376 total
- age   4:    1540320 bytes,   13871696 total
- age   5:    3115744 bytes,   16987440 total
- age   6:    4794616 bytes,   21782056 total
: 108914K->21824K(109248K), 0.0113442 secs] 186472K->101458K(502464K), 0.0113985 secs] [Times: user=0.06 sys=0.00, real=0.01 secs] 
Heap after GC invocations=463 (full 27):
 par new generation   total 109248K, used 21824K [0x00000000e0000000, 0x00000000e8000000, 0x00000000e8000000)
  eden space 87424K,   0% used [0x00000000e0000000, 0x00000000e0000000, 0x00000000e5560000)
  from space 21824K, 100% used [0x00000000e6ab0000, 0x00000000e8000000, 0x00000000e8000000)
  to   space 21824K,   0% used [0x00000000e5560000, 0x00000000e5560000, 0x00000000e6ab0000)
 concurrent mark-sweep generation total 393216K, used 79634K [0x00000000e8000000, 0x0000000100000000, 0x0000000100000000)
 Metaspace       used 57663K, capacity 59452K, committed 59668K, reserved 1101824K
  class space    used 6571K, capacity 6957K, committed 6976K, reserved 1048576K
}
2020-05-19T14:57:08.948+0000: 15585.885: Total time for which application threads were stopped: 0.0116439 seconds, Stopping threads took: 0.0000598 seconds
2020-05-19T14:57:09.603+0000: 15586.541: Total time for which application threads were stopped: 0.0001989 seconds, Stopping threads took: 0.0001030 seconds
2020-05-19T14:57:09.697+0000: 15586.634: Total time for which application threads were stopped: 0.0001670 seconds, Stopping threads took: 0.0000753 seconds
2020-05-19T14:57:09.698+0000: 15586.635: Total time for which application threads were stopped: 0.0001798 seconds, Stopping threads took: 0.0001045 seconds
2020-05-19T14:57:09.698+0000: 15586.635: Total time for which application threads were stopped: 0.0000826 seconds, Stopping threads took: 0.0000363 seconds
2020-05-19T14:57:09.698+0000: 15586.636: Total time for which application threads were stopped: 0.0000508 seconds, Stopping threads took: 0.0000118 seconds
2020-05-19T14:57:09.698+0000: 15586.636: Total time for which application threads were stopped: 0.0000468 seconds, Stopping threads took: 0.0000096 seconds
2020-05-19T14:57:09.699+0000: 15586.636: Total time for which application threads were stopped: 0.0000792 seconds, Stopping threads took: 0.0000347 seconds
2020-05-19T14:57:23.495+0000: 15600.432: Total time for which application threads were stopped: 0.0000920 seconds, Stopping threads took: 0.0000231 seconds
2020-05-19T14:57:27.604+0000: 15604.541: Total time for which application threads were stopped: 0.0001931 seconds, Stopping threads took: 0.0000674 seconds
2020-05-19T14:57:27.613+0000: 15604.550: Total time for which application threads were stopped: 0.0002644 seconds, Stopping threads took: 0.0000322 seconds
2020-05-19T14:57:27.615+0000: 15604.552: Total time for which application threads were stopped: 0.0001736 seconds, Stopping threads took: 0.0000756 seconds
{Heap before GC invocations=463 (full 27):
 par new generation   total 109248K, used 109248K [0x00000000e0000000, 0x00000000e8000000, 0x00000000e8000000)
  eden space 87424K, 100% used [0x00000000e0000000, 0x00000000e5560000, 0x00000000e5560000)
  from space 21824K, 100% used [0x00000000e6ab0000, 0x00000000e8000000, 0x00000000e8000000)
  to   space 21824K,   0% used [0x00000000e5560000, 0x00000000e5560000, 0x00000000e6ab0000)
 concurrent mark-sweep generation total 393216K, used 79634K [0x00000000e8000000, 0x0000000100000000, 0x0000000100000000)
 Metaspace       used 57675K, capacity 59452K, committed 59668K, reserved 1101824K
  class space    used 6571K, capacity 6957K, committed 6976K, reserved 1048576K
2020-05-19T14:57:27.690+0000: 15604.627: [GC (Allocation Failure) 2020-05-19T14:57:27.690+0000: 15604.627: [ParNew
Desired survivor size 20112992 bytes, new threshold 6 (max 8)
- age   1:    6831104 bytes,    6831104 total
- age   2:    4981024 bytes,   11812128 total
- age   3:        272 bytes,   11812400 total
- age   4:    4223704 bytes,   16036104 total
- age   5:    1539920 bytes,   17576024 total
- age   6:    3078240 bytes,   20654264 total
: 109248K->21824K(109248K), 0.0164018 secs] 188882K->109397K(502464K), 0.0164760 secs] [Times: user=0.06 sys=0.00, real=0.02 secs] 
Heap after GC invocations=464 (full 27):
 par new generation   total 109248K, used 21824K [0x00000000e0000000, 0x00000000e8000000, 0x00000000e8000000)
  eden space 87424K,   0% used [0x00000000e0000000, 0x00000000e0000000, 0x00000000e5560000)
  from space 21824K, 100% used [0x00000000e5560000, 0x00000000e6ab0000, 0x00000000e6ab0000)
  to   space 21824K,   0% used [0x00000000e6ab0000, 0x00000000e6ab0000, 0x00000000e8000000)
 concurrent mark-sweep generation total 393216K, used 87573K [0x00000000e8000000, 0x0000000100000000, 0x0000000100000000)
 Metaspace       used 57675K, capacity 59452K, committed 59668K, reserved 1101824K
  class space    used 6571K, capacity 6957K, committed 6976K, reserved 1048576K
}
2020-05-19T14:57:27.707+0000: 15604.644: Total time for which application threads were stopped: 0.0167111 seconds, Stopping threads took: 0.0000531 seconds
2020-05-19T14:57:27.724+0000: 15604.661: Total time for which application threads were stopped: 0.0001749 seconds, Stopping threads took: 0.0000822 seconds
{Heap before GC invocations=464 (full 27):
 par new generation   total 109248K, used 109248K [0x00000000e0000000, 0x00000000e8000000, 0x00000000e8000000)
  eden space 87424K, 100% used [0x00000000e0000000, 0x00000000e5560000, 0x00000000e5560000)
  from space 21824K, 100% used [0x00000000e5560000, 0x00000000e6ab0000, 0x00000000e6ab0000)
  to   space 21824K,   0% used [0x00000000e6ab0000, 0x00000000e6ab0000, 0x00000000e8000000)
 concurrent mark-sweep generation total 393216K, used 87573K [0x00000000e8000000, 0x0000000100000000, 0x0000000100000000)
 Metaspace       used 57676K, capacity 59452K, committed 59668K, reserved 1101824K
  class space    used 6571K, capacity 6957K, committed 6976K, reserved 1048576K
2020-05-19T14:57:27.798+0000: 15604.735: [GC (Allocation Failure) 2020-05-19T14:57:27.798+0000: 15604.735: [ParNew
Desired survivor size 20112992 bytes, new threshold 6 (max 8)
- age   1:    5847936 bytes,    5847936 total
- age   2:    3960776 bytes,    9808712 total
- age   3:    4976592 bytes,   14785304 total
- age   4:        272 bytes,   14785576 total
- age   5:    4223704 bytes,   19009280 total
- age   6:    1539880 bytes,   20549160 total
: 109248K->21824K(109248K), 0.0141266 secs] 196821K->115753K(502464K), 0.0142070 secs] [Times: user=0.06 sys=0.00, real=0.01 secs] 
Heap after GC invocations=465 (full 27):
 par new generation   total 109248K, used 21824K [0x00000000e0000000, 0x00000000e8000000, 0x00000000e8000000)
  eden space 87424K,   0% used [0x00000000e0000000, 0x00000000e0000000, 0x00000000e5560000)
  from space 21824K, 100% used [0x00000000e6ab0000, 0x00000000e8000000, 0x00000000e8000000)
  to   space 21824K,   0% used [0x00000000e5560000, 0x00000000e5560000, 0x00000000e6ab0000)
 concurrent mark-sweep generation total 393216K, used 93929K [0x00000000e8000000, 0x0000000100000000, 0x0000000100000000)
 Metaspace       used 57676K, capacity 59452K, committed 59668K, reserved 1101824K
  class space    used 6571K, capacity 6957K, committed 6976K, reserved 1048576K
}
2020-05-19T14:57:27.812+0000: 15604.750: Total time for which application threads were stopped: 0.0145470 seconds, Stopping threads took: 0.0001286 seconds
{Heap before GC invocations=465 (full 27):
 par new generation   total 109248K, used 109248K [0x00000000e0000000, 0x00000000e8000000, 0x00000000e8000000)
  eden space 87424K, 100% used [0x00000000e0000000, 0x00000000e5560000, 0x00000000e5560000)
  from space 21824K, 100% used [0x00000000e6ab0000, 0x00000000e8000000, 0x00000000e8000000)
  to   space 21824K,   0% used [0x00000000e5560000, 0x00000000e5560000, 0x00000000e6ab0000)
 concurrent mark-sweep generation total 393216K, used 93929K [0x00000000e8000000, 0x0000000100000000, 0x0000000100000000)
 Metaspace       used 57676K, capacity 59452K, committed 59668K, reserved 1101824K
  class space    used 6571K, capacity 6957K, committed 6976K, reserved 1048576K
2020-05-19T14:57:27.927+0000: 15604.864: [GC (Allocation Failure) 2020-05-19T14:57:27.927+0000: 15604.864: [ParNew
Desired survivor size 20112992 bytes, new threshold 6 (max 8)
- age   1:    4635960 bytes,    4635960 total
- age   2:    4550344 bytes,    9186304 total
- age   3:    3960096 bytes,   13146400 total
- age   4:    4976592 bytes,   18122992 total
- age   5:        272 bytes,   18123264 total
- age   6:    4223704 bytes,   22346968 total
: 109248K->21824K(109248K), 0.0144233 secs] 203177K->123148K(502464K), 0.0144855 secs] [Times: user=0.06 sys=0.00, real=0.01 secs] 
Heap after GC invocations=466 (full 27):
 par new generation   total 109248K, used 21824K [0x00000000e0000000, 0x00000000e8000000, 0x00000000e8000000)
  eden space 87424K,   0% used [0x00000000e0000000, 0x00000000e0000000, 0x00000000e5560000)
  from space 21824K, 100% used [0x00000000e5560000, 0x00000000e6ab0000, 0x00000000e6ab0000)
  to   space 21824K,   0% used [0x00000000e6ab0000, 0x00000000e6ab0000, 0x00000000e8000000)
 concurrent mark-sweep generation total 393216K, used 101324K [0x00000000e8000000, 0x0000000100000000, 0x0000000100000000)
 Metaspace       used 57676K, capacity 59452K, committed 59668K, reserved 1101824K
  class space    used 6571K, capacity 6957K, committed 6976K, reserved 1048576K
}
2020-05-19T14:57:27.942+0000: 15604.878: Total time for which application threads were stopped: 0.0147324 seconds, Stopping threads took: 0.0000644 seconds
2020-05-19T14:57:28.087+0000: 15605.024: Total time for which application threads were stopped: 0.0001871 seconds, Stopping threads took: 0.0000903 seconds
2020-05-19T14:57:28.667+0000: 15605.604: Total time for which application threads were stopped: 0.0001684 seconds, Stopping threads took: 0.0000732 seconds
2020-05-19T14:57:28.668+0000: 15605.604: Total time for which application threads were stopped: 0.0001681 seconds, Stopping threads took: 0.0001056 seconds
2020-05-19T14:57:28.668+0000: 15605.604: Total time for which application threads were stopped: 0.0000753 seconds, Stopping threads took: 0.0000390 seconds
2020-05-19T14:57:28.668+0000: 15605.604: Total time for which application threads were stopped: 0.0000438 seconds, Stopping threads took: 0.0000138 seconds
2020-05-19T14:57:28.668+0000: 15605.605: Total time for which application threads were stopped: 0.0000440 seconds, Stopping threads took: 0.0000151 seconds
2020-05-19T14:57:29.054+0000: 15605.991: Total time for which application threads were stopped: 0.0002995 seconds, Stopping threads took: 0.0000694 seconds
{Heap before GC invocations=466 (full 27):
 par new generation   total 109248K, used 109248K [0x00000000e0000000, 0x00000000e8000000, 0x00000000e8000000)
  eden space 87424K, 100% used [0x00000000e0000000, 0x00000000e5560000, 0x00000000e5560000)
  from space 21824K, 100% used [0x00000000e5560000, 0x00000000e6ab0000, 0x00000000e6ab0000)
  to   space 21824K,   0% used [0x00000000e6ab0000, 0x00000000e6ab0000, 0x00000000e8000000)
 concurrent mark-sweep generation total 393216K, used 101324K [0x00000000e8000000, 0x0000000100000000, 0x0000000100000000)
 Metaspace       used 57699K, capacity 59452K, committed 59668K, reserved 1101824K
  class space    used 6571K, capacity 6957K, committed 6976K, reserved 1048576K
2020-05-19T14:57:29.108+0000: 15606.045: [GC (Allocation Failure) 2020-05-19T14:57:29.108+0000: 15606.045: [ParNew
Desired survivor size 20112992 bytes, new threshold 5 (max 8)
- age   1:    5196352 bytes,    5196352 total
- age   2:    3641576 bytes,    8837928 total
- age   3:    4226568 bytes,   13064496 total
- age   4:    3752504 bytes,   16817000 total
- age   5:    4976592 bytes,   21793592 total
- age   6:        272 bytes,   21793864 total
: 109248K->21824K(109248K), 0.0171907 secs] 210572K->130661K(502464K), 0.0172704 secs] [Times: user=0.06 sys=0.00, real=0.02 secs] 
Heap after GC invocations=467 (full 27):
 par new generation   total 109248K, used 21824K [0x00000000e0000000, 0x00000000e8000000, 0x00000000e8000000)
  eden space 87424K,   0% used [0x00000000e0000000, 0x00000000e0000000, 0x00000000e5560000)
  from space 21824K, 100% used [0x00000000e6ab0000, 0x00000000e8000000, 0x00000000e8000000)
  to   space 21824K,   0% used [0x00000000e5560000, 0x00000000e5560000, 0x00000000e6ab0000)
 concurrent mark-sweep generation total 393216K, used 108837K [0x00000000e8000000, 0x0000000100000000, 0x0000000100000000)
 Metaspace       used 57699K, capacity 59452K, committed 59668K, reserved 1101824K
  class space    used 6571K, capacity 6957K, committed 6976K, reserved 1048576K
}
2020-05-19T14:57:29.126+0000: 15606.063: Total time for which application threads were stopped: 0.0175351 seconds, Stopping threads took: 0.0000892 seconds
2020-05-19T14:57:29.178+0000: 15606.115: Total time for which application threads were stopped: 0.0001569 seconds, Stopping threads took: 0.0000596 seconds
{Heap before GC invocations=467 (full 27):
 par new generation   total 109248K, used 109248K [0x00000000e0000000, 0x00000000e8000000, 0x00000000e8000000)
  eden space 87424K, 100% used [0x00000000e0000000, 0x00000000e5560000, 0x00000000e5560000)
  from space 21824K, 100% used [0x00000000e6ab0000, 0x00000000e8000000, 0x00000000e8000000)
  to   space 21824K,   0% used [0x00000000e5560000, 0x00000000e5560000, 0x00000000e6ab0000)
 concurrent mark-sweep generation total 393216K, used 108837K [0x00000000e8000000, 0x0000000100000000, 0x0000000100000000)
 Metaspace       used 57699K, capacity 59452K, committed 59668K, reserved 1101824K
  class space    used 6571K, capacity 6957K, committed 6976K, reserved 1048576K
2020-05-19T14:57:29.209+0000: 15606.146: [GC (Allocation Failure) 2020-05-19T14:57:29.209+0000: 15606.146: [ParNew
Desired survivor size 20112992 bytes, new threshold 5 (max 8)
- age   1:    5069360 bytes,    5069360 total
- age   2:    4390680 bytes,    9460040 total
- age   3:    3641576 bytes,   13101616 total
- age   4:    4224896 bytes,   17326512 total
- age   5:    3752280 bytes,   21078792 total
: 109248K->21824K(109248K), 0.0157403 secs] 218085K->137420K(502464K), 0.0158190 secs] [Times: user=0.06 sys=0.00, real=0.02 secs] 
Heap after GC invocations=468 (full 27):
 par new generation   total 109248K, used 21824K [0x00000000e0000000, 0x00000000e8000000, 0x00000000e8000000)
  eden space 87424K,   0% used [0x00000000e0000000, 0x00000000e0000000, 0x00000000e5560000)
  from space 21824K, 100% used [0x00000000e5560000, 0x00000000e6ab0000, 0x00000000e6ab0000)
  to   space 21824K,   0% used [0x00000000e6ab0000, 0x00000000e6ab0000, 0x00000000e8000000)
 concurrent mark-sweep generation total 393216K, used 115596K [0x00000000e8000000, 0x0000000100000000, 0x0000000100000000)
 Metaspace       used 57699K, capacity 59452K, committed 59668K, reserved 1101824K
  class space    used 6571K, capacity 6957K, committed 6976K, reserved 1048576K
}
2020-05-19T14:57:29.225+0000: 15606.162: Total time for which application threads were stopped: 0.0161588 seconds, Stopping threads took: 0.0001093 seconds
{Heap before GC invocations=468 (full 27):
 par new generation   total 109248K, used 109248K [0x00000000e0000000, 0x00000000e8000000, 0x00000000e8000000)
  eden space 87424K, 100% used [0x00000000e0000000, 0x00000000e5560000, 0x00000000e5560000)
  from space 21824K, 100% used [0x00000000e5560000, 0x00000000e6ab0000, 0x00000000e6ab0000)
  to   space 21824K,   0% used [0x00000000e6ab0000, 0x00000000e6ab0000, 0x00000000e8000000)
 concurrent mark-sweep generation total 393216K, used 115596K [0x00000000e8000000, 0x0000000100000000, 0x0000000100000000)
 Metaspace       used 57699K, capacity 59452K, committed 59668K, reserved 1101824K
  class space    used 6571K, capacity 6957K, committed 6976K, reserved 1048576K
2020-05-19T14:57:29.312+0000: 15606.249: [GC (Allocation Failure) 2020-05-19T14:57:29.312+0000: 15606.250: [ParNew
Desired survivor size 20112992 bytes, new threshold 5 (max 8)
- age   1:    4891848 bytes,    4891848 total
- age   2:    4366792 bytes,    9258640 total
- age   3:    4390336 bytes,   13648976 total
- age   4:    3641576 bytes,   17290552 total
- age   5:    4224896 bytes,   21515448 total
: 109248K->21824K(109248K), 0.0151362 secs] 224844K->143740K(502464K), 0.0151990 secs] [Times: user=0.06 sys=0.00, real=0.02 secs] 
Heap after GC invocations=469 (full 27):
 par new generation   total 109248K, used 21824K [0x00000000e0000000, 0x00000000e8000000, 0x00000000e8000000)
  eden space 87424K,   0% used [0x00000000e0000000, 0x00000000e0000000, 0x00000000e5560000)
  from space 21824K, 100% used [0x00000000e6ab0000, 0x00000000e8000000, 0x00000000e8000000)
  to   space 21824K,   0% used [0x00000000e5560000, 0x00000000e5560000, 0x00000000e6ab0000)
 concurrent mark-sweep generation total 393216K, used 121916K [0x00000000e8000000, 0x0000000100000000, 0x0000000100000000)
 Metaspace       used 57699K, capacity 59452K, committed 59668K, reserved 1101824K
  class space    used 6571K, capacity 6957K, committed 6976K, reserved 1048576K
}
2020-05-19T14:57:29.328+0000: 15606.265: Total time for which application threads were stopped: 0.0154323 seconds, Stopping threads took: 0.0000552 seconds
{Heap before GC invocations=469 (full 27):
 par new generation   total 109248K, used 109248K [0x00000000e0000000, 0x00000000e8000000, 0x00000000e8000000)
  eden space 87424K, 100% used [0x00000000e0000000, 0x00000000e5560000, 0x00000000e5560000)
  from space 21824K, 100% used [0x00000000e6ab0000, 0x00000000e8000000, 0x00000000e8000000)
  to   space 21824K,   0% used [0x00000000e5560000, 0x00000000e5560000, 0x00000000e6ab0000)
 concurrent mark-sweep generation total 393216K, used 121916K [0x00000000e8000000, 0x0000000100000000, 0x0000000100000000)
 Metaspace       used 57700K, capacity 59452K, committed 59668K, reserved 1101824K
  class space    used 6571K, capacity 6957K, committed 6976K, reserved 1048576K
2020-05-19T14:57:29.414+0000: 15606.351: [GC (Allocation Failure) 2020-05-19T14:57:29.414+0000: 15606.351: [ParNew
Desired survivor size 20112992 bytes, new threshold 8 (max 8)
- age   1:    3483824 bytes,    3483824 total
- age   2:    3912888 bytes,    7396712 total
- age   3:    4219848 bytes,   11616560 total
- age   4:    4379848 bytes,   15996408 total
- age   5:    3641576 bytes,   19637984 total
: 109248K->21824K(109248K), 0.0133949 secs] 231164K->148724K(502464K), 0.0134589 secs] [Times: user=0.06 sys=0.00, real=0.01 secs] 
Heap after GC invocations=470 (full 27):
 par new generation   total 109248K, used 21824K [0x00000000e0000000, 0x00000000e8000000, 0x00000000e8000000)
  eden space 87424K,   0% used [0x00000000e0000000, 0x00000000e0000000, 0x00000000e5560000)
  from space 21824K, 100% used [0x00000000e5560000, 0x00000000e6ab0000, 0x00000000e6ab0000)
  to   space 21824K,   0% used [0x00000000e6ab0000, 0x00000000e6ab0000, 0x00000000e8000000)
 concurrent mark-sweep generation total 393216K, used 126900K [0x00000000e8000000, 0x0000000100000000, 0x0000000100000000)
 Metaspace       used 57700K, capacity 59452K, committed 59668K, reserved 1101824K
  class space    used 6571K, capacity 6957K, committed 6976K, reserved 1048576K
}
2020-05-19T14:57:29.428+0000: 15606.365: Total time for which application threads were stopped: 0.0136791 seconds, Stopping threads took: 0.0000480 seconds
2020-05-19T14:57:30.329+0000: 15607.266: Total time for which application threads were stopped: 0.0001495 seconds, Stopping threads took: 0.0000648 seconds
2020-05-19T14:57:30.329+0000: 15607.266: Total time for which application threads were stopped: 0.0001517 seconds, Stopping threads took: 0.0000438 seconds
2020-05-19T14:57:30.329+0000: 15607.267: Total time for which application threads were stopped: 0.0001113 seconds, Stopping threads took: 0.0000446 seconds
2020-05-19T14:57:30.330+0000: 15607.268: Total time for which application threads were stopped: 0.0001240 seconds, Stopping threads took: 0.0000525 seconds
2020-05-19T14:57:30.330+0000: 15607.268: Total time for which application threads were stopped: 0.0001074 seconds, Stopping threads took: 0.0000458 seconds
2020-05-19T14:57:30.331+0000: 15607.268: Total time for which application threads were stopped: 0.0000986 seconds, Stopping threads took: 0.0000479 seconds
2020-05-19T14:57:30.331+0000: 15607.268: Total time for which application threads were stopped: 0.0000958 seconds, Stopping threads took: 0.0000486 seconds
2020-05-19T14:57:30.331+0000: 15607.268: Total time for which application threads were stopped: 0.0000480 seconds, Stopping threads took: 0.0000100 seconds
2020-05-19T14:57:31.332+0000: 15608.268: Total time for which application threads were stopped: 0.0001106 seconds, Stopping threads took: 0.0000428 seconds
2020-05-19T14:57:34.742+0000: 15611.678: Total time for which application threads were stopped: 0.0001923 seconds, Stopping threads took: 0.0001108 seconds
2020-05-19T14:57:34.744+0000: 15611.681: Total time for which application threads were stopped: 0.0001571 seconds, Stopping threads took: 0.0000683 seconds
2020-05-19T14:57:34.843+0000: 15611.780: Total time for which application threads were stopped: 0.0001435 seconds, Stopping threads took: 0.0000478 seconds
{Heap before GC invocations=470 (full 27):
 par new generation   total 109248K, used 109248K [0x00000000e0000000, 0x00000000e8000000, 0x00000000e8000000)
  eden space 87424K, 100% used [0x00000000e0000000, 0x00000000e5560000, 0x00000000e5560000)
  from space 21824K, 100% used [0x00000000e5560000, 0x00000000e6ab0000, 0x00000000e6ab0000)
  to   space 21824K,   0% used [0x00000000e6ab0000, 0x00000000e6ab0000, 0x00000000e8000000)
 concurrent mark-sweep generation total 393216K, used 126900K [0x00000000e8000000, 0x0000000100000000, 0x0000000100000000)
 Metaspace       used 57704K, capacity 59452K, committed 59668K, reserved 1101824K
  class space    used 6571K, capacity 6957K, committed 6976K, reserved 1048576K
2020-05-19T14:57:34.845+0000: 15611.782: [GC (Allocation Failure) 2020-05-19T14:57:34.845+0000: 15611.782: [ParNew
Desired survivor size 20112992 bytes, new threshold 6 (max 8)
- age   1:    2764952 bytes,    2764952 total
- age   2:    2505192 bytes,    5270144 total
- age   3:    3678336 bytes,    8948480 total
- age   4:    4108200 bytes,   13056680 total
- age   5:    4258040 bytes,   17314720 total
- age   6:    3641576 bytes,   20956296 total
: 109248K->21824K(109248K), 0.0150526 secs] 236148K->151991K(502464K), 0.0151267 secs] [Times: user=0.06 sys=0.00, real=0.01 secs] 
Heap after GC invocations=471 (full 27):
 par new generation   total 109248K, used 21824K [0x00000000e0000000, 0x00000000e8000000, 0x00000000e8000000)
  eden space 87424K,   0% used [0x00000000e0000000, 0x00000000e0000000, 0x00000000e5560000)
  from space 21824K, 100% used [0x00000000e6ab0000, 0x00000000e8000000, 0x00000000e8000000)
  to   space 21824K,   0% used [0x00000000e5560000, 0x00000000e5560000, 0x00000000e6ab0000)
 concurrent mark-sweep generation total 393216K, used 130167K [0x00000000e8000000, 0x0000000100000000, 0x0000000100000000)
 Metaspace       used 57704K, capacity 59452K, committed 59668K, reserved 1101824K
  class space    used 6571K, capacity 6957K, committed 6976K, reserved 1048576K
}
2020-05-19T14:57:34.860+0000: 15611.797: Total time for which application threads were stopped: 0.0153648 seconds, Stopping threads took: 0.0000493 seconds
{Heap before GC invocations=471 (full 27):
 par new generation   total 109248K, used 109248K [0x00000000e0000000, 0x00000000e8000000, 0x00000000e8000000)
  eden space 87424K, 100% used [0x00000000e0000000, 0x00000000e5560000, 0x00000000e5560000)
  from space 21824K, 100% used [0x00000000e6ab0000, 0x00000000e8000000, 0x00000000e8000000)
  to   space 21824K,   0% used [0x00000000e5560000, 0x00000000e5560000, 0x00000000e6ab0000)
 concurrent mark-sweep generation total 393216K, used 130167K [0x00000000e8000000, 0x0000000100000000, 0x0000000100000000)
 Metaspace       used 57704K, capacity 59452K, committed 59668K, reserved 1101824K
  class space    used 6571K, capacity 6957K, committed 6976K, reserved 1048576K
2020-05-19T14:57:34.946+0000: 15611.883: [GC (Allocation Failure) 2020-05-19T14:57:34.946+0000: 15611.883: [ParNew
Desired survivor size 20112992 bytes, new threshold 6 (max 8)
- age   1:    5823624 bytes,    5823624 total
- age   2:    2497936 bytes,    8321560 total
- age   3:    2195536 bytes,   10517096 total
- age   4:    3667752 bytes,   14184848 total
- age   5:    3900264 bytes,   18085112 total
- age   6:    4256944 bytes,   22342056 total
: 109248K->21824K(109248K), 0.0207016 secs] 239415K->162715K(502464K), 0.0207700 secs] [Times: user=0.00 sys=0.02, real=0.02 secs] 
Heap after GC invocations=472 (full 27):
 par new generation   total 109248K, used 21824K [0x00000000e0000000, 0x00000000e8000000, 0x00000000e8000000)
  eden space 87424K,   0% used [0x00000000e0000000, 0x00000000e0000000, 0x00000000e5560000)
  from space 21824K, 100% used [0x00000000e5560000, 0x00000000e6ab0000, 0x00000000e6ab0000)
  to   space 21824K,   0% used [0x00000000e6ab0000, 0x00000000e6ab0000, 0x00000000e8000000)
 concurrent mark-sweep generation total 393216K, used 140891K [0x00000000e8000000, 0x0000000100000000, 0x0000000100000000)
 Metaspace       used 57704K, capacity 59452K, committed 59668K, reserved 1101824K
  class space    used 6571K, capacity 6957K, committed 6976K, reserved 1048576K
}
2020-05-19T14:57:34.967+0000: 15611.903: Total time for which application threads were stopped: 0.0210148 seconds, Stopping threads took: 0.0000632 seconds
{Heap before GC invocations=472 (full 27):
 par new generation   total 109248K, used 109248K [0x00000000e0000000, 0x00000000e8000000, 0x00000000e8000000)
  eden space 87424K, 100% used [0x00000000e0000000, 0x00000000e5560000, 0x00000000e5560000)
  from space 21824K, 100% used [0x00000000e5560000, 0x00000000e6ab0000, 0x00000000e6ab0000)
  to   space 21824K,   0% used [0x00000000e6ab0000, 0x00000000e6ab0000, 0x00000000e8000000)
 concurrent mark-sweep generation total 393216K, used 140891K [0x00000000e8000000, 0x0000000100000000, 0x0000000100000000)
 Metaspace       used 57704K, capacity 59452K, committed 59668K, reserved 1101824K
  class space    used 6571K, capacity 6957K, committed 6976K, reserved 1048576K
2020-05-19T14:57:35.051+0000: 15611.988: [GC (Allocation Failure) 2020-05-19T14:57:35.051+0000: 15611.988: [ParNew
Desired survivor size 20112992 bytes, new threshold 6 (max 8)
- age   1:    4485536 bytes,    4485536 total
- age   2:    3470128 bytes,    7955664 total
- age   3:    2441472 bytes,   10397136 total
- age   4:    2195536 bytes,   12592672 total
- age   5:    3667792 bytes,   16260464 total
- age   6:    3900264 bytes,   20160728 total
: 109248K->21824K(109248K), 0.0146451 secs] 250139K->168537K(502464K), 0.0147655 secs] [Times: user=0.06 sys=0.00, real=0.01 secs] 
Heap after GC invocations=473 (full 27):
 par new generation   total 109248K, used 21824K [0x00000000e0000000, 0x00000000e8000000, 0x00000000e8000000)
  eden space 87424K,   0% used [0x00000000e0000000, 0x00000000e0000000, 0x00000000e5560000)
  from space 21824K, 100% used [0x00000000e6ab0000, 0x00000000e8000000, 0x00000000e8000000)
  to   space 21824K,   0% used [0x00000000e5560000, 0x00000000e5560000, 0x00000000e6ab0000)
 concurrent mark-sweep generation total 393216K, used 146713K [0x00000000e8000000, 0x0000000100000000, 0x0000000100000000)
 Metaspace       used 57704K, capacity 59452K, committed 59668K, reserved 1101824K
  class space    used 6571K, capacity 6957K, committed 6976K, reserved 1048576K
}
2020-05-19T14:57:35.066+0000: 15612.003: Total time for which application threads were stopped: 0.0149848 seconds, Stopping threads took: 0.0000503 seconds
2020-05-19T14:57:35.716+0000: 15612.653: Total time for which application threads were stopped: 0.0001530 seconds, Stopping threads took: 0.0000573 seconds
2020-05-19T14:57:35.815+0000: 15612.752: Total time for which application threads were stopped: 0.0001456 seconds, Stopping threads took: 0.0000708 seconds
2020-05-19T14:57:35.816+0000: 15612.752: Total time for which application threads were stopped: 0.0001566 seconds, Stopping threads took: 0.0001075 seconds
2020-05-19T14:57:35.816+0000: 15612.753: Total time for which application threads were stopped: 0.0001261 seconds, Stopping threads took: 0.0000520 seconds
2020-05-19T14:57:35.817+0000: 15612.754: Total time for which application threads were stopped: 0.0001741 seconds, Stopping threads took: 0.0001046 seconds
2020-05-19T14:57:35.817+0000: 15612.754: Total time for which application threads were stopped: 0.0000832 seconds, Stopping threads took: 0.0000368 seconds
2020-05-19T14:57:35.817+0000: 15612.754: Total time for which application threads were stopped: 0.0000512 seconds, Stopping threads took: 0.0000126 seconds
2020-05-19T14:57:35.817+0000: 15612.754: Total time for which application threads were stopped: 0.0000470 seconds, Stopping threads took: 0.0000097 seconds
2020-05-19T14:57:35.817+0000: 15612.754: Total time for which application threads were stopped: 0.0000459 seconds, Stopping threads took: 0.0000096 seconds
2020-05-19T14:57:36.817+0000: 15613.754: Total time for which application threads were stopped: 0.0001125 seconds, Stopping threads took: 0.0000431 seconds
2020-05-19T14:57:40.466+0000: 15617.403: Total time for which application threads were stopped: 0.0002048 seconds, Stopping threads took: 0.0001107 seconds
{Heap before GC invocations=473 (full 27):
 par new generation   total 109248K, used 109248K [0x00000000e0000000, 0x00000000e8000000, 0x00000000e8000000)
  eden space 87424K, 100% used [0x00000000e0000000, 0x00000000e5560000, 0x00000000e5560000)
  from space 21824K, 100% used [0x00000000e6ab0000, 0x00000000e8000000, 0x00000000e8000000)
  to   space 21824K,   0% used [0x00000000e5560000, 0x00000000e5560000, 0x00000000e6ab0000)
 concurrent mark-sweep generation total 393216K, used 146713K [0x00000000e8000000, 0x0000000100000000, 0x0000000100000000)
 Metaspace       used 57706K, capacity 59452K, committed 59668K, reserved 1101824K
  class space    used 6571K, capacity 6957K, committed 6976K, reserved 1048576K
2020-05-19T14:57:40.535+0000: 15617.472: [GC (Allocation Failure) 2020-05-19T14:57:40.535+0000: 15617.472: [ParNew
Desired survivor size 20112992 bytes, new threshold 6 (max 8)
- age   1:    8408352 bytes,    8408352 total
- age   2:    2195848 bytes,   10604200 total
- age   3:    3424960 bytes,   14029160 total
- age   4:    2088904 bytes,   16118064 total
- age   5:    2195128 bytes,   18313192 total
- age   6:    3667752 bytes,   21980944 total
: 109248K->21824K(109248K), 0.0163289 secs] 255961K->175473K(502464K), 0.0163991 secs] [Times: user=0.06 sys=0.00, real=0.02 secs] 
Heap after GC invocations=474 (full 27):
 par new generation   total 109248K, used 21824K [0x00000000e0000000, 0x00000000e8000000, 0x00000000e8000000)
  eden space 87424K,   0% used [0x00000000e0000000, 0x00000000e0000000, 0x00000000e5560000)
  from space 21824K, 100% used [0x00000000e5560000, 0x00000000e6ab0000, 0x00000000e6ab0000)
  to   space 21824K,   0% used [0x00000000e6ab0000, 0x00000000e6ab0000, 0x00000000e8000000)
 concurrent mark-sweep generation total 393216K, used 153649K [0x00000000e8000000, 0x0000000100000000, 0x0000000100000000)
 Metaspace       used 57706K, capacity 59452K, committed 59668K, reserved 1101824K
  class space    used 6571K, capacity 6957K, committed 6976K, reserved 1048576K
}
2020-05-19T14:57:40.552+0000: 15617.488: Total time for which application threads were stopped: 0.0166375 seconds, Stopping threads took: 0.0000616 seconds
2020-05-19T14:57:40.582+0000: 15617.519: Total time for which application threads were stopped: 0.0002697 seconds, Stopping threads took: 0.0000529 seconds
{Heap before GC invocations=474 (full 27):
 par new generation   total 109248K, used 109248K [0x00000000e0000000, 0x00000000e8000000, 0x00000000e8000000)
  eden space 87424K, 100% used [0x00000000e0000000, 0x00000000e5560000, 0x00000000e5560000)
  from space 21824K, 100% used [0x00000000e5560000, 0x00000000e6ab0000, 0x00000000e6ab0000)
  to   space 21824K,   0% used [0x00000000e6ab0000, 0x00000000e6ab0000, 0x00000000e8000000)
 concurrent mark-sweep generation total 393216K, used 153649K [0x00000000e8000000, 0x0000000100000000, 0x0000000100000000)
 Metaspace       used 57706K, capacity 59452K, committed 59668K, reserved 1101824K
  class space    used 6571K, capacity 6957K, committed 6976K, reserved 1048576K
2020-05-19T14:57:40.635+0000: 15617.573: [GC (Allocation Failure) 2020-05-19T14:57:40.636+0000: 15617.573: [ParNew
Desired survivor size 20112992 bytes, new threshold 6 (max 8)
- age   1:    6374016 bytes,    6374016 total
- age   2:    4163936 bytes,   10537952 total
- age   3:    2195040 bytes,   12732992 total
- age   4:    3424784 bytes,   16157776 total
- age   5:    2007640 bytes,   18165416 total
- age   6:    2195128 bytes,   20360544 total
: 109248K->21824K(109248K), 0.0142119 secs] 262897K->181978K(502464K), 0.0143280 secs] [Times: user=0.03 sys=0.00, real=0.02 secs] 
Heap after GC invocations=475 (full 27):
 par new generation   total 109248K, used 21824K [0x00000000e0000000, 0x00000000e8000000, 0x00000000e8000000)
  eden space 87424K,   0% used [0x00000000e0000000, 0x00000000e0000000, 0x00000000e5560000)
  from space 21824K, 100% used [0x00000000e6ab0000, 0x00000000e8000000, 0x00000000e8000000)
  to   space 21824K,   0% used [0x00000000e5560000, 0x00000000e5560000, 0x00000000e6ab0000)
 concurrent mark-sweep generation total 393216K, used 160154K [0x00000000e8000000, 0x0000000100000000, 0x0000000100000000)
 Metaspace       used 57706K, capacity 59452K, committed 59668K, reserved 1101824K
  class space    used 6571K, capacity 6957K, committed 6976K, reserved 1048576K
}
2020-05-19T14:57:40.650+0000: 15617.587: Total time for which application threads were stopped: 0.0146350 seconds, Stopping threads took: 0.0000947 seconds
2020-05-19T14:57:40.650+0000: 15617.588: Total time for which application threads were stopped: 0.0001611 seconds, Stopping threads took: 0.0000622 seconds
2020-05-19T14:57:40.650+0000: 15617.588: Total time for which application threads were stopped: 0.0001212 seconds, Stopping threads took: 0.0000555 seconds
{Heap before GC invocations=475 (full 27):
 par new generation   total 109248K, used 109248K [0x00000000e0000000, 0x00000000e8000000, 0x00000000e8000000)
  eden space 87424K, 100% used [0x00000000e0000000, 0x00000000e5560000, 0x00000000e5560000)
  from space 21824K, 100% used [0x00000000e6ab0000, 0x00000000e8000000, 0x00000000e8000000)
  to   space 21824K,   0% used [0x00000000e5560000, 0x00000000e5560000, 0x00000000e6ab0000)
 concurrent mark-sweep generation total 393216K, used 160154K [0x00000000e8000000, 0x0000000100000000, 0x0000000100000000)
 Metaspace       used 57706K, capacity 59452K, committed 59668K, reserved 1101824K
  class space    used 6571K, capacity 6957K, committed 6976K, reserved 1048576K
2020-05-19T14:57:40.742+0000: 15617.679: [GC (Allocation Failure) 2020-05-19T14:57:40.742+0000: 15617.679: [ParNew
Desired survivor size 20112992 bytes, new threshold 6 (max 8)
- age   1:    6607128 bytes,    6607128 total
- age   2:    3601864 bytes,   10208992 total
- age   3:    4163776 bytes,   14372768 total
- age   4:    2195040 bytes,   16567808 total
- age   5:    3424800 bytes,   19992608 total
- age   6:    2007496 bytes,   22000104 total
: 109248K->21824K(109248K), 0.0163113 secs] 269402K->189877K(502464K), 0.0163797 secs] [Times: user=0.02 sys=0.00, real=0.02 secs] 
Heap after GC invocations=476 (full 27):
 par new generation   total 109248K, used 21824K [0x00000000e0000000, 0x00000000e8000000, 0x00000000e8000000)
  eden space 87424K,   0% used [0x00000000e0000000, 0x00000000e0000000, 0x00000000e5560000)
  from space 21824K, 100% used [0x00000000e5560000, 0x00000000e6ab0000, 0x00000000e6ab0000)
  to   space 21824K,   0% used [0x00000000e6ab0000, 0x00000000e6ab0000, 0x00000000e8000000)
 concurrent mark-sweep generation total 393216K, used 168053K [0x00000000e8000000, 0x0000000100000000, 0x0000000100000000)
 Metaspace       used 57706K, capacity 59452K, committed 59668K, reserved 1101824K
  class space    used 6571K, capacity 6957K, committed 6976K, reserved 1048576K
}
2020-05-19T14:57:40.758+0000: 15617.695: Total time for which application threads were stopped: 0.0166351 seconds, Stopping threads took: 0.0000558 seconds
2020-05-19T14:57:41.277+0000: 15618.214: Total time for which application threads were stopped: 0.0001504 seconds, Stopping threads took: 0.0000806 seconds
2020-05-19T14:57:41.277+0000: 15618.214: Total time for which application threads were stopped: 0.0000839 seconds, Stopping threads took: 0.0000368 seconds
2020-05-19T14:57:41.277+0000: 15618.214: Total time for which application threads were stopped: 0.0001317 seconds, Stopping threads took: 0.0000506 seconds
2020-05-19T14:57:41.278+0000: 15618.215: Total time for which application threads were stopped: 0.0001750 seconds, Stopping threads took: 0.0001027 seconds
2020-05-19T14:57:41.278+0000: 15618.215: Total time for which application threads were stopped: 0.0000908 seconds, Stopping threads took: 0.0000375 seconds
2020-05-19T14:57:41.279+0000: 15618.215: Total time for which application threads were stopped: 0.0000811 seconds, Stopping threads took: 0.0000341 seconds
2020-05-19T14:57:41.279+0000: 15618.215: Total time for which application threads were stopped: 0.0001047 seconds, Stopping threads took: 0.0000485 seconds
2020-05-19T14:57:41.279+0000: 15618.215: Total time for which application threads were stopped: 0.0000909 seconds, Stopping threads took: 0.0000368 seconds
2020-05-19T14:57:43.821+0000: 15620.758: Total time for which application threads were stopped: 0.0001993 seconds, Stopping threads took: 0.0001284 seconds
2020-05-19T14:57:43.824+0000: 15620.760: Total time for which application threads were stopped: 0.0001669 seconds, Stopping threads took: 0.0000762 seconds
2020-05-19T14:57:43.825+0000: 15620.762: Total time for which application threads were stopped: 0.0001883 seconds, Stopping threads took: 0.0000934 seconds
2020-05-19T14:57:43.835+0000: 15620.772: Total time for which application threads were stopped: 0.0001389 seconds, Stopping threads took: 0.0000543 seconds
2020-05-19T14:57:43.836+0000: 15620.773: Total time for which application threads were stopped: 0.0001264 seconds, Stopping threads took: 0.0000534 seconds
{Heap before GC invocations=476 (full 27):
 par new generation   total 109248K, used 109248K [0x00000000e0000000, 0x00000000e8000000, 0x00000000e8000000)
  eden space 87424K, 100% used [0x00000000e0000000, 0x00000000e5560000, 0x00000000e5560000)
  from space 21824K, 100% used [0x00000000e5560000, 0x00000000e6ab0000, 0x00000000e6ab0000)
  to   space 21824K,   0% used [0x00000000e6ab0000, 0x00000000e6ab0000, 0x00000000e8000000)
 concurrent mark-sweep generation total 393216K, used 168053K [0x00000000e8000000, 0x0000000100000000, 0x0000000100000000)
 Metaspace       used 57710K, capacity 59452K, committed 59668K, reserved 1101824K
  class space    used 6571K, capacity 6957K, committed 6976K, reserved 1048576K
2020-05-19T14:57:43.868+0000: 15620.805: [GC (Allocation Failure) 2020-05-19T14:57:43.868+0000: 15620.805: [ParNew
Desired survivor size 20112992 bytes, new threshold 6 (max 8)
- age   1:    5629992 bytes,    5629992 total
- age   2:    3871840 bytes,    9501832 total
- age   3:    3322744 bytes,   12824576 total
- age   4:    4049024 bytes,   16873600 total
- age   5:     220672 bytes,   17094272 total
- age   6:    3360096 bytes,   20454368 total
: 109248K->21824K(109248K), 0.0135007 secs] 277301K->194621K(502464K), 0.0135739 secs] [Times: user=0.00 sys=0.00, real=0.01 secs] 
Heap after GC invocations=477 (full 27):
 par new generation   total 109248K, used 21824K [0x00000000e0000000, 0x00000000e8000000, 0x00000000e8000000)
  eden space 87424K,   0% used [0x00000000e0000000, 0x00000000e0000000, 0x00000000e5560000)
  from space 21824K, 100% used [0x00000000e6ab0000, 0x00000000e8000000, 0x00000000e8000000)
  to   space 21824K,   0% used [0x00000000e5560000, 0x00000000e5560000, 0x00000000e6ab0000)
 concurrent mark-sweep generation total 393216K, used 172797K [0x00000000e8000000, 0x0000000100000000, 0x0000000100000000)
 Metaspace       used 57710K, capacity 59452K, committed 59668K, reserved 1101824K
  class space    used 6571K, capacity 6957K, committed 6976K, reserved 1048576K
}
2020-05-19T14:57:43.882+0000: 15620.819: Total time for which application threads were stopped: 0.0137981 seconds, Stopping threads took: 0.0000535 seconds
2020-05-19T14:57:43.955+0000: 15620.891: Total time for which application threads were stopped: 0.0001453 seconds, Stopping threads took: 0.0000553 seconds
{Heap before GC invocations=477 (full 27):
 par new generation   total 109248K, used 109248K [0x00000000e0000000, 0x00000000e8000000, 0x00000000e8000000)
  eden space 87424K, 100% used [0x00000000e0000000, 0x00000000e5560000, 0x00000000e5560000)
  from space 21824K, 100% used [0x00000000e6ab0000, 0x00000000e8000000, 0x00000000e8000000)
  to   space 21824K,   0% used [0x00000000e5560000, 0x00000000e5560000, 0x00000000e6ab0000)
 concurrent mark-sweep generation total 393216K, used 172797K [0x00000000e8000000, 0x0000000100000000, 0x0000000100000000)
 Metaspace       used 57710K, capacity 59452K, committed 59668K, reserved 1101824K
  class space    used 6571K, capacity 6957K, committed 6976K, reserved 1048576K
2020-05-19T14:57:43.978+0000: 15620.915: [GC (Allocation Failure) 2020-05-19T14:57:43.978+0000: 15620.915: [ParNew
Desired survivor size 20112992 bytes, new threshold 5 (max 8)
- age   1:    5263400 bytes,    5263400 total
- age   2:    4935392 bytes,   10198792 total
- age   3:    3714040 bytes,   13912832 total
- age   4:    3320800 bytes,   17233632 total
- age   5:    3970440 bytes,   21204072 total
- age   6:     220672 bytes,   21424744 total
: 109248K->21824K(109248K), 0.0151483 secs] 282045K->202305K(502464K), 0.0152128 secs] [Times: user=0.06 sys=0.00, real=0.02 secs] 
Heap after GC invocations=478 (full 27):
 par new generation   total 109248K, used 21824K [0x00000000e0000000, 0x00000000e8000000, 0x00000000e8000000)
  eden space 87424K,   0% used [0x00000000e0000000, 0x00000000e0000000, 0x00000000e5560000)
  from space 21824K, 100% used [0x00000000e5560000, 0x00000000e6ab0000, 0x00000000e6ab0000)
  to   space 21824K,   0% used [0x00000000e6ab0000, 0x00000000e6ab0000, 0x00000000e8000000)
 concurrent mark-sweep generation total 393216K, used 180481K [0x00000000e8000000, 0x0000000100000000, 0x0000000100000000)
 Metaspace       used 57710K, capacity 59452K, committed 59668K, reserved 1101824K
  class space    used 6571K, capacity 6957K, committed 6976K, reserved 1048576K
}
2020-05-19T14:57:43.993+0000: 15620.931: Total time for which application threads were stopped: 0.0154886 seconds, Stopping threads took: 0.0000925 seconds
2020-05-19T14:57:43.993+0000: 15620.931: Total time for which application threads were stopped: 0.0001278 seconds, Stopping threads took: 0.0000554 seconds
2020-05-19T14:57:43.994+0000: 15620.931: Total time for which application threads were stopped: 0.0001045 seconds, Stopping threads took: 0.0000567 seconds
{Heap before GC invocations=478 (full 27):
 par new generation   total 109248K, used 109248K [0x00000000e0000000, 0x00000000e8000000, 0x00000000e8000000)
  eden space 87424K, 100% used [0x00000000e0000000, 0x00000000e5560000, 0x00000000e5560000)
  from space 21824K, 100% used [0x00000000e5560000, 0x00000000e6ab0000, 0x00000000e6ab0000)
  to   space 21824K,   0% used [0x00000000e6ab0000, 0x00000000e6ab0000, 0x00000000e8000000)
 concurrent mark-sweep generation total 393216K, used 180481K [0x00000000e8000000, 0x0000000100000000, 0x0000000100000000)
 Metaspace       used 57710K, capacity 59452K, committed 59668K, reserved 1101824K
  class space    used 6571K, capacity 6957K, committed 6976K, reserved 1048576K
2020-05-19T14:57:44.070+0000: 15621.007: [GC (Allocation Failure) 2020-05-19T14:57:44.070+0000: 15621.007: [ParNew
Desired survivor size 20112992 bytes, new threshold 5 (max 8)
- age   1:    5244512 bytes,    5244512 total
- age   2:    3771864 bytes,    9016376 total
- age   3:    4676952 bytes,   13693328 total
- age   4:    3586672 bytes,   17280000 total
- age   5:    3316680 bytes,   20596680 total
: 109248K->21824K(109248K), 0.0172842 secs] 289729K->212307K(502464K), 0.0173494 secs] [Times: user=0.06 sys=0.00, real=0.02 secs] 
Heap after GC invocations=479 (full 27):
 par new generation   total 109248K, used 21824K [0x00000000e0000000, 0x00000000e8000000, 0x00000000e8000000)
  eden space 87424K,   0% used [0x00000000e0000000, 0x00000000e0000000, 0x00000000e5560000)
  from space 21824K, 100% used [0x00000000e6ab0000, 0x00000000e8000000, 0x00000000e8000000)
  to   space 21824K,   0% used [0x00000000e5560000, 0x00000000e5560000, 0x00000000e6ab0000)
 concurrent mark-sweep generation total 393216K, used 190483K [0x00000000e8000000, 0x0000000100000000, 0x0000000100000000)
 Metaspace       used 57710K, capacity 59452K, committed 59668K, reserved 1101824K
  class space    used 6571K, capacity 6957K, committed 6976K, reserved 1048576K
}
2020-05-19T14:57:44.088+0000: 15621.025: Total time for which application threads were stopped: 0.0175803 seconds, Stopping threads took: 0.0000576 seconds
{Heap before GC invocations=479 (full 27):
 par new generation   total 109248K, used 109248K [0x00000000e0000000, 0x00000000e8000000, 0x00000000e8000000)
  eden space 87424K, 100% used [0x00000000e0000000, 0x00000000e5560000, 0x00000000e5560000)
  from space 21824K, 100% used [0x00000000e6ab0000, 0x00000000e8000000, 0x00000000e8000000)
  to   space 21824K,   0% used [0x00000000e5560000, 0x00000000e5560000, 0x00000000e6ab0000)
 concurrent mark-sweep generation total 393216K, used 190483K [0x00000000e8000000, 0x0000000100000000, 0x0000000100000000)
 Metaspace       used 57710K, capacity 59452K, committed 59668K, reserved 1101824K
  class space    used 6571K, capacity 6957K, committed 6976K, reserved 1048576K
2020-05-19T14:57:44.171+0000: 15621.108: [GC (Allocation Failure) 2020-05-19T14:57:44.171+0000: 15621.108: [ParNew
Desired survivor size 20112992 bytes, new threshold 5 (max 8)
- age   1:    6339584 bytes,    6339584 total
- age   2:    3887504 bytes,   10227088 total
- age   3:    3771864 bytes,   13998952 total
- age   4:    4676952 bytes,   18675904 total
- age   5:    3586672 bytes,   22262576 total
: 109248K->21824K(109248K), 0.0167504 secs] 299731K->219943K(502464K), 0.0168210 secs] [Times: user=0.06 sys=0.00, real=0.02 secs] 
Heap after GC invocations=480 (full 27):
 par new generation   total 109248K, used 21824K [0x00000000e0000000, 0x00000000e8000000, 0x00000000e8000000)
  eden space 87424K,   0% used [0x00000000e0000000, 0x00000000e0000000, 0x00000000e5560000)
  from space 21824K, 100% used [0x00000000e5560000, 0x00000000e6ab0000, 0x00000000e6ab0000)
  to   space 21824K,   0% used [0x00000000e6ab0000, 0x00000000e6ab0000, 0x00000000e8000000)
 concurrent mark-sweep generation total 393216K, used 198119K [0x00000000e8000000, 0x0000000100000000, 0x0000000100000000)
 Metaspace       used 57710K, capacity 59452K, committed 59668K, reserved 1101824K
  class space    used 6571K, capacity 6957K, committed 6976K, reserved 1048576K
}
2020-05-19T14:57:44.188+0000: 15621.124: Total time for which application threads were stopped: 0.0170552 seconds, Stopping threads took: 0.0000564 seconds
2020-05-19T14:57:44.188+0000: 15621.125: [GC (CMS Initial Mark) [1 CMS-initial-mark: 198119K(393216K)] 221306K(502464K), 0.0038453 secs] [Times: user=0.00 sys=0.00, real=0.00 secs] 
2020-05-19T14:57:44.192+0000: 15621.129: Total time for which application threads were stopped: 0.0041234 seconds, Stopping threads took: 0.0001711 seconds
2020-05-19T14:57:44.192+0000: 15621.129: [CMS-concurrent-mark-start]
2020-05-19T14:57:44.214+0000: 15621.151: [CMS-concurrent-mark: 0.023/0.023 secs] [Times: user=0.13 sys=0.00, real=0.02 secs] 
2020-05-19T14:57:44.214+0000: 15621.151: [CMS-concurrent-preclean-start]
2020-05-19T14:57:44.216+0000: 15621.153: [CMS-concurrent-preclean: 0.001/0.001 secs] [Times: user=0.00 sys=0.00, real=0.00 secs] 
2020-05-19T14:57:44.216+0000: 15621.153: [GC (CMS Final Remark) [YG occupancy: 23187 K (109248 K)]{Heap before GC invocations=480 (full 28):
 par new generation   total 109248K, used 23187K [0x00000000e0000000, 0x00000000e8000000, 0x00000000e8000000)
  eden space 87424K,   1% used [0x00000000e0000000, 0x00000000e0154cd0, 0x00000000e5560000)
  from space 21824K, 100% used [0x00000000e5560000, 0x00000000e6ab0000, 0x00000000e6ab0000)
  to   space 21824K,   0% used [0x00000000e6ab0000, 0x00000000e6ab0000, 0x00000000e8000000)
 concurrent mark-sweep generation total 393216K, used 198119K [0x00000000e8000000, 0x0000000100000000, 0x0000000100000000)
 Metaspace       used 57710K, capacity 59452K, committed 59668K, reserved 1101824K
  class space    used 6571K, capacity 6957K, committed 6976K, reserved 1048576K
2020-05-19T14:57:44.216+0000: 15621.153: [GC (CMS Final Remark) 2020-05-19T14:57:44.216+0000: 15621.153: [ParNew
Desired survivor size 20112992 bytes, new threshold 8 (max 8)
- age   1:      63520 bytes,      63520 total
- age   2:    5401168 bytes,    5464688 total
- age   3:    3887056 bytes,    9351744 total
- age   4:    3630032 bytes,   12981776 total
- age   5:    4612840 bytes,   17594616 total
: 23187K->21824K(109248K), 0.0120868 secs] 221306K->224456K(502464K), 0.0121548 secs] [Times: user=0.02 sys=0.00, real=0.01 secs] 
Heap after GC invocations=481 (full 28):
 par new generation   total 109248K, used 21824K [0x00000000e0000000, 0x00000000e8000000, 0x00000000e8000000)
  eden space 87424K,   0% used [0x00000000e0000000, 0x00000000e0000000, 0x00000000e5560000)
  from space 21824K, 100% used [0x00000000e6ab0000, 0x00000000e8000000, 0x00000000e8000000)
  to   space 21824K,   0% used [0x00000000e5560000, 0x00000000e5560000, 0x00000000e6ab0000)
 concurrent mark-sweep generation total 393216K, used 202632K [0x00000000e8000000, 0x0000000100000000, 0x0000000100000000)
 Metaspace       used 57710K, capacity 59452K, committed 59668K, reserved 1101824K
  class space    used 6571K, capacity 6957K, committed 6976K, reserved 1048576K
}
2020-05-19T14:57:44.228+0000: 15621.165: [Rescan (parallel) , 0.0045441 secs]2020-05-19T14:57:44.233+0000: 15621.170: [weak refs processing, 0.0036472 secs]2020-05-19T14:57:44.237+0000: 15621.173: [class unloading, 0.0110664 secs]2020-05-19T14:57:44.248+0000: 15621.185: [scrub symbol table, 0.0096227 secs]2020-05-19T14:57:44.257+0000: 15621.194: [scrub string table, 0.0006017 secs][1 CMS-remark: 202632K(393216K)] 224456K(502464K), 0.0420011 secs] [Times: user=0.05 sys=0.00, real=0.04 secs] 
2020-05-19T14:57:44.258+0000: 15621.195: Total time for which application threads were stopped: 0.0421689 seconds, Stopping threads took: 0.0000656 seconds
2020-05-19T14:57:44.258+0000: 15621.195: [CMS-concurrent-sweep-start]
2020-05-19T14:57:44.259+0000: 15621.196: Total time for which application threads were stopped: 0.0001521 seconds, Stopping threads took: 0.0000571 seconds
2020-05-19T14:57:44.259+0000: 15621.196: Total time for which application threads were stopped: 0.0000757 seconds, Stopping threads took: 0.0000137 seconds
2020-05-19T14:57:44.260+0000: 15621.196: Total time for which application threads were stopped: 0.0000932 seconds, Stopping threads took: 0.0000391 seconds
2020-05-19T14:57:44.260+0000: 15621.197: Total time for which application threads were stopped: 0.0000539 seconds, Stopping threads took: 0.0000100 seconds
2020-05-19T14:57:44.260+0000: 15621.197: Total time for which application threads were stopped: 0.0001204 seconds, Stopping threads took: 0.0000450 seconds
2020-05-19T14:57:44.260+0000: 15621.197: Total time for which application threads were stopped: 0.0000707 seconds, Stopping threads took: 0.0000142 seconds
2020-05-19T14:57:44.260+0000: 15621.197: Total time for which application threads were stopped: 0.0001063 seconds, Stopping threads took: 0.0000458 seconds
2020-05-19T14:57:44.260+0000: 15621.197: Total time for which application threads were stopped: 0.0000804 seconds, Stopping threads took: 0.0000377 seconds
2020-05-19T14:57:44.261+0000: 15621.198: Total time for which application threads were stopped: 0.0000847 seconds, Stopping threads took: 0.0000446 seconds
2020-05-19T14:57:44.261+0000: 15621.198: Total time for which application threads were stopped: 0.0000441 seconds, Stopping threads took: 0.0000130 seconds
2020-05-19T14:57:44.320+0000: 15621.256: [CMS-concurrent-sweep: 0.060/0.061 secs] [Times: user=0.11 sys=0.00, real=0.06 secs] 
2020-05-19T14:57:44.320+0000: 15621.256: [CMS-concurrent-reset-start]
2020-05-19T14:57:44.320+0000: 15621.257: [CMS-concurrent-reset: 0.000/0.000 secs] [Times: user=0.00 sys=0.00, real=0.00 secs] 
2020-05-19T14:57:45.112+0000: 15622.048: Total time for which application threads were stopped: 0.0001600 seconds, Stopping threads took: 0.0000651 seconds
2020-05-19T14:57:45.112+0000: 15622.049: Total time for which application threads were stopped: 0.0001128 seconds, Stopping threads took: 0.0000423 seconds
2020-05-19T14:57:45.113+0000: 15622.049: Total time for which application threads were stopped: 0.0000992 seconds, Stopping threads took: 0.0000495 seconds
2020-05-19T14:57:45.113+0000: 15622.049: Total time for which application threads were stopped: 0.0000490 seconds, Stopping threads took: 0.0000187 seconds
2020-05-19T14:57:45.113+0000: 15622.050: Total time for which application threads were stopped: 0.0001670 seconds, Stopping threads took: 0.0000154 seconds
2020-05-19T14:57:59.568+0000: 15636.504: Total time for which application threads were stopped: 0.0001873 seconds, Stopping threads took: 0.0001092 seconds
2020-05-19T14:57:59.570+0000: 15636.506: Total time for which application threads were stopped: 0.0001459 seconds, Stopping threads took: 0.0000305 seconds
2020-05-19T14:57:59.571+0000: 15636.507: Total time for which application threads were stopped: 0.0001152 seconds, Stopping threads took: 0.0000288 seconds
2020-05-19T14:57:59.578+0000: 15636.515: Total time for which application threads were stopped: 0.0000868 seconds, Stopping threads took: 0.0000226 seconds
{Heap before GC invocations=481 (full 28):
 par new generation   total 109248K, used 109248K [0x00000000e0000000, 0x00000000e8000000, 0x00000000e8000000)
  eden space 87424K, 100% used [0x00000000e0000000, 0x00000000e5560000, 0x00000000e5560000)
  from space 21824K, 100% used [0x00000000e6ab0000, 0x00000000e8000000, 0x00000000e8000000)
  to   space 21824K,   0% used [0x00000000e5560000, 0x00000000e5560000, 0x00000000e6ab0000)
 concurrent mark-sweep generation total 393216K, used 73251K [0x00000000e8000000, 0x0000000100000000, 0x0000000100000000)
 Metaspace       used 57710K, capacity 59452K, committed 59668K, reserved 1101824K
  class space    used 6571K, capacity 6957K, committed 6976K, reserved 1048576K
2020-05-19T14:57:59.689+0000: 15636.626: [GC (Allocation Failure) 2020-05-19T14:57:59.689+0000: 15636.626: [ParNew
Desired survivor size 20112992 bytes, new threshold 6 (max 8)
- age   1:    4469800 bytes,    4469800 total
- age   2:        312 bytes,    4470112 total
- age   3:    4566064 bytes,    9036176 total
- age   4:    3885080 bytes,   12921256 total
- age   5:    3629152 bytes,   16550408 total
- age   6:    4408968 bytes,   20959376 total
: 109248K->21824K(109248K), 0.0150904 secs] 182499K->100965K(502464K), 0.0151826 secs] [Times: user=0.06 sys=0.00, real=0.02 secs] 
Heap after GC invocations=482 (full 28):
 par new generation   total 109248K, used 21824K [0x00000000e0000000, 0x00000000e8000000, 0x00000000e8000000)
  eden space 87424K,   0% used [0x00000000e0000000, 0x00000000e0000000, 0x00000000e5560000)
  from space 21824K, 100% used [0x00000000e5560000, 0x00000000e6ab0000, 0x00000000e6ab0000)
  to   space 21824K,   0% used [0x00000000e6ab0000, 0x00000000e6ab0000, 0x00000000e8000000)
 concurrent mark-sweep generation total 393216K, used 79141K [0x00000000e8000000, 0x0000000100000000, 0x0000000100000000)
 Metaspace       used 57710K, capacity 59452K, committed 59668K, reserved 1101824K
  class space    used 6571K, capacity 6957K, committed 6976K, reserved 1048576K
}
2020-05-19T14:57:59.704+0000: 15636.641: Total time for which application threads were stopped: 0.0154597 seconds, Stopping threads took: 0.0000613 seconds
2020-05-19T14:57:59.719+0000: 15636.656: Total time for which application threads were stopped: 0.0001444 seconds, Stopping threads took: 0.0000483 seconds
{Heap before GC invocations=482 (full 28):
 par new generation   total 109248K, used 109248K [0x00000000e0000000, 0x00000000e8000000, 0x00000000e8000000)
  eden space 87424K, 100% used [0x00000000e0000000, 0x00000000e5560000, 0x00000000e5560000)
  from space 21824K, 100% used [0x00000000e5560000, 0x00000000e6ab0000, 0x00000000e6ab0000)
  to   space 21824K,   0% used [0x00000000e6ab0000, 0x00000000e6ab0000, 0x00000000e8000000)
 concurrent mark-sweep generation total 393216K, used 79141K [0x00000000e8000000, 0x0000000100000000, 0x0000000100000000)
 Metaspace       used 57710K, capacity 59452K, committed 59668K, reserved 1101824K
  class space    used 6571K, capacity 6957K, committed 6976K, reserved 1048576K
2020-05-19T14:57:59.809+0000: 15636.746: [GC (Allocation Failure) 2020-05-19T14:57:59.809+0000: 15636.746: [ParNew
Desired survivor size 20112992 bytes, new threshold 6 (max 8)
- age   1:    6515584 bytes,    6515584 total
- age   2:    3143000 bytes,    9658584 total
- age   3:        272 bytes,    9658856 total
- age   4:    4565936 bytes,   14224792 total
- age   5:    3885080 bytes,   18109872 total
- age   6:    3629000 bytes,   21738872 total
: 109248K->21824K(109248K), 0.0171346 secs] 188389K->111214K(502464K), 0.0172071 secs] [Times: user=0.06 sys=0.00, real=0.02 secs] 
Heap after GC invocations=483 (full 28):
 par new generation   total 109248K, used 21824K [0x00000000e0000000, 0x00000000e8000000, 0x00000000e8000000)
  eden space 87424K,   0% used [0x00000000e0000000, 0x00000000e0000000, 0x00000000e5560000)
  from space 21824K, 100% used [0x00000000e6ab0000, 0x00000000e8000000, 0x00000000e8000000)
  to   space 21824K,   0% used [0x00000000e5560000, 0x00000000e5560000, 0x00000000e6ab0000)
 concurrent mark-sweep generation total 393216K, used 89390K [0x00000000e8000000, 0x0000000100000000, 0x0000000100000000)
 Metaspace       used 57710K, capacity 59452K, committed 59668K, reserved 1101824K
  class space    used 6571K, capacity 6957K, committed 6976K, reserved 1048576K
}
2020-05-19T14:57:59.826+0000: 15636.763: Total time for which application threads were stopped: 0.0174690 seconds, Stopping threads took: 0.0000533 seconds
{Heap before GC invocations=483 (full 28):
 par new generation   total 109248K, used 109248K [0x00000000e0000000, 0x00000000e8000000, 0x00000000e8000000)
  eden space 87424K, 100% used [0x00000000e0000000, 0x00000000e5560000, 0x00000000e5560000)
  from space 21824K, 100% used [0x00000000e6ab0000, 0x00000000e8000000, 0x00000000e8000000)
  to   space 21824K,   0% used [0x00000000e5560000, 0x00000000e5560000, 0x00000000e6ab0000)
 concurrent mark-sweep generation total 393216K, used 89390K [0x00000000e8000000, 0x0000000100000000, 0x0000000100000000)
 Metaspace       used 57710K, capacity 59452K, committed 59668K, reserved 1101824K
  class space    used 6571K, capacity 6957K, committed 6976K, reserved 1048576K
2020-05-19T14:57:59.922+0000: 15636.859: [GC (Allocation Failure) 2020-05-19T14:57:59.922+0000: 15636.859: [ParNew
Desired survivor size 20112992 bytes, new threshold 6 (max 8)
- age   1:    5554704 bytes,    5554704 total
- age   2:    3975744 bytes,    9530448 total
- age   3:    2419288 bytes,   11949736 total
- age   4:        272 bytes,   11950008 total
- age   5:    4534408 bytes,   16484416 total
- age   6:    3885080 bytes,   20369496 total
: 109248K->21824K(109248K), 0.0156781 secs] 198638K->120128K(502464K), 0.0157541 secs] [Times: user=0.06 sys=0.00, real=0.02 secs] 
Heap after GC invocations=484 (full 28):
 par new generation   total 109248K, used 21824K [0x00000000e0000000, 0x00000000e8000000, 0x00000000e8000000)
  eden space 87424K,   0% used [0x00000000e0000000, 0x00000000e0000000, 0x00000000e5560000)
  from space 21824K, 100% used [0x00000000e5560000, 0x00000000e6ab0000, 0x00000000e6ab0000)
  to   space 21824K,   0% used [0x00000000e6ab0000, 0x00000000e6ab0000, 0x00000000e8000000)
 concurrent mark-sweep generation total 393216K, used 98304K [0x00000000e8000000, 0x0000000100000000, 0x0000000100000000)
 Metaspace       used 57710K, capacity 59452K, committed 59668K, reserved 1101824K
  class space    used 6571K, capacity 6957K, committed 6976K, reserved 1048576K
}
2020-05-19T14:57:59.938+0000: 15636.874: Total time for which application threads were stopped: 0.0159758 seconds, Stopping threads took: 0.0000503 seconds
2020-05-19T14:58:00.791+0000: 15637.728: Total time for which application threads were stopped: 0.0001489 seconds, Stopping threads took: 0.0000604 seconds
2020-05-19T14:58:00.791+0000: 15637.728: Total time for which application threads were stopped: 0.0001410 seconds, Stopping threads took: 0.0000347 seconds
2020-05-19T14:58:03.273+0000: 15640.209: Total time for which application threads were stopped: 0.0002910 seconds, Stopping threads took: 0.0001685 seconds
2020-05-19T14:58:03.276+0000: 15640.212: Total time for which application threads were stopped: 0.0004993 seconds, Stopping threads took: 0.0003468 seconds
2020-05-19T14:58:03.277+0000: 15640.213: Total time for which application threads were stopped: 0.0001842 seconds, Stopping threads took: 0.0000523 seconds
2020-05-19T14:58:03.288+0000: 15640.225: Total time for which application threads were stopped: 0.0001885 seconds, Stopping threads took: 0.0000664 seconds
2020-05-19T14:58:03.290+0000: 15640.227: Total time for which application threads were stopped: 0.0002336 seconds, Stopping threads took: 0.0001038 seconds
{Heap before GC invocations=484 (full 28):
 par new generation   total 109248K, used 109248K [0x00000000e0000000, 0x00000000e8000000, 0x00000000e8000000)
  eden space 87424K, 100% used [0x00000000e0000000, 0x00000000e5560000, 0x00000000e5560000)
  from space 21824K, 100% used [0x00000000e5560000, 0x00000000e6ab0000, 0x00000000e6ab0000)
  to   space 21824K,   0% used [0x00000000e6ab0000, 0x00000000e6ab0000, 0x00000000e8000000)
 concurrent mark-sweep generation total 393216K, used 98304K [0x00000000e8000000, 0x0000000100000000, 0x0000000100000000)
 Metaspace       used 57729K, capacity 59452K, committed 59668K, reserved 1101824K
  class space    used 6571K, capacity 6957K, committed 6976K, reserved 1048576K
2020-05-19T14:58:03.357+0000: 15640.294: [GC (Allocation Failure) 2020-05-19T14:58:03.357+0000: 15640.294: [ParNew
Desired survivor size 20112992 bytes, new threshold 6 (max 8)
- age   1:    5822200 bytes,    5822200 total
- age   2:    4126632 bytes,    9948832 total
- age   3:    3652144 bytes,   13600976 total
- age   4:    2349512 bytes,   15950488 total
- age   5:        272 bytes,   15950760 total
- age   6:    4534448 bytes,   20485208 total
: 109248K->21824K(109248K), 0.0155064 secs] 207552K->127476K(502464K), 0.0155809 secs] [Times: user=0.06 sys=0.00, real=0.01 secs] 
Heap after GC invocations=485 (full 28):
 par new generation   total 109248K, used 21824K [0x00000000e0000000, 0x00000000e8000000, 0x00000000e8000000)
  eden space 87424K,   0% used [0x00000000e0000000, 0x00000000e0000000, 0x00000000e5560000)
  from space 21824K, 100% used [0x00000000e6ab0000, 0x00000000e8000000, 0x00000000e8000000)
  to   space 21824K,   0% used [0x00000000e5560000, 0x00000000e5560000, 0x00000000e6ab0000)
 concurrent mark-sweep generation total 393216K, used 105652K [0x00000000e8000000, 0x0000000100000000, 0x0000000100000000)
 Metaspace       used 57729K, capacity 59452K, committed 59668K, reserved 1101824K
  class space    used 6571K, capacity 6957K, committed 6976K, reserved 1048576K
}
2020-05-19T14:58:03.372+0000: 15640.310: Total time for which application threads were stopped: 0.0158021 seconds, Stopping threads took: 0.0000485 seconds
2020-05-19T14:58:03.421+0000: 15640.358: Total time for which application threads were stopped: 0.0001657 seconds, Stopping threads took: 0.0000547 seconds
{Heap before GC invocations=485 (full 28):
 par new generation   total 109248K, used 109245K [0x00000000e0000000, 0x00000000e8000000, 0x00000000e8000000)
  eden space 87424K,  99% used [0x00000000e0000000, 0x00000000e555f7e8, 0x00000000e5560000)
  from space 21824K, 100% used [0x00000000e6ab0000, 0x00000000e8000000, 0x00000000e8000000)
  to   space 21824K,   0% used [0x00000000e5560000, 0x00000000e5560000, 0x00000000e6ab0000)
 concurrent mark-sweep generation total 393216K, used 105652K [0x00000000e8000000, 0x0000000100000000, 0x0000000100000000)
 Metaspace       used 57729K, capacity 59452K, committed 59668K, reserved 1101824K
  class space    used 6571K, capacity 6957K, committed 6976K, reserved 1048576K
2020-05-19T14:58:03.469+0000: 15640.407: [GC (Allocation Failure) 2020-05-19T14:58:03.469+0000: 15640.407: [ParNew
Desired survivor size 20112992 bytes, new threshold 5 (max 8)
- age   1:    6957352 bytes,    6957352 total
- age   2:    4350120 bytes,   11307472 total
- age   3:    4011416 bytes,   15318888 total
- age   4:    3650112 bytes,   18969000 total
- age   5:    2268056 bytes,   21237056 total
- age   6:        272 bytes,   21237328 total
: 109245K->21824K(109248K), 0.0145184 secs] 214898K->133721K(502464K), 0.0145871 secs] [Times: user=0.06 sys=0.00, real=0.02 secs] 
Heap after GC invocations=486 (full 28):
 par new generation   total 109248K, used 21824K [0x00000000e0000000, 0x00000000e8000000, 0x00000000e8000000)
  eden space 87424K,   0% used [0x00000000e0000000, 0x00000000e0000000, 0x00000000e5560000)
  from space 21824K, 100% used [0x00000000e5560000, 0x00000000e6ab0000, 0x00000000e6ab0000)
  to   space 21824K,   0% used [0x00000000e6ab0000, 0x00000000e6ab0000, 0x00000000e8000000)
 concurrent mark-sweep generation total 393216K, used 111897K [0x00000000e8000000, 0x0000000100000000, 0x0000000100000000)
 Metaspace       used 57729K, capacity 59452K, committed 59668K, reserved 1101824K
  class space    used 6571K, capacity 6957K, committed 6976K, reserved 1048576K
}
2020-05-19T14:58:03.485+0000: 15640.421: Total time for which application threads were stopped: 0.0148587 seconds, Stopping threads took: 0.0000938 seconds
2020-05-19T14:58:03.485+0000: 15640.422: Total time for which application threads were stopped: 0.0001377 seconds, Stopping threads took: 0.0000636 seconds
2020-05-19T14:58:03.485+0000: 15640.422: Total time for which application threads were stopped: 0.0000615 seconds, Stopping threads took: 0.0000193 seconds
{Heap before GC invocations=486 (full 28):
 par new generation   total 109248K, used 109248K [0x00000000e0000000, 0x00000000e8000000, 0x00000000e8000000)
  eden space 87424K, 100% used [0x00000000e0000000, 0x00000000e5560000, 0x00000000e5560000)
  from space 21824K, 100% used [0x00000000e5560000, 0x00000000e6ab0000, 0x00000000e6ab0000)
  to   space 21824K,   0% used [0x00000000e6ab0000, 0x00000000e6ab0000, 0x00000000e8000000)
 concurrent mark-sweep generation total 393216K, used 111897K [0x00000000e8000000, 0x0000000100000000, 0x0000000100000000)
 Metaspace       used 57729K, capacity 59452K, committed 59668K, reserved 1101824K
  class space    used 6571K, capacity 6957K, committed 6976K, reserved 1048576K
2020-05-19T14:58:03.553+0000: 15640.491: [GC (Allocation Failure) 2020-05-19T14:58:03.553+0000: 15640.491: [ParNew
Desired survivor size 20112992 bytes, new threshold 5 (max 8)
- age   1:    5134224 bytes,    5134224 total
- age   2:    5504008 bytes,   10638232 total
- age   3:    4020656 bytes,   14658888 total
- age   4:    4011416 bytes,   18670304 total
- age   5:    3597592 bytes,   22267896 total
: 109248K->21824K(109248K), 0.0161058 secs] 221145K->141389K(502464K), 0.0161816 secs] [Times: user=0.08 sys=0.00, real=0.02 secs] 
Heap after GC invocations=487 (full 28):
 par new generation   total 109248K, used 21824K [0x00000000e0000000, 0x00000000e8000000, 0x00000000e8000000)
  eden space 87424K,   0% used [0x00000000e0000000, 0x00000000e0000000, 0x00000000e5560000)
  from space 21824K, 100% used [0x00000000e6ab0000, 0x00000000e8000000, 0x00000000e8000000)
  to   space 21824K,   0% used [0x00000000e5560000, 0x00000000e5560000, 0x00000000e6ab0000)
 concurrent mark-sweep generation total 393216K, used 119565K [0x00000000e8000000, 0x0000000100000000, 0x0000000100000000)
 Metaspace       used 57729K, capacity 59452K, committed 59668K, reserved 1101824K
  class space    used 6571K, capacity 6957K, committed 6976K, reserved 1048576K
}
2020-05-19T14:58:03.570+0000: 15640.507: Total time for which application threads were stopped: 0.0164143 seconds, Stopping threads took: 0.0000583 seconds
2020-05-19T14:58:04.284+0000: 15641.221: Total time for which application threads were stopped: 0.0001244 seconds, Stopping threads took: 0.0000597 seconds
2020-05-19T14:58:04.284+0000: 15641.222: Total time for which application threads were stopped: 0.0000850 seconds, Stopping threads took: 0.0000396 seconds
2020-05-19T14:58:04.284+0000: 15641.222: Total time for which application threads were stopped: 0.0001217 seconds, Stopping threads took: 0.0000849 seconds
2020-05-19T14:58:04.285+0000: 15641.222: Total time for which application threads were stopped: 0.0002314 seconds, Stopping threads took: 0.0000482 seconds
2020-05-19T14:58:04.287+0000: 15641.223: Total time for which application threads were stopped: 0.0001537 seconds, Stopping threads took: 0.0001023 seconds
2020-05-19T14:58:04.287+0000: 15641.223: Total time for which application threads were stopped: 0.0000753 seconds, Stopping threads took: 0.0000373 seconds
2020-05-19T14:58:04.287+0000: 15641.223: Total time for which application threads were stopped: 0.0000429 seconds, Stopping threads took: 0.0000132 seconds
2020-05-19T14:58:04.287+0000: 15641.223: Total time for which application threads were stopped: 0.0000380 seconds, Stopping threads took: 0.0000097 seconds
2020-05-19T14:58:13.471+0000: 15650.409: Total time for which application threads were stopped: 0.0003217 seconds, Stopping threads took: 0.0001257 seconds
2020-05-19T14:58:13.475+0000: 15650.412: Total time for which application threads were stopped: 0.0002296 seconds, Stopping threads took: 0.0001338 seconds
{Heap before GC invocations=487 (full 28):
 par new generation   total 109248K, used 109248K [0x00000000e0000000, 0x00000000e8000000, 0x00000000e8000000)
  eden space 87424K, 100% used [0x00000000e0000000, 0x00000000e5560000, 0x00000000e5560000)
  from space 21824K, 100% used [0x00000000e6ab0000, 0x00000000e8000000, 0x00000000e8000000)
  to   space 21824K,   0% used [0x00000000e5560000, 0x00000000e5560000, 0x00000000e6ab0000)
 concurrent mark-sweep generation total 393216K, used 119565K [0x00000000e8000000, 0x0000000100000000, 0x0000000100000000)
 Metaspace       used 57737K, capacity 59452K, committed 59668K, reserved 1101824K
  class space    used 6571K, capacity 6957K, committed 6976K, reserved 1048576K
2020-05-19T14:58:13.492+0000: 15650.429: [GC (Allocation Failure) 2020-05-19T14:58:13.492+0000: 15650.429: [ParNew
Desired survivor size 20112992 bytes, new threshold 8 (max 8)
- age   1:    2883776 bytes,    2883776 total
- age   2:    3106600 bytes,    5990376 total
- age   3:    5213680 bytes,   11204056 total
- age   4:    3790112 bytes,   14994168 total
- age   5:    3504232 bytes,   18498400 total
: 109248K->21824K(109248K), 0.0136451 secs] 228813K->146442K(502464K), 0.0137348 secs] [Times: user=0.06 sys=0.00, real=0.01 secs] 
Heap after GC invocations=488 (full 28):
 par new generation   total 109248K, used 21824K [0x00000000e0000000, 0x00000000e8000000, 0x00000000e8000000)
  eden space 87424K,   0% used [0x00000000e0000000, 0x00000000e0000000, 0x00000000e5560000)
  from space 21824K, 100% used [0x00000000e5560000, 0x00000000e6ab0000, 0x00000000e6ab0000)
  to   space 21824K,   0% used [0x00000000e6ab0000, 0x00000000e6ab0000, 0x00000000e8000000)
 concurrent mark-sweep generation total 393216K, used 124618K [0x00000000e8000000, 0x0000000100000000, 0x0000000100000000)
 Metaspace       used 57737K, capacity 59452K, committed 59668K, reserved 1101824K
  class space    used 6571K, capacity 6957K, committed 6976K, reserved 1048576K
}
2020-05-19T14:58:13.506+0000: 15650.443: Total time for which application threads were stopped: 0.0139846 seconds, Stopping threads took: 0.0000602 seconds
2020-05-19T14:58:13.604+0000: 15650.541: Total time for which application threads were stopped: 0.0001421 seconds, Stopping threads took: 0.0000482 seconds
{Heap before GC invocations=488 (full 28):
 par new generation   total 109248K, used 109248K [0x00000000e0000000, 0x00000000e8000000, 0x00000000e8000000)
  eden space 87424K, 100% used [0x00000000e0000000, 0x00000000e5560000, 0x00000000e5560000)
  from space 21824K, 100% used [0x00000000e5560000, 0x00000000e6ab0000, 0x00000000e6ab0000)
  to   space 21824K,   0% used [0x00000000e6ab0000, 0x00000000e6ab0000, 0x00000000e8000000)
 concurrent mark-sweep generation total 393216K, used 124618K [0x00000000e8000000, 0x0000000100000000, 0x0000000100000000)
 Metaspace       used 57737K, capacity 59452K, committed 59668K, reserved 1101824K
  class space    used 6571K, capacity 6957K, committed 6976K, reserved 1048576K
2020-05-19T14:58:13.612+0000: 15650.548: [GC (Allocation Failure) 2020-05-19T14:58:13.612+0000: 15650.548: [ParNew
Desired survivor size 20112992 bytes, new threshold 6 (max 8)
- age   1:    4613040 bytes,    4613040 total
- age   2:    2348032 bytes,    6961072 total
- age   3:    3085232 bytes,   10046304 total
- age   4:    5034704 bytes,   15081008 total
- age   5:    3789776 bytes,   18870784 total
- age   6:    3503352 bytes,   22374136 total
: 109248K->21824K(109248K), 0.0150119 secs] 233866K->151689K(502464K), 0.0150800 secs] [Times: user=0.06 sys=0.00, real=0.02 secs] 
Heap after GC invocations=489 (full 28):
 par new generation   total 109248K, used 21824K [0x00000000e0000000, 0x00000000e8000000, 0x00000000e8000000)
  eden space 87424K,   0% used [0x00000000e0000000, 0x00000000e0000000, 0x00000000e5560000)
  from space 21824K, 100% used [0x00000000e6ab0000, 0x00000000e8000000, 0x00000000e8000000)
  to   space 21824K,   0% used [0x00000000e5560000, 0x00000000e5560000, 0x00000000e6ab0000)
 concurrent mark-sweep generation total 393216K, used 129865K [0x00000000e8000000, 0x0000000100000000, 0x0000000100000000)
 Metaspace       used 57737K, capacity 59452K, committed 59668K, reserved 1101824K
  class space    used 6571K, capacity 6957K, committed 6976K, reserved 1048576K
}
2020-05-19T14:58:13.627+0000: 15650.564: Total time for which application threads were stopped: 0.0153200 seconds, Stopping threads took: 0.0000638 seconds
{Heap before GC invocations=489 (full 28):
 par new generation   total 109248K, used 109248K [0x00000000e0000000, 0x00000000e8000000, 0x00000000e8000000)
  eden space 87424K, 100% used [0x00000000e0000000, 0x00000000e5560000, 0x00000000e5560000)
  from space 21824K, 100% used [0x00000000e6ab0000, 0x00000000e8000000, 0x00000000e8000000)
  to   space 21824K,   0% used [0x00000000e5560000, 0x00000000e5560000, 0x00000000e6ab0000)
 concurrent mark-sweep generation total 393216K, used 129865K [0x00000000e8000000, 0x0000000100000000, 0x0000000100000000)
 Metaspace       used 57737K, capacity 59452K, committed 59668K, reserved 1101824K
  class space    used 6571K, capacity 6957K, committed 6976K, reserved 1048576K
2020-05-19T14:58:13.710+0000: 15650.647: [GC (Allocation Failure) 2020-05-19T14:58:13.710+0000: 15650.647: [ParNew
Desired survivor size 20112992 bytes, new threshold 6 (max 8)
- age   1:    5570568 bytes,    5570568 total
- age   2:    3335872 bytes,    8906440 total
- age   3:    1384248 bytes,   10290688 total
- age   4:    3085232 bytes,   13375920 total
- age   5:    5034704 bytes,   18410624 total
- age   6:    3789664 bytes,   22200288 total
: 109248K->21824K(109248K), 0.0163032 secs] 239113K->161041K(502464K), 0.0163890 secs] [Times: user=0.06 sys=0.00, real=0.02 secs] 
Heap after GC invocations=490 (full 28):
 par new generation   total 109248K, used 21824K [0x00000000e0000000, 0x00000000e8000000, 0x00000000e8000000)
  eden space 87424K,   0% used [0x00000000e0000000, 0x00000000e0000000, 0x00000000e5560000)
  from space 21824K, 100% used [0x00000000e5560000, 0x00000000e6ab0000, 0x00000000e6ab0000)
  to   space 21824K,   0% used [0x00000000e6ab0000, 0x00000000e6ab0000, 0x00000000e8000000)
 concurrent mark-sweep generation total 393216K, used 139217K [0x00000000e8000000, 0x0000000100000000, 0x0000000100000000)
 Metaspace       used 57737K, capacity 59452K, committed 59668K, reserved 1101824K
  class space    used 6571K, capacity 6957K, committed 6976K, reserved 1048576K
}
2020-05-19T14:58:13.726+0000: 15650.664: Total time for which application threads were stopped: 0.0166912 seconds, Stopping threads took: 0.0000554 seconds
{Heap before GC invocations=490 (full 28):
 par new generation   total 109248K, used 109248K [0x00000000e0000000, 0x00000000e8000000, 0x00000000e8000000)
  eden space 87424K, 100% used [0x00000000e0000000, 0x00000000e5560000, 0x00000000e5560000)
  from space 21824K, 100% used [0x00000000e5560000, 0x00000000e6ab0000, 0x00000000e6ab0000)
  to   space 21824K,   0% used [0x00000000e6ab0000, 0x00000000e6ab0000, 0x00000000e8000000)
 concurrent mark-sweep generation total 393216K, used 139217K [0x00000000e8000000, 0x0000000100000000, 0x0000000100000000)
 Metaspace       used 57737K, capacity 59452K, committed 59668K, reserved 1101824K
  class space    used 6571K, capacity 6957K, committed 6976K, reserved 1048576K
2020-05-19T14:58:13.828+0000: 15650.765: [GC (Allocation Failure) 2020-05-19T14:58:13.828+0000: 15650.765: [ParNew
Desired survivor size 20112992 bytes, new threshold 8 (max 8)
- age   1:    4870904 bytes,    4870904 total
- age   2:    3190544 bytes,    8061448 total
- age   3:    3295840 bytes,   11357288 total
- age   4:     829832 bytes,   12187120 total
- age   5:    2877296 bytes,   15064416 total
- age   6:    4690544 bytes,   19754960 total
: 109248K->21824K(109248K), 0.0168037 secs] 248465K->170010K(502464K), 0.0168671 secs] [Times: user=0.06 sys=0.00, real=0.02 secs] 
Heap after GC invocations=491 (full 28):
 par new generation   total 109248K, used 21824K [0x00000000e0000000, 0x00000000e8000000, 0x00000000e8000000)
  eden space 87424K,   0% used [0x00000000e0000000, 0x00000000e0000000, 0x00000000e5560000)
  from space 21824K, 100% used [0x00000000e6ab0000, 0x00000000e8000000, 0x00000000e8000000)
  to   space 21824K,   0% used [0x00000000e5560000, 0x00000000e5560000, 0x00000000e6ab0000)
 concurrent mark-sweep generation total 393216K, used 148186K [0x00000000e8000000, 0x0000000100000000, 0x0000000100000000)
 Metaspace       used 57737K, capacity 59452K, committed 59668K, reserved 1101824K
  class space    used 6571K, capacity 6957K, committed 6976K, reserved 1048576K
}
2020-05-19T14:58:13.845+0000: 15650.782: Total time for which application threads were stopped: 0.0171125 seconds, Stopping threads took: 0.0000645 seconds
2020-05-19T14:58:13.871+0000: 15650.808: Total time for which application threads were stopped: 0.0002631 seconds, Stopping threads took: 0.0000581 seconds
2020-05-19T14:58:14.497+0000: 15651.433: Total time for which application threads were stopped: 0.0001671 seconds, Stopping threads took: 0.0000985 seconds
2020-05-19T14:58:14.497+0000: 15651.434: Total time for which application threads were stopped: 0.0000810 seconds, Stopping threads took: 0.0000356 seconds
2020-05-19T14:58:14.498+0000: 15651.435: Total time for which application threads were stopped: 0.0001857 seconds, Stopping threads took: 0.0001082 seconds
2020-05-19T14:58:14.498+0000: 15651.435: Total time for which application threads were stopped: 0.0000935 seconds, Stopping threads took: 0.0000360 seconds
2020-05-19T14:58:14.498+0000: 15651.435: Total time for which application threads were stopped: 0.0000666 seconds, Stopping threads took: 0.0000127 seconds
2020-05-19T14:58:14.498+0000: 15651.435: Total time for which application threads were stopped: 0.0000514 seconds, Stopping threads took: 0.0000132 seconds
2020-05-19T14:58:14.498+0000: 15651.435: Total time for which application threads were stopped: 0.0000519 seconds, Stopping threads took: 0.0000144 seconds
2020-05-19T14:58:15.498+0000: 15652.435: Total time for which application threads were stopped: 0.0001100 seconds, Stopping threads took: 0.0000434 seconds
2020-05-19T14:58:16.859+0000: 15653.796: Total time for which application threads were stopped: 0.0001997 seconds, Stopping threads took: 0.0001320 seconds
2020-05-19T14:58:16.863+0000: 15653.800: Total time for which application threads were stopped: 0.0001798 seconds, Stopping threads took: 0.0000764 seconds
2020-05-19T14:58:16.864+0000: 15653.801: Total time for which application threads were stopped: 0.0001937 seconds, Stopping threads took: 0.0000830 seconds
{Heap before GC invocations=491 (full 28):
 par new generation   total 109248K, used 109248K [0x00000000e0000000, 0x00000000e8000000, 0x00000000e8000000)
  eden space 87424K, 100% used [0x00000000e0000000, 0x00000000e5560000, 0x00000000e5560000)
  from space 21824K, 100% used [0x00000000e6ab0000, 0x00000000e8000000, 0x00000000e8000000)
  to   space 21824K,   0% used [0x00000000e5560000, 0x00000000e5560000, 0x00000000e6ab0000)
 concurrent mark-sweep generation total 393216K, used 148186K [0x00000000e8000000, 0x0000000100000000, 0x0000000100000000)
 Metaspace       used 57761K, capacity 59516K, committed 59668K, reserved 1101824K
  class space    used 6571K, capacity 6957K, committed 6976K, reserved 1048576K
2020-05-19T14:58:16.972+0000: 15653.910: [GC (Allocation Failure) 2020-05-19T14:58:16.972+0000: 15653.910: [ParNew
Desired survivor size 20112992 bytes, new threshold 7 (max 8)
- age   1:    4517088 bytes,    4517088 total
- age   2:    3924768 bytes,    8441856 total
- age   3:    2543872 bytes,   10985728 total
- age   4:    3154280 bytes,   14140008 total
- age   5:     693920 bytes,   14833928 total
- age   6:    2870032 bytes,   17703960 total
- age   7:    4616920 bytes,   22320880 total
: 109248K->21824K(109248K), 0.0175229 secs] 257434K->178769K(502464K), 0.0175920 secs] [Times: user=0.06 sys=0.00, real=0.02 secs] 
Heap after GC invocations=492 (full 28):
 par new generation   total 109248K, used 21824K [0x00000000e0000000, 0x00000000e8000000, 0x00000000e8000000)
  eden space 87424K,   0% used [0x00000000e0000000, 0x00000000e0000000, 0x00000000e5560000)
  from space 21824K, 100% used [0x00000000e5560000, 0x00000000e6ab0000, 0x00000000e6ab0000)
  to   space 21824K,   0% used [0x00000000e6ab0000, 0x00000000e6ab0000, 0x00000000e8000000)
 concurrent mark-sweep generation total 393216K, used 156945K [0x00000000e8000000, 0x0000000100000000, 0x0000000100000000)
 Metaspace       used 57761K, capacity 59516K, committed 59668K, reserved 1101824K
  class space    used 6571K, capacity 6957K, committed 6976K, reserved 1048576K
}
2020-05-19T14:58:16.990+0000: 15653.927: Total time for which application threads were stopped: 0.0178494 seconds, Stopping threads took: 0.0000615 seconds
2020-05-19T14:58:17.016+0000: 15653.953: Total time for which application threads were stopped: 0.0001483 seconds, Stopping threads took: 0.0000505 seconds
{Heap before GC invocations=492 (full 28):
 par new generation   total 109248K, used 109248K [0x00000000e0000000, 0x00000000e8000000, 0x00000000e8000000)
  eden space 87424K, 100% used [0x00000000e0000000, 0x00000000e5560000, 0x00000000e5560000)
  from space 21824K, 100% used [0x00000000e5560000, 0x00000000e6ab0000, 0x00000000e6ab0000)
  to   space 21824K,   0% used [0x00000000e6ab0000, 0x00000000e6ab0000, 0x00000000e8000000)
 concurrent mark-sweep generation total 393216K, used 156945K [0x00000000e8000000, 0x0000000100000000, 0x0000000100000000)
 Metaspace       used 57761K, capacity 59516K, committed 59668K, reserved 1101824K
  class space    used 6571K, capacity 6957K, committed 6976K, reserved 1048576K
2020-05-19T14:58:17.073+0000: 15654.010: [GC (Allocation Failure) 2020-05-19T14:58:17.073+0000: 15654.010: [ParNew
Desired survivor size 20112992 bytes, new threshold 7 (max 8)
- age   1:    4735264 bytes,    4735264 total
- age   2:    4444864 bytes,    9180128 total
- age   3:    3924120 bytes,   13104248 total
- age   4:    2543912 bytes,   15648160 total
- age   5:    3130624 bytes,   18778784 total
- age   6:     693856 bytes,   19472640 total
- age   7:    2870032 bytes,   22342672 total
: 109248K->21824K(109248K), 0.0140198 secs] 266193K->187317K(502464K), 0.0140735 secs] [Times: user=0.06 sys=0.00, real=0.01 secs] 
Heap after GC invocations=493 (full 28):
 par new generation   total 109248K, used 21824K [0x00000000e0000000, 0x00000000e8000000, 0x00000000e8000000)
  eden space 87424K,   0% used [0x00000000e0000000, 0x00000000e0000000, 0x00000000e5560000)
  from space 21824K, 100% used [0x00000000e6ab0000, 0x00000000e8000000, 0x00000000e8000000)
  to   space 21824K,   0% used [0x00000000e5560000, 0x00000000e5560000, 0x00000000e6ab0000)
 concurrent mark-sweep generation total 393216K, used 165493K [0x00000000e8000000, 0x0000000100000000, 0x0000000100000000)
 Metaspace       used 57761K, capacity 59516K, committed 59668K, reserved 1101824K
  class space    used 6571K, capacity 6957K, committed 6976K, reserved 1048576K
}
2020-05-19T14:58:17.087+0000: 15654.024: Total time for which application threads were stopped: 0.0142913 seconds, Stopping threads took: 0.0000486 seconds
{Heap before GC invocations=493 (full 28):
 par new generation   total 109248K, used 109248K [0x00000000e0000000, 0x00000000e8000000, 0x00000000e8000000)
  eden space 87424K, 100% used [0x00000000e0000000, 0x00000000e5560000, 0x00000000e5560000)
  from space 21824K, 100% used [0x00000000e6ab0000, 0x00000000e8000000, 0x00000000e8000000)
  to   space 21824K,   0% used [0x00000000e5560000, 0x00000000e5560000, 0x00000000e6ab0000)
 concurrent mark-sweep generation total 393216K, used 165493K [0x00000000e8000000, 0x0000000100000000, 0x0000000100000000)
 Metaspace       used 57761K, capacity 59516K, committed 59668K, reserved 1101824K
  class space    used 6571K, capacity 6957K, committed 6976K, reserved 1048576K
2020-05-19T14:58:17.166+0000: 15654.102: [GC (Allocation Failure) 2020-05-19T14:58:17.166+0000: 15654.103: [ParNew
Desired survivor size 20112992 bytes, new threshold 6 (max 8)
- age   1:    6113584 bytes,    6113584 total
- age   2:    3312608 bytes,    9426192 total
- age   3:    4443232 bytes,   13869424 total
- age   4:    3528592 bytes,   17398016 total
- age   5:    2430352 bytes,   19828368 total
- age   6:    1272632 bytes,   21101000 total
- age   7:     690112 bytes,   21791112 total
: 109248K->21824K(109248K), 0.0157606 secs] 274741K->197995K(502464K), 0.0158349 secs] [Times: user=0.06 sys=0.00, real=0.02 secs] 
Heap after GC invocations=494 (full 28):
 par new generation   total 109248K, used 21824K [0x00000000e0000000, 0x00000000e8000000, 0x00000000e8000000)
  eden space 87424K,   0% used [0x00000000e0000000, 0x00000000e0000000, 0x00000000e5560000)
  from space 21824K, 100% used [0x00000000e5560000, 0x00000000e6ab0000, 0x00000000e6ab0000)
  to   space 21824K,   0% used [0x00000000e6ab0000, 0x00000000e6ab0000, 0x00000000e8000000)
 concurrent mark-sweep generation total 393216K, used 176171K [0x00000000e8000000, 0x0000000100000000, 0x0000000100000000)
 Metaspace       used 57761K, capacity 59516K, committed 59668K, reserved 1101824K
  class space    used 6571K, capacity 6957K, committed 6976K, reserved 1048576K
}
2020-05-19T14:58:17.182+0000: 15654.118: Total time for which application threads were stopped: 0.0160837 seconds, Stopping threads took: 0.0000744 seconds
2020-05-19T14:58:17.824+0000: 15654.761: Total time for which application threads were stopped: 0.0001929 seconds, Stopping threads took: 0.0001175 seconds
2020-05-19T14:58:17.824+0000: 15654.761: Total time for which application threads were stopped: 0.0001241 seconds, Stopping threads took: 0.0000502 seconds
2020-05-19T14:58:17.825+0000: 15654.762: Total time for which application threads were stopped: 0.0001215 seconds, Stopping threads took: 0.0000457 seconds
2020-05-19T14:58:17.825+0000: 15654.762: Total time for which application threads were stopped: 0.0000833 seconds, Stopping threads took: 0.0000261 seconds
2020-05-19T14:58:17.825+0000: 15654.762: Total time for which application threads were stopped: 0.0000514 seconds, Stopping threads took: 0.0000123 seconds
2020-05-19T14:58:17.825+0000: 15654.762: Total time for which application threads were stopped: 0.0000508 seconds, Stopping threads took: 0.0000137 seconds
2020-05-19T14:58:17.825+0000: 15654.763: Total time for which application threads were stopped: 0.0000466 seconds, Stopping threads took: 0.0000100 seconds
2020-05-19T14:58:31.878+0000: 15668.815: Total time for which application threads were stopped: 0.0001642 seconds, Stopping threads took: 0.0001041 seconds
2020-05-19T14:58:33.763+0000: 15670.700: Total time for which application threads were stopped: 0.0005399 seconds, Stopping threads took: 0.0003414 seconds
2020-05-19T14:58:33.780+0000: 15670.716: Total time for which application threads were stopped: 0.0002104 seconds, Stopping threads took: 0.0000688 seconds
2020-05-19T14:58:33.782+0000: 15670.718: Total time for which application threads were stopped: 0.0001522 seconds, Stopping threads took: 0.0000417 seconds
2020-05-19T14:58:33.783+0000: 15670.719: Total time for which application threads were stopped: 0.0001329 seconds, Stopping threads took: 0.0000511 seconds
{Heap before GC invocations=494 (full 28):
 par new generation   total 109248K, used 109248K [0x00000000e0000000, 0x00000000e8000000, 0x00000000e8000000)
  eden space 87424K, 100% used [0x00000000e0000000, 0x00000000e5560000, 0x00000000e5560000)
  from space 21824K, 100% used [0x00000000e5560000, 0x00000000e6ab0000, 0x00000000e6ab0000)
  to   space 21824K,   0% used [0x00000000e6ab0000, 0x00000000e6ab0000, 0x00000000e8000000)
 concurrent mark-sweep generation total 393216K, used 176171K [0x00000000e8000000, 0x0000000100000000, 0x0000000100000000)
 Metaspace       used 57765K, capacity 59516K, committed 59668K, reserved 1101824K
  class space    used 6571K, capacity 6957K, committed 6976K, reserved 1048576K
2020-05-19T14:58:33.835+0000: 15670.773: [GC (Allocation Failure) 2020-05-19T14:58:33.835+0000: 15670.773: [ParNew
Desired survivor size 20112992 bytes, new threshold 6 (max 8)
- age   1:    4126704 bytes,    4126704 total
- age   2:    3564072 bytes,    7690776 total
- age   3:    3024536 bytes,   10715312 total
- age   4:    4372688 bytes,   15088000 total
- age   5:    3528592 bytes,   18616592 total
- age   6:    2430352 bytes,   21046944 total
: 109248K->21824K(109248K), 0.0138043 secs] 285419K->203427K(502464K), 0.0139697 secs] [Times: user=0.00 sys=0.00, real=0.01 secs] 
Heap after GC invocations=495 (full 28):
 par new generation   total 109248K, used 21824K [0x00000000e0000000, 0x00000000e8000000, 0x00000000e8000000)
  eden space 87424K,   0% used [0x00000000e0000000, 0x00000000e0000000, 0x00000000e5560000)
  from space 21824K, 100% used [0x00000000e6ab0000, 0x00000000e8000000, 0x00000000e8000000)
  to   space 21824K,   0% used [0x00000000e5560000, 0x00000000e5560000, 0x00000000e6ab0000)
 concurrent mark-sweep generation total 393216K, used 181603K [0x00000000e8000000, 0x0000000100000000, 0x0000000100000000)
 Metaspace       used 57765K, capacity 59516K, committed 59668K, reserved 1101824K
  class space    used 6571K, capacity 6957K, committed 6976K, reserved 1048576K
}
2020-05-19T14:58:33.849+0000: 15670.787: Total time for which application threads were stopped: 0.0142724 seconds, Stopping threads took: 0.0000684 seconds
2020-05-19T14:58:33.911+0000: 15670.848: Total time for which application threads were stopped: 0.0001416 seconds, Stopping threads took: 0.0000498 seconds
{Heap before GC invocations=495 (full 28):
 par new generation   total 109248K, used 109248K [0x00000000e0000000, 0x00000000e8000000, 0x00000000e8000000)
  eden space 87424K, 100% used [0x00000000e0000000, 0x00000000e5560000, 0x00000000e5560000)
  from space 21824K, 100% used [0x00000000e6ab0000, 0x00000000e8000000, 0x00000000e8000000)
  to   space 21824K,   0% used [0x00000000e5560000, 0x00000000e5560000, 0x00000000e6ab0000)
 concurrent mark-sweep generation total 393216K, used 181603K [0x00000000e8000000, 0x0000000100000000, 0x0000000100000000)
 Metaspace       used 57765K, capacity 59516K, committed 59668K, reserved 1101824K
  class space    used 6571K, capacity 6957K, committed 6976K, reserved 1048576K
2020-05-19T14:58:33.938+0000: 15670.875: [GC (Allocation Failure) 2020-05-19T14:58:33.938+0000: 15670.875: [ParNew
Desired survivor size 20112992 bytes, new threshold 6 (max 8)
- age   1:    5573728 bytes,    5573728 total
- age   2:    2277952 bytes,    7851680 total
- age   3:    3561264 bytes,   11412944 total
- age   4:    3022864 bytes,   14435808 total
- age   5:    4372288 bytes,   18808096 total
- age   6:    3525616 bytes,   22333712 total
: 109248K->21824K(109248K), 0.0161464 secs] 290851K->210797K(502464K), 0.0162070 secs] [Times: user=0.06 sys=0.00, real=0.02 secs] 
Heap after GC invocations=496 (full 28):
 par new generation   total 109248K, used 21824K [0x00000000e0000000, 0x00000000e8000000, 0x00000000e8000000)
  eden space 87424K,   0% used [0x00000000e0000000, 0x00000000e0000000, 0x00000000e5560000)
  from space 21824K, 100% used [0x00000000e5560000, 0x00000000e6ab0000, 0x00000000e6ab0000)
  to   space 21824K,   0% used [0x00000000e6ab0000, 0x00000000e6ab0000, 0x00000000e8000000)
 concurrent mark-sweep generation total 393216K, used 188973K [0x00000000e8000000, 0x0000000100000000, 0x0000000100000000)
 Metaspace       used 57765K, capacity 59516K, committed 59668K, reserved 1101824K
  class space    used 6571K, capacity 6957K, committed 6976K, reserved 1048576K
}
2020-05-19T14:58:33.955+0000: 15670.892: Total time for which application threads were stopped: 0.0164467 seconds, Stopping threads took: 0.0000622 seconds
{Heap before GC invocations=496 (full 28):
 par new generation   total 109248K, used 109248K [0x00000000e0000000, 0x00000000e8000000, 0x00000000e8000000)
  eden space 87424K, 100% used [0x00000000e0000000, 0x00000000e5560000, 0x00000000e5560000)
  from space 21824K, 100% used [0x00000000e5560000, 0x00000000e6ab0000, 0x00000000e6ab0000)
  to   space 21824K,   0% used [0x00000000e6ab0000, 0x00000000e6ab0000, 0x00000000e8000000)
 concurrent mark-sweep generation total 393216K, used 188973K [0x00000000e8000000, 0x0000000100000000, 0x0000000100000000)
 Metaspace       used 57765K, capacity 59516K, committed 59668K, reserved 1101824K
  class space    used 6571K, capacity 6957K, committed 6976K, reserved 1048576K
2020-05-19T14:58:34.033+0000: 15670.970: [GC (Allocation Failure) 2020-05-19T14:58:34.033+0000: 15670.970: [ParNew
Desired survivor size 20112992 bytes, new threshold 6 (max 8)
- age   1:    3563920 bytes,    3563920 total
- age   2:    5381632 bytes,    8945552 total
- age   3:    2276872 bytes,   11222424 total
- age   4:    3561264 bytes,   14783688 total
- age   5:    3022864 bytes,   17806552 total
- age   6:    4372288 bytes,   22178840 total
: 109248K->21824K(109248K), 0.0166746 secs] 298221K->218355K(502464K), 0.0167872 secs] [Times: user=0.06 sys=0.00, real=0.02 secs] 
Heap after GC invocations=497 (full 28):
 par new generation   total 109248K, used 21824K [0x00000000e0000000, 0x00000000e8000000, 0x00000000e8000000)
  eden space 87424K,   0% used [0x00000000e0000000, 0x00000000e0000000, 0x00000000e5560000)
  from space 21824K, 100% used [0x00000000e6ab0000, 0x00000000e8000000, 0x00000000e8000000)
  to   space 21824K,   0% used [0x00000000e5560000, 0x00000000e5560000, 0x00000000e6ab0000)
 concurrent mark-sweep generation total 393216K, used 196531K [0x00000000e8000000, 0x0000000100000000, 0x0000000100000000)
 Metaspace       used 57765K, capacity 59516K, committed 59668K, reserved 1101824K
  class space    used 6571K, capacity 6957K, committed 6976K, reserved 1048576K
}
2020-05-19T14:58:34.049+0000: 15670.987: Total time for which application threads were stopped: 0.0170041 seconds, Stopping threads took: 0.0000590 seconds
{Heap before GC invocations=497 (full 28):
 par new generation   total 109248K, used 109248K [0x00000000e0000000, 0x00000000e8000000, 0x00000000e8000000)
  eden space 87424K, 100% used [0x00000000e0000000, 0x00000000e5560000, 0x00000000e5560000)
  from space 21824K, 100% used [0x00000000e6ab0000, 0x00000000e8000000, 0x00000000e8000000)
  to   space 21824K,   0% used [0x00000000e5560000, 0x00000000e5560000, 0x00000000e6ab0000)
 concurrent mark-sweep generation total 393216K, used 196531K [0x00000000e8000000, 0x0000000100000000, 0x0000000100000000)
 Metaspace       used 57765K, capacity 59516K, committed 59668K, reserved 1101824K
  class space    used 6571K, capacity 6957K, committed 6976K, reserved 1048576K
2020-05-19T14:58:34.135+0000: 15671.072: [GC (Allocation Failure) 2020-05-19T14:58:34.135+0000: 15671.072: [ParNew
Desired survivor size 20112992 bytes, new threshold 6 (max 8)
- age   1:    6259736 bytes,    6259736 total
- age   2:    1590120 bytes,    7849856 total
- age   3:    5381632 bytes,   13231488 total
- age   4:    2276872 bytes,   15508360 total
- age   5:    3561264 bytes,   19069624 total
- age   6:    3022864 bytes,   22092488 total
: 109248K->21824K(109248K), 0.0148670 secs] 305779K->227004K(502464K), 0.0149359 secs] [Times: user=0.06 sys=0.00, real=0.02 secs] 
Heap after GC invocations=498 (full 28):
 par new generation   total 109248K, used 21824K [0x00000000e0000000, 0x00000000e8000000, 0x00000000e8000000)
  eden space 87424K,   0% used [0x00000000e0000000, 0x00000000e0000000, 0x00000000e5560000)
  from space 21824K, 100% used [0x00000000e5560000, 0x00000000e6ab0000, 0x00000000e6ab0000)
  to   space 21824K,   0% used [0x00000000e6ab0000, 0x00000000e6ab0000, 0x00000000e8000000)
 concurrent mark-sweep generation total 393216K, used 205180K [0x00000000e8000000, 0x0000000100000000, 0x0000000100000000)
 Metaspace       used 57765K, capacity 59516K, committed 59668K, reserved 1101824K
  class space    used 6571K, capacity 6957K, committed 6976K, reserved 1048576K
}
2020-05-19T14:58:34.150+0000: 15671.087: Total time for which application threads were stopped: 0.0151789 seconds, Stopping threads took: 0.0000638 seconds
2020-05-19T14:58:34.150+0000: 15671.087: [GC (CMS Initial Mark) [1 CMS-initial-mark: 205180K(393216K)] 228451K(502464K), 0.0036035 secs] [Times: user=0.00 sys=0.00, real=0.00 secs] 
2020-05-19T14:58:34.154+0000: 15671.091: Total time for which application threads were stopped: 0.0037893 seconds, Stopping threads took: 0.0000819 seconds
2020-05-19T14:58:34.154+0000: 15671.091: [CMS-concurrent-mark-start]
2020-05-19T14:58:34.180+0000: 15671.117: [CMS-concurrent-mark: 0.026/0.026 secs] [Times: user=0.13 sys=0.00, real=0.03 secs] 
2020-05-19T14:58:34.180+0000: 15671.117: [CMS-concurrent-preclean-start]
2020-05-19T14:58:34.181+0000: 15671.118: [CMS-concurrent-preclean: 0.001/0.001 secs] [Times: user=0.00 sys=0.00, real=0.00 secs] 
2020-05-19T14:58:34.181+0000: 15671.118: [GC (CMS Final Remark) [YG occupancy: 23271 K (109248 K)]{Heap before GC invocations=498 (full 29):
 par new generation   total 109248K, used 23271K [0x00000000e0000000, 0x00000000e8000000, 0x00000000e8000000)
  eden space 87424K,   1% used [0x00000000e0000000, 0x00000000e0169ec8, 0x00000000e5560000)
  from space 21824K, 100% used [0x00000000e5560000, 0x00000000e6ab0000, 0x00000000e6ab0000)
  to   space 21824K,   0% used [0x00000000e6ab0000, 0x00000000e6ab0000, 0x00000000e8000000)
 concurrent mark-sweep generation total 393216K, used 205180K [0x00000000e8000000, 0x0000000100000000, 0x0000000100000000)
 Metaspace       used 57765K, capacity 59516K, committed 59668K, reserved 1101824K
  class space    used 6571K, capacity 6957K, committed 6976K, reserved 1048576K
2020-05-19T14:58:34.181+0000: 15671.118: [GC (CMS Final Remark) 2020-05-19T14:58:34.181+0000: 15671.118: [ParNew
Desired survivor size 20112992 bytes, new threshold 8 (max 8)
- age   1:      62344 bytes,      62344 total
- age   2:    5569920 bytes,    5632264 total
- age   3:    1590040 bytes,    7222304 total
- age   4:    5381632 bytes,   12603936 total
- age   5:    2251848 bytes,   14855784 total
- age   6:    3561264 bytes,   18417048 total
: 23271K->21824K(109248K), 0.0110126 secs] 228451K->230367K(502464K), 0.0110626 secs] [Times: user=0.00 sys=0.00, real=0.01 secs] 
Heap after GC invocations=499 (full 29):
 par new generation   total 109248K, used 21824K [0x00000000e0000000, 0x00000000e8000000, 0x00000000e8000000)
  eden space 87424K,   0% used [0x00000000e0000000, 0x00000000e0000000, 0x00000000e5560000)
  from space 21824K, 100% used [0x00000000e6ab0000, 0x00000000e8000000, 0x00000000e8000000)
  to   space 21824K,   0% used [0x00000000e5560000, 0x00000000e5560000, 0x00000000e6ab0000)
 concurrent mark-sweep generation total 393216K, used 208543K [0x00000000e8000000, 0x0000000100000000, 0x0000000100000000)
 Metaspace       used 57765K, capacity 59516K, committed 59668K, reserved 1101824K
  class space    used 6571K, capacity 6957K, committed 6976K, reserved 1048576K
}
2020-05-19T14:58:34.193+0000: 15671.130: [Rescan (parallel) , 0.0045783 secs]2020-05-19T14:58:34.197+0000: 15671.134: [weak refs processing, 0.0053000 secs]2020-05-19T14:58:34.203+0000: 15671.139: [class unloading, 0.0106046 secs]2020-05-19T14:58:34.213+0000: 15671.150: [scrub symbol table, 0.0088537 secs]2020-05-19T14:58:34.222+0000: 15671.159: [scrub string table, 0.0005939 secs][1 CMS-remark: 208543K(393216K)] 230367K(502464K), 0.0413688 secs] [Times: user=0.08 sys=0.00, real=0.04 secs] 
2020-05-19T14:58:34.223+0000: 15671.160: Total time for which application threads were stopped: 0.0415289 seconds, Stopping threads took: 0.0000550 seconds
2020-05-19T14:58:34.223+0000: 15671.160: [CMS-concurrent-sweep-start]
2020-05-19T14:58:34.224+0000: 15671.161: Total time for which application threads were stopped: 0.0002474 seconds, Stopping threads took: 0.0000587 seconds
2020-05-19T14:58:34.224+0000: 15671.161: Total time for which application threads were stopped: 0.0001437 seconds, Stopping threads took: 0.0000133 seconds
2020-05-19T14:58:34.280+0000: 15671.216: [CMS-concurrent-sweep: 0.056/0.057 secs] [Times: user=0.16 sys=0.00, real=0.06 secs] 
2020-05-19T14:58:34.280+0000: 15671.217: [CMS-concurrent-reset-start]
2020-05-19T14:58:34.280+0000: 15671.217: [CMS-concurrent-reset: 0.000/0.000 secs] [Times: user=0.00 sys=0.00, real=0.00 secs] 
2020-05-19T14:58:35.052+0000: 15671.989: Total time for which application threads were stopped: 0.0001280 seconds, Stopping threads took: 0.0000587 seconds
2020-05-19T14:58:35.052+0000: 15671.989: Total time for which application threads were stopped: 0.0000963 seconds, Stopping threads took: 0.0000484 seconds
2020-05-19T14:58:35.052+0000: 15671.989: Total time for which application threads were stopped: 0.0000425 seconds, Stopping threads took: 0.0000137 seconds
2020-05-19T14:58:35.054+0000: 15671.990: Total time for which application threads were stopped: 0.0001805 seconds, Stopping threads took: 0.0001073 seconds
2020-05-19T14:58:35.054+0000: 15671.990: Total time for which application threads were stopped: 0.0000940 seconds, Stopping threads took: 0.0000413 seconds
2020-05-19T14:58:35.054+0000: 15671.991: Total time for which application threads were stopped: 0.0000740 seconds, Stopping threads took: 0.0000358 seconds
2020-05-19T14:58:35.054+0000: 15671.991: Total time for which application threads were stopped: 0.0000733 seconds, Stopping threads took: 0.0000352 seconds
2020-05-19T14:58:40.228+0000: 15677.165: Total time for which application threads were stopped: 0.0001758 seconds, Stopping threads took: 0.0001073 seconds
2020-05-19T14:58:40.231+0000: 15677.168: Total time for which application threads were stopped: 0.0001730 seconds, Stopping threads took: 0.0000822 seconds
2020-05-19T14:58:40.233+0000: 15677.170: Total time for which application threads were stopped: 0.0002802 seconds, Stopping threads took: 0.0001851 seconds
{Heap before GC invocations=499 (full 29):
 par new generation   total 109248K, used 109248K [0x00000000e0000000, 0x00000000e8000000, 0x00000000e8000000)
  eden space 87424K, 100% used [0x00000000e0000000, 0x00000000e5560000, 0x00000000e5560000)
  from space 21824K, 100% used [0x00000000e6ab0000, 0x00000000e8000000, 0x00000000e8000000)
  to   space 21824K,   0% used [0x00000000e5560000, 0x00000000e5560000, 0x00000000e6ab0000)
 concurrent mark-sweep generation total 393216K, used 89144K [0x00000000e8000000, 0x0000000100000000, 0x0000000100000000)
 Metaspace       used 57768K, capacity 59516K, committed 59668K, reserved 1101824K
  class space    used 6571K, capacity 6957K, committed 6976K, reserved 1048576K
2020-05-19T14:58:40.331+0000: 15677.268: [GC (Allocation Failure) 2020-05-19T14:58:40.331+0000: 15677.268: [ParNew
Desired survivor size 20112992 bytes, new threshold 7 (max 8)
- age   1:    7412704 bytes,    7412704 total
- age   2:        280 bytes,    7412984 total
- age   3:    3312752 bytes,   10725736 total
- age   4:    1462392 bytes,   12188128 total
- age   5:    4674152 bytes,   16862280 total
- age   6:    2007352 bytes,   18869632 total
- age   7:    3394264 bytes,   22263896 total
: 109248K->21824K(109248K), 0.0152471 secs] 198392K->114619K(502464K), 0.0153057 secs] [Times: user=0.06 sys=0.00, real=0.01 secs] 
Heap after GC invocations=500 (full 29):
 par new generation   total 109248K, used 21824K [0x00000000e0000000, 0x00000000e8000000, 0x00000000e8000000)
  eden space 87424K,   0% used [0x00000000e0000000, 0x00000000e0000000, 0x00000000e5560000)
  from space 21824K, 100% used [0x00000000e5560000, 0x00000000e6ab0000, 0x00000000e6ab0000)
  to   space 21824K,   0% used [0x00000000e6ab0000, 0x00000000e6ab0000, 0x00000000e8000000)
 concurrent mark-sweep generation total 393216K, used 92795K [0x00000000e8000000, 0x0000000100000000, 0x0000000100000000)
 Metaspace       used 57768K, capacity 59516K, committed 59668K, reserved 1101824K
  class space    used 6571K, capacity 6957K, committed 6976K, reserved 1048576K
}
2020-05-19T14:58:40.346+0000: 15677.283: Total time for which application threads were stopped: 0.0155955 seconds, Stopping threads took: 0.0000902 seconds
2020-05-19T14:58:40.351+0000: 15677.288: Total time for which application threads were stopped: 0.0001528 seconds, Stopping threads took: 0.0000581 seconds
{Heap before GC invocations=500 (full 29):
 par new generation   total 109248K, used 109248K [0x00000000e0000000, 0x00000000e8000000, 0x00000000e8000000)
  eden space 87424K, 100% used [0x00000000e0000000, 0x00000000e5560000, 0x00000000e5560000)
  from space 21824K, 100% used [0x00000000e5560000, 0x00000000e6ab0000, 0x00000000e6ab0000)
  to   space 21824K,   0% used [0x00000000e6ab0000, 0x00000000e6ab0000, 0x00000000e8000000)
 concurrent mark-sweep generation total 393216K, used 92795K [0x00000000e8000000, 0x0000000100000000, 0x0000000100000000)
 Metaspace       used 57768K, capacity 59516K, committed 59668K, reserved 1101824K
  class space    used 6571K, capacity 6957K, committed 6976K, reserved 1048576K
2020-05-19T14:58:40.434+0000: 15677.370: [GC (Allocation Failure) 2020-05-19T14:58:40.434+0000: 15677.370: [ParNew
Desired survivor size 20112992 bytes, new threshold 7 (max 8)
- age   1:    4405272 bytes,    4405272 total
- age   2:    6187944 bytes,   10593216 total
- age   3:        240 bytes,   10593456 total
- age   4:    3312544 bytes,   13906000 total
- age   5:    1462392 bytes,   15368392 total
- age   6:    4674112 bytes,   20042504 total
- age   7:    2007272 bytes,   22049776 total
: 109248K->21824K(109248K), 0.0184152 secs] 202043K->126211K(502464K), 0.0184816 secs] [Times: user=0.06 sys=0.00, real=0.02 secs] 
Heap after GC invocations=501 (full 29):
 par new generation   total 109248K, used 21824K [0x00000000e0000000, 0x00000000e8000000, 0x00000000e8000000)
  eden space 87424K,   0% used [0x00000000e0000000, 0x00000000e0000000, 0x00000000e5560000)
  from space 21824K, 100% used [0x00000000e6ab0000, 0x00000000e8000000, 0x00000000e8000000)
  to   space 21824K,   0% used [0x00000000e5560000, 0x00000000e5560000, 0x00000000e6ab0000)
 concurrent mark-sweep generation total 393216K, used 104387K [0x00000000e8000000, 0x0000000100000000, 0x0000000100000000)
 Metaspace       used 57768K, capacity 59516K, committed 59668K, reserved 1101824K
  class space    used 6571K, capacity 6957K, committed 6976K, reserved 1048576K
}
2020-05-19T14:58:40.452+0000: 15677.389: Total time for which application threads were stopped: 0.0187115 seconds, Stopping threads took: 0.0000531 seconds
{Heap before GC invocations=501 (full 29):
 par new generation   total 109248K, used 109248K [0x00000000e0000000, 0x00000000e8000000, 0x00000000e8000000)
  eden space 87424K, 100% used [0x00000000e0000000, 0x00000000e5560000, 0x00000000e5560000)
  from space 21824K, 100% used [0x00000000e6ab0000, 0x00000000e8000000, 0x00000000e8000000)
  to   space 21824K,   0% used [0x00000000e5560000, 0x00000000e5560000, 0x00000000e6ab0000)
 concurrent mark-sweep generation total 393216K, used 104387K [0x00000000e8000000, 0x0000000100000000, 0x0000000100000000)
 Metaspace       used 57768K, capacity 59516K, committed 59668K, reserved 1101824K
  class space    used 6571K, capacity 6957K, committed 6976K, reserved 1048576K
2020-05-19T14:58:40.523+0000: 15677.460: [GC (Allocation Failure) 2020-05-19T14:58:40.523+0000: 15677.460: [ParNew
Desired survivor size 20112992 bytes, new threshold 7 (max 8)
- age   1:    4298312 bytes,    4298312 total
- age   2:    2606096 bytes,    6904408 total
- age   3:    6135200 bytes,   13039608 total
- age   4:        240 bytes,   13039848 total
- age   5:    3238712 bytes,   16278560 total
- age   6:    1454680 bytes,   17733240 total
- age   7:    4588736 bytes,   22321976 total
: 109248K->21824K(109248K), 0.0174904 secs] 213635K->134987K(502464K), 0.0175605 secs] [Times: user=0.06 sys=0.00, real=0.02 secs] 
Heap after GC invocations=502 (full 29):
 par new generation   total 109248K, used 21824K [0x00000000e0000000, 0x00000000e8000000, 0x00000000e8000000)
  eden space 87424K,   0% used [0x00000000e0000000, 0x00000000e0000000, 0x00000000e5560000)
  from space 21824K, 100% used [0x00000000e5560000, 0x00000000e6ab0000, 0x00000000e6ab0000)
  to   space 21824K,   0% used [0x00000000e6ab0000, 0x00000000e6ab0000, 0x00000000e8000000)
 concurrent mark-sweep generation total 393216K, used 113163K [0x00000000e8000000, 0x0000000100000000, 0x0000000100000000)
 Metaspace       used 57768K, capacity 59516K, committed 59668K, reserved 1101824K
  class space    used 6571K, capacity 6957K, committed 6976K, reserved 1048576K
}
2020-05-19T14:58:40.541+0000: 15677.478: Total time for which application threads were stopped: 0.0178381 seconds, Stopping threads took: 0.0000964 seconds
2020-05-19T14:58:41.297+0000: 15678.234: Total time for which application threads were stopped: 0.0001594 seconds, Stopping threads took: 0.0000744 seconds
2020-05-19T14:58:41.297+0000: 15678.234: Total time for which application threads were stopped: 0.0001008 seconds, Stopping threads took: 0.0000331 seconds
2020-05-19T14:58:41.297+0000: 15678.234: Total time for which application threads were stopped: 0.0000778 seconds, Stopping threads took: 0.0000318 seconds
2020-05-19T14:58:41.297+0000: 15678.234: Total time for which application threads were stopped: 0.0000775 seconds, Stopping threads took: 0.0000323 seconds
2020-05-19T14:58:41.297+0000: 15678.235: Total time for which application threads were stopped: 0.0000759 seconds, Stopping threads took: 0.0000331 seconds
2020-05-19T14:58:54.049+0000: 15690.985: Total time for which application threads were stopped: 0.0001787 seconds, Stopping threads took: 0.0001088 seconds
2020-05-19T14:58:54.061+0000: 15690.997: Total time for which application threads were stopped: 0.0001590 seconds, Stopping threads took: 0.0000615 seconds
2020-05-19T14:58:54.062+0000: 15690.999: Total time for which application threads were stopped: 0.0001701 seconds, Stopping threads took: 0.0000743 seconds
{Heap before GC invocations=502 (full 29):
 par new generation   total 109248K, used 109248K [0x00000000e0000000, 0x00000000e8000000, 0x00000000e8000000)
  eden space 87424K, 100% used [0x00000000e0000000, 0x00000000e5560000, 0x00000000e5560000)
  from space 21824K, 100% used [0x00000000e5560000, 0x00000000e6ab0000, 0x00000000e6ab0000)
  to   space 21824K,   0% used [0x00000000e6ab0000, 0x00000000e6ab0000, 0x00000000e8000000)
 concurrent mark-sweep generation total 393216K, used 113163K [0x00000000e8000000, 0x0000000100000000, 0x0000000100000000)
 Metaspace       used 57772K, capacity 59516K, committed 59668K, reserved 1101824K
  class space    used 6571K, capacity 6957K, committed 6976K, reserved 1048576K
2020-05-19T14:58:54.126+0000: 15691.062: [GC (Allocation Failure) 2020-05-19T14:58:54.126+0000: 15691.062: [ParNew
Desired survivor size 20112992 bytes, new threshold 6 (max 8)
- age   1:    6116976 bytes,    6116976 total
- age   2:    3702632 bytes,    9819608 total
- age   3:    2283112 bytes,   12102720 total
- age   4:    5598344 bytes,   17701064 total
- age   5:        240 bytes,   17701304 total
- age   6:    3150896 bytes,   20852200 total
- age   7:    1444960 bytes,   22297160 total
: 109248K->21824K(109248K), 0.0223887 secs] 222411K->145743K(502464K), 0.0224557 secs] [Times: user=0.06 sys=0.00, real=0.02 secs] 
Heap after GC invocations=503 (full 29):
 par new generation   total 109248K, used 21824K [0x00000000e0000000, 0x00000000e8000000, 0x00000000e8000000)
  eden space 87424K,   0% used [0x00000000e0000000, 0x00000000e0000000, 0x00000000e5560000)
  from space 21824K, 100% used [0x00000000e6ab0000, 0x00000000e8000000, 0x00000000e8000000)
  to   space 21824K,   0% used [0x00000000e5560000, 0x00000000e5560000, 0x00000000e6ab0000)
 concurrent mark-sweep generation total 393216K, used 123919K [0x00000000e8000000, 0x0000000100000000, 0x0000000100000000)
 Metaspace       used 57772K, capacity 59516K, committed 59668K, reserved 1101824K
  class space    used 6571K, capacity 6957K, committed 6976K, reserved 1048576K
}
2020-05-19T14:58:54.148+0000: 15691.085: Total time for which application threads were stopped: 0.0227298 seconds, Stopping threads took: 0.0000916 seconds
2020-05-19T14:58:54.186+0000: 15691.123: Total time for which application threads were stopped: 0.0001884 seconds, Stopping threads took: 0.0000896 seconds
{Heap before GC invocations=503 (full 29):
 par new generation   total 109248K, used 109248K [0x00000000e0000000, 0x00000000e8000000, 0x00000000e8000000)
  eden space 87424K, 100% used [0x00000000e0000000, 0x00000000e5560000, 0x00000000e5560000)
  from space 21824K, 100% used [0x00000000e6ab0000, 0x00000000e8000000, 0x00000000e8000000)
  to   space 21824K,   0% used [0x00000000e5560000, 0x00000000e5560000, 0x00000000e6ab0000)
 concurrent mark-sweep generation total 393216K, used 123919K [0x00000000e8000000, 0x0000000100000000, 0x0000000100000000)
 Metaspace       used 57772K, capacity 59516K, committed 59668K, reserved 1101824K
  class space    used 6571K, capacity 6957K, committed 6976K, reserved 1048576K
2020-05-19T14:58:54.241+0000: 15691.178: [GC (Allocation Failure) 2020-05-19T14:58:54.241+0000: 15691.178: [ParNew
Desired survivor size 20112992 bytes, new threshold 8 (max 8)
- age   1:    4908352 bytes,    4908352 total
- age   2:    2775696 bytes,    7684048 total
- age   3:    3696824 bytes,   11380872 total
- age   4:    1887608 bytes,   13268480 total
- age   5:    5587856 bytes,   18856336 total
- age   6:        240 bytes,   18856576 total
: 109248K->21824K(109248K), 0.0144176 secs] 233167K->155042K(502464K), 0.0144886 secs] [Times: user=0.06 sys=0.00, real=0.01 secs] 
Heap after GC invocations=504 (full 29):
 par new generation   total 109248K, used 21824K [0x00000000e0000000, 0x00000000e8000000, 0x00000000e8000000)
  eden space 87424K,   0% used [0x00000000e0000000, 0x00000000e0000000, 0x00000000e5560000)
  from space 21824K, 100% used [0x00000000e5560000, 0x00000000e6ab0000, 0x00000000e6ab0000)
  to   space 21824K,   0% used [0x00000000e6ab0000, 0x00000000e6ab0000, 0x00000000e8000000)
 concurrent mark-sweep generation total 393216K, used 133218K [0x00000000e8000000, 0x0000000100000000, 0x0000000100000000)
 Metaspace       used 57772K, capacity 59516K, committed 59668K, reserved 1101824K
  class space    used 6571K, capacity 6957K, committed 6976K, reserved 1048576K
}
2020-05-19T14:58:54.256+0000: 15691.193: Total time for which application threads were stopped: 0.0147655 seconds, Stopping threads took: 0.0000952 seconds
{Heap before GC invocations=504 (full 29):
 par new generation   total 109248K, used 109248K [0x00000000e0000000, 0x00000000e8000000, 0x00000000e8000000)
  eden space 87424K, 100% used [0x00000000e0000000, 0x00000000e5560000, 0x00000000e5560000)
  from space 21824K, 100% used [0x00000000e5560000, 0x00000000e6ab0000, 0x00000000e6ab0000)
  to   space 21824K,   0% used [0x00000000e6ab0000, 0x00000000e6ab0000, 0x00000000e8000000)
 concurrent mark-sweep generation total 393216K, used 133218K [0x00000000e8000000, 0x0000000100000000, 0x0000000100000000)
 Metaspace       used 57772K, capacity 59516K, committed 59668K, reserved 1101824K
  class space    used 6571K, capacity 6957K, committed 6976K, reserved 1048576K
2020-05-19T14:58:54.334+0000: 15691.271: [GC (Allocation Failure) 2020-05-19T14:58:54.334+0000: 15691.271: [ParNew
Desired survivor size 20112992 bytes, new threshold 6 (max 8)
- age   1:    3929968 bytes,    3929968 total
- age   2:    4238640 bytes,    8168608 total
- age   3:    2775536 bytes,   10944144 total
- age   4:    3696824 bytes,   14640968 total
- age   5:    1887552 bytes,   16528520 total
- age   6:    5587856 bytes,   22116376 total
- age   7:        240 bytes,   22116616 total
: 109248K->21824K(109248K), 0.0144468 secs] 242466K->162400K(502464K), 0.0145100 secs] [Times: user=0.06 sys=0.00, real=0.01 secs] 
Heap after GC invocations=505 (full 29):
 par new generation   total 109248K, used 21824K [0x00000000e0000000, 0x00000000e8000000, 0x00000000e8000000)
  eden space 87424K,   0% used [0x00000000e0000000, 0x00000000e0000000, 0x00000000e5560000)
  from space 21824K, 100% used [0x00000000e6ab0000, 0x00000000e8000000, 0x00000000e8000000)
  to   space 21824K,   0% used [0x00000000e5560000, 0x00000000e5560000, 0x00000000e6ab0000)
 concurrent mark-sweep generation total 393216K, used 140576K [0x00000000e8000000, 0x0000000100000000, 0x0000000100000000)
 Metaspace       used 57772K, capacity 59516K, committed 59668K, reserved 1101824K
  class space    used 6571K, capacity 6957K, committed 6976K, reserved 1048576K
}
2020-05-19T14:58:54.348+0000: 15691.285: Total time for which application threads were stopped: 0.0147435 seconds, Stopping threads took: 0.0000564 seconds
2020-05-19T14:58:55.017+0000: 15691.954: Total time for which application threads were stopped: 0.0002807 seconds, Stopping threads took: 0.0000741 seconds
2020-05-19T14:58:55.018+0000: 15691.955: Total time for which application threads were stopped: 0.0001000 seconds, Stopping threads took: 0.0000445 seconds
2020-05-19T14:58:55.018+0000: 15691.955: Total time for which application threads were stopped: 0.0000810 seconds, Stopping threads took: 0.0000330 seconds
2020-05-19T14:58:55.018+0000: 15691.955: Total time for which application threads were stopped: 0.0000794 seconds, Stopping threads took: 0.0000329 seconds
2020-05-19T14:58:55.018+0000: 15691.955: Total time for which application threads were stopped: 0.0001836 seconds, Stopping threads took: 0.0000332 seconds
2020-05-19T14:58:57.849+0000: 15694.786: Total time for which application threads were stopped: 0.0003071 seconds, Stopping threads took: 0.0002280 seconds
2020-05-19T14:58:57.851+0000: 15694.788: Total time for which application threads were stopped: 0.0002117 seconds, Stopping threads took: 0.0000834 seconds
{Heap before GC invocations=505 (full 29):
 par new generation   total 109248K, used 109248K [0x00000000e0000000, 0x00000000e8000000, 0x00000000e8000000)
  eden space 87424K, 100% used [0x00000000e0000000, 0x00000000e5560000, 0x00000000e5560000)
  from space 21824K, 100% used [0x00000000e6ab0000, 0x00000000e8000000, 0x00000000e8000000)
  to   space 21824K,   0% used [0x00000000e5560000, 0x00000000e5560000, 0x00000000e6ab0000)
 concurrent mark-sweep generation total 393216K, used 140576K [0x00000000e8000000, 0x0000000100000000, 0x0000000100000000)
 Metaspace       used 57772K, capacity 59516K, committed 59668K, reserved 1101824K
  class space    used 6571K, capacity 6957K, committed 6976K, reserved 1048576K
2020-05-19T14:58:57.887+0000: 15694.825: [GC (Allocation Failure) 2020-05-19T14:58:57.887+0000: 15694.825: [ParNew
Desired survivor size 20112992 bytes, new threshold 8 (max 8)
- age   1:    4680520 bytes,    4680520 total
- age   2:    2854960 bytes,    7535480 total
- age   3:    3982160 bytes,   11517640 total
- age   4:    2488872 bytes,   14006512 total
- age   5:    3696824 bytes,   17703336 total
- age   6:    1887552 bytes,   19590888 total
: 109248K->21824K(109248K), 0.0149167 secs] 249824K->170544K(502464K), 0.0149832 secs] [Times: user=0.06 sys=0.00, real=0.02 secs] 
Heap after GC invocations=506 (full 29):
 par new generation   total 109248K, used 21824K [0x00000000e0000000, 0x00000000e8000000, 0x00000000e8000000)
  eden space 87424K,   0% used [0x00000000e0000000, 0x00000000e0000000, 0x00000000e5560000)
  from space 21824K, 100% used [0x00000000e5560000, 0x00000000e6ab0000, 0x00000000e6ab0000)
  to   space 21824K,   0% used [0x00000000e6ab0000, 0x00000000e6ab0000, 0x00000000e8000000)
 concurrent mark-sweep generation total 393216K, used 148720K [0x00000000e8000000, 0x0000000100000000, 0x0000000100000000)
 Metaspace       used 57772K, capacity 59516K, committed 59668K, reserved 1101824K
  class space    used 6571K, capacity 6957K, committed 6976K, reserved 1048576K
}
2020-05-19T14:58:57.903+0000: 15694.840: Total time for which application threads were stopped: 0.0152397 seconds, Stopping threads took: 0.0000855 seconds
2020-05-19T14:58:57.972+0000: 15694.909: Total time for which application threads were stopped: 0.0001430 seconds, Stopping threads took: 0.0000508 seconds
{Heap before GC invocations=506 (full 29):
 par new generation   total 109248K, used 109248K [0x00000000e0000000, 0x00000000e8000000, 0x00000000e8000000)
  eden space 87424K, 100% used [0x00000000e0000000, 0x00000000e5560000, 0x00000000e5560000)
  from space 21824K, 100% used [0x00000000e5560000, 0x00000000e6ab0000, 0x00000000e6ab0000)
  to   space 21824K,   0% used [0x00000000e6ab0000, 0x00000000e6ab0000, 0x00000000e8000000)
 concurrent mark-sweep generation total 393216K, used 148720K [0x00000000e8000000, 0x0000000100000000, 0x0000000100000000)
 Metaspace       used 57772K, capacity 59516K, committed 59668K, reserved 1101824K
  class space    used 6571K, capacity 6957K, committed 6976K, reserved 1048576K
2020-05-19T14:58:57.987+0000: 15694.924: [GC (Allocation Failure) 2020-05-19T14:58:57.987+0000: 15694.924: [ParNew
Desired survivor size 20112992 bytes, new threshold 6 (max 8)
- age   1:    5503856 bytes,    5503856 total
- age   2:    2808200 bytes,    8312056 total
- age   3:    2854600 bytes,   11166656 total
- age   4:    3980216 bytes,   15146872 total
- age   5:    2340344 bytes,   17487216 total
- age   6:    2943968 bytes,   20431184 total
- age   7:    1880592 bytes,   22311776 total
: 109248K->21824K(109248K), 0.0165880 secs] 257968K->176364K(502464K), 0.0166591 secs] [Times: user=0.06 sys=0.00, real=0.02 secs] 
Heap after GC invocations=507 (full 29):
 par new generation   total 109248K, used 21824K [0x00000000e0000000, 0x00000000e8000000, 0x00000000e8000000)
  eden space 87424K,   0% used [0x00000000e0000000, 0x00000000e0000000, 0x00000000e5560000)
  from space 21824K, 100% used [0x00000000e6ab0000, 0x00000000e8000000, 0x00000000e8000000)
  to   space 21824K,   0% used [0x00000000e5560000, 0x00000000e5560000, 0x00000000e6ab0000)
 concurrent mark-sweep generation total 393216K, used 154540K [0x00000000e8000000, 0x0000000100000000, 0x0000000100000000)
 Metaspace       used 57772K, capacity 59516K, committed 59668K, reserved 1101824K
  class space    used 6571K, capacity 6957K, committed 6976K, reserved 1048576K
}
2020-05-19T14:58:58.004+0000: 15694.941: Total time for which application threads were stopped: 0.0168929 seconds, Stopping threads took: 0.0000604 seconds
2020-05-19T14:58:58.004+0000: 15694.941: Total time for which application threads were stopped: 0.0002217 seconds, Stopping threads took: 0.0001202 seconds
2020-05-19T14:58:58.004+0000: 15694.941: Total time for which application threads were stopped: 0.0000976 seconds, Stopping threads took: 0.0000349 seconds
{Heap before GC invocations=507 (full 29):
 par new generation   total 109248K, used 109248K [0x00000000e0000000, 0x00000000e8000000, 0x00000000e8000000)
  eden space 87424K, 100% used [0x00000000e0000000, 0x00000000e5560000, 0x00000000e5560000)
  from space 21824K, 100% used [0x00000000e6ab0000, 0x00000000e8000000, 0x00000000e8000000)
  to   space 21824K,   0% used [0x00000000e5560000, 0x00000000e5560000, 0x00000000e6ab0000)
 concurrent mark-sweep generation total 393216K, used 154540K [0x00000000e8000000, 0x0000000100000000, 0x0000000100000000)
 Metaspace       used 57772K, capacity 59516K, committed 59668K, reserved 1101824K
  class space    used 6571K, capacity 6957K, committed 6976K, reserved 1048576K
2020-05-19T14:58:58.085+0000: 15695.022: [GC (Allocation Failure) 2020-05-19T14:58:58.085+0000: 15695.022: [ParNew
Desired survivor size 20112992 bytes, new threshold 6 (max 8)
- age   1:    4986760 bytes,    4986760 total
- age   2:    3837160 bytes,    8823920 total
- age   3:    2807280 bytes,   11631200 total
- age   4:    2854600 bytes,   14485800 total
- age   5:    3980216 bytes,   18466016 total
- age   6:    2340200 bytes,   20806216 total
: 109248K->21824K(109248K), 0.0157096 secs] 263788K->186257K(502464K), 0.0157803 secs] [Times: user=0.06 sys=0.00, real=0.02 secs] 
Heap after GC invocations=508 (full 29):
 par new generation   total 109248K, used 21824K [0x00000000e0000000, 0x00000000e8000000, 0x00000000e8000000)
  eden space 87424K,   0% used [0x00000000e0000000, 0x00000000e0000000, 0x00000000e5560000)
  from space 21824K, 100% used [0x00000000e5560000, 0x00000000e6ab0000, 0x00000000e6ab0000)
  to   space 21824K,   0% used [0x00000000e6ab0000, 0x00000000e6ab0000, 0x00000000e8000000)
 concurrent mark-sweep generation total 393216K, used 164433K [0x00000000e8000000, 0x0000000100000000, 0x0000000100000000)
 Metaspace       used 57772K, capacity 59516K, committed 59668K, reserved 1101824K
  class space    used 6571K, capacity 6957K, committed 6976K, reserved 1048576K
}
2020-05-19T14:58:58.101+0000: 15695.038: Total time for which application threads were stopped: 0.0160169 seconds, Stopping threads took: 0.0000604 seconds
{Heap before GC invocations=508 (full 29):
 par new generation   total 109248K, used 109248K [0x00000000e0000000, 0x00000000e8000000, 0x00000000e8000000)
  eden space 87424K, 100% used [0x00000000e0000000, 0x00000000e5560000, 0x00000000e5560000)
  from space 21824K, 100% used [0x00000000e5560000, 0x00000000e6ab0000, 0x00000000e6ab0000)
  to   space 21824K,   0% used [0x00000000e6ab0000, 0x00000000e6ab0000, 0x00000000e8000000)
 concurrent mark-sweep generation total 393216K, used 164433K [0x00000000e8000000, 0x0000000100000000, 0x0000000100000000)
 Metaspace       used 57772K, capacity 59516K, committed 59668K, reserved 1101824K
  class space    used 6571K, capacity 6957K, committed 6976K, reserved 1048576K
2020-05-19T14:58:58.185+0000: 15695.122: [GC (Allocation Failure) 2020-05-19T14:58:58.185+0000: 15695.122: [ParNew
Desired survivor size 20112992 bytes, new threshold 6 (max 8)
- age   1:    6006128 bytes,    6006128 total
- age   2:    2513608 bytes,    8519736 total
- age   3:    3780712 bytes,   12300448 total
- age   4:    2807120 bytes,   15107568 total
- age   5:    2854600 bytes,   17962168 total
- age   6:    3980216 bytes,   21942384 total
: 109248K->21824K(109248K), 0.0150646 secs] 273681K->192669K(502464K), 0.0151285 secs] [Times: user=0.06 sys=0.00, real=0.02 secs] 
Heap after GC invocations=509 (full 29):
 par new generation   total 109248K, used 21824K [0x00000000e0000000, 0x00000000e8000000, 0x00000000e8000000)
  eden space 87424K,   0% used [0x00000000e0000000, 0x00000000e0000000, 0x00000000e5560000)
  from space 21824K, 100% used [0x00000000e6ab0000, 0x00000000e8000000, 0x00000000e8000000)
  to   space 21824K,   0% used [0x00000000e5560000, 0x00000000e5560000, 0x00000000e6ab0000)
 concurrent mark-sweep generation total 393216K, used 170845K [0x00000000e8000000, 0x0000000100000000, 0x0000000100000000)
 Metaspace       used 57772K, capacity 59516K, committed 59668K, reserved 1101824K
  class space    used 6571K, capacity 6957K, committed 6976K, reserved 1048576K
}
2020-05-19T14:58:58.201+0000: 15695.137: Total time for which application threads were stopped: 0.0153733 seconds, Stopping threads took: 0.0000586 seconds
2020-05-19T14:58:59.302+0000: 15696.239: Total time for which application threads were stopped: 0.0001355 seconds, Stopping threads took: 0.0000536 seconds
2020-05-19T14:59:01.531+0000: 15698.468: Total time for which application threads were stopped: 0.0002493 seconds, Stopping threads took: 0.0001718 seconds
2020-05-19T14:59:01.534+0000: 15698.471: Total time for which application threads were stopped: 0.0001967 seconds, Stopping threads took: 0.0000986 seconds
{Heap before GC invocations=509 (full 29):
 par new generation   total 109248K, used 109248K [0x00000000e0000000, 0x00000000e8000000, 0x00000000e8000000)
  eden space 87424K, 100% used [0x00000000e0000000, 0x00000000e5560000, 0x00000000e5560000)
  from space 21824K, 100% used [0x00000000e6ab0000, 0x00000000e8000000, 0x00000000e8000000)
  to   space 21824K,   0% used [0x00000000e5560000, 0x00000000e5560000, 0x00000000e6ab0000)
 concurrent mark-sweep generation total 393216K, used 170845K [0x00000000e8000000, 0x0000000100000000, 0x0000000100000000)
 Metaspace       used 57773K, capacity 59516K, committed 59668K, reserved 1101824K
  class space    used 6571K, capacity 6957K, committed 6976K, reserved 1048576K
2020-05-19T14:59:01.622+0000: 15698.559: [GC (Allocation Failure) 2020-05-19T14:59:01.622+0000: 15698.559: [ParNew
Desired survivor size 20112992 bytes, new threshold 6 (max 8)
- age   1:    4533120 bytes,    4533120 total
- age   2:    4623336 bytes,    9156456 total
- age   3:    2457744 bytes,   11614200 total
- age   4:    3284392 bytes,   14898592 total
- age   5:    2639184 bytes,   17537776 total
- age   6:    2739944 bytes,   20277720 total
: 109248K->21824K(109248K), 0.0184486 secs] 280093K->203229K(502464K), 0.0185240 secs] [Times: user=0.06 sys=0.00, real=0.02 secs] 
Heap after GC invocations=510 (full 29):
 par new generation   total 109248K, used 21824K [0x00000000e0000000, 0x00000000e8000000, 0x00000000e8000000)
  eden space 87424K,   0% used [0x00000000e0000000, 0x00000000e0000000, 0x00000000e5560000)
  from space 21824K, 100% used [0x00000000e5560000, 0x00000000e6ab0000, 0x00000000e6ab0000)
  to   space 21824K,   0% used [0x00000000e6ab0000, 0x00000000e6ab0000, 0x00000000e8000000)
 concurrent mark-sweep generation total 393216K, used 181405K [0x00000000e8000000, 0x0000000100000000, 0x0000000100000000)
 Metaspace       used 57773K, capacity 59516K, committed 59668K, reserved 1101824K
  class space    used 6571K, capacity 6957K, committed 6976K, reserved 1048576K
}
2020-05-19T14:59:01.641+0000: 15698.577: Total time for which application threads were stopped: 0.0188020 seconds, Stopping threads took: 0.0000931 seconds
2020-05-19T14:59:01.656+0000: 15698.592: Total time for which application threads were stopped: 0.0001378 seconds, Stopping threads took: 0.0000479 seconds
{Heap before GC invocations=510 (full 29):
 par new generation   total 109248K, used 109248K [0x00000000e0000000, 0x00000000e8000000, 0x00000000e8000000)
  eden space 87424K, 100% used [0x00000000e0000000, 0x00000000e5560000, 0x00000000e5560000)
  from space 21824K, 100% used [0x00000000e5560000, 0x00000000e6ab0000, 0x00000000e6ab0000)
  to   space 21824K,   0% used [0x00000000e6ab0000, 0x00000000e6ab0000, 0x00000000e8000000)
 concurrent mark-sweep generation total 393216K, used 181405K [0x00000000e8000000, 0x0000000100000000, 0x0000000100000000)
 Metaspace       used 57773K, capacity 59516K, committed 59668K, reserved 1101824K
  class space    used 6571K, capacity 6957K, committed 6976K, reserved 1048576K
2020-05-19T14:59:01.746+0000: 15698.683: [GC (Allocation Failure) 2020-05-19T14:59:01.746+0000: 15698.683: [ParNew
Desired survivor size 20112992 bytes, new threshold 6 (max 8)
- age   1:    3717232 bytes,    3717232 total
- age   2:    3832856 bytes,    7550088 total
- age   3:    4623264 bytes,   12173352 total
- age   4:    2457744 bytes,   14631096 total
- age   5:    3284288 bytes,   17915384 total
- age   6:    2638960 bytes,   20554344 total
: 109248K->21824K(109248K), 0.0167142 secs] 290653K->212796K(502464K), 0.0167824 secs] [Times: user=0.06 sys=0.00, real=0.02 secs] 
Heap after GC invocations=511 (full 29):
 par new generation   total 109248K, used 21824K [0x00000000e0000000, 0x00000000e8000000, 0x00000000e8000000)
  eden space 87424K,   0% used [0x00000000e0000000, 0x00000000e0000000, 0x00000000e5560000)
  from space 21824K, 100% used [0x00000000e6ab0000, 0x00000000e8000000, 0x00000000e8000000)
  to   space 21824K,   0% used [0x00000000e5560000, 0x00000000e5560000, 0x00000000e6ab0000)
 concurrent mark-sweep generation total 393216K, used 190972K [0x00000000e8000000, 0x0000000100000000, 0x0000000100000000)
 Metaspace       used 57773K, capacity 59516K, committed 59668K, reserved 1101824K
  class space    used 6571K, capacity 6957K, committed 6976K, reserved 1048576K
}
2020-05-19T14:59:01.763+0000: 15698.700: Total time for which application threads were stopped: 0.0170183 seconds, Stopping threads took: 0.0000598 seconds
{Heap before GC invocations=511 (full 29):
 par new generation   total 109248K, used 109248K [0x00000000e0000000, 0x00000000e8000000, 0x00000000e8000000)
  eden space 87424K, 100% used [0x00000000e0000000, 0x00000000e5560000, 0x00000000e5560000)
  from space 21824K, 100% used [0x00000000e6ab0000, 0x00000000e8000000, 0x00000000e8000000)
  to   space 21824K,   0% used [0x00000000e5560000, 0x00000000e5560000, 0x00000000e6ab0000)
 concurrent mark-sweep generation total 393216K, used 190972K [0x00000000e8000000, 0x0000000100000000, 0x0000000100000000)
 Metaspace       used 57773K, capacity 59516K, committed 59668K, reserved 1101824K
  class space    used 6571K, capacity 6957K, committed 6976K, reserved 1048576K
2020-05-19T14:59:01.846+0000: 15698.783: [GC (Allocation Failure) 2020-05-19T14:59:01.846+0000: 15698.783: [ParNew
Desired survivor size 20112992 bytes, new threshold 6 (max 8)
- age   1:    6248512 bytes,    6248512 total
- age   2:    1791528 bytes,    8040040 total
- age   3:    3832672 bytes,   11872712 total
- age   4:    4623264 bytes,   16495976 total
- age   5:    2457744 bytes,   18953720 total
- age   6:    3284288 bytes,   22238008 total
: 109248K->21824K(109248K), 0.0155744 secs] 300220K->219810K(502464K), 0.0156467 secs] [Times: user=0.06 sys=0.00, real=0.02 secs] 
Heap after GC invocations=512 (full 29):
 par new generation   total 109248K, used 21824K [0x00000000e0000000, 0x00000000e8000000, 0x00000000e8000000)
  eden space 87424K,   0% used [0x00000000e0000000, 0x00000000e0000000, 0x00000000e5560000)
  from space 21824K, 100% used [0x00000000e5560000, 0x00000000e6ab0000, 0x00000000e6ab0000)
  to   space 21824K,   0% used [0x00000000e6ab0000, 0x00000000e6ab0000, 0x00000000e8000000)
 concurrent mark-sweep generation total 393216K, used 197986K [0x00000000e8000000, 0x0000000100000000, 0x0000000100000000)
 Metaspace       used 57773K, capacity 59516K, committed 59668K, reserved 1101824K
  class space    used 6571K, capacity 6957K, committed 6976K, reserved 1048576K
}
2020-05-19T14:59:01.862+0000: 15698.799: Total time for which application threads were stopped: 0.0158757 seconds, Stopping threads took: 0.0000559 seconds
2020-05-19T14:59:01.862+0000: 15698.799: [GC (CMS Initial Mark) [1 CMS-initial-mark: 197986K(393216K)] 221222K(502464K), 0.0038197 secs] [Times: user=0.00 sys=0.00, real=0.00 secs] 
2020-05-19T14:59:01.866+0000: 15698.803: Total time for which application threads were stopped: 0.0039763 seconds, Stopping threads took: 0.0000563 seconds
2020-05-19T14:59:01.866+0000: 15698.803: [CMS-concurrent-mark-start]
2020-05-19T14:59:01.891+0000: 15698.828: [CMS-concurrent-mark: 0.025/0.025 secs] [Times: user=0.13 sys=0.00, real=0.03 secs] 
2020-05-19T14:59:01.891+0000: 15698.828: [CMS-concurrent-preclean-start]
2020-05-19T14:59:01.893+0000: 15698.829: [CMS-concurrent-preclean: 0.001/0.001 secs] [Times: user=0.00 sys=0.00, real=0.00 secs] 
2020-05-19T14:59:01.893+0000: 15698.830: [GC (CMS Final Remark) [YG occupancy: 23236 K (109248 K)]{Heap before GC invocations=512 (full 30):
 par new generation   total 109248K, used 23236K [0x00000000e0000000, 0x00000000e8000000, 0x00000000e8000000)
  eden space 87424K,   1% used [0x00000000e0000000, 0x00000000e01612e0, 0x00000000e5560000)
  from space 21824K, 100% used [0x00000000e5560000, 0x00000000e6ab0000, 0x00000000e6ab0000)
  to   space 21824K,   0% used [0x00000000e6ab0000, 0x00000000e6ab0000, 0x00000000e8000000)
 concurrent mark-sweep generation total 393216K, used 197986K [0x00000000e8000000, 0x0000000100000000, 0x0000000100000000)
 Metaspace       used 57773K, capacity 59516K, committed 59668K, reserved 1101824K
  class space    used 6571K, capacity 6957K, committed 6976K, reserved 1048576K
2020-05-19T14:59:01.893+0000: 15698.830: [GC (CMS Final Remark) 2020-05-19T14:59:01.893+0000: 15698.830: [ParNew
Desired survivor size 20112992 bytes, new threshold 8 (max 8)
- age   1:      77848 bytes,      77848 total
- age   2:    4822128 bytes,    4899976 total
- age   3:    1624976 bytes,    6524952 total
- age   4:    3695232 bytes,   10220184 total
- age   5:    4623264 bytes,   14843448 total
- age   6:    2428920 bytes,   17272368 total
: 23236K->21824K(109248K), 0.0118889 secs] 221222K->224695K(502464K), 0.0119372 secs] [Times: user=0.06 sys=0.00, real=0.01 secs] 
Heap after GC invocations=513 (full 30):
 par new generation   total 109248K, used 21824K [0x00000000e0000000, 0x00000000e8000000, 0x00000000e8000000)
  eden space 87424K,   0% used [0x00000000e0000000, 0x00000000e0000000, 0x00000000e5560000)
  from space 21824K, 100% used [0x00000000e6ab0000, 0x00000000e8000000, 0x00000000e8000000)
  to   space 21824K,   0% used [0x00000000e5560000, 0x00000000e5560000, 0x00000000e6ab0000)
 concurrent mark-sweep generation total 393216K, used 202871K [0x00000000e8000000, 0x0000000100000000, 0x0000000100000000)
 Metaspace       used 57773K, capacity 59516K, committed 59668K, reserved 1101824K
  class space    used 6571K, capacity 6957K, committed 6976K, reserved 1048576K
}
2020-05-19T14:59:01.905+0000: 15698.842: [Rescan (parallel) , 0.0050502 secs]2020-05-19T14:59:01.910+0000: 15698.847: [weak refs processing, 0.0054454 secs]2020-05-19T14:59:01.915+0000: 15698.852: [class unloading, 0.0104912 secs]2020-05-19T14:59:01.926+0000: 15698.863: [scrub symbol table, 0.0087066 secs]2020-05-19T14:59:01.935+0000: 15698.872: [scrub string table, 0.0006053 secs][1 CMS-remark: 202871K(393216K)] 224695K(502464K), 0.0425589 secs] [Times: user=0.14 sys=0.00, real=0.04 secs] 
2020-05-19T14:59:01.935+0000: 15698.872: Total time for which application threads were stopped: 0.0427362 seconds, Stopping threads took: 0.0000718 seconds
2020-05-19T14:59:01.936+0000: 15698.872: [CMS-concurrent-sweep-start]
2020-05-19T14:59:01.939+0000: 15698.876: Total time for which application threads were stopped: 0.0001557 seconds, Stopping threads took: 0.0000615 seconds
2020-05-19T14:59:01.939+0000: 15698.876: Total time for which application threads were stopped: 0.0001172 seconds, Stopping threads took: 0.0000473 seconds
2020-05-19T14:59:02.005+0000: 15698.942: [CMS-concurrent-sweep: 0.069/0.070 secs] [Times: user=0.20 sys=0.00, real=0.07 secs] 
2020-05-19T14:59:02.005+0000: 15698.942: [CMS-concurrent-reset-start]
2020-05-19T14:59:02.006+0000: 15698.943: [CMS-concurrent-reset: 0.001/0.001 secs] [Times: user=0.00 sys=0.00, real=0.00 secs] 
2020-05-19T14:59:02.265+0000: 15699.201: Total time for which application threads were stopped: 0.0002128 seconds, Stopping threads took: 0.0000824 seconds
2020-05-19T14:59:02.648+0000: 15699.584: Total time for which application threads were stopped: 0.0001438 seconds, Stopping threads took: 0.0000571 seconds
2020-05-19T14:59:02.648+0000: 15699.585: Total time for which application threads were stopped: 0.0001412 seconds, Stopping threads took: 0.0000500 seconds
2020-05-19T14:59:02.648+0000: 15699.585: Total time for which application threads were stopped: 0.0000863 seconds, Stopping threads took: 0.0000208 seconds
2020-05-19T14:59:02.648+0000: 15699.585: Total time for which application threads were stopped: 0.0000800 seconds, Stopping threads took: 0.0000152 seconds
2020-05-19T14:59:02.648+0000: 15699.585: Total time for which application threads were stopped: 0.0000788 seconds, Stopping threads took: 0.0000147 seconds
2020-05-19T14:59:02.836+0000: 15699.773: Total time for which application threads were stopped: 0.0001719 seconds, Stopping threads took: 0.0000748 seconds
{Heap before GC invocations=513 (full 30):
 par new generation   total 109248K, used 109248K [0x00000000e0000000, 0x00000000e8000000, 0x00000000e8000000)
  eden space 87424K, 100% used [0x00000000e0000000, 0x00000000e5560000, 0x00000000e5560000)
  from space 21824K, 100% used [0x00000000e6ab0000, 0x00000000e8000000, 0x00000000e8000000)
  to   space 21824K,   0% used [0x00000000e5560000, 0x00000000e5560000, 0x00000000e6ab0000)
 concurrent mark-sweep generation total 393216K, used 87415K [0x00000000e8000000, 0x0000000100000000, 0x0000000100000000)
 Metaspace       used 57803K, capacity 59580K, committed 59668K, reserved 1101824K
  class space    used 6571K, capacity 6957K, committed 6976K, reserved 1048576K
2020-05-19T14:59:02.898+0000: 15699.835: [GC (Allocation Failure) 2020-05-19T14:59:02.898+0000: 15699.835: [ParNew
Desired survivor size 20112992 bytes, new threshold 7 (max 8)
- age   1:    5813696 bytes,    5813696 total
- age   2:        392 bytes,    5814088 total
- age   3:    3766280 bytes,    9580368 total
- age   4:    1227888 bytes,   10808256 total
- age   5:    3636744 bytes,   14445000 total
- age   6:    4617024 bytes,   19062024 total
- age   7:    1868776 bytes,   20930800 total
: 109248K->21824K(109248K), 0.0137495 secs] 196663K->112136K(502464K), 0.0138305 secs] [Times: user=0.06 sys=0.00, real=0.01 secs] 
Heap after GC invocations=514 (full 30):
 par new generation   total 109248K, used 21824K [0x00000000e0000000, 0x00000000e8000000, 0x00000000e8000000)
  eden space 87424K,   0% used [0x00000000e0000000, 0x00000000e0000000, 0x00000000e5560000)
  from space 21824K, 100% used [0x00000000e5560000, 0x00000000e6ab0000, 0x00000000e6ab0000)
  to   space 21824K,   0% used [0x00000000e6ab0000, 0x00000000e6ab0000, 0x00000000e8000000)
 concurrent mark-sweep generation total 393216K, used 90312K [0x00000000e8000000, 0x0000000100000000, 0x0000000100000000)
 Metaspace       used 57803K, capacity 59580K, committed 59668K, reserved 1101824K
  class space    used 6571K, capacity 6957K, committed 6976K, reserved 1048576K
}
2020-05-19T14:59:02.912+0000: 15699.849: Total time for which application threads were stopped: 0.0140701 seconds, Stopping threads took: 0.0000566 seconds
2020-05-19T14:59:02.960+0000: 15699.897: Total time for which application threads were stopped: 0.0001734 seconds, Stopping threads took: 0.0000815 seconds
{Heap before GC invocations=514 (full 30):
 par new generation   total 109248K, used 109248K [0x00000000e0000000, 0x00000000e8000000, 0x00000000e8000000)
  eden space 87424K, 100% used [0x00000000e0000000, 0x00000000e5560000, 0x00000000e5560000)
  from space 21824K, 100% used [0x00000000e5560000, 0x00000000e6ab0000, 0x00000000e6ab0000)
  to   space 21824K,   0% used [0x00000000e6ab0000, 0x00000000e6ab0000, 0x00000000e8000000)
 concurrent mark-sweep generation total 393216K, used 90312K [0x00000000e8000000, 0x0000000100000000, 0x0000000100000000)
 Metaspace       used 57809K, capacity 59580K, committed 59668K, reserved 1101824K
  class space    used 6571K, capacity 6957K, committed 6976K, reserved 1048576K
2020-05-19T14:59:03.010+0000: 15699.947: [GC (Allocation Failure) 2020-05-19T14:59:03.010+0000: 15699.947: [ParNew
Desired survivor size 20112992 bytes, new threshold 8 (max 8)
- age   1:    3170456 bytes,    3170456 total
- age   2:    4009016 bytes,    7179472 total
- age   3:        288 bytes,    7179760 total
- age   4:    3315640 bytes,   10495400 total
- age   5:    1226216 bytes,   11721616 total
- age   6:    3617568 bytes,   15339184 total
- age   7:    4609064 bytes,   19948248 total
: 109248K->21824K(109248K), 0.0159616 secs] 199560K->119271K(502464K), 0.0160472 secs] [Times: user=0.06 sys=0.00, real=0.02 secs] 
Heap after GC invocations=515 (full 30):
 par new generation   total 109248K, used 21824K [0x00000000e0000000, 0x00000000e8000000, 0x00000000e8000000)
  eden space 87424K,   0% used [0x00000000e0000000, 0x00000000e0000000, 0x00000000e5560000)
  from space 21824K, 100% used [0x00000000e6ab0000, 0x00000000e8000000, 0x00000000e8000000)
  to   space 21824K,   0% used [0x00000000e5560000, 0x00000000e5560000, 0x00000000e6ab0000)
 concurrent mark-sweep generation total 393216K, used 97447K [0x00000000e8000000, 0x0000000100000000, 0x0000000100000000)
 Metaspace       used 57809K, capacity 59580K, committed 59668K, reserved 1101824K
  class space    used 6571K, capacity 6957K, committed 6976K, reserved 1048576K
}
2020-05-19T14:59:03.026+0000: 15699.963: Total time for which application threads were stopped: 0.0163007 seconds, Stopping threads took: 0.0000617 seconds
2020-05-19T14:59:03.048+0000: 15699.985: Total time for which application threads were stopped: 0.0002165 seconds, Stopping threads took: 0.0000753 seconds
{Heap before GC invocations=515 (full 30):
 par new generation   total 109248K, used 109248K [0x00000000e0000000, 0x00000000e8000000, 0x00000000e8000000)
  eden space 87424K, 100% used [0x00000000e0000000, 0x00000000e5560000, 0x00000000e5560000)
  from space 21824K, 100% used [0x00000000e6ab0000, 0x00000000e8000000, 0x00000000e8000000)
  to   space 21824K,   0% used [0x00000000e5560000, 0x00000000e5560000, 0x00000000e6ab0000)
 concurrent mark-sweep generation total 393216K, used 97447K [0x00000000e8000000, 0x0000000100000000, 0x0000000100000000)
 Metaspace       used 57809K, capacity 59580K, committed 59668K, reserved 1101824K
  class space    used 6571K, capacity 6957K, committed 6976K, reserved 1048576K
2020-05-19T14:59:03.111+0000: 15700.048: [GC (Allocation Failure) 2020-05-19T14:59:03.111+0000: 15700.048: [ParNew
Desired survivor size 20112992 bytes, new threshold 8 (max 8)
- age   1:    3389536 bytes,    3389536 total
- age   2:    1673368 bytes,    5062904 total
- age   3:    4007664 bytes,    9070568 total
- age   4:        288 bytes,    9070856 total
- age   5:    3315640 bytes,   12386496 total
- age   6:    1226216 bytes,   13612712 total
- age   7:    3617568 bytes,   17230280 total
- age   8:    4609064 bytes,   21839344 total
: 109248K->21824K(109248K), 0.0141331 secs] 206695K->124206K(502464K), 0.0142081 secs] [Times: user=0.06 sys=0.00, real=0.01 secs] 
Heap after GC invocations=516 (full 30):
 par new generation   total 109248K, used 21824K [0x00000000e0000000, 0x00000000e8000000, 0x00000000e8000000)
  eden space 87424K,   0% used [0x00000000e0000000, 0x00000000e0000000, 0x00000000e5560000)
  from space 21824K, 100% used [0x00000000e5560000, 0x00000000e6ab0000, 0x00000000e6ab0000)
  to   space 21824K,   0% used [0x00000000e6ab0000, 0x00000000e6ab0000, 0x00000000e8000000)
 concurrent mark-sweep generation total 393216K, used 102382K [0x00000000e8000000, 0x0000000100000000, 0x0000000100000000)
 Metaspace       used 57809K, capacity 59580K, committed 59668K, reserved 1101824K
  class space    used 6571K, capacity 6957K, committed 6976K, reserved 1048576K
}
2020-05-19T14:59:03.125+0000: 15700.062: Total time for which application threads were stopped: 0.0144521 seconds, Stopping threads took: 0.0000636 seconds
2020-05-19T14:59:04.039+0000: 15700.977: Total time for which application threads were stopped: 0.0001736 seconds, Stopping threads took: 0.0001045 seconds
2020-05-19T14:59:04.040+0000: 15700.977: Total time for which application threads were stopped: 0.0000916 seconds, Stopping threads took: 0.0000461 seconds
2020-05-19T14:59:04.041+0000: 15700.978: Total time for which application threads were stopped: 0.0001211 seconds, Stopping threads took: 0.0000438 seconds
2020-05-19T14:59:04.041+0000: 15700.978: Total time for which application threads were stopped: 0.0000908 seconds, Stopping threads took: 0.0000318 seconds
2020-05-19T14:59:04.041+0000: 15700.978: Total time for which application threads were stopped: 0.0000760 seconds, Stopping threads took: 0.0000313 seconds
2020-05-19T14:59:04.041+0000: 15700.979: Total time for which application threads were stopped: 0.0000753 seconds, Stopping threads took: 0.0000312 seconds
2020-05-19T14:59:04.041+0000: 15700.979: Total time for which application threads were stopped: 0.0000778 seconds, Stopping threads took: 0.0000315 seconds
2020-05-19T14:59:04.119+0000: 15701.056: Total time for which application threads were stopped: 0.0001558 seconds, Stopping threads took: 0.0000652 seconds
{Heap before GC invocations=516 (full 30):
 par new generation   total 109248K, used 109248K [0x00000000e0000000, 0x00000000e8000000, 0x00000000e8000000)
  eden space 87424K, 100% used [0x00000000e0000000, 0x00000000e5560000, 0x00000000e5560000)
  from space 21824K, 100% used [0x00000000e5560000, 0x00000000e6ab0000, 0x00000000e6ab0000)
  to   space 21824K,   0% used [0x00000000e6ab0000, 0x00000000e6ab0000, 0x00000000e8000000)
 concurrent mark-sweep generation total 393216K, used 102382K [0x00000000e8000000, 0x0000000100000000, 0x0000000100000000)
 Metaspace       used 57812K, capacity 59580K, committed 59668K, reserved 1101824K
  class space    used 6571K, capacity 6957K, committed 6976K, reserved 1048576K
2020-05-19T14:59:04.120+0000: 15701.057: [GC (Allocation Failure) 2020-05-19T14:59:04.120+0000: 15701.057: [ParNew
Desired survivor size 20112992 bytes, new threshold 8 (max 8)
- age   1:    3847584 bytes,    3847584 total
- age   2:    1986840 bytes,    5834424 total
- age   3:    1415984 bytes,    7250408 total
- age   4:    3896976 bytes,   11147384 total
- age   5:        288 bytes,   11147672 total
- age   6:    3315640 bytes,   14463312 total
- age   7:    1225912 bytes,   15689224 total
- age   8:    3617312 bytes,   19306536 total
: 109248K->21824K(109248K), 0.0155481 secs] 211630K->128749K(502464K), 0.0156274 secs] [Times: user=0.02 sys=0.00, real=0.02 secs] 
Heap after GC invocations=517 (full 30):
 par new generation   total 109248K, used 21824K [0x00000000e0000000, 0x00000000e8000000, 0x00000000e8000000)
  eden space 87424K,   0% used [0x00000000e0000000, 0x00000000e0000000, 0x00000000e5560000)
  from space 21824K, 100% used [0x00000000e6ab0000, 0x00000000e8000000, 0x00000000e8000000)
  to   space 21824K,   0% used [0x00000000e5560000, 0x00000000e5560000, 0x00000000e6ab0000)
 concurrent mark-sweep generation total 393216K, used 106925K [0x00000000e8000000, 0x0000000100000000, 0x0000000100000000)
 Metaspace       used 57812K, capacity 59580K, committed 59668K, reserved 1101824K
  class space    used 6571K, capacity 6957K, committed 6976K, reserved 1048576K
}
2020-05-19T14:59:04.136+0000: 15701.073: Total time for which application threads were stopped: 0.0159106 seconds, Stopping threads took: 0.0000725 seconds
2020-05-19T14:59:04.245+0000: 15701.182: Total time for which application threads were stopped: 0.0001475 seconds, Stopping threads took: 0.0000496 seconds
{Heap before GC invocations=517 (full 30):
 par new generation   total 109248K, used 109248K [0x00000000e0000000, 0x00000000e8000000, 0x00000000e8000000)
  eden space 87424K, 100% used [0x00000000e0000000, 0x00000000e5560000, 0x00000000e5560000)
  from space 21824K, 100% used [0x00000000e6ab0000, 0x00000000e8000000, 0x00000000e8000000)
  to   space 21824K,   0% used [0x00000000e5560000, 0x00000000e5560000, 0x00000000e6ab0000)
 concurrent mark-sweep generation total 393216K, used 106925K [0x00000000e8000000, 0x0000000100000000, 0x0000000100000000)
 Metaspace       used 57813K, capacity 59580K, committed 59668K, reserved 1101824K
  class space    used 6571K, capacity 6957K, committed 6976K, reserved 1048576K
2020-05-19T14:59:04.250+0000: 15701.186: [GC (Allocation Failure) 2020-05-19T14:59:04.250+0000: 15701.186: [ParNew
Desired survivor size 20112992 bytes, new threshold 8 (max 8)
- age   1:    6655880 bytes,    6655880 total
- age   2:    1005240 bytes,    7661120 total
- age   3:    1816272 bytes,    9477392 total
- age   4:    1407824 bytes,   10885216 total
- age   5:    3895920 bytes,   14781136 total
- age   6:        288 bytes,   14781424 total
- age   7:    3250352 bytes,   18031776 total
- age   8:    1225912 bytes,   19257688 total
: 109248K->21824K(109248K), 0.0164878 secs] 216173K->133902K(502464K), 0.0165514 secs] [Times: user=0.06 sys=0.00, real=0.02 secs] 
Heap after GC invocations=518 (full 30):
 par new generation   total 109248K, used 21824K [0x00000000e0000000, 0x00000000e8000000, 0x00000000e8000000)
  eden space 87424K,   0% used [0x00000000e0000000, 0x00000000e0000000, 0x00000000e5560000)
  from space 21824K, 100% used [0x00000000e5560000, 0x00000000e6ab0000, 0x00000000e6ab0000)
  to   space 21824K,   0% used [0x00000000e6ab0000, 0x00000000e6ab0000, 0x00000000e8000000)
 concurrent mark-sweep generation total 393216K, used 112078K [0x00000000e8000000, 0x0000000100000000, 0x0000000100000000)
 Metaspace       used 57813K, capacity 59580K, committed 59668K, reserved 1101824K
  class space    used 6571K, capacity 6957K, committed 6976K, reserved 1048576K
}
2020-05-19T14:59:04.266+0000: 15701.203: Total time for which application threads were stopped: 0.0168189 seconds, Stopping threads took: 0.0000891 seconds
{Heap before GC invocations=518 (full 30):
 par new generation   total 109248K, used 109248K [0x00000000e0000000, 0x00000000e8000000, 0x00000000e8000000)
  eden space 87424K, 100% used [0x00000000e0000000, 0x00000000e5560000, 0x00000000e5560000)
  from space 21824K, 100% used [0x00000000e5560000, 0x00000000e6ab0000, 0x00000000e6ab0000)
  to   space 21824K,   0% used [0x00000000e6ab0000, 0x00000000e6ab0000, 0x00000000e8000000)
 concurrent mark-sweep generation total 393216K, used 112078K [0x00000000e8000000, 0x0000000100000000, 0x0000000100000000)
 Metaspace       used 57813K, capacity 59580K, committed 59668K, reserved 1101824K
  class space    used 6571K, capacity 6957K, committed 6976K, reserved 1048576K
2020-05-19T14:59:04.346+0000: 15701.283: [GC (Allocation Failure) 2020-05-19T14:59:04.346+0000: 15701.283: [ParNew
Desired survivor size 20112992 bytes, new threshold 8 (max 8)
- age   1:    4481104 bytes,    4481104 total
- age   2:    5887128 bytes,   10368232 total
- age   3:     989592 bytes,   11357824 total
- age   4:    1815976 bytes,   13173800 total
- age   5:    1405480 bytes,   14579280 total
- age   6:    3802824 bytes,   18382104 total
- age   7:        288 bytes,   18382392 total
- age   8:    3250352 bytes,   21632744 total
: 109248K->21824K(109248K), 0.0156821 secs] 221326K->141125K(502464K), 0.0157544 secs] [Times: user=0.06 sys=0.00, real=0.02 secs] 
Heap after GC invocations=519 (full 30):
 par new generation   total 109248K, used 21824K [0x00000000e0000000, 0x00000000e8000000, 0x00000000e8000000)
  eden space 87424K,   0% used [0x00000000e0000000, 0x00000000e0000000, 0x00000000e5560000)
  from space 21824K, 100% used [0x00000000e6ab0000, 0x00000000e8000000, 0x00000000e8000000)
  to   space 21824K,   0% used [0x00000000e5560000, 0x00000000e5560000, 0x00000000e6ab0000)
 concurrent mark-sweep generation total 393216K, used 119301K [0x00000000e8000000, 0x0000000100000000, 0x0000000100000000)
 Metaspace       used 57813K, capacity 59580K, committed 59668K, reserved 1101824K
  class space    used 6571K, capacity 6957K, committed 6976K, reserved 1048576K
}
2020-05-19T14:59:04.362+0000: 15701.299: Total time for which application threads were stopped: 0.0160076 seconds, Stopping threads took: 0.0000564 seconds
2020-05-19T14:59:04.362+0000: 15701.299: Total time for which application threads were stopped: 0.0002615 seconds, Stopping threads took: 0.0001702 seconds
2020-05-19T14:59:04.362+0000: 15701.300: Total time for which application threads were stopped: 0.0001533 seconds, Stopping threads took: 0.0000877 seconds
{Heap before GC invocations=519 (full 30):
 par new generation   total 109248K, used 109248K [0x00000000e0000000, 0x00000000e8000000, 0x00000000e8000000)
  eden space 87424K, 100% used [0x00000000e0000000, 0x00000000e5560000, 0x00000000e5560000)
  from space 21824K, 100% used [0x00000000e6ab0000, 0x00000000e8000000, 0x00000000e8000000)
  to   space 21824K,   0% used [0x00000000e5560000, 0x00000000e5560000, 0x00000000e6ab0000)
 concurrent mark-sweep generation total 393216K, used 119301K [0x00000000e8000000, 0x0000000100000000, 0x0000000100000000)
 Metaspace       used 57813K, capacity 59580K, committed 59668K, reserved 1101824K
  class space    used 6571K, capacity 6957K, committed 6976K, reserved 1048576K
2020-05-19T14:59:04.480+0000: 15701.417: [GC (Allocation Failure) 2020-05-19T14:59:04.480+0000: 15701.417: [ParNew
Desired survivor size 20112992 bytes, new threshold 7 (max 8)
- age   1:    5411984 bytes,    5411984 total
- age   2:    3495448 bytes,    8907432 total
- age   3:    5830720 bytes,   14738152 total
- age   4:     989592 bytes,   15727744 total
- age   5:    1754296 bytes,   17482040 total
- age   6:    1404080 bytes,   18886120 total
- age   7:    3449128 bytes,   22335248 total
- age   8:        288 bytes,   22335536 total
: 109248K->21824K(109248K), 0.0171077 secs] 228549K->146980K(502464K), 0.0171783 secs] [Times: user=0.06 sys=0.00, real=0.02 secs] 
Heap after GC invocations=520 (full 30):
 par new generation   total 109248K, used 21824K [0x00000000e0000000, 0x00000000e8000000, 0x00000000e8000000)
  eden space 87424K,   0% used [0x00000000e0000000, 0x00000000e0000000, 0x00000000e5560000)
  from space 21824K, 100% used [0x00000000e5560000, 0x00000000e6ab0000, 0x00000000e6ab0000)
  to   space 21824K,   0% used [0x00000000e6ab0000, 0x00000000e6ab0000, 0x00000000e8000000)
 concurrent mark-sweep generation total 393216K, used 125156K [0x00000000e8000000, 0x0000000100000000, 0x0000000100000000)
 Metaspace       used 57813K, capacity 59580K, committed 59668K, reserved 1101824K
  class space    used 6571K, capacity 6957K, committed 6976K, reserved 1048576K
}
2020-05-19T14:59:04.497+0000: 15701.434: Total time for which application threads were stopped: 0.0174620 seconds, Stopping threads took: 0.0001003 seconds
2020-05-19T14:59:04.691+0000: 15701.627: Total time for which application threads were stopped: 0.0001609 seconds, Stopping threads took: 0.0000485 seconds
2020-05-19T14:59:05.539+0000: 15702.476: Total time for which application threads were stopped: 0.0001790 seconds, Stopping threads took: 0.0000531 seconds
2020-05-19T14:59:05.539+0000: 15702.477: Total time for which application threads were stopped: 0.0001037 seconds, Stopping threads took: 0.0000318 seconds
2020-05-19T14:59:05.540+0000: 15702.477: Total time for which application threads were stopped: 0.0000961 seconds, Stopping threads took: 0.0000351 seconds
2020-05-19T14:59:05.540+0000: 15702.477: Total time for which application threads were stopped: 0.0001011 seconds, Stopping threads took: 0.0000365 seconds
2020-05-19T14:59:05.540+0000: 15702.477: Total time for which application threads were stopped: 0.0001331 seconds, Stopping threads took: 0.0000484 seconds
2020-05-19T14:59:05.540+0000: 15702.477: Total time for which application threads were stopped: 0.0001119 seconds, Stopping threads took: 0.0000324 seconds
2020-05-19T14:59:05.540+0000: 15702.477: Total time for which application threads were stopped: 0.0000885 seconds, Stopping threads took: 0.0000399 seconds
2020-05-19T14:59:05.930+0000: 15702.867: Total time for which application threads were stopped: 0.0001397 seconds, Stopping threads took: 0.0000542 seconds
{Heap before GC invocations=520 (full 30):
 par new generation   total 109248K, used 109248K [0x00000000e0000000, 0x00000000e8000000, 0x00000000e8000000)
  eden space 87424K, 100% used [0x00000000e0000000, 0x00000000e5560000, 0x00000000e5560000)
  from space 21824K, 100% used [0x00000000e5560000, 0x00000000e6ab0000, 0x00000000e6ab0000)
  to   space 21824K,   0% used [0x00000000e6ab0000, 0x00000000e6ab0000, 0x00000000e8000000)
 concurrent mark-sweep generation total 393216K, used 125156K [0x00000000e8000000, 0x0000000100000000, 0x0000000100000000)
 Metaspace       used 57815K, capacity 59580K, committed 59668K, reserved 1101824K
  class space    used 6571K, capacity 6957K, committed 6976K, reserved 1048576K
2020-05-19T14:59:06.012+0000: 15702.950: [GC (Allocation Failure) 2020-05-19T14:59:06.012+0000: 15702.950: [ParNew
Desired survivor size 20112992 bytes, new threshold 6 (max 8)
- age   1:    5214512 bytes,    5214512 total
- age   2:    4325336 bytes,    9539848 total
- age   3:    3441848 bytes,   12981696 total
- age   4:    5482816 bytes,   18464512 total
- age   5:     717496 bytes,   19182008 total
- age   6:    1607360 bytes,   20789368 total
- age   7:    1403584 bytes,   22192952 total
: 109248K->21824K(109248K), 0.0209036 secs] 234404K->155190K(502464K), 0.0209780 secs] [Times: user=0.06 sys=0.00, real=0.02 secs] 
Heap after GC invocations=521 (full 30):
 par new generation   total 109248K, used 21824K [0x00000000e0000000, 0x00000000e8000000, 0x00000000e8000000)
  eden space 87424K,   0% used [0x00000000e0000000, 0x00000000e0000000, 0x00000000e5560000)
  from space 21824K, 100% used [0x00000000e6ab0000, 0x00000000e8000000, 0x00000000e8000000)
  to   space 21824K,   0% used [0x00000000e5560000, 0x00000000e5560000, 0x00000000e6ab0000)
 concurrent mark-sweep generation total 393216K, used 133366K [0x00000000e8000000, 0x0000000100000000, 0x0000000100000000)
 Metaspace       used 57815K, capacity 59580K, committed 59668K, reserved 1101824K
  class space    used 6571K, capacity 6957K, committed 6976K, reserved 1048576K
}
2020-05-19T14:59:06.034+0000: 15702.971: Total time for which application threads were stopped: 0.0212149 seconds, Stopping threads took: 0.0000544 seconds
2020-05-19T14:59:06.062+0000: 15702.999: Total time for which application threads were stopped: 0.0001934 seconds, Stopping threads took: 0.0000970 seconds
{Heap before GC invocations=521 (full 30):
 par new generation   total 109248K, used 109248K [0x00000000e0000000, 0x00000000e8000000, 0x00000000e8000000)
  eden space 87424K, 100% used [0x00000000e0000000, 0x00000000e5560000, 0x00000000e5560000)
  from space 21824K, 100% used [0x00000000e6ab0000, 0x00000000e8000000, 0x00000000e8000000)
  to   space 21824K,   0% used [0x00000000e5560000, 0x00000000e5560000, 0x00000000e6ab0000)
 concurrent mark-sweep generation total 393216K, used 133366K [0x00000000e8000000, 0x0000000100000000, 0x0000000100000000)
 Metaspace       used 57815K, capacity 59580K, committed 59668K, reserved 1101824K
  class space    used 6571K, capacity 6957K, committed 6976K, reserved 1048576K
2020-05-19T14:59:06.119+0000: 15703.056: [GC (Allocation Failure) 2020-05-19T14:59:06.119+0000: 15703.056: [ParNew
Desired survivor size 20112992 bytes, new threshold 5 (max 8)
- age   1:    5138616 bytes,    5138616 total
- age   2:    3021696 bytes,    8160312 total
- age   3:    3745816 bytes,   11906128 total
- age   4:    3441848 bytes,   15347976 total
- age   5:    5482632 bytes,   20830608 total
- age   6:     717000 bytes,   21547608 total
: 109248K->21824K(109248K), 0.0191300 secs] 242614K->165527K(502464K), 0.0192247 secs] [Times: user=0.06 sys=0.00, real=0.02 secs] 
Heap after GC invocations=522 (full 30):
 par new generation   total 109248K, used 21824K [0x00000000e0000000, 0x00000000e8000000, 0x00000000e8000000)
  eden space 87424K,   0% used [0x00000000e0000000, 0x00000000e0000000, 0x00000000e5560000)
  from space 21824K, 100% used [0x00000000e5560000, 0x00000000e6ab0000, 0x00000000e6ab0000)
  to   space 21824K,   0% used [0x00000000e6ab0000, 0x00000000e6ab0000, 0x00000000e8000000)
 concurrent mark-sweep generation total 393216K, used 143703K [0x00000000e8000000, 0x0000000100000000, 0x0000000100000000)
 Metaspace       used 57815K, capacity 59580K, committed 59668K, reserved 1101824K
  class space    used 6571K, capacity 6957K, committed 6976K, reserved 1048576K
}
2020-05-19T14:59:06.138+0000: 15703.075: Total time for which application threads were stopped: 0.0195365 seconds, Stopping threads took: 0.0000622 seconds
{Heap before GC invocations=522 (full 30):
 par new generation   total 109248K, used 109248K [0x00000000e0000000, 0x00000000e8000000, 0x00000000e8000000)
  eden space 87424K, 100% used [0x00000000e0000000, 0x00000000e5560000, 0x00000000e5560000)
  from space 21824K, 100% used [0x00000000e5560000, 0x00000000e6ab0000, 0x00000000e6ab0000)
  to   space 21824K,   0% used [0x00000000e6ab0000, 0x00000000e6ab0000, 0x00000000e8000000)
 concurrent mark-sweep generation total 393216K, used 143703K [0x00000000e8000000, 0x0000000100000000, 0x0000000100000000)
 Metaspace       used 57815K, capacity 59580K, committed 59668K, reserved 1101824K
  class space    used 6571K, capacity 6957K, committed 6976K, reserved 1048576K
2020-05-19T14:59:06.219+0000: 15703.156: [GC (Allocation Failure) 2020-05-19T14:59:06.220+0000: 15703.156: [ParNew
Desired survivor size 20112992 bytes, new threshold 5 (max 8)
- age   1:    7389120 bytes,    7389120 total
- age   2:    3624664 bytes,   11013784 total
- age   3:    2946456 bytes,   13960240 total
- age   4:    3636016 bytes,   17596256 total
- age   5:    3038464 bytes,   20634720 total
: 109248K->21824K(109248K), 0.0179205 secs] 252951K->177144K(502464K), 0.0180049 secs] [Times: user=0.06 sys=0.00, real=0.02 secs] 
Heap after GC invocations=523 (full 30):
 par new generation   total 109248K, used 21824K [0x00000000e0000000, 0x00000000e8000000, 0x00000000e8000000)
  eden space 87424K,   0% used [0x00000000e0000000, 0x00000000e0000000, 0x00000000e5560000)
  from space 21824K, 100% used [0x00000000e6ab0000, 0x00000000e8000000, 0x00000000e8000000)
  to   space 21824K,   0% used [0x00000000e5560000, 0x00000000e5560000, 0x00000000e6ab0000)
 concurrent mark-sweep generation total 393216K, used 155320K [0x00000000e8000000, 0x0000000100000000, 0x0000000100000000)
 Metaspace       used 57815K, capacity 59580K, committed 59668K, reserved 1101824K
  class space    used 6571K, capacity 6957K, committed 6976K, reserved 1048576K
}
2020-05-19T14:59:06.238+0000: 15703.174: Total time for which application threads were stopped: 0.0182346 seconds, Stopping threads took: 0.0000556 seconds
2020-05-19T14:59:06.627+0000: 15703.564: Total time for which application threads were stopped: 0.0002069 seconds, Stopping threads took: 0.0000573 seconds
2020-05-19T14:59:06.963+0000: 15703.900: Total time for which application threads were stopped: 0.0001530 seconds, Stopping threads took: 0.0000675 seconds
2020-05-19T14:59:06.963+0000: 15703.900: Total time for which application threads were stopped: 0.0000998 seconds, Stopping threads took: 0.0000431 seconds
2020-05-19T14:59:06.964+0000: 15703.901: Total time for which application threads were stopped: 0.0001252 seconds, Stopping threads took: 0.0000581 seconds
2020-05-19T14:59:06.965+0000: 15703.902: Total time for which application threads were stopped: 0.0001794 seconds, Stopping threads took: 0.0001062 seconds
2020-05-19T14:59:06.965+0000: 15703.902: Total time for which application threads were stopped: 0.0000893 seconds, Stopping threads took: 0.0000404 seconds
2020-05-19T14:59:06.965+0000: 15703.902: Total time for which application threads were stopped: 0.0000551 seconds, Stopping threads took: 0.0000146 seconds
2020-05-19T14:59:06.965+0000: 15703.902: Total time for which application threads were stopped: 0.0000517 seconds, Stopping threads took: 0.0000134 seconds
2020-05-19T14:59:06.965+0000: 15703.902: Total time for which application threads were stopped: 0.0000598 seconds, Stopping threads took: 0.0000096 seconds
2020-05-19T14:59:07.207+0000: 15704.144: Total time for which application threads were stopped: 0.0001475 seconds, Stopping threads took: 0.0000563 seconds
{Heap before GC invocations=523 (full 30):
 par new generation   total 109248K, used 109248K [0x00000000e0000000, 0x00000000e8000000, 0x00000000e8000000)
  eden space 87424K, 100% used [0x00000000e0000000, 0x00000000e5560000, 0x00000000e5560000)
  from space 21824K, 100% used [0x00000000e6ab0000, 0x00000000e8000000, 0x00000000e8000000)
  to   space 21824K,   0% used [0x00000000e5560000, 0x00000000e5560000, 0x00000000e6ab0000)
 concurrent mark-sweep generation total 393216K, used 155320K [0x00000000e8000000, 0x0000000100000000, 0x0000000100000000)
 Metaspace       used 57816K, capacity 59580K, committed 59668K, reserved 1101824K
  class space    used 6571K, capacity 6957K, committed 6976K, reserved 1048576K
2020-05-19T14:59:07.247+0000: 15704.185: [GC (Allocation Failure) 2020-05-19T14:59:07.247+0000: 15704.185: [ParNew
Desired survivor size 20112992 bytes, new threshold 8 (max 8)
- age   1:    5299760 bytes,    5299760 total
- age   2:    4477048 bytes,    9776808 total
- age   3:    3368016 bytes,   13144824 total
- age   4:    2844360 bytes,   15989184 total
- age   5:    3636016 bytes,   19625200 total
: 109248K->21824K(109248K), 0.0148313 secs] 264568K->182662K(502464K), 0.0149075 secs] [Times: user=0.06 sys=0.00, real=0.02 secs] 
Heap after GC invocations=524 (full 30):
 par new generation   total 109248K, used 21824K [0x00000000e0000000, 0x00000000e8000000, 0x00000000e8000000)
  eden space 87424K,   0% used [0x00000000e0000000, 0x00000000e0000000, 0x00000000e5560000)
  from space 21824K, 100% used [0x00000000e5560000, 0x00000000e6ab0000, 0x00000000e6ab0000)
  to   space 21824K,   0% used [0x00000000e6ab0000, 0x00000000e6ab0000, 0x00000000e8000000)
 concurrent mark-sweep generation total 393216K, used 160838K [0x00000000e8000000, 0x0000000100000000, 0x0000000100000000)
 Metaspace       used 57816K, capacity 59580K, committed 59668K, reserved 1101824K
  class space    used 6571K, capacity 6957K, committed 6976K, reserved 1048576K
}
2020-05-19T14:59:07.262+0000: 15704.200: Total time for which application threads were stopped: 0.0151465 seconds, Stopping threads took: 0.0000622 seconds
2020-05-19T14:59:07.324+0000: 15704.261: Total time for which application threads were stopped: 0.0001521 seconds, Stopping threads took: 0.0000507 seconds
{Heap before GC invocations=524 (full 30):
 par new generation   total 109248K, used 109248K [0x00000000e0000000, 0x00000000e8000000, 0x00000000e8000000)
  eden space 87424K, 100% used [0x00000000e0000000, 0x00000000e5560000, 0x00000000e5560000)
  from space 21824K, 100% used [0x00000000e5560000, 0x00000000e6ab0000, 0x00000000e6ab0000)
  to   space 21824K,   0% used [0x00000000e6ab0000, 0x00000000e6ab0000, 0x00000000e8000000)
 concurrent mark-sweep generation total 393216K, used 160838K [0x00000000e8000000, 0x0000000100000000, 0x0000000100000000)
 Metaspace       used 57816K, capacity 59580K, committed 59668K, reserved 1101824K
  class space    used 6571K, capacity 6957K, committed 6976K, reserved 1048576K
2020-05-19T14:59:07.354+0000: 15704.291: [GC (Allocation Failure) 2020-05-19T14:59:07.354+0000: 15704.291: [ParNew
Desired survivor size 20112992 bytes, new threshold 6 (max 8)
- age   1:    5265192 bytes,    5265192 total
- age   2:    3809480 bytes,    9074672 total
- age   3:    4084968 bytes,   13159640 total
- age   4:    2637288 bytes,   15796928 total
- age   5:    2620848 bytes,   18417776 total
- age   6:    3599936 bytes,   22017712 total
: 109248K->21824K(109248K), 0.0154255 secs] 270086K->188952K(502464K), 0.0154924 secs] [Times: user=0.00 sys=0.00, real=0.02 secs] 
Heap after GC invocations=525 (full 30):
 par new generation   total 109248K, used 21824K [0x00000000e0000000, 0x00000000e8000000, 0x00000000e8000000)
  eden space 87424K,   0% used [0x00000000e0000000, 0x00000000e0000000, 0x00000000e5560000)
  from space 21824K, 100% used [0x00000000e6ab0000, 0x00000000e8000000, 0x00000000e8000000)
  to   space 21824K,   0% used [0x00000000e5560000, 0x00000000e5560000, 0x00000000e6ab0000)
 concurrent mark-sweep generation total 393216K, used 167128K [0x00000000e8000000, 0x0000000100000000, 0x0000000100000000)
 Metaspace       used 57816K, capacity 59580K, committed 59668K, reserved 1101824K
  class space    used 6571K, capacity 6957K, committed 6976K, reserved 1048576K
}
2020-05-19T14:59:07.370+0000: 15704.307: Total time for which application threads were stopped: 0.0157195 seconds, Stopping threads took: 0.0000556 seconds
{Heap before GC invocations=525 (full 30):
 par new generation   total 109248K, used 109248K [0x00000000e0000000, 0x00000000e8000000, 0x00000000e8000000)
  eden space 87424K, 100% used [0x00000000e0000000, 0x00000000e5560000, 0x00000000e5560000)
  from space 21824K, 100% used [0x00000000e6ab0000, 0x00000000e8000000, 0x00000000e8000000)
  to   space 21824K,   0% used [0x00000000e5560000, 0x00000000e5560000, 0x00000000e6ab0000)
 concurrent mark-sweep generation total 393216K, used 167128K [0x00000000e8000000, 0x0000000100000000, 0x0000000100000000)
 Metaspace       used 57816K, capacity 59580K, committed 59668K, reserved 1101824K
  class space    used 6571K, capacity 6957K, committed 6976K, reserved 1048576K
2020-05-19T14:59:07.447+0000: 15704.384: [GC (Allocation Failure) 2020-05-19T14:59:07.447+0000: 15704.384: [ParNew
Desired survivor size 20112992 bytes, new threshold 6 (max 8)
- age   1:    4772872 bytes,    4772872 total
- age   2:    5010328 bytes,    9783200 total
- age   3:    3255368 bytes,   13038568 total
- age   4:    3944016 bytes,   16982584 total
- age   5:    2607040 bytes,   19589624 total
- age   6:    2611584 bytes,   22201208 total
: 109248K->21824K(109248K), 0.0181719 secs] 276376K->199235K(502464K), 0.0182418 secs] [Times: user=0.06 sys=0.00, real=0.02 secs] 
Heap after GC invocations=526 (full 30):
 par new generation   total 109248K, used 21824K [0x00000000e0000000, 0x00000000e8000000, 0x00000000e8000000)
  eden space 87424K,   0% used [0x00000000e0000000, 0x00000000e0000000, 0x00000000e5560000)
  from space 21824K, 100% used [0x00000000e5560000, 0x00000000e6ab0000, 0x00000000e6ab0000)
  to   space 21824K,   0% used [0x00000000e6ab0000, 0x00000000e6ab0000, 0x00000000e8000000)
 concurrent mark-sweep generation total 393216K, used 177411K [0x00000000e8000000, 0x0000000100000000, 0x0000000100000000)
 Metaspace       used 57816K, capacity 59580K, committed 59668K, reserved 1101824K
  class space    used 6571K, capacity 6957K, committed 6976K, reserved 1048576K
}
2020-05-19T14:59:07.465+0000: 15704.403: Total time for which application threads were stopped: 0.0184815 seconds, Stopping threads took: 0.0000640 seconds
{Heap before GC invocations=526 (full 30):
 par new generation   total 109248K, used 109248K [0x00000000e0000000, 0x00000000e8000000, 0x00000000e8000000)
  eden space 87424K, 100% used [0x00000000e0000000, 0x00000000e5560000, 0x00000000e5560000)
  from space 21824K, 100% used [0x00000000e5560000, 0x00000000e6ab0000, 0x00000000e6ab0000)
  to   space 21824K,   0% used [0x00000000e6ab0000, 0x00000000e6ab0000, 0x00000000e8000000)
 concurrent mark-sweep generation total 393216K, used 177411K [0x00000000e8000000, 0x0000000100000000, 0x0000000100000000)
 Metaspace       used 57816K, capacity 59580K, committed 59668K, reserved 1101824K
  class space    used 6571K, capacity 6957K, committed 6976K, reserved 1048576K
2020-05-19T14:59:07.564+0000: 15704.501: [GC (Allocation Failure) 2020-05-19T14:59:07.564+0000: 15704.501: [ParNew
Desired survivor size 20112992 bytes, new threshold 6 (max 8)
- age   1:    5257584 bytes,    5257584 total
- age   2:    1518544 bytes,    6776128 total
- age   3:    4954024 bytes,   11730152 total
- age   4:    3180672 bytes,   14910824 total
- age   5:    3944016 bytes,   18854840 total
- age   6:    2602992 bytes,   21457832 total
: 109248K->21824K(109248K), 0.0181122 secs] 286659K->210417K(502464K), 0.0182004 secs] [Times: user=0.06 sys=0.00, real=0.02 secs] 
Heap after GC invocations=527 (full 30):
 par new generation   total 109248K, used 21824K [0x00000000e0000000, 0x00000000e8000000, 0x00000000e8000000)
  eden space 87424K,   0% used [0x00000000e0000000, 0x00000000e0000000, 0x00000000e5560000)
  from space 21824K, 100% used [0x00000000e6ab0000, 0x00000000e8000000, 0x00000000e8000000)
  to   space 21824K,   0% used [0x00000000e5560000, 0x00000000e5560000, 0x00000000e6ab0000)
 concurrent mark-sweep generation total 393216K, used 188593K [0x00000000e8000000, 0x0000000100000000, 0x0000000100000000)
 Metaspace       used 57816K, capacity 59580K, committed 59668K, reserved 1101824K
  class space    used 6571K, capacity 6957K, committed 6976K, reserved 1048576K
}
2020-05-19T14:59:07.583+0000: 15704.519: Total time for which application threads were stopped: 0.0184711 seconds, Stopping threads took: 0.0000625 seconds
2020-05-19T14:59:07.968+0000: 15704.905: Total time for which application threads were stopped: 0.0002354 seconds, Stopping threads took: 0.0000735 seconds
2020-05-19T14:59:08.562+0000: 15705.499: Total time for which application threads were stopped: 0.0001344 seconds, Stopping threads took: 0.0000698 seconds
2020-05-19T14:59:08.563+0000: 15705.499: Total time for which application threads were stopped: 0.0000860 seconds, Stopping threads took: 0.0000392 seconds
2020-05-19T14:59:08.563+0000: 15705.500: Total time for which application threads were stopped: 0.0001180 seconds, Stopping threads took: 0.0000480 seconds
2020-05-19T14:59:08.564+0000: 15705.501: Total time for which application threads were stopped: 0.0001038 seconds, Stopping threads took: 0.0000378 seconds
2020-05-19T14:59:08.564+0000: 15705.501: Total time for which application threads were stopped: 0.0000809 seconds, Stopping threads took: 0.0000351 seconds
2020-05-19T14:59:08.564+0000: 15705.501: Total time for which application threads were stopped: 0.0000508 seconds, Stopping threads took: 0.0000132 seconds
2020-05-19T14:59:08.564+0000: 15705.501: Total time for which application threads were stopped: 0.0001442 seconds, Stopping threads took: 0.0000096 seconds
2020-05-19T14:59:09.181+0000: 15706.119: Total time for which application threads were stopped: 0.0001870 seconds, Stopping threads took: 0.0000947 seconds
{Heap before GC invocations=527 (full 30):
 par new generation   total 109248K, used 109248K [0x00000000e0000000, 0x00000000e8000000, 0x00000000e8000000)
  eden space 87424K, 100% used [0x00000000e0000000, 0x00000000e5560000, 0x00000000e5560000)
  from space 21824K, 100% used [0x00000000e6ab0000, 0x00000000e8000000, 0x00000000e8000000)
  to   space 21824K,   0% used [0x00000000e5560000, 0x00000000e5560000, 0x00000000e6ab0000)
 concurrent mark-sweep generation total 393216K, used 188593K [0x00000000e8000000, 0x0000000100000000, 0x0000000100000000)
 Metaspace       used 57816K, capacity 59580K, committed 59668K, reserved 1101824K
  class space    used 6571K, capacity 6957K, committed 6976K, reserved 1048576K
2020-05-19T14:59:09.278+0000: 15706.215: [GC (Allocation Failure) 2020-05-19T14:59:09.278+0000: 15706.215: [ParNew
Desired survivor size 20112992 bytes, new threshold 6 (max 8)
- age   1:    4934336 bytes,    4934336 total
- age   2:    4244176 bytes,    9178512 total
- age   3:    1473528 bytes,   10652040 total
- age   4:    4524832 bytes,   15176872 total
- age   5:    3093640 bytes,   18270512 total
- age   6:    3750152 bytes,   22020664 total
: 109248K->21824K(109248K), 0.0179974 secs] 297841K->218498K(502464K), 0.0180646 secs] [Times: user=0.06 sys=0.00, real=0.02 secs] 
Heap after GC invocations=528 (full 30):
 par new generation   total 109248K, used 21824K [0x00000000e0000000, 0x00000000e8000000, 0x00000000e8000000)
  eden space 87424K,   0% used [0x00000000e0000000, 0x00000000e0000000, 0x00000000e5560000)
  from space 21824K, 100% used [0x00000000e5560000, 0x00000000e6ab0000, 0x00000000e6ab0000)
  to   space 21824K,   0% used [0x00000000e6ab0000, 0x00000000e6ab0000, 0x00000000e8000000)
 concurrent mark-sweep generation total 393216K, used 196674K [0x00000000e8000000, 0x0000000100000000, 0x0000000100000000)
 Metaspace       used 57816K, capacity 59580K, committed 59668K, reserved 1101824K
  class space    used 6571K, capacity 6957K, committed 6976K, reserved 1048576K
}
2020-05-19T14:59:09.296+0000: 15706.233: Total time for which application threads were stopped: 0.0182912 seconds, Stopping threads took: 0.0000519 seconds
2020-05-19T14:59:09.296+0000: 15706.233: [GC (CMS Initial Mark) [1 CMS-initial-mark: 196674K(393216K)] 219540K(502464K), 0.0043506 secs] [Times: user=0.00 sys=0.00, real=0.01 secs] 
2020-05-19T14:59:09.301+0000: 15706.237: Total time for which application threads were stopped: 0.0045328 seconds, Stopping threads took: 0.0000611 seconds
2020-05-19T14:59:09.301+0000: 15706.238: [CMS-concurrent-mark-start]
2020-05-19T14:59:09.325+0000: 15706.261: [CMS-concurrent-mark: 0.024/0.024 secs] [Times: user=0.13 sys=0.00, real=0.02 secs] 
2020-05-19T14:59:09.325+0000: 15706.262: [CMS-concurrent-preclean-start]
2020-05-19T14:59:09.326+0000: 15706.263: [CMS-concurrent-preclean: 0.001/0.001 secs] [Times: user=0.00 sys=0.00, real=0.00 secs] 
2020-05-19T14:59:09.326+0000: 15706.263: [CMS-concurrent-abortable-preclean-start]
2020-05-19T14:59:09.333+0000: 15706.270: Total time for which application threads were stopped: 0.0001684 seconds, Stopping threads took: 0.0000742 seconds
{Heap before GC invocations=528 (full 31):
 par new generation   total 109248K, used 109248K [0x00000000e0000000, 0x00000000e8000000, 0x00000000e8000000)
  eden space 87424K, 100% used [0x00000000e0000000, 0x00000000e5560000, 0x00000000e5560000)
  from space 21824K, 100% used [0x00000000e5560000, 0x00000000e6ab0000, 0x00000000e6ab0000)
  to   space 21824K,   0% used [0x00000000e6ab0000, 0x00000000e6ab0000, 0x00000000e8000000)
 concurrent mark-sweep generation total 393216K, used 196674K [0x00000000e8000000, 0x0000000100000000, 0x0000000100000000)
 Metaspace       used 57817K, capacity 59580K, committed 59668K, reserved 1101824K
  class space    used 6571K, capacity 6957K, committed 6976K, reserved 1048576K
2020-05-19T14:59:09.427+0000: 15706.364: [GC (Allocation Failure) 2020-05-19T14:59:09.427+0000: 15706.364: [ParNew
Desired survivor size 20112992 bytes, new threshold 6 (max 8)
- age   1:    6087688 bytes,    6087688 total
- age   2:    2878328 bytes,    8966016 total
- age   3:    4127368 bytes,   13093384 total
- age   4:    1472968 bytes,   14566352 total
- age   5:    4513408 bytes,   19079760 total
- age   6:    3077592 bytes,   22157352 total
: 109248K->21824K(109248K), 0.0210571 secs] 305922K->230290K(502464K), 0.0211245 secs] [Times: user=0.13 sys=0.00, real=0.02 secs] 
Heap after GC invocations=529 (full 31):
 par new generation   total 109248K, used 21824K [0x00000000e0000000, 0x00000000e8000000, 0x00000000e8000000)
  eden space 87424K,   0% used [0x00000000e0000000, 0x00000000e0000000, 0x00000000e5560000)
  from space 21824K, 100% used [0x00000000e6ab0000, 0x00000000e8000000, 0x00000000e8000000)
  to   space 21824K,   0% used [0x00000000e5560000, 0x00000000e5560000, 0x00000000e6ab0000)
 concurrent mark-sweep generation total 393216K, used 208466K [0x00000000e8000000, 0x0000000100000000, 0x0000000100000000)
 Metaspace       used 57817K, capacity 59580K, committed 59668K, reserved 1101824K
  class space    used 6571K, capacity 6957K, committed 6976K, reserved 1048576K
}
2020-05-19T14:59:09.448+0000: 15706.385: Total time for which application threads were stopped: 0.0213607 seconds, Stopping threads took: 0.0000563 seconds
2020-05-19T14:59:09.448+0000: 15706.385: [CMS-concurrent-abortable-preclean: 0.076/0.122 secs] [Times: user=0.39 sys=0.00, real=0.12 secs] 
2020-05-19T14:59:09.449+0000: 15706.385: [GC (CMS Final Remark) [YG occupancy: 23288 K (109248 K)]{Heap before GC invocations=529 (full 31):
 par new generation   total 109248K, used 23288K [0x00000000e0000000, 0x00000000e8000000, 0x00000000e8000000)
  eden space 87424K,   1% used [0x00000000e0000000, 0x00000000e016e118, 0x00000000e5560000)
  from space 21824K, 100% used [0x00000000e6ab0000, 0x00000000e8000000, 0x00000000e8000000)
  to   space 21824K,   0% used [0x00000000e5560000, 0x00000000e5560000, 0x00000000e6ab0000)
 concurrent mark-sweep generation total 393216K, used 208466K [0x00000000e8000000, 0x0000000100000000, 0x0000000100000000)
 Metaspace       used 57817K, capacity 59580K, committed 59668K, reserved 1101824K
  class space    used 6571K, capacity 6957K, committed 6976K, reserved 1048576K
2020-05-19T14:59:09.449+0000: 15706.385: [GC (CMS Final Remark) 2020-05-19T14:59:09.449+0000: 15706.385: [ParNew
Desired survivor size 20112992 bytes, new threshold 8 (max 8)
- age   2:    4779496 bytes,    4779496 total
- age   3:    2827016 bytes,    7606512 total
- age   4:    4127368 bytes,   11733880 total
- age   5:    1472848 bytes,   13206728 total
- age   6:    4513408 bytes,   17720136 total
: 23288K->21824K(109248K), 0.0129971 secs] 231755K->234641K(502464K), 0.0130430 secs] [Times: user=0.02 sys=0.00, real=0.01 secs] 
Heap after GC invocations=530 (full 31):
 par new generation   total 109248K, used 21824K [0x00000000e0000000, 0x00000000e8000000, 0x00000000e8000000)
  eden space 87424K,   0% used [0x00000000e0000000, 0x00000000e0000000, 0x00000000e5560000)
  from space 21824K, 100% used [0x00000000e5560000, 0x00000000e6ab0000, 0x00000000e6ab0000)
  to   space 21824K,   0% used [0x00000000e6ab0000, 0x00000000e6ab0000, 0x00000000e8000000)
 concurrent mark-sweep generation total 393216K, used 212817K [0x00000000e8000000, 0x0000000100000000, 0x0000000100000000)
 Metaspace       used 57817K, capacity 59580K, committed 59668K, reserved 1101824K
  class space    used 6571K, capacity 6957K, committed 6976K, reserved 1048576K
}
2020-05-19T14:59:09.462+0000: 15706.398: [Rescan (parallel) , 0.0072086 secs]2020-05-19T14:59:09.469+0000: 15706.406: [weak refs processing, 0.0062654 secs]2020-05-19T14:59:09.475+0000: 15706.412: [class unloading, 0.0112904 secs]2020-05-19T14:59:09.487+0000: 15706.423: [scrub symbol table, 0.0094481 secs]2020-05-19T14:59:09.495+0000: 15706.433: [scrub string table, 0.0006051 secs][1 CMS-remark: 212817K(393216K)] 234641K(502464K), 0.0482136 secs] [Times: user=0.05 sys=0.00, real=0.05 secs] 
2020-05-19T14:59:09.496+0000: 15706.433: Total time for which application threads were stopped: 0.0483981 seconds, Stopping threads took: 0.0000757 seconds
2020-05-19T14:59:09.496+0000: 15706.434: [CMS-concurrent-sweep-start]
2020-05-19T14:59:09.497+0000: 15706.434: Total time for which application threads were stopped: 0.0001584 seconds, Stopping threads took: 0.0000520 seconds
2020-05-19T14:59:09.497+0000: 15706.434: Total time for which application threads were stopped: 0.0001106 seconds, Stopping threads took: 0.0000416 seconds
2020-05-19T14:59:09.497+0000: 15706.435: Total time for which application threads were stopped: 0.0001018 seconds, Stopping threads took: 0.0000316 seconds
2020-05-19T14:59:09.498+0000: 15706.435: Total time for which application threads were stopped: 0.0001135 seconds, Stopping threads took: 0.0000356 seconds
2020-05-19T14:59:09.498+0000: 15706.436: Total time for which application threads were stopped: 0.0001054 seconds, Stopping threads took: 0.0000383 seconds
2020-05-19T14:59:09.498+0000: 15706.436: Total time for which application threads were stopped: 0.0000903 seconds, Stopping threads took: 0.0000331 seconds
2020-05-19T14:59:09.564+0000: 15706.502: [CMS-concurrent-sweep: 0.067/0.068 secs] [Times: user=0.19 sys=0.00, real=0.07 secs] 
2020-05-19T14:59:09.564+0000: 15706.502: [CMS-concurrent-reset-start]
2020-05-19T14:59:09.565+0000: 15706.502: [CMS-concurrent-reset: 0.001/0.001 secs] [Times: user=0.00 sys=0.00, real=0.00 secs] 
{Heap before GC invocations=530 (full 31):
 par new generation   total 109248K, used 109248K [0x00000000e0000000, 0x00000000e8000000, 0x00000000e8000000)
  eden space 87424K, 100% used [0x00000000e0000000, 0x00000000e5560000, 0x00000000e5560000)
  from space 21824K, 100% used [0x00000000e5560000, 0x00000000e6ab0000, 0x00000000e6ab0000)
  to   space 21824K,   0% used [0x00000000e6ab0000, 0x00000000e6ab0000, 0x00000000e8000000)
 concurrent mark-sweep generation total 393216K, used 101461K [0x00000000e8000000, 0x0000000100000000, 0x0000000100000000)
 Metaspace       used 57817K, capacity 59580K, committed 59668K, reserved 1101824K
  class space    used 6571K, capacity 6957K, committed 6976K, reserved 1048576K
2020-05-19T14:59:09.590+0000: 15706.528: [GC (Allocation Failure) 2020-05-19T14:59:09.590+0000: 15706.528: [ParNew
Desired survivor size 20112992 bytes, new threshold 7 (max 8)
- age   1:    8731616 bytes,    8731616 total
- age   3:    1550192 bytes,   10281808 total
- age   4:    2772672 bytes,   13054480 total
- age   5:    4126320 bytes,   17180800 total
- age   6:    1091112 bytes,   18271912 total
- age   7:    4059736 bytes,   22331648 total
: 109248K->21824K(109248K), 0.0142681 secs] 210709K->127333K(502464K), 0.0144149 secs] [Times: user=0.06 sys=0.00, real=0.02 secs] 
Heap after GC invocations=531 (full 31):
 par new generation   total 109248K, used 21824K [0x00000000e0000000, 0x00000000e8000000, 0x00000000e8000000)
  eden space 87424K,   0% used [0x00000000e0000000, 0x00000000e0000000, 0x00000000e5560000)
  from space 21824K, 100% used [0x00000000e6ab0000, 0x00000000e8000000, 0x00000000e8000000)
  to   space 21824K,   0% used [0x00000000e5560000, 0x00000000e5560000, 0x00000000e6ab0000)
 concurrent mark-sweep generation total 393216K, used 105509K [0x00000000e8000000, 0x0000000100000000, 0x0000000100000000)
 Metaspace       used 57817K, capacity 59580K, committed 59668K, reserved 1101824K
  class space    used 6571K, capacity 6957K, committed 6976K, reserved 1048576K
}
2020-05-19T14:59:09.605+0000: 15706.542: Total time for which application threads were stopped: 0.0147447 seconds, Stopping threads took: 0.0000662 seconds
2020-05-19T14:59:09.777+0000: 15706.714: Total time for which application threads were stopped: 0.0001730 seconds, Stopping threads took: 0.0000811 seconds
2020-05-19T14:59:10.761+0000: 15707.698: Total time for which application threads were stopped: 0.0001303 seconds, Stopping threads took: 0.0000571 seconds
2020-05-19T14:59:10.761+0000: 15707.698: Total time for which application threads were stopped: 0.0000918 seconds, Stopping threads took: 0.0000447 seconds
2020-05-19T14:59:10.762+0000: 15707.699: Total time for which application threads were stopped: 0.0001254 seconds, Stopping threads took: 0.0000479 seconds
2020-05-19T14:59:24.185+0000: 15721.122: Total time for which application threads were stopped: 0.0000981 seconds, Stopping threads took: 0.0000244 seconds
2020-05-19T15:00:20.721+0000: 15777.658: Total time for which application threads were stopped: 0.0000944 seconds, Stopping threads took: 0.0000236 seconds
2020-05-19T15:00:20.724+0000: 15777.661: Total time for which application threads were stopped: 0.0004464 seconds, Stopping threads took: 0.0000759 seconds
{Heap before GC invocations=531 (full 31):
 par new generation   total 109248K, used 109248K [0x00000000e0000000, 0x00000000e8000000, 0x00000000e8000000)
  eden space 87424K, 100% used [0x00000000e0000000, 0x00000000e5560000, 0x00000000e5560000)
  from space 21824K, 100% used [0x00000000e6ab0000, 0x00000000e8000000, 0x00000000e8000000)
  to   space 21824K,   0% used [0x00000000e5560000, 0x00000000e5560000, 0x00000000e6ab0000)
 concurrent mark-sweep generation total 393216K, used 105509K [0x00000000e8000000, 0x0000000100000000, 0x0000000100000000)
 Metaspace       used 57824K, capacity 59580K, committed 59668K, reserved 1101824K
  class space    used 6571K, capacity 6957K, committed 6976K, reserved 1048576K
2020-05-19T15:00:20.791+0000: 15777.728: [GC (Allocation Failure) 2020-05-19T15:00:20.791+0000: 15777.728: [ParNew
Desired survivor size 20112992 bytes, new threshold 8 (max 8)
- age   1:    6005296 bytes,    6005296 total
- age   2:    4371144 bytes,   10376440 total
- age   4:    1250256 bytes,   11626696 total
- age   5:    2708072 bytes,   14334768 total
- age   6:    4126248 bytes,   18461016 total
- age   7:    1091112 bytes,   19552128 total
: 109248K->21824K(109248K), 0.0183784 secs] 214757K->135327K(502464K), 0.0184555 secs] [Times: user=0.06 sys=0.00, real=0.02 secs] 
Heap after GC invocations=532 (full 31):
 par new generation   total 109248K, used 21824K [0x00000000e0000000, 0x00000000e8000000, 0x00000000e8000000)
  eden space 87424K,   0% used [0x00000000e0000000, 0x00000000e0000000, 0x00000000e5560000)
  from space 21824K, 100% used [0x00000000e5560000, 0x00000000e6ab0000, 0x00000000e6ab0000)
  to   space 21824K,   0% used [0x00000000e6ab0000, 0x00000000e6ab0000, 0x00000000e8000000)
 concurrent mark-sweep generation total 393216K, used 113503K [0x00000000e8000000, 0x0000000100000000, 0x0000000100000000)
 Metaspace       used 57824K, capacity 59580K, committed 59668K, reserved 1101824K
  class space    used 6571K, capacity 6957K, committed 6976K, reserved 1048576K
}
2020-05-19T15:00:20.809+0000: 15777.746: Total time for which application threads were stopped: 0.0186882 seconds, Stopping threads took: 0.0000532 seconds
2020-05-19T15:00:20.860+0000: 15777.796: Total time for which application threads were stopped: 0.0002124 seconds, Stopping threads took: 0.0001147 seconds
{Heap before GC invocations=532 (full 31):
 par new generation   total 109248K, used 109248K [0x00000000e0000000, 0x00000000e8000000, 0x00000000e8000000)
  eden space 87424K, 100% used [0x00000000e0000000, 0x00000000e5560000, 0x00000000e5560000)
  from space 21824K, 100% used [0x00000000e5560000, 0x00000000e6ab0000, 0x00000000e6ab0000)
  to   space 21824K,   0% used [0x00000000e6ab0000, 0x00000000e6ab0000, 0x00000000e8000000)
 concurrent mark-sweep generation total 393216K, used 113503K [0x00000000e8000000, 0x0000000100000000, 0x0000000100000000)
 Metaspace       used 57824K, capacity 59580K, committed 59668K, reserved 1101824K
  class space    used 6571K, capacity 6957K, committed 6976K, reserved 1048576K
2020-05-19T15:00:20.902+0000: 15777.839: [GC (Allocation Failure) 2020-05-19T15:00:20.902+0000: 15777.839: [ParNew
Desired survivor size 20112992 bytes, new threshold 7 (max 8)
- age   1:    5609368 bytes,    5609368 total
- age   2:    3593832 bytes,    9203200 total
- age   3:    3958736 bytes,   13161936 total
- age   5:    1250152 bytes,   14412088 total
- age   6:    2708008 bytes,   17120096 total
- age   7:    4126248 bytes,   21246344 total
- age   8:    1091112 bytes,   22337456 total
: 109248K->21824K(109248K), 0.0137407 secs] 222751K->139329K(502464K), 0.0138091 secs] [Times: user=0.06 sys=0.00, real=0.01 secs] 
Heap after GC invocations=533 (full 31):
 par new generation   total 109248K, used 21824K [0x00000000e0000000, 0x00000000e8000000, 0x00000000e8000000)
  eden space 87424K,   0% used [0x00000000e0000000, 0x00000000e0000000, 0x00000000e5560000)
  from space 21824K, 100% used [0x00000000e6ab0000, 0x00000000e8000000, 0x00000000e8000000)
  to   space 21824K,   0% used [0x00000000e5560000, 0x00000000e5560000, 0x00000000e6ab0000)
 concurrent mark-sweep generation total 393216K, used 117505K [0x00000000e8000000, 0x0000000100000000, 0x0000000100000000)
 Metaspace       used 57824K, capacity 59580K, committed 59668K, reserved 1101824K
  class space    used 6571K, capacity 6957K, committed 6976K, reserved 1048576K
}
2020-05-19T15:00:20.916+0000: 15777.853: Total time for which application threads were stopped: 0.0141535 seconds, Stopping threads took: 0.0001329 seconds
{Heap before GC invocations=533 (full 31):
 par new generation   total 109248K, used 109248K [0x00000000e0000000, 0x00000000e8000000, 0x00000000e8000000)
  eden space 87424K, 100% used [0x00000000e0000000, 0x00000000e5560000, 0x00000000e5560000)
  from space 21824K, 100% used [0x00000000e6ab0000, 0x00000000e8000000, 0x00000000e8000000)
  to   space 21824K,   0% used [0x00000000e5560000, 0x00000000e5560000, 0x00000000e6ab0000)
 concurrent mark-sweep generation total 393216K, used 117505K [0x00000000e8000000, 0x0000000100000000, 0x0000000100000000)
 Metaspace       used 57824K, capacity 59580K, committed 59668K, reserved 1101824K
  class space    used 6571K, capacity 6957K, committed 6976K, reserved 1048576K
2020-05-19T15:00:20.997+0000: 15777.934: [GC (Allocation Failure) 2020-05-19T15:00:20.997+0000: 15777.934: [ParNew
Desired survivor size 20112992 bytes, new threshold 7 (max 8)
- age   1:    6971728 bytes,    6971728 total
- age   2:    2697968 bytes,    9669696 total
- age   3:    3495016 bytes,   13164712 total
- age   4:    3958736 bytes,   17123448 total
- age   6:    1250152 bytes,   18373600 total
- age   7:    2708008 bytes,   21081608 total
: 109248K->21824K(109248K), 0.0156586 secs] 226753K->147501K(502464K), 0.0157344 secs] [Times: user=0.06 sys=0.00, real=0.02 secs] 
Heap after GC invocations=534 (full 31):
 par new generation   total 109248K, used 21824K [0x00000000e0000000, 0x00000000e8000000, 0x00000000e8000000)
  eden space 87424K,   0% used [0x00000000e0000000, 0x00000000e0000000, 0x00000000e5560000)
  from space 21824K, 100% used [0x00000000e5560000, 0x00000000e6ab0000, 0x00000000e6ab0000)
  to   space 21824K,   0% used [0x00000000e6ab0000, 0x00000000e6ab0000, 0x00000000e8000000)
 concurrent mark-sweep generation total 393216K, used 125677K [0x00000000e8000000, 0x0000000100000000, 0x0000000100000000)
 Metaspace       used 57824K, capacity 59580K, committed 59668K, reserved 1101824K
  class space    used 6571K, capacity 6957K, committed 6976K, reserved 1048576K
}
2020-05-19T15:00:21.012+0000: 15777.950: Total time for which application threads were stopped: 0.0159964 seconds, Stopping threads took: 0.0000552 seconds
2020-05-19T15:00:21.921+0000: 15778.858: Total time for which application threads were stopped: 0.0001998 seconds, Stopping threads took: 0.0001162 seconds
2020-05-19T15:00:21.921+0000: 15778.858: Total time for which application threads were stopped: 0.0001070 seconds, Stopping threads took: 0.0000504 seconds
2020-05-19T15:00:21.921+0000: 15778.858: Total time for which application threads were stopped: 0.0000500 seconds, Stopping threads took: 0.0000126 seconds
2020-05-19T15:00:21.922+0000: 15778.859: Total time for which application threads were stopped: 0.0001233 seconds, Stopping threads took: 0.0000382 seconds
2020-05-19T15:00:21.922+0000: 15778.859: Total time for which application threads were stopped: 0.0000931 seconds, Stopping threads took: 0.0000435 seconds
2020-05-19T15:00:21.923+0000: 15778.859: Total time for which application threads were stopped: 0.0001057 seconds, Stopping threads took: 0.0000448 seconds
2020-05-19T15:00:22.923+0000: 15779.860: Total time for which application threads were stopped: 0.0001094 seconds, Stopping threads took: 0.0000444 seconds
2020-05-19T15:00:35.723+0000: 15792.659: Total time for which application threads were stopped: 0.0000803 seconds, Stopping threads took: 0.0000214 seconds
2020-05-19T15:15:10.421+0000: 16667.358: Total time for which application threads were stopped: 0.0002794 seconds, Stopping threads took: 0.0001721 seconds
2020-05-19T15:15:10.429+0000: 16667.367: Total time for which application threads were stopped: 0.0000784 seconds, Stopping threads took: 0.0000200 seconds
{Heap before GC invocations=534 (full 31):
 par new generation   total 109248K, used 109248K [0x00000000e0000000, 0x00000000e8000000, 0x00000000e8000000)
  eden space 87424K, 100% used [0x00000000e0000000, 0x00000000e5560000, 0x00000000e5560000)
  from space 21824K, 100% used [0x00000000e5560000, 0x00000000e6ab0000, 0x00000000e6ab0000)
  to   space 21824K,   0% used [0x00000000e6ab0000, 0x00000000e6ab0000, 0x00000000e8000000)
 concurrent mark-sweep generation total 393216K, used 125677K [0x00000000e8000000, 0x0000000100000000, 0x0000000100000000)
 Metaspace       used 57824K, capacity 59580K, committed 59668K, reserved 1101824K
  class space    used 6571K, capacity 6957K, committed 6976K, reserved 1048576K
2020-05-19T15:15:10.434+0000: 16667.371: [GC (Allocation Failure) 2020-05-19T15:15:10.434+0000: 16667.371: [ParNew
Desired survivor size 20112992 bytes, new threshold 8 (max 8)
- age   1:    2883168 bytes,    2883168 total
- age   2:    3657736 bytes,    6540904 total
- age   3:    2362088 bytes,    8902992 total
- age   4:    3380472 bytes,   12283464 total
- age   5:    3958736 bytes,   16242200 total
- age   7:    1249848 bytes,   17492048 total
: 109248K->21824K(109248K), 0.0129035 secs] 234925K->150409K(502464K), 0.0129723 secs] [Times: user=0.00 sys=0.00, real=0.01 secs] 
Heap after GC invocations=535 (full 31):
 par new generation   total 109248K, used 21824K [0x00000000e0000000, 0x00000000e8000000, 0x00000000e8000000)
  eden space 87424K,   0% used [0x00000000e0000000, 0x00000000e0000000, 0x00000000e5560000)
  from space 21824K, 100% used [0x00000000e6ab0000, 0x00000000e8000000, 0x00000000e8000000)
  to   space 21824K,   0% used [0x00000000e5560000, 0x00000000e5560000, 0x00000000e6ab0000)
 concurrent mark-sweep generation total 393216K, used 128585K [0x00000000e8000000, 0x0000000100000000, 0x0000000100000000)
 Metaspace       used 57824K, capacity 59580K, committed 59668K, reserved 1101824K
  class space    used 6571K, capacity 6957K, committed 6976K, reserved 1048576K
}
2020-05-19T15:15:10.447+0000: 16667.384: Total time for which application threads were stopped: 0.0132673 seconds, Stopping threads took: 0.0001211 seconds
2020-05-19T15:15:10.736+0000: 16667.673: Total time for which application threads were stopped: 0.0002497 seconds, Stopping threads took: 0.0001002 seconds
{Heap before GC invocations=535 (full 31):
 par new generation   total 109248K, used 109248K [0x00000000e0000000, 0x00000000e8000000, 0x00000000e8000000)
  eden space 87424K, 100% used [0x00000000e0000000, 0x00000000e5560000, 0x00000000e5560000)
  from space 21824K, 100% used [0x00000000e6ab0000, 0x00000000e8000000, 0x00000000e8000000)
  to   space 21824K,   0% used [0x00000000e5560000, 0x00000000e5560000, 0x00000000e6ab0000)
 concurrent mark-sweep generation total 393216K, used 128585K [0x00000000e8000000, 0x0000000100000000, 0x0000000100000000)
 Metaspace       used 57826K, capacity 59580K, committed 59668K, reserved 1101824K
  class space    used 6571K, capacity 6957K, committed 6976K, reserved 1048576K
2020-05-19T15:15:10.855+0000: 16667.793: [GC (Allocation Failure) 2020-05-19T15:15:10.855+0000: 16667.793: [ParNew
Desired survivor size 20112992 bytes, new threshold 6 (max 8)
- age   1:    6902568 bytes,    6902568 total
- age   2:    2425144 bytes,    9327712 total
- age   3:    3414504 bytes,   12742216 total
- age   4:    2360416 bytes,   15102632 total
- age   5:    3376152 bytes,   18478784 total
- age   6:    2343728 bytes,   20822512 total
- age   8:    1249848 bytes,   22072360 total
: 109248K->21824K(109248K), 0.0138866 secs] 237833K->154185K(502464K), 0.0139601 secs] [Times: user=0.06 sys=0.00, real=0.01 secs] 
Heap after GC invocations=536 (full 31):
 par new generation   total 109248K, used 21824K [0x00000000e0000000, 0x00000000e8000000, 0x00000000e8000000)
  eden space 87424K,   0% used [0x00000000e0000000, 0x00000000e0000000, 0x00000000e5560000)
  from space 21824K, 100% used [0x00000000e5560000, 0x00000000e6ab0000, 0x00000000e6ab0000)
  to   space 21824K,   0% used [0x00000000e6ab0000, 0x00000000e6ab0000, 0x00000000e8000000)
 concurrent mark-sweep generation total 393216K, used 132361K [0x00000000e8000000, 0x0000000100000000, 0x0000000100000000)
 Metaspace       used 57826K, capacity 59580K, committed 59668K, reserved 1101824K
  class space    used 6571K, capacity 6957K, committed 6976K, reserved 1048576K
}
2020-05-19T15:15:10.869+0000: 16667.807: Total time for which application threads were stopped: 0.0142008 seconds, Stopping threads took: 0.0000620 seconds
{Heap before GC invocations=536 (full 31):
 par new generation   total 109248K, used 109248K [0x00000000e0000000, 0x00000000e8000000, 0x00000000e8000000)
  eden space 87424K, 100% used [0x00000000e0000000, 0x00000000e5560000, 0x00000000e5560000)
  from space 21824K, 100% used [0x00000000e5560000, 0x00000000e6ab0000, 0x00000000e6ab0000)
  to   space 21824K,   0% used [0x00000000e6ab0000, 0x00000000e6ab0000, 0x00000000e8000000)
 concurrent mark-sweep generation total 393216K, used 132361K [0x00000000e8000000, 0x0000000100000000, 0x0000000100000000)
 Metaspace       used 57826K, capacity 59580K, committed 59668K, reserved 1101824K
  class space    used 6571K, capacity 6957K, committed 6976K, reserved 1048576K
2020-05-19T15:15:11.330+0000: 16668.267: [GC (Allocation Failure) 2020-05-19T15:15:11.330+0000: 16668.267: [ParNew
Desired survivor size 20112992 bytes, new threshold 6 (max 8)
- age   1:    6584880 bytes,    6584880 total
- age   2:    3500280 bytes,   10085160 total
- age   3:    2425144 bytes,   12510304 total
- age   4:    3414504 bytes,   15924808 total
- age   5:    2360416 bytes,   18285224 total
- age   6:    3376152 bytes,   21661376 total
: 109248K->21824K(109248K), 0.0177729 secs] 241609K->163344K(502464K), 0.0178404 secs] [Times: user=0.06 sys=0.00, real=0.02 secs] 
Heap after GC invocations=537 (full 31):
 par new generation   total 109248K, used 21824K [0x00000000e0000000, 0x00000000e8000000, 0x00000000e8000000)
  eden space 87424K,   0% used [0x00000000e0000000, 0x00000000e0000000, 0x00000000e5560000)
  from space 21824K, 100% used [0x00000000e6ab0000, 0x00000000e8000000, 0x00000000e8000000)
  to   space 21824K,   0% used [0x00000000e5560000, 0x00000000e5560000, 0x00000000e6ab0000)
 concurrent mark-sweep generation total 393216K, used 141520K [0x00000000e8000000, 0x0000000100000000, 0x0000000100000000)
 Metaspace       used 57826K, capacity 59580K, committed 59668K, reserved 1101824K
  class space    used 6571K, capacity 6957K, committed 6976K, reserved 1048576K
}
2020-05-19T15:15:11.347+0000: 16668.285: Total time for which application threads were stopped: 0.0181436 seconds, Stopping threads took: 0.0001258 seconds
{Heap before GC invocations=537 (full 31):
 par new generation   total 109248K, used 109248K [0x00000000e0000000, 0x00000000e8000000, 0x00000000e8000000)
  eden space 87424K, 100% used [0x00000000e0000000, 0x00000000e5560000, 0x00000000e5560000)
  from space 21824K, 100% used [0x00000000e6ab0000, 0x00000000e8000000, 0x00000000e8000000)
  to   space 21824K,   0% used [0x00000000e5560000, 0x00000000e5560000, 0x00000000e6ab0000)
 concurrent mark-sweep generation total 393216K, used 141520K [0x00000000e8000000, 0x0000000100000000, 0x0000000100000000)
 Metaspace       used 57826K, capacity 59580K, committed 59668K, reserved 1101824K
  class space    used 6571K, capacity 6957K, committed 6976K, reserved 1048576K
2020-05-19T15:15:11.553+0000: 16668.490: [GC (Allocation Failure) 2020-05-19T15:15:11.553+0000: 16668.490: [ParNew
Desired survivor size 20112992 bytes, new threshold 6 (max 8)
- age   1:    5049896 bytes,    5049896 total
- age   2:    5392912 bytes,   10442808 total
- age   3:    3440112 bytes,   13882920 total
- age   4:    2425008 bytes,   16307928 total
- age   5:    3414504 bytes,   19722432 total
- age   6:    2360416 bytes,   22082848 total
: 109248K->21824K(109248K), 0.0138257 secs] 250768K->169875K(502464K), 0.0139899 secs] [Times: user=0.06 sys=0.00, real=0.01 secs] 
Heap after GC invocations=538 (full 31):
 par new generation   total 109248K, used 21824K [0x00000000e0000000, 0x00000000e8000000, 0x00000000e8000000)
  eden space 87424K,   0% used [0x00000000e0000000, 0x00000000e0000000, 0x00000000e5560000)
  from space 21824K, 100% used [0x00000000e5560000, 0x00000000e6ab0000, 0x00000000e6ab0000)
  to   space 21824K,   0% used [0x00000000e6ab0000, 0x00000000e6ab0000, 0x00000000e8000000)
 concurrent mark-sweep generation total 393216K, used 148051K [0x00000000e8000000, 0x0000000100000000, 0x0000000100000000)
 Metaspace       used 57826K, capacity 59580K, committed 59668K, reserved 1101824K
  class space    used 6571K, capacity 6957K, committed 6976K, reserved 1048576K
}
2020-05-19T15:15:11.567+0000: 16668.504: Total time for which application threads were stopped: 0.0142504 seconds, Stopping threads took: 0.0000555 seconds
2020-05-19T15:15:13.018+0000: 16669.955: Total time for which application threads were stopped: 0.0001275 seconds, Stopping threads took: 0.0000415 seconds
2020-05-19T15:15:25.431+0000: 16682.368: Total time for which application threads were stopped: 0.0000881 seconds, Stopping threads took: 0.0000239 seconds
2020-05-19T15:15:42.467+0000: 16699.404: Total time for which application threads were stopped: 0.0002187 seconds, Stopping threads took: 0.0001537 seconds
2020-05-19T15:15:42.477+0000: 16699.414: Total time for which application threads were stopped: 0.0000922 seconds, Stopping threads took: 0.0000265 seconds
{Heap before GC invocations=538 (full 31):
 par new generation   total 109248K, used 109248K [0x00000000e0000000, 0x00000000e8000000, 0x00000000e8000000)
  eden space 87424K, 100% used [0x00000000e0000000, 0x00000000e5560000, 0x00000000e5560000)
  from space 21824K, 100% used [0x00000000e5560000, 0x00000000e6ab0000, 0x00000000e6ab0000)
  to   space 21824K,   0% used [0x00000000e6ab0000, 0x00000000e6ab0000, 0x00000000e8000000)
 concurrent mark-sweep generation total 393216K, used 148051K [0x00000000e8000000, 0x0000000100000000, 0x0000000100000000)
 Metaspace       used 57835K, capacity 59580K, committed 59668K, reserved 1101824K
  class space    used 6571K, capacity 6957K, committed 6976K, reserved 1048576K
2020-05-19T15:15:42.557+0000: 16699.495: [GC (Allocation Failure) 2020-05-19T15:15:42.557+0000: 16699.495: [ParNew
Desired survivor size 20112992 bytes, new threshold 6 (max 8)
- age   1:    4555392 bytes,    4555392 total
- age   2:    3615384 bytes,    8170776 total
- age   3:    5347432 bytes,   13518208 total
- age   4:    2355696 bytes,   15873904 total
- age   5:    2306992 bytes,   18180896 total
- age   6:    3414504 bytes,   21595400 total
: 109248K->21824K(109248K), 0.0160244 secs] 257299K->177911K(502464K), 0.0160946 secs] [Times: user=0.06 sys=0.00, real=0.02 secs] 
Heap after GC invocations=539 (full 31):
 par new generation   total 109248K, used 21824K [0x00000000e0000000, 0x00000000e8000000, 0x00000000e8000000)
  eden space 87424K,   0% used [0x00000000e0000000, 0x00000000e0000000, 0x00000000e5560000)
  from space 21824K, 100% used [0x00000000e6ab0000, 0x00000000e8000000, 0x00000000e8000000)
  to   space 21824K,   0% used [0x00000000e5560000, 0x00000000e5560000, 0x00000000e6ab0000)
 concurrent mark-sweep generation total 393216K, used 156087K [0x00000000e8000000, 0x0000000100000000, 0x0000000100000000)
 Metaspace       used 57835K, capacity 59580K, committed 59668K, reserved 1101824K
  class space    used 6571K, capacity 6957K, committed 6976K, reserved 1048576K
}
2020-05-19T15:15:42.573+0000: 16699.511: Total time for which application threads were stopped: 0.0163262 seconds, Stopping threads took: 0.0000584 seconds
2020-05-19T15:15:42.600+0000: 16699.537: Total time for which application threads were stopped: 0.0001505 seconds, Stopping threads took: 0.0000550 seconds
{Heap before GC invocations=539 (full 31):
 par new generation   total 109248K, used 109248K [0x00000000e0000000, 0x00000000e8000000, 0x00000000e8000000)
  eden space 87424K, 100% used [0x00000000e0000000, 0x00000000e5560000, 0x00000000e5560000)
  from space 21824K, 100% used [0x00000000e6ab0000, 0x00000000e8000000, 0x00000000e8000000)
  to   space 21824K,   0% used [0x00000000e5560000, 0x00000000e5560000, 0x00000000e6ab0000)
 concurrent mark-sweep generation total 393216K, used 156087K [0x00000000e8000000, 0x0000000100000000, 0x0000000100000000)
 Metaspace       used 57835K, capacity 59580K, committed 59668K, reserved 1101824K
  class space    used 6571K, capacity 6957K, committed 6976K, reserved 1048576K
2020-05-19T15:15:42.663+0000: 16699.600: [GC (Allocation Failure) 2020-05-19T15:15:42.663+0000: 16699.600: [ParNew
Desired survivor size 20112992 bytes, new threshold 8 (max 8)
- age   1:    2902296 bytes,    2902296 total
- age   2:    2705408 bytes,    5607704 total
- age   3:    3309032 bytes,    8916736 total
- age   4:    5279480 bytes,   14196216 total
- age   5:    2024608 bytes,   16220824 total
- age   6:    2255256 bytes,   18476080 total
: 109248K->21824K(109248K), 0.0149023 secs] 265335K->187632K(502464K), 0.0149654 secs] [Times: user=0.06 sys=0.00, real=0.01 secs] 
Heap after GC invocations=540 (full 31):
 par new generation   total 109248K, used 21824K [0x00000000e0000000, 0x00000000e8000000, 0x00000000e8000000)
  eden space 87424K,   0% used [0x00000000e0000000, 0x00000000e0000000, 0x00000000e5560000)
  from space 21824K, 100% used [0x00000000e5560000, 0x00000000e6ab0000, 0x00000000e6ab0000)
  to   space 21824K,   0% used [0x00000000e6ab0000, 0x00000000e6ab0000, 0x00000000e8000000)
 concurrent mark-sweep generation total 393216K, used 165808K [0x00000000e8000000, 0x0000000100000000, 0x0000000100000000)
 Metaspace       used 57835K, capacity 59580K, committed 59668K, reserved 1101824K
  class space    used 6571K, capacity 6957K, committed 6976K, reserved 1048576K
}
2020-05-19T15:15:42.678+0000: 16699.615: Total time for which application threads were stopped: 0.0152126 seconds, Stopping threads took: 0.0000821 seconds
{Heap before GC invocations=540 (full 31):
 par new generation   total 109248K, used 109248K [0x00000000e0000000, 0x00000000e8000000, 0x00000000e8000000)
  eden space 87424K, 100% used [0x00000000e0000000, 0x00000000e5560000, 0x00000000e5560000)
  from space 21824K, 100% used [0x00000000e5560000, 0x00000000e6ab0000, 0x00000000e6ab0000)
  to   space 21824K,   0% used [0x00000000e6ab0000, 0x00000000e6ab0000, 0x00000000e8000000)
 concurrent mark-sweep generation total 393216K, used 165808K [0x00000000e8000000, 0x0000000100000000, 0x0000000100000000)
 Metaspace       used 57835K, capacity 59580K, committed 59668K, reserved 1101824K
  class space    used 6571K, capacity 6957K, committed 6976K, reserved 1048576K
2020-05-19T15:15:42.751+0000: 16699.688: [GC (Allocation Failure) 2020-05-19T15:15:42.751+0000: 16699.688: [ParNew
Desired survivor size 20112992 bytes, new threshold 6 (max 8)
- age   1:    4893984 bytes,    4893984 total
- age   2:    2375504 bytes,    7269488 total
- age   3:    2704224 bytes,    9973712 total
- age   4:    3234112 bytes,   13207824 total
- age   5:    4950976 bytes,   18158800 total
- age   6:    2024608 bytes,   20183408 total
- age   7:    2123672 bytes,   22307080 total
: 109248K->21824K(109248K), 0.0152174 secs] 275056K->195618K(502464K), 0.0152815 secs] [Times: user=0.06 sys=0.00, real=0.02 secs] 
Heap after GC invocations=541 (full 31):
 par new generation   total 109248K, used 21824K [0x00000000e0000000, 0x00000000e8000000, 0x00000000e8000000)
  eden space 87424K,   0% used [0x00000000e0000000, 0x00000000e0000000, 0x00000000e5560000)
  from space 21824K, 100% used [0x00000000e6ab0000, 0x00000000e8000000, 0x00000000e8000000)
  to   space 21824K,   0% used [0x00000000e5560000, 0x00000000e5560000, 0x00000000e6ab0000)
 concurrent mark-sweep generation total 393216K, used 173794K [0x00000000e8000000, 0x0000000100000000, 0x0000000100000000)
 Metaspace       used 57835K, capacity 59580K, committed 59668K, reserved 1101824K
  class space    used 6571K, capacity 6957K, committed 6976K, reserved 1048576K
}
2020-05-19T15:15:42.767+0000: 16699.704: Total time for which application threads were stopped: 0.0155235 seconds, Stopping threads took: 0.0000651 seconds
2020-05-19T15:15:44.139+0000: 16701.077: Total time for which application threads were stopped: 0.0001521 seconds, Stopping threads took: 0.0000605 seconds
2020-05-19T15:15:44.140+0000: 16701.077: Total time for which application threads were stopped: 0.0001343 seconds, Stopping threads took: 0.0000361 seconds
2020-05-19T15:15:44.140+0000: 16701.077: Total time for which application threads were stopped: 0.0000817 seconds, Stopping threads took: 0.0000364 seconds
2020-05-19T15:15:44.140+0000: 16701.077: Total time for which application threads were stopped: 0.0001467 seconds, Stopping threads took: 0.0000502 seconds
2020-05-19T15:15:44.141+0000: 16701.078: Total time for which application threads were stopped: 0.0001696 seconds, Stopping threads took: 0.0000469 seconds
2020-05-19T15:15:45.130+0000: 16702.067: Total time for which application threads were stopped: 0.0001959 seconds, Stopping threads took: 0.0001282 seconds
{Heap before GC invocations=541 (full 31):
 par new generation   total 109248K, used 109248K [0x00000000e0000000, 0x00000000e8000000, 0x00000000e8000000)
  eden space 87424K, 100% used [0x00000000e0000000, 0x00000000e5560000, 0x00000000e5560000)
  from space 21824K, 100% used [0x00000000e6ab0000, 0x00000000e8000000, 0x00000000e8000000)
  to   space 21824K,   0% used [0x00000000e5560000, 0x00000000e5560000, 0x00000000e6ab0000)
 concurrent mark-sweep generation total 393216K, used 173794K [0x00000000e8000000, 0x0000000100000000, 0x0000000100000000)
 Metaspace       used 57836K, capacity 59580K, committed 59668K, reserved 1101824K
  class space    used 6571K, capacity 6957K, committed 6976K, reserved 1048576K
2020-05-19T15:15:45.260+0000: 16702.198: [GC (Allocation Failure) 2020-05-19T15:15:45.261+0000: 16702.198: [ParNew
Desired survivor size 20112992 bytes, new threshold 6 (max 8)
- age   1:    4131200 bytes,    4131200 total
- age   2:    4105912 bytes,    8237112 total
- age   3:    1934264 bytes,   10171376 total
- age   4:    2635880 bytes,   12807256 total
- age   5:    3234112 bytes,   16041368 total
- age   6:    4950976 bytes,   20992344 total
: 109248K->21824K(109248K), 0.0157638 secs] 283042K->203839K(502464K), 0.0158587 secs] [Times: user=0.02 sys=0.00, real=0.02 secs] 
Heap after GC invocations=542 (full 31):
 par new generation   total 109248K, used 21824K [0x00000000e0000000, 0x00000000e8000000, 0x00000000e8000000)
  eden space 87424K,   0% used [0x00000000e0000000, 0x00000000e0000000, 0x00000000e5560000)
  from space 21824K, 100% used [0x00000000e5560000, 0x00000000e6ab0000, 0x00000000e6ab0000)
  to   space 21824K,   0% used [0x00000000e6ab0000, 0x00000000e6ab0000, 0x00000000e8000000)
 concurrent mark-sweep generation total 393216K, used 182015K [0x00000000e8000000, 0x0000000100000000, 0x0000000100000000)
 Metaspace       used 57836K, capacity 59580K, committed 59668K, reserved 1101824K
  class space    used 6571K, capacity 6957K, committed 6976K, reserved 1048576K
}
2020-05-19T15:15:45.276+0000: 16702.214: Total time for which application threads were stopped: 0.0161370 seconds, Stopping threads took: 0.0000557 seconds
2020-05-19T15:15:45.353+0000: 16702.290: Total time for which application threads were stopped: 0.0002925 seconds, Stopping threads took: 0.0000477 seconds
{Heap before GC invocations=542 (full 31):
 par new generation   total 109248K, used 109248K [0x00000000e0000000, 0x00000000e8000000, 0x00000000e8000000)
  eden space 87424K, 100% used [0x00000000e0000000, 0x00000000e5560000, 0x00000000e5560000)
  from space 21824K, 100% used [0x00000000e5560000, 0x00000000e6ab0000, 0x00000000e6ab0000)
  to   space 21824K,   0% used [0x00000000e6ab0000, 0x00000000e6ab0000, 0x00000000e8000000)
 concurrent mark-sweep generation total 393216K, used 182015K [0x00000000e8000000, 0x0000000100000000, 0x0000000100000000)
 Metaspace       used 57836K, capacity 59580K, committed 59668K, reserved 1101824K
  class space    used 6571K, capacity 6957K, committed 6976K, reserved 1048576K
2020-05-19T15:15:45.387+0000: 16702.324: [GC (Allocation Failure) 2020-05-19T15:15:45.387+0000: 16702.324: [ParNew
Desired survivor size 20112992 bytes, new threshold 6 (max 8)
- age   1:    6967512 bytes,    6967512 total
- age   2:    2988240 bytes,    9955752 total
- age   3:    4105632 bytes,   14061384 total
- age   4:    1934088 bytes,   15995472 total
- age   5:    2635816 bytes,   18631288 total
- age   6:    3234112 bytes,   21865400 total
: 109248K->21824K(109248K), 0.0154976 secs] 291263K->211727K(502464K), 0.0156448 secs] [Times: user=0.06 sys=0.00, real=0.02 secs] 
Heap after GC invocations=543 (full 31):
 par new generation   total 109248K, used 21824K [0x00000000e0000000, 0x00000000e8000000, 0x00000000e8000000)
  eden space 87424K,   0% used [0x00000000e0000000, 0x00000000e0000000, 0x00000000e5560000)
  from space 21824K, 100% used [0x00000000e6ab0000, 0x00000000e8000000, 0x00000000e8000000)
  to   space 21824K,   0% used [0x00000000e5560000, 0x00000000e5560000, 0x00000000e6ab0000)
 concurrent mark-sweep generation total 393216K, used 189903K [0x00000000e8000000, 0x0000000100000000, 0x0000000100000000)
 Metaspace       used 57836K, capacity 59580K, committed 59668K, reserved 1101824K
  class space    used 6571K, capacity 6957K, committed 6976K, reserved 1048576K
}
2020-05-19T15:15:45.403+0000: 16702.340: Total time for which application threads were stopped: 0.0158887 seconds, Stopping threads took: 0.0000606 seconds
{Heap before GC invocations=543 (full 31):
 par new generation   total 109248K, used 109248K [0x00000000e0000000, 0x00000000e8000000, 0x00000000e8000000)
  eden space 87424K, 100% used [0x00000000e0000000, 0x00000000e5560000, 0x00000000e5560000)
  from space 21824K, 100% used [0x00000000e6ab0000, 0x00000000e8000000, 0x00000000e8000000)
  to   space 21824K,   0% used [0x00000000e5560000, 0x00000000e5560000, 0x00000000e6ab0000)
 concurrent mark-sweep generation total 393216K, used 189903K [0x00000000e8000000, 0x0000000100000000, 0x0000000100000000)
 Metaspace       used 57836K, capacity 59580K, committed 59668K, reserved 1101824K
  class space    used 6571K, capacity 6957K, committed 6976K, reserved 1048576K
2020-05-19T15:15:45.486+0000: 16702.423: [GC (Allocation Failure) 2020-05-19T15:15:45.487+0000: 16702.423: [ParNew
Desired survivor size 20112992 bytes, new threshold 6 (max 8)
- age   1:    4233584 bytes,    4233584 total
- age   2:    5975816 bytes,   10209400 total
- age   3:    3003640 bytes,   13213040 total
- age   4:    4105632 bytes,   17318672 total
- age   5:    1934088 bytes,   19252760 total
- age   6:    2635816 bytes,   21888576 total
: 109248K->21824K(109248K), 0.0149893 secs] 299151K->217042K(502464K), 0.0150662 secs] [Times: user=0.06 sys=0.00, real=0.02 secs] 
Heap after GC invocations=544 (full 31):
 par new generation   total 109248K, used 21824K [0x00000000e0000000, 0x00000000e8000000, 0x00000000e8000000)
  eden space 87424K,   0% used [0x00000000e0000000, 0x00000000e0000000, 0x00000000e5560000)
  from space 21824K, 100% used [0x00000000e5560000, 0x00000000e6ab0000, 0x00000000e6ab0000)
  to   space 21824K,   0% used [0x00000000e6ab0000, 0x00000000e6ab0000, 0x00000000e8000000)
 concurrent mark-sweep generation total 393216K, used 195218K [0x00000000e8000000, 0x0000000100000000, 0x0000000100000000)
 Metaspace       used 57836K, capacity 59580K, committed 59668K, reserved 1101824K
  class space    used 6571K, capacity 6957K, committed 6976K, reserved 1048576K
}
2020-05-19T15:15:45.502+0000: 16702.438: Total time for which application threads were stopped: 0.0152969 seconds, Stopping threads took: 0.0000509 seconds
{Heap before GC invocations=544 (full 31):
 par new generation   total 109248K, used 109248K [0x00000000e0000000, 0x00000000e8000000, 0x00000000e8000000)
  eden space 87424K, 100% used [0x00000000e0000000, 0x00000000e5560000, 0x00000000e5560000)
  from space 21824K, 100% used [0x00000000e5560000, 0x00000000e6ab0000, 0x00000000e6ab0000)
  to   space 21824K,   0% used [0x00000000e6ab0000, 0x00000000e6ab0000, 0x00000000e8000000)
 concurrent mark-sweep generation total 393216K, used 195218K [0x00000000e8000000, 0x0000000100000000, 0x0000000100000000)
 Metaspace       used 57836K, capacity 59580K, committed 59668K, reserved 1101824K
  class space    used 6571K, capacity 6957K, committed 6976K, reserved 1048576K
2020-05-19T15:15:45.587+0000: 16702.524: [GC (Allocation Failure) 2020-05-19T15:15:45.587+0000: 16702.524: [ParNew
Desired survivor size 20112992 bytes, new threshold 5 (max 8)
- age   1:    3897008 bytes,    3897008 total
- age   2:    3565296 bytes,    7462304 total
- age   3:    5915120 bytes,   13377424 total
- age   4:    2900424 bytes,   16277848 total
- age   5:    4105632 bytes,   20383480 total
- age   6:    1934088 bytes,   22317568 total
: 109248K->21824K(109248K), 0.0179244 secs] 304466K->226534K(502464K), 0.0180599 secs] [Times: user=0.06 sys=0.00, real=0.02 secs] 
Heap after GC invocations=545 (full 31):
 par new generation   total 109248K, used 21824K [0x00000000e0000000, 0x00000000e8000000, 0x00000000e8000000)
  eden space 87424K,   0% used [0x00000000e0000000, 0x00000000e0000000, 0x00000000e5560000)
  from space 21824K, 100% used [0x00000000e6ab0000, 0x00000000e8000000, 0x00000000e8000000)
  to   space 21824K,   0% used [0x00000000e5560000, 0x00000000e5560000, 0x00000000e6ab0000)
 concurrent mark-sweep generation total 393216K, used 204710K [0x00000000e8000000, 0x0000000100000000, 0x0000000100000000)
 Metaspace       used 57836K, capacity 59580K, committed 59668K, reserved 1101824K
  class space    used 6571K, capacity 6957K, committed 6976K, reserved 1048576K
}
2020-05-19T15:15:45.605+0000: 16702.542: Total time for which application threads were stopped: 0.0183414 seconds, Stopping threads took: 0.0000602 seconds
2020-05-19T15:15:45.605+0000: 16702.542: [GC (CMS Initial Mark) [1 CMS-initial-mark: 204710K(393216K)] 227956K(502464K), 0.0039843 secs] [Times: user=0.00 sys=0.00, real=0.00 secs] 
2020-05-19T15:15:45.609+0000: 16702.546: Total time for which application threads were stopped: 0.0041541 seconds, Stopping threads took: 0.0000732 seconds
2020-05-19T15:15:45.609+0000: 16702.546: [CMS-concurrent-mark-start]
2020-05-19T15:15:45.633+0000: 16702.570: [CMS-concurrent-mark: 0.024/0.024 secs] [Times: user=0.13 sys=0.00, real=0.02 secs] 
2020-05-19T15:15:45.633+0000: 16702.570: [CMS-concurrent-preclean-start]
2020-05-19T15:15:45.634+0000: 16702.572: [CMS-concurrent-preclean: 0.002/0.002 secs] [Times: user=0.00 sys=0.00, real=0.00 secs] 
2020-05-19T15:15:45.635+0000: 16702.572: [GC (CMS Final Remark) [YG occupancy: 23245 K (109248 K)]{Heap before GC invocations=545 (full 32):
 par new generation   total 109248K, used 23245K [0x00000000e0000000, 0x00000000e8000000, 0x00000000e8000000)
  eden space 87424K,   1% used [0x00000000e0000000, 0x00000000e01636e8, 0x00000000e5560000)
  from space 21824K, 100% used [0x00000000e6ab0000, 0x00000000e8000000, 0x00000000e8000000)
  to   space 21824K,   0% used [0x00000000e5560000, 0x00000000e5560000, 0x00000000e6ab0000)
 concurrent mark-sweep generation total 393216K, used 204710K [0x00000000e8000000, 0x0000000100000000, 0x0000000100000000)
 Metaspace       used 57836K, capacity 59580K, committed 59668K, reserved 1101824K
  class space    used 6571K, capacity 6957K, committed 6976K, reserved 1048576K
2020-05-19T15:15:45.635+0000: 16702.572: [GC (CMS Final Remark) 2020-05-19T15:15:45.635+0000: 16702.572: [ParNew
Desired survivor size 20112992 bytes, new threshold 8 (max 8)
- age   1:      57776 bytes,      57776 total
- age   2:    3305616 bytes,    3363392 total
- age   3:    3563640 bytes,    6927032 total
- age   4:    5854896 bytes,   12781928 total
- age   5:    2808016 bytes,   15589944 total
: 23245K->21824K(109248K), 0.0129465 secs] 227956K->233194K(502464K), 0.0130342 secs] [Times: user=0.00 sys=0.00, real=0.01 secs] 
Heap after GC invocations=546 (full 32):
 par new generation   total 109248K, used 21824K [0x00000000e0000000, 0x00000000e8000000, 0x00000000e8000000)
  eden space 87424K,   0% used [0x00000000e0000000, 0x00000000e0000000, 0x00000000e5560000)
  from space 21824K, 100% used [0x00000000e5560000, 0x00000000e6ab0000, 0x00000000e6ab0000)
  to   space 21824K,   0% used [0x00000000e6ab0000, 0x00000000e6ab0000, 0x00000000e8000000)
 concurrent mark-sweep generation total 393216K, used 211370K [0x00000000e8000000, 0x0000000100000000, 0x0000000100000000)
 Metaspace       used 57836K, capacity 59580K, committed 59668K, reserved 1101824K
  class space    used 6571K, capacity 6957K, committed 6976K, reserved 1048576K
}
2020-05-19T15:15:45.648+0000: 16702.585: [Rescan (parallel) , 0.0051502 secs]2020-05-19T15:15:45.653+0000: 16702.590: [weak refs processing, 0.0056264 secs]2020-05-19T15:15:45.659+0000: 16702.596: [class unloading, 0.0171670 secs]2020-05-19T15:15:45.676+0000: 16702.613: [scrub symbol table, 0.0101116 secs]2020-05-19T15:15:45.686+0000: 16702.623: [scrub string table, 0.0006631 secs][1 CMS-remark: 211370K(393216K)] 233194K(502464K), 0.0521090 secs] [Times: user=0.09 sys=0.00, real=0.05 secs] 
2020-05-19T15:15:45.687+0000: 16702.624: Total time for which application threads were stopped: 0.0522731 seconds, Stopping threads took: 0.0000557 seconds
2020-05-19T15:15:45.687+0000: 16702.624: [CMS-concurrent-sweep-start]
2020-05-19T15:15:45.692+0000: 16702.629: Total time for which application threads were stopped: 0.0002493 seconds, Stopping threads took: 0.0000711 seconds
2020-05-19T15:15:45.692+0000: 16702.629: Total time for which application threads were stopped: 0.0001234 seconds, Stopping threads took: 0.0000537 seconds
2020-05-19T15:15:45.693+0000: 16702.630: Total time for which application threads were stopped: 0.0001460 seconds, Stopping threads took: 0.0000571 seconds
2020-05-19T15:15:45.693+0000: 16702.630: Total time for which application threads were stopped: 0.0001030 seconds, Stopping threads took: 0.0000422 seconds
2020-05-19T15:15:45.737+0000: 16702.674: [CMS-concurrent-sweep: 0.049/0.050 secs] [Times: user=0.09 sys=0.02, real=0.05 secs] 
2020-05-19T15:15:45.737+0000: 16702.674: [CMS-concurrent-reset-start]
2020-05-19T15:15:45.738+0000: 16702.675: [CMS-concurrent-reset: 0.000/0.000 secs] [Times: user=0.00 sys=0.00, real=0.00 secs] 
2020-05-19T15:15:46.638+0000: 16703.575: Total time for which application threads were stopped: 0.0002128 seconds, Stopping threads took: 0.0000790 seconds
2020-05-19T15:15:46.639+0000: 16703.575: Total time for which application threads were stopped: 0.0001485 seconds, Stopping threads took: 0.0000893 seconds
2020-05-19T15:15:46.639+0000: 16703.576: Total time for which application threads were stopped: 0.0001442 seconds, Stopping threads took: 0.0000530 seconds
2020-05-19T15:15:46.640+0000: 16703.576: Total time for which application threads were stopped: 0.0001004 seconds, Stopping threads took: 0.0000307 seconds
2020-05-19T15:15:47.640+0000: 16704.577: Total time for which application threads were stopped: 0.0001231 seconds, Stopping threads took: 0.0000426 seconds
2020-05-19T15:15:53.361+0000: 16710.298: Total time for which application threads were stopped: 0.0001773 seconds, Stopping threads took: 0.0000992 seconds
2020-05-19T15:15:53.372+0000: 16710.309: Total time for which application threads were stopped: 0.0001603 seconds, Stopping threads took: 0.0000602 seconds
{Heap before GC invocations=546 (full 32):
 par new generation   total 109248K, used 109248K [0x00000000e0000000, 0x00000000e8000000, 0x00000000e8000000)
  eden space 87424K, 100% used [0x00000000e0000000, 0x00000000e5560000, 0x00000000e5560000)
  from space 21824K, 100% used [0x00000000e5560000, 0x00000000e6ab0000, 0x00000000e6ab0000)
  to   space 21824K,   0% used [0x00000000e6ab0000, 0x00000000e6ab0000, 0x00000000e8000000)
 concurrent mark-sweep generation total 393216K, used 97749K [0x00000000e8000000, 0x0000000100000000, 0x0000000100000000)
 Metaspace       used 57829K, capacity 59568K, committed 59668K, reserved 1101824K
  class space    used 6570K, capacity 6955K, committed 6976K, reserved 1048576K
2020-05-19T15:15:53.466+0000: 16710.403: [GC (Allocation Failure) 2020-05-19T15:15:53.466+0000: 16710.403: [ParNew
Desired survivor size 20112992 bytes, new threshold 6 (max 8)
- age   1:    9225744 bytes,    9225744 total
- age   2:       4872 bytes,    9230616 total
- age   3:    2317096 bytes,   11547712 total
- age   4:    3068560 bytes,   14616272 total
- age   5:    3483392 bytes,   18099664 total
- age   6:    2306536 bytes,   20406200 total
: 109248K->21824K(109248K), 0.0117009 secs] 206997K->120534K(502464K), 0.0120694 secs] [Times: user=0.06 sys=0.00, real=0.01 secs] 
Heap after GC invocations=547 (full 32):
 par new generation   total 109248K, used 21824K [0x00000000e0000000, 0x00000000e8000000, 0x00000000e8000000)
  eden space 87424K,   0% used [0x00000000e0000000, 0x00000000e0000000, 0x00000000e5560000)
  from space 21824K, 100% used [0x00000000e6ab0000, 0x00000000e8000000, 0x00000000e8000000)
  to   space 21824K,   0% used [0x00000000e5560000, 0x00000000e5560000, 0x00000000e6ab0000)
 concurrent mark-sweep generation total 393216K, used 98710K [0x00000000e8000000, 0x0000000100000000, 0x0000000100000000)
 Metaspace       used 57829K, capacity 59568K, committed 59668K, reserved 1101824K
  class space    used 6570K, capacity 6955K, committed 6976K, reserved 1048576K
}
2020-05-19T15:15:53.478+0000: 16710.415: Total time for which application threads were stopped: 0.0123869 seconds, Stopping threads took: 0.0000706 seconds
2020-05-19T15:15:53.484+0000: 16710.421: Total time for which application threads were stopped: 0.0001442 seconds, Stopping threads took: 0.0000497 seconds
{Heap before GC invocations=547 (full 32):
 par new generation   total 109248K, used 109248K [0x00000000e0000000, 0x00000000e8000000, 0x00000000e8000000)
  eden space 87424K, 100% used [0x00000000e0000000, 0x00000000e5560000, 0x00000000e5560000)
  from space 21824K, 100% used [0x00000000e6ab0000, 0x00000000e8000000, 0x00000000e8000000)
  to   space 21824K,   0% used [0x00000000e5560000, 0x00000000e5560000, 0x00000000e6ab0000)
 concurrent mark-sweep generation total 393216K, used 98710K [0x00000000e8000000, 0x0000000100000000, 0x0000000100000000)
 Metaspace       used 57829K, capacity 59568K, committed 59668K, reserved 1101824K
  class space    used 6570K, capacity 6955K, committed 6976K, reserved 1048576K
2020-05-19T15:15:53.572+0000: 16710.509: [GC (Allocation Failure) 2020-05-19T15:15:53.572+0000: 16710.509: [ParNew
Desired survivor size 20112992 bytes, new threshold 6 (max 8)
- age   1:    6438344 bytes,    6438344 total
- age   2:    7032368 bytes,   13470712 total
- age   3:        576 bytes,   13471288 total
- age   4:    2317024 bytes,   15788312 total
- age   5:    3068560 bytes,   18856872 total
- age   6:    3481640 bytes,   22338512 total
: 109248K->21824K(109248K), 0.0165243 secs] 207958K->129347K(502464K), 0.0166033 secs] [Times: user=0.06 sys=0.00, real=0.02 secs] 
Heap after GC invocations=548 (full 32):
 par new generation   total 109248K, used 21824K [0x00000000e0000000, 0x00000000e8000000, 0x00000000e8000000)
  eden space 87424K,   0% used [0x00000000e0000000, 0x00000000e0000000, 0x00000000e5560000)
  from space 21824K, 100% used [0x00000000e5560000, 0x00000000e6ab0000, 0x00000000e6ab0000)
  to   space 21824K,   0% used [0x00000000e6ab0000, 0x00000000e6ab0000, 0x00000000e8000000)
 concurrent mark-sweep generation total 393216K, used 107523K [0x00000000e8000000, 0x0000000100000000, 0x0000000100000000)
 Metaspace       used 57829K, capacity 59568K, committed 59668K, reserved 1101824K
  class space    used 6570K, capacity 6955K, committed 6976K, reserved 1048576K
}
2020-05-19T15:15:53.588+0000: 16710.525: Total time for which application threads were stopped: 0.0168759 seconds, Stopping threads took: 0.0000627 seconds
{Heap before GC invocations=548 (full 32):
 par new generation   total 109248K, used 109248K [0x00000000e0000000, 0x00000000e8000000, 0x00000000e8000000)
  eden space 87424K, 100% used [0x00000000e0000000, 0x00000000e5560000, 0x00000000e5560000)
  from space 21824K, 100% used [0x00000000e5560000, 0x00000000e6ab0000, 0x00000000e6ab0000)
  to   space 21824K,   0% used [0x00000000e6ab0000, 0x00000000e6ab0000, 0x00000000e8000000)
 concurrent mark-sweep generation total 393216K, used 107523K [0x00000000e8000000, 0x0000000100000000, 0x0000000100000000)
 Metaspace       used 57829K, capacity 59568K, committed 59668K, reserved 1101824K
  class space    used 6570K, capacity 6955K, committed 6976K, reserved 1048576K
2020-05-19T15:15:53.662+0000: 16710.599: [GC (Allocation Failure) 2020-05-19T15:15:53.662+0000: 16710.599: [ParNew
Desired survivor size 20112992 bytes, new threshold 6 (max 8)
- age   1:    6965288 bytes,    6965288 total
- age   2:    2966760 bytes,    9932048 total
- age   3:    6789112 bytes,   16721160 total
- age   4:        576 bytes,   16721736 total
- age   5:    2317024 bytes,   19038760 total
- age   6:    3068560 bytes,   22107320 total
: 109248K->21824K(109248K), 0.0163019 secs] 216771K->139140K(502464K), 0.0163942 secs] [Times: user=0.06 sys=0.00, real=0.02 secs] 
Heap after GC invocations=549 (full 32):
 par new generation   total 109248K, used 21824K [0x00000000e0000000, 0x00000000e8000000, 0x00000000e8000000)
  eden space 87424K,   0% used [0x00000000e0000000, 0x00000000e0000000, 0x00000000e5560000)
  from space 21824K, 100% used [0x00000000e6ab0000, 0x00000000e8000000, 0x00000000e8000000)
  to   space 21824K,   0% used [0x00000000e5560000, 0x00000000e5560000, 0x00000000e6ab0000)
 concurrent mark-sweep generation total 393216K, used 117316K [0x00000000e8000000, 0x0000000100000000, 0x0000000100000000)
 Metaspace       used 57829K, capacity 59568K, committed 59668K, reserved 1101824K
  class space    used 6570K, capacity 6955K, committed 6976K, reserved 1048576K
}
2020-05-19T15:15:53.679+0000: 16710.615: Total time for which application threads were stopped: 0.0167172 seconds, Stopping threads took: 0.0000598 seconds
2020-05-19T15:15:54.665+0000: 16711.602: Total time for which application threads were stopped: 0.0001377 seconds, Stopping threads took: 0.0000559 seconds
2020-05-19T15:15:54.665+0000: 16711.602: Total time for which application threads were stopped: 0.0001416 seconds, Stopping threads took: 0.0000484 seconds
2020-05-19T15:15:54.666+0000: 16711.603: Total time for which application threads were stopped: 0.0001888 seconds, Stopping threads took: 0.0001166 seconds
2020-05-19T15:15:54.667+0000: 16711.604: Total time for which application threads were stopped: 0.0001066 seconds, Stopping threads took: 0.0000510 seconds
2020-05-19T15:16:14.697+0000: 16731.635: Total time for which application threads were stopped: 0.0002196 seconds, Stopping threads took: 0.0001399 seconds
2020-05-19T15:16:14.705+0000: 16731.642: Total time for which application threads were stopped: 0.0000818 seconds, Stopping threads took: 0.0000207 seconds
2020-05-19T15:16:14.714+0000: 16731.651: Total time for which application threads were stopped: 0.0004848 seconds, Stopping threads took: 0.0000758 seconds
{Heap before GC invocations=549 (full 32):
 par new generation   total 109248K, used 109248K [0x00000000e0000000, 0x00000000e8000000, 0x00000000e8000000)
  eden space 87424K, 100% used [0x00000000e0000000, 0x00000000e5560000, 0x00000000e5560000)
  from space 21824K, 100% used [0x00000000e6ab0000, 0x00000000e8000000, 0x00000000e8000000)
  to   space 21824K,   0% used [0x00000000e5560000, 0x00000000e5560000, 0x00000000e6ab0000)
 concurrent mark-sweep generation total 393216K, used 117316K [0x00000000e8000000, 0x0000000100000000, 0x0000000100000000)
 Metaspace       used 57834K, capacity 59568K, committed 59668K, reserved 1101824K
  class space    used 6570K, capacity 6955K, committed 6976K, reserved 1048576K
2020-05-19T15:16:14.776+0000: 16731.713: [GC (Allocation Failure) 2020-05-19T15:16:14.776+0000: 16731.713: [ParNew
Desired survivor size 20112992 bytes, new threshold 6 (max 8)
- age   1:    7258832 bytes,    7258832 total
- age   2:    5366840 bytes,   12625672 total
- age   3:    2462520 bytes,   15088192 total
- age   4:    4998032 bytes,   20086224 total
- age   5:        576 bytes,   20086800 total
- age   6:    2259752 bytes,   22346552 total
: 109248K->21824K(109248K), 0.0170982 secs] 226564K->147401K(502464K), 0.0171812 secs] [Times: user=0.06 sys=0.00, real=0.02 secs] 
Heap after GC invocations=550 (full 32):
 par new generation   total 109248K, used 21824K [0x00000000e0000000, 0x00000000e8000000, 0x00000000e8000000)
  eden space 87424K,   0% used [0x00000000e0000000, 0x00000000e0000000, 0x00000000e5560000)
  from space 21824K, 100% used [0x00000000e5560000, 0x00000000e6ab0000, 0x00000000e6ab0000)
  to   space 21824K,   0% used [0x00000000e6ab0000, 0x00000000e6ab0000, 0x00000000e8000000)
 concurrent mark-sweep generation total 393216K, used 125577K [0x00000000e8000000, 0x0000000100000000, 0x0000000100000000)
 Metaspace       used 57834K, capacity 59568K, committed 59668K, reserved 1101824K
  class space    used 6570K, capacity 6955K, committed 6976K, reserved 1048576K
}
2020-05-19T15:16:14.793+0000: 16731.730: Total time for which application threads were stopped: 0.0174297 seconds, Stopping threads took: 0.0000533 seconds
2020-05-19T15:16:14.835+0000: 16731.772: Total time for which application threads were stopped: 0.0001528 seconds, Stopping threads took: 0.0000629 seconds
{Heap before GC invocations=550 (full 32):
 par new generation   total 109248K, used 109248K [0x00000000e0000000, 0x00000000e8000000, 0x00000000e8000000)
  eden space 87424K, 100% used [0x00000000e0000000, 0x00000000e5560000, 0x00000000e5560000)
  from space 21824K, 100% used [0x00000000e5560000, 0x00000000e6ab0000, 0x00000000e6ab0000)
  to   space 21824K,   0% used [0x00000000e6ab0000, 0x00000000e6ab0000, 0x00000000e8000000)
 concurrent mark-sweep generation total 393216K, used 125577K [0x00000000e8000000, 0x0000000100000000, 0x0000000100000000)
 Metaspace       used 57834K, capacity 59568K, committed 59668K, reserved 1101824K
  class space    used 6570K, capacity 6955K, committed 6976K, reserved 1048576K
2020-05-19T15:16:14.884+0000: 16731.821: [GC (Allocation Failure) 2020-05-19T15:16:14.884+0000: 16731.821: [ParNew
Desired survivor size 20112992 bytes, new threshold 5 (max 8)
- age   1:    7456288 bytes,    7456288 total
- age   2:    5081688 bytes,   12537976 total
- age   3:    3488584 bytes,   16026560 total
- age   4:    2415248 bytes,   18441808 total
- age   5:    3885176 bytes,   22326984 total
- age   6:        576 bytes,   22327560 total
: 109248K->21824K(109248K), 0.0154171 secs] 234825K->156529K(502464K), 0.0154861 secs] [Times: user=0.06 sys=0.00, real=0.02 secs] 
Heap after GC invocations=551 (full 32):
 par new generation   total 109248K, used 21824K [0x00000000e0000000, 0x00000000e8000000, 0x00000000e8000000)
  eden space 87424K,   0% used [0x00000000e0000000, 0x00000000e0000000, 0x00000000e5560000)
  from space 21824K, 100% used [0x00000000e6ab0000, 0x00000000e8000000, 0x00000000e8000000)
  to   space 21824K,   0% used [0x00000000e5560000, 0x00000000e5560000, 0x00000000e6ab0000)
 concurrent mark-sweep generation total 393216K, used 134705K [0x00000000e8000000, 0x0000000100000000, 0x0000000100000000)
 Metaspace       used 57834K, capacity 59568K, committed 59668K, reserved 1101824K
  class space    used 6570K, capacity 6955K, committed 6976K, reserved 1048576K
}
2020-05-19T15:16:14.900+0000: 16731.837: Total time for which application threads were stopped: 0.0157425 seconds, Stopping threads took: 0.0000585 seconds
2020-05-19T15:16:14.900+0000: 16731.837: Total time for which application threads were stopped: 0.0001425 seconds, Stopping threads took: 0.0000637 seconds
2020-05-19T15:16:14.900+0000: 16731.837: Total time for which application threads were stopped: 0.0001014 seconds, Stopping threads took: 0.0000417 seconds
{Heap before GC invocations=551 (full 32):
 par new generation   total 109248K, used 109248K [0x00000000e0000000, 0x00000000e8000000, 0x00000000e8000000)
  eden space 87424K, 100% used [0x00000000e0000000, 0x00000000e5560000, 0x00000000e5560000)
  from space 21824K, 100% used [0x00000000e6ab0000, 0x00000000e8000000, 0x00000000e8000000)
  to   space 21824K,   0% used [0x00000000e5560000, 0x00000000e5560000, 0x00000000e6ab0000)
 concurrent mark-sweep generation total 393216K, used 134705K [0x00000000e8000000, 0x0000000100000000, 0x0000000100000000)
 Metaspace       used 57834K, capacity 59568K, committed 59668K, reserved 1101824K
  class space    used 6570K, capacity 6955K, committed 6976K, reserved 1048576K
2020-05-19T15:16:14.981+0000: 16731.918: [GC (Allocation Failure) 2020-05-19T15:16:14.981+0000: 16731.919: [ParNew
Desired survivor size 20112992 bytes, new threshold 5 (max 8)
- age   1:    5563576 bytes,    5563576 total
- age   2:    4469144 bytes,   10032720 total
- age   3:    5079208 bytes,   15111928 total
- age   4:    3112880 bytes,   18224808 total
- age   5:    2339496 bytes,   20564304 total
: 109248K->21824K(109248K), 0.0181510 secs] 243953K->167848K(502464K), 0.0182241 secs] [Times: user=0.06 sys=0.00, real=0.02 secs] 
Heap after GC invocations=552 (full 32):
 par new generation   total 109248K, used 21824K [0x00000000e0000000, 0x00000000e8000000, 0x00000000e8000000)
  eden space 87424K,   0% used [0x00000000e0000000, 0x00000000e0000000, 0x00000000e5560000)
  from space 21824K, 100% used [0x00000000e5560000, 0x00000000e6ab0000, 0x00000000e6ab0000)
  to   space 21824K,   0% used [0x00000000e6ab0000, 0x00000000e6ab0000, 0x00000000e8000000)
 concurrent mark-sweep generation total 393216K, used 146024K [0x00000000e8000000, 0x0000000100000000, 0x0000000100000000)
 Metaspace       used 57834K, capacity 59568K, committed 59668K, reserved 1101824K
  class space    used 6570K, capacity 6955K, committed 6976K, reserved 1048576K
}
2020-05-19T15:16:14.999+0000: 16731.937: Total time for which application threads were stopped: 0.0184464 seconds, Stopping threads took: 0.0000510 seconds
2020-05-19T15:16:16.000+0000: 16732.936: Total time for which application threads were stopped: 0.0001341 seconds, Stopping threads took: 0.0000479 seconds
2020-05-19T15:16:16.107+0000: 16733.044: Total time for which application threads were stopped: 0.0001549 seconds, Stopping threads took: 0.0000677 seconds
2020-05-19T15:16:16.107+0000: 16733.044: Total time for which application threads were stopped: 0.0001366 seconds, Stopping threads took: 0.0000651 seconds
2020-05-19T15:16:16.108+0000: 16733.045: Total time for which application threads were stopped: 0.0001950 seconds, Stopping threads took: 0.0000564 seconds
2020-05-19T15:16:16.108+0000: 16733.045: Total time for which application threads were stopped: 0.0001110 seconds, Stopping threads took: 0.0000369 seconds
2020-05-19T15:16:17.109+0000: 16734.045: Total time for which application threads were stopped: 0.0001106 seconds, Stopping threads took: 0.0000415 seconds
2020-05-19T15:16:22.901+0000: 16739.838: Total time for which application threads were stopped: 0.0001706 seconds, Stopping threads took: 0.0001037 seconds
2020-05-19T15:16:22.910+0000: 16739.847: Total time for which application threads were stopped: 0.0002234 seconds, Stopping threads took: 0.0001600 seconds
2020-05-19T15:16:22.915+0000: 16739.851: Total time for which application threads were stopped: 0.0002614 seconds, Stopping threads took: 0.0000771 seconds
2020-05-19T15:16:22.916+0000: 16739.852: Total time for which application threads were stopped: 0.0003638 seconds, Stopping threads took: 0.0001986 seconds
{Heap before GC invocations=552 (full 32):
 par new generation   total 109248K, used 108781K [0x00000000e0000000, 0x00000000e8000000, 0x00000000e8000000)
  eden space 87424K,  99% used [0x00000000e0000000, 0x00000000e54eb548, 0x00000000e5560000)
  from space 21824K, 100% used [0x00000000e5560000, 0x00000000e6ab0000, 0x00000000e6ab0000)
  to   space 21824K,   0% used [0x00000000e6ab0000, 0x00000000e6ab0000, 0x00000000e8000000)
 concurrent mark-sweep generation total 393216K, used 146024K [0x00000000e8000000, 0x0000000100000000, 0x0000000100000000)
 Metaspace       used 57841K, capacity 59568K, committed 59668K, reserved 1101824K
  class space    used 6570K, capacity 6955K, committed 6976K, reserved 1048576K
2020-05-19T15:16:22.940+0000: 16739.877: [GC (Allocation Failure) 2020-05-19T15:16:22.940+0000: 16739.877: [ParNew
Desired survivor size 20112992 bytes, new threshold 8 (max 8)
- age   1:    4535656 bytes,    4535656 total
- age   2:    3268320 bytes,    7803976 total
- age   3:    4449696 bytes,   12253672 total
- age   4:    4991192 bytes,   17244864 total
- age   5:    2487824 bytes,   19732688 total
: 108781K->21824K(109248K), 0.0121332 secs] 254805K->173048K(502464K), 0.0122018 secs] [Times: user=0.06 sys=0.00, real=0.01 secs] 
Heap after GC invocations=553 (full 32):
 par new generation   total 109248K, used 21824K [0x00000000e0000000, 0x00000000e8000000, 0x00000000e8000000)
  eden space 87424K,   0% used [0x00000000e0000000, 0x00000000e0000000, 0x00000000e5560000)
  from space 21824K, 100% used [0x00000000e6ab0000, 0x00000000e8000000, 0x00000000e8000000)
  to   space 21824K,   0% used [0x00000000e5560000, 0x00000000e5560000, 0x00000000e6ab0000)
 concurrent mark-sweep generation total 393216K, used 151224K [0x00000000e8000000, 0x0000000100000000, 0x0000000100000000)
 Metaspace       used 57841K, capacity 59568K, committed 59668K, reserved 1101824K
  class space    used 6570K, capacity 6955K, committed 6976K, reserved 1048576K
}
2020-05-19T15:16:22.952+0000: 16739.890: Total time for which application threads were stopped: 0.0124301 seconds, Stopping threads took: 0.0000510 seconds
2020-05-19T15:16:23.028+0000: 16739.965: Total time for which application threads were stopped: 0.0001907 seconds, Stopping threads took: 0.0000811 seconds
{Heap before GC invocations=553 (full 32):
 par new generation   total 109248K, used 109106K [0x00000000e0000000, 0x00000000e8000000, 0x00000000e8000000)
  eden space 87424K,  99% used [0x00000000e0000000, 0x00000000e553c828, 0x00000000e5560000)
  from space 21824K, 100% used [0x00000000e6ab0000, 0x00000000e8000000, 0x00000000e8000000)
  to   space 21824K,   0% used [0x00000000e5560000, 0x00000000e5560000, 0x00000000e6ab0000)
 concurrent mark-sweep generation total 393216K, used 151224K [0x00000000e8000000, 0x0000000100000000, 0x0000000100000000)
 Metaspace       used 57841K, capacity 59568K, committed 59668K, reserved 1101824K
  class space    used 6570K, capacity 6955K, committed 6976K, reserved 1048576K
2020-05-19T15:16:23.043+0000: 16739.980: [GC (Allocation Failure) 2020-05-19T15:16:23.043+0000: 16739.980: [ParNew
Desired survivor size 20112992 bytes, new threshold 6 (max 8)
- age   1:    3362128 bytes,    3362128 total
- age   2:    3818984 bytes,    7181112 total
- age   3:    3262184 bytes,   10443296 total
- age   4:    4449520 bytes,   14892816 total
- age   5:    4991128 bytes,   19883944 total
- age   6:    2487824 bytes,   22371768 total
: 109106K->21824K(109248K), 0.0162226 secs] 260330K->180892K(502464K), 0.0162882 secs] [Times: user=0.06 sys=0.00, real=0.02 secs] 
Heap after GC invocations=554 (full 32):
 par new generation   total 109248K, used 21824K [0x00000000e0000000, 0x00000000e8000000, 0x00000000e8000000)
  eden space 87424K,   0% used [0x00000000e0000000, 0x00000000e0000000, 0x00000000e5560000)
  from space 21824K, 100% used [0x00000000e5560000, 0x00000000e6ab0000, 0x00000000e6ab0000)
  to   space 21824K,   0% used [0x00000000e6ab0000, 0x00000000e6ab0000, 0x00000000e8000000)
 concurrent mark-sweep generation total 393216K, used 159068K [0x00000000e8000000, 0x0000000100000000, 0x0000000100000000)
 Metaspace       used 57841K, capacity 59568K, committed 59668K, reserved 1101824K
  class space    used 6570K, capacity 6955K, committed 6976K, reserved 1048576K
}
2020-05-19T15:16:23.059+0000: 16739.996: Total time for which application threads were stopped: 0.0165149 seconds, Stopping threads took: 0.0000540 seconds
{Heap before GC invocations=554 (full 32):
 par new generation   total 109248K, used 109248K [0x00000000e0000000, 0x00000000e8000000, 0x00000000e8000000)
  eden space 87424K, 100% used [0x00000000e0000000, 0x00000000e5560000, 0x00000000e5560000)
  from space 21824K, 100% used [0x00000000e5560000, 0x00000000e6ab0000, 0x00000000e6ab0000)
  to   space 21824K,   0% used [0x00000000e6ab0000, 0x00000000e6ab0000, 0x00000000e8000000)
 concurrent mark-sweep generation total 393216K, used 159068K [0x00000000e8000000, 0x0000000100000000, 0x0000000100000000)
 Metaspace       used 57841K, capacity 59568K, committed 59668K, reserved 1101824K
  class space    used 6570K, capacity 6955K, committed 6976K, reserved 1048576K
2020-05-19T15:16:23.138+0000: 16740.075: [GC (Allocation Failure) 2020-05-19T15:16:23.138+0000: 16740.075: [ParNew
Desired survivor size 20112992 bytes, new threshold 6 (max 8)
- age   1:    5014144 bytes,    5014144 total
- age   2:    1809720 bytes,    6823864 total
- age   3:    3425664 bytes,   10249528 total
- age   4:    2889320 bytes,   13138848 total
- age   5:    4064616 bytes,   17203464 total
- age   6:    4989920 bytes,   22193384 total
: 109248K->21824K(109248K), 0.0168924 secs] 268316K->191901K(502464K), 0.0169853 secs] [Times: user=0.06 sys=0.00, real=0.02 secs] 
Heap after GC invocations=555 (full 32):
 par new generation   total 109248K, used 21824K [0x00000000e0000000, 0x00000000e8000000, 0x00000000e8000000)
  eden space 87424K,   0% used [0x00000000e0000000, 0x00000000e0000000, 0x00000000e5560000)
  from space 21824K, 100% used [0x00000000e6ab0000, 0x00000000e8000000, 0x00000000e8000000)
  to   space 21824K,   0% used [0x00000000e5560000, 0x00000000e5560000, 0x00000000e6ab0000)
 concurrent mark-sweep generation total 393216K, used 170077K [0x00000000e8000000, 0x0000000100000000, 0x0000000100000000)
 Metaspace       used 57841K, capacity 59568K, committed 59668K, reserved 1101824K
  class space    used 6570K, capacity 6955K, committed 6976K, reserved 1048576K
}
2020-05-19T15:16:23.155+0000: 16740.092: Total time for which application threads were stopped: 0.0172527 seconds, Stopping threads took: 0.0000708 seconds
{Heap before GC invocations=555 (full 32):
 par new generation   total 109248K, used 109248K [0x00000000e0000000, 0x00000000e8000000, 0x00000000e8000000)
  eden space 87424K, 100% used [0x00000000e0000000, 0x00000000e5560000, 0x00000000e5560000)
  from space 21824K, 100% used [0x00000000e6ab0000, 0x00000000e8000000, 0x00000000e8000000)
  to   space 21824K,   0% used [0x00000000e5560000, 0x00000000e5560000, 0x00000000e6ab0000)
 concurrent mark-sweep generation total 393216K, used 170077K [0x00000000e8000000, 0x0000000100000000, 0x0000000100000000)
 Metaspace       used 57841K, capacity 59568K, committed 59668K, reserved 1101824K
  class space    used 6570K, capacity 6955K, committed 6976K, reserved 1048576K
2020-05-19T15:16:23.240+0000: 16740.176: [GC (Allocation Failure) 2020-05-19T15:16:23.240+0000: 16740.176: [ParNew
Desired survivor size 20112992 bytes, new threshold 6 (max 8)
- age   1:    5548016 bytes,    5548016 total
- age   2:    3267776 bytes,    8815792 total
- age   3:    1791592 bytes,   10607384 total
- age   4:    3425400 bytes,   14032784 total
- age   5:    2790408 bytes,   16823192 total
- age   6:    4058464 bytes,   20881656 total
: 109248K->21824K(109248K), 0.0148708 secs] 279325K->201464K(502464K), 0.0149726 secs] [Times: user=0.06 sys=0.00, real=0.02 secs] 
Heap after GC invocations=556 (full 32):
 par new generation   total 109248K, used 21824K [0x00000000e0000000, 0x00000000e8000000, 0x00000000e8000000)
  eden space 87424K,   0% used [0x00000000e0000000, 0x00000000e0000000, 0x00000000e5560000)
  from space 21824K, 100% used [0x00000000e5560000, 0x00000000e6ab0000, 0x00000000e6ab0000)
  to   space 21824K,   0% used [0x00000000e6ab0000, 0x00000000e6ab0000, 0x00000000e8000000)
 concurrent mark-sweep generation total 393216K, used 179640K [0x00000000e8000000, 0x0000000100000000, 0x0000000100000000)
 Metaspace       used 57841K, capacity 59568K, committed 59668K, reserved 1101824K
  class space    used 6570K, capacity 6955K, committed 6976K, reserved 1048576K
}
2020-05-19T15:16:23.255+0000: 16740.191: Total time for which application threads were stopped: 0.0152331 seconds, Stopping threads took: 0.0000529 seconds
2020-05-19T15:16:24.032+0000: 16740.969: Total time for which application threads were stopped: 0.0001204 seconds, Stopping threads took: 0.0000562 seconds
2020-05-19T15:16:24.032+0000: 16740.969: Total time for which application threads were stopped: 0.0000844 seconds, Stopping threads took: 0.0000400 seconds
2020-05-19T15:16:24.033+0000: 16740.970: Total time for which application threads were stopped: 0.0001468 seconds, Stopping threads took: 0.0000360 seconds
2020-05-19T15:16:24.034+0000: 16740.970: Total time for which application threads were stopped: 0.0001097 seconds, Stopping threads took: 0.0000502 seconds
2020-05-19T15:16:31.602+0000: 16748.539: Total time for which application threads were stopped: 0.0001934 seconds, Stopping threads took: 0.0001259 seconds
2020-05-19T15:16:31.612+0000: 16748.549: Total time for which application threads were stopped: 0.0001304 seconds, Stopping threads took: 0.0000682 seconds
{Heap before GC invocations=556 (full 32):
 par new generation   total 109248K, used 109248K [0x00000000e0000000, 0x00000000e8000000, 0x00000000e8000000)
  eden space 87424K, 100% used [0x00000000e0000000, 0x00000000e5560000, 0x00000000e5560000)
  from space 21824K, 100% used [0x00000000e5560000, 0x00000000e6ab0000, 0x00000000e6ab0000)
  to   space 21824K,   0% used [0x00000000e6ab0000, 0x00000000e6ab0000, 0x00000000e8000000)
 concurrent mark-sweep generation total 393216K, used 179640K [0x00000000e8000000, 0x0000000100000000, 0x0000000100000000)
 Metaspace       used 57867K, capacity 59696K, committed 59924K, reserved 1101824K
  class space    used 6570K, capacity 6955K, committed 6976K, reserved 1048576K
2020-05-19T15:16:31.693+0000: 16748.630: [GC (Allocation Failure) 2020-05-19T15:16:31.693+0000: 16748.630: [ParNew
Desired survivor size 20112992 bytes, new threshold 6 (max 8)
- age   1:    8205080 bytes,    8205080 total
- age   2:    3766808 bytes,   11971888 total
- age   3:    2483432 bytes,   14455320 total
- age   4:    1705736 bytes,   16161056 total
- age   5:    3363816 bytes,   19524872 total
- age   6:    2790368 bytes,   22315240 total
: 109248K->21824K(109248K), 0.0157877 secs] 288888K->209776K(502464K), 0.0158630 secs] [Times: user=0.05 sys=0.00, real=0.02 secs] 
Heap after GC invocations=557 (full 32):
 par new generation   total 109248K, used 21824K [0x00000000e0000000, 0x00000000e8000000, 0x00000000e8000000)
  eden space 87424K,   0% used [0x00000000e0000000, 0x00000000e0000000, 0x00000000e5560000)
  from space 21824K, 100% used [0x00000000e6ab0000, 0x00000000e8000000, 0x00000000e8000000)
  to   space 21824K,   0% used [0x00000000e5560000, 0x00000000e5560000, 0x00000000e6ab0000)
 concurrent mark-sweep generation total 393216K, used 187952K [0x00000000e8000000, 0x0000000100000000, 0x0000000100000000)
 Metaspace       used 57867K, capacity 59696K, committed 59924K, reserved 1101824K
  class space    used 6570K, capacity 6955K, committed 6976K, reserved 1048576K
}
2020-05-19T15:16:31.709+0000: 16748.646: Total time for which application threads were stopped: 0.0160972 seconds, Stopping threads took: 0.0000518 seconds
2020-05-19T15:16:31.733+0000: 16748.670: Total time for which application threads were stopped: 0.0001815 seconds, Stopping threads took: 0.0000763 seconds
{Heap before GC invocations=557 (full 32):
 par new generation   total 109248K, used 109248K [0x00000000e0000000, 0x00000000e8000000, 0x00000000e8000000)
  eden space 87424K, 100% used [0x00000000e0000000, 0x00000000e5560000, 0x00000000e5560000)
  from space 21824K, 100% used [0x00000000e6ab0000, 0x00000000e8000000, 0x00000000e8000000)
  to   space 21824K,   0% used [0x00000000e5560000, 0x00000000e5560000, 0x00000000e6ab0000)
 concurrent mark-sweep generation total 393216K, used 187952K [0x00000000e8000000, 0x0000000100000000, 0x0000000100000000)
 Metaspace       used 57867K, capacity 59696K, committed 59924K, reserved 1101824K
  class space    used 6570K, capacity 6955K, committed 6976K, reserved 1048576K
2020-05-19T15:16:31.800+0000: 16748.736: [GC (Allocation Failure) 2020-05-19T15:16:31.800+0000: 16748.736: [ParNew
Desired survivor size 20112992 bytes, new threshold 8 (max 8)
- age   1:    2508496 bytes,    2508496 total
- age   2:    6421160 bytes,    8929656 total
- age   3:    3766288 bytes,   12695944 total
- age   4:    2371168 bytes,   15067112 total
- age   5:    1703464 bytes,   16770576 total
- age   6:    3045960 bytes,   19816536 total
: 109248K->21824K(109248K), 0.0149798 secs] 297200K->220035K(502464K), 0.0150502 secs] [Times: user=0.06 sys=0.00, real=0.02 secs] 
Heap after GC invocations=558 (full 32):
 par new generation   total 109248K, used 21824K [0x00000000e0000000, 0x00000000e8000000, 0x00000000e8000000)
  eden space 87424K,   0% used [0x00000000e0000000, 0x00000000e0000000, 0x00000000e5560000)
  from space 21824K, 100% used [0x00000000e5560000, 0x00000000e6ab0000, 0x00000000e6ab0000)
  to   space 21824K,   0% used [0x00000000e6ab0000, 0x00000000e6ab0000, 0x00000000e8000000)
 concurrent mark-sweep generation total 393216K, used 198211K [0x00000000e8000000, 0x0000000100000000, 0x0000000100000000)
 Metaspace       used 57867K, capacity 59696K, committed 59924K, reserved 1101824K
  class space    used 6570K, capacity 6955K, committed 6976K, reserved 1048576K
}
2020-05-19T15:16:31.815+0000: 16748.752: Total time for which application threads were stopped: 0.0153133 seconds, Stopping threads took: 0.0000882 seconds
2020-05-19T15:16:31.815+0000: 16748.752: [GC (CMS Initial Mark) [1 CMS-initial-mark: 198211K(393216K)] 221238K(502464K), 0.0033702 secs] [Times: user=0.00 sys=0.00, real=0.00 secs] 
2020-05-19T15:16:31.818+0000: 16748.755: Total time for which application threads were stopped: 0.0035648 seconds, Stopping threads took: 0.0000680 seconds
2020-05-19T15:16:31.818+0000: 16748.755: [CMS-concurrent-mark-start]
2020-05-19T15:16:31.844+0000: 16748.781: [CMS-concurrent-mark: 0.026/0.026 secs] [Times: user=0.13 sys=0.00, real=0.03 secs] 
2020-05-19T15:16:31.844+0000: 16748.781: [CMS-concurrent-preclean-start]
2020-05-19T15:16:31.846+0000: 16748.782: [CMS-concurrent-preclean: 0.001/0.001 secs] [Times: user=0.00 sys=0.00, real=0.00 secs] 
2020-05-19T15:16:31.846+0000: 16748.782: [CMS-concurrent-abortable-preclean-start]
{Heap before GC invocations=558 (full 33):
 par new generation   total 109248K, used 109248K [0x00000000e0000000, 0x00000000e8000000, 0x00000000e8000000)
  eden space 87424K, 100% used [0x00000000e0000000, 0x00000000e5560000, 0x00000000e5560000)
  from space 21824K, 100% used [0x00000000e5560000, 0x00000000e6ab0000, 0x00000000e6ab0000)
  to   space 21824K,   0% used [0x00000000e6ab0000, 0x00000000e6ab0000, 0x00000000e8000000)
 concurrent mark-sweep generation total 393216K, used 198211K [0x00000000e8000000, 0x0000000100000000, 0x0000000100000000)
 Metaspace       used 57867K, capacity 59696K, committed 59924K, reserved 1101824K
  class space    used 6570K, capacity 6955K, committed 6976K, reserved 1048576K
2020-05-19T15:16:31.939+0000: 16748.877: [GC (Allocation Failure) 2020-05-19T15:16:31.939+0000: 16748.877: [ParNew
Desired survivor size 20112992 bytes, new threshold 7 (max 8)
- age   1:    3169520 bytes,    3169520 total
- age   2:    2170200 bytes,    5339720 total
- age   3:    6172664 bytes,   11512384 total
- age   4:    3765456 bytes,   15277840 total
- age   5:    2370760 bytes,   17648600 total
- age   6:    1702856 bytes,   19351456 total
- age   7:    2986432 bytes,   22337888 total
: 109248K->21824K(109248K), 0.0151458 secs] 307459K->227453K(502464K), 0.0152282 secs] [Times: user=0.06 sys=0.00, real=0.02 secs] 
Heap after GC invocations=559 (full 33):
 par new generation   total 109248K, used 21824K [0x00000000e0000000, 0x00000000e8000000, 0x00000000e8000000)
  eden space 87424K,   0% used [0x00000000e0000000, 0x00000000e0000000, 0x00000000e5560000)
  from space 21824K, 100% used [0x00000000e6ab0000, 0x00000000e8000000, 0x00000000e8000000)
  to   space 21824K,   0% used [0x00000000e5560000, 0x00000000e5560000, 0x00000000e6ab0000)
 concurrent mark-sweep generation total 393216K, used 205629K [0x00000000e8000000, 0x0000000100000000, 0x0000000100000000)
 Metaspace       used 57867K, capacity 59696K, committed 59924K, reserved 1101824K
  class space    used 6570K, capacity 6955K, committed 6976K, reserved 1048576K
}
2020-05-19T15:16:31.955+0000: 16748.892: Total time for which application threads were stopped: 0.0154823 seconds, Stopping threads took: 0.0000556 seconds
2020-05-19T15:16:32.021+0000: 16748.958: [CMS-concurrent-abortable-preclean: 0.109/0.175 secs] [Times: user=0.53 sys=0.00, real=0.17 secs] 
2020-05-19T15:16:32.021+0000: 16748.958: [GC (CMS Final Remark) [YG occupancy: 72112 K (109248 K)]{Heap before GC invocations=559 (full 33):
 par new generation   total 109248K, used 72112K [0x00000000e0000000, 0x00000000e8000000, 0x00000000e8000000)
  eden space 87424K,  57% used [0x00000000e0000000, 0x00000000e311c2d0, 0x00000000e5560000)
  from space 21824K, 100% used [0x00000000e6ab0000, 0x00000000e8000000, 0x00000000e8000000)
  to   space 21824K,   0% used [0x00000000e5560000, 0x00000000e5560000, 0x00000000e6ab0000)
 concurrent mark-sweep generation total 393216K, used 205629K [0x00000000e8000000, 0x0000000100000000, 0x0000000100000000)
 Metaspace       used 57867K, capacity 59696K, committed 59924K, reserved 1101824K
  class space    used 6570K, capacity 6955K, committed 6976K, reserved 1048576K
2020-05-19T15:16:32.021+0000: 16748.958: [GC (CMS Final Remark) 2020-05-19T15:16:32.021+0000: 16748.958: [ParNew
Desired survivor size 20112992 bytes, new threshold 6 (max 8)
- age   1:    3764976 bytes,    3764976 total
- age   2:    2479288 bytes,    6244264 total
- age   3:    2118088 bytes,    8362352 total
- age   4:    6065616 bytes,   14427968 total
- age   5:    3764496 bytes,   18192464 total
- age   6:    2370760 bytes,   20563224 total
- age   7:    1701160 bytes,   22264384 total
: 72112K->21824K(109248K), 0.0142179 secs] 277742K->234580K(502464K), 0.0142725 secs] [Times: user=0.06 sys=0.00, real=0.01 secs] 
Heap after GC invocations=560 (full 33):
 par new generation   total 109248K, used 21824K [0x00000000e0000000, 0x00000000e8000000, 0x00000000e8000000)
  eden space 87424K,   0% used [0x00000000e0000000, 0x00000000e0000000, 0x00000000e5560000)
  from space 21824K, 100% used [0x00000000e5560000, 0x00000000e6ab0000, 0x00000000e6ab0000)
  to   space 21824K,   0% used [0x00000000e6ab0000, 0x00000000e6ab0000, 0x00000000e8000000)
 concurrent mark-sweep generation total 393216K, used 212756K [0x00000000e8000000, 0x0000000100000000, 0x0000000100000000)
 Metaspace       used 57867K, capacity 59696K, committed 59924K, reserved 1101824K
  class space    used 6570K, capacity 6955K, committed 6976K, reserved 1048576K
}
2020-05-19T15:16:32.035+0000: 16748.972: [Rescan (parallel) , 0.0057477 secs]2020-05-19T15:16:32.041+0000: 16748.978: [weak refs processing, 0.0063696 secs]2020-05-19T15:16:32.047+0000: 16748.985: [class unloading, 0.0151096 secs]2020-05-19T15:16:32.063+0000: 16749.000: [scrub symbol table, 0.0121443 secs]2020-05-19T15:16:32.075+0000: 16749.012: [scrub string table, 0.0006499 secs][1 CMS-remark: 212756K(393216K)] 234580K(502464K), 0.0546626 secs] [Times: user=0.16 sys=0.00, real=0.06 secs] 
2020-05-19T15:16:32.076+0000: 16749.013: Total time for which application threads were stopped: 0.0548486 seconds, Stopping threads took: 0.0000622 seconds
2020-05-19T15:16:32.076+0000: 16749.013: [CMS-concurrent-sweep-start]
2020-05-19T15:16:32.082+0000: 16749.019: Total time for which application threads were stopped: 0.0002188 seconds, Stopping threads took: 0.0000705 seconds
2020-05-19T15:16:32.082+0000: 16749.019: Total time for which application threads were stopped: 0.0001367 seconds, Stopping threads took: 0.0000507 seconds
2020-05-19T15:16:32.083+0000: 16749.020: Total time for which application threads were stopped: 0.0001057 seconds, Stopping threads took: 0.0000511 seconds
2020-05-19T15:16:32.083+0000: 16749.020: Total time for which application threads were stopped: 0.0001012 seconds, Stopping threads took: 0.0000360 seconds
2020-05-19T15:16:32.083+0000: 16749.020: Total time for which application threads were stopped: 0.0001026 seconds, Stopping threads took: 0.0000451 seconds
2020-05-19T15:16:32.083+0000: 16749.020: Total time for which application threads were stopped: 0.0001199 seconds, Stopping threads took: 0.0000478 seconds
2020-05-19T15:16:32.084+0000: 16749.021: Total time for which application threads were stopped: 0.0001120 seconds, Stopping threads took: 0.0000323 seconds
2020-05-19T15:16:32.084+0000: 16749.021: Total time for which application threads were stopped: 0.0000942 seconds, Stopping threads took: 0.0000348 seconds
2020-05-19T15:16:32.134+0000: 16749.071: [CMS-concurrent-sweep: 0.056/0.058 secs] [Times: user=0.13 sys=0.00, real=0.06 secs] 
2020-05-19T15:16:32.134+0000: 16749.071: [CMS-concurrent-reset-start]
2020-05-19T15:16:32.134+0000: 16749.071: [CMS-concurrent-reset: 0.000/0.000 secs] [Times: user=0.00 sys=0.00, real=0.00 secs] 
2020-05-19T15:16:32.638+0000: 16749.575: Total time for which application threads were stopped: 0.0002236 seconds, Stopping threads took: 0.0001506 seconds
2020-05-19T15:16:46.613+0000: 16763.550: Total time for which application threads were stopped: 0.0000922 seconds, Stopping threads took: 0.0000230 seconds
2020-05-19T15:16:52.188+0000: 16769.125: Total time for which application threads were stopped: 0.0001673 seconds, Stopping threads took: 0.0000989 seconds
{Heap before GC invocations=560 (full 33):
 par new generation   total 109248K, used 109248K [0x00000000e0000000, 0x00000000e8000000, 0x00000000e8000000)
  eden space 87424K, 100% used [0x00000000e0000000, 0x00000000e5560000, 0x00000000e5560000)
  from space 21824K, 100% used [0x00000000e5560000, 0x00000000e6ab0000, 0x00000000e6ab0000)
  to   space 21824K,   0% used [0x00000000e6ab0000, 0x00000000e6ab0000, 0x00000000e8000000)
 concurrent mark-sweep generation total 393216K, used 106150K [0x00000000e8000000, 0x0000000100000000, 0x0000000100000000)
 Metaspace       used 57900K, capacity 59704K, committed 59924K, reserved 1101824K
  class space    used 6570K, capacity 6955K, committed 6976K, reserved 1048576K
2020-05-19T15:16:52.316+0000: 16769.252: [GC (Allocation Failure) 2020-05-19T15:16:52.316+0000: 16769.253: [ParNew
Desired survivor size 20112992 bytes, new threshold 6 (max 8)
- age   1:    5041152 bytes,    5041152 total
- age   2:    3159736 bytes,    8200888 total
- age   3:    2478288 bytes,   10679176 total
- age   4:    2108976 bytes,   12788152 total
- age   5:    6002240 bytes,   18790392 total
- age   6:    3506136 bytes,   22296528 total
: 109248K->21824K(109248K), 0.0164243 secs] 215398K->137124K(502464K), 0.0164923 secs] [Times: user=0.06 sys=0.00, real=0.02 secs] 
Heap after GC invocations=561 (full 33):
 par new generation   total 109248K, used 21824K [0x00000000e0000000, 0x00000000e8000000, 0x00000000e8000000)
  eden space 87424K,   0% used [0x00000000e0000000, 0x00000000e0000000, 0x00000000e5560000)
  from space 21824K, 100% used [0x00000000e6ab0000, 0x00000000e8000000, 0x00000000e8000000)
  to   space 21824K,   0% used [0x00000000e5560000, 0x00000000e5560000, 0x00000000e6ab0000)
 concurrent mark-sweep generation total 393216K, used 115300K [0x00000000e8000000, 0x0000000100000000, 0x0000000100000000)
 Metaspace       used 57900K, capacity 59704K, committed 59924K, reserved 1101824K
  class space    used 6570K, capacity 6955K, committed 6976K, reserved 1048576K
}
2020-05-19T15:16:52.332+0000: 16769.269: Total time for which application threads were stopped: 0.0167347 seconds, Stopping threads took: 0.0000624 seconds
2020-05-19T15:16:52.338+0000: 16769.275: Total time for which application threads were stopped: 0.0001643 seconds, Stopping threads took: 0.0000544 seconds
{Heap before GC invocations=561 (full 33):
 par new generation   total 109248K, used 109248K [0x00000000e0000000, 0x00000000e8000000, 0x00000000e8000000)
  eden space 87424K, 100% used [0x00000000e0000000, 0x00000000e5560000, 0x00000000e5560000)
  from space 21824K, 100% used [0x00000000e6ab0000, 0x00000000e8000000, 0x00000000e8000000)
  to   space 21824K,   0% used [0x00000000e5560000, 0x00000000e5560000, 0x00000000e6ab0000)
 concurrent mark-sweep generation total 393216K, used 115300K [0x00000000e8000000, 0x0000000100000000, 0x0000000100000000)
 Metaspace       used 57900K, capacity 59704K, committed 59924K, reserved 1101824K
  class space    used 6570K, capacity 6955K, committed 6976K, reserved 1048576K
2020-05-19T15:16:52.418+0000: 16769.355: [GC (Allocation Failure) 2020-05-19T15:16:52.418+0000: 16769.355: [ParNew
Desired survivor size 20112992 bytes, new threshold 6 (max 8)
- age   1:    5946976 bytes,    5946976 total
- age   2:    1744232 bytes,    7691208 total
- age   3:    3159736 bytes,   10850944 total
- age   4:    2478288 bytes,   13329232 total
- age   5:    2108936 bytes,   15438168 total
- age   6:    6002240 bytes,   21440408 total
: 109248K->21824K(109248K), 0.0154991 secs] 224548K->147121K(502464K), 0.0155708 secs] [Times: user=0.06 sys=0.00, real=0.02 secs] 
Heap after GC invocations=562 (full 33):
 par new generation   total 109248K, used 21824K [0x00000000e0000000, 0x00000000e8000000, 0x00000000e8000000)
  eden space 87424K,   0% used [0x00000000e0000000, 0x00000000e0000000, 0x00000000e5560000)
  from space 21824K, 100% used [0x00000000e5560000, 0x00000000e6ab0000, 0x00000000e6ab0000)
  to   space 21824K,   0% used [0x00000000e6ab0000, 0x00000000e6ab0000, 0x00000000e8000000)
 concurrent mark-sweep generation total 393216K, used 125297K [0x00000000e8000000, 0x0000000100000000, 0x0000000100000000)
 Metaspace       used 57900K, capacity 59704K, committed 59924K, reserved 1101824K
  class space    used 6570K, capacity 6955K, committed 6976K, reserved 1048576K
}
2020-05-19T15:16:52.433+0000: 16769.370: Total time for which application threads were stopped: 0.0157996 seconds, Stopping threads took: 0.0000547 seconds
{Heap before GC invocations=562 (full 33):
 par new generation   total 109248K, used 109248K [0x00000000e0000000, 0x00000000e8000000, 0x00000000e8000000)
  eden space 87424K, 100% used [0x00000000e0000000, 0x00000000e5560000, 0x00000000e5560000)
  from space 21824K, 100% used [0x00000000e5560000, 0x00000000e6ab0000, 0x00000000e6ab0000)
  to   space 21824K,   0% used [0x00000000e6ab0000, 0x00000000e6ab0000, 0x00000000e8000000)
 concurrent mark-sweep generation total 393216K, used 125297K [0x00000000e8000000, 0x0000000100000000, 0x0000000100000000)
 Metaspace       used 57900K, capacity 59704K, committed 59924K, reserved 1101824K
  class space    used 6570K, capacity 6955K, committed 6976K, reserved 1048576K
2020-05-19T15:16:52.504+0000: 16769.440: [GC (Allocation Failure) 2020-05-19T15:16:52.504+0000: 16769.440: [ParNew
Desired survivor size 20112992 bytes, new threshold 8 (max 8)
- age   1:    6806896 bytes,    6806896 total
- age   2:    2933384 bytes,    9740280 total
- age   3:    1743032 bytes,   11483312 total
- age   4:    3159736 bytes,   14643048 total
- age   5:    2478288 bytes,   17121336 total
- age   6:    2108936 bytes,   19230272 total
: 109248K->21824K(109248K), 0.0144441 secs] 234545K->156289K(502464K), 0.0145125 secs] [Times: user=0.06 sys=0.00, real=0.01 secs] 
Heap after GC invocations=563 (full 33):
 par new generation   total 109248K, used 21824K [0x00000000e0000000, 0x00000000e8000000, 0x00000000e8000000)
  eden space 87424K,   0% used [0x00000000e0000000, 0x00000000e0000000, 0x00000000e5560000)
  from space 21824K, 100% used [0x00000000e6ab0000, 0x00000000e8000000, 0x00000000e8000000)
  to   space 21824K,   0% used [0x00000000e5560000, 0x00000000e5560000, 0x00000000e6ab0000)
 concurrent mark-sweep generation total 393216K, used 134465K [0x00000000e8000000, 0x0000000100000000, 0x0000000100000000)
 Metaspace       used 57900K, capacity 59704K, committed 59924K, reserved 1101824K
  class space    used 6570K, capacity 6955K, committed 6976K, reserved 1048576K
}
2020-05-19T15:16:52.518+0000: 16769.455: Total time for which application threads were stopped: 0.0147679 seconds, Stopping threads took: 0.0000736 seconds
2020-05-19T15:16:53.276+0000: 16770.213: Total time for which application threads were stopped: 0.0001730 seconds, Stopping threads took: 0.0000758 seconds
2020-05-19T15:17:07.198+0000: 16784.136: Total time for which application threads were stopped: 0.0000968 seconds, Stopping threads took: 0.0000249 seconds
2020-05-19T15:20:19.136+0000: 16976.073: Total time for which application threads were stopped: 0.0002848 seconds, Stopping threads took: 0.0001735 seconds
{Heap before GC invocations=563 (full 33):
 par new generation   total 109248K, used 109248K [0x00000000e0000000, 0x00000000e8000000, 0x00000000e8000000)
  eden space 87424K, 100% used [0x00000000e0000000, 0x00000000e5560000, 0x00000000e5560000)
  from space 21824K, 100% used [0x00000000e6ab0000, 0x00000000e8000000, 0x00000000e8000000)
  to   space 21824K,   0% used [0x00000000e5560000, 0x00000000e5560000, 0x00000000e6ab0000)
 concurrent mark-sweep generation total 393216K, used 134465K [0x00000000e8000000, 0x0000000100000000, 0x0000000100000000)
 Metaspace       used 57908K, capacity 59704K, committed 59924K, reserved 1101824K
  class space    used 6570K, capacity 6955K, committed 6976K, reserved 1048576K
2020-05-19T15:20:19.216+0000: 16976.153: [GC (Allocation Failure) 2020-05-19T15:20:19.216+0000: 16976.153: [ParNew
Desired survivor size 20112992 bytes, new threshold 6 (max 8)
- age   1:    6738520 bytes,    6738520 total
- age   2:    3856928 bytes,   10595448 total
- age   3:    2461432 bytes,   13056880 total
- age   4:    1540568 bytes,   14597448 total
- age   5:    3159736 bytes,   17757184 total
- age   6:    2478288 bytes,   20235472 total
- age   7:    2108976 bytes,   22344448 total
: 109248K->21824K(109248K), 0.0162657 secs] 243713K->160547K(502464K), 0.0163412 secs] [Times: user=0.06 sys=0.00, real=0.02 secs] 
Heap after GC invocations=564 (full 33):
 par new generation   total 109248K, used 21824K [0x00000000e0000000, 0x00000000e8000000, 0x00000000e8000000)
  eden space 87424K,   0% used [0x00000000e0000000, 0x00000000e0000000, 0x00000000e5560000)
  from space 21824K, 100% used [0x00000000e5560000, 0x00000000e6ab0000, 0x00000000e6ab0000)
  to   space 21824K,   0% used [0x00000000e6ab0000, 0x00000000e6ab0000, 0x00000000e8000000)
 concurrent mark-sweep generation total 393216K, used 138723K [0x00000000e8000000, 0x0000000100000000, 0x0000000100000000)
 Metaspace       used 57908K, capacity 59704K, committed 59924K, reserved 1101824K
  class space    used 6570K, capacity 6955K, committed 6976K, reserved 1048576K
}
2020-05-19T15:20:19.233+0000: 16976.169: Total time for which application threads were stopped: 0.0166511 seconds, Stopping threads took: 0.0000881 seconds
2020-05-19T15:20:19.276+0000: 16976.213: Total time for which application threads were stopped: 0.0001486 seconds, Stopping threads took: 0.0000525 seconds
{Heap before GC invocations=564 (full 33):
 par new generation   total 109248K, used 109248K [0x00000000e0000000, 0x00000000e8000000, 0x00000000e8000000)
  eden space 87424K, 100% used [0x00000000e0000000, 0x00000000e5560000, 0x00000000e5560000)
  from space 21824K, 100% used [0x00000000e5560000, 0x00000000e6ab0000, 0x00000000e6ab0000)
  to   space 21824K,   0% used [0x00000000e6ab0000, 0x00000000e6ab0000, 0x00000000e8000000)
 concurrent mark-sweep generation total 393216K, used 138723K [0x00000000e8000000, 0x0000000100000000, 0x0000000100000000)
 Metaspace       used 57908K, capacity 59704K, committed 59924K, reserved 1101824K
  class space    used 6570K, capacity 6955K, committed 6976K, reserved 1048576K
2020-05-19T15:20:19.321+0000: 16976.258: [GC (Allocation Failure) 2020-05-19T15:20:19.321+0000: 16976.258: [ParNew
Desired survivor size 20112992 bytes, new threshold 6 (max 8)
- age   1:    6704560 bytes,    6704560 total
- age   2:    3458944 bytes,   10163504 total
- age   3:    3852456 bytes,   14015960 total
- age   4:    2418640 bytes,   16434600 total
- age   5:     600680 bytes,   17035280 total
- age   6:    3159736 bytes,   20195016 total
: 109248K->21824K(109248K), 0.0140916 secs] 247971K->168396K(502464K), 0.0141586 secs] [Times: user=0.00 sys=0.00, real=0.01 secs] 
Heap after GC invocations=565 (full 33):
 par new generation   total 109248K, used 21824K [0x00000000e0000000, 0x00000000e8000000, 0x00000000e8000000)
  eden space 87424K,   0% used [0x00000000e0000000, 0x00000000e0000000, 0x00000000e5560000)
  from space 21824K, 100% used [0x00000000e6ab0000, 0x00000000e8000000, 0x00000000e8000000)
  to   space 21824K,   0% used [0x00000000e5560000, 0x00000000e5560000, 0x00000000e6ab0000)
 concurrent mark-sweep generation total 393216K, used 146572K [0x00000000e8000000, 0x0000000100000000, 0x0000000100000000)
 Metaspace       used 57908K, capacity 59704K, committed 59924K, reserved 1101824K
  class space    used 6570K, capacity 6955K, committed 6976K, reserved 1048576K
}
2020-05-19T15:20:19.335+0000: 16976.272: Total time for which application threads were stopped: 0.0144007 seconds, Stopping threads took: 0.0000636 seconds
{Heap before GC invocations=565 (full 33):
 par new generation   total 109248K, used 109248K [0x00000000e0000000, 0x00000000e8000000, 0x00000000e8000000)
  eden space 87424K, 100% used [0x00000000e0000000, 0x00000000e5560000, 0x00000000e5560000)
  from space 21824K, 100% used [0x00000000e6ab0000, 0x00000000e8000000, 0x00000000e8000000)
  to   space 21824K,   0% used [0x00000000e5560000, 0x00000000e5560000, 0x00000000e6ab0000)
 concurrent mark-sweep generation total 393216K, used 146572K [0x00000000e8000000, 0x0000000100000000, 0x0000000100000000)
 Metaspace       used 57908K, capacity 59704K, committed 59924K, reserved 1101824K
  class space    used 6570K, capacity 6955K, committed 6976K, reserved 1048576K
2020-05-19T15:20:19.412+0000: 16976.349: [GC (Allocation Failure) 2020-05-19T15:20:19.412+0000: 16976.350: [ParNew
Desired survivor size 20112992 bytes, new threshold 5 (max 8)
- age   1:    6895688 bytes,    6895688 total
- age   2:    4499216 bytes,   11394904 total
- age   3:    3454512 bytes,   14849416 total
- age   4:    3852456 bytes,   18701872 total
- age   5:    2418640 bytes,   21120512 total
- age   6:     600680 bytes,   21721192 total
: 109248K->21824K(109248K), 0.0135858 secs] 255820K->174973K(502464K), 0.0136539 secs] [Times: user=0.06 sys=0.00, real=0.01 secs] 
Heap after GC invocations=566 (full 33):
 par new generation   total 109248K, used 21824K [0x00000000e0000000, 0x00000000e8000000, 0x00000000e8000000)
  eden space 87424K,   0% used [0x00000000e0000000, 0x00000000e0000000, 0x00000000e5560000)
  from space 21824K, 100% used [0x00000000e5560000, 0x00000000e6ab0000, 0x00000000e6ab0000)
  to   space 21824K,   0% used [0x00000000e6ab0000, 0x00000000e6ab0000, 0x00000000e8000000)
 concurrent mark-sweep generation total 393216K, used 153149K [0x00000000e8000000, 0x0000000100000000, 0x0000000100000000)
 Metaspace       used 57908K, capacity 59704K, committed 59924K, reserved 1101824K
  class space    used 6570K, capacity 6955K, committed 6976K, reserved 1048576K
}
2020-05-19T15:20:19.426+0000: 16976.363: Total time for which application threads were stopped: 0.0139514 seconds, Stopping threads took: 0.0000578 seconds
2020-05-19T15:20:20.364+0000: 16977.301: Total time for which application threads were stopped: 0.0001506 seconds, Stopping threads took: 0.0000695 seconds
2020-05-19T15:20:20.365+0000: 16977.302: Total time for which application threads were stopped: 0.0001054 seconds, Stopping threads took: 0.0000329 seconds
2020-05-19T15:20:21.365+0000: 16978.302: Total time for which application threads were stopped: 0.0001115 seconds, Stopping threads took: 0.0000446 seconds
2020-05-19T15:20:34.145+0000: 16991.082: Total time for which application threads were stopped: 0.0000839 seconds, Stopping threads took: 0.0000241 seconds
2020-05-19T15:21:35.672+0000: 17052.609: Total time for which application threads were stopped: 0.0003184 seconds, Stopping threads took: 0.0001183 seconds
2020-05-19T15:21:35.675+0000: 17052.613: Total time for which application threads were stopped: 0.0001582 seconds, Stopping threads took: 0.0000547 seconds
2020-05-19T15:21:35.685+0000: 17052.623: Total time for which application threads were stopped: 0.0000813 seconds, Stopping threads took: 0.0000194 seconds
{Heap before GC invocations=566 (full 33):
 par new generation   total 109248K, used 109000K [0x00000000e0000000, 0x00000000e8000000, 0x00000000e8000000)
  eden space 87424K,  99% used [0x00000000e0000000, 0x00000000e5522208, 0x00000000e5560000)
  from space 21824K, 100% used [0x00000000e5560000, 0x00000000e6ab0000, 0x00000000e6ab0000)
  to   space 21824K,   0% used [0x00000000e6ab0000, 0x00000000e6ab0000, 0x00000000e8000000)
 concurrent mark-sweep generation total 393216K, used 153149K [0x00000000e8000000, 0x0000000100000000, 0x0000000100000000)
 Metaspace       used 57912K, capacity 59768K, committed 59924K, reserved 1101824K
  class space    used 6570K, capacity 6955K, committed 6976K, reserved 1048576K
2020-05-19T15:21:35.707+0000: 17052.644: [GC (Allocation Failure) 2020-05-19T15:21:35.707+0000: 17052.644: [ParNew
Desired survivor size 20112992 bytes, new threshold 8 (max 8)
- age   1:    3052352 bytes,    3052352 total
- age   2:    3789624 bytes,    6841976 total
- age   3:    3606016 bytes,   10447992 total
- age   4:    3346408 bytes,   13794400 total
- age   5:    3852456 bytes,   17646856 total
: 109000K->21824K(109248K), 0.0132384 secs] 262149K->178209K(502464K), 0.0133103 secs] [Times: user=0.06 sys=0.00, real=0.01 secs] 
Heap after GC invocations=567 (full 33):
 par new generation   total 109248K, used 21824K [0x00000000e0000000, 0x00000000e8000000, 0x00000000e8000000)
  eden space 87424K,   0% used [0x00000000e0000000, 0x00000000e0000000, 0x00000000e5560000)
  from space 21824K, 100% used [0x00000000e6ab0000, 0x00000000e8000000, 0x00000000e8000000)
  to   space 21824K,   0% used [0x00000000e5560000, 0x00000000e5560000, 0x00000000e6ab0000)
 concurrent mark-sweep generation total 393216K, used 156385K [0x00000000e8000000, 0x0000000100000000, 0x0000000100000000)
 Metaspace       used 57912K, capacity 59768K, committed 59924K, reserved 1101824K
  class space    used 6570K, capacity 6955K, committed 6976K, reserved 1048576K
}
2020-05-19T15:21:35.720+0000: 17052.658: Total time for which application threads were stopped: 0.0135234 seconds, Stopping threads took: 0.0000508 seconds
2020-05-19T15:21:35.792+0000: 17052.729: Total time for which application threads were stopped: 0.0001335 seconds, Stopping threads took: 0.0000467 seconds
{Heap before GC invocations=567 (full 33):
 par new generation   total 109248K, used 109146K [0x00000000e0000000, 0x00000000e8000000, 0x00000000e8000000)
  eden space 87424K,  99% used [0x00000000e0000000, 0x00000000e55469e8, 0x00000000e5560000)
  from space 21824K, 100% used [0x00000000e6ab0000, 0x00000000e8000000, 0x00000000e8000000)
  to   space 21824K,   0% used [0x00000000e5560000, 0x00000000e5560000, 0x00000000e6ab0000)
 concurrent mark-sweep generation total 393216K, used 156385K [0x00000000e8000000, 0x0000000100000000, 0x0000000100000000)
 Metaspace       used 57912K, capacity 59768K, committed 59924K, reserved 1101824K
  class space    used 6570K, capacity 6955K, committed 6976K, reserved 1048576K
2020-05-19T15:21:35.805+0000: 17052.742: [GC (Allocation Failure) 2020-05-19T15:21:35.805+0000: 17052.742: [ParNew
Desired survivor size 20112992 bytes, new threshold 6 (max 8)
- age   1:    5773944 bytes,    5773944 total
- age   2:    2481432 bytes,    8255376 total
- age   3:    3655568 bytes,   11910944 total
- age   4:    3599552 bytes,   15510496 total
- age   5:    3241504 bytes,   18752000 total
- age   6:    3542448 bytes,   22294448 total
: 109146K->21824K(109248K), 0.0153173 secs] 265532K->183713K(502464K), 0.0153993 secs] [Times: user=0.00 sys=0.02, real=0.02 secs] 
Heap after GC invocations=568 (full 33):
 par new generation   total 109248K, used 21824K [0x00000000e0000000, 0x00000000e8000000, 0x00000000e8000000)
  eden space 87424K,   0% used [0x00000000e0000000, 0x00000000e0000000, 0x00000000e5560000)
  from space 21824K, 100% used [0x00000000e5560000, 0x00000000e6ab0000, 0x00000000e6ab0000)
  to   space 21824K,   0% used [0x00000000e6ab0000, 0x00000000e6ab0000, 0x00000000e8000000)
 concurrent mark-sweep generation total 393216K, used 161889K [0x00000000e8000000, 0x0000000100000000, 0x0000000100000000)
 Metaspace       used 57912K, capacity 59768K, committed 59924K, reserved 1101824K
  class space    used 6570K, capacity 6955K, committed 6976K, reserved 1048576K
}
2020-05-19T15:21:35.821+0000: 17052.758: Total time for which application threads were stopped: 0.0156702 seconds, Stopping threads took: 0.0000831 seconds
2020-05-19T15:21:35.821+0000: 17052.758: Total time for which application threads were stopped: 0.0001507 seconds, Stopping threads took: 0.0000631 seconds
2020-05-19T15:21:35.821+0000: 17052.758: Total time for which application threads were stopped: 0.0001090 seconds, Stopping threads took: 0.0000468 seconds
{Heap before GC invocations=568 (full 33):
 par new generation   total 109248K, used 109248K [0x00000000e0000000, 0x00000000e8000000, 0x00000000e8000000)
  eden space 87424K, 100% used [0x00000000e0000000, 0x00000000e5560000, 0x00000000e5560000)
  from space 21824K, 100% used [0x00000000e5560000, 0x00000000e6ab0000, 0x00000000e6ab0000)
  to   space 21824K,   0% used [0x00000000e6ab0000, 0x00000000e6ab0000, 0x00000000e8000000)
 concurrent mark-sweep generation total 393216K, used 161889K [0x00000000e8000000, 0x0000000100000000, 0x0000000100000000)
 Metaspace       used 57912K, capacity 59768K, committed 59924K, reserved 1101824K
  class space    used 6570K, capacity 6955K, committed 6976K, reserved 1048576K
2020-05-19T15:21:35.901+0000: 17052.838: [GC (Allocation Failure) 2020-05-19T15:21:35.901+0000: 17052.838: [ParNew
Desired survivor size 20112992 bytes, new threshold 6 (max 8)
- age   1:    4994656 bytes,    4994656 total
- age   2:    5152216 bytes,   10146872 total
- age   3:    2476808 bytes,   12623680 total
- age   4:    3573328 bytes,   16197008 total
- age   5:    2943824 bytes,   19140832 total
- age   6:    3197056 bytes,   22337888 total
: 109248K->21824K(109248K), 0.0156358 secs] 271137K->194950K(502464K), 0.0157017 secs] [Times: user=0.06 sys=0.00, real=0.02 secs] 
Heap after GC invocations=569 (full 33):
 par new generation   total 109248K, used 21824K [0x00000000e0000000, 0x00000000e8000000, 0x00000000e8000000)
  eden space 87424K,   0% used [0x00000000e0000000, 0x00000000e0000000, 0x00000000e5560000)
  from space 21824K, 100% used [0x00000000e6ab0000, 0x00000000e8000000, 0x00000000e8000000)
  to   space 21824K,   0% used [0x00000000e5560000, 0x00000000e5560000, 0x00000000e6ab0000)
 concurrent mark-sweep generation total 393216K, used 173126K [0x00000000e8000000, 0x0000000100000000, 0x0000000100000000)
 Metaspace       used 57912K, capacity 59768K, committed 59924K, reserved 1101824K
  class space    used 6570K, capacity 6955K, committed 6976K, reserved 1048576K
}
2020-05-19T15:21:35.917+0000: 17052.853: Total time for which application threads were stopped: 0.0159217 seconds, Stopping threads took: 0.0000527 seconds
{Heap before GC invocations=569 (full 33):
 par new generation   total 109248K, used 109248K [0x00000000e0000000, 0x00000000e8000000, 0x00000000e8000000)
  eden space 87424K, 100% used [0x00000000e0000000, 0x00000000e5560000, 0x00000000e5560000)
  from space 21824K, 100% used [0x00000000e6ab0000, 0x00000000e8000000, 0x00000000e8000000)
  to   space 21824K,   0% used [0x00000000e5560000, 0x00000000e5560000, 0x00000000e6ab0000)
 concurrent mark-sweep generation total 393216K, used 173126K [0x00000000e8000000, 0x0000000100000000, 0x0000000100000000)
 Metaspace       used 57912K, capacity 59768K, committed 59924K, reserved 1101824K
  class space    used 6570K, capacity 6955K, committed 6976K, reserved 1048576K
2020-05-19T15:21:35.991+0000: 17052.928: [GC (Allocation Failure) 2020-05-19T15:21:35.991+0000: 17052.928: [ParNew
Desired survivor size 20112992 bytes, new threshold 6 (max 8)
- age   1:    4990224 bytes,    4990224 total
- age   2:    3258384 bytes,    8248608 total
- age   3:    5095888 bytes,   13344496 total
- age   4:    2476672 bytes,   15821168 total
- age   5:    3573328 bytes,   19394496 total
- age   6:    2943824 bytes,   22338320 total
: 109248K->21824K(109248K), 0.0147482 secs] 282374K->202560K(502464K), 0.0148161 secs] [Times: user=0.06 sys=0.00, real=0.02 secs] 
Heap after GC invocations=570 (full 33):
 par new generation   total 109248K, used 21824K [0x00000000e0000000, 0x00000000e8000000, 0x00000000e8000000)
  eden space 87424K,   0% used [0x00000000e0000000, 0x00000000e0000000, 0x00000000e5560000)
  from space 21824K, 100% used [0x00000000e5560000, 0x00000000e6ab0000, 0x00000000e6ab0000)
  to   space 21824K,   0% used [0x00000000e6ab0000, 0x00000000e6ab0000, 0x00000000e8000000)
 concurrent mark-sweep generation total 393216K, used 180736K [0x00000000e8000000, 0x0000000100000000, 0x0000000100000000)
 Metaspace       used 57912K, capacity 59768K, committed 59924K, reserved 1101824K
  class space    used 6570K, capacity 6955K, committed 6976K, reserved 1048576K
}
2020-05-19T15:21:36.006+0000: 17052.942: Total time for which application threads were stopped: 0.0150485 seconds, Stopping threads took: 0.0000565 seconds
2020-05-19T15:21:36.027+0000: 17052.963: Total time for which application threads were stopped: 0.0002537 seconds, Stopping threads took: 0.0000614 seconds
2020-05-19T15:21:36.749+0000: 17053.686: Total time for which application threads were stopped: 0.0001547 seconds, Stopping threads took: 0.0000712 seconds
2020-05-19T15:21:36.750+0000: 17053.687: Total time for which application threads were stopped: 0.0001418 seconds, Stopping threads took: 0.0000809 seconds
2020-05-19T15:21:50.687+0000: 17067.624: Total time for which application threads were stopped: 0.0000808 seconds, Stopping threads took: 0.0000213 seconds
2020-05-19T15:22:13.141+0000: 17090.078: Total time for which application threads were stopped: 0.0002566 seconds, Stopping threads took: 0.0001864 seconds
2020-05-19T15:22:13.143+0000: 17090.080: Total time for which application threads were stopped: 0.0001157 seconds, Stopping threads took: 0.0000277 seconds
2020-05-19T15:22:13.144+0000: 17090.081: Total time for which application threads were stopped: 0.0001835 seconds, Stopping threads took: 0.0001017 seconds
{Heap before GC invocations=570 (full 33):
 par new generation   total 109248K, used 109248K [0x00000000e0000000, 0x00000000e8000000, 0x00000000e8000000)
  eden space 87424K, 100% used [0x00000000e0000000, 0x00000000e5560000, 0x00000000e5560000)
  from space 21824K, 100% used [0x00000000e5560000, 0x00000000e6ab0000, 0x00000000e6ab0000)
  to   space 21824K,   0% used [0x00000000e6ab0000, 0x00000000e6ab0000, 0x00000000e8000000)
 concurrent mark-sweep generation total 393216K, used 180736K [0x00000000e8000000, 0x0000000100000000, 0x0000000100000000)
 Metaspace       used 57915K, capacity 59768K, committed 59924K, reserved 1101824K
  class space    used 6570K, capacity 6955K, committed 6976K, reserved 1048576K
2020-05-19T15:22:13.225+0000: 17090.163: [GC (Allocation Failure) 2020-05-19T15:22:13.225+0000: 17090.163: [ParNew
Desired survivor size 20112992 bytes, new threshold 6 (max 8)
- age   1:    5421480 bytes,    5421480 total
- age   2:    2944336 bytes,    8365816 total
- age   3:    3151360 bytes,   11517176 total
- age   4:    4855936 bytes,   16373112 total
- age   5:    2254584 bytes,   18627696 total
- age   6:    3573328 bytes,   22201024 total
: 109248K->21824K(109248K), 0.0168978 secs] 289984K->211727K(502464K), 0.0169789 secs] [Times: user=0.08 sys=0.00, real=0.02 secs] 
Heap after GC invocations=571 (full 33):
 par new generation   total 109248K, used 21824K [0x00000000e0000000, 0x00000000e8000000, 0x00000000e8000000)
  eden space 87424K,   0% used [0x00000000e0000000, 0x00000000e0000000, 0x00000000e5560000)
  from space 21824K, 100% used [0x00000000e6ab0000, 0x00000000e8000000, 0x00000000e8000000)
  to   space 21824K,   0% used [0x00000000e5560000, 0x00000000e5560000, 0x00000000e6ab0000)
 concurrent mark-sweep generation total 393216K, used 189903K [0x00000000e8000000, 0x0000000100000000, 0x0000000100000000)
 Metaspace       used 57915K, capacity 59768K, committed 59924K, reserved 1101824K
  class space    used 6570K, capacity 6955K, committed 6976K, reserved 1048576K
}
2020-05-19T15:22:13.242+0000: 17090.180: Total time for which application threads were stopped: 0.0172479 seconds, Stopping threads took: 0.0000908 seconds
2020-05-19T15:22:13.269+0000: 17090.207: Total time for which application threads were stopped: 0.0001501 seconds, Stopping threads took: 0.0000611 seconds
{Heap before GC invocations=571 (full 33):
 par new generation   total 109248K, used 109248K [0x00000000e0000000, 0x00000000e8000000, 0x00000000e8000000)
  eden space 87424K, 100% used [0x00000000e0000000, 0x00000000e5560000, 0x00000000e5560000)
  from space 21824K, 100% used [0x00000000e6ab0000, 0x00000000e8000000, 0x00000000e8000000)
  to   space 21824K,   0% used [0x00000000e5560000, 0x00000000e5560000, 0x00000000e6ab0000)
 concurrent mark-sweep generation total 393216K, used 189903K [0x00000000e8000000, 0x0000000100000000, 0x0000000100000000)
 Metaspace       used 57915K, capacity 59768K, committed 59924K, reserved 1101824K
  class space    used 6570K, capacity 6955K, committed 6976K, reserved 1048576K
2020-05-19T15:22:13.341+0000: 17090.278: [GC (Allocation Failure) 2020-05-19T15:22:13.341+0000: 17090.278: [ParNew
Desired survivor size 20112992 bytes, new threshold 8 (max 8)
- age   1:    3773240 bytes,    3773240 total
- age   2:    3142424 bytes,    6915664 total
- age   3:    2877496 bytes,    9793160 total
- age   4:    2974400 bytes,   12767560 total
- age   5:    4423320 bytes,   17190880 total
- age   6:    2253744 bytes,   19444624 total
: 109248K->21824K(109248K), 0.0161133 secs] 299151K->223160K(502464K), 0.0161819 secs] [Times: user=0.06 sys=0.00, real=0.02 secs] 
Heap after GC invocations=572 (full 33):
 par new generation   total 109248K, used 21824K [0x00000000e0000000, 0x00000000e8000000, 0x00000000e8000000)
  eden space 87424K,   0% used [0x00000000e0000000, 0x00000000e0000000, 0x00000000e5560000)
  from space 21824K, 100% used [0x00000000e5560000, 0x00000000e6ab0000, 0x00000000e6ab0000)
  to   space 21824K,   0% used [0x00000000e6ab0000, 0x00000000e6ab0000, 0x00000000e8000000)
 concurrent mark-sweep generation total 393216K, used 201336K [0x00000000e8000000, 0x0000000100000000, 0x0000000100000000)
 Metaspace       used 57915K, capacity 59768K, committed 59924K, reserved 1101824K
  class space    used 6570K, capacity 6955K, committed 6976K, reserved 1048576K
}
2020-05-19T15:22:13.357+0000: 17090.294: Total time for which application threads were stopped: 0.0164006 seconds, Stopping threads took: 0.0000507 seconds
2020-05-19T15:22:13.358+0000: 17090.295: [GC (CMS Initial Mark) [1 CMS-initial-mark: 201336K(393216K)] 224320K(502464K), 0.0034559 secs] [Times: user=0.00 sys=0.00, real=0.00 secs] 
2020-05-19T15:22:13.361+0000: 17090.298: Total time for which application threads were stopped: 0.0036260 seconds, Stopping threads took: 0.0000682 seconds
2020-05-19T15:22:13.361+0000: 17090.298: [CMS-concurrent-mark-start]
2020-05-19T15:22:13.385+0000: 17090.322: [CMS-concurrent-mark: 0.024/0.024 secs] [Times: user=0.13 sys=0.00, real=0.02 secs] 
2020-05-19T15:22:13.385+0000: 17090.322: [CMS-concurrent-preclean-start]
2020-05-19T15:22:13.387+0000: 17090.324: [CMS-concurrent-preclean: 0.001/0.001 secs] [Times: user=0.00 sys=0.00, real=0.00 secs] 
2020-05-19T15:22:13.387+0000: 17090.324: [CMS-concurrent-abortable-preclean-start]
{Heap before GC invocations=572 (full 34):
 par new generation   total 109248K, used 109138K [0x00000000e0000000, 0x00000000e8000000, 0x00000000e8000000)
  eden space 87424K,  99% used [0x00000000e0000000, 0x00000000e5544818, 0x00000000e5560000)
  from space 21824K, 100% used [0x00000000e5560000, 0x00000000e6ab0000, 0x00000000e6ab0000)
  to   space 21824K,   0% used [0x00000000e6ab0000, 0x00000000e6ab0000, 0x00000000e8000000)
 concurrent mark-sweep generation total 393216K, used 201336K [0x00000000e8000000, 0x0000000100000000, 0x0000000100000000)
 Metaspace       used 57915K, capacity 59768K, committed 59924K, reserved 1101824K
  class space    used 6570K, capacity 6955K, committed 6976K, reserved 1048576K
2020-05-19T15:22:13.472+0000: 17090.408: [GC (Allocation Failure) 2020-05-19T15:22:13.472+0000: 17090.408: [ParNew
Desired survivor size 20112992 bytes, new threshold 7 (max 8)
- age   1:    4826504 bytes,    4826504 total
- age   2:    2657936 bytes,    7484440 total
- age   3:    2386456 bytes,    9870896 total
- age   4:    2822984 bytes,   12693880 total
- age   5:    2973016 bytes,   15666896 total
- age   6:    4416984 bytes,   20083880 total
- age   7:    2253720 bytes,   22337600 total
: 109138K->21824K(109248K), 0.0139752 secs] 310474K->229764K(502464K), 0.0140510 secs] [Times: user=0.06 sys=0.00, real=0.01 secs] 
Heap after GC invocations=573 (full 34):
 par new generation   total 109248K, used 21824K [0x00000000e0000000, 0x00000000e8000000, 0x00000000e8000000)
  eden space 87424K,   0% used [0x00000000e0000000, 0x00000000e0000000, 0x00000000e5560000)
  from space 21824K, 100% used [0x00000000e6ab0000, 0x00000000e8000000, 0x00000000e8000000)
  to   space 21824K,   0% used [0x00000000e5560000, 0x00000000e5560000, 0x00000000e6ab0000)
 concurrent mark-sweep generation total 393216K, used 207940K [0x00000000e8000000, 0x0000000100000000, 0x0000000100000000)
 Metaspace       used 57915K, capacity 59768K, committed 59924K, reserved 1101824K
  class space    used 6570K, capacity 6955K, committed 6976K, reserved 1048576K
}
2020-05-19T15:22:13.486+0000: 17090.422: Total time for which application threads were stopped: 0.0142870 seconds, Stopping threads took: 0.0000638 seconds
2020-05-19T15:22:13.486+0000: 17090.422: [CMS-concurrent-abortable-preclean: 0.046/0.099 secs] [Times: user=0.26 sys=0.00, real=0.10 secs] 
2020-05-19T15:22:13.486+0000: 17090.423: [GC (CMS Final Remark) [YG occupancy: 23358 K (109248 K)]{Heap before GC invocations=573 (full 34):
 par new generation   total 109248K, used 23358K [0x00000000e0000000, 0x00000000e8000000, 0x00000000e8000000)
  eden space 87424K,   1% used [0x00000000e0000000, 0x00000000e017f808, 0x00000000e5560000)
  from space 21824K, 100% used [0x00000000e6ab0000, 0x00000000e8000000, 0x00000000e8000000)
  to   space 21824K,   0% used [0x00000000e5560000, 0x00000000e5560000, 0x00000000e6ab0000)
 concurrent mark-sweep generation total 393216K, used 207940K [0x00000000e8000000, 0x0000000100000000, 0x0000000100000000)
 Metaspace       used 57915K, capacity 59768K, committed 59924K, reserved 1101824K
  class space    used 6570K, capacity 6955K, committed 6976K, reserved 1048576K
2020-05-19T15:22:13.486+0000: 17090.423: [GC (CMS Final Remark) 2020-05-19T15:22:13.486+0000: 17090.423: [ParNew
Desired survivor size 20112992 bytes, new threshold 8 (max 8)
- age   1:     183344 bytes,     183344 total
- age   2:    4399272 bytes,    4582616 total
- age   3:    2584840 bytes,    7167456 total
- age   4:    2330272 bytes,    9497728 total
- age   5:    2817088 bytes,   12314816 total
- age   6:    2862136 bytes,   15176952 total
- age   7:    2964336 bytes,   18141288 total
: 23358K->21824K(109248K), 0.0105532 secs] 231298K->234033K(502464K), 0.0106100 secs] [Times: user=0.06 sys=0.00, real=0.01 secs] 
Heap after GC invocations=574 (full 34):
 par new generation   total 109248K, used 21824K [0x00000000e0000000, 0x00000000e8000000, 0x00000000e8000000)
  eden space 87424K,   0% used [0x00000000e0000000, 0x00000000e0000000, 0x00000000e5560000)
  from space 21824K, 100% used [0x00000000e5560000, 0x00000000e6ab0000, 0x00000000e6ab0000)
  to   space 21824K,   0% used [0x00000000e6ab0000, 0x00000000e6ab0000, 0x00000000e8000000)
 concurrent mark-sweep generation total 393216K, used 212209K [0x00000000e8000000, 0x0000000100000000, 0x0000000100000000)
 Metaspace       used 57915K, capacity 59768K, committed 59924K, reserved 1101824K
  class space    used 6570K, capacity 6955K, committed 6976K, reserved 1048576K
}
2020-05-19T15:22:13.497+0000: 17090.433: [Rescan (parallel) , 0.0054452 secs]2020-05-19T15:22:13.502+0000: 17090.439: [weak refs processing, 0.0055281 secs]2020-05-19T15:22:13.508+0000: 17090.444: [class unloading, 0.0200452 secs]2020-05-19T15:22:13.528+0000: 17090.465: [scrub symbol table, 0.0147289 secs]2020-05-19T15:22:13.542+0000: 17090.479: [scrub string table, 0.0007674 secs][1 CMS-remark: 212209K(393216K)] 234033K(502464K), 0.0575570 secs] [Times: user=0.11 sys=0.00, real=0.06 secs] 
2020-05-19T15:22:13.543+0000: 17090.480: Total time for which application threads were stopped: 0.0577484 seconds, Stopping threads took: 0.0000697 seconds
2020-05-19T15:22:13.543+0000: 17090.480: [CMS-concurrent-sweep-start]
2020-05-19T15:22:13.544+0000: 17090.482: Total time for which application threads were stopped: 0.0001760 seconds, Stopping threads took: 0.0000679 seconds
2020-05-19T15:22:13.545+0000: 17090.482: Total time for which application threads were stopped: 0.0001516 seconds, Stopping threads took: 0.0000521 seconds
2020-05-19T15:22:13.545+0000: 17090.483: Total time for which application threads were stopped: 0.0001172 seconds, Stopping threads took: 0.0000412 seconds
2020-05-19T15:22:13.545+0000: 17090.483: Total time for which application threads were stopped: 0.0001149 seconds, Stopping threads took: 0.0000406 seconds
2020-05-19T15:22:13.546+0000: 17090.483: Total time for which application threads were stopped: 0.0001108 seconds, Stopping threads took: 0.0000463 seconds
2020-05-19T15:22:13.548+0000: 17090.486: Total time for which application threads were stopped: 0.0001783 seconds, Stopping threads took: 0.0000636 seconds
2020-05-19T15:22:13.611+0000: 17090.549: [CMS-concurrent-sweep: 0.067/0.068 secs] [Times: user=0.19 sys=0.00, real=0.07 secs] 
2020-05-19T15:22:13.611+0000: 17090.549: [CMS-concurrent-reset-start]
2020-05-19T15:22:13.612+0000: 17090.549: [CMS-concurrent-reset: 0.000/0.000 secs] [Times: user=0.00 sys=0.00, real=0.00 secs] 
2020-05-19T15:22:14.427+0000: 17091.364: Total time for which application threads were stopped: 0.0002204 seconds, Stopping threads took: 0.0001479 seconds
2020-05-19T15:22:14.427+0000: 17091.364: Total time for which application threads were stopped: 0.0001986 seconds, Stopping threads took: 0.0001506 seconds
2020-05-19T15:22:14.428+0000: 17091.365: Total time for which application threads were stopped: 0.0002031 seconds, Stopping threads took: 0.0001216 seconds
2020-05-19T15:22:14.429+0000: 17091.366: Total time for which application threads were stopped: 0.0001826 seconds, Stopping threads took: 0.0001072 seconds
2020-05-19T15:22:28.152+0000: 17105.089: Total time for which application threads were stopped: 0.0001430 seconds, Stopping threads took: 0.0000395 seconds
2020-05-19T15:22:39.821+0000: 17116.758: Total time for which application threads were stopped: 0.0002230 seconds, Stopping threads took: 0.0001510 seconds
2020-05-19T15:22:39.823+0000: 17116.761: Total time for which application threads were stopped: 0.0001438 seconds, Stopping threads took: 0.0000496 seconds
2020-05-19T15:22:39.824+0000: 17116.761: Total time for which application threads were stopped: 0.0001135 seconds, Stopping threads took: 0.0000202 seconds
{Heap before GC invocations=574 (full 34):
 par new generation   total 109248K, used 109248K [0x00000000e0000000, 0x00000000e8000000, 0x00000000e8000000)
  eden space 87424K, 100% used [0x00000000e0000000, 0x00000000e5560000, 0x00000000e5560000)
  from space 21824K, 100% used [0x00000000e5560000, 0x00000000e6ab0000, 0x00000000e6ab0000)
  to   space 21824K,   0% used [0x00000000e6ab0000, 0x00000000e6ab0000, 0x00000000e8000000)
 concurrent mark-sweep generation total 393216K, used 100510K [0x00000000e8000000, 0x0000000100000000, 0x0000000100000000)
 Metaspace       used 57934K, capacity 59768K, committed 59924K, reserved 1101824K
  class space    used 6570K, capacity 6955K, committed 6976K, reserved 1048576K
2020-05-19T15:22:39.867+0000: 17116.805: [GC (Allocation Failure) 2020-05-19T15:22:39.867+0000: 17116.805: [ParNew
Desired survivor size 20112992 bytes, new threshold 8 (max 8)
- age   1:    4332712 bytes,    4332712 total
- age   3:    4162728 bytes,    8495440 total
- age   4:    2285016 bytes,   10780456 total
- age   5:    1554552 bytes,   12335008 total
- age   6:    2814704 bytes,   15149712 total
- age   7:    2848080 bytes,   17997792 total
- age   8:    2964240 bytes,   20962032 total
: 109248K->21824K(109248K), 0.0139967 secs] 209758K->126758K(502464K), 0.0140729 secs] [Times: user=0.00 sys=0.00, real=0.01 secs] 
Heap after GC invocations=575 (full 34):
 par new generation   total 109248K, used 21824K [0x00000000e0000000, 0x00000000e8000000, 0x00000000e8000000)
  eden space 87424K,   0% used [0x00000000e0000000, 0x00000000e0000000, 0x00000000e5560000)
  from space 21824K, 100% used [0x00000000e6ab0000, 0x00000000e8000000, 0x00000000e8000000)
  to   space 21824K,   0% used [0x00000000e5560000, 0x00000000e5560000, 0x00000000e6ab0000)
 concurrent mark-sweep generation total 393216K, used 104934K [0x00000000e8000000, 0x0000000100000000, 0x0000000100000000)
 Metaspace       used 57934K, capacity 59768K, committed 59924K, reserved 1101824K
  class space    used 6570K, capacity 6955K, committed 6976K, reserved 1048576K
}
2020-05-19T15:22:39.882+0000: 17116.819: Total time for which application threads were stopped: 0.0143121 seconds, Stopping threads took: 0.0000602 seconds
2020-05-19T15:22:39.936+0000: 17116.873: Total time for which application threads were stopped: 0.0001531 seconds, Stopping threads took: 0.0000600 seconds
{Heap before GC invocations=575 (full 34):
 par new generation   total 109248K, used 109248K [0x00000000e0000000, 0x00000000e8000000, 0x00000000e8000000)
  eden space 87424K, 100% used [0x00000000e0000000, 0x00000000e5560000, 0x00000000e5560000)
  from space 21824K, 100% used [0x00000000e6ab0000, 0x00000000e8000000, 0x00000000e8000000)
  to   space 21824K,   0% used [0x00000000e5560000, 0x00000000e5560000, 0x00000000e6ab0000)
 concurrent mark-sweep generation total 393216K, used 104934K [0x00000000e8000000, 0x0000000100000000, 0x0000000100000000)
 Metaspace       used 57935K, capacity 59768K, committed 59924K, reserved 1101824K
  class space    used 6570K, capacity 6955K, committed 6976K, reserved 1048576K
2020-05-19T15:22:39.967+0000: 17116.904: [GC (Allocation Failure) 2020-05-19T15:22:39.967+0000: 17116.905: [ParNew
Desired survivor size 20112992 bytes, new threshold 8 (max 8)
- age   1:    3000792 bytes,    3000792 total
- age   2:    3129376 bytes,    6130168 total
- age   4:    4120000 bytes,   10250168 total
- age   5:    2280832 bytes,   12531000 total
- age   6:    1489000 bytes,   14020000 total
- age   7:    2808784 bytes,   16828784 total
- age   8:    2835848 bytes,   19664632 total
: 109248K->21824K(109248K), 0.0136834 secs] 214182K->133864K(502464K), 0.0137431 secs] [Times: user=0.06 sys=0.00, real=0.01 secs] 
Heap after GC invocations=576 (full 34):
 par new generation   total 109248K, used 21824K [0x00000000e0000000, 0x00000000e8000000, 0x00000000e8000000)
  eden space 87424K,   0% used [0x00000000e0000000, 0x00000000e0000000, 0x00000000e5560000)
  from space 21824K, 100% used [0x00000000e5560000, 0x00000000e6ab0000, 0x00000000e6ab0000)
  to   space 21824K,   0% used [0x00000000e6ab0000, 0x00000000e6ab0000, 0x00000000e8000000)
 concurrent mark-sweep generation total 393216K, used 112040K [0x00000000e8000000, 0x0000000100000000, 0x0000000100000000)
 Metaspace       used 57935K, capacity 59768K, committed 59924K, reserved 1101824K
  class space    used 6570K, capacity 6955K, committed 6976K, reserved 1048576K
}
2020-05-19T15:22:39.981+0000: 17116.918: Total time for which application threads were stopped: 0.0139952 seconds, Stopping threads took: 0.0000859 seconds
{Heap before GC invocations=576 (full 34):
 par new generation   total 109248K, used 109248K [0x00000000e0000000, 0x00000000e8000000, 0x00000000e8000000)
  eden space 87424K, 100% used [0x00000000e0000000, 0x00000000e5560000, 0x00000000e5560000)
  from space 21824K, 100% used [0x00000000e5560000, 0x00000000e6ab0000, 0x00000000e6ab0000)
  to   space 21824K,   0% used [0x00000000e6ab0000, 0x00000000e6ab0000, 0x00000000e8000000)
 concurrent mark-sweep generation total 393216K, used 112040K [0x00000000e8000000, 0x0000000100000000, 0x0000000100000000)
 Metaspace       used 57935K, capacity 59768K, committed 59924K, reserved 1101824K
  class space    used 6570K, capacity 6955K, committed 6976K, reserved 1048576K
2020-05-19T15:22:40.063+0000: 17116.999: [GC (Allocation Failure) 2020-05-19T15:22:40.063+0000: 17116.999: [ParNew
Desired survivor size 20112992 bytes, new threshold 8 (max 8)
- age   1:    5468392 bytes,    5468392 total
- age   2:    2506840 bytes,    7975232 total
- age   3:    2980168 bytes,   10955400 total
- age   5:    4120000 bytes,   15075400 total
- age   6:    2280832 bytes,   17356232 total
- age   7:    1489000 bytes,   18845232 total
- age   8:    2808784 bytes,   21654016 total
: 109248K->21824K(109248K), 0.0138352 secs] 221288K->138377K(502464K), 0.0139123 secs] [Times: user=0.06 sys=0.00, real=0.01 secs] 
Heap after GC invocations=577 (full 34):
 par new generation   total 109248K, used 21824K [0x00000000e0000000, 0x00000000e8000000, 0x00000000e8000000)
  eden space 87424K,   0% used [0x00000000e0000000, 0x00000000e0000000, 0x00000000e5560000)
  from space 21824K, 100% used [0x00000000e6ab0000, 0x00000000e8000000, 0x00000000e8000000)
  to   space 21824K,   0% used [0x00000000e5560000, 0x00000000e5560000, 0x00000000e6ab0000)
 concurrent mark-sweep generation total 393216K, used 116553K [0x00000000e8000000, 0x0000000100000000, 0x0000000100000000)
 Metaspace       used 57935K, capacity 59768K, committed 59924K, reserved 1101824K
  class space    used 6570K, capacity 6955K, committed 6976K, reserved 1048576K
}
2020-05-19T15:22:40.077+0000: 17117.013: Total time for which application threads were stopped: 0.0141495 seconds, Stopping threads took: 0.0000559 seconds
{Heap before GC invocations=577 (full 34):
 par new generation   total 109248K, used 109248K [0x00000000e0000000, 0x00000000e8000000, 0x00000000e8000000)
  eden space 87424K, 100% used [0x00000000e0000000, 0x00000000e5560000, 0x00000000e5560000)
  from space 21824K, 100% used [0x00000000e6ab0000, 0x00000000e8000000, 0x00000000e8000000)
  to   space 21824K,   0% used [0x00000000e5560000, 0x00000000e5560000, 0x00000000e6ab0000)
 concurrent mark-sweep generation total 393216K, used 116553K [0x00000000e8000000, 0x0000000100000000, 0x0000000100000000)
 Metaspace       used 57935K, capacity 59768K, committed 59924K, reserved 1101824K
  class space    used 6570K, capacity 6955K, committed 6976K, reserved 1048576K
2020-05-19T15:22:40.151+0000: 17117.088: [GC (Allocation Failure) 2020-05-19T15:22:40.151+0000: 17117.088: [ParNew
Desired survivor size 20112992 bytes, new threshold 7 (max 8)
- age   1:    3944504 bytes,    3944504 total
- age   2:    4534960 bytes,    8479464 total
- age   3:    2325816 bytes,   10805280 total
- age   4:    2979800 bytes,   13785080 total
- age   6:    4120000 bytes,   17905080 total
- age   7:    2280832 bytes,   20185912 total
- age   8:    1489000 bytes,   21674912 total
: 109248K->21824K(109248K), 0.0125824 secs] 225801K->141623K(502464K), 0.0126419 secs] [Times: user=0.00 sys=0.00, real=0.01 secs] 
Heap after GC invocations=578 (full 34):
 par new generation   total 109248K, used 21824K [0x00000000e0000000, 0x00000000e8000000, 0x00000000e8000000)
  eden space 87424K,   0% used [0x00000000e0000000, 0x00000000e0000000, 0x00000000e5560000)
  from space 21824K, 100% used [0x00000000e5560000, 0x00000000e6ab0000, 0x00000000e6ab0000)
  to   space 21824K,   0% used [0x00000000e6ab0000, 0x00000000e6ab0000, 0x00000000e8000000)
 concurrent mark-sweep generation total 393216K, used 119799K [0x00000000e8000000, 0x0000000100000000, 0x0000000100000000)
 Metaspace       used 57935K, capacity 59768K, committed 59924K, reserved 1101824K
  class space    used 6570K, capacity 6955K, committed 6976K, reserved 1048576K
}
2020-05-19T15:22:40.163+0000: 17117.100: Total time for which application threads were stopped: 0.0128825 seconds, Stopping threads took: 0.0000807 seconds
2020-05-19T15:22:40.710+0000: 17117.647: Total time for which application threads were stopped: 0.0002968 seconds, Stopping threads took: 0.0000962 seconds
2020-05-19T15:22:40.710+0000: 17117.647: Total time for which application threads were stopped: 0.0000677 seconds, Stopping threads took: 0.0000188 seconds
2020-05-19T15:22:40.710+0000: 17117.647: Total time for which application threads were stopped: 0.0001446 seconds, Stopping threads took: 0.0000606 seconds
2020-05-19T15:22:40.711+0000: 17117.648: Total time for which application threads were stopped: 0.0001411 seconds, Stopping threads took: 0.0000461 seconds
2020-05-19T15:22:49.669+0000: 17126.606: Total time for which application threads were stopped: 0.0001903 seconds, Stopping threads took: 0.0001176 seconds
2020-05-19T15:22:49.671+0000: 17126.608: Total time for which application threads were stopped: 0.0001537 seconds, Stopping threads took: 0.0000580 seconds
2020-05-19T15:22:49.672+0000: 17126.609: Total time for which application threads were stopped: 0.0001281 seconds, Stopping threads took: 0.0000443 seconds
2020-05-19T15:22:49.680+0000: 17126.617: Total time for which application threads were stopped: 0.0001671 seconds, Stopping threads took: 0.0000683 seconds
2020-05-19T15:22:49.780+0000: 17126.718: Total time for which application threads were stopped: 0.0001714 seconds, Stopping threads took: 0.0000806 seconds
{Heap before GC invocations=578 (full 34):
 par new generation   total 109248K, used 109248K [0x00000000e0000000, 0x00000000e8000000, 0x00000000e8000000)
  eden space 87424K, 100% used [0x00000000e0000000, 0x00000000e5560000, 0x00000000e5560000)
  from space 21824K, 100% used [0x00000000e5560000, 0x00000000e6ab0000, 0x00000000e6ab0000)
  to   space 21824K,   0% used [0x00000000e6ab0000, 0x00000000e6ab0000, 0x00000000e8000000)
 concurrent mark-sweep generation total 393216K, used 119799K [0x00000000e8000000, 0x0000000100000000, 0x0000000100000000)
 Metaspace       used 57938K, capacity 59768K, committed 59924K, reserved 1101824K
  class space    used 6570K, capacity 6955K, committed 6976K, reserved 1048576K
2020-05-19T15:22:49.781+0000: 17126.718: [GC (Allocation Failure) 2020-05-19T15:22:49.781+0000: 17126.718: [ParNew
Desired survivor size 20112992 bytes, new threshold 7 (max 8)
- age   1:    3583240 bytes,    3583240 total
- age   2:    2973008 bytes,    6556248 total
- age   3:    4465072 bytes,   11021320 total
- age   4:    2217280 bytes,   13238600 total
- age   5:    2892472 bytes,   16131072 total
- age   7:    4120080 bytes,   20251152 total
: 109248K->21824K(109248K), 0.0142570 secs] 229047K->147491K(502464K), 0.0143204 secs] [Times: user=0.06 sys=0.00, real=0.01 secs] 
Heap after GC invocations=579 (full 34):
 par new generation   total 109248K, used 21824K [0x00000000e0000000, 0x00000000e8000000, 0x00000000e8000000)
  eden space 87424K,   0% used [0x00000000e0000000, 0x00000000e0000000, 0x00000000e5560000)
  from space 21824K, 100% used [0x00000000e6ab0000, 0x00000000e8000000, 0x00000000e8000000)
  to   space 21824K,   0% used [0x00000000e5560000, 0x00000000e5560000, 0x00000000e6ab0000)
 concurrent mark-sweep generation total 393216K, used 125667K [0x00000000e8000000, 0x0000000100000000, 0x0000000100000000)
 Metaspace       used 57938K, capacity 59768K, committed 59924K, reserved 1101824K
  class space    used 6570K, capacity 6955K, committed 6976K, reserved 1048576K
}
2020-05-19T15:22:49.795+0000: 17126.732: Total time for which application threads were stopped: 0.0145686 seconds, Stopping threads took: 0.0000614 seconds
{Heap before GC invocations=579 (full 34):
 par new generation   total 109248K, used 109248K [0x00000000e0000000, 0x00000000e8000000, 0x00000000e8000000)
  eden space 87424K, 100% used [0x00000000e0000000, 0x00000000e5560000, 0x00000000e5560000)
  from space 21824K, 100% used [0x00000000e6ab0000, 0x00000000e8000000, 0x00000000e8000000)
  to   space 21824K,   0% used [0x00000000e5560000, 0x00000000e5560000, 0x00000000e6ab0000)
 concurrent mark-sweep generation total 393216K, used 125667K [0x00000000e8000000, 0x0000000100000000, 0x0000000100000000)
 Metaspace       used 57938K, capacity 59768K, committed 59924K, reserved 1101824K
  class space    used 6570K, capacity 6955K, committed 6976K, reserved 1048576K
2020-05-19T15:22:49.889+0000: 17126.826: [GC (Allocation Failure) 2020-05-19T15:22:49.889+0000: 17126.826: [ParNew
Desired survivor size 20112992 bytes, new threshold 6 (max 8)
- age   1:    6557424 bytes,    6557424 total
- age   2:    3065152 bytes,    9622576 total
- age   3:    2972776 bytes,   12595352 total
- age   4:    4465072 bytes,   17060424 total
- age   5:    2217216 bytes,   19277640 total
- age   6:    2892408 bytes,   22170048 total
: 109248K->21824K(109248K), 0.0165465 secs] 234915K->157494K(502464K), 0.0166187 secs] [Times: user=0.06 sys=0.00, real=0.02 secs] 
Heap after GC invocations=580 (full 34):
 par new generation   total 109248K, used 21824K [0x00000000e0000000, 0x00000000e8000000, 0x00000000e8000000)
  eden space 87424K,   0% used [0x00000000e0000000, 0x00000000e0000000, 0x00000000e5560000)
  from space 21824K, 100% used [0x00000000e5560000, 0x00000000e6ab0000, 0x00000000e6ab0000)
  to   space 21824K,   0% used [0x00000000e6ab0000, 0x00000000e6ab0000, 0x00000000e8000000)
 concurrent mark-sweep generation total 393216K, used 135670K [0x00000000e8000000, 0x0000000100000000, 0x0000000100000000)
 Metaspace       used 57938K, capacity 59768K, committed 59924K, reserved 1101824K
  class space    used 6570K, capacity 6955K, committed 6976K, reserved 1048576K
}
2020-05-19T15:22:49.906+0000: 17126.843: Total time for which application threads were stopped: 0.0168495 seconds, Stopping threads took: 0.0000565 seconds
{Heap before GC invocations=580 (full 34):
 par new generation   total 109248K, used 109248K [0x00000000e0000000, 0x00000000e8000000, 0x00000000e8000000)
  eden space 87424K, 100% used [0x00000000e0000000, 0x00000000e5560000, 0x00000000e5560000)
  from space 21824K, 100% used [0x00000000e5560000, 0x00000000e6ab0000, 0x00000000e6ab0000)
  to   space 21824K,   0% used [0x00000000e6ab0000, 0x00000000e6ab0000, 0x00000000e8000000)
 concurrent mark-sweep generation total 393216K, used 135670K [0x00000000e8000000, 0x0000000100000000, 0x0000000100000000)
 Metaspace       used 57938K, capacity 59768K, committed 59924K, reserved 1101824K
  class space    used 6570K, capacity 6955K, committed 6976K, reserved 1048576K
2020-05-19T15:22:49.983+0000: 17126.919: [GC (Allocation Failure) 2020-05-19T15:22:49.983+0000: 17126.919: [ParNew
Desired survivor size 20112992 bytes, new threshold 8 (max 8)
- age   1:    2576136 bytes,    2576136 total
- age   2:    4978400 bytes,    7554536 total
- age   3:    2946328 bytes,   10500864 total
- age   4:    2968072 bytes,   13468936 total
- age   5:    4446936 bytes,   17915872 total
- age   6:    2175584 bytes,   20091456 total
: 109248K->21824K(109248K), 0.0148336 secs] 244918K->163942K(502464K), 0.0149518 secs] [Times: user=0.06 sys=0.00, real=0.01 secs] 
Heap after GC invocations=581 (full 34):
 par new generation   total 109248K, used 21824K [0x00000000e0000000, 0x00000000e8000000, 0x00000000e8000000)
  eden space 87424K,   0% used [0x00000000e0000000, 0x00000000e0000000, 0x00000000e5560000)
  from space 21824K, 100% used [0x00000000e6ab0000, 0x00000000e8000000, 0x00000000e8000000)
  to   space 21824K,   0% used [0x00000000e5560000, 0x00000000e5560000, 0x00000000e6ab0000)
 concurrent mark-sweep generation total 393216K, used 142118K [0x00000000e8000000, 0x0000000100000000, 0x0000000100000000)
 Metaspace       used 57938K, capacity 59768K, committed 59924K, reserved 1101824K
  class space    used 6570K, capacity 6955K, committed 6976K, reserved 1048576K
}
2020-05-19T15:22:49.998+0000: 17126.934: Total time for which application threads were stopped: 0.0152980 seconds, Stopping threads took: 0.0000675 seconds
2020-05-19T15:22:50.622+0000: 17127.559: Total time for which application threads were stopped: 0.0001470 seconds, Stopping threads took: 0.0000633 seconds
2020-05-19T15:22:50.623+0000: 17127.560: Total time for which application threads were stopped: 0.0001247 seconds, Stopping threads took: 0.0000447 seconds
2020-05-19T15:23:00.938+0000: 17137.875: Total time for which application threads were stopped: 0.0001959 seconds, Stopping threads took: 0.0001239 seconds
2020-05-19T15:23:00.940+0000: 17137.878: Total time for which application threads were stopped: 0.0001735 seconds, Stopping threads took: 0.0000673 seconds
2020-05-19T15:23:00.941+0000: 17137.878: Total time for which application threads were stopped: 0.0001361 seconds, Stopping threads took: 0.0000470 seconds
{Heap before GC invocations=581 (full 34):
 par new generation   total 109248K, used 109248K [0x00000000e0000000, 0x00000000e8000000, 0x00000000e8000000)
  eden space 87424K, 100% used [0x00000000e0000000, 0x00000000e5560000, 0x00000000e5560000)
  from space 21824K, 100% used [0x00000000e6ab0000, 0x00000000e8000000, 0x00000000e8000000)
  to   space 21824K,   0% used [0x00000000e5560000, 0x00000000e5560000, 0x00000000e6ab0000)
 concurrent mark-sweep generation total 393216K, used 142118K [0x00000000e8000000, 0x0000000100000000, 0x0000000100000000)
 Metaspace       used 57938K, capacity 59768K, committed 59924K, reserved 1101824K
  class space    used 6570K, capacity 6955K, committed 6976K, reserved 1048576K
2020-05-19T15:23:01.026+0000: 17137.963: [GC (Allocation Failure) 2020-05-19T15:23:01.026+0000: 17137.963: [ParNew
Desired survivor size 20112992 bytes, new threshold 7 (max 8)
- age   1:    3348552 bytes,    3348552 total
- age   2:    1607352 bytes,    4955904 total
- age   3:    4968552 bytes,    9924456 total
- age   4:    2756136 bytes,   12680592 total
- age   5:    2967856 bytes,   15648448 total
- age   6:    4446936 bytes,   20095384 total
- age   7:    2175584 bytes,   22270968 total
: 109248K->21824K(109248K), 0.0173073 secs] 251366K->171847K(502464K), 0.0173826 secs] [Times: user=0.06 sys=0.00, real=0.02 secs] 
Heap after GC invocations=582 (full 34):
 par new generation   total 109248K, used 21824K [0x00000000e0000000, 0x00000000e8000000, 0x00000000e8000000)
  eden space 87424K,   0% used [0x00000000e0000000, 0x00000000e0000000, 0x00000000e5560000)
  from space 21824K, 100% used [0x00000000e5560000, 0x00000000e6ab0000, 0x00000000e6ab0000)
  to   space 21824K,   0% used [0x00000000e6ab0000, 0x00000000e6ab0000, 0x00000000e8000000)
 concurrent mark-sweep generation total 393216K, used 150023K [0x00000000e8000000, 0x0000000100000000, 0x0000000100000000)
 Metaspace       used 57938K, capacity 59768K, committed 59924K, reserved 1101824K
  class space    used 6570K, capacity 6955K, committed 6976K, reserved 1048576K
}
2020-05-19T15:23:01.044+0000: 17137.981: Total time for which application threads were stopped: 0.0176037 seconds, Stopping threads took: 0.0000518 seconds
2020-05-19T15:23:01.080+0000: 17138.017: Total time for which application threads were stopped: 0.0001550 seconds, Stopping threads took: 0.0000620 seconds
{Heap before GC invocations=582 (full 34):
 par new generation   total 109248K, used 109248K [0x00000000e0000000, 0x00000000e8000000, 0x00000000e8000000)
  eden space 87424K, 100% used [0x00000000e0000000, 0x00000000e5560000, 0x00000000e5560000)
  from space 21824K, 100% used [0x00000000e5560000, 0x00000000e6ab0000, 0x00000000e6ab0000)
  to   space 21824K,   0% used [0x00000000e6ab0000, 0x00000000e6ab0000, 0x00000000e8000000)
 concurrent mark-sweep generation total 393216K, used 150023K [0x00000000e8000000, 0x0000000100000000, 0x0000000100000000)
 Metaspace       used 57939K, capacity 59768K, committed 59924K, reserved 1101824K
  class space    used 6570K, capacity 6955K, committed 6976K, reserved 1048576K
2020-05-19T15:23:01.130+0000: 17138.066: [GC (Allocation Failure) 2020-05-19T15:23:01.130+0000: 17138.067: [ParNew
Desired survivor size 20112992 bytes, new threshold 7 (max 8)
- age   1:    4158760 bytes,    4158760 total
- age   2:    2835736 bytes,    6994496 total
- age   3:    1604224 bytes,    8598720 total
- age   4:    4805776 bytes,   13404496 total
- age   5:    2682656 bytes,   16087152 total
- age   6:    1741488 bytes,   17828640 total
- age   7:    4296072 bytes,   22124712 total
: 109248K->21824K(109248K), 0.0173053 secs] 259271K->182097K(502464K), 0.0173763 secs] [Times: user=0.06 sys=0.00, real=0.02 secs] 
Heap after GC invocations=583 (full 34):
 par new generation   total 109248K, used 21824K [0x00000000e0000000, 0x00000000e8000000, 0x00000000e8000000)
  eden space 87424K,   0% used [0x00000000e0000000, 0x00000000e0000000, 0x00000000e5560000)
  from space 21824K, 100% used [0x00000000e6ab0000, 0x00000000e8000000, 0x00000000e8000000)
  to   space 21824K,   0% used [0x00000000e5560000, 0x00000000e5560000, 0x00000000e6ab0000)
 concurrent mark-sweep generation total 393216K, used 160273K [0x00000000e8000000, 0x0000000100000000, 0x0000000100000000)
 Metaspace       used 57939K, capacity 59768K, committed 59924K, reserved 1101824K
  class space    used 6570K, capacity 6955K, committed 6976K, reserved 1048576K
}
2020-05-19T15:23:01.147+0000: 17138.084: Total time for which application threads were stopped: 0.0176267 seconds, Stopping threads took: 0.0000631 seconds
{Heap before GC invocations=583 (full 34):
 par new generation   total 109248K, used 109248K [0x00000000e0000000, 0x00000000e8000000, 0x00000000e8000000)
  eden space 87424K, 100% used [0x00000000e0000000, 0x00000000e5560000, 0x00000000e5560000)
  from space 21824K, 100% used [0x00000000e6ab0000, 0x00000000e8000000, 0x00000000e8000000)
  to   space 21824K,   0% used [0x00000000e5560000, 0x00000000e5560000, 0x00000000e6ab0000)
 concurrent mark-sweep generation total 393216K, used 160273K [0x00000000e8000000, 0x0000000100000000, 0x0000000100000000)
 Metaspace       used 57939K, capacity 59768K, committed 59924K, reserved 1101824K
  class space    used 6570K, capacity 6955K, committed 6976K, reserved 1048576K
2020-05-19T15:23:01.238+0000: 17138.175: [GC (Allocation Failure) 2020-05-19T15:23:01.238+0000: 17138.175: [ParNew
Desired survivor size 20112992 bytes, new threshold 6 (max 8)
- age   1:    5252128 bytes,    5252128 total
- age   2:    3211728 bytes,    8463856 total
- age   3:    2823664 bytes,   11287520 total
- age   4:    1604224 bytes,   12891744 total
- age   5:    4805776 bytes,   17697520 total
- age   6:    2681640 bytes,   20379160 total
- age   7:    1741488 bytes,   22120648 total
: 109248K->21824K(109248K), 0.0172122 secs] 269521K->193351K(502464K), 0.0172731 secs] [Times: user=0.06 sys=0.00, real=0.02 secs] 
Heap after GC invocations=584 (full 34):
 par new generation   total 109248K, used 21824K [0x00000000e0000000, 0x00000000e8000000, 0x00000000e8000000)
  eden space 87424K,   0% used [0x00000000e0000000, 0x00000000e0000000, 0x00000000e5560000)
  from space 21824K, 100% used [0x00000000e5560000, 0x00000000e6ab0000, 0x00000000e6ab0000)
  to   space 21824K,   0% used [0x00000000e6ab0000, 0x00000000e6ab0000, 0x00000000e8000000)
 concurrent mark-sweep generation total 393216K, used 171527K [0x00000000e8000000, 0x0000000100000000, 0x0000000100000000)
 Metaspace       used 57939K, capacity 59768K, committed 59924K, reserved 1101824K
  class space    used 6570K, capacity 6955K, committed 6976K, reserved 1048576K
}
2020-05-19T15:23:01.255+0000: 17138.192: Total time for which application threads were stopped: 0.0174979 seconds, Stopping threads took: 0.0000546 seconds
2020-05-19T15:23:01.849+0000: 17138.786: Total time for which application threads were stopped: 0.0003543 seconds, Stopping threads took: 0.0001141 seconds
2020-05-19T15:23:01.850+0000: 17138.787: Total time for which application threads were stopped: 0.0001161 seconds, Stopping threads took: 0.0000406 seconds
2020-05-19T15:23:15.951+0000: 17152.889: Total time for which application threads were stopped: 0.0001668 seconds, Stopping threads took: 0.0000394 seconds
2020-05-19T15:23:35.959+0000: 17172.896: Total time for which application threads were stopped: 0.0000988 seconds, Stopping threads took: 0.0000302 seconds
2020-05-19T15:24:35.970+0000: 17232.907: Total time for which application threads were stopped: 0.0002699 seconds, Stopping threads took: 0.0001981 seconds
2020-05-19T15:24:35.982+0000: 17232.919: Total time for which application threads were stopped: 0.0001094 seconds, Stopping threads took: 0.0000247 seconds
{Heap before GC invocations=584 (full 34):
 par new generation   total 109248K, used 109248K [0x00000000e0000000, 0x00000000e8000000, 0x00000000e8000000)
  eden space 87424K, 100% used [0x00000000e0000000, 0x00000000e5560000, 0x00000000e5560000)
  from space 21824K, 100% used [0x00000000e5560000, 0x00000000e6ab0000, 0x00000000e6ab0000)
  to   space 21824K,   0% used [0x00000000e6ab0000, 0x00000000e6ab0000, 0x00000000e8000000)
 concurrent mark-sweep generation total 393216K, used 171527K [0x00000000e8000000, 0x0000000100000000, 0x0000000100000000)
 Metaspace       used 57982K, capacity 59768K, committed 59924K, reserved 1101824K
  class space    used 6570K, capacity 6955K, committed 6976K, reserved 1048576K
2020-05-19T15:24:36.012+0000: 17232.949: [GC (Allocation Failure) 2020-05-19T15:24:36.012+0000: 17232.949: [ParNew
Desired survivor size 20112992 bytes, new threshold 8 (max 8)
- age   1:    4158840 bytes,    4158840 total
- age   2:    3119472 bytes,    7278312 total
- age   3:    2871368 bytes,   10149680 total
- age   4:    2733960 bytes,   12883640 total
- age   5:    1604224 bytes,   14487864 total
- age   6:    4805192 bytes,   19293056 total
: 109248K->21824K(109248K), 0.0141076 secs] 280775K->200758K(502464K), 0.0141759 secs] [Times: user=0.06 sys=0.00, real=0.01 secs] 
Heap after GC invocations=585 (full 34):
 par new generation   total 109248K, used 21824K [0x00000000e0000000, 0x00000000e8000000, 0x00000000e8000000)
  eden space 87424K,   0% used [0x00000000e0000000, 0x00000000e0000000, 0x00000000e5560000)
  from space 21824K, 100% used [0x00000000e6ab0000, 0x00000000e8000000, 0x00000000e8000000)
  to   space 21824K,   0% used [0x00000000e5560000, 0x00000000e5560000, 0x00000000e6ab0000)
 concurrent mark-sweep generation total 393216K, used 178934K [0x00000000e8000000, 0x0000000100000000, 0x0000000100000000)
 Metaspace       used 57982K, capacity 59768K, committed 59924K, reserved 1101824K
  class space    used 6570K, capacity 6955K, committed 6976K, reserved 1048576K
}
2020-05-19T15:24:36.026+0000: 17232.963: Total time for which application threads were stopped: 0.0143993 seconds, Stopping threads took: 0.0000556 seconds
2020-05-19T15:24:36.094+0000: 17233.031: Total time for which application threads were stopped: 0.0001235 seconds, Stopping threads took: 0.0000429 seconds
{Heap before GC invocations=585 (full 34):
 par new generation   total 109248K, used 109248K [0x00000000e0000000, 0x00000000e8000000, 0x00000000e8000000)
  eden space 87424K, 100% used [0x00000000e0000000, 0x00000000e5560000, 0x00000000e5560000)
  from space 21824K, 100% used [0x00000000e6ab0000, 0x00000000e8000000, 0x00000000e8000000)
  to   space 21824K,   0% used [0x00000000e5560000, 0x00000000e5560000, 0x00000000e6ab0000)
 concurrent mark-sweep generation total 393216K, used 178934K [0x00000000e8000000, 0x0000000100000000, 0x0000000100000000)
 Metaspace       used 57982K, capacity 59768K, committed 59924K, reserved 1101824K
  class space    used 6570K, capacity 6955K, committed 6976K, reserved 1048576K
2020-05-19T15:24:36.115+0000: 17233.052: [GC (Allocation Failure) 2020-05-19T15:24:36.115+0000: 17233.052: [ParNew
Desired survivor size 20112992 bytes, new threshold 7 (max 8)
- age   1:    3959864 bytes,    3959864 total
- age   2:    3464992 bytes,    7424856 total
- age   3:    3119472 bytes,   10544328 total
- age   4:    2869680 bytes,   13414008 total
- age   5:    2437368 bytes,   15851376 total
- age   6:    1604224 bytes,   17455600 total
- age   7:    4805192 bytes,   22260792 total
: 109248K->21824K(109248K), 0.0145689 secs] 288182K->206751K(502464K), 0.0146411 secs] [Times: user=0.06 sys=0.00, real=0.02 secs] 
Heap after GC invocations=586 (full 34):
 par new generation   total 109248K, used 21824K [0x00000000e0000000, 0x00000000e8000000, 0x00000000e8000000)
  eden space 87424K,   0% used [0x00000000e0000000, 0x00000000e0000000, 0x00000000e5560000)
  from space 21824K, 100% used [0x00000000e5560000, 0x00000000e6ab0000, 0x00000000e6ab0000)
  to   space 21824K,   0% used [0x00000000e6ab0000, 0x00000000e6ab0000, 0x00000000e8000000)
 concurrent mark-sweep generation total 393216K, used 184927K [0x00000000e8000000, 0x0000000100000000, 0x0000000100000000)
 Metaspace       used 57982K, capacity 59768K, committed 59924K, reserved 1101824K
  class space    used 6570K, capacity 6955K, committed 6976K, reserved 1048576K
}
2020-05-19T15:24:36.130+0000: 17233.067: Total time for which application threads were stopped: 0.0148765 seconds, Stopping threads took: 0.0000617 seconds
{Heap before GC invocations=586 (full 34):
 par new generation   total 109248K, used 109248K [0x00000000e0000000, 0x00000000e8000000, 0x00000000e8000000)
  eden space 87424K, 100% used [0x00000000e0000000, 0x00000000e5560000, 0x00000000e5560000)
  from space 21824K, 100% used [0x00000000e5560000, 0x00000000e6ab0000, 0x00000000e6ab0000)
  to   space 21824K,   0% used [0x00000000e6ab0000, 0x00000000e6ab0000, 0x00000000e8000000)
 concurrent mark-sweep generation total 393216K, used 184927K [0x00000000e8000000, 0x0000000100000000, 0x0000000100000000)
 Metaspace       used 57982K, capacity 59768K, committed 59924K, reserved 1101824K
  class space    used 6570K, capacity 6955K, committed 6976K, reserved 1048576K
2020-05-19T15:24:36.199+0000: 17233.136: [GC (Allocation Failure) 2020-05-19T15:24:36.199+0000: 17233.136: [ParNew
Desired survivor size 20112992 bytes, new threshold 6 (max 8)
- age   1:    5919496 bytes,    5919496 total
- age   2:    2861568 bytes,    8781064 total
- age   3:    3463904 bytes,   12244968 total
- age   4:    3119472 bytes,   15364440 total
- age   5:    2869680 bytes,   18234120 total
- age   6:    2437368 bytes,   20671488 total
- age   7:    1591544 bytes,   22263032 total
: 109248K->21824K(109248K), 0.0154678 secs] 294175K->217001K(502464K), 0.0155297 secs] [Times: user=0.06 sys=0.00, real=0.02 secs] 
Heap after GC invocations=587 (full 34):
 par new generation   total 109248K, used 21824K [0x00000000e0000000, 0x00000000e8000000, 0x00000000e8000000)
  eden space 87424K,   0% used [0x00000000e0000000, 0x00000000e0000000, 0x00000000e5560000)
  from space 21824K, 100% used [0x00000000e6ab0000, 0x00000000e8000000, 0x00000000e8000000)
  to   space 21824K,   0% used [0x00000000e5560000, 0x00000000e5560000, 0x00000000e6ab0000)
 concurrent mark-sweep generation total 393216K, used 195177K [0x00000000e8000000, 0x0000000100000000, 0x0000000100000000)
 Metaspace       used 57982K, capacity 59768K, committed 59924K, reserved 1101824K
  class space    used 6570K, capacity 6955K, committed 6976K, reserved 1048576K
}
2020-05-19T15:24:36.214+0000: 17233.152: Total time for which application threads were stopped: 0.0157595 seconds, Stopping threads took: 0.0000581 seconds
{Heap before GC invocations=587 (full 34):
 par new generation   total 109248K, used 109248K [0x00000000e0000000, 0x00000000e8000000, 0x00000000e8000000)
  eden space 87424K, 100% used [0x00000000e0000000, 0x00000000e5560000, 0x00000000e5560000)
  from space 21824K, 100% used [0x00000000e6ab0000, 0x00000000e8000000, 0x00000000e8000000)
  to   space 21824K,   0% used [0x00000000e5560000, 0x00000000e5560000, 0x00000000e6ab0000)
 concurrent mark-sweep generation total 393216K, used 195177K [0x00000000e8000000, 0x0000000100000000, 0x0000000100000000)
 Metaspace       used 57982K, capacity 59768K, committed 59924K, reserved 1101824K
  class space    used 6570K, capacity 6955K, committed 6976K, reserved 1048576K
2020-05-19T15:24:36.292+0000: 17233.229: [GC (Allocation Failure) 2020-05-19T15:24:36.292+0000: 17233.229: [ParNew
Desired survivor size 20112992 bytes, new threshold 6 (max 8)
- age   1:    6583456 bytes,    6583456 total
- age   2:    2595240 bytes,    9178696 total
- age   3:    2805120 bytes,   11983816 total
- age   4:    3463904 bytes,   15447720 total
- age   5:    3119472 bytes,   18567192 total
- age   6:    2869680 bytes,   21436872 total
: 109248K->21824K(109248K), 0.0141903 secs] 304425K->224997K(502464K), 0.0142610 secs] [Times: user=0.06 sys=0.00, real=0.01 secs] 
Heap after GC invocations=588 (full 34):
 par new generation   total 109248K, used 21824K [0x00000000e0000000, 0x00000000e8000000, 0x00000000e8000000)
  eden space 87424K,   0% used [0x00000000e0000000, 0x00000000e0000000, 0x00000000e5560000)
  from space 21824K, 100% used [0x00000000e5560000, 0x00000000e6ab0000, 0x00000000e6ab0000)
  to   space 21824K,   0% used [0x00000000e6ab0000, 0x00000000e6ab0000, 0x00000000e8000000)
 concurrent mark-sweep generation total 393216K, used 203173K [0x00000000e8000000, 0x0000000100000000, 0x0000000100000000)
 Metaspace       used 57982K, capacity 59768K, committed 59924K, reserved 1101824K
  class space    used 6570K, capacity 6955K, committed 6976K, reserved 1048576K
}
2020-05-19T15:24:36.306+0000: 17233.243: Total time for which application threads were stopped: 0.0145184 seconds, Stopping threads took: 0.0000551 seconds
2020-05-19T15:24:36.306+0000: 17233.243: [GC (CMS Initial Mark) [1 CMS-initial-mark: 203173K(393216K)] 226368K(502464K), 0.0030392 secs] [Times: user=0.00 sys=0.00, real=0.00 secs] 
2020-05-19T15:24:36.310+0000: 17233.247: Total time for which application threads were stopped: 0.0032465 seconds, Stopping threads took: 0.0000976 seconds
2020-05-19T15:24:36.310+0000: 17233.247: [CMS-concurrent-mark-start]
2020-05-19T15:24:36.335+0000: 17233.272: [CMS-concurrent-mark: 0.025/0.025 secs] [Times: user=0.06 sys=0.00, real=0.03 secs] 
2020-05-19T15:24:36.335+0000: 17233.272: [CMS-concurrent-preclean-start]
2020-05-19T15:24:36.336+0000: 17233.273: [CMS-concurrent-preclean: 0.001/0.001 secs] [Times: user=0.05 sys=0.00, real=0.00 secs] 
2020-05-19T15:24:36.336+0000: 17233.273: [CMS-concurrent-abortable-preclean-start]
2020-05-19T15:24:37.084+0000: 17234.021: Total time for which application threads were stopped: 0.0001453 seconds, Stopping threads took: 0.0000647 seconds
2020-05-19T15:24:37.084+0000: 17234.021: Total time for which application threads were stopped: 0.0001543 seconds, Stopping threads took: 0.0000444 seconds
2020-05-19T15:24:37.085+0000: 17234.022: Total time for which application threads were stopped: 0.0000991 seconds, Stopping threads took: 0.0000371 seconds
 CMS: abort preclean due to time 2020-05-19T15:24:42.385+0000: 17239.322: [CMS-concurrent-abortable-preclean: 1.722/6.049 secs] [Times: user=7.63 sys=0.02, real=6.05 secs] 
2020-05-19T15:24:42.385+0000: 17239.322: [GC (CMS Final Remark) [YG occupancy: 38932 K (109248 K)]{Heap before GC invocations=588 (full 35):
 par new generation   total 109248K, used 38932K [0x00000000e0000000, 0x00000000e8000000, 0x00000000e8000000)
  eden space 87424K,  19% used [0x00000000e0000000, 0x00000000e10b5050, 0x00000000e5560000)
  from space 21824K, 100% used [0x00000000e5560000, 0x00000000e6ab0000, 0x00000000e6ab0000)
  to   space 21824K,   0% used [0x00000000e6ab0000, 0x00000000e6ab0000, 0x00000000e8000000)
 concurrent mark-sweep generation total 393216K, used 203173K [0x00000000e8000000, 0x0000000100000000, 0x0000000100000000)
 Metaspace       used 57989K, capacity 59768K, committed 59924K, reserved 1101824K
  class space    used 6570K, capacity 6955K, committed 6976K, reserved 1048576K
2020-05-19T15:24:42.385+0000: 17239.322: [GC (CMS Final Remark) 2020-05-19T15:24:42.385+0000: 17239.322: [ParNew
Desired survivor size 20112992 bytes, new threshold 8 (max 8)
- age   1:     203608 bytes,     203608 total
- age   2:    4321520 bytes,    4525128 total
- age   3:    2549728 bytes,    7074856 total
- age   4:    2565640 bytes,    9640496 total
- age   5:    3384568 bytes,   13025064 total
- age   6:    3119472 bytes,   16144536 total
: 38932K->21100K(109248K), 0.0086558 secs] 242106K->227102K(502464K), 0.0087044 secs] [Times: user=0.00 sys=0.00, real=0.01 secs] 
Heap after GC invocations=589 (full 35):
 par new generation   total 109248K, used 21100K [0x00000000e0000000, 0x00000000e8000000, 0x00000000e8000000)
  eden space 87424K,   0% used [0x00000000e0000000, 0x00000000e0000000, 0x00000000e5560000)
  from space 21824K,  96% used [0x00000000e6ab0000, 0x00000000e7f4b380, 0x00000000e8000000)
  to   space 21824K,   0% used [0x00000000e5560000, 0x00000000e5560000, 0x00000000e6ab0000)
 concurrent mark-sweep generation total 393216K, used 206001K [0x00000000e8000000, 0x0000000100000000, 0x0000000100000000)
 Metaspace       used 57989K, capacity 59768K, committed 59924K, reserved 1101824K
  class space    used 6570K, capacity 6955K, committed 6976K, reserved 1048576K
}
2020-05-19T15:24:42.394+0000: 17239.331: [Rescan (parallel) , 0.0034921 secs]2020-05-19T15:24:42.398+0000: 17239.335: [weak refs processing, 0.0049536 secs]2020-05-19T15:24:42.402+0000: 17239.339: [class unloading, 0.0126158 secs]2020-05-19T15:24:42.415+0000: 17239.352: [scrub symbol table, 0.0098258 secs]2020-05-19T15:24:42.425+0000: 17239.362: [scrub string table, 0.0005997 secs][1 CMS-remark: 206001K(393216K)] 227102K(502464K), 0.0407816 secs] [Times: user=0.08 sys=0.00, real=0.04 secs] 
2020-05-19T15:24:42.426+0000: 17239.363: Total time for which application threads were stopped: 0.0409284 seconds, Stopping threads took: 0.0000484 seconds
2020-05-19T15:24:42.426+0000: 17239.363: [CMS-concurrent-sweep-start]
2020-05-19T15:24:42.426+0000: 17239.363: Total time for which application threads were stopped: 0.0001755 seconds, Stopping threads took: 0.0001156 seconds
2020-05-19T15:24:42.426+0000: 17239.363: Total time for which application threads were stopped: 0.0000493 seconds, Stopping threads took: 0.0000136 seconds
2020-05-19T15:24:42.427+0000: 17239.364: Total time for which application threads were stopped: 0.0001125 seconds, Stopping threads took: 0.0000633 seconds
2020-05-19T15:24:42.427+0000: 17239.364: Total time for which application threads were stopped: 0.0001434 seconds, Stopping threads took: 0.0000995 seconds
2020-05-19T15:24:42.427+0000: 17239.365: Total time for which application threads were stopped: 0.0000685 seconds, Stopping threads took: 0.0000367 seconds
2020-05-19T15:24:42.428+0000: 17239.365: Total time for which application threads were stopped: 0.0000659 seconds, Stopping threads took: 0.0000368 seconds
2020-05-19T15:24:42.428+0000: 17239.365: Total time for which application threads were stopped: 0.0001604 seconds, Stopping threads took: 0.0000355 seconds
2020-05-19T15:24:42.428+0000: 17239.365: Total time for which application threads were stopped: 0.0001151 seconds, Stopping threads took: 0.0000143 seconds
2020-05-19T15:24:42.482+0000: 17239.419: [CMS-concurrent-sweep: 0.055/0.056 secs] [Times: user=0.13 sys=0.00, real=0.06 secs] 
2020-05-19T15:24:42.482+0000: 17239.419: [CMS-concurrent-reset-start]
2020-05-19T15:24:42.483+0000: 17239.420: [CMS-concurrent-reset: 0.000/0.000 secs] [Times: user=0.00 sys=0.00, real=0.00 secs] 
2020-05-19T15:24:50.983+0000: 17247.920: Total time for which application threads were stopped: 0.0001538 seconds, Stopping threads took: 0.0000332 seconds
2020-05-19T15:24:52.365+0000: 17249.303: Total time for which application threads were stopped: 0.0001903 seconds, Stopping threads took: 0.0001129 seconds
2020-05-19T15:24:52.368+0000: 17249.305: Total time for which application threads were stopped: 0.0001910 seconds, Stopping threads took: 0.0001017 seconds
2020-05-19T15:24:52.379+0000: 17249.316: Total time for which application threads were stopped: 0.0000862 seconds, Stopping threads took: 0.0000262 seconds
2020-05-19T15:24:52.467+0000: 17249.404: Total time for which application threads were stopped: 0.0001579 seconds, Stopping threads took: 0.0000574 seconds
{Heap before GC invocations=589 (full 35):
 par new generation   total 109248K, used 108524K [0x00000000e0000000, 0x00000000e8000000, 0x00000000e8000000)
  eden space 87424K, 100% used [0x00000000e0000000, 0x00000000e5560000, 0x00000000e5560000)
  from space 21824K,  96% used [0x00000000e6ab0000, 0x00000000e7f4b380, 0x00000000e8000000)
  to   space 21824K,   0% used [0x00000000e5560000, 0x00000000e5560000, 0x00000000e6ab0000)
 concurrent mark-sweep generation total 393216K, used 84132K [0x00000000e8000000, 0x0000000100000000, 0x0000000100000000)
 Metaspace       used 58001K, capacity 59768K, committed 59924K, reserved 1101824K
  class space    used 6570K, capacity 6955K, committed 6976K, reserved 1048576K
2020-05-19T15:24:52.472+0000: 17249.409: [GC (Allocation Failure) 2020-05-19T15:24:52.472+0000: 17249.409: [ParNew
Desired survivor size 20112992 bytes, new threshold 7 (max 8)
- age   1:    7587648 bytes,    7587648 total
- age   2:      72768 bytes,    7660416 total
- age   3:    4178544 bytes,   11838960 total
- age   4:    2179336 bytes,   14018296 total
- age   5:    1012200 bytes,   15030496 total
- age   6:    3140584 bytes,   18171080 total
- age   7:    3119448 bytes,   21290528 total
: 108524K->21824K(109248K), 0.0104758 secs] 192657K->106274K(502464K), 0.0105892 secs] [Times: user=0.06 sys=0.00, real=0.01 secs] 
Heap after GC invocations=590 (full 35):
 par new generation   total 109248K, used 21824K [0x00000000e0000000, 0x00000000e8000000, 0x00000000e8000000)
  eden space 87424K,   0% used [0x00000000e0000000, 0x00000000e0000000, 0x00000000e5560000)
  from space 21824K, 100% used [0x00000000e5560000, 0x00000000e6ab0000, 0x00000000e6ab0000)
  to   space 21824K,   0% used [0x00000000e6ab0000, 0x00000000e6ab0000, 0x00000000e8000000)
 concurrent mark-sweep generation total 393216K, used 84450K [0x00000000e8000000, 0x0000000100000000, 0x0000000100000000)
 Metaspace       used 58001K, capacity 59768K, committed 59924K, reserved 1101824K
  class space    used 6570K, capacity 6955K, committed 6976K, reserved 1048576K
}
2020-05-19T15:24:52.482+0000: 17249.420: Total time for which application threads were stopped: 0.0108627 seconds, Stopping threads took: 0.0001038 seconds
{Heap before GC invocations=590 (full 35):
 par new generation   total 109248K, used 109248K [0x00000000e0000000, 0x00000000e8000000, 0x00000000e8000000)
  eden space 87424K, 100% used [0x00000000e0000000, 0x00000000e5560000, 0x00000000e5560000)
  from space 21824K, 100% used [0x00000000e5560000, 0x00000000e6ab0000, 0x00000000e6ab0000)
  to   space 21824K,   0% used [0x00000000e6ab0000, 0x00000000e6ab0000, 0x00000000e8000000)
 concurrent mark-sweep generation total 393216K, used 84450K [0x00000000e8000000, 0x0000000100000000, 0x0000000100000000)
 Metaspace       used 58014K, capacity 59768K, committed 59924K, reserved 1101824K
  class space    used 6570K, capacity 6955K, committed 6976K, reserved 1048576K
2020-05-19T15:24:52.568+0000: 17249.505: [GC (Allocation Failure) 2020-05-19T15:24:52.568+0000: 17249.505: [ParNew
Desired survivor size 20112992 bytes, new threshold 7 (max 8)
- age   1:    7020200 bytes,    7020200 total
- age   2:    5052856 bytes,   12073056 total
- age   3:      72416 bytes,   12145472 total
- age   4:    3818096 bytes,   15963568 total
- age   5:    2179160 bytes,   18142728 total
- age   6:    1011808 bytes,   19154536 total
- age   7:    3046176 bytes,   22200712 total
: 109248K->21824K(109248K), 0.0148206 secs] 193698K->115007K(502464K), 0.0148878 secs] [Times: user=0.06 sys=0.00, real=0.01 secs] 
Heap after GC invocations=591 (full 35):
 par new generation   total 109248K, used 21824K [0x00000000e0000000, 0x00000000e8000000, 0x00000000e8000000)
  eden space 87424K,   0% used [0x00000000e0000000, 0x00000000e0000000, 0x00000000e5560000)
  from space 21824K, 100% used [0x00000000e6ab0000, 0x00000000e8000000, 0x00000000e8000000)
  to   space 21824K,   0% used [0x00000000e5560000, 0x00000000e5560000, 0x00000000e6ab0000)
 concurrent mark-sweep generation total 393216K, used 93183K [0x00000000e8000000, 0x0000000100000000, 0x0000000100000000)
 Metaspace       used 58014K, capacity 59768K, committed 59924K, reserved 1101824K
  class space    used 6570K, capacity 6955K, committed 6976K, reserved 1048576K
}
2020-05-19T15:24:52.583+0000: 17249.520: Total time for which application threads were stopped: 0.0151355 seconds, Stopping threads took: 0.0000632 seconds
{Heap before GC invocations=591 (full 35):
 par new generation   total 109248K, used 109248K [0x00000000e0000000, 0x00000000e8000000, 0x00000000e8000000)
  eden space 87424K, 100% used [0x00000000e0000000, 0x00000000e5560000, 0x00000000e5560000)
  from space 21824K, 100% used [0x00000000e6ab0000, 0x00000000e8000000, 0x00000000e8000000)
  to   space 21824K,   0% used [0x00000000e5560000, 0x00000000e5560000, 0x00000000e6ab0000)
 concurrent mark-sweep generation total 393216K, used 93183K [0x00000000e8000000, 0x0000000100000000, 0x0000000100000000)
 Metaspace       used 58014K, capacity 59768K, committed 59924K, reserved 1101824K
  class space    used 6570K, capacity 6955K, committed 6976K, reserved 1048576K
2020-05-19T15:24:52.662+0000: 17249.599: [GC (Allocation Failure) 2020-05-19T15:24:52.662+0000: 17249.599: [ParNew
Desired survivor size 20112992 bytes, new threshold 7 (max 8)
- age   1:    4047680 bytes,    4047680 total
- age   2:    4435344 bytes,    8483024 total
- age   3:    4996224 bytes,   13479248 total
- age   4:      72392 bytes,   13551640 total
- age   5:    3818096 bytes,   17369736 total
- age   6:    2179160 bytes,   19548896 total
- age   7:    1011808 bytes,   20560704 total
: 109248K->21824K(109248K), 0.0132481 secs] 202431K->122690K(502464K), 0.0133196 secs] [Times: user=0.06 sys=0.00, real=0.01 secs] 
Heap after GC invocations=592 (full 35):
 par new generation   total 109248K, used 21824K [0x00000000e0000000, 0x00000000e8000000, 0x00000000e8000000)
  eden space 87424K,   0% used [0x00000000e0000000, 0x00000000e0000000, 0x00000000e5560000)
  from space 21824K, 100% used [0x00000000e5560000, 0x00000000e6ab0000, 0x00000000e6ab0000)
  to   space 21824K,   0% used [0x00000000e6ab0000, 0x00000000e6ab0000, 0x00000000e8000000)
 concurrent mark-sweep generation total 393216K, used 100866K [0x00000000e8000000, 0x0000000100000000, 0x0000000100000000)
 Metaspace       used 58014K, capacity 59768K, committed 59924K, reserved 1101824K
  class space    used 6570K, capacity 6955K, committed 6976K, reserved 1048576K
}
2020-05-19T15:24:52.676+0000: 17249.612: Total time for which application threads were stopped: 0.0135546 seconds, Stopping threads took: 0.0000548 seconds
2020-05-19T15:24:53.526+0000: 17250.463: Total time for which application threads were stopped: 0.0001567 seconds, Stopping threads took: 0.0000402 seconds
2020-05-19T15:24:53.549+0000: 17250.487: Total time for which application threads were stopped: 0.0001567 seconds, Stopping threads took: 0.0000699 seconds
2020-05-19T15:24:53.550+0000: 17250.487: Total time for which application threads were stopped: 0.0000969 seconds, Stopping threads took: 0.0000386 seconds
2020-05-19T15:24:56.750+0000: 17253.687: Total time for which application threads were stopped: 0.0001744 seconds, Stopping threads took: 0.0000850 seconds
2020-05-19T15:24:56.750+0000: 17253.687: Total time for which application threads were stopped: 0.0001375 seconds, Stopping threads took: 0.0000565 seconds
{Heap before GC invocations=592 (full 35):
 par new generation   total 109248K, used 109248K [0x00000000e0000000, 0x00000000e8000000, 0x00000000e8000000)
  eden space 87424K, 100% used [0x00000000e0000000, 0x00000000e5560000, 0x00000000e5560000)
  from space 21824K, 100% used [0x00000000e5560000, 0x00000000e6ab0000, 0x00000000e6ab0000)
  to   space 21824K,   0% used [0x00000000e6ab0000, 0x00000000e6ab0000, 0x00000000e8000000)
 concurrent mark-sweep generation total 393216K, used 100866K [0x00000000e8000000, 0x0000000100000000, 0x0000000100000000)
 Metaspace       used 58014K, capacity 59768K, committed 59924K, reserved 1101824K
  class space    used 6570K, capacity 6955K, committed 6976K, reserved 1048576K
2020-05-19T15:24:56.818+0000: 17253.756: [GC (Allocation Failure) 2020-05-19T15:24:56.818+0000: 17253.756: [ParNew
Desired survivor size 20112992 bytes, new threshold 7 (max 8)
- age   1:    5469000 bytes,    5469000 total
- age   2:    2784376 bytes,    8253376 total
- age   3:    4390144 bytes,   12643520 total
- age   4:    2486720 bytes,   15130240 total
- age   5:      24376 bytes,   15154616 total
- age   6:    3818136 bytes,   18972752 total
- age   7:    2179160 bytes,   21151912 total
: 109248K->21824K(109248K), 0.0152501 secs] 210114K->130338K(502464K), 0.0153221 secs] [Times: user=0.06 sys=0.00, real=0.02 secs] 
Heap after GC invocations=593 (full 35):
 par new generation   total 109248K, used 21824K [0x00000000e0000000, 0x00000000e8000000, 0x00000000e8000000)
  eden space 87424K,   0% used [0x00000000e0000000, 0x00000000e0000000, 0x00000000e5560000)
  from space 21824K, 100% used [0x00000000e6ab0000, 0x00000000e8000000, 0x00000000e8000000)
  to   space 21824K,   0% used [0x00000000e5560000, 0x00000000e5560000, 0x00000000e6ab0000)
 concurrent mark-sweep generation total 393216K, used 108514K [0x00000000e8000000, 0x0000000100000000, 0x0000000100000000)
 Metaspace       used 58014K, capacity 59768K, committed 59924K, reserved 1101824K
  class space    used 6570K, capacity 6955K, committed 6976K, reserved 1048576K
}
2020-05-19T15:24:56.834+0000: 17253.771: Total time for which application threads were stopped: 0.0155521 seconds, Stopping threads took: 0.0000563 seconds
2020-05-19T15:24:56.859+0000: 17253.796: Total time for which application threads were stopped: 0.0002655 seconds, Stopping threads took: 0.0000517 seconds
{Heap before GC invocations=593 (full 35):
 par new generation   total 109248K, used 109248K [0x00000000e0000000, 0x00000000e8000000, 0x00000000e8000000)
  eden space 87424K, 100% used [0x00000000e0000000, 0x00000000e5560000, 0x00000000e5560000)
  from space 21824K, 100% used [0x00000000e6ab0000, 0x00000000e8000000, 0x00000000e8000000)
  to   space 21824K,   0% used [0x00000000e5560000, 0x00000000e5560000, 0x00000000e6ab0000)
 concurrent mark-sweep generation total 393216K, used 108514K [0x00000000e8000000, 0x0000000100000000, 0x0000000100000000)
 Metaspace       used 58014K, capacity 59768K, committed 59924K, reserved 1101824K
  class space    used 6570K, capacity 6955K, committed 6976K, reserved 1048576K
2020-05-19T15:24:56.914+0000: 17253.851: [GC (Allocation Failure) 2020-05-19T15:24:56.914+0000: 17253.851: [ParNew
Desired survivor size 20112992 bytes, new threshold 7 (max 8)
- age   1:    5564728 bytes,    5564728 total
- age   2:    3744344 bytes,    9309072 total
- age   3:    2572920 bytes,   11881992 total
- age   4:    4110376 bytes,   15992368 total
- age   5:    2481608 bytes,   18473976 total
- age   6:      24120 bytes,   18498096 total
- age   7:    3814912 bytes,   22313008 total
: 109248K->21824K(109248K), 0.0135753 secs] 217762K->137181K(502464K), 0.0136600 secs] [Times: user=0.02 sys=0.00, real=0.01 secs] 
Heap after GC invocations=594 (full 35):
 par new generation   total 109248K, used 21824K [0x00000000e0000000, 0x00000000e8000000, 0x00000000e8000000)
  eden space 87424K,   0% used [0x00000000e0000000, 0x00000000e0000000, 0x00000000e5560000)
  from space 21824K, 100% used [0x00000000e5560000, 0x00000000e6ab0000, 0x00000000e6ab0000)
  to   space 21824K,   0% used [0x00000000e6ab0000, 0x00000000e6ab0000, 0x00000000e8000000)
 concurrent mark-sweep generation total 393216K, used 115357K [0x00000000e8000000, 0x0000000100000000, 0x0000000100000000)
 Metaspace       used 58014K, capacity 59768K, committed 59924K, reserved 1101824K
  class space    used 6570K, capacity 6955K, committed 6976K, reserved 1048576K
}
2020-05-19T15:24:56.927+0000: 17253.864: Total time for which application threads were stopped: 0.0138980 seconds, Stopping threads took: 0.0000631 seconds
{Heap before GC invocations=594 (full 35):
 par new generation   total 109248K, used 109248K [0x00000000e0000000, 0x00000000e8000000, 0x00000000e8000000)
  eden space 87424K, 100% used [0x00000000e0000000, 0x00000000e5560000, 0x00000000e5560000)
  from space 21824K, 100% used [0x00000000e5560000, 0x00000000e6ab0000, 0x00000000e6ab0000)
  to   space 21824K,   0% used [0x00000000e6ab0000, 0x00000000e6ab0000, 0x00000000e8000000)
 concurrent mark-sweep generation total 393216K, used 115357K [0x00000000e8000000, 0x0000000100000000, 0x0000000100000000)
 Metaspace       used 58014K, capacity 59768K, committed 59924K, reserved 1101824K
  class space    used 6570K, capacity 6955K, committed 6976K, reserved 1048576K
2020-05-19T15:24:56.999+0000: 17253.936: [GC (Allocation Failure) 2020-05-19T15:24:56.999+0000: 17253.936: [ParNew
Desired survivor size 20112992 bytes, new threshold 6 (max 8)
- age   1:    5128672 bytes,    5128672 total
- age   2:    4309056 bytes,    9437728 total
- age   3:    3735008 bytes,   13172736 total
- age   4:    2572920 bytes,   15745656 total
- age   5:    4110376 bytes,   19856032 total
- age   6:    2462616 bytes,   22318648 total
- age   7:      24120 bytes,   22342768 total
: 109248K->21824K(109248K), 0.0168403 secs] 224605K->148111K(502464K), 0.0169120 secs] [Times: user=0.06 sys=0.00, real=0.02 secs] 
Heap after GC invocations=595 (full 35):
 par new generation   total 109248K, used 21824K [0x00000000e0000000, 0x00000000e8000000, 0x00000000e8000000)
  eden space 87424K,   0% used [0x00000000e0000000, 0x00000000e0000000, 0x00000000e5560000)
  from space 21824K, 100% used [0x00000000e6ab0000, 0x00000000e8000000, 0x00000000e8000000)
  to   space 21824K,   0% used [0x00000000e5560000, 0x00000000e5560000, 0x00000000e6ab0000)
 concurrent mark-sweep generation total 393216K, used 126287K [0x00000000e8000000, 0x0000000100000000, 0x0000000100000000)
 Metaspace       used 58014K, capacity 59768K, committed 59924K, reserved 1101824K
  class space    used 6570K, capacity 6955K, committed 6976K, reserved 1048576K
}
2020-05-19T15:24:57.016+0000: 17253.953: Total time for which application threads were stopped: 0.0171551 seconds, Stopping threads took: 0.0000656 seconds
2020-05-19T15:24:57.609+0000: 17254.547: Total time for which application threads were stopped: 0.0002766 seconds, Stopping threads took: 0.0000753 seconds
2020-05-19T15:24:57.611+0000: 17254.547: Total time for which application threads were stopped: 0.0001668 seconds, Stopping threads took: 0.0001009 seconds
2020-05-19T15:25:04.708+0000: 17261.645: Total time for which application threads were stopped: 0.0001816 seconds, Stopping threads took: 0.0001110 seconds
2020-05-19T15:25:04.710+0000: 17261.647: Total time for which application threads were stopped: 0.0002060 seconds, Stopping threads took: 0.0001161 seconds
2020-05-19T15:25:04.710+0000: 17261.647: Total time for which application threads were stopped: 0.0001261 seconds, Stopping threads took: 0.0000463 seconds
2020-05-19T15:25:04.717+0000: 17261.654: Total time for which application threads were stopped: 0.0001422 seconds, Stopping threads took: 0.0000555 seconds
{Heap before GC invocations=595 (full 35):
 par new generation   total 109248K, used 109248K [0x00000000e0000000, 0x00000000e8000000, 0x00000000e8000000)
  eden space 87424K, 100% used [0x00000000e0000000, 0x00000000e5560000, 0x00000000e5560000)
  from space 21824K, 100% used [0x00000000e6ab0000, 0x00000000e8000000, 0x00000000e8000000)
  to   space 21824K,   0% used [0x00000000e5560000, 0x00000000e5560000, 0x00000000e6ab0000)
 concurrent mark-sweep generation total 393216K, used 126287K [0x00000000e8000000, 0x0000000100000000, 0x0000000100000000)
 Metaspace       used 58014K, capacity 59768K, committed 59924K, reserved 1101824K
  class space    used 6570K, capacity 6955K, committed 6976K, reserved 1048576K
2020-05-19T15:25:04.756+0000: 17261.694: [GC (Allocation Failure) 2020-05-19T15:25:04.757+0000: 17261.694: [ParNew
Desired survivor size 20112992 bytes, new threshold 6 (max 8)
- age   1:    5154184 bytes,    5154184 total
- age   2:    3066656 bytes,    8220840 total
- age   3:    4052224 bytes,   12273064 total
- age   4:    3487336 bytes,   15760400 total
- age   5:    2572840 bytes,   18333240 total
- age   6:    2588176 bytes,   20921416 total
: 109248K->21824K(109248K), 0.0143455 secs] 235535K->155251K(502464K), 0.0144482 secs] [Times: user=0.06 sys=0.00, real=0.01 secs] 
Heap after GC invocations=596 (full 35):
 par new generation   total 109248K, used 21824K [0x00000000e0000000, 0x00000000e8000000, 0x00000000e8000000)
  eden space 87424K,   0% used [0x00000000e0000000, 0x00000000e0000000, 0x00000000e5560000)
  from space 21824K, 100% used [0x00000000e5560000, 0x00000000e6ab0000, 0x00000000e6ab0000)
  to   space 21824K,   0% used [0x00000000e6ab0000, 0x00000000e6ab0000, 0x00000000e8000000)
 concurrent mark-sweep generation total 393216K, used 133427K [0x00000000e8000000, 0x0000000100000000, 0x0000000100000000)
 Metaspace       used 58014K, capacity 59768K, committed 59924K, reserved 1101824K
  class space    used 6570K, capacity 6955K, committed 6976K, reserved 1048576K
}
2020-05-19T15:25:04.771+0000: 17261.708: Total time for which application threads were stopped: 0.0147086 seconds, Stopping threads took: 0.0000516 seconds
2020-05-19T15:25:04.834+0000: 17261.771: Total time for which application threads were stopped: 0.0001456 seconds, Stopping threads took: 0.0000556 seconds
{Heap before GC invocations=596 (full 35):
 par new generation   total 109248K, used 109248K [0x00000000e0000000, 0x00000000e8000000, 0x00000000e8000000)
  eden space 87424K, 100% used [0x00000000e0000000, 0x00000000e5560000, 0x00000000e5560000)
  from space 21824K, 100% used [0x00000000e5560000, 0x00000000e6ab0000, 0x00000000e6ab0000)
  to   space 21824K,   0% used [0x00000000e6ab0000, 0x00000000e6ab0000, 0x00000000e8000000)
 concurrent mark-sweep generation total 393216K, used 133427K [0x00000000e8000000, 0x0000000100000000, 0x0000000100000000)
 Metaspace       used 58014K, capacity 59768K, committed 59924K, reserved 1101824K
  class space    used 6570K, capacity 6955K, committed 6976K, reserved 1048576K
2020-05-19T15:25:04.858+0000: 17261.795: [GC (Allocation Failure) 2020-05-19T15:25:04.858+0000: 17261.795: [ParNew
Desired survivor size 20112992 bytes, new threshold 6 (max 8)
- age   1:    6684768 bytes,    6684768 total
- age   2:    3590048 bytes,   10274816 total
- age   3:    3054136 bytes,   13328952 total
- age   4:    2650776 bytes,   15979728 total
- age   5:    3487272 bytes,   19467000 total
- age   6:    2572840 bytes,   22039840 total
: 109248K->21824K(109248K), 0.0153548 secs] 242675K->163126K(502464K), 0.0154141 secs] [Times: user=0.06 sys=0.00, real=0.01 secs] 
Heap after GC invocations=597 (full 35):
 par new generation   total 109248K, used 21824K [0x00000000e0000000, 0x00000000e8000000, 0x00000000e8000000)
  eden space 87424K,   0% used [0x00000000e0000000, 0x00000000e0000000, 0x00000000e5560000)
  from space 21824K, 100% used [0x00000000e6ab0000, 0x00000000e8000000, 0x00000000e8000000)
  to   space 21824K,   0% used [0x00000000e5560000, 0x00000000e5560000, 0x00000000e6ab0000)
 concurrent mark-sweep generation total 393216K, used 141302K [0x00000000e8000000, 0x0000000100000000, 0x0000000100000000)
 Metaspace       used 58014K, capacity 59768K, committed 59924K, reserved 1101824K
  class space    used 6570K, capacity 6955K, committed 6976K, reserved 1048576K
}
2020-05-19T15:25:04.873+0000: 17261.810: Total time for which application threads were stopped: 0.0156352 seconds, Stopping threads took: 0.0000543 seconds
{Heap before GC invocations=597 (full 35):
 par new generation   total 109248K, used 109248K [0x00000000e0000000, 0x00000000e8000000, 0x00000000e8000000)
  eden space 87424K, 100% used [0x00000000e0000000, 0x00000000e5560000, 0x00000000e5560000)
  from space 21824K, 100% used [0x00000000e6ab0000, 0x00000000e8000000, 0x00000000e8000000)
  to   space 21824K,   0% used [0x00000000e5560000, 0x00000000e5560000, 0x00000000e6ab0000)
 concurrent mark-sweep generation total 393216K, used 141302K [0x00000000e8000000, 0x0000000100000000, 0x0000000100000000)
 Metaspace       used 58014K, capacity 59768K, committed 59924K, reserved 1101824K
  class space    used 6570K, capacity 6955K, committed 6976K, reserved 1048576K
2020-05-19T15:25:04.952+0000: 17261.889: [GC (Allocation Failure) 2020-05-19T15:25:04.952+0000: 17261.889: [ParNew
Desired survivor size 20112992 bytes, new threshold 6 (max 8)
- age   1:    4358976 bytes,    4358976 total
- age   2:    4675120 bytes,    9034096 total
- age   3:    3469688 bytes,   12503784 total
- age   4:    3014296 bytes,   15518080 total
- age   5:    2642256 bytes,   18160336 total
- age   6:    3486928 bytes,   21647264 total
: 109248K->21824K(109248K), 0.0152186 secs] 250550K->172105K(502464K), 0.0152906 secs] [Times: user=0.06 sys=0.00, real=0.02 secs] 
Heap after GC invocations=598 (full 35):
 par new generation   total 109248K, used 21824K [0x00000000e0000000, 0x00000000e8000000, 0x00000000e8000000)
  eden space 87424K,   0% used [0x00000000e0000000, 0x00000000e0000000, 0x00000000e5560000)
  from space 21824K, 100% used [0x00000000e5560000, 0x00000000e6ab0000, 0x00000000e6ab0000)
  to   space 21824K,   0% used [0x00000000e6ab0000, 0x00000000e6ab0000, 0x00000000e8000000)
 concurrent mark-sweep generation total 393216K, used 150281K [0x00000000e8000000, 0x0000000100000000, 0x0000000100000000)
 Metaspace       used 58014K, capacity 59768K, committed 59924K, reserved 1101824K
  class space    used 6570K, capacity 6955K, committed 6976K, reserved 1048576K
}
2020-05-19T15:25:04.967+0000: 17261.904: Total time for which application threads were stopped: 0.0155371 seconds, Stopping threads took: 0.0000627 seconds
{Heap before GC invocations=598 (full 35):
 par new generation   total 109248K, used 109248K [0x00000000e0000000, 0x00000000e8000000, 0x00000000e8000000)
  eden space 87424K, 100% used [0x00000000e0000000, 0x00000000e5560000, 0x00000000e5560000)
  from space 21824K, 100% used [0x00000000e5560000, 0x00000000e6ab0000, 0x00000000e6ab0000)
  to   space 21824K,   0% used [0x00000000e6ab0000, 0x00000000e6ab0000, 0x00000000e8000000)
 concurrent mark-sweep generation total 393216K, used 150281K [0x00000000e8000000, 0x0000000100000000, 0x0000000100000000)
 Metaspace       used 58014K, capacity 59768K, committed 59924K, reserved 1101824K
  class space    used 6570K, capacity 6955K, committed 6976K, reserved 1048576K
2020-05-19T15:25:05.042+0000: 17261.979: [GC (Allocation Failure) 2020-05-19T15:25:05.042+0000: 17261.979: [ParNew
Desired survivor size 20112992 bytes, new threshold 6 (max 8)
- age   1:    5489624 bytes,    5489624 total
- age   2:    2723120 bytes,    8212744 total
- age   3:    4017544 bytes,   12230288 total
- age   4:    3436576 bytes,   15666864 total
- age   5:    2800472 bytes,   18467336 total
- age   6:    2633632 bytes,   21100968 total
: 109248K->21824K(109248K), 0.0155161 secs] 259529K->181045K(502464K), 0.0155857 secs] [Times: user=0.06 sys=0.00, real=0.02 secs] 
Heap after GC invocations=599 (full 35):
 par new generation   total 109248K, used 21824K [0x00000000e0000000, 0x00000000e8000000, 0x00000000e8000000)
  eden space 87424K,   0% used [0x00000000e0000000, 0x00000000e0000000, 0x00000000e5560000)
  from space 21824K, 100% used [0x00000000e6ab0000, 0x00000000e8000000, 0x00000000e8000000)
  to   space 21824K,   0% used [0x00000000e5560000, 0x00000000e5560000, 0x00000000e6ab0000)
 concurrent mark-sweep generation total 393216K, used 159221K [0x00000000e8000000, 0x0000000100000000, 0x0000000100000000)
 Metaspace       used 58014K, capacity 59768K, committed 59924K, reserved 1101824K
  class space    used 6570K, capacity 6955K, committed 6976K, reserved 1048576K
}
2020-05-19T15:25:05.058+0000: 17261.995: Total time for which application threads were stopped: 0.0158203 seconds, Stopping threads took: 0.0000594 seconds
2020-05-19T15:25:05.664+0000: 17262.601: Total time for which application threads were stopped: 0.0001663 seconds, Stopping threads took: 0.0000966 seconds
2020-05-19T15:25:05.665+0000: 17262.602: Total time for which application threads were stopped: 0.0001053 seconds, Stopping threads took: 0.0000394 seconds
2020-05-19T15:25:10.474+0000: 17267.411: Total time for which application threads were stopped: 0.0001803 seconds, Stopping threads took: 0.0001127 seconds
2020-05-19T15:25:10.477+0000: 17267.413: Total time for which application threads were stopped: 0.0001648 seconds, Stopping threads took: 0.0000632 seconds
2020-05-19T15:25:10.477+0000: 17267.414: Total time for which application threads were stopped: 0.0002566 seconds, Stopping threads took: 0.0001512 seconds
{Heap before GC invocations=599 (full 35):
 par new generation   total 109248K, used 109248K [0x00000000e0000000, 0x00000000e8000000, 0x00000000e8000000)
  eden space 87424K, 100% used [0x00000000e0000000, 0x00000000e5560000, 0x00000000e5560000)
  from space 21824K, 100% used [0x00000000e6ab0000, 0x00000000e8000000, 0x00000000e8000000)
  to   space 21824K,   0% used [0x00000000e5560000, 0x00000000e5560000, 0x00000000e6ab0000)
 concurrent mark-sweep generation total 393216K, used 159221K [0x00000000e8000000, 0x0000000100000000, 0x0000000100000000)
 Metaspace       used 58015K, capacity 59768K, committed 59924K, reserved 1101824K
  class space    used 6570K, capacity 6955K, committed 6976K, reserved 1048576K
2020-05-19T15:25:10.569+0000: 17267.506: [GC (Allocation Failure) 2020-05-19T15:25:10.569+0000: 17267.506: [ParNew
Desired survivor size 20112992 bytes, new threshold 6 (max 8)
- age   1:    5722368 bytes,    5722368 total
- age   2:    3614256 bytes,    9336624 total
- age   3:    2719296 bytes,   12055920 total
- age   4:    4041424 bytes,   16097344 total
- age   5:    3373456 bytes,   19470800 total
- age   6:    2800472 bytes,   22271272 total
: 109248K->21824K(109248K), 0.0162435 secs] 268469K->188465K(502464K), 0.0163197 secs] [Times: user=0.06 sys=0.00, real=0.02 secs] 
Heap after GC invocations=600 (full 35):
 par new generation   total 109248K, used 21824K [0x00000000e0000000, 0x00000000e8000000, 0x00000000e8000000)
  eden space 87424K,   0% used [0x00000000e0000000, 0x00000000e0000000, 0x00000000e5560000)
  from space 21824K, 100% used [0x00000000e5560000, 0x00000000e6ab0000, 0x00000000e6ab0000)
  to   space 21824K,   0% used [0x00000000e6ab0000, 0x00000000e6ab0000, 0x00000000e8000000)
 concurrent mark-sweep generation total 393216K, used 166641K [0x00000000e8000000, 0x0000000100000000, 0x0000000100000000)
 Metaspace       used 58015K, capacity 59768K, committed 59924K, reserved 1101824K
  class space    used 6570K, capacity 6955K, committed 6976K, reserved 1048576K
}
2020-05-19T15:25:10.585+0000: 17267.522: Total time for which application threads were stopped: 0.0165574 seconds, Stopping threads took: 0.0000609 seconds
2020-05-19T15:25:10.596+0000: 17267.533: Total time for which application threads were stopped: 0.0001540 seconds, Stopping threads took: 0.0000596 seconds
{Heap before GC invocations=600 (full 35):
 par new generation   total 109248K, used 109248K [0x00000000e0000000, 0x00000000e8000000, 0x00000000e8000000)
  eden space 87424K, 100% used [0x00000000e0000000, 0x00000000e5560000, 0x00000000e5560000)
  from space 21824K, 100% used [0x00000000e5560000, 0x00000000e6ab0000, 0x00000000e6ab0000)
  to   space 21824K,   0% used [0x00000000e6ab0000, 0x00000000e6ab0000, 0x00000000e8000000)
 concurrent mark-sweep generation total 393216K, used 166641K [0x00000000e8000000, 0x0000000100000000, 0x0000000100000000)
 Metaspace       used 58015K, capacity 59768K, committed 59924K, reserved 1101824K
  class space    used 6570K, capacity 6955K, committed 6976K, reserved 1048576K
2020-05-19T15:25:10.668+0000: 17267.605: [GC (Allocation Failure) 2020-05-19T15:25:10.668+0000: 17267.605: [ParNew
Desired survivor size 20112992 bytes, new threshold 6 (max 8)
- age   1:    4985856 bytes,    4985856 total
- age   2:    4570640 bytes,    9556496 total
- age   3:    2825320 bytes,   12381816 total
- age   4:    2714112 bytes,   15095928 total
- age   5:    4006488 bytes,   19102416 total
- age   6:    3219424 bytes,   22321840 total
: 109248K->21824K(109248K), 0.0169634 secs] 275889K->199566K(502464K), 0.0170305 secs] [Times: user=0.06 sys=0.00, real=0.02 secs] 
Heap after GC invocations=601 (full 35):
 par new generation   total 109248K, used 21824K [0x00000000e0000000, 0x00000000e8000000, 0x00000000e8000000)
  eden space 87424K,   0% used [0x00000000e0000000, 0x00000000e0000000, 0x00000000e5560000)
  from space 21824K, 100% used [0x00000000e6ab0000, 0x00000000e8000000, 0x00000000e8000000)
  to   space 21824K,   0% used [0x00000000e5560000, 0x00000000e5560000, 0x00000000e6ab0000)
 concurrent mark-sweep generation total 393216K, used 177742K [0x00000000e8000000, 0x0000000100000000, 0x0000000100000000)
 Metaspace       used 58015K, capacity 59768K, committed 59924K, reserved 1101824K
  class space    used 6570K, capacity 6955K, committed 6976K, reserved 1048576K
}
2020-05-19T15:25:10.685+0000: 17267.622: Total time for which application threads were stopped: 0.0172916 seconds, Stopping threads took: 0.0000883 seconds
{Heap before GC invocations=601 (full 35):
 par new generation   total 109248K, used 109248K [0x00000000e0000000, 0x00000000e8000000, 0x00000000e8000000)
  eden space 87424K, 100% used [0x00000000e0000000, 0x00000000e5560000, 0x00000000e5560000)
  from space 21824K, 100% used [0x00000000e6ab0000, 0x00000000e8000000, 0x00000000e8000000)
  to   space 21824K,   0% used [0x00000000e5560000, 0x00000000e5560000, 0x00000000e6ab0000)
 concurrent mark-sweep generation total 393216K, used 177742K [0x00000000e8000000, 0x0000000100000000, 0x0000000100000000)
 Metaspace       used 58015K, capacity 59768K, committed 59924K, reserved 1101824K
  class space    used 6570K, capacity 6955K, committed 6976K, reserved 1048576K
2020-05-19T15:25:10.760+0000: 17267.696: [GC (Allocation Failure) 2020-05-19T15:25:10.760+0000: 17267.697: [ParNew
Desired survivor size 20112992 bytes, new threshold 6 (max 8)
- age   1:    4812904 bytes,    4812904 total
- age   2:    3868560 bytes,    8681464 total
- age   3:    4570424 bytes,   13251888 total
- age   4:    2825320 bytes,   16077208 total
- age   5:    2714112 bytes,   18791320 total
- age   6:    3539072 bytes,   22330392 total
: 109248K->21824K(109248K), 0.0150580 secs] 286990K->210270K(502464K), 0.0151267 secs] [Times: user=0.03 sys=0.01, real=0.02 secs] 
Heap after GC invocations=602 (full 35):
 par new generation   total 109248K, used 21824K [0x00000000e0000000, 0x00000000e8000000, 0x00000000e8000000)
  eden space 87424K,   0% used [0x00000000e0000000, 0x00000000e0000000, 0x00000000e5560000)
  from space 21824K, 100% used [0x00000000e5560000, 0x00000000e6ab0000, 0x00000000e6ab0000)
  to   space 21824K,   0% used [0x00000000e6ab0000, 0x00000000e6ab0000, 0x00000000e8000000)
 concurrent mark-sweep generation total 393216K, used 188446K [0x00000000e8000000, 0x0000000100000000, 0x0000000100000000)
 Metaspace       used 58015K, capacity 59768K, committed 59924K, reserved 1101824K
  class space    used 6570K, capacity 6955K, committed 6976K, reserved 1048576K
}
2020-05-19T15:25:10.775+0000: 17267.712: Total time for which application threads were stopped: 0.0153590 seconds, Stopping threads took: 0.0000570 seconds
2020-05-19T15:25:11.388+0000: 17268.325: Total time for which application threads were stopped: 0.0002374 seconds, Stopping threads took: 0.0000440 seconds
2020-05-19T15:25:17.159+0000: 17274.096: Total time for which application threads were stopped: 0.0001865 seconds, Stopping threads took: 0.0001192 seconds
2020-05-19T15:25:17.162+0000: 17274.099: Total time for which application threads were stopped: 0.0002149 seconds, Stopping threads took: 0.0001058 seconds
{Heap before GC invocations=602 (full 35):
 par new generation   total 109248K, used 109122K [0x00000000e0000000, 0x00000000e8000000, 0x00000000e8000000)
  eden space 87424K,  99% used [0x00000000e0000000, 0x00000000e5540860, 0x00000000e5560000)
  from space 21824K, 100% used [0x00000000e5560000, 0x00000000e6ab0000, 0x00000000e6ab0000)
  to   space 21824K,   0% used [0x00000000e6ab0000, 0x00000000e6ab0000, 0x00000000e8000000)
 concurrent mark-sweep generation total 393216K, used 188446K [0x00000000e8000000, 0x0000000100000000, 0x0000000100000000)
 Metaspace       used 58022K, capacity 59768K, committed 59924K, reserved 1101824K
  class space    used 6570K, capacity 6955K, committed 6976K, reserved 1048576K
2020-05-19T15:25:17.232+0000: 17274.169: [GC (Allocation Failure) 2020-05-19T15:25:17.232+0000: 17274.169: [ParNew
Desired survivor size 20112992 bytes, new threshold 6 (max 8)
- age   1:    3203032 bytes,    3203032 total
- age   2:    3636168 bytes,    6839200 total
- age   3:    3545296 bytes,   10384496 total
- age   4:    4314224 bytes,   14698720 total
- age   5:    2726936 bytes,   17425656 total
- age   6:    2703120 bytes,   20128776 total
: 109122K->21824K(109248K), 0.0156771 secs] 297568K->220190K(502464K), 0.0158166 secs] [Times: user=0.06 sys=0.00, real=0.02 secs] 
Heap after GC invocations=603 (full 35):
 par new generation   total 109248K, used 21824K [0x00000000e0000000, 0x00000000e8000000, 0x00000000e8000000)
  eden space 87424K,   0% used [0x00000000e0000000, 0x00000000e0000000, 0x00000000e5560000)
  from space 21824K, 100% used [0x00000000e6ab0000, 0x00000000e8000000, 0x00000000e8000000)
  to   space 21824K,   0% used [0x00000000e5560000, 0x00000000e5560000, 0x00000000e6ab0000)
 concurrent mark-sweep generation total 393216K, used 198366K [0x00000000e8000000, 0x0000000100000000, 0x0000000100000000)
 Metaspace       used 58022K, capacity 59768K, committed 59924K, reserved 1101824K
  class space    used 6570K, capacity 6955K, committed 6976K, reserved 1048576K
}
2020-05-19T15:25:17.248+0000: 17274.185: Total time for which application threads were stopped: 0.0161505 seconds, Stopping threads took: 0.0000472 seconds
2020-05-19T15:25:17.248+0000: 17274.185: [GC (CMS Initial Mark) [1 CMS-initial-mark: 198366K(393216K)] 220418K(502464K), 0.0037684 secs] [Times: user=0.00 sys=0.00, real=0.00 secs] 
2020-05-19T15:25:17.252+0000: 17274.189: Total time for which application threads were stopped: 0.0039853 seconds, Stopping threads took: 0.0000850 seconds
2020-05-19T15:25:17.252+0000: 17274.189: [CMS-concurrent-mark-start]
2020-05-19T15:25:17.275+0000: 17274.213: [CMS-concurrent-mark: 0.024/0.024 secs] [Times: user=0.13 sys=0.00, real=0.02 secs] 
2020-05-19T15:25:17.275+0000: 17274.213: [CMS-concurrent-preclean-start]
2020-05-19T15:25:17.277+0000: 17274.214: [CMS-concurrent-preclean: 0.001/0.001 secs] [Times: user=0.00 sys=0.00, real=0.00 secs] 
2020-05-19T15:25:17.277+0000: 17274.215: [GC (CMS Final Remark) [YG occupancy: 23872 K (109248 K)]{Heap before GC invocations=603 (full 36):
 par new generation   total 109248K, used 23872K [0x00000000e0000000, 0x00000000e8000000, 0x00000000e8000000)
  eden space 87424K,   2% used [0x00000000e0000000, 0x00000000e02001f0, 0x00000000e5560000)
  from space 21824K, 100% used [0x00000000e6ab0000, 0x00000000e8000000, 0x00000000e8000000)
  to   space 21824K,   0% used [0x00000000e5560000, 0x00000000e5560000, 0x00000000e6ab0000)
 concurrent mark-sweep generation total 393216K, used 198366K [0x00000000e8000000, 0x0000000100000000, 0x0000000100000000)
 Metaspace       used 58022K, capacity 59768K, committed 59924K, reserved 1101824K
  class space    used 6570K, capacity 6955K, committed 6976K, reserved 1048576K
2020-05-19T15:25:17.277+0000: 17274.215: [GC (CMS Final Remark) 2020-05-19T15:25:17.277+0000: 17274.215: [ParNew
Desired survivor size 20112992 bytes, new threshold 8 (max 8)
- age   1:     614864 bytes,     614864 total
- age   2:    3031600 bytes,    3646464 total
- age   3:    3636128 bytes,    7282592 total
- age   4:    3545232 bytes,   10827824 total
- age   5:    4314000 bytes,   15141824 total
- age   6:    2726936 bytes,   17868760 total
: 23872K->21824K(109248K), 0.0104689 secs] 222239K->222840K(502464K), 0.0105411 secs] [Times: user=0.00 sys=0.00, real=0.01 secs] 
Heap after GC invocations=604 (full 36):
 par new generation   total 109248K, used 21824K [0x00000000e0000000, 0x00000000e8000000, 0x00000000e8000000)
  eden space 87424K,   0% used [0x00000000e0000000, 0x00000000e0000000, 0x00000000e5560000)
  from space 21824K, 100% used [0x00000000e5560000, 0x00000000e6ab0000, 0x00000000e6ab0000)
  to   space 21824K,   0% used [0x00000000e6ab0000, 0x00000000e6ab0000, 0x00000000e8000000)
 concurrent mark-sweep generation total 393216K, used 201016K [0x00000000e8000000, 0x0000000100000000, 0x0000000100000000)
 Metaspace       used 58022K, capacity 59768K, committed 59924K, reserved 1101824K
  class space    used 6570K, capacity 6955K, committed 6976K, reserved 1048576K
}
2020-05-19T15:25:17.288+0000: 17274.225: [Rescan (parallel) , 0.0044370 secs]2020-05-19T15:25:17.292+0000: 17274.230: [weak refs processing, 0.0037082 secs]2020-05-19T15:25:17.296+0000: 17274.233: [class unloading, 0.0118166 secs]2020-05-19T15:25:17.308+0000: 17274.245: [scrub symbol table, 0.0092409 secs]2020-05-19T15:25:17.317+0000: 17274.255: [scrub string table, 0.0006099 secs][1 CMS-remark: 201016K(393216K)] 222840K(502464K), 0.0407277 secs] [Times: user=0.08 sys=0.00, real=0.04 secs] 
2020-05-19T15:25:17.318+0000: 17274.255: Total time for which application threads were stopped: 0.0409843 seconds, Stopping threads took: 0.0000859 seconds
2020-05-19T15:25:17.318+0000: 17274.255: [CMS-concurrent-sweep-start]
2020-05-19T15:25:17.374+0000: 17274.311: Total time for which application threads were stopped: 0.0001386 seconds, Stopping threads took: 0.0000501 seconds
2020-05-19T15:25:17.383+0000: 17274.320: [CMS-concurrent-sweep: 0.064/0.064 secs] [Times: user=0.25 sys=0.00, real=0.06 secs] 
2020-05-19T15:25:17.383+0000: 17274.320: [CMS-concurrent-reset-start]
2020-05-19T15:25:17.383+0000: 17274.320: [CMS-concurrent-reset: 0.001/0.001 secs] [Times: user=0.00 sys=0.00, real=0.00 secs] 
{Heap before GC invocations=604 (full 36):
 par new generation   total 109248K, used 109248K [0x00000000e0000000, 0x00000000e8000000, 0x00000000e8000000)
  eden space 87424K, 100% used [0x00000000e0000000, 0x00000000e5560000, 0x00000000e5560000)
  from space 21824K, 100% used [0x00000000e5560000, 0x00000000e6ab0000, 0x00000000e6ab0000)
  to   space 21824K,   0% used [0x00000000e6ab0000, 0x00000000e6ab0000, 0x00000000e8000000)
 concurrent mark-sweep generation total 393216K, used 82483K [0x00000000e8000000, 0x0000000100000000, 0x0000000100000000)
 Metaspace       used 58022K, capacity 59768K, committed 59924K, reserved 1101824K
  class space    used 6570K, capacity 6955K, committed 6976K, reserved 1048576K
2020-05-19T15:25:17.422+0000: 17274.359: [GC (Allocation Failure) 2020-05-19T15:25:17.422+0000: 17274.359: [ParNew
Desired survivor size 20112992 bytes, new threshold 7 (max 8)
- age   1:    6704464 bytes,    6704464 total
- age   2:       8416 bytes,    6712880 total
- age   3:    1697832 bytes,    8410712 total
- age   4:    3610424 bytes,   12021136 total
- age   5:    3543480 bytes,   15564616 total
- age   6:    4250744 bytes,   19815360 total
- age   7:    2459992 bytes,   22275352 total
: 109248K->21824K(109248K), 0.0112134 secs] 191731K->106868K(502464K), 0.0112692 secs] [Times: user=0.06 sys=0.00, real=0.01 secs] 
Heap after GC invocations=605 (full 36):
 par new generation   total 109248K, used 21824K [0x00000000e0000000, 0x00000000e8000000, 0x00000000e8000000)
  eden space 87424K,   0% used [0x00000000e0000000, 0x00000000e0000000, 0x00000000e5560000)
  from space 21824K, 100% used [0x00000000e6ab0000, 0x00000000e8000000, 0x00000000e8000000)
  to   space 21824K,   0% used [0x00000000e5560000, 0x00000000e5560000, 0x00000000e6ab0000)
 concurrent mark-sweep generation total 393216K, used 85044K [0x00000000e8000000, 0x0000000100000000, 0x0000000100000000)
 Metaspace       used 58022K, capacity 59768K, committed 59924K, reserved 1101824K
  class space    used 6570K, capacity 6955K, committed 6976K, reserved 1048576K
}
2020-05-19T15:25:17.433+0000: 17274.370: Total time for which application threads were stopped: 0.0115028 seconds, Stopping threads took: 0.0000565 seconds
{Heap before GC invocations=605 (full 36):
 par new generation   total 109248K, used 109248K [0x00000000e0000000, 0x00000000e8000000, 0x00000000e8000000)
  eden space 87424K, 100% used [0x00000000e0000000, 0x00000000e5560000, 0x00000000e5560000)
  from space 21824K, 100% used [0x00000000e6ab0000, 0x00000000e8000000, 0x00000000e8000000)
  to   space 21824K,   0% used [0x00000000e5560000, 0x00000000e5560000, 0x00000000e6ab0000)
 concurrent mark-sweep generation total 393216K, used 85044K [0x00000000e8000000, 0x0000000100000000, 0x0000000100000000)
 Metaspace       used 58023K, capacity 59768K, committed 59924K, reserved 1101824K
  class space    used 6571K, capacity 6955K, committed 6976K, reserved 1048576K
2020-05-19T15:25:17.512+0000: 17274.449: [GC (Allocation Failure) 2020-05-19T15:25:17.512+0000: 17274.449: [ParNew
Desired survivor size 20112992 bytes, new threshold 7 (max 8)
- age   1:    3713656 bytes,    3713656 total
- age   2:    5087608 bytes,    8801264 total
- age   3:       8376 bytes,    8809640 total
- age   4:    1697632 bytes,   10507272 total
- age   5:    3610216 bytes,   14117488 total
- age   6:    3543480 bytes,   17660968 total
- age   7:    4250744 bytes,   21911712 total
: 109248K->21824K(109248K), 0.0149317 secs] 194292K->115343K(502464K), 0.0150109 secs] [Times: user=0.03 sys=0.00, real=0.01 secs] 
Heap after GC invocations=606 (full 36):
 par new generation   total 109248K, used 21824K [0x00000000e0000000, 0x00000000e8000000, 0x00000000e8000000)
  eden space 87424K,   0% used [0x00000000e0000000, 0x00000000e0000000, 0x00000000e5560000)
  from space 21824K, 100% used [0x00000000e5560000, 0x00000000e6ab0000, 0x00000000e6ab0000)
  to   space 21824K,   0% used [0x00000000e6ab0000, 0x00000000e6ab0000, 0x00000000e8000000)
 concurrent mark-sweep generation total 393216K, used 93519K [0x00000000e8000000, 0x0000000100000000, 0x0000000100000000)
 Metaspace       used 58023K, capacity 59768K, committed 59924K, reserved 1101824K
  class space    used 6571K, capacity 6955K, committed 6976K, reserved 1048576K
}
2020-05-19T15:25:17.527+0000: 17274.464: Total time for which application threads were stopped: 0.0152788 seconds, Stopping threads took: 0.0000515 seconds
2020-05-19T15:25:19.044+0000: 17275.981: Total time for which application threads were stopped: 0.0002306 seconds, Stopping threads took: 0.0001609 seconds
2020-05-19T15:25:19.047+0000: 17275.984: Total time for which application threads were stopped: 0.0004166 seconds, Stopping threads took: 0.0000717 seconds
{Heap before GC invocations=606 (full 36):
 par new generation   total 109248K, used 109248K [0x00000000e0000000, 0x00000000e8000000, 0x00000000e8000000)
  eden space 87424K, 100% used [0x00000000e0000000, 0x00000000e5560000, 0x00000000e5560000)
  from space 21824K, 100% used [0x00000000e5560000, 0x00000000e6ab0000, 0x00000000e6ab0000)
  to   space 21824K,   0% used [0x00000000e6ab0000, 0x00000000e6ab0000, 0x00000000e8000000)
 concurrent mark-sweep generation total 393216K, used 93519K [0x00000000e8000000, 0x0000000100000000, 0x0000000100000000)
 Metaspace       used 58042K, capacity 59768K, committed 59924K, reserved 1101824K
  class space    used 6571K, capacity 6955K, committed 6976K, reserved 1048576K
2020-05-19T15:25:19.078+0000: 17276.015: [GC (Allocation Failure) 2020-05-19T15:25:19.078+0000: 17276.015: [ParNew
Desired survivor size 20112992 bytes, new threshold 8 (max 8)
- age   1:    3261608 bytes,    3261608 total
- age   2:    1907344 bytes,    5168952 total
- age   3:    4180296 bytes,    9349248 total
- age   4:       8376 bytes,    9357624 total
- age   5:    1646208 bytes,   11003832 total
- age   6:    3610216 bytes,   14614048 total
- age   7:    3543480 bytes,   18157528 total
: 109248K->21260K(109248K), 0.0113390 secs] 202767K->118963K(502464K), 0.0113980 secs] [Times: user=0.06 sys=0.00, real=0.01 secs] 
Heap after GC invocations=607 (full 36):
 par new generation   total 109248K, used 21260K [0x00000000e0000000, 0x00000000e8000000, 0x00000000e8000000)
  eden space 87424K,   0% used [0x00000000e0000000, 0x00000000e0000000, 0x00000000e5560000)
  from space 21824K,  97% used [0x00000000e6ab0000, 0x00000000e7f732e0, 0x00000000e8000000)
  to   space 21824K,   0% used [0x00000000e5560000, 0x00000000e5560000, 0x00000000e6ab0000)
 concurrent mark-sweep generation total 393216K, used 97703K [0x00000000e8000000, 0x0000000100000000, 0x0000000100000000)
 Metaspace       used 58042K, capacity 59768K, committed 59924K, reserved 1101824K
  class space    used 6571K, capacity 6955K, committed 6976K, reserved 1048576K
}
2020-05-19T15:25:19.090+0000: 17276.026: Total time for which application threads were stopped: 0.0116424 seconds, Stopping threads took: 0.0000449 seconds
2020-05-19T15:25:19.154+0000: 17276.091: Total time for which application threads were stopped: 0.0001409 seconds, Stopping threads took: 0.0000543 seconds
{Heap before GC invocations=607 (full 36):
 par new generation   total 109248K, used 108684K [0x00000000e0000000, 0x00000000e8000000, 0x00000000e8000000)
  eden space 87424K, 100% used [0x00000000e0000000, 0x00000000e5560000, 0x00000000e5560000)
  from space 21824K,  97% used [0x00000000e6ab0000, 0x00000000e7f732e0, 0x00000000e8000000)
  to   space 21824K,   0% used [0x00000000e5560000, 0x00000000e5560000, 0x00000000e6ab0000)
 concurrent mark-sweep generation total 393216K, used 97703K [0x00000000e8000000, 0x0000000100000000, 0x0000000100000000)
 Metaspace       used 58042K, capacity 59768K, committed 59924K, reserved 1101824K
  class space    used 6571K, capacity 6955K, committed 6976K, reserved 1048576K
2020-05-19T15:25:19.166+0000: 17276.102: [GC (Allocation Failure) 2020-05-19T15:25:19.166+0000: 17276.102: [ParNew
Desired survivor size 20112992 bytes, new threshold 8 (max 8)
- age   1:    6430984 bytes,    6430984 total
- age   2:     387584 bytes,    6818568 total
- age   3:    1800344 bytes,    8618912 total
- age   4:    3954776 bytes,   12573688 total
- age   5:       8376 bytes,   12582064 total
- age   6:    1565424 bytes,   14147488 total
- age   7:    3610216 bytes,   17757704 total
- age   8:    3543480 bytes,   21301184 total
: 108684K->21824K(109248K), 0.0133180 secs] 206387K->123894K(502464K), 0.0133894 secs] [Times: user=0.00 sys=0.00, real=0.01 secs] 
Heap after GC invocations=608 (full 36):
 par new generation   total 109248K, used 21824K [0x00000000e0000000, 0x00000000e8000000, 0x00000000e8000000)
  eden space 87424K,   0% used [0x00000000e0000000, 0x00000000e0000000, 0x00000000e5560000)
  from space 21824K, 100% used [0x00000000e5560000, 0x00000000e6ab0000, 0x00000000e6ab0000)
  to   space 21824K,   0% used [0x00000000e6ab0000, 0x00000000e6ab0000, 0x00000000e8000000)
 concurrent mark-sweep generation total 393216K, used 102070K [0x00000000e8000000, 0x0000000100000000, 0x0000000100000000)
 Metaspace       used 58042K, capacity 59768K, committed 59924K, reserved 1101824K
  class space    used 6571K, capacity 6955K, committed 6976K, reserved 1048576K
}
2020-05-19T15:25:19.179+0000: 17276.116: Total time for which application threads were stopped: 0.0136456 seconds, Stopping threads took: 0.0000541 seconds
2020-05-19T15:25:19.179+0000: 17276.116: Total time for which application threads were stopped: 0.0002147 seconds, Stopping threads took: 0.0000621 seconds
2020-05-19T15:25:19.180+0000: 17276.116: Total time for which application threads were stopped: 0.0001595 seconds, Stopping threads took: 0.0000441 seconds
{Heap before GC invocations=608 (full 36):
 par new generation   total 109248K, used 109248K [0x00000000e0000000, 0x00000000e8000000, 0x00000000e8000000)
  eden space 87424K, 100% used [0x00000000e0000000, 0x00000000e5560000, 0x00000000e5560000)
  from space 21824K, 100% used [0x00000000e5560000, 0x00000000e6ab0000, 0x00000000e6ab0000)
  to   space 21824K,   0% used [0x00000000e6ab0000, 0x00000000e6ab0000, 0x00000000e8000000)
 concurrent mark-sweep generation total 393216K, used 102070K [0x00000000e8000000, 0x0000000100000000, 0x0000000100000000)
 Metaspace       used 58042K, capacity 59768K, committed 59924K, reserved 1101824K
  class space    used 6571K, capacity 6955K, committed 6976K, reserved 1048576K
2020-05-19T15:25:19.267+0000: 17276.205: [GC (Allocation Failure) 2020-05-19T15:25:19.267+0000: 17276.205: [ParNew
Desired survivor size 20112992 bytes, new threshold 8 (max 8)
- age   1:    7029448 bytes,    7029448 total
- age   2:    4640288 bytes,   11669736 total
- age   3:     361760 bytes,   12031496 total
- age   4:    1800264 bytes,   13831760 total
- age   5:    3327120 bytes,   17158880 total
- age   6:       8376 bytes,   17167256 total
- age   7:    1565144 bytes,   18732400 total
- age   8:    3610216 bytes,   22342616 total
: 109248K->21824K(109248K), 0.0158875 secs] 211318K->133180K(502464K), 0.0159605 secs] [Times: user=0.06 sys=0.00, real=0.02 secs] 
Heap after GC invocations=609 (full 36):
 par new generation   total 109248K, used 21824K [0x00000000e0000000, 0x00000000e8000000, 0x00000000e8000000)
  eden space 87424K,   0% used [0x00000000e0000000, 0x00000000e0000000, 0x00000000e5560000)
  from space 21824K, 100% used [0x00000000e6ab0000, 0x00000000e8000000, 0x00000000e8000000)
  to   space 21824K,   0% used [0x00000000e5560000, 0x00000000e5560000, 0x00000000e6ab0000)
 concurrent mark-sweep generation total 393216K, used 111356K [0x00000000e8000000, 0x0000000100000000, 0x0000000100000000)
 Metaspace       used 58042K, capacity 59768K, committed 59924K, reserved 1101824K
  class space    used 6571K, capacity 6955K, committed 6976K, reserved 1048576K
}
2020-05-19T15:25:19.283+0000: 17276.221: Total time for which application threads were stopped: 0.0162522 seconds, Stopping threads took: 0.0000592 seconds
{Heap before GC invocations=609 (full 36):
 par new generation   total 109248K, used 109248K [0x00000000e0000000, 0x00000000e8000000, 0x00000000e8000000)
  eden space 87424K, 100% used [0x00000000e0000000, 0x00000000e5560000, 0x00000000e5560000)
  from space 21824K, 100% used [0x00000000e6ab0000, 0x00000000e8000000, 0x00000000e8000000)
  to   space 21824K,   0% used [0x00000000e5560000, 0x00000000e5560000, 0x00000000e6ab0000)
 concurrent mark-sweep generation total 393216K, used 111356K [0x00000000e8000000, 0x0000000100000000, 0x0000000100000000)
 Metaspace       used 58042K, capacity 59768K, committed 59924K, reserved 1101824K
  class space    used 6571K, capacity 6955K, committed 6976K, reserved 1048576K
2020-05-19T15:25:19.369+0000: 17276.306: [GC (Allocation Failure) 2020-05-19T15:25:19.369+0000: 17276.306: [ParNew
Desired survivor size 20112992 bytes, new threshold 6 (max 8)
- age   1:    5008264 bytes,    5008264 total
- age   2:    5561392 bytes,   10569656 total
- age   3:    4583048 bytes,   15152704 total
- age   4:     361160 bytes,   15513864 total
- age   5:    1798632 bytes,   17312496 total
- age   6:    3298576 bytes,   20611072 total
- age   7:       8376 bytes,   20619448 total
- age   8:    1562536 bytes,   22181984 total
: 109248K->21824K(109248K), 0.0165722 secs] 220604K->142052K(502464K), 0.0166329 secs] [Times: user=0.06 sys=0.00, real=0.02 secs] 
Heap after GC invocations=610 (full 36):
 par new generation   total 109248K, used 21824K [0x00000000e0000000, 0x00000000e8000000, 0x00000000e8000000)
  eden space 87424K,   0% used [0x00000000e0000000, 0x00000000e0000000, 0x00000000e5560000)
  from space 21824K, 100% used [0x00000000e5560000, 0x00000000e6ab0000, 0x00000000e6ab0000)
  to   space 21824K,   0% used [0x00000000e6ab0000, 0x00000000e6ab0000, 0x00000000e8000000)
 concurrent mark-sweep generation total 393216K, used 120228K [0x00000000e8000000, 0x0000000100000000, 0x0000000100000000)
 Metaspace       used 58042K, capacity 59768K, committed 59924K, reserved 1101824K
  class space    used 6571K, capacity 6955K, committed 6976K, reserved 1048576K
}
2020-05-19T15:25:19.385+0000: 17276.322: Total time for which application threads were stopped: 0.0168641 seconds, Stopping threads took: 0.0000561 seconds
2020-05-19T15:25:20.089+0000: 17277.026: Total time for which application threads were stopped: 0.0001945 seconds, Stopping threads took: 0.0000616 seconds
2020-05-19T15:25:20.089+0000: 17277.026: Total time for which application threads were stopped: 0.0001070 seconds, Stopping threads took: 0.0000357 seconds
2020-05-19T15:25:23.490+0000: 17280.427: Total time for which application threads were stopped: 0.0001944 seconds, Stopping threads took: 0.0001205 seconds
2020-05-19T15:25:23.503+0000: 17280.440: Total time for which application threads were stopped: 0.0002128 seconds, Stopping threads took: 0.0001223 seconds
2020-05-19T15:25:23.503+0000: 17280.440: Total time for which application threads were stopped: 0.0001630 seconds, Stopping threads took: 0.0000568 seconds
{Heap before GC invocations=610 (full 36):
 par new generation   total 109248K, used 109248K [0x00000000e0000000, 0x00000000e8000000, 0x00000000e8000000)
  eden space 87424K, 100% used [0x00000000e0000000, 0x00000000e5560000, 0x00000000e5560000)
  from space 21824K, 100% used [0x00000000e5560000, 0x00000000e6ab0000, 0x00000000e6ab0000)
  to   space 21824K,   0% used [0x00000000e6ab0000, 0x00000000e6ab0000, 0x00000000e8000000)
 concurrent mark-sweep generation total 393216K, used 120228K [0x00000000e8000000, 0x0000000100000000, 0x0000000100000000)
 Metaspace       used 58043K, capacity 59768K, committed 59924K, reserved 1101824K
  class space    used 6571K, capacity 6955K, committed 6976K, reserved 1048576K
